C:[29/10/2012 16:02:16.01][172.16.8.247][1219] SELECT pre_cod_asig1,pre_cod_asig2,pre_cod_asig3,pre_cod_asig4,pre_cod_asig5,pre_cod_asig6,pre_cod_asig7 FROM tblaca009 WHERE pensum='5' AND c_uni_ca='2' AND c_asigna='300222' [1][0] OK
C:[29/10/2012 16:02:16.01][172.16.8.247][1232] SELECT c_asigna FROM dace004 WHERE exp_e='12-19302647' AND c_asigna='300112' AND status IN ('0','3','B') [1][0] OK
C:[29/10/2012 16:02:16.01][172.16.8.247][1219] SELECT pre_cod_asig1,pre_cod_asig2,pre_cod_asig3,pre_cod_asig4,pre_cod_asig5,pre_cod_asig6,pre_cod_asig7 FROM tblaca009 WHERE pensum='5' AND c_uni_ca='2' AND c_asigna='300207' [1][0] OK
C:[29/10/2012 16:02:16.01][172.16.8.247][1232] SELECT c_asigna FROM dace004 WHERE exp_e='12-19302647' AND c_asigna='300101' AND status IN ('0','3','B') [1][0] OK
C:[29/10/2012 16:02:16.01][172.16.8.247][1219] SELECT pre_cod_asig1,pre_cod_asig2,pre_cod_asig3,pre_cod_asig4,pre_cod_asig5,pre_cod_asig6,pre_cod_asig7 FROM tblaca009 WHERE pensum='5' AND c_uni_ca='2' AND c_asigna='300209' [1][0] OK
C:[29/10/2012 16:02:16.01][172.16.8.247][1232] SELECT c_asigna FROM dace004 WHERE exp_e='12-19302647' AND c_asigna='300101' AND status IN ('0','3','B') [1][0] OK
C:[29/10/2012 16:02:16.01][172.16.8.247][1219] SELECT pre_cod_asig1,pre_cod_asig2,pre_cod_asig3,pre_cod_asig4,pre_cod_asig5,pre_cod_asig6,pre_cod_asig7 FROM tblaca009 WHERE pensum='5' AND c_uni_ca='2' AND c_asigna='300213' [1][0] OK
C:[29/10/2012 16:02:16.01][172.16.8.247][1232] SELECT c_asigna FROM dace004 WHERE exp_e='12-19302647' AND c_asigna='300101' AND status IN ('0','3','B') [1][0] OK
C:[29/10/2012 16:02:16.01][172.16.8.247][1263] SELECT par_cod_asig1,par_cod_asig2,par_cod_asig3 FROM tblaca009 WHERE pensum='5' AND c_uni_ca='2' AND c_asigna='300222' [1][0] OK
C:[29/10/2012 16:02:16.01][172.16.8.247][1263] SELECT par_cod_asig1,par_cod_asig2,par_cod_asig3 FROM tblaca009 WHERE pensum='5' AND c_uni_ca='2' AND c_asigna='300207' [1][0] OK
C:[29/10/2012 16:02:16.01][172.16.8.247][1263] SELECT par_cod_asig1,par_cod_asig2,par_cod_asig3 FROM tblaca009 WHERE pensum='5' AND c_uni_ca='2' AND c_asigna='300209' [1][0] OK
C:[29/10/2012 16:02:16.01][172.16.8.247][1263] SELECT par_cod_asig1,par_cod_asig2,par_cod_asig3 FROM tblaca009 WHERE pensum='5' AND c_uni_ca='2' AND c_asigna='300213' [1][0] OK
C:[29/10/2012 16:02:16.01][172.16.8.247][1277] SELECT c_asigna FROM dace004 WHERE exp_e='12-19302647' AND c_asigna='300209' AND status IN ('0','3','B','C') [0][0] OK
C:[29/10/2012 16:31:55.77][172.16.8.125][1219] SELECT pre_cod_asig1,pre_cod_asig2,pre_cod_asig3,pre_cod_asig4,pre_cod_asig5,pre_cod_asig6,pre_cod_asig7 FROM tblaca009 WHERE pensum='5' AND c_uni_ca='3' AND c_asigna='300318' [1][0] OK
C:[29/10/2012 16:31:55.77][172.16.8.125][1232] SELECT c_asigna FROM dace004 WHERE exp_e='95-12005405' AND c_asigna='300228' AND status IN ('0','3','B') [1][0] OK
C:[29/10/2012 16:31:55.77][172.16.8.125][1232] SELECT c_asigna FROM dace004 WHERE exp_e='95-12005405' AND c_asigna='300207' AND status IN ('0','3','B') [1][0] OK
C:[29/10/2012 16:31:55.77][172.16.8.125][1232] SELECT c_asigna FROM dace004 WHERE exp_e='95-12005405' AND c_asigna='300218' AND status IN ('0','3','B') [1][0] OK
C:[29/10/2012 16:31:55.77][172.16.8.125][1219] SELECT pre_cod_asig1,pre_cod_asig2,pre_cod_asig3,pre_cod_asig4,pre_cod_asig5,pre_cod_asig6,pre_cod_asig7 FROM tblaca009 WHERE pensum='5' AND c_uni_ca='3' AND c_asigna='300226' [1][0] OK
C:[29/10/2012 16:31:55.77][172.16.8.125][1232] SELECT c_asigna FROM dace004 WHERE exp_e='95-12005405' AND c_asigna='300116' AND status IN ('0','3','B') [1][0] OK
C:[29/10/2012 16:31:55.52][172.16.8.125][1263] SELECT par_cod_asig1,par_cod_asig2,par_cod_asig3 FROM tblaca009 WHERE pensum='5' AND c_uni_ca='3' AND c_asigna='300318' [1][0] OK
C:[29/10/2012 16:31:55.52][172.16.8.125][1263] SELECT par_cod_asig1,par_cod_asig2,par_cod_asig3 FROM tblaca009 WHERE pensum='5' AND c_uni_ca='3' AND c_asigna='300226' [1][0] OK
C:[29/10/2012 17:01:09.85][172.16.9.4][1219] SELECT pre_cod_asig1,pre_cod_asig2,pre_cod_asig3,pre_cod_asig4,pre_cod_asig5,pre_cod_asig6,pre_cod_asig7 FROM tblaca009 WHERE pensum='5' AND c_uni_ca='3' AND c_asigna='300422' [1][0] OK
C:[29/10/2012 17:01:09.85][172.16.9.4][1232] SELECT c_asigna FROM dace004 WHERE exp_e='08-19719511' AND c_asigna='300105' AND status IN ('0','3','B') [1][0] OK
C:[29/10/2012 17:01:09.85][172.16.9.4][1232] SELECT c_asigna FROM dace004 WHERE exp_e='08-19719511' AND c_asigna='300314' AND status IN ('0','3','B') [1][0] OK
C:[29/10/2012 17:01:09.85][172.16.9.4][1219] SELECT pre_cod_asig1,pre_cod_asig2,pre_cod_asig3,pre_cod_asig4,pre_cod_asig5,pre_cod_asig6,pre_cod_asig7 FROM tblaca009 WHERE pensum='5' AND c_uni_ca='3' AND c_asigna='310548' [1][0] OK
C:[29/10/2012 17:01:09.85][172.16.9.4][1232] SELECT c_asigna FROM dace004 WHERE exp_e='08-19719511' AND c_asigna='300428' AND status IN ('0','3','B') [1][0] OK
C:[29/10/2012 17:01:09.85][172.16.9.4][1232] SELECT c_asigna FROM dace004 WHERE exp_e='08-19719511' AND c_asigna='300313' AND status IN ('0','3','B') [1][0] OK
C:[29/10/2012 17:01:09.85][172.16.9.4][1232] SELECT c_asigna FROM dace004 WHERE exp_e='08-19719511' AND c_asigna='300222' AND status IN ('0','3','B') [1][0] OK
C:[29/10/2012 17:01:09.85][172.16.9.4][1232] SELECT c_asigna FROM dace004 WHERE exp_e='08-19719511' AND c_asigna='300226' AND status IN ('0','3','B') [1][0] OK
C:[29/10/2012 17:01:09.85][172.16.9.4][1232] SELECT c_asigna FROM dace004 WHERE exp_e='08-19719511' AND c_asigna='300209' AND status IN ('0','3','B') [1][0] OK
C:[29/10/2012 17:01:09.85][172.16.9.4][1219] SELECT pre_cod_asig1,pre_cod_asig2,pre_cod_asig3,pre_cod_asig4,pre_cod_asig5,pre_cod_asig6,pre_cod_asig7 FROM tblaca009 WHERE pensum='5' AND c_uni_ca='3' AND c_asigna='311552' [1][0] OK
C:[29/10/2012 17:01:09.85][172.16.9.4][1232] SELECT c_asigna FROM dace004 WHERE exp_e='08-19719511' AND c_asigna='300317' AND status IN ('0','3','B') [1][0] OK
C:[29/10/2012 17:01:09.85][172.16.9.4][1232] SELECT c_asigna FROM dace004 WHERE exp_e='08-19719511' AND c_asigna='300209' AND status IN ('0','3','B') [1][0] OK
C:[29/10/2012 17:01:09.85][172.16.9.4][1219] SELECT pre_cod_asig1,pre_cod_asig2,pre_cod_asig3,pre_cod_asig4,pre_cod_asig5,pre_cod_asig6,pre_cod_asig7 FROM tblaca009 WHERE pensum='5' AND c_uni_ca='3' AND c_asigna='311673' [1][0] OK
C:[29/10/2012 17:01:09.85][172.16.9.4][1232] SELECT c_asigna FROM dace004 WHERE exp_e='08-19719511' AND c_asigna='311551' AND status IN ('0','3','B') [1][0] OK
C:[29/10/2012 17:01:09.85][172.16.9.4][1232] SELECT c_asigna FROM dace004 WHERE exp_e='08-19719511' AND c_asigna='311554' AND status IN ('0','3','B') [1][0] OK
C:[29/10/2012 17:01:09.85][172.16.9.4][1232] SELECT c_asigna FROM dace004 WHERE exp_e='08-19719511' AND c_asigna='311320' AND status IN ('0','3','B') [1][0] OK
C:[29/10/2012 17:01:09.85][172.16.9.4][1219] SELECT pre_cod_asig1,pre_cod_asig2,pre_cod_asig3,pre_cod_asig4,pre_cod_asig5,pre_cod_asig6,pre_cod_asig7 FROM tblaca009 WHERE pensum='5' AND c_uni_ca='3' AND c_asigna='312333' [1][0] OK
C:[29/10/2012 17:01:09.85][172.16.9.4][1232] SELECT c_asigna FROM dace004 WHERE exp_e='08-19719511' AND c_asigna='300228' AND status IN ('0','3','B') [1][0] OK
C:[29/10/2012 17:01:09.85][172.16.9.4][1219] SELECT pre_cod_asig1,pre_cod_asig2,pre_cod_asig3,pre_cod_asig4,pre_cod_asig5,pre_cod_asig6,pre_cod_asig7 FROM tblaca009 WHERE pensum='5' AND c_uni_ca='3' AND c_asigna='315552' [1][0] OK
C:[29/10/2012 17:01:09.85][172.16.9.4][1232] SELECT c_asigna FROM dace004 WHERE exp_e='08-19719511' AND c_asigna='311430' AND status IN ('0','3','B') [1][0] OK
C:[29/10/2012 17:01:09.85][172.16.9.4][1232] SELECT c_asigna FROM dace004 WHERE exp_e='08-19719511' AND c_asigna='300222' AND status IN ('0','3','B') [1][0] OK
C:[29/10/2012 17:01:09.85][172.16.9.4][1232] SELECT c_asigna FROM dace004 WHERE exp_e='08-19719511' AND c_asigna='300226' AND status IN ('0','3','B') [1][0] OK
C:[29/10/2012 17:01:09.85][172.16.9.4][1232] SELECT c_asigna FROM dace004 WHERE exp_e='08-19719511' AND c_asigna='300209' AND status IN ('0','3','B') [1][0] OK
C:[29/10/2012 17:01:10.72][172.16.9.4][1263] SELECT par_cod_asig1,par_cod_asig2,par_cod_asig3 FROM tblaca009 WHERE pensum='5' AND c_uni_ca='3' AND c_asigna='300422' [1][0] OK
C:[29/10/2012 17:01:10.72][172.16.9.4][1263] SELECT par_cod_asig1,par_cod_asig2,par_cod_asig3 FROM tblaca009 WHERE pensum='5' AND c_uni_ca='3' AND c_asigna='310548' [1][0] OK
C:[29/10/2012 17:01:10.72][172.16.9.4][1263] SELECT par_cod_asig1,par_cod_asig2,par_cod_asig3 FROM tblaca009 WHERE pensum='5' AND c_uni_ca='3' AND c_asigna='311552' [1][0] OK
C:[29/10/2012 17:01:10.72][172.16.9.4][1263] SELECT par_cod_asig1,par_cod_asig2,par_cod_asig3 FROM tblaca009 WHERE pensum='5' AND c_uni_ca='3' AND c_asigna='311673' [1][0] OK
C:[29/10/2012 17:01:10.72][172.16.9.4][1263] SELECT par_cod_asig1,par_cod_asig2,par_cod_asig3 FROM tblaca009 WHERE pensum='5' AND c_uni_ca='3' AND c_asigna='312333' [1][0] OK
C:[29/10/2012 17:01:10.72][172.16.9.4][1263] SELECT par_cod_asig1,par_cod_asig2,par_cod_asig3 FROM tblaca009 WHERE pensum='5' AND c_uni_ca='3' AND c_asigna='315552' [1][0] OK
C:[29/10/2012 17:01:10.48][172.16.9.4][1334] SELECT c_asigna FROM tblaca009 WHERE pensum='5' AND c_uni_ca='3' AND ((par_cod_asig1='311556') OR (par_cod_asig2='311556') OR (par_cod_asig3='311556'))  [0][0] OK
C:[29/10/2012 17:04:56.51][172.16.12.215][1219] SELECT pre_cod_asig1,pre_cod_asig2,pre_cod_asig3,pre_cod_asig4,pre_cod_asig5,pre_cod_asig6,pre_cod_asig7 FROM tblaca009 WHERE pensum='5' AND c_uni_ca='2' AND c_asigna='300317' [1][0] OK
C:[29/10/2012 17:04:56.51][172.16.12.215][1232] SELECT c_asigna FROM dace004 WHERE exp_e='08-20223682' AND c_asigna='300207' AND status IN ('0','3','B') [1][0] OK
C:[29/10/2012 17:04:56.51][172.16.12.215][1232] SELECT c_asigna FROM dace004 WHERE exp_e='08-20223682' AND c_asigna='300209' AND status IN ('0','3','B') [1][0] OK
C:[29/10/2012 17:04:56.51][172.16.12.215][1219] SELECT pre_cod_asig1,pre_cod_asig2,pre_cod_asig3,pre_cod_asig4,pre_cod_asig5,pre_cod_asig6,pre_cod_asig7 FROM tblaca009 WHERE pensum='5' AND c_uni_ca='2' AND c_asigna='320323' [1][0] OK
C:[29/10/2012 17:04:56.51][172.16.12.215][1232] SELECT c_asigna FROM dace004 WHERE exp_e='08-20223682' AND c_asigna='300228' AND status IN ('0','3','B') [1][0] OK
C:[29/10/2012 17:04:56.51][172.16.12.215][1232] SELECT c_asigna FROM dace004 WHERE exp_e='08-20223682' AND c_asigna='300218' AND status IN ('0','3','B') [1][0] OK
C:[29/10/2012 17:04:56.51][172.16.12.215][1219] SELECT pre_cod_asig1,pre_cod_asig2,pre_cod_asig3,pre_cod_asig4,pre_cod_asig5,pre_cod_asig6,pre_cod_asig7 FROM tblaca009 WHERE pensum='5' AND c_uni_ca='2' AND c_asigna='311561' [1][0] OK
C:[29/10/2012 17:04:56.51][172.16.12.215][1232] SELECT c_asigna FROM dace004 WHERE exp_e='08-20223682' AND c_asigna='300318' AND status IN ('0','3','B') [1][0] OK
C:[29/10/2012 17:04:56.51][172.16.12.215][1219] SELECT pre_cod_asig1,pre_cod_asig2,pre_cod_asig3,pre_cod_asig4,pre_cod_asig5,pre_cod_asig6,pre_cod_asig7 FROM tblaca009 WHERE pensum='5' AND c_uni_ca='2' AND c_asigna='322449' [1][0] OK
C:[29/10/2012 17:04:56.51][172.16.12.215][1232] SELECT c_asigna FROM dace004 WHERE exp_e='08-20223682' AND c_asigna='300222' AND status IN ('0','3','B') [1][0] OK
C:[29/10/2012 17:04:56.76][172.16.12.215][1263] SELECT par_cod_asig1,par_cod_asig2,par_cod_asig3 FROM tblaca009 WHERE pensum='5' AND c_uni_ca='2' AND c_asigna='300317' [1][0] OK
C:[29/10/2012 17:04:56.76][172.16.12.215][1263] SELECT par_cod_asig1,par_cod_asig2,par_cod_asig3 FROM tblaca009 WHERE pensum='5' AND c_uni_ca='2' AND c_asigna='320323' [1][0] OK
C:[29/10/2012 17:04:56.76][172.16.12.215][1263] SELECT par_cod_asig1,par_cod_asig2,par_cod_asig3 FROM tblaca009 WHERE pensum='5' AND c_uni_ca='2' AND c_asigna='311561' [1][0] OK
C:[29/10/2012 17:04:56.76][172.16.12.215][1263] SELECT par_cod_asig1,par_cod_asig2,par_cod_asig3 FROM tblaca009 WHERE pensum='5' AND c_uni_ca='2' AND c_asigna='322449' [1][0] OK
C:[29/10/2012 17:05:32.54][172.16.9.4][1219] SELECT pre_cod_asig1,pre_cod_asig2,pre_cod_asig3,pre_cod_asig4,pre_cod_asig5,pre_cod_asig6,pre_cod_asig7 FROM tblaca009 WHERE pensum='5' AND c_uni_ca='3' AND c_asigna='300422' [1][0] OK
C:[29/10/2012 17:05:32.54][172.16.9.4][1232] SELECT c_asigna FROM dace004 WHERE exp_e='08-19719511' AND c_asigna='300105' AND status IN ('0','3','B') [1][0] OK
C:[29/10/2012 17:05:32.54][172.16.9.4][1232] SELECT c_asigna FROM dace004 WHERE exp_e='08-19719511' AND c_asigna='300314' AND status IN ('0','3','B') [1][0] OK
C:[29/10/2012 17:05:32.54][172.16.9.4][1219] SELECT pre_cod_asig1,pre_cod_asig2,pre_cod_asig3,pre_cod_asig4,pre_cod_asig5,pre_cod_asig6,pre_cod_asig7 FROM tblaca009 WHERE pensum='5' AND c_uni_ca='3' AND c_asigna='311552' [1][0] OK
C:[29/10/2012 17:05:32.54][172.16.9.4][1232] SELECT c_asigna FROM dace004 WHERE exp_e='08-19719511' AND c_asigna='300317' AND status IN ('0','3','B') [1][0] OK
C:[29/10/2012 17:05:32.54][172.16.9.4][1232] SELECT c_asigna FROM dace004 WHERE exp_e='08-19719511' AND c_asigna='300209' AND status IN ('0','3','B') [1][0] OK
C:[29/10/2012 17:05:32.54][172.16.9.4][1219] SELECT pre_cod_asig1,pre_cod_asig2,pre_cod_asig3,pre_cod_asig4,pre_cod_asig5,pre_cod_asig6,pre_cod_asig7 FROM tblaca009 WHERE pensum='5' AND c_uni_ca='3' AND c_asigna='311556' [1][0] OK
C:[29/10/2012 17:05:32.54][172.16.9.4][1232] SELECT c_asigna FROM dace004 WHERE exp_e='08-19719511' AND c_asigna='311434' AND status IN ('0','3','B') [1][0] OK
C:[29/10/2012 17:05:32.54][172.16.9.4][1232] SELECT c_asigna FROM dace004 WHERE exp_e='08-19719511' AND c_asigna='300222' AND status IN ('0','3','B') [1][0] OK
C:[29/10/2012 17:05:32.54][172.16.9.4][1232] SELECT c_asigna FROM dace004 WHERE exp_e='08-19719511' AND c_asigna='300226' AND status IN ('0','3','B') [1][0] OK
C:[29/10/2012 17:05:32.54][172.16.9.4][1232] SELECT c_asigna FROM dace004 WHERE exp_e='08-19719511' AND c_asigna='300209' AND status IN ('0','3','B') [1][0] OK
C:[29/10/2012 17:05:32.54][172.16.9.4][1219] SELECT pre_cod_asig1,pre_cod_asig2,pre_cod_asig3,pre_cod_asig4,pre_cod_asig5,pre_cod_asig6,pre_cod_asig7 FROM tblaca009 WHERE pensum='5' AND c_uni_ca='3' AND c_asigna='311673' [1][0] OK
C:[29/10/2012 17:05:32.54][172.16.9.4][1232] SELECT c_asigna FROM dace004 WHERE exp_e='08-19719511' AND c_asigna='311551' AND status IN ('0','3','B') [1][0] OK
C:[29/10/2012 17:05:32.54][172.16.9.4][1232] SELECT c_asigna FROM dace004 WHERE exp_e='08-19719511' AND c_asigna='311554' AND status IN ('0','3','B') [1][0] OK
C:[29/10/2012 17:05:32.54][172.16.9.4][1232] SELECT c_asigna FROM dace004 WHERE exp_e='08-19719511' AND c_asigna='311320' AND status IN ('0','3','B') [1][0] OK
C:[29/10/2012 17:05:32.54][172.16.9.4][1219] SELECT pre_cod_asig1,pre_cod_asig2,pre_cod_asig3,pre_cod_asig4,pre_cod_asig5,pre_cod_asig6,pre_cod_asig7 FROM tblaca009 WHERE pensum='5' AND c_uni_ca='3' AND c_asigna='312333' [1][0] OK
C:[29/10/2012 17:05:32.54][172.16.9.4][1232] SELECT c_asigna FROM dace004 WHERE exp_e='08-19719511' AND c_asigna='300228' AND status IN ('0','3','B') [1][0] OK
C:[29/10/2012 17:05:32.54][172.16.9.4][1219] SELECT pre_cod_asig1,pre_cod_asig2,pre_cod_asig3,pre_cod_asig4,pre_cod_asig5,pre_cod_asig6,pre_cod_asig7 FROM tblaca009 WHERE pensum='5' AND c_uni_ca='3' AND c_asigna='315552' [1][0] OK
C:[29/10/2012 17:05:32.54][172.16.9.4][1232] SELECT c_asigna FROM dace004 WHERE exp_e='08-19719511' AND c_asigna='311430' AND status IN ('0','3','B') [1][0] OK
C:[29/10/2012 17:05:32.54][172.16.9.4][1232] SELECT c_asigna FROM dace004 WHERE exp_e='08-19719511' AND c_asigna='300222' AND status IN ('0','3','B') [1][0] OK
C:[29/10/2012 17:05:32.54][172.16.9.4][1232] SELECT c_asigna FROM dace004 WHERE exp_e='08-19719511' AND c_asigna='300226' AND status IN ('0','3','B') [1][0] OK
C:[29/10/2012 17:05:32.54][172.16.9.4][1232] SELECT c_asigna FROM dace004 WHERE exp_e='08-19719511' AND c_asigna='300209' AND status IN ('0','3','B') [1][0] OK
C:[29/10/2012 17:05:33.85][172.16.9.4][1263] SELECT par_cod_asig1,par_cod_asig2,par_cod_asig3 FROM tblaca009 WHERE pensum='5' AND c_uni_ca='3' AND c_asigna='300422' [1][0] OK
C:[29/10/2012 17:05:33.85][172.16.9.4][1263] SELECT par_cod_asig1,par_cod_asig2,par_cod_asig3 FROM tblaca009 WHERE pensum='5' AND c_uni_ca='3' AND c_asigna='311552' [1][0] OK
C:[29/10/2012 17:05:33.85][172.16.9.4][1263] SELECT par_cod_asig1,par_cod_asig2,par_cod_asig3 FROM tblaca009 WHERE pensum='5' AND c_uni_ca='3' AND c_asigna='311556' [1][0] OK
C:[29/10/2012 17:05:33.85][172.16.9.4][1277] SELECT c_asigna FROM dace004 WHERE exp_e='08-19719511' AND c_asigna='311551' AND status IN ('0','3','B','C') [1][0] OK
C:[29/10/2012 17:05:33.85][172.16.9.4][1263] SELECT par_cod_asig1,par_cod_asig2,par_cod_asig3 FROM tblaca009 WHERE pensum='5' AND c_uni_ca='3' AND c_asigna='311673' [1][0] OK
C:[29/10/2012 17:05:33.85][172.16.9.4][1263] SELECT par_cod_asig1,par_cod_asig2,par_cod_asig3 FROM tblaca009 WHERE pensum='5' AND c_uni_ca='3' AND c_asigna='312333' [1][0] OK
C:[29/10/2012 17:05:33.85][172.16.9.4][1263] SELECT par_cod_asig1,par_cod_asig2,par_cod_asig3 FROM tblaca009 WHERE pensum='5' AND c_uni_ca='3' AND c_asigna='315552' [1][0] OK
C:[29/10/2012 17:05:33.73][172.16.9.4][1334] SELECT c_asigna FROM tblaca009 WHERE pensum='5' AND c_uni_ca='3' AND ((par_cod_asig1='310548') OR (par_cod_asig2='310548') OR (par_cod_asig3='310548'))  [0][0] OK
C:[29/10/2012 19:33:51.59][172.16.8.125][1219] SELECT pre_cod_asig1,pre_cod_asig2,pre_cod_asig3,pre_cod_asig4,pre_cod_asig5,pre_cod_asig6,pre_cod_asig7 FROM tblaca009 WHERE pensum='5' AND c_uni_ca='2' AND c_asigna='300428' [1][0] OK
C:[29/10/2012 19:33:51.59][172.16.8.125][1232] SELECT c_asigna FROM dace004 WHERE exp_e='09-21122240' AND c_asigna='300317' AND status IN ('0','3','B') [1][0] OK
C:[29/10/2012 19:33:51.59][172.16.8.125][1232] SELECT c_asigna FROM dace004 WHERE exp_e='09-21122240' AND c_asigna='300209' AND status IN ('0','3','B') [1][0] OK
C:[29/10/2012 19:33:51.59][172.16.8.125][1219] SELECT pre_cod_asig1,pre_cod_asig2,pre_cod_asig3,pre_cod_asig4,pre_cod_asig5,pre_cod_asig6,pre_cod_asig7 FROM tblaca009 WHERE pensum='5' AND c_uni_ca='2' AND c_asigna='300213' [1][0] OK
C:[29/10/2012 19:33:51.59][172.16.8.125][1232] SELECT c_asigna FROM dace004 WHERE exp_e='09-21122240' AND c_asigna='300101' AND status IN ('0','3','B') [1][0] OK
C:[29/10/2012 19:33:51.59][172.16.8.125][1219] SELECT pre_cod_asig1,pre_cod_asig2,pre_cod_asig3,pre_cod_asig4,pre_cod_asig5,pre_cod_asig6,pre_cod_asig7 FROM tblaca009 WHERE pensum='5' AND c_uni_ca='2' AND c_asigna='300218' [1][0] OK
C:[29/10/2012 19:33:51.59][172.16.8.125][1219] SELECT pre_cod_asig1,pre_cod_asig2,pre_cod_asig3,pre_cod_asig4,pre_cod_asig5,pre_cod_asig6,pre_cod_asig7 FROM tblaca009 WHERE pensum='5' AND c_uni_ca='2' AND c_asigna='320311' [1][0] OK
C:[29/10/2012 19:33:51.59][172.16.8.125][1232] SELECT c_asigna FROM dace004 WHERE exp_e='09-21122240' AND c_asigna='300013' AND status IN ('0','3','B') [1][0] OK
C:[29/10/2012 19:33:51.59][172.16.8.125][1232] SELECT c_asigna FROM dace004 WHERE exp_e='09-21122240' AND c_asigna='300113' AND status IN ('0','3','B') [1][0] OK
C:[29/10/2012 19:33:51.59][172.16.8.125][1219] SELECT pre_cod_asig1,pre_cod_asig2,pre_cod_asig3,pre_cod_asig4,pre_cod_asig5,pre_cod_asig6,pre_cod_asig7 FROM tblaca009 WHERE pensum='5' AND c_uni_ca='2' AND c_asigna='322449' [1][0] OK
C:[29/10/2012 19:33:51.59][172.16.8.125][1232] SELECT c_asigna FROM dace004 WHERE exp_e='09-21122240' AND c_asigna='300222' AND status IN ('0','3','B') [1][0] OK
C:[29/10/2012 19:33:51.97][172.16.8.125][1263] SELECT par_cod_asig1,par_cod_asig2,par_cod_asig3 FROM tblaca009 WHERE pensum='5' AND c_uni_ca='2' AND c_asigna='300428' [1][0] OK
C:[29/10/2012 19:33:51.97][172.16.8.125][1263] SELECT par_cod_asig1,par_cod_asig2,par_cod_asig3 FROM tblaca009 WHERE pensum='5' AND c_uni_ca='2' AND c_asigna='300213' [1][0] OK
C:[29/10/2012 19:33:51.97][172.16.8.125][1277] SELECT c_asigna FROM dace004 WHERE exp_e='09-21122240' AND c_asigna='300209' AND status IN ('0','3','B','C') [1][0] OK
C:[29/10/2012 19:33:51.97][172.16.8.125][1263] SELECT par_cod_asig1,par_cod_asig2,par_cod_asig3 FROM tblaca009 WHERE pensum='5' AND c_uni_ca='2' AND c_asigna='300218' [1][0] OK
C:[29/10/2012 19:33:51.97][172.16.8.125][1277] SELECT c_asigna FROM dace004 WHERE exp_e='09-21122240' AND c_asigna='300228' AND status IN ('0','3','B','C') [1][0] OK
C:[29/10/2012 19:33:51.97][172.16.8.125][1263] SELECT par_cod_asig1,par_cod_asig2,par_cod_asig3 FROM tblaca009 WHERE pensum='5' AND c_uni_ca='2' AND c_asigna='320311' [1][0] OK
C:[29/10/2012 19:33:51.97][172.16.8.125][1263] SELECT par_cod_asig1,par_cod_asig2,par_cod_asig3 FROM tblaca009 WHERE pensum='5' AND c_uni_ca='2' AND c_asigna='322449' [1][0] OK
C:[30/10/2012 08:04:23.50][172.16.8.125][1219] SELECT pre_cod_asig1,pre_cod_asig2,pre_cod_asig3,pre_cod_asig4,pre_cod_asig5,pre_cod_asig6,pre_cod_asig7 FROM tblaca009 WHERE pensum='5' AND c_uni_ca='6' AND c_asigna='300226' [1][0] OK
C:[30/10/2012 08:04:23.50][172.16.8.125][1232] SELECT c_asigna FROM dace004 WHERE exp_e='09-22588130' AND c_asigna='300116' AND status IN ('0','3','B') [1][0] OK
C:[30/10/2012 08:04:23.50][172.16.8.125][1219] SELECT pre_cod_asig1,pre_cod_asig2,pre_cod_asig3,pre_cod_asig4,pre_cod_asig5,pre_cod_asig6,pre_cod_asig7 FROM tblaca009 WHERE pensum='5' AND c_uni_ca='6' AND c_asigna='300317' [1][0] OK
C:[30/10/2012 08:04:23.50][172.16.8.125][1232] SELECT c_asigna FROM dace004 WHERE exp_e='09-22588130' AND c_asigna='300207' AND status IN ('0','3','B') [1][0] OK
C:[30/10/2012 08:04:23.50][172.16.8.125][1232] SELECT c_asigna FROM dace004 WHERE exp_e='09-22588130' AND c_asigna='300209' AND status IN ('0','3','B') [1][0] OK
C:[30/10/2012 08:04:23.50][172.16.8.125][1219] SELECT pre_cod_asig1,pre_cod_asig2,pre_cod_asig3,pre_cod_asig4,pre_cod_asig5,pre_cod_asig6,pre_cod_asig7 FROM tblaca009 WHERE pensum='5' AND c_uni_ca='6' AND c_asigna='340327' [1][0] OK
C:[30/10/2012 08:04:23.50][172.16.8.125][1232] SELECT c_asigna FROM dace004 WHERE exp_e='09-22588130' AND c_asigna='300013' AND status IN ('0','3','B') [1][0] OK
C:[30/10/2012 08:04:23.50][172.16.8.125][1232] SELECT c_asigna FROM dace004 WHERE exp_e='09-22588130' AND c_asigna='300113' AND status IN ('0','3','B') [1][0] OK
C:[30/10/2012 08:04:23.50][172.16.8.125][1263] SELECT par_cod_asig1,par_cod_asig2,par_cod_asig3 FROM tblaca009 WHERE pensum='5' AND c_uni_ca='6' AND c_asigna='300226' [1][0] OK
C:[30/10/2012 08:04:23.50][172.16.8.125][1263] SELECT par_cod_asig1,par_cod_asig2,par_cod_asig3 FROM tblaca009 WHERE pensum='5' AND c_uni_ca='6' AND c_asigna='300317' [1][0] OK
C:[30/10/2012 08:04:23.50][172.16.8.125][1263] SELECT par_cod_asig1,par_cod_asig2,par_cod_asig3 FROM tblaca009 WHERE pensum='5' AND c_uni_ca='6' AND c_asigna='340327' [1][0] OK
C:[30/10/2012 08:07:04.59][172.16.8.125][1219] SELECT pre_cod_asig1,pre_cod_asig2,pre_cod_asig3,pre_cod_asig4,pre_cod_asig5,pre_cod_asig6,pre_cod_asig7 FROM tblaca009 WHERE pensum='5' AND c_uni_ca='6' AND c_asigna='300228' [1][0] OK
C:[30/10/2012 08:07:04.59][172.16.8.125][1232] SELECT c_asigna FROM dace004 WHERE exp_e='09-22588130' AND c_asigna='300101' AND status IN ('0','3','B') [1][0] OK
C:[30/10/2012 08:07:04.59][172.16.8.125][1219] SELECT pre_cod_asig1,pre_cod_asig2,pre_cod_asig3,pre_cod_asig4,pre_cod_asig5,pre_cod_asig6,pre_cod_asig7 FROM tblaca009 WHERE pensum='5' AND c_uni_ca='6' AND c_asigna='300226' [1][0] OK
C:[30/10/2012 08:07:04.59][172.16.8.125][1232] SELECT c_asigna FROM dace004 WHERE exp_e='09-22588130' AND c_asigna='300116' AND status IN ('0','3','B') [1][0] OK
C:[30/10/2012 08:07:04.59][172.16.8.125][1219] SELECT pre_cod_asig1,pre_cod_asig2,pre_cod_asig3,pre_cod_asig4,pre_cod_asig5,pre_cod_asig6,pre_cod_asig7 FROM tblaca009 WHERE pensum='5' AND c_uni_ca='6' AND c_asigna='300317' [1][0] OK
C:[30/10/2012 08:07:04.59][172.16.8.125][1232] SELECT c_asigna FROM dace004 WHERE exp_e='09-22588130' AND c_asigna='300207' AND status IN ('0','3','B') [1][0] OK
C:[30/10/2012 08:07:04.59][172.16.8.125][1232] SELECT c_asigna FROM dace004 WHERE exp_e='09-22588130' AND c_asigna='300209' AND status IN ('0','3','B') [1][0] OK
C:[30/10/2012 08:07:04.59][172.16.8.125][1219] SELECT pre_cod_asig1,pre_cod_asig2,pre_cod_asig3,pre_cod_asig4,pre_cod_asig5,pre_cod_asig6,pre_cod_asig7 FROM tblaca009 WHERE pensum='5' AND c_uni_ca='6' AND c_asigna='340327' [1][0] OK
C:[30/10/2012 08:07:04.59][172.16.8.125][1232] SELECT c_asigna FROM dace004 WHERE exp_e='09-22588130' AND c_asigna='300013' AND status IN ('0','3','B') [1][0] OK
C:[30/10/2012 08:07:04.59][172.16.8.125][1232] SELECT c_asigna FROM dace004 WHERE exp_e='09-22588130' AND c_asigna='300113' AND status IN ('0','3','B') [1][0] OK
C:[30/10/2012 08:07:04.84][172.16.8.125][1263] SELECT par_cod_asig1,par_cod_asig2,par_cod_asig3 FROM tblaca009 WHERE pensum='5' AND c_uni_ca='6' AND c_asigna='300228' [1][0] OK
C:[30/10/2012 08:07:04.84][172.16.8.125][1263] SELECT par_cod_asig1,par_cod_asig2,par_cod_asig3 FROM tblaca009 WHERE pensum='5' AND c_uni_ca='6' AND c_asigna='300226' [1][0] OK
C:[30/10/2012 08:07:04.84][172.16.8.125][1263] SELECT par_cod_asig1,par_cod_asig2,par_cod_asig3 FROM tblaca009 WHERE pensum='5' AND c_uni_ca='6' AND c_asigna='300317' [1][0] OK
C:[30/10/2012 08:07:04.84][172.16.8.125][1263] SELECT par_cod_asig1,par_cod_asig2,par_cod_asig3 FROM tblaca009 WHERE pensum='5' AND c_uni_ca='6' AND c_asigna='340327' [1][0] OK
C:[30/10/2012 08:27:23.02][172.16.8.245][1219] SELECT pre_cod_asig1,pre_cod_asig2,pre_cod_asig3,pre_cod_asig4,pre_cod_asig5,pre_cod_asig6,pre_cod_asig7 FROM tblaca009 WHERE pensum='5' AND c_uni_ca='3' AND c_asigna='315671' [1][0] OK
C:[30/10/2012 08:27:23.02][172.16.8.245][1232] SELECT c_asigna FROM dace004 WHERE exp_e='91-10940572' AND c_asigna='315552' AND status IN ('0','3','B') [1][0] OK
C:[30/10/2012 08:27:23.02][172.16.8.245][1219] SELECT pre_cod_asig1,pre_cod_asig2,pre_cod_asig3,pre_cod_asig4,pre_cod_asig5,pre_cod_asig6,pre_cod_asig7 FROM tblaca009 WHERE pensum='5' AND c_uni_ca='3' AND c_asigna='310548' [1][0] OK
C:[30/10/2012 08:27:23.02][172.16.8.245][1232] SELECT c_asigna FROM dace004 WHERE exp_e='91-10940572' AND c_asigna='300428' AND status IN ('0','3','B') [1][0] OK
C:[30/10/2012 08:27:23.02][172.16.8.245][1232] SELECT c_asigna FROM dace004 WHERE exp_e='91-10940572' AND c_asigna='300313' AND status IN ('0','3','B') [1][0] OK
C:[30/10/2012 08:27:23.02][172.16.8.245][1232] SELECT c_asigna FROM dace004 WHERE exp_e='91-10940572' AND c_asigna='300222' AND status IN ('0','3','B') [1][0] OK
C:[30/10/2012 08:27:23.02][172.16.8.245][1232] SELECT c_asigna FROM dace004 WHERE exp_e='91-10940572' AND c_asigna='300226' AND status IN ('0','3','B') [1][0] OK
C:[30/10/2012 08:27:23.02][172.16.8.245][1232] SELECT c_asigna FROM dace004 WHERE exp_e='91-10940572' AND c_asigna='300209' AND status IN ('0','3','B') [1][0] OK
C:[30/10/2012 08:27:24.02][172.16.8.245][1263] SELECT par_cod_asig1,par_cod_asig2,par_cod_asig3 FROM tblaca009 WHERE pensum='5' AND c_uni_ca='3' AND c_asigna='315671' [1][0] OK
C:[30/10/2012 08:27:24.02][172.16.8.245][1263] SELECT par_cod_asig1,par_cod_asig2,par_cod_asig3 FROM tblaca009 WHERE pensum='5' AND c_uni_ca='3' AND c_asigna='310548' [1][0] OK
C:[30/10/2012 08:36:19.35][172.16.8.250][1219] SELECT pre_cod_asig1,pre_cod_asig2,pre_cod_asig3,pre_cod_asig4,pre_cod_asig5,pre_cod_asig6,pre_cod_asig7 FROM tblaca009 WHERE pensum='5' AND c_uni_ca='3' AND c_asigna='315671' [1][0] OK
C:[30/10/2012 08:36:19.35][172.16.8.250][1232] SELECT c_asigna FROM dace004 WHERE exp_e='91-10940572' AND c_asigna='315552' AND status IN ('0','3','B') [1][0] OK
C:[30/10/2012 08:36:19.59][172.16.8.250][1263] SELECT par_cod_asig1,par_cod_asig2,par_cod_asig3 FROM tblaca009 WHERE pensum='5' AND c_uni_ca='3' AND c_asigna='315671' [1][0] OK
C:[30/10/2012 08:36:19.72][172.16.8.250][1334] SELECT c_asigna FROM tblaca009 WHERE pensum='5' AND c_uni_ca='3' AND ((par_cod_asig1='310548') OR (par_cod_asig2='310548') OR (par_cod_asig3='310548'))  [0][0] OK
C:[30/10/2012 08:36:27.93][172.16.12.119][1219] SELECT pre_cod_asig1,pre_cod_asig2,pre_cod_asig3,pre_cod_asig4,pre_cod_asig5,pre_cod_asig6,pre_cod_asig7 FROM tblaca009 WHERE pensum='5' AND c_uni_ca='3' AND c_asigna='300317' [1][0] OK
C:[30/10/2012 08:36:27.93][172.16.12.119][1232] SELECT c_asigna FROM dace004 WHERE exp_e='11-20860851' AND c_asigna='300207' AND status IN ('0','3','B') [1][0] OK
C:[30/10/2012 08:36:27.93][172.16.12.119][1232] SELECT c_asigna FROM dace004 WHERE exp_e='11-20860851' AND c_asigna='300209' AND status IN ('0','3','B') [1][0] OK
C:[30/10/2012 08:36:27.93][172.16.12.119][1219] SELECT pre_cod_asig1,pre_cod_asig2,pre_cod_asig3,pre_cod_asig4,pre_cod_asig5,pre_cod_asig6,pre_cod_asig7 FROM tblaca009 WHERE pensum='5' AND c_uni_ca='3' AND c_asigna='300318' [1][0] OK
C:[30/10/2012 08:36:27.93][172.16.12.119][1232] SELECT c_asigna FROM dace004 WHERE exp_e='11-20860851' AND c_asigna='300228' AND status IN ('0','3','B') [1][0] OK
C:[30/10/2012 08:36:27.93][172.16.12.119][1232] SELECT c_asigna FROM dace004 WHERE exp_e='11-20860851' AND c_asigna='300207' AND status IN ('0','3','B') [1][0] OK
C:[30/10/2012 08:36:27.93][172.16.12.119][1232] SELECT c_asigna FROM dace004 WHERE exp_e='11-20860851' AND c_asigna='300218' AND status IN ('0','3','B') [1][0] OK
C:[30/10/2012 08:36:27.93][172.16.12.119][1219] SELECT pre_cod_asig1,pre_cod_asig2,pre_cod_asig3,pre_cod_asig4,pre_cod_asig5,pre_cod_asig6,pre_cod_asig7 FROM tblaca009 WHERE pensum='5' AND c_uni_ca='3' AND c_asigna='312333' [1][0] OK
C:[30/10/2012 08:36:27.93][172.16.12.119][1232] SELECT c_asigna FROM dace004 WHERE exp_e='11-20860851' AND c_asigna='300228' AND status IN ('0','3','B') [1][0] OK
C:[30/10/2012 08:36:28.06][172.16.12.119][1263] SELECT par_cod_asig1,par_cod_asig2,par_cod_asig3 FROM tblaca009 WHERE pensum='5' AND c_uni_ca='3' AND c_asigna='300317' [1][0] OK
C:[30/10/2012 08:36:28.06][172.16.12.119][1263] SELECT par_cod_asig1,par_cod_asig2,par_cod_asig3 FROM tblaca009 WHERE pensum='5' AND c_uni_ca='3' AND c_asigna='300318' [1][0] OK
C:[30/10/2012 08:36:28.06][172.16.12.119][1263] SELECT par_cod_asig1,par_cod_asig2,par_cod_asig3 FROM tblaca009 WHERE pensum='5' AND c_uni_ca='3' AND c_asigna='312333' [1][0] OK
C:[30/10/2012 08:37:27.65][172.16.12.119][1219] SELECT pre_cod_asig1,pre_cod_asig2,pre_cod_asig3,pre_cod_asig4,pre_cod_asig5,pre_cod_asig6,pre_cod_asig7 FROM tblaca009 WHERE pensum='5' AND c_uni_ca='5' AND c_asigna='300317' [1][0] OK
C:[30/10/2012 08:37:27.65][172.16.12.119][1232] SELECT c_asigna FROM dace004 WHERE exp_e='09-21317814' AND c_asigna='300207' AND status IN ('0','3','B') [1][0] OK
C:[30/10/2012 08:37:27.65][172.16.12.119][1232] SELECT c_asigna FROM dace004 WHERE exp_e='09-21317814' AND c_asigna='300209' AND status IN ('0','3','B') [1][0] OK
C:[30/10/2012 08:37:27.65][172.16.12.119][1219] SELECT pre_cod_asig1,pre_cod_asig2,pre_cod_asig3,pre_cod_asig4,pre_cod_asig5,pre_cod_asig6,pre_cod_asig7 FROM tblaca009 WHERE pensum='5' AND c_uni_ca='5' AND c_asigna='300313' [1][0] OK
C:[30/10/2012 08:37:27.65][172.16.12.119][1232] SELECT c_asigna FROM dace004 WHERE exp_e='09-21317814' AND c_asigna='300213' AND status IN ('0','3','B') [1][0] OK
C:[30/10/2012 08:37:27.65][172.16.12.119][1232] SELECT c_asigna FROM dace004 WHERE exp_e='09-21317814' AND c_asigna='300226' AND status IN ('0','3','B') [1][0] OK
C:[30/10/2012 08:37:27.65][172.16.12.119][1232] SELECT c_asigna FROM dace004 WHERE exp_e='09-21317814' AND c_asigna='300222' AND status IN ('0','3','B') [1][0] OK
C:[30/10/2012 08:37:27.65][172.16.12.119][1232] SELECT c_asigna FROM dace004 WHERE exp_e='09-21317814' AND c_asigna='300209' AND status IN ('0','3','B') [1][0] OK
C:[30/10/2012 08:37:28.65][172.16.12.119][1263] SELECT par_cod_asig1,par_cod_asig2,par_cod_asig3 FROM tblaca009 WHERE pensum='5' AND c_uni_ca='5' AND c_asigna='300317' [1][0] OK
C:[30/10/2012 08:37:28.65][172.16.12.119][1263] SELECT par_cod_asig1,par_cod_asig2,par_cod_asig3 FROM tblaca009 WHERE pensum='5' AND c_uni_ca='5' AND c_asigna='300313' [1][0] OK
C:[30/10/2012 08:38:30.92][172.16.12.119][1219] SELECT pre_cod_asig1,pre_cod_asig2,pre_cod_asig3,pre_cod_asig4,pre_cod_asig5,pre_cod_asig6,pre_cod_asig7 FROM tblaca009 WHERE pensum='5' AND c_uni_ca='6' AND c_asigna='300422' [1][0] OK
C:[30/10/2012 08:38:30.92][172.16.12.119][1232] SELECT c_asigna FROM dace004 WHERE exp_e='06-18666807' AND c_asigna='300105' AND status IN ('0','3','B') [1][0] OK
C:[30/10/2012 08:38:30.92][172.16.12.119][1232] SELECT c_asigna FROM dace004 WHERE exp_e='06-18666807' AND c_asigna='300314' AND status IN ('0','3','B') [1][0] OK
C:[30/10/2012 08:38:30.92][172.16.12.119][1219] SELECT pre_cod_asig1,pre_cod_asig2,pre_cod_asig3,pre_cod_asig4,pre_cod_asig5,pre_cod_asig6,pre_cod_asig7 FROM tblaca009 WHERE pensum='5' AND c_uni_ca='6' AND c_asigna='342444' [1][0] OK
C:[30/10/2012 08:38:30.92][172.16.12.119][1232] SELECT c_asigna FROM dace004 WHERE exp_e='06-18666807' AND c_asigna='340323' AND status IN ('0','3','B') [1][0] OK
C:[30/10/2012 08:38:30.92][172.16.12.119][1219] SELECT pre_cod_asig1,pre_cod_asig2,pre_cod_asig3,pre_cod_asig4,pre_cod_asig5,pre_cod_asig6,pre_cod_asig7 FROM tblaca009 WHERE pensum='5' AND c_uni_ca='6' AND c_asigna='342559' [1][0] OK
C:[30/10/2012 08:38:30.92][172.16.12.119][1232] SELECT c_asigna FROM dace004 WHERE exp_e='06-18666807' AND c_asigna='342436' AND status IN ('0','3','B') [1][0] OK
C:[30/10/2012 08:38:30.92][172.16.12.119][1219] SELECT pre_cod_asig1,pre_cod_asig2,pre_cod_asig3,pre_cod_asig4,pre_cod_asig5,pre_cod_asig6,pre_cod_asig7 FROM tblaca009 WHERE pensum='5' AND c_uni_ca='6' AND c_asigna='343568' [1][0] OK
C:[30/10/2012 08:38:30.92][172.16.12.119][1232] SELECT c_asigna FROM dace004 WHERE exp_e='06-18666807' AND c_asigna='340327' AND status IN ('0','3','B') [1][0] OK
C:[30/10/2012 08:38:30.92][172.16.12.119][1219] SELECT pre_cod_asig1,pre_cod_asig2,pre_cod_asig3,pre_cod_asig4,pre_cod_asig5,pre_cod_asig6,pre_cod_asig7 FROM tblaca009 WHERE pensum='5' AND c_uni_ca='6' AND c_asigna='344446' [1][0] OK
C:[30/10/2012 08:38:30.92][172.16.12.119][1232] SELECT c_asigna FROM dace004 WHERE exp_e='06-18666807' AND c_asigna='300317' AND status IN ('0','3','B') [1][0] OK
C:[30/10/2012 08:38:30.92][172.16.12.119][1232] SELECT c_asigna FROM dace004 WHERE exp_e='06-18666807' AND c_asigna='300313' AND status IN ('0','3','B') [1][0] OK
C:[30/10/2012 08:38:30.92][172.16.12.119][1232] SELECT c_asigna FROM dace004 WHERE exp_e='06-18666807' AND c_asigna='300209' AND status IN ('0','3','B') [1][0] OK
C:[30/10/2012 08:38:30.92][172.16.12.119][1232] SELECT c_asigna FROM dace004 WHERE exp_e='06-18666807' AND c_asigna='300222' AND status IN ('0','3','B') [1][0] OK
C:[30/10/2012 08:38:30.92][172.16.12.119][1232] SELECT c_asigna FROM dace004 WHERE exp_e='06-18666807' AND c_asigna='300226' AND status IN ('0','3','B') [1][0] OK
C:[30/10/2012 08:38:30.92][172.16.12.119][1219] SELECT pre_cod_asig1,pre_cod_asig2,pre_cod_asig3,pre_cod_asig4,pre_cod_asig5,pre_cod_asig6,pre_cod_asig7 FROM tblaca009 WHERE pensum='5' AND c_uni_ca='6' AND c_asigna='344565' [1][0] OK
C:[30/10/2012 08:38:30.92][172.16.12.119][1232] SELECT c_asigna FROM dace004 WHERE exp_e='06-18666807' AND c_asigna='344445' AND status IN ('0','3','B') [1][0] OK
C:[30/10/2012 08:38:30.61][172.16.12.119][1263] SELECT par_cod_asig1,par_cod_asig2,par_cod_asig3 FROM tblaca009 WHERE pensum='5' AND c_uni_ca='6' AND c_asigna='300422' [1][0] OK
C:[30/10/2012 08:38:30.61][172.16.12.119][1263] SELECT par_cod_asig1,par_cod_asig2,par_cod_asig3 FROM tblaca009 WHERE pensum='5' AND c_uni_ca='6' AND c_asigna='342444' [1][0] OK
C:[30/10/2012 08:38:30.61][172.16.12.119][1263] SELECT par_cod_asig1,par_cod_asig2,par_cod_asig3 FROM tblaca009 WHERE pensum='5' AND c_uni_ca='6' AND c_asigna='342559' [1][0] OK
C:[30/10/2012 08:38:30.61][172.16.12.119][1263] SELECT par_cod_asig1,par_cod_asig2,par_cod_asig3 FROM tblaca009 WHERE pensum='5' AND c_uni_ca='6' AND c_asigna='343568' [1][0] OK
C:[30/10/2012 08:38:30.61][172.16.12.119][1263] SELECT par_cod_asig1,par_cod_asig2,par_cod_asig3 FROM tblaca009 WHERE pensum='5' AND c_uni_ca='6' AND c_asigna='344446' [1][0] OK
C:[30/10/2012 08:38:30.61][172.16.12.119][1263] SELECT par_cod_asig1,par_cod_asig2,par_cod_asig3 FROM tblaca009 WHERE pensum='5' AND c_uni_ca='6' AND c_asigna='344565' [1][0] OK
C:[30/10/2012 08:52:04.35][172.16.8.125][1219] SELECT pre_cod_asig1,pre_cod_asig2,pre_cod_asig3,pre_cod_asig4,pre_cod_asig5,pre_cod_asig6,pre_cod_asig7 FROM tblaca009 WHERE pensum='5' AND c_uni_ca='5' AND c_asigna='355720' [1][0] OK
C:[30/10/2012 08:52:04.35][172.16.8.125][1232] SELECT c_asigna FROM dace004 WHERE exp_e='05-19419333' AND c_asigna='355692' AND status IN ('0','3','B') [1][0] OK
C:[30/10/2012 08:52:04.35][172.16.8.125][1232] SELECT c_asigna FROM dace004 WHERE exp_e='05-19419333' AND c_asigna='355696' AND status IN ('0','3','B') [1][0] OK
C:[30/10/2012 08:52:04.35][172.16.8.125][1219] SELECT pre_cod_asig1,pre_cod_asig2,pre_cod_asig3,pre_cod_asig4,pre_cod_asig5,pre_cod_asig6,pre_cod_asig7 FROM tblaca009 WHERE pensum='5' AND c_uni_ca='5' AND c_asigna='355722' [1][0] OK
C:[30/10/2012 08:52:04.35][172.16.8.125][1232] SELECT c_asigna FROM dace004 WHERE exp_e='05-19419333' AND c_asigna='355691' AND status IN ('0','3','B') [1][0] OK
C:[30/10/2012 08:52:04.35][172.16.8.125][1232] SELECT c_asigna FROM dace004 WHERE exp_e='05-19419333' AND c_asigna='355595' AND status IN ('0','3','B') [1][0] OK
C:[30/10/2012 08:52:04.35][172.16.8.125][1219] SELECT pre_cod_asig1,pre_cod_asig2,pre_cod_asig3,pre_cod_asig4,pre_cod_asig5,pre_cod_asig6,pre_cod_asig7 FROM tblaca009 WHERE pensum='5' AND c_uni_ca='5' AND c_asigna='355721' [1][0] OK
C:[30/10/2012 08:52:04.35][172.16.8.125][1232] SELECT c_asigna FROM dace004 WHERE exp_e='05-19419333' AND c_asigna='355693' AND status IN ('0','3','B') [1][0] OK
C:[30/10/2012 08:52:04.35][172.16.8.125][1232] SELECT c_asigna FROM dace004 WHERE exp_e='05-19419333' AND c_asigna='355696' AND status IN ('0','3','B') [1][0] OK
C:[30/10/2012 08:52:04.47][172.16.8.125][1263] SELECT par_cod_asig1,par_cod_asig2,par_cod_asig3 FROM tblaca009 WHERE pensum='5' AND c_uni_ca='5' AND c_asigna='355720' [1][0] OK
C:[30/10/2012 08:52:04.47][172.16.8.125][1263] SELECT par_cod_asig1,par_cod_asig2,par_cod_asig3 FROM tblaca009 WHERE pensum='5' AND c_uni_ca='5' AND c_asigna='355722' [1][0] OK
C:[30/10/2012 08:52:04.47][172.16.8.125][1263] SELECT par_cod_asig1,par_cod_asig2,par_cod_asig3 FROM tblaca009 WHERE pensum='5' AND c_uni_ca='5' AND c_asigna='355721' [1][0] OK
C:[30/10/2012 09:11:56.11][172.16.8.125][1219] SELECT pre_cod_asig1,pre_cod_asig2,pre_cod_asig3,pre_cod_asig4,pre_cod_asig5,pre_cod_asig6,pre_cod_asig7 FROM tblaca009 WHERE pensum='5' AND c_uni_ca='3' AND c_asigna='300422' [1][0] OK
C:[30/10/2012 09:11:56.11][172.16.8.125][1232] SELECT c_asigna FROM dace004 WHERE exp_e='10-24035763' AND c_asigna='300105' AND status IN ('0','3','B') [1][0] OK
C:[30/10/2012 09:11:56.11][172.16.8.125][1232] SELECT c_asigna FROM dace004 WHERE exp_e='10-24035763' AND c_asigna='300314' AND status IN ('0','3','B') [1][0] OK
C:[30/10/2012 09:11:56.11][172.16.8.125][1219] SELECT pre_cod_asig1,pre_cod_asig2,pre_cod_asig3,pre_cod_asig4,pre_cod_asig5,pre_cod_asig6,pre_cod_asig7 FROM tblaca009 WHERE pensum='5' AND c_uni_ca='3' AND c_asigna='310548' [1][0] OK
C:[30/10/2012 09:11:56.11][172.16.8.125][1232] SELECT c_asigna FROM dace004 WHERE exp_e='10-24035763' AND c_asigna='300428' AND status IN ('0','3','B') [1][0] OK
C:[30/10/2012 09:11:56.11][172.16.8.125][1232] SELECT c_asigna FROM dace004 WHERE exp_e='10-24035763' AND c_asigna='300313' AND status IN ('0','3','B') [1][0] OK
C:[30/10/2012 09:11:56.11][172.16.8.125][1232] SELECT c_asigna FROM dace004 WHERE exp_e='10-24035763' AND c_asigna='300222' AND status IN ('0','3','B') [1][0] OK
C:[30/10/2012 09:11:56.11][172.16.8.125][1232] SELECT c_asigna FROM dace004 WHERE exp_e='10-24035763' AND c_asigna='300226' AND status IN ('0','3','B') [1][0] OK
C:[30/10/2012 09:11:56.11][172.16.8.125][1232] SELECT c_asigna FROM dace004 WHERE exp_e='10-24035763' AND c_asigna='300209' AND status IN ('0','3','B') [1][0] OK
C:[30/10/2012 09:11:56.11][172.16.8.125][1219] SELECT pre_cod_asig1,pre_cod_asig2,pre_cod_asig3,pre_cod_asig4,pre_cod_asig5,pre_cod_asig6,pre_cod_asig7 FROM tblaca009 WHERE pensum='5' AND c_uni_ca='3' AND c_asigna='311430' [1][0] OK
C:[30/10/2012 09:11:56.11][172.16.8.125][1232] SELECT c_asigna FROM dace004 WHERE exp_e='10-24035763' AND c_asigna='300317' AND status IN ('0','3','B') [1][0] OK
C:[30/10/2012 09:11:56.11][172.16.8.125][1232] SELECT c_asigna FROM dace004 WHERE exp_e='10-24035763' AND c_asigna='300318' AND status IN ('0','3','B') [1][0] OK
C:[30/10/2012 09:11:56.11][172.16.8.125][1232] SELECT c_asigna FROM dace004 WHERE exp_e='10-24035763' AND c_asigna='300313' AND status IN ('0','3','B') [1][0] OK
C:[30/10/2012 09:11:56.11][172.16.8.125][1232] SELECT c_asigna FROM dace004 WHERE exp_e='10-24035763' AND c_asigna='300222' AND status IN ('0','3','B') [1][0] OK
C:[30/10/2012 09:11:56.11][172.16.8.125][1232] SELECT c_asigna FROM dace004 WHERE exp_e='10-24035763' AND c_asigna='300226' AND status IN ('0','3','B') [1][0] OK
C:[30/10/2012 09:11:56.11][172.16.8.125][1232] SELECT c_asigna FROM dace004 WHERE exp_e='10-24035763' AND c_asigna='300209' AND status IN ('0','3','B') [1][0] OK
C:[30/10/2012 09:11:56.11][172.16.8.125][1219] SELECT pre_cod_asig1,pre_cod_asig2,pre_cod_asig3,pre_cod_asig4,pre_cod_asig5,pre_cod_asig6,pre_cod_asig7 FROM tblaca009 WHERE pensum='5' AND c_uni_ca='3' AND c_asigna='311431' [1][0] OK
C:[30/10/2012 09:11:56.11][172.16.8.125][1232] SELECT c_asigna FROM dace004 WHERE exp_e='10-24035763' AND c_asigna='311320' AND status IN ('0','3','B') [1][0] OK
C:[30/10/2012 09:11:56.11][172.16.8.125][1232] SELECT c_asigna FROM dace004 WHERE exp_e='10-24035763' AND c_asigna='300013' AND status IN ('0','3','B') [1][0] OK
C:[30/10/2012 09:11:56.11][172.16.8.125][1232] SELECT c_asigna FROM dace004 WHERE exp_e='10-24035763' AND c_asigna='300113' AND status IN ('0','3','B') [1][0] OK
C:[30/10/2012 09:11:56.11][172.16.8.125][1232] SELECT c_asigna FROM dace004 WHERE exp_e='10-24035763' AND c_asigna='300222' AND status IN ('0','3','B') [1][0] OK
C:[30/10/2012 09:11:56.11][172.16.8.125][1232] SELECT c_asigna FROM dace004 WHERE exp_e='10-24035763' AND c_asigna='300226' AND status IN ('0','3','B') [1][0] OK
C:[30/10/2012 09:11:56.11][172.16.8.125][1232] SELECT c_asigna FROM dace004 WHERE exp_e='10-24035763' AND c_asigna='300209' AND status IN ('0','3','B') [1][0] OK
C:[30/10/2012 09:11:56.11][172.16.8.125][1219] SELECT pre_cod_asig1,pre_cod_asig2,pre_cod_asig3,pre_cod_asig4,pre_cod_asig5,pre_cod_asig6,pre_cod_asig7 FROM tblaca009 WHERE pensum='5' AND c_uni_ca='3' AND c_asigna='311434' [1][0] OK
C:[30/10/2012 09:11:56.11][172.16.8.125][1232] SELECT c_asigna FROM dace004 WHERE exp_e='10-24035763' AND c_asigna='300222' AND status IN ('0','3','B') [1][0] OK
C:[30/10/2012 09:11:56.11][172.16.8.125][1232] SELECT c_asigna FROM dace004 WHERE exp_e='10-24035763' AND c_asigna='300226' AND status IN ('0','3','B') [1][0] OK
C:[30/10/2012 09:11:56.11][172.16.8.125][1232] SELECT c_asigna FROM dace004 WHERE exp_e='10-24035763' AND c_asigna='300209' AND status IN ('0','3','B') [1][0] OK
C:[30/10/2012 09:11:56.11][172.16.8.125][1219] SELECT pre_cod_asig1,pre_cod_asig2,pre_cod_asig3,pre_cod_asig4,pre_cod_asig5,pre_cod_asig6,pre_cod_asig7 FROM tblaca009 WHERE pensum='5' AND c_uni_ca='3' AND c_asigna='314662' [1][0] OK
C:[30/10/2012 09:11:56.11][172.16.8.125][1232] SELECT c_asigna FROM dace004 WHERE exp_e='10-24035763' AND c_asigna='311552' AND status IN ('0','3','B') [1][0] OK
C:[30/10/2012 09:11:56.74][172.16.8.125][1263] SELECT par_cod_asig1,par_cod_asig2,par_cod_asig3 FROM tblaca009 WHERE pensum='5' AND c_uni_ca='3' AND c_asigna='300422' [1][0] OK
C:[30/10/2012 09:11:56.74][172.16.8.125][1263] SELECT par_cod_asig1,par_cod_asig2,par_cod_asig3 FROM tblaca009 WHERE pensum='5' AND c_uni_ca='3' AND c_asigna='310548' [1][0] OK
C:[30/10/2012 09:11:56.74][172.16.8.125][1263] SELECT par_cod_asig1,par_cod_asig2,par_cod_asig3 FROM tblaca009 WHERE pensum='5' AND c_uni_ca='3' AND c_asigna='311430' [1][0] OK
C:[30/10/2012 09:11:56.74][172.16.8.125][1263] SELECT par_cod_asig1,par_cod_asig2,par_cod_asig3 FROM tblaca009 WHERE pensum='5' AND c_uni_ca='3' AND c_asigna='311431' [1][0] OK
C:[30/10/2012 09:11:56.74][172.16.8.125][1277] SELECT c_asigna FROM dace004 WHERE exp_e='10-24035763' AND c_asigna='311430' AND status IN ('0','3','B','C') [0][0] OK
C:[30/10/2012 09:11:56.74][172.16.8.125][1263] SELECT par_cod_asig1,par_cod_asig2,par_cod_asig3 FROM tblaca009 WHERE pensum='5' AND c_uni_ca='3' AND c_asigna='311434' [1][0] OK
C:[30/10/2012 09:11:56.74][172.16.8.125][1277] SELECT c_asigna FROM dace004 WHERE exp_e='10-24035763' AND c_asigna='311431' AND status IN ('0','3','B','C') [0][0] OK
C:[30/10/2012 09:11:56.74][172.16.8.125][1263] SELECT par_cod_asig1,par_cod_asig2,par_cod_asig3 FROM tblaca009 WHERE pensum='5' AND c_uni_ca='3' AND c_asigna='314662' [1][0] OK
C:[30/10/2012 09:11:57.74][172.16.8.125][1334] SELECT c_asigna FROM tblaca009 WHERE pensum='5' AND c_uni_ca='3' AND ((par_cod_asig1='312444') OR (par_cod_asig2='312444') OR (par_cod_asig3='312444'))  [0][0] OK
C:[30/10/2012 09:30:10.12][172.16.8.125][1219] SELECT pre_cod_asig1,pre_cod_asig2,pre_cod_asig3,pre_cod_asig4,pre_cod_asig5,pre_cod_asig6,pre_cod_asig7 FROM tblaca009 WHERE pensum='5' AND c_uni_ca='2' AND c_asigna='300317' [1][0] OK
C:[30/10/2012 09:30:10.12][172.16.8.125][1232] SELECT c_asigna FROM dace004 WHERE exp_e='11-24701291' AND c_asigna='300207' AND status IN ('0','3','B') [1][0] OK
C:[30/10/2012 09:30:10.12][172.16.8.125][1232] SELECT c_asigna FROM dace004 WHERE exp_e='11-24701291' AND c_asigna='300209' AND status IN ('0','3','B') [1][0] OK
C:[30/10/2012 09:30:10.12][172.16.8.125][1219] SELECT pre_cod_asig1,pre_cod_asig2,pre_cod_asig3,pre_cod_asig4,pre_cod_asig5,pre_cod_asig6,pre_cod_asig7 FROM tblaca009 WHERE pensum='5' AND c_uni_ca='2' AND c_asigna='300213' [1][0] OK
C:[30/10/2012 09:30:10.12][172.16.8.125][1232] SELECT c_asigna FROM dace004 WHERE exp_e='11-24701291' AND c_asigna='300101' AND status IN ('0','3','B') [1][0] OK
C:[30/10/2012 09:30:10.12][172.16.8.125][1219] SELECT pre_cod_asig1,pre_cod_asig2,pre_cod_asig3,pre_cod_asig4,pre_cod_asig5,pre_cod_asig6,pre_cod_asig7 FROM tblaca009 WHERE pensum='5' AND c_uni_ca='2' AND c_asigna='300218' [1][0] OK
C:[30/10/2012 09:30:10.12][172.16.8.125][1219] SELECT pre_cod_asig1,pre_cod_asig2,pre_cod_asig3,pre_cod_asig4,pre_cod_asig5,pre_cod_asig6,pre_cod_asig7 FROM tblaca009 WHERE pensum='5' AND c_uni_ca='2' AND c_asigna='300222' [1][0] OK
C:[30/10/2012 09:30:10.12][172.16.8.125][1232] SELECT c_asigna FROM dace004 WHERE exp_e='11-24701291' AND c_asigna='300112' AND status IN ('0','3','B') [1][0] OK
C:[30/10/2012 09:30:10.12][172.16.8.125][1219] SELECT pre_cod_asig1,pre_cod_asig2,pre_cod_asig3,pre_cod_asig4,pre_cod_asig5,pre_cod_asig6,pre_cod_asig7 FROM tblaca009 WHERE pensum='5' AND c_uni_ca='2' AND c_asigna='300228' [1][0] OK
C:[30/10/2012 09:30:10.12][172.16.8.125][1232] SELECT c_asigna FROM dace004 WHERE exp_e='11-24701291' AND c_asigna='300101' AND status IN ('0','3','B') [1][0] OK
C:[30/10/2012 09:30:10.12][172.16.8.125][1219] SELECT pre_cod_asig1,pre_cod_asig2,pre_cod_asig3,pre_cod_asig4,pre_cod_asig5,pre_cod_asig6,pre_cod_asig7 FROM tblaca009 WHERE pensum='5' AND c_uni_ca='2' AND c_asigna='300314' [1][0] OK
C:[30/10/2012 09:30:10.12][172.16.8.125][1232] SELECT c_asigna FROM dace004 WHERE exp_e='11-24701291' AND c_asigna='300106' AND status IN ('0','3','B') [1][0] OK
C:[30/10/2012 09:30:10.62][172.16.8.125][1263] SELECT par_cod_asig1,par_cod_asig2,par_cod_asig3 FROM tblaca009 WHERE pensum='5' AND c_uni_ca='2' AND c_asigna='300317' [1][0] OK
C:[30/10/2012 09:30:10.62][172.16.8.125][1263] SELECT par_cod_asig1,par_cod_asig2,par_cod_asig3 FROM tblaca009 WHERE pensum='5' AND c_uni_ca='2' AND c_asigna='300213' [1][0] OK
C:[30/10/2012 09:30:10.62][172.16.8.125][1277] SELECT c_asigna FROM dace004 WHERE exp_e='11-24701291' AND c_asigna='300209' AND status IN ('0','3','B','C') [1][0] OK
C:[30/10/2012 09:30:10.62][172.16.8.125][1263] SELECT par_cod_asig1,par_cod_asig2,par_cod_asig3 FROM tblaca009 WHERE pensum='5' AND c_uni_ca='2' AND c_asigna='300218' [1][0] OK
C:[30/10/2012 09:30:10.62][172.16.8.125][1277] SELECT c_asigna FROM dace004 WHERE exp_e='11-24701291' AND c_asigna='300228' AND status IN ('0','3','B','C') [0][0] OK
C:[30/10/2012 09:30:10.62][172.16.8.125][1263] SELECT par_cod_asig1,par_cod_asig2,par_cod_asig3 FROM tblaca009 WHERE pensum='5' AND c_uni_ca='2' AND c_asigna='300222' [1][0] OK
C:[30/10/2012 09:30:10.62][172.16.8.125][1263] SELECT par_cod_asig1,par_cod_asig2,par_cod_asig3 FROM tblaca009 WHERE pensum='5' AND c_uni_ca='2' AND c_asigna='300228' [1][0] OK
C:[30/10/2012 09:30:10.62][172.16.8.125][1263] SELECT par_cod_asig1,par_cod_asig2,par_cod_asig3 FROM tblaca009 WHERE pensum='5' AND c_uni_ca='2' AND c_asigna='300314' [1][0] OK
C:[30/10/2012 09:36:20.58][172.16.8.125][1219] SELECT pre_cod_asig1,pre_cod_asig2,pre_cod_asig3,pre_cod_asig4,pre_cod_asig5,pre_cod_asig6,pre_cod_asig7 FROM tblaca009 WHERE pensum='5' AND c_uni_ca='5' AND c_asigna='355696' [1][0] OK
C:[30/10/2012 09:36:20.58][172.16.8.125][1232] SELECT c_asigna FROM dace004 WHERE exp_e='08-21247373' AND c_asigna='355570' AND status IN ('0','3','B') [1][0] OK
C:[30/10/2012 09:36:20.58][172.16.8.125][1232] SELECT c_asigna FROM dace004 WHERE exp_e='08-21247373' AND c_asigna='355571' AND status IN ('0','3','B') [1][0] OK
C:[30/10/2012 09:36:20.58][172.16.8.125][1219] SELECT pre_cod_asig1,pre_cod_asig2,pre_cod_asig3,pre_cod_asig4,pre_cod_asig5,pre_cod_asig6,pre_cod_asig7 FROM tblaca009 WHERE pensum='5' AND c_uni_ca='5' AND c_asigna='355694' [1][0] OK
C:[30/10/2012 09:36:20.58][172.16.8.125][1232] SELECT c_asigna FROM dace004 WHERE exp_e='08-21247373' AND c_asigna='355572' AND status IN ('0','3','B') [1][0] OK
C:[30/10/2012 09:36:20.58][172.16.8.125][1232] SELECT c_asigna FROM dace004 WHERE exp_e='08-21247373' AND c_asigna='355571' AND status IN ('0','3','B') [1][0] OK
C:[30/10/2012 09:36:20.58][172.16.8.125][1219] SELECT pre_cod_asig1,pre_cod_asig2,pre_cod_asig3,pre_cod_asig4,pre_cod_asig5,pre_cod_asig6,pre_cod_asig7 FROM tblaca009 WHERE pensum='5' AND c_uni_ca='5' AND c_asigna='355724' [1][0] OK
C:[30/10/2012 09:36:20.58][172.16.8.125][1232] SELECT c_asigna FROM dace004 WHERE exp_e='08-21247373' AND c_asigna='355692' AND status IN ('0','3','B') [1][0] OK
C:[30/10/2012 09:36:20.58][172.16.8.125][1219] SELECT pre_cod_asig1,pre_cod_asig2,pre_cod_asig3,pre_cod_asig4,pre_cod_asig5,pre_cod_asig6,pre_cod_asig7 FROM tblaca009 WHERE pensum='5' AND c_uni_ca='5' AND c_asigna='355835' [1][0] OK
C:[30/10/2012 09:36:20.58][172.16.8.125][1232] SELECT c_asigna FROM dace004 WHERE exp_e='08-21247373' AND c_asigna='355691' AND status IN ('0','3','B') [1][0] OK
C:[30/10/2012 09:36:20.58][172.16.8.125][1219] SELECT pre_cod_asig1,pre_cod_asig2,pre_cod_asig3,pre_cod_asig4,pre_cod_asig5,pre_cod_asig6,pre_cod_asig7 FROM tblaca009 WHERE pensum='5' AND c_uni_ca='5' AND c_asigna='355951' [1][0] OK
C:[30/10/2012 09:36:20.58][172.16.8.125][1232] SELECT c_asigna FROM dace004 WHERE exp_e='08-21247373' AND c_asigna='355691' AND status IN ('0','3','B') [1][0] OK
C:[30/10/2012 09:36:20.58][172.16.8.125][1219] SELECT pre_cod_asig1,pre_cod_asig2,pre_cod_asig3,pre_cod_asig4,pre_cod_asig5,pre_cod_asig6,pre_cod_asig7 FROM tblaca009 WHERE pensum='5' AND c_uni_ca='5' AND c_asigna='355953' [1][0] OK
C:[30/10/2012 09:36:20.58][172.16.8.125][1232] SELECT c_asigna FROM dace004 WHERE exp_e='08-21247373' AND c_asigna='355691' AND status IN ('0','3','B') [1][0] OK
C:[30/10/2012 09:36:20.90][172.16.8.125][1263] SELECT par_cod_asig1,par_cod_asig2,par_cod_asig3 FROM tblaca009 WHERE pensum='5' AND c_uni_ca='5' AND c_asigna='355696' [1][0] OK
C:[30/10/2012 09:36:20.90][172.16.8.125][1263] SELECT par_cod_asig1,par_cod_asig2,par_cod_asig3 FROM tblaca009 WHERE pensum='5' AND c_uni_ca='5' AND c_asigna='355694' [1][0] OK
C:[30/10/2012 09:36:20.90][172.16.8.125][1263] SELECT par_cod_asig1,par_cod_asig2,par_cod_asig3 FROM tblaca009 WHERE pensum='5' AND c_uni_ca='5' AND c_asigna='355724' [1][0] OK
C:[30/10/2012 09:36:20.90][172.16.8.125][1263] SELECT par_cod_asig1,par_cod_asig2,par_cod_asig3 FROM tblaca009 WHERE pensum='5' AND c_uni_ca='5' AND c_asigna='355835' [1][0] OK
C:[30/10/2012 09:36:20.90][172.16.8.125][1263] SELECT par_cod_asig1,par_cod_asig2,par_cod_asig3 FROM tblaca009 WHERE pensum='5' AND c_uni_ca='5' AND c_asigna='355951' [1][0] OK
C:[30/10/2012 09:36:20.90][172.16.8.125][1263] SELECT par_cod_asig1,par_cod_asig2,par_cod_asig3 FROM tblaca009 WHERE pensum='5' AND c_uni_ca='5' AND c_asigna='355953' [1][0] OK
C:[30/10/2012 09:44:19.51][172.16.8.125][1219] SELECT pre_cod_asig1,pre_cod_asig2,pre_cod_asig3,pre_cod_asig4,pre_cod_asig5,pre_cod_asig6,pre_cod_asig7 FROM tblaca009 WHERE pensum='5' AND c_uni_ca='2' AND c_asigna='320311' [1][0] OK
C:[30/10/2012 09:44:19.51][172.16.8.125][1232] SELECT c_asigna FROM dace004 WHERE exp_e='11-24701291' AND c_asigna='300013' AND status IN ('0','3','B') [1][0] OK
C:[30/10/2012 09:44:19.51][172.16.8.125][1232] SELECT c_asigna FROM dace004 WHERE exp_e='11-24701291' AND c_asigna='300113' AND status IN ('0','3','B') [1][0] OK
C:[30/10/2012 09:44:19.51][172.16.8.125][1219] SELECT pre_cod_asig1,pre_cod_asig2,pre_cod_asig3,pre_cod_asig4,pre_cod_asig5,pre_cod_asig6,pre_cod_asig7 FROM tblaca009 WHERE pensum='5' AND c_uni_ca='2' AND c_asigna='300213' [1][0] OK
C:[30/10/2012 09:44:19.51][172.16.8.125][1232] SELECT c_asigna FROM dace004 WHERE exp_e='11-24701291' AND c_asigna='300101' AND status IN ('0','3','B') [1][0] OK
C:[30/10/2012 09:44:19.51][172.16.8.125][1219] SELECT pre_cod_asig1,pre_cod_asig2,pre_cod_asig3,pre_cod_asig4,pre_cod_asig5,pre_cod_asig6,pre_cod_asig7 FROM tblaca009 WHERE pensum='5' AND c_uni_ca='2' AND c_asigna='300218' [1][0] OK
C:[30/10/2012 09:44:19.51][172.16.8.125][1219] SELECT pre_cod_asig1,pre_cod_asig2,pre_cod_asig3,pre_cod_asig4,pre_cod_asig5,pre_cod_asig6,pre_cod_asig7 FROM tblaca009 WHERE pensum='5' AND c_uni_ca='2' AND c_asigna='300222' [1][0] OK
C:[30/10/2012 09:44:19.51][172.16.8.125][1232] SELECT c_asigna FROM dace004 WHERE exp_e='11-24701291' AND c_asigna='300112' AND status IN ('0','3','B') [1][0] OK
C:[30/10/2012 09:44:19.51][172.16.8.125][1219] SELECT pre_cod_asig1,pre_cod_asig2,pre_cod_asig3,pre_cod_asig4,pre_cod_asig5,pre_cod_asig6,pre_cod_asig7 FROM tblaca009 WHERE pensum='5' AND c_uni_ca='2' AND c_asigna='300228' [1][0] OK
C:[30/10/2012 09:44:19.51][172.16.8.125][1232] SELECT c_asigna FROM dace004 WHERE exp_e='11-24701291' AND c_asigna='300101' AND status IN ('0','3','B') [1][0] OK
C:[30/10/2012 09:44:19.51][172.16.8.125][1219] SELECT pre_cod_asig1,pre_cod_asig2,pre_cod_asig3,pre_cod_asig4,pre_cod_asig5,pre_cod_asig6,pre_cod_asig7 FROM tblaca009 WHERE pensum='5' AND c_uni_ca='2' AND c_asigna='300314' [1][0] OK
C:[30/10/2012 09:44:19.51][172.16.8.125][1232] SELECT c_asigna FROM dace004 WHERE exp_e='11-24701291' AND c_asigna='300106' AND status IN ('0','3','B') [1][0] OK
C:[30/10/2012 09:44:19.51][172.16.8.125][1219] SELECT pre_cod_asig1,pre_cod_asig2,pre_cod_asig3,pre_cod_asig4,pre_cod_asig5,pre_cod_asig6,pre_cod_asig7 FROM tblaca009 WHERE pensum='5' AND c_uni_ca='2' AND c_asigna='300317' [1][0] OK
C:[30/10/2012 09:44:19.51][172.16.8.125][1232] SELECT c_asigna FROM dace004 WHERE exp_e='11-24701291' AND c_asigna='300207' AND status IN ('0','3','B') [1][0] OK
C:[30/10/2012 09:44:19.51][172.16.8.125][1232] SELECT c_asigna FROM dace004 WHERE exp_e='11-24701291' AND c_asigna='300209' AND status IN ('0','3','B') [1][0] OK
C:[30/10/2012 09:44:20.38][172.16.8.125][1263] SELECT par_cod_asig1,par_cod_asig2,par_cod_asig3 FROM tblaca009 WHERE pensum='5' AND c_uni_ca='2' AND c_asigna='320311' [1][0] OK
C:[30/10/2012 09:44:20.38][172.16.8.125][1263] SELECT par_cod_asig1,par_cod_asig2,par_cod_asig3 FROM tblaca009 WHERE pensum='5' AND c_uni_ca='2' AND c_asigna='300213' [1][0] OK
C:[30/10/2012 09:44:20.38][172.16.8.125][1277] SELECT c_asigna FROM dace004 WHERE exp_e='11-24701291' AND c_asigna='300209' AND status IN ('0','3','B','C') [1][0] OK
C:[30/10/2012 09:44:20.38][172.16.8.125][1263] SELECT par_cod_asig1,par_cod_asig2,par_cod_asig3 FROM tblaca009 WHERE pensum='5' AND c_uni_ca='2' AND c_asigna='300218' [1][0] OK
C:[30/10/2012 09:44:20.38][172.16.8.125][1277] SELECT c_asigna FROM dace004 WHERE exp_e='11-24701291' AND c_asigna='300228' AND status IN ('0','3','B','C') [0][0] OK
C:[30/10/2012 09:44:20.38][172.16.8.125][1263] SELECT par_cod_asig1,par_cod_asig2,par_cod_asig3 FROM tblaca009 WHERE pensum='5' AND c_uni_ca='2' AND c_asigna='300222' [1][0] OK
C:[30/10/2012 09:44:20.38][172.16.8.125][1263] SELECT par_cod_asig1,par_cod_asig2,par_cod_asig3 FROM tblaca009 WHERE pensum='5' AND c_uni_ca='2' AND c_asigna='300228' [1][0] OK
C:[30/10/2012 09:44:20.38][172.16.8.125][1263] SELECT par_cod_asig1,par_cod_asig2,par_cod_asig3 FROM tblaca009 WHERE pensum='5' AND c_uni_ca='2' AND c_asigna='300314' [1][0] OK
C:[30/10/2012 09:44:20.38][172.16.8.125][1263] SELECT par_cod_asig1,par_cod_asig2,par_cod_asig3 FROM tblaca009 WHERE pensum='5' AND c_uni_ca='2' AND c_asigna='300317' [1][0] OK
C:[30/10/2012 09:51:02.92][172.16.8.247][1219] SELECT pre_cod_asig1,pre_cod_asig2,pre_cod_asig3,pre_cod_asig4,pre_cod_asig5,pre_cod_asig6,pre_cod_asig7 FROM tblaca009 WHERE pensum='5' AND c_uni_ca='3' AND c_asigna='300428' [1][0] OK
C:[30/10/2012 09:51:02.92][172.16.8.247][1232] SELECT c_asigna FROM dace004 WHERE exp_e='05-17210429' AND c_asigna='300317' AND status IN ('0','3','B') [1][0] OK
C:[30/10/2012 09:51:02.92][172.16.8.247][1232] SELECT c_asigna FROM dace004 WHERE exp_e='05-17210429' AND c_asigna='300209' AND status IN ('0','3','B') [1][0] OK
C:[30/10/2012 09:51:02.92][172.16.8.247][1219] SELECT pre_cod_asig1,pre_cod_asig2,pre_cod_asig3,pre_cod_asig4,pre_cod_asig5,pre_cod_asig6,pre_cod_asig7 FROM tblaca009 WHERE pensum='5' AND c_uni_ca='3' AND c_asigna='311552' [1][0] OK
C:[30/10/2012 09:51:02.92][172.16.8.247][1232] SELECT c_asigna FROM dace004 WHERE exp_e='05-17210429' AND c_asigna='300317' AND status IN ('0','3','B') [1][0] OK
C:[30/10/2012 09:51:02.92][172.16.8.247][1232] SELECT c_asigna FROM dace004 WHERE exp_e='05-17210429' AND c_asigna='300209' AND status IN ('0','3','B') [1][0] OK
C:[30/10/2012 09:51:02.92][172.16.8.247][1219] SELECT pre_cod_asig1,pre_cod_asig2,pre_cod_asig3,pre_cod_asig4,pre_cod_asig5,pre_cod_asig6,pre_cod_asig7 FROM tblaca009 WHERE pensum='5' AND c_uni_ca='3' AND c_asigna='312333' [1][0] OK
C:[30/10/2012 09:51:02.92][172.16.8.247][1232] SELECT c_asigna FROM dace004 WHERE exp_e='05-17210429' AND c_asigna='300228' AND status IN ('0','3','B') [1][0] OK
C:[30/10/2012 09:51:03.92][172.16.8.247][1263] SELECT par_cod_asig1,par_cod_asig2,par_cod_asig3 FROM tblaca009 WHERE pensum='5' AND c_uni_ca='3' AND c_asigna='300428' [1][0] OK
C:[30/10/2012 09:51:03.92][172.16.8.247][1263] SELECT par_cod_asig1,par_cod_asig2,par_cod_asig3 FROM tblaca009 WHERE pensum='5' AND c_uni_ca='3' AND c_asigna='311552' [1][0] OK
C:[30/10/2012 09:51:03.92][172.16.8.247][1263] SELECT par_cod_asig1,par_cod_asig2,par_cod_asig3 FROM tblaca009 WHERE pensum='5' AND c_uni_ca='3' AND c_asigna='312333' [1][0] OK
C:[30/10/2012 10:06:39.48][172.16.12.119][1219] SELECT pre_cod_asig1,pre_cod_asig2,pre_cod_asig3,pre_cod_asig4,pre_cod_asig5,pre_cod_asig6,pre_cod_asig7 FROM tblaca009 WHERE pensum='5' AND c_uni_ca='5' AND c_asigna='355835' [1][0] OK
C:[30/10/2012 10:06:39.48][172.16.12.119][1232] SELECT c_asigna FROM dace004 WHERE exp_e='09-20807886' AND c_asigna='355691' AND status IN ('0','3','B') [1][0] OK
C:[30/10/2012 10:06:39.48][172.16.12.119][1219] SELECT pre_cod_asig1,pre_cod_asig2,pre_cod_asig3,pre_cod_asig4,pre_cod_asig5,pre_cod_asig6,pre_cod_asig7 FROM tblaca009 WHERE pensum='5' AND c_uni_ca='5' AND c_asigna='355720' [1][0] OK
C:[30/10/2012 10:06:39.48][172.16.12.119][1232] SELECT c_asigna FROM dace004 WHERE exp_e='09-20807886' AND c_asigna='355692' AND status IN ('0','3','B') [1][0] OK
C:[30/10/2012 10:06:39.48][172.16.12.119][1232] SELECT c_asigna FROM dace004 WHERE exp_e='09-20807886' AND c_asigna='355696' AND status IN ('0','3','B') [1][0] OK
C:[30/10/2012 10:06:39.48][172.16.12.119][1219] SELECT pre_cod_asig1,pre_cod_asig2,pre_cod_asig3,pre_cod_asig4,pre_cod_asig5,pre_cod_asig6,pre_cod_asig7 FROM tblaca009 WHERE pensum='5' AND c_uni_ca='5' AND c_asigna='355721' [1][0] OK
C:[30/10/2012 10:06:39.48][172.16.12.119][1232] SELECT c_asigna FROM dace004 WHERE exp_e='09-20807886' AND c_asigna='355693' AND status IN ('0','3','B') [1][0] OK
C:[30/10/2012 10:06:39.48][172.16.12.119][1232] SELECT c_asigna FROM dace004 WHERE exp_e='09-20807886' AND c_asigna='355696' AND status IN ('0','3','B') [1][0] OK
C:[30/10/2012 10:06:39.48][172.16.12.119][1219] SELECT pre_cod_asig1,pre_cod_asig2,pre_cod_asig3,pre_cod_asig4,pre_cod_asig5,pre_cod_asig6,pre_cod_asig7 FROM tblaca009 WHERE pensum='5' AND c_uni_ca='5' AND c_asigna='355724' [1][0] OK
C:[30/10/2012 10:06:39.48][172.16.12.119][1232] SELECT c_asigna FROM dace004 WHERE exp_e='09-20807886' AND c_asigna='355692' AND status IN ('0','3','B') [1][0] OK
C:[30/10/2012 10:06:39.48][172.16.12.119][1219] SELECT pre_cod_asig1,pre_cod_asig2,pre_cod_asig3,pre_cod_asig4,pre_cod_asig5,pre_cod_asig6,pre_cod_asig7 FROM tblaca009 WHERE pensum='5' AND c_uni_ca='5' AND c_asigna='355725' [1][0] OK
C:[30/10/2012 10:06:39.48][172.16.12.119][1232] SELECT c_asigna FROM dace004 WHERE exp_e='09-20807886' AND c_asigna='355693' AND status IN ('0','3','B') [1][0] OK
C:[30/10/2012 10:06:39.48][172.16.12.119][1232] SELECT c_asigna FROM dace004 WHERE exp_e='09-20807886' AND c_asigna='355692' AND status IN ('0','3','B') [1][0] OK
C:[30/10/2012 10:06:39.48][172.16.12.119][1219] SELECT pre_cod_asig1,pre_cod_asig2,pre_cod_asig3,pre_cod_asig4,pre_cod_asig5,pre_cod_asig6,pre_cod_asig7 FROM tblaca009 WHERE pensum='5' AND c_uni_ca='5' AND c_asigna='355834' [1][0] OK
C:[30/10/2012 10:06:39.48][172.16.12.119][1232] SELECT c_asigna FROM dace004 WHERE exp_e='09-20807886' AND c_asigna='355694' AND status IN ('0','3','B') [1][0] OK
C:[30/10/2012 10:06:39.48][172.16.12.119][1219] SELECT pre_cod_asig1,pre_cod_asig2,pre_cod_asig3,pre_cod_asig4,pre_cod_asig5,pre_cod_asig6,pre_cod_asig7 FROM tblaca009 WHERE pensum='5' AND c_uni_ca='5' AND c_asigna='355953' [1][0] OK
C:[30/10/2012 10:06:39.48][172.16.12.119][1232] SELECT c_asigna FROM dace004 WHERE exp_e='09-20807886' AND c_asigna='355691' AND status IN ('0','3','B') [1][0] OK
C:[30/10/2012 10:06:40.60][172.16.12.119][1263] SELECT par_cod_asig1,par_cod_asig2,par_cod_asig3 FROM tblaca009 WHERE pensum='5' AND c_uni_ca='5' AND c_asigna='355835' [1][0] OK
C:[30/10/2012 10:06:40.60][172.16.12.119][1263] SELECT par_cod_asig1,par_cod_asig2,par_cod_asig3 FROM tblaca009 WHERE pensum='5' AND c_uni_ca='5' AND c_asigna='355720' [1][0] OK
C:[30/10/2012 10:06:40.60][172.16.12.119][1263] SELECT par_cod_asig1,par_cod_asig2,par_cod_asig3 FROM tblaca009 WHERE pensum='5' AND c_uni_ca='5' AND c_asigna='355721' [1][0] OK
C:[30/10/2012 10:06:40.60][172.16.12.119][1263] SELECT par_cod_asig1,par_cod_asig2,par_cod_asig3 FROM tblaca009 WHERE pensum='5' AND c_uni_ca='5' AND c_asigna='355724' [1][0] OK
C:[30/10/2012 10:06:40.60][172.16.12.119][1263] SELECT par_cod_asig1,par_cod_asig2,par_cod_asig3 FROM tblaca009 WHERE pensum='5' AND c_uni_ca='5' AND c_asigna='355725' [1][0] OK
C:[30/10/2012 10:06:40.60][172.16.12.119][1263] SELECT par_cod_asig1,par_cod_asig2,par_cod_asig3 FROM tblaca009 WHERE pensum='5' AND c_uni_ca='5' AND c_asigna='355834' [1][0] OK
C:[30/10/2012 10:06:40.60][172.16.12.119][1263] SELECT par_cod_asig1,par_cod_asig2,par_cod_asig3 FROM tblaca009 WHERE pensum='5' AND c_uni_ca='5' AND c_asigna='355953' [1][0] OK
C:[30/10/2012 10:16:43.69][172.16.8.250][1219] SELECT pre_cod_asig1,pre_cod_asig2,pre_cod_asig3,pre_cod_asig4,pre_cod_asig5,pre_cod_asig6,pre_cod_asig7 FROM tblaca009 WHERE pensum='5' AND c_uni_ca='4' AND c_asigna='300101' [1][0] OK
C:[30/10/2012 10:16:43.69][172.16.8.250][1219] SELECT pre_cod_asig1,pre_cod_asig2,pre_cod_asig3,pre_cod_asig4,pre_cod_asig5,pre_cod_asig6,pre_cod_asig7 FROM tblaca009 WHERE pensum='5' AND c_uni_ca='4' AND c_asigna='300112' [1][0] OK
C:[30/10/2012 10:16:43.94][172.16.8.250][1263] SELECT par_cod_asig1,par_cod_asig2,par_cod_asig3 FROM tblaca009 WHERE pensum='5' AND c_uni_ca='4' AND c_asigna='300101' [1][0] OK
C:[30/10/2012 10:16:43.94][172.16.8.250][1263] SELECT par_cod_asig1,par_cod_asig2,par_cod_asig3 FROM tblaca009 WHERE pensum='5' AND c_uni_ca='4' AND c_asigna='300112' [1][0] OK
C:[30/10/2012 10:31:26.72][172.16.12.2][1219] SELECT pre_cod_asig1,pre_cod_asig2,pre_cod_asig3,pre_cod_asig4,pre_cod_asig5,pre_cod_asig6,pre_cod_asig7 FROM tblaca009 WHERE pensum='5' AND c_uni_ca='4' AND c_asigna='300209' [1][0] OK
C:[30/10/2012 10:31:26.72][172.16.12.2][1232] SELECT c_asigna FROM dace004 WHERE exp_e='11-25034691' AND c_asigna='300101' AND status IN ('0','3','B') [1][0] OK
C:[30/10/2012 10:31:26.72][172.16.12.2][1219] SELECT pre_cod_asig1,pre_cod_asig2,pre_cod_asig3,pre_cod_asig4,pre_cod_asig5,pre_cod_asig6,pre_cod_asig7 FROM tblaca009 WHERE pensum='5' AND c_uni_ca='4' AND c_asigna='300213' [1][0] OK
C:[30/10/2012 10:31:26.72][172.16.12.2][1232] SELECT c_asigna FROM dace004 WHERE exp_e='11-25034691' AND c_asigna='300101' AND status IN ('0','3','B') [1][0] OK
C:[30/10/2012 10:31:26.72][172.16.12.2][1219] SELECT pre_cod_asig1,pre_cod_asig2,pre_cod_asig3,pre_cod_asig4,pre_cod_asig5,pre_cod_asig6,pre_cod_asig7 FROM tblaca009 WHERE pensum='5' AND c_uni_ca='4' AND c_asigna='300228' [1][0] OK
C:[30/10/2012 10:31:26.72][172.16.12.2][1232] SELECT c_asigna FROM dace004 WHERE exp_e='11-25034691' AND c_asigna='300101' AND status IN ('0','3','B') [1][0] OK
C:[30/10/2012 10:31:26.72][172.16.12.2][1219] SELECT pre_cod_asig1,pre_cod_asig2,pre_cod_asig3,pre_cod_asig4,pre_cod_asig5,pre_cod_asig6,pre_cod_asig7 FROM tblaca009 WHERE pensum='5' AND c_uni_ca='4' AND c_asigna='300207' [1][0] OK
C:[30/10/2012 10:31:26.72][172.16.12.2][1232] SELECT c_asigna FROM dace004 WHERE exp_e='11-25034691' AND c_asigna='300101' AND status IN ('0','3','B') [1][0] OK
C:[30/10/2012 10:31:26.72][172.16.12.2][1263] SELECT par_cod_asig1,par_cod_asig2,par_cod_asig3 FROM tblaca009 WHERE pensum='5' AND c_uni_ca='4' AND c_asigna='300209' [1][0] OK
C:[30/10/2012 10:31:26.72][172.16.12.2][1263] SELECT par_cod_asig1,par_cod_asig2,par_cod_asig3 FROM tblaca009 WHERE pensum='5' AND c_uni_ca='4' AND c_asigna='300213' [1][0] OK
C:[30/10/2012 10:31:26.72][172.16.12.2][1277] SELECT c_asigna FROM dace004 WHERE exp_e='11-25034691' AND c_asigna='300209' AND status IN ('0','3','B','C') [0][0] OK
C:[30/10/2012 10:31:26.72][172.16.12.2][1263] SELECT par_cod_asig1,par_cod_asig2,par_cod_asig3 FROM tblaca009 WHERE pensum='5' AND c_uni_ca='4' AND c_asigna='300228' [1][0] OK
C:[30/10/2012 10:31:26.72][172.16.12.2][1263] SELECT par_cod_asig1,par_cod_asig2,par_cod_asig3 FROM tblaca009 WHERE pensum='5' AND c_uni_ca='4' AND c_asigna='300207' [1][0] OK
C:[30/10/2012 10:33:17.78][172.16.12.2][1219] SELECT pre_cod_asig1,pre_cod_asig2,pre_cod_asig3,pre_cod_asig4,pre_cod_asig5,pre_cod_asig6,pre_cod_asig7 FROM tblaca009 WHERE pensum='5' AND c_uni_ca='4' AND c_asigna='300218' [1][0] OK
C:[30/10/2012 10:33:17.78][172.16.12.2][1219] SELECT pre_cod_asig1,pre_cod_asig2,pre_cod_asig3,pre_cod_asig4,pre_cod_asig5,pre_cod_asig6,pre_cod_asig7 FROM tblaca009 WHERE pensum='5' AND c_uni_ca='4' AND c_asigna='300207' [1][0] OK
C:[30/10/2012 10:33:17.78][172.16.12.2][1232] SELECT c_asigna FROM dace004 WHERE exp_e='11-25034691' AND c_asigna='300101' AND status IN ('0','3','B') [1][0] OK
C:[30/10/2012 10:33:17.78][172.16.12.2][1219] SELECT pre_cod_asig1,pre_cod_asig2,pre_cod_asig3,pre_cod_asig4,pre_cod_asig5,pre_cod_asig6,pre_cod_asig7 FROM tblaca009 WHERE pensum='5' AND c_uni_ca='4' AND c_asigna='300209' [1][0] OK
C:[30/10/2012 10:33:17.78][172.16.12.2][1232] SELECT c_asigna FROM dace004 WHERE exp_e='11-25034691' AND c_asigna='300101' AND status IN ('0','3','B') [1][0] OK
C:[30/10/2012 10:33:17.78][172.16.12.2][1219] SELECT pre_cod_asig1,pre_cod_asig2,pre_cod_asig3,pre_cod_asig4,pre_cod_asig5,pre_cod_asig6,pre_cod_asig7 FROM tblaca009 WHERE pensum='5' AND c_uni_ca='4' AND c_asigna='300213' [1][0] OK
C:[30/10/2012 10:33:17.78][172.16.12.2][1232] SELECT c_asigna FROM dace004 WHERE exp_e='11-25034691' AND c_asigna='300101' AND status IN ('0','3','B') [1][0] OK
C:[30/10/2012 10:33:17.78][172.16.12.2][1219] SELECT pre_cod_asig1,pre_cod_asig2,pre_cod_asig3,pre_cod_asig4,pre_cod_asig5,pre_cod_asig6,pre_cod_asig7 FROM tblaca009 WHERE pensum='5' AND c_uni_ca='4' AND c_asigna='300228' [1][0] OK
C:[30/10/2012 10:33:17.78][172.16.12.2][1232] SELECT c_asigna FROM dace004 WHERE exp_e='11-25034691' AND c_asigna='300101' AND status IN ('0','3','B') [1][0] OK
C:[30/10/2012 10:33:17.91][172.16.12.2][1263] SELECT par_cod_asig1,par_cod_asig2,par_cod_asig3 FROM tblaca009 WHERE pensum='5' AND c_uni_ca='4' AND c_asigna='300218' [1][0] OK
C:[30/10/2012 10:33:17.91][172.16.12.2][1277] SELECT c_asigna FROM dace004 WHERE exp_e='11-25034691' AND c_asigna='300228' AND status IN ('0','3','B','C') [0][0] OK
C:[30/10/2012 10:33:17.91][172.16.12.2][1263] SELECT par_cod_asig1,par_cod_asig2,par_cod_asig3 FROM tblaca009 WHERE pensum='5' AND c_uni_ca='4' AND c_asigna='300207' [1][0] OK
C:[30/10/2012 10:33:17.91][172.16.12.2][1263] SELECT par_cod_asig1,par_cod_asig2,par_cod_asig3 FROM tblaca009 WHERE pensum='5' AND c_uni_ca='4' AND c_asigna='300209' [1][0] OK
C:[30/10/2012 10:33:17.91][172.16.12.2][1263] SELECT par_cod_asig1,par_cod_asig2,par_cod_asig3 FROM tblaca009 WHERE pensum='5' AND c_uni_ca='4' AND c_asigna='300213' [1][0] OK
C:[30/10/2012 10:33:17.91][172.16.12.2][1277] SELECT c_asigna FROM dace004 WHERE exp_e='11-25034691' AND c_asigna='300209' AND status IN ('0','3','B','C') [0][0] OK
C:[30/10/2012 10:33:17.91][172.16.12.2][1263] SELECT par_cod_asig1,par_cod_asig2,par_cod_asig3 FROM tblaca009 WHERE pensum='5' AND c_uni_ca='4' AND c_asigna='300228' [1][0] OK
C:[30/10/2012 10:53:38.27][172.16.8.125][1219] SELECT pre_cod_asig1,pre_cod_asig2,pre_cod_asig3,pre_cod_asig4,pre_cod_asig5,pre_cod_asig6,pre_cod_asig7 FROM tblaca009 WHERE pensum='5' AND c_uni_ca='6' AND c_asigna='300428' [1][0] OK
C:[30/10/2012 10:53:38.27][172.16.8.125][1232] SELECT c_asigna FROM dace004 WHERE exp_e='10-20285434' AND c_asigna='300317' AND status IN ('0','3','B') [1][0] OK
C:[30/10/2012 10:53:38.27][172.16.8.125][1232] SELECT c_asigna FROM dace004 WHERE exp_e='10-20285434' AND c_asigna='300209' AND status IN ('0','3','B') [1][0] OK
C:[30/10/2012 10:53:38.27][172.16.8.125][1219] SELECT pre_cod_asig1,pre_cod_asig2,pre_cod_asig3,pre_cod_asig4,pre_cod_asig5,pre_cod_asig6,pre_cod_asig7 FROM tblaca009 WHERE pensum='5' AND c_uni_ca='6' AND c_asigna='300313' [1][0] OK
C:[30/10/2012 10:53:38.27][172.16.8.125][1232] SELECT c_asigna FROM dace004 WHERE exp_e='10-20285434' AND c_asigna='300213' AND status IN ('0','3','B') [1][0] OK
C:[30/10/2012 10:53:38.27][172.16.8.125][1232] SELECT c_asigna FROM dace004 WHERE exp_e='10-20285434' AND c_asigna='300226' AND status IN ('0','3','B') [1][0] OK
C:[30/10/2012 10:53:38.27][172.16.8.125][1232] SELECT c_asigna FROM dace004 WHERE exp_e='10-20285434' AND c_asigna='300222' AND status IN ('0','3','B') [1][0] OK
C:[30/10/2012 10:53:38.27][172.16.8.125][1232] SELECT c_asigna FROM dace004 WHERE exp_e='10-20285434' AND c_asigna='300209' AND status IN ('0','3','B') [1][0] OK
C:[30/10/2012 10:53:38.27][172.16.8.125][1219] SELECT pre_cod_asig1,pre_cod_asig2,pre_cod_asig3,pre_cod_asig4,pre_cod_asig5,pre_cod_asig6,pre_cod_asig7 FROM tblaca009 WHERE pensum='5' AND c_uni_ca='6' AND c_asigna='311561' [1][0] OK
C:[30/10/2012 10:53:38.27][172.16.8.125][1232] SELECT c_asigna FROM dace004 WHERE exp_e='10-20285434' AND c_asigna='300318' AND status IN ('0','3','B') [1][0] OK
C:[30/10/2012 10:53:38.27][172.16.8.125][1219] SELECT pre_cod_asig1,pre_cod_asig2,pre_cod_asig3,pre_cod_asig4,pre_cod_asig5,pre_cod_asig6,pre_cod_asig7 FROM tblaca009 WHERE pensum='5' AND c_uni_ca='6' AND c_asigna='342436' [1][0] OK
C:[30/10/2012 10:53:38.27][172.16.8.125][1232] SELECT c_asigna FROM dace004 WHERE exp_e='10-20285434' AND c_asigna='300318' AND status IN ('0','3','B') [1][0] OK
C:[30/10/2012 10:53:38.27][172.16.8.125][1232] SELECT c_asigna FROM dace004 WHERE exp_e='10-20285434' AND c_asigna='300317' AND status IN ('0','3','B') [1][0] OK
C:[30/10/2012 10:53:38.27][172.16.8.125][1219] SELECT pre_cod_asig1,pre_cod_asig2,pre_cod_asig3,pre_cod_asig4,pre_cod_asig5,pre_cod_asig6,pre_cod_asig7 FROM tblaca009 WHERE pensum='5' AND c_uni_ca='6' AND c_asigna='343568' [1][0] OK
C:[30/10/2012 10:53:38.27][172.16.8.125][1232] SELECT c_asigna FROM dace004 WHERE exp_e='10-20285434' AND c_asigna='340327' AND status IN ('0','3','B') [1][0] OK
C:[30/10/2012 10:53:38.27][172.16.8.125][1219] SELECT pre_cod_asig1,pre_cod_asig2,pre_cod_asig3,pre_cod_asig4,pre_cod_asig5,pre_cod_asig6,pre_cod_asig7 FROM tblaca009 WHERE pensum='5' AND c_uni_ca='6' AND c_asigna='344445' [1][0] OK
C:[30/10/2012 10:53:39.29][172.16.8.125][1263] SELECT par_cod_asig1,par_cod_asig2,par_cod_asig3 FROM tblaca009 WHERE pensum='5' AND c_uni_ca='6' AND c_asigna='300428' [1][0] OK
C:[30/10/2012 10:53:39.29][172.16.8.125][1263] SELECT par_cod_asig1,par_cod_asig2,par_cod_asig3 FROM tblaca009 WHERE pensum='5' AND c_uni_ca='6' AND c_asigna='300313' [1][0] OK
C:[30/10/2012 10:53:39.29][172.16.8.125][1263] SELECT par_cod_asig1,par_cod_asig2,par_cod_asig3 FROM tblaca009 WHERE pensum='5' AND c_uni_ca='6' AND c_asigna='311561' [1][0] OK
C:[30/10/2012 10:53:39.29][172.16.8.125][1263] SELECT par_cod_asig1,par_cod_asig2,par_cod_asig3 FROM tblaca009 WHERE pensum='5' AND c_uni_ca='6' AND c_asigna='342436' [1][0] OK
C:[30/10/2012 10:53:39.29][172.16.8.125][1263] SELECT par_cod_asig1,par_cod_asig2,par_cod_asig3 FROM tblaca009 WHERE pensum='5' AND c_uni_ca='6' AND c_asigna='343568' [1][0] OK
C:[30/10/2012 10:53:39.29][172.16.8.125][1263] SELECT par_cod_asig1,par_cod_asig2,par_cod_asig3 FROM tblaca009 WHERE pensum='5' AND c_uni_ca='6' AND c_asigna='344445' [1][0] OK
C:[30/10/2012 11:08:17.66][172.16.9.235][1219] SELECT pre_cod_asig1,pre_cod_asig2,pre_cod_asig3,pre_cod_asig4,pre_cod_asig5,pre_cod_asig6,pre_cod_asig7 FROM tblaca009 WHERE pensum='5' AND c_uni_ca='3' AND c_asigna='300207' [1][0] OK
C:[30/10/2012 11:08:17.66][172.16.9.235][1232] SELECT c_asigna FROM dace004 WHERE exp_e='10-24701919' AND c_asigna='300101' AND status IN ('0','3','B') [1][0] OK
C:[30/10/2012 11:08:17.66][172.16.9.235][1219] SELECT pre_cod_asig1,pre_cod_asig2,pre_cod_asig3,pre_cod_asig4,pre_cod_asig5,pre_cod_asig6,pre_cod_asig7 FROM tblaca009 WHERE pensum='5' AND c_uni_ca='3' AND c_asigna='300209' [1][0] OK
C:[30/10/2012 11:08:17.66][172.16.9.235][1232] SELECT c_asigna FROM dace004 WHERE exp_e='10-24701919' AND c_asigna='300101' AND status IN ('0','3','B') [1][0] OK
C:[30/10/2012 11:08:17.66][172.16.9.235][1219] SELECT pre_cod_asig1,pre_cod_asig2,pre_cod_asig3,pre_cod_asig4,pre_cod_asig5,pre_cod_asig6,pre_cod_asig7 FROM tblaca009 WHERE pensum='5' AND c_uni_ca='3' AND c_asigna='300228' [1][0] OK
C:[30/10/2012 11:08:17.66][172.16.9.235][1232] SELECT c_asigna FROM dace004 WHERE exp_e='10-24701919' AND c_asigna='300101' AND status IN ('0','3','B') [1][0] OK
C:[30/10/2012 11:08:17.41][172.16.9.235][1263] SELECT par_cod_asig1,par_cod_asig2,par_cod_asig3 FROM tblaca009 WHERE pensum='5' AND c_uni_ca='3' AND c_asigna='300207' [1][0] OK
C:[30/10/2012 11:08:17.41][172.16.9.235][1263] SELECT par_cod_asig1,par_cod_asig2,par_cod_asig3 FROM tblaca009 WHERE pensum='5' AND c_uni_ca='3' AND c_asigna='300209' [1][0] OK
C:[30/10/2012 11:08:17.41][172.16.9.235][1263] SELECT par_cod_asig1,par_cod_asig2,par_cod_asig3 FROM tblaca009 WHERE pensum='5' AND c_uni_ca='3' AND c_asigna='300228' [1][0] OK
C:[30/10/2012 14:05:12.42][172.16.12.173][1219] SELECT pre_cod_asig1,pre_cod_asig2,pre_cod_asig3,pre_cod_asig4,pre_cod_asig5,pre_cod_asig6,pre_cod_asig7 FROM tblaca009 WHERE pensum='5' AND c_uni_ca='3' AND c_asigna='300422' [1][0] OK
C:[30/10/2012 14:05:12.42][172.16.12.173][1232] SELECT c_asigna FROM dace004 WHERE exp_e='08-17303344' AND c_asigna='300105' AND status IN ('0','3','B') [1][0] OK
C:[30/10/2012 14:05:12.42][172.16.12.173][1232] SELECT c_asigna FROM dace004 WHERE exp_e='08-17303344' AND c_asigna='300314' AND status IN ('0','3','B') [1][0] OK
C:[30/10/2012 14:05:12.42][172.16.12.173][1219] SELECT pre_cod_asig1,pre_cod_asig2,pre_cod_asig3,pre_cod_asig4,pre_cod_asig5,pre_cod_asig6,pre_cod_asig7 FROM tblaca009 WHERE pensum='5' AND c_uni_ca='3' AND c_asigna='311554' [1][0] OK
C:[30/10/2012 14:05:12.42][172.16.12.173][1232] SELECT c_asigna FROM dace004 WHERE exp_e='08-17303344' AND c_asigna='300318' AND status IN ('0','3','B') [1][0] OK
C:[30/10/2012 14:05:12.42][172.16.12.173][1232] SELECT c_asigna FROM dace004 WHERE exp_e='08-17303344' AND c_asigna='300428' AND status IN ('0','3','B') [1][0] OK
C:[30/10/2012 14:05:12.42][172.16.12.173][1219] SELECT pre_cod_asig1,pre_cod_asig2,pre_cod_asig3,pre_cod_asig4,pre_cod_asig5,pre_cod_asig6,pre_cod_asig7 FROM tblaca009 WHERE pensum='5' AND c_uni_ca='3' AND c_asigna='311556' [1][0] OK
C:[30/10/2012 14:05:12.42][172.16.12.173][1232] SELECT c_asigna FROM dace004 WHERE exp_e='08-17303344' AND c_asigna='311434' AND status IN ('0','3','B') [1][0] OK
C:[30/10/2012 14:05:12.42][172.16.12.173][1232] SELECT c_asigna FROM dace004 WHERE exp_e='08-17303344' AND c_asigna='300222' AND status IN ('0','3','B') [1][0] OK
C:[30/10/2012 14:05:12.42][172.16.12.173][1232] SELECT c_asigna FROM dace004 WHERE exp_e='08-17303344' AND c_asigna='300226' AND status IN ('0','3','B') [1][0] OK
C:[30/10/2012 14:05:12.42][172.16.12.173][1232] SELECT c_asigna FROM dace004 WHERE exp_e='08-17303344' AND c_asigna='300209' AND status IN ('0','3','B') [1][0] OK
C:[30/10/2012 14:05:12.42][172.16.12.173][1219] SELECT pre_cod_asig1,pre_cod_asig2,pre_cod_asig3,pre_cod_asig4,pre_cod_asig5,pre_cod_asig6,pre_cod_asig7 FROM tblaca009 WHERE pensum='5' AND c_uni_ca='3' AND c_asigna='314662' [1][0] OK
C:[30/10/2012 14:05:12.42][172.16.12.173][1232] SELECT c_asigna FROM dace004 WHERE exp_e='08-17303344' AND c_asigna='311552' AND status IN ('0','3','B') [1][0] OK
C:[30/10/2012 14:05:12.42][172.16.12.173][1219] SELECT pre_cod_asig1,pre_cod_asig2,pre_cod_asig3,pre_cod_asig4,pre_cod_asig5,pre_cod_asig6,pre_cod_asig7 FROM tblaca009 WHERE pensum='5' AND c_uni_ca='3' AND c_asigna='315552' [1][0] OK
C:[30/10/2012 14:05:12.42][172.16.12.173][1232] SELECT c_asigna FROM dace004 WHERE exp_e='08-17303344' AND c_asigna='311430' AND status IN ('0','3','B') [1][0] OK
C:[30/10/2012 14:05:12.42][172.16.12.173][1232] SELECT c_asigna FROM dace004 WHERE exp_e='08-17303344' AND c_asigna='300222' AND status IN ('0','3','B') [1][0] OK
C:[30/10/2012 14:05:12.42][172.16.12.173][1232] SELECT c_asigna FROM dace004 WHERE exp_e='08-17303344' AND c_asigna='300226' AND status IN ('0','3','B') [1][0] OK
C:[30/10/2012 14:05:12.42][172.16.12.173][1232] SELECT c_asigna FROM dace004 WHERE exp_e='08-17303344' AND c_asigna='300209' AND status IN ('0','3','B') [1][0] OK
C:[30/10/2012 14:05:13.67][172.16.12.173][1263] SELECT par_cod_asig1,par_cod_asig2,par_cod_asig3 FROM tblaca009 WHERE pensum='5' AND c_uni_ca='3' AND c_asigna='300422' [1][0] OK
C:[30/10/2012 14:05:13.67][172.16.12.173][1263] SELECT par_cod_asig1,par_cod_asig2,par_cod_asig3 FROM tblaca009 WHERE pensum='5' AND c_uni_ca='3' AND c_asigna='311554' [1][0] OK
C:[30/10/2012 14:05:13.67][172.16.12.173][1263] SELECT par_cod_asig1,par_cod_asig2,par_cod_asig3 FROM tblaca009 WHERE pensum='5' AND c_uni_ca='3' AND c_asigna='311556' [1][0] OK
C:[30/10/2012 14:05:13.67][172.16.12.173][1277] SELECT c_asigna FROM dace004 WHERE exp_e='08-17303344' AND c_asigna='311551' AND status IN ('0','3','B','C') [1][0] OK
C:[30/10/2012 14:05:13.67][172.16.12.173][1263] SELECT par_cod_asig1,par_cod_asig2,par_cod_asig3 FROM tblaca009 WHERE pensum='5' AND c_uni_ca='3' AND c_asigna='314662' [1][0] OK
C:[30/10/2012 14:05:13.67][172.16.12.173][1263] SELECT par_cod_asig1,par_cod_asig2,par_cod_asig3 FROM tblaca009 WHERE pensum='5' AND c_uni_ca='3' AND c_asigna='315552' [1][0] OK
C:[30/10/2012 14:05:13.42][172.16.12.173][1334] SELECT c_asigna FROM tblaca009 WHERE pensum='5' AND c_uni_ca='3' AND ((par_cod_asig1='312444') OR (par_cod_asig2='312444') OR (par_cod_asig3='312444'))  [0][0] OK
C:[30/10/2012 14:05:13.42][172.16.12.173][1334] SELECT c_asigna FROM tblaca009 WHERE pensum='5' AND c_uni_ca='3' AND ((par_cod_asig1='310548') OR (par_cod_asig2='310548') OR (par_cod_asig3='310548'))  [0][0] OK
C:[30/10/2012 14:11:31.22][172.16.12.173][1219] SELECT pre_cod_asig1,pre_cod_asig2,pre_cod_asig3,pre_cod_asig4,pre_cod_asig5,pre_cod_asig6,pre_cod_asig7 FROM tblaca009 WHERE pensum='5' AND c_uni_ca='3' AND c_asigna='300422' [1][0] OK
C:[30/10/2012 14:11:31.22][172.16.12.173][1232] SELECT c_asigna FROM dace004 WHERE exp_e='08-17303344' AND c_asigna='300105' AND status IN ('0','3','B') [1][0] OK
C:[30/10/2012 14:11:31.22][172.16.12.173][1232] SELECT c_asigna FROM dace004 WHERE exp_e='08-17303344' AND c_asigna='300314' AND status IN ('0','3','B') [1][0] OK
C:[30/10/2012 14:11:31.22][172.16.12.173][1219] SELECT pre_cod_asig1,pre_cod_asig2,pre_cod_asig3,pre_cod_asig4,pre_cod_asig5,pre_cod_asig6,pre_cod_asig7 FROM tblaca009 WHERE pensum='5' AND c_uni_ca='3' AND c_asigna='310548' [1][0] OK
C:[30/10/2012 14:11:31.22][172.16.12.173][1232] SELECT c_asigna FROM dace004 WHERE exp_e='08-17303344' AND c_asigna='300428' AND status IN ('0','3','B') [1][0] OK
C:[30/10/2012 14:11:31.22][172.16.12.173][1232] SELECT c_asigna FROM dace004 WHERE exp_e='08-17303344' AND c_asigna='300313' AND status IN ('0','3','B') [1][0] OK
C:[30/10/2012 14:11:31.22][172.16.12.173][1232] SELECT c_asigna FROM dace004 WHERE exp_e='08-17303344' AND c_asigna='300222' AND status IN ('0','3','B') [1][0] OK
C:[30/10/2012 14:11:31.22][172.16.12.173][1232] SELECT c_asigna FROM dace004 WHERE exp_e='08-17303344' AND c_asigna='300226' AND status IN ('0','3','B') [1][0] OK
C:[30/10/2012 14:11:31.22][172.16.12.173][1232] SELECT c_asigna FROM dace004 WHERE exp_e='08-17303344' AND c_asigna='300209' AND status IN ('0','3','B') [1][0] OK
C:[30/10/2012 14:11:31.22][172.16.12.173][1219] SELECT pre_cod_asig1,pre_cod_asig2,pre_cod_asig3,pre_cod_asig4,pre_cod_asig5,pre_cod_asig6,pre_cod_asig7 FROM tblaca009 WHERE pensum='5' AND c_uni_ca='3' AND c_asigna='311554' [1][0] OK
C:[30/10/2012 14:11:31.22][172.16.12.173][1232] SELECT c_asigna FROM dace004 WHERE exp_e='08-17303344' AND c_asigna='300318' AND status IN ('0','3','B') [1][0] OK
C:[30/10/2012 14:11:31.22][172.16.12.173][1232] SELECT c_asigna FROM dace004 WHERE exp_e='08-17303344' AND c_asigna='300428' AND status IN ('0','3','B') [1][0] OK
C:[30/10/2012 14:11:31.22][172.16.12.173][1219] SELECT pre_cod_asig1,pre_cod_asig2,pre_cod_asig3,pre_cod_asig4,pre_cod_asig5,pre_cod_asig6,pre_cod_asig7 FROM tblaca009 WHERE pensum='5' AND c_uni_ca='3' AND c_asigna='312444' [1][0] OK
C:[30/10/2012 14:11:31.22][172.16.12.173][1232] SELECT c_asigna FROM dace004 WHERE exp_e='08-17303344' AND c_asigna='312333' AND status IN ('0','3','B') [1][0] OK
C:[30/10/2012 14:11:31.22][172.16.12.173][1219] SELECT pre_cod_asig1,pre_cod_asig2,pre_cod_asig3,pre_cod_asig4,pre_cod_asig5,pre_cod_asig6,pre_cod_asig7 FROM tblaca009 WHERE pensum='5' AND c_uni_ca='3' AND c_asigna='314662' [1][0] OK
C:[30/10/2012 14:11:31.22][172.16.12.173][1232] SELECT c_asigna FROM dace004 WHERE exp_e='08-17303344' AND c_asigna='311552' AND status IN ('0','3','B') [1][0] OK
C:[30/10/2012 14:11:31.22][172.16.12.173][1219] SELECT pre_cod_asig1,pre_cod_asig2,pre_cod_asig3,pre_cod_asig4,pre_cod_asig5,pre_cod_asig6,pre_cod_asig7 FROM tblaca009 WHERE pensum='5' AND c_uni_ca='3' AND c_asigna='315552' [1][0] OK
C:[30/10/2012 14:11:31.22][172.16.12.173][1232] SELECT c_asigna FROM dace004 WHERE exp_e='08-17303344' AND c_asigna='311430' AND status IN ('0','3','B') [1][0] OK
C:[30/10/2012 14:11:31.22][172.16.12.173][1232] SELECT c_asigna FROM dace004 WHERE exp_e='08-17303344' AND c_asigna='300222' AND status IN ('0','3','B') [1][0] OK
C:[30/10/2012 14:11:31.22][172.16.12.173][1232] SELECT c_asigna FROM dace004 WHERE exp_e='08-17303344' AND c_asigna='300226' AND status IN ('0','3','B') [1][0] OK
C:[30/10/2012 14:11:31.22][172.16.12.173][1232] SELECT c_asigna FROM dace004 WHERE exp_e='08-17303344' AND c_asigna='300209' AND status IN ('0','3','B') [1][0] OK
C:[30/10/2012 14:11:32.85][172.16.12.173][1263] SELECT par_cod_asig1,par_cod_asig2,par_cod_asig3 FROM tblaca009 WHERE pensum='5' AND c_uni_ca='3' AND c_asigna='300422' [1][0] OK
C:[30/10/2012 14:11:32.85][172.16.12.173][1263] SELECT par_cod_asig1,par_cod_asig2,par_cod_asig3 FROM tblaca009 WHERE pensum='5' AND c_uni_ca='3' AND c_asigna='310548' [1][0] OK
C:[30/10/2012 14:11:32.85][172.16.12.173][1263] SELECT par_cod_asig1,par_cod_asig2,par_cod_asig3 FROM tblaca009 WHERE pensum='5' AND c_uni_ca='3' AND c_asigna='311554' [1][0] OK
C:[30/10/2012 14:11:32.85][172.16.12.173][1263] SELECT par_cod_asig1,par_cod_asig2,par_cod_asig3 FROM tblaca009 WHERE pensum='5' AND c_uni_ca='3' AND c_asigna='312444' [1][0] OK
C:[30/10/2012 14:11:32.85][172.16.12.173][1263] SELECT par_cod_asig1,par_cod_asig2,par_cod_asig3 FROM tblaca009 WHERE pensum='5' AND c_uni_ca='3' AND c_asigna='314662' [1][0] OK
C:[30/10/2012 14:11:32.85][172.16.12.173][1263] SELECT par_cod_asig1,par_cod_asig2,par_cod_asig3 FROM tblaca009 WHERE pensum='5' AND c_uni_ca='3' AND c_asigna='315552' [1][0] OK
C:[30/10/2012 14:11:32.60][172.16.12.173][1334] SELECT c_asigna FROM tblaca009 WHERE pensum='5' AND c_uni_ca='3' AND ((par_cod_asig1='311556') OR (par_cod_asig2='311556') OR (par_cod_asig3='311556'))  [0][0] OK
C:[30/10/2012 14:13:23.91][172.16.8.247][1219] SELECT pre_cod_asig1,pre_cod_asig2,pre_cod_asig3,pre_cod_asig4,pre_cod_asig5,pre_cod_asig6,pre_cod_asig7 FROM tblaca009 WHERE pensum='5' AND c_uni_ca='3' AND c_asigna='300422' [1][0] OK
C:[30/10/2012 14:13:23.91][172.16.8.247][1232] SELECT c_asigna FROM dace004 WHERE exp_e='07-19703537' AND c_asigna='300105' AND status IN ('0','3','B') [1][0] OK
C:[30/10/2012 14:13:23.91][172.16.8.247][1232] SELECT c_asigna FROM dace004 WHERE exp_e='07-19703537' AND c_asigna='300314' AND status IN ('0','3','B') [1][0] OK
C:[30/10/2012 14:13:23.91][172.16.8.247][1219] SELECT pre_cod_asig1,pre_cod_asig2,pre_cod_asig3,pre_cod_asig4,pre_cod_asig5,pre_cod_asig6,pre_cod_asig7 FROM tblaca009 WHERE pensum='5' AND c_uni_ca='3' AND c_asigna='311430' [1][0] OK
C:[30/10/2012 14:13:23.91][172.16.8.247][1232] SELECT c_asigna FROM dace004 WHERE exp_e='07-19703537' AND c_asigna='300317' AND status IN ('0','3','B') [1][0] OK
C:[30/10/2012 14:13:23.91][172.16.8.247][1232] SELECT c_asigna FROM dace004 WHERE exp_e='07-19703537' AND c_asigna='300318' AND status IN ('0','3','B') [1][0] OK
C:[30/10/2012 14:13:23.91][172.16.8.247][1232] SELECT c_asigna FROM dace004 WHERE exp_e='07-19703537' AND c_asigna='300313' AND status IN ('0','3','B') [1][0] OK
C:[30/10/2012 14:13:23.91][172.16.8.247][1232] SELECT c_asigna FROM dace004 WHERE exp_e='07-19703537' AND c_asigna='300222' AND status IN ('0','3','B') [1][0] OK
C:[30/10/2012 14:13:23.91][172.16.8.247][1232] SELECT c_asigna FROM dace004 WHERE exp_e='07-19703537' AND c_asigna='300226' AND status IN ('0','3','B') [1][0] OK
C:[30/10/2012 14:13:23.91][172.16.8.247][1232] SELECT c_asigna FROM dace004 WHERE exp_e='07-19703537' AND c_asigna='300209' AND status IN ('0','3','B') [1][0] OK
C:[30/10/2012 14:13:23.91][172.16.8.247][1219] SELECT pre_cod_asig1,pre_cod_asig2,pre_cod_asig3,pre_cod_asig4,pre_cod_asig5,pre_cod_asig6,pre_cod_asig7 FROM tblaca009 WHERE pensum='5' AND c_uni_ca='3' AND c_asigna='311434' [1][0] OK
C:[30/10/2012 14:13:23.91][172.16.8.247][1232] SELECT c_asigna FROM dace004 WHERE exp_e='07-19703537' AND c_asigna='300222' AND status IN ('0','3','B') [1][0] OK
C:[30/10/2012 14:13:23.91][172.16.8.247][1232] SELECT c_asigna FROM dace004 WHERE exp_e='07-19703537' AND c_asigna='300226' AND status IN ('0','3','B') [1][0] OK
C:[30/10/2012 14:13:23.91][172.16.8.247][1232] SELECT c_asigna FROM dace004 WHERE exp_e='07-19703537' AND c_asigna='300209' AND status IN ('0','3','B') [1][0] OK
C:[30/10/2012 14:13:23.91][172.16.8.247][1219] SELECT pre_cod_asig1,pre_cod_asig2,pre_cod_asig3,pre_cod_asig4,pre_cod_asig5,pre_cod_asig6,pre_cod_asig7 FROM tblaca009 WHERE pensum='5' AND c_uni_ca='3' AND c_asigna='311552' [1][0] OK
C:[30/10/2012 14:13:23.91][172.16.8.247][1232] SELECT c_asigna FROM dace004 WHERE exp_e='07-19703537' AND c_asigna='300317' AND status IN ('0','3','B') [1][0] OK
C:[30/10/2012 14:13:23.91][172.16.8.247][1232] SELECT c_asigna FROM dace004 WHERE exp_e='07-19703537' AND c_asigna='300209' AND status IN ('0','3','B') [1][0] OK
C:[30/10/2012 14:13:23.91][172.16.8.247][1219] SELECT pre_cod_asig1,pre_cod_asig2,pre_cod_asig3,pre_cod_asig4,pre_cod_asig5,pre_cod_asig6,pre_cod_asig7 FROM tblaca009 WHERE pensum='5' AND c_uni_ca='3' AND c_asigna='311554' [1][0] OK
C:[30/10/2012 14:13:23.91][172.16.8.247][1232] SELECT c_asigna FROM dace004 WHERE exp_e='07-19703537' AND c_asigna='300318' AND status IN ('0','3','B') [1][0] OK
C:[30/10/2012 14:13:23.91][172.16.8.247][1232] SELECT c_asigna FROM dace004 WHERE exp_e='07-19703537' AND c_asigna='300428' AND status IN ('0','3','B') [1][0] OK
C:[30/10/2012 14:13:24.97][172.16.8.247][1263] SELECT par_cod_asig1,par_cod_asig2,par_cod_asig3 FROM tblaca009 WHERE pensum='5' AND c_uni_ca='3' AND c_asigna='300422' [1][0] OK
C:[30/10/2012 14:13:24.97][172.16.8.247][1263] SELECT par_cod_asig1,par_cod_asig2,par_cod_asig3 FROM tblaca009 WHERE pensum='5' AND c_uni_ca='3' AND c_asigna='311430' [1][0] OK
C:[30/10/2012 14:13:24.97][172.16.8.247][1263] SELECT par_cod_asig1,par_cod_asig2,par_cod_asig3 FROM tblaca009 WHERE pensum='5' AND c_uni_ca='3' AND c_asigna='311434' [1][0] OK
C:[30/10/2012 14:13:24.97][172.16.8.247][1277] SELECT c_asigna FROM dace004 WHERE exp_e='07-19703537' AND c_asigna='311431' AND status IN ('0','3','B','C') [1][0] OK
C:[30/10/2012 14:13:24.97][172.16.8.247][1263] SELECT par_cod_asig1,par_cod_asig2,par_cod_asig3 FROM tblaca009 WHERE pensum='5' AND c_uni_ca='3' AND c_asigna='311552' [1][0] OK
C:[30/10/2012 14:13:24.97][172.16.8.247][1263] SELECT par_cod_asig1,par_cod_asig2,par_cod_asig3 FROM tblaca009 WHERE pensum='5' AND c_uni_ca='3' AND c_asigna='311554' [1][0] OK
C:[30/10/2012 14:13:24.72][172.16.8.247][1334] SELECT c_asigna FROM tblaca009 WHERE pensum='5' AND c_uni_ca='3' AND ((par_cod_asig1='310548') OR (par_cod_asig2='310548') OR (par_cod_asig3='310548'))  [0][0] OK
C:[30/10/2012 14:19:19.27][172.16.8.247][1219] SELECT pre_cod_asig1,pre_cod_asig2,pre_cod_asig3,pre_cod_asig4,pre_cod_asig5,pre_cod_asig6,pre_cod_asig7 FROM tblaca009 WHERE pensum='5' AND c_uni_ca='3' AND c_asigna='300013' [1][0] OK
C:[30/10/2012 14:19:19.27][172.16.8.247][1219] SELECT pre_cod_asig1,pre_cod_asig2,pre_cod_asig3,pre_cod_asig4,pre_cod_asig5,pre_cod_asig6,pre_cod_asig7 FROM tblaca009 WHERE pensum='5' AND c_uni_ca='3' AND c_asigna='300313' [1][0] OK
C:[30/10/2012 14:19:19.27][172.16.8.247][1232] SELECT c_asigna FROM dace004 WHERE exp_e='10-20299529' AND c_asigna='300213' AND status IN ('0','3','B') [1][0] OK
C:[30/10/2012 14:19:19.27][172.16.8.247][1232] SELECT c_asigna FROM dace004 WHERE exp_e='10-20299529' AND c_asigna='300226' AND status IN ('0','3','B') [1][0] OK
C:[30/10/2012 14:19:19.27][172.16.8.247][1232] SELECT c_asigna FROM dace004 WHERE exp_e='10-20299529' AND c_asigna='300222' AND status IN ('0','3','B') [1][0] OK
C:[30/10/2012 14:19:19.27][172.16.8.247][1232] SELECT c_asigna FROM dace004 WHERE exp_e='10-20299529' AND c_asigna='300209' AND status IN ('0','3','B') [1][0] OK
C:[30/10/2012 14:19:19.27][172.16.8.247][1219] SELECT pre_cod_asig1,pre_cod_asig2,pre_cod_asig3,pre_cod_asig4,pre_cod_asig5,pre_cod_asig6,pre_cod_asig7 FROM tblaca009 WHERE pensum='5' AND c_uni_ca='3' AND c_asigna='300318' [1][0] OK
C:[30/10/2012 14:19:19.27][172.16.8.247][1232] SELECT c_asigna FROM dace004 WHERE exp_e='10-20299529' AND c_asigna='300228' AND status IN ('0','3','B') [1][0] OK
C:[30/10/2012 14:19:19.27][172.16.8.247][1232] SELECT c_asigna FROM dace004 WHERE exp_e='10-20299529' AND c_asigna='300207' AND status IN ('0','3','B') [1][0] OK
C:[30/10/2012 14:19:19.27][172.16.8.247][1232] SELECT c_asigna FROM dace004 WHERE exp_e='10-20299529' AND c_asigna='300218' AND status IN ('0','3','B') [1][0] OK
C:[30/10/2012 14:19:19.52][172.16.8.247][1263] SELECT par_cod_asig1,par_cod_asig2,par_cod_asig3 FROM tblaca009 WHERE pensum='5' AND c_uni_ca='3' AND c_asigna='300013' [1][0] OK
C:[30/10/2012 14:19:19.52][172.16.8.247][1263] SELECT par_cod_asig1,par_cod_asig2,par_cod_asig3 FROM tblaca009 WHERE pensum='5' AND c_uni_ca='3' AND c_asigna='300313' [1][0] OK
C:[30/10/2012 14:19:19.52][172.16.8.247][1263] SELECT par_cod_asig1,par_cod_asig2,par_cod_asig3 FROM tblaca009 WHERE pensum='5' AND c_uni_ca='3' AND c_asigna='300318' [1][0] OK
C:[30/10/2012 14:19:19.90][172.16.8.247][1334] SELECT c_asigna FROM tblaca009 WHERE pensum='5' AND c_uni_ca='3' AND ((par_cod_asig1='311552') OR (par_cod_asig2='311552') OR (par_cod_asig3='311552'))  [0][0] OK
C:[30/10/2012 14:20:07.38][172.16.8.247][1219] SELECT pre_cod_asig1,pre_cod_asig2,pre_cod_asig3,pre_cod_asig4,pre_cod_asig5,pre_cod_asig6,pre_cod_asig7 FROM tblaca009 WHERE pensum='5' AND c_uni_ca='3' AND c_asigna='300428' [1][0] OK
C:[30/10/2012 14:20:07.38][172.16.8.247][1232] SELECT c_asigna FROM dace004 WHERE exp_e='10-20299529' AND c_asigna='300317' AND status IN ('0','3','B') [1][0] OK
C:[30/10/2012 14:20:07.38][172.16.8.247][1232] SELECT c_asigna FROM dace004 WHERE exp_e='10-20299529' AND c_asigna='300209' AND status IN ('0','3','B') [1][0] OK
C:[30/10/2012 14:20:07.38][172.16.8.247][1219] SELECT pre_cod_asig1,pre_cod_asig2,pre_cod_asig3,pre_cod_asig4,pre_cod_asig5,pre_cod_asig6,pre_cod_asig7 FROM tblaca009 WHERE pensum='5' AND c_uni_ca='3' AND c_asigna='300013' [1][0] OK
C:[30/10/2012 14:20:07.38][172.16.8.247][1219] SELECT pre_cod_asig1,pre_cod_asig2,pre_cod_asig3,pre_cod_asig4,pre_cod_asig5,pre_cod_asig6,pre_cod_asig7 FROM tblaca009 WHERE pensum='5' AND c_uni_ca='3' AND c_asigna='300313' [1][0] OK
C:[30/10/2012 14:20:07.38][172.16.8.247][1232] SELECT c_asigna FROM dace004 WHERE exp_e='10-20299529' AND c_asigna='300213' AND status IN ('0','3','B') [1][0] OK
C:[30/10/2012 14:20:07.38][172.16.8.247][1232] SELECT c_asigna FROM dace004 WHERE exp_e='10-20299529' AND c_asigna='300226' AND status IN ('0','3','B') [1][0] OK
C:[30/10/2012 14:20:07.38][172.16.8.247][1232] SELECT c_asigna FROM dace004 WHERE exp_e='10-20299529' AND c_asigna='300222' AND status IN ('0','3','B') [1][0] OK
C:[30/10/2012 14:20:07.38][172.16.8.247][1232] SELECT c_asigna FROM dace004 WHERE exp_e='10-20299529' AND c_asigna='300209' AND status IN ('0','3','B') [1][0] OK
C:[30/10/2012 14:20:07.38][172.16.8.247][1219] SELECT pre_cod_asig1,pre_cod_asig2,pre_cod_asig3,pre_cod_asig4,pre_cod_asig5,pre_cod_asig6,pre_cod_asig7 FROM tblaca009 WHERE pensum='5' AND c_uni_ca='3' AND c_asigna='300318' [1][0] OK
C:[30/10/2012 14:20:07.38][172.16.8.247][1232] SELECT c_asigna FROM dace004 WHERE exp_e='10-20299529' AND c_asigna='300228' AND status IN ('0','3','B') [1][0] OK
C:[30/10/2012 14:20:07.38][172.16.8.247][1232] SELECT c_asigna FROM dace004 WHERE exp_e='10-20299529' AND c_asigna='300207' AND status IN ('0','3','B') [1][0] OK
C:[30/10/2012 14:20:07.38][172.16.8.247][1232] SELECT c_asigna FROM dace004 WHERE exp_e='10-20299529' AND c_asigna='300218' AND status IN ('0','3','B') [1][0] OK
C:[30/10/2012 14:20:07.01][172.16.8.247][1263] SELECT par_cod_asig1,par_cod_asig2,par_cod_asig3 FROM tblaca009 WHERE pensum='5' AND c_uni_ca='3' AND c_asigna='300428' [1][0] OK
C:[30/10/2012 14:20:07.01][172.16.8.247][1263] SELECT par_cod_asig1,par_cod_asig2,par_cod_asig3 FROM tblaca009 WHERE pensum='5' AND c_uni_ca='3' AND c_asigna='300013' [1][0] OK
C:[30/10/2012 14:20:07.01][172.16.8.247][1263] SELECT par_cod_asig1,par_cod_asig2,par_cod_asig3 FROM tblaca009 WHERE pensum='5' AND c_uni_ca='3' AND c_asigna='300313' [1][0] OK
C:[30/10/2012 14:20:07.01][172.16.8.247][1263] SELECT par_cod_asig1,par_cod_asig2,par_cod_asig3 FROM tblaca009 WHERE pensum='5' AND c_uni_ca='3' AND c_asigna='300318' [1][0] OK
C:[30/10/2012 14:20:38.77][172.16.12.173][1219] SELECT pre_cod_asig1,pre_cod_asig2,pre_cod_asig3,pre_cod_asig4,pre_cod_asig5,pre_cod_asig6,pre_cod_asig7 FROM tblaca009 WHERE pensum='5' AND c_uni_ca='3' AND c_asigna='311556' [1][0] OK
C:[30/10/2012 14:20:38.77][172.16.12.173][1232] SELECT c_asigna FROM dace004 WHERE exp_e='08-17303344' AND c_asigna='311434' AND status IN ('0','3','B') [1][0] OK
C:[30/10/2012 14:20:38.77][172.16.12.173][1232] SELECT c_asigna FROM dace004 WHERE exp_e='08-17303344' AND c_asigna='300222' AND status IN ('0','3','B') [1][0] OK
C:[30/10/2012 14:20:38.77][172.16.12.173][1232] SELECT c_asigna FROM dace004 WHERE exp_e='08-17303344' AND c_asigna='300226' AND status IN ('0','3','B') [1][0] OK
C:[30/10/2012 14:20:38.77][172.16.12.173][1232] SELECT c_asigna FROM dace004 WHERE exp_e='08-17303344' AND c_asigna='300209' AND status IN ('0','3','B') [1][0] OK
C:[30/10/2012 14:20:38.77][172.16.12.173][1219] SELECT pre_cod_asig1,pre_cod_asig2,pre_cod_asig3,pre_cod_asig4,pre_cod_asig5,pre_cod_asig6,pre_cod_asig7 FROM tblaca009 WHERE pensum='5' AND c_uni_ca='3' AND c_asigna='300422' [1][0] OK
C:[30/10/2012 14:20:38.77][172.16.12.173][1232] SELECT c_asigna FROM dace004 WHERE exp_e='08-17303344' AND c_asigna='300105' AND status IN ('0','3','B') [1][0] OK
C:[30/10/2012 14:20:38.77][172.16.12.173][1232] SELECT c_asigna FROM dace004 WHERE exp_e='08-17303344' AND c_asigna='300314' AND status IN ('0','3','B') [1][0] OK
C:[30/10/2012 14:20:38.77][172.16.12.173][1219] SELECT pre_cod_asig1,pre_cod_asig2,pre_cod_asig3,pre_cod_asig4,pre_cod_asig5,pre_cod_asig6,pre_cod_asig7 FROM tblaca009 WHERE pensum='5' AND c_uni_ca='3' AND c_asigna='310548' [1][0] OK
C:[30/10/2012 14:20:38.77][172.16.12.173][1232] SELECT c_asigna FROM dace004 WHERE exp_e='08-17303344' AND c_asigna='300428' AND status IN ('0','3','B') [1][0] OK
C:[30/10/2012 14:20:38.77][172.16.12.173][1232] SELECT c_asigna FROM dace004 WHERE exp_e='08-17303344' AND c_asigna='300313' AND status IN ('0','3','B') [1][0] OK
C:[30/10/2012 14:20:38.77][172.16.12.173][1232] SELECT c_asigna FROM dace004 WHERE exp_e='08-17303344' AND c_asigna='300222' AND status IN ('0','3','B') [1][0] OK
C:[30/10/2012 14:20:38.77][172.16.12.173][1232] SELECT c_asigna FROM dace004 WHERE exp_e='08-17303344' AND c_asigna='300226' AND status IN ('0','3','B') [1][0] OK
C:[30/10/2012 14:20:38.77][172.16.12.173][1232] SELECT c_asigna FROM dace004 WHERE exp_e='08-17303344' AND c_asigna='300209' AND status IN ('0','3','B') [1][0] OK
C:[30/10/2012 14:20:38.77][172.16.12.173][1219] SELECT pre_cod_asig1,pre_cod_asig2,pre_cod_asig3,pre_cod_asig4,pre_cod_asig5,pre_cod_asig6,pre_cod_asig7 FROM tblaca009 WHERE pensum='5' AND c_uni_ca='3' AND c_asigna='311554' [1][0] OK
C:[30/10/2012 14:20:38.77][172.16.12.173][1232] SELECT c_asigna FROM dace004 WHERE exp_e='08-17303344' AND c_asigna='300318' AND status IN ('0','3','B') [1][0] OK
C:[30/10/2012 14:20:38.77][172.16.12.173][1232] SELECT c_asigna FROM dace004 WHERE exp_e='08-17303344' AND c_asigna='300428' AND status IN ('0','3','B') [1][0] OK
C:[30/10/2012 14:20:38.77][172.16.12.173][1219] SELECT pre_cod_asig1,pre_cod_asig2,pre_cod_asig3,pre_cod_asig4,pre_cod_asig5,pre_cod_asig6,pre_cod_asig7 FROM tblaca009 WHERE pensum='5' AND c_uni_ca='3' AND c_asigna='312444' [1][0] OK
C:[30/10/2012 14:20:38.77][172.16.12.173][1232] SELECT c_asigna FROM dace004 WHERE exp_e='08-17303344' AND c_asigna='312333' AND status IN ('0','3','B') [1][0] OK
C:[30/10/2012 14:20:38.77][172.16.12.173][1219] SELECT pre_cod_asig1,pre_cod_asig2,pre_cod_asig3,pre_cod_asig4,pre_cod_asig5,pre_cod_asig6,pre_cod_asig7 FROM tblaca009 WHERE pensum='5' AND c_uni_ca='3' AND c_asigna='314662' [1][0] OK
C:[30/10/2012 14:20:38.77][172.16.12.173][1232] SELECT c_asigna FROM dace004 WHERE exp_e='08-17303344' AND c_asigna='311552' AND status IN ('0','3','B') [1][0] OK
C:[30/10/2012 14:20:38.77][172.16.12.173][1219] SELECT pre_cod_asig1,pre_cod_asig2,pre_cod_asig3,pre_cod_asig4,pre_cod_asig5,pre_cod_asig6,pre_cod_asig7 FROM tblaca009 WHERE pensum='5' AND c_uni_ca='3' AND c_asigna='315552' [1][0] OK
C:[30/10/2012 14:20:38.77][172.16.12.173][1232] SELECT c_asigna FROM dace004 WHERE exp_e='08-17303344' AND c_asigna='311430' AND status IN ('0','3','B') [1][0] OK
C:[30/10/2012 14:20:38.77][172.16.12.173][1232] SELECT c_asigna FROM dace004 WHERE exp_e='08-17303344' AND c_asigna='300222' AND status IN ('0','3','B') [1][0] OK
C:[30/10/2012 14:20:38.77][172.16.12.173][1232] SELECT c_asigna FROM dace004 WHERE exp_e='08-17303344' AND c_asigna='300226' AND status IN ('0','3','B') [1][0] OK
C:[30/10/2012 14:20:38.77][172.16.12.173][1232] SELECT c_asigna FROM dace004 WHERE exp_e='08-17303344' AND c_asigna='300209' AND status IN ('0','3','B') [1][0] OK
C:[30/10/2012 14:20:39.02][172.16.12.173][1263] SELECT par_cod_asig1,par_cod_asig2,par_cod_asig3 FROM tblaca009 WHERE pensum='5' AND c_uni_ca='3' AND c_asigna='311556' [1][0] OK
C:[30/10/2012 14:20:39.02][172.16.12.173][1277] SELECT c_asigna FROM dace004 WHERE exp_e='08-17303344' AND c_asigna='311551' AND status IN ('0','3','B','C') [1][0] OK
C:[30/10/2012 14:20:39.02][172.16.12.173][1263] SELECT par_cod_asig1,par_cod_asig2,par_cod_asig3 FROM tblaca009 WHERE pensum='5' AND c_uni_ca='3' AND c_asigna='300422' [1][0] OK
C:[30/10/2012 14:20:39.02][172.16.12.173][1263] SELECT par_cod_asig1,par_cod_asig2,par_cod_asig3 FROM tblaca009 WHERE pensum='5' AND c_uni_ca='3' AND c_asigna='310548' [1][0] OK
C:[30/10/2012 14:20:39.02][172.16.12.173][1263] SELECT par_cod_asig1,par_cod_asig2,par_cod_asig3 FROM tblaca009 WHERE pensum='5' AND c_uni_ca='3' AND c_asigna='311554' [1][0] OK
C:[30/10/2012 14:20:39.02][172.16.12.173][1263] SELECT par_cod_asig1,par_cod_asig2,par_cod_asig3 FROM tblaca009 WHERE pensum='5' AND c_uni_ca='3' AND c_asigna='312444' [1][0] OK
C:[30/10/2012 14:20:39.02][172.16.12.173][1263] SELECT par_cod_asig1,par_cod_asig2,par_cod_asig3 FROM tblaca009 WHERE pensum='5' AND c_uni_ca='3' AND c_asigna='314662' [1][0] OK
C:[30/10/2012 14:20:39.02][172.16.12.173][1263] SELECT par_cod_asig1,par_cod_asig2,par_cod_asig3 FROM tblaca009 WHERE pensum='5' AND c_uni_ca='3' AND c_asigna='315552' [1][0] OK
C:[30/10/2012 14:25:05.20][172.16.12.173][1219] SELECT pre_cod_asig1,pre_cod_asig2,pre_cod_asig3,pre_cod_asig4,pre_cod_asig5,pre_cod_asig6,pre_cod_asig7 FROM tblaca009 WHERE pensum='5' AND c_uni_ca='3' AND c_asigna='300422' [1][0] OK
C:[30/10/2012 14:25:05.20][172.16.12.173][1232] SELECT c_asigna FROM dace004 WHERE exp_e='08-17303344' AND c_asigna='300105' AND status IN ('0','3','B') [1][0] OK
C:[30/10/2012 14:25:05.20][172.16.12.173][1232] SELECT c_asigna FROM dace004 WHERE exp_e='08-17303344' AND c_asigna='300314' AND status IN ('0','3','B') [1][0] OK
C:[30/10/2012 14:25:05.20][172.16.12.173][1219] SELECT pre_cod_asig1,pre_cod_asig2,pre_cod_asig3,pre_cod_asig4,pre_cod_asig5,pre_cod_asig6,pre_cod_asig7 FROM tblaca009 WHERE pensum='5' AND c_uni_ca='3' AND c_asigna='310548' [1][0] OK
C:[30/10/2012 14:25:05.20][172.16.12.173][1232] SELECT c_asigna FROM dace004 WHERE exp_e='08-17303344' AND c_asigna='300428' AND status IN ('0','3','B') [1][0] OK
C:[30/10/2012 14:25:05.20][172.16.12.173][1232] SELECT c_asigna FROM dace004 WHERE exp_e='08-17303344' AND c_asigna='300313' AND status IN ('0','3','B') [1][0] OK
C:[30/10/2012 14:25:05.20][172.16.12.173][1232] SELECT c_asigna FROM dace004 WHERE exp_e='08-17303344' AND c_asigna='300222' AND status IN ('0','3','B') [1][0] OK
C:[30/10/2012 14:25:05.20][172.16.12.173][1232] SELECT c_asigna FROM dace004 WHERE exp_e='08-17303344' AND c_asigna='300226' AND status IN ('0','3','B') [1][0] OK
C:[30/10/2012 14:25:05.20][172.16.12.173][1232] SELECT c_asigna FROM dace004 WHERE exp_e='08-17303344' AND c_asigna='300209' AND status IN ('0','3','B') [1][0] OK
C:[30/10/2012 14:25:05.20][172.16.12.173][1219] SELECT pre_cod_asig1,pre_cod_asig2,pre_cod_asig3,pre_cod_asig4,pre_cod_asig5,pre_cod_asig6,pre_cod_asig7 FROM tblaca009 WHERE pensum='5' AND c_uni_ca='3' AND c_asigna='311554' [1][0] OK
C:[30/10/2012 14:25:05.20][172.16.12.173][1232] SELECT c_asigna FROM dace004 WHERE exp_e='08-17303344' AND c_asigna='300318' AND status IN ('0','3','B') [1][0] OK
C:[30/10/2012 14:25:05.20][172.16.12.173][1232] SELECT c_asigna FROM dace004 WHERE exp_e='08-17303344' AND c_asigna='300428' AND status IN ('0','3','B') [1][0] OK
C:[30/10/2012 14:25:05.20][172.16.12.173][1219] SELECT pre_cod_asig1,pre_cod_asig2,pre_cod_asig3,pre_cod_asig4,pre_cod_asig5,pre_cod_asig6,pre_cod_asig7 FROM tblaca009 WHERE pensum='5' AND c_uni_ca='3' AND c_asigna='312444' [1][0] OK
C:[30/10/2012 14:25:05.20][172.16.12.173][1232] SELECT c_asigna FROM dace004 WHERE exp_e='08-17303344' AND c_asigna='312333' AND status IN ('0','3','B') [1][0] OK
C:[30/10/2012 14:25:05.20][172.16.12.173][1219] SELECT pre_cod_asig1,pre_cod_asig2,pre_cod_asig3,pre_cod_asig4,pre_cod_asig5,pre_cod_asig6,pre_cod_asig7 FROM tblaca009 WHERE pensum='5' AND c_uni_ca='3' AND c_asigna='314662' [1][0] OK
C:[30/10/2012 14:25:05.20][172.16.12.173][1232] SELECT c_asigna FROM dace004 WHERE exp_e='08-17303344' AND c_asigna='311552' AND status IN ('0','3','B') [1][0] OK
C:[30/10/2012 14:25:05.20][172.16.12.173][1219] SELECT pre_cod_asig1,pre_cod_asig2,pre_cod_asig3,pre_cod_asig4,pre_cod_asig5,pre_cod_asig6,pre_cod_asig7 FROM tblaca009 WHERE pensum='5' AND c_uni_ca='3' AND c_asigna='315552' [1][0] OK
C:[30/10/2012 14:25:05.20][172.16.12.173][1232] SELECT c_asigna FROM dace004 WHERE exp_e='08-17303344' AND c_asigna='311430' AND status IN ('0','3','B') [1][0] OK
C:[30/10/2012 14:25:05.20][172.16.12.173][1232] SELECT c_asigna FROM dace004 WHERE exp_e='08-17303344' AND c_asigna='300222' AND status IN ('0','3','B') [1][0] OK
C:[30/10/2012 14:25:05.20][172.16.12.173][1232] SELECT c_asigna FROM dace004 WHERE exp_e='08-17303344' AND c_asigna='300226' AND status IN ('0','3','B') [1][0] OK
C:[30/10/2012 14:25:05.20][172.16.12.173][1232] SELECT c_asigna FROM dace004 WHERE exp_e='08-17303344' AND c_asigna='300209' AND status IN ('0','3','B') [1][0] OK
C:[30/10/2012 14:25:06.82][172.16.12.173][1263] SELECT par_cod_asig1,par_cod_asig2,par_cod_asig3 FROM tblaca009 WHERE pensum='5' AND c_uni_ca='3' AND c_asigna='300422' [1][0] OK
C:[30/10/2012 14:25:06.82][172.16.12.173][1263] SELECT par_cod_asig1,par_cod_asig2,par_cod_asig3 FROM tblaca009 WHERE pensum='5' AND c_uni_ca='3' AND c_asigna='310548' [1][0] OK
C:[30/10/2012 14:25:06.82][172.16.12.173][1263] SELECT par_cod_asig1,par_cod_asig2,par_cod_asig3 FROM tblaca009 WHERE pensum='5' AND c_uni_ca='3' AND c_asigna='311554' [1][0] OK
C:[30/10/2012 14:25:06.82][172.16.12.173][1263] SELECT par_cod_asig1,par_cod_asig2,par_cod_asig3 FROM tblaca009 WHERE pensum='5' AND c_uni_ca='3' AND c_asigna='312444' [1][0] OK
C:[30/10/2012 14:25:06.82][172.16.12.173][1263] SELECT par_cod_asig1,par_cod_asig2,par_cod_asig3 FROM tblaca009 WHERE pensum='5' AND c_uni_ca='3' AND c_asigna='314662' [1][0] OK
C:[30/10/2012 14:25:06.82][172.16.12.173][1263] SELECT par_cod_asig1,par_cod_asig2,par_cod_asig3 FROM tblaca009 WHERE pensum='5' AND c_uni_ca='3' AND c_asigna='315552' [1][0] OK
C:[30/10/2012 14:25:06.58][172.16.12.173][1334] SELECT c_asigna FROM tblaca009 WHERE pensum='5' AND c_uni_ca='3' AND ((par_cod_asig1='311556') OR (par_cod_asig2='311556') OR (par_cod_asig3='311556'))  [0][0] OK
C:[30/10/2012 14:26:13.31][172.16.12.173][1219] SELECT pre_cod_asig1,pre_cod_asig2,pre_cod_asig3,pre_cod_asig4,pre_cod_asig5,pre_cod_asig6,pre_cod_asig7 FROM tblaca009 WHERE pensum='5' AND c_uni_ca='3' AND c_asigna='311556' [1][0] OK
C:[30/10/2012 14:26:13.31][172.16.12.173][1232] SELECT c_asigna FROM dace004 WHERE exp_e='08-17303344' AND c_asigna='311434' AND status IN ('0','3','B') [1][0] OK
C:[30/10/2012 14:26:13.31][172.16.12.173][1232] SELECT c_asigna FROM dace004 WHERE exp_e='08-17303344' AND c_asigna='300222' AND status IN ('0','3','B') [1][0] OK
C:[30/10/2012 14:26:13.31][172.16.12.173][1232] SELECT c_asigna FROM dace004 WHERE exp_e='08-17303344' AND c_asigna='300226' AND status IN ('0','3','B') [1][0] OK
C:[30/10/2012 14:26:13.31][172.16.12.173][1232] SELECT c_asigna FROM dace004 WHERE exp_e='08-17303344' AND c_asigna='300209' AND status IN ('0','3','B') [1][0] OK
C:[30/10/2012 14:26:13.31][172.16.12.173][1219] SELECT pre_cod_asig1,pre_cod_asig2,pre_cod_asig3,pre_cod_asig4,pre_cod_asig5,pre_cod_asig6,pre_cod_asig7 FROM tblaca009 WHERE pensum='5' AND c_uni_ca='3' AND c_asigna='300422' [1][0] OK
C:[30/10/2012 14:26:13.31][172.16.12.173][1232] SELECT c_asigna FROM dace004 WHERE exp_e='08-17303344' AND c_asigna='300105' AND status IN ('0','3','B') [1][0] OK
C:[30/10/2012 14:26:13.31][172.16.12.173][1232] SELECT c_asigna FROM dace004 WHERE exp_e='08-17303344' AND c_asigna='300314' AND status IN ('0','3','B') [1][0] OK
C:[30/10/2012 14:26:13.31][172.16.12.173][1219] SELECT pre_cod_asig1,pre_cod_asig2,pre_cod_asig3,pre_cod_asig4,pre_cod_asig5,pre_cod_asig6,pre_cod_asig7 FROM tblaca009 WHERE pensum='5' AND c_uni_ca='3' AND c_asigna='310548' [1][0] OK
C:[30/10/2012 14:26:13.31][172.16.12.173][1232] SELECT c_asigna FROM dace004 WHERE exp_e='08-17303344' AND c_asigna='300428' AND status IN ('0','3','B') [1][0] OK
C:[30/10/2012 14:26:13.31][172.16.12.173][1232] SELECT c_asigna FROM dace004 WHERE exp_e='08-17303344' AND c_asigna='300313' AND status IN ('0','3','B') [1][0] OK
C:[30/10/2012 14:26:13.31][172.16.12.173][1232] SELECT c_asigna FROM dace004 WHERE exp_e='08-17303344' AND c_asigna='300222' AND status IN ('0','3','B') [1][0] OK
C:[30/10/2012 14:26:13.31][172.16.12.173][1232] SELECT c_asigna FROM dace004 WHERE exp_e='08-17303344' AND c_asigna='300226' AND status IN ('0','3','B') [1][0] OK
C:[30/10/2012 14:26:13.31][172.16.12.173][1232] SELECT c_asigna FROM dace004 WHERE exp_e='08-17303344' AND c_asigna='300209' AND status IN ('0','3','B') [1][0] OK
C:[30/10/2012 14:26:13.31][172.16.12.173][1219] SELECT pre_cod_asig1,pre_cod_asig2,pre_cod_asig3,pre_cod_asig4,pre_cod_asig5,pre_cod_asig6,pre_cod_asig7 FROM tblaca009 WHERE pensum='5' AND c_uni_ca='3' AND c_asigna='311554' [1][0] OK
C:[30/10/2012 14:26:13.31][172.16.12.173][1232] SELECT c_asigna FROM dace004 WHERE exp_e='08-17303344' AND c_asigna='300318' AND status IN ('0','3','B') [1][0] OK
C:[30/10/2012 14:26:13.31][172.16.12.173][1232] SELECT c_asigna FROM dace004 WHERE exp_e='08-17303344' AND c_asigna='300428' AND status IN ('0','3','B') [1][0] OK
C:[30/10/2012 14:26:13.31][172.16.12.173][1219] SELECT pre_cod_asig1,pre_cod_asig2,pre_cod_asig3,pre_cod_asig4,pre_cod_asig5,pre_cod_asig6,pre_cod_asig7 FROM tblaca009 WHERE pensum='5' AND c_uni_ca='3' AND c_asigna='312444' [1][0] OK
C:[30/10/2012 14:26:13.31][172.16.12.173][1232] SELECT c_asigna FROM dace004 WHERE exp_e='08-17303344' AND c_asigna='312333' AND status IN ('0','3','B') [1][0] OK
C:[30/10/2012 14:26:13.31][172.16.12.173][1219] SELECT pre_cod_asig1,pre_cod_asig2,pre_cod_asig3,pre_cod_asig4,pre_cod_asig5,pre_cod_asig6,pre_cod_asig7 FROM tblaca009 WHERE pensum='5' AND c_uni_ca='3' AND c_asigna='314662' [1][0] OK
C:[30/10/2012 14:26:13.31][172.16.12.173][1232] SELECT c_asigna FROM dace004 WHERE exp_e='08-17303344' AND c_asigna='311552' AND status IN ('0','3','B') [1][0] OK
C:[30/10/2012 14:26:13.31][172.16.12.173][1219] SELECT pre_cod_asig1,pre_cod_asig2,pre_cod_asig3,pre_cod_asig4,pre_cod_asig5,pre_cod_asig6,pre_cod_asig7 FROM tblaca009 WHERE pensum='5' AND c_uni_ca='3' AND c_asigna='315552' [1][0] OK
C:[30/10/2012 14:26:13.31][172.16.12.173][1232] SELECT c_asigna FROM dace004 WHERE exp_e='08-17303344' AND c_asigna='311430' AND status IN ('0','3','B') [1][0] OK
C:[30/10/2012 14:26:13.31][172.16.12.173][1232] SELECT c_asigna FROM dace004 WHERE exp_e='08-17303344' AND c_asigna='300222' AND status IN ('0','3','B') [1][0] OK
C:[30/10/2012 14:26:13.31][172.16.12.173][1232] SELECT c_asigna FROM dace004 WHERE exp_e='08-17303344' AND c_asigna='300226' AND status IN ('0','3','B') [1][0] OK
C:[30/10/2012 14:26:13.31][172.16.12.173][1232] SELECT c_asigna FROM dace004 WHERE exp_e='08-17303344' AND c_asigna='300209' AND status IN ('0','3','B') [1][0] OK
C:[30/10/2012 14:26:14.56][172.16.12.173][1263] SELECT par_cod_asig1,par_cod_asig2,par_cod_asig3 FROM tblaca009 WHERE pensum='5' AND c_uni_ca='3' AND c_asigna='311556' [1][0] OK
C:[30/10/2012 14:26:14.56][172.16.12.173][1277] SELECT c_asigna FROM dace004 WHERE exp_e='08-17303344' AND c_asigna='311551' AND status IN ('0','3','B','C') [1][0] OK
C:[30/10/2012 14:26:14.56][172.16.12.173][1263] SELECT par_cod_asig1,par_cod_asig2,par_cod_asig3 FROM tblaca009 WHERE pensum='5' AND c_uni_ca='3' AND c_asigna='300422' [1][0] OK
C:[30/10/2012 14:26:14.56][172.16.12.173][1263] SELECT par_cod_asig1,par_cod_asig2,par_cod_asig3 FROM tblaca009 WHERE pensum='5' AND c_uni_ca='3' AND c_asigna='310548' [1][0] OK
C:[30/10/2012 14:26:14.56][172.16.12.173][1263] SELECT par_cod_asig1,par_cod_asig2,par_cod_asig3 FROM tblaca009 WHERE pensum='5' AND c_uni_ca='3' AND c_asigna='311554' [1][0] OK
C:[30/10/2012 14:26:14.56][172.16.12.173][1263] SELECT par_cod_asig1,par_cod_asig2,par_cod_asig3 FROM tblaca009 WHERE pensum='5' AND c_uni_ca='3' AND c_asigna='312444' [1][0] OK
C:[30/10/2012 14:26:14.56][172.16.12.173][1263] SELECT par_cod_asig1,par_cod_asig2,par_cod_asig3 FROM tblaca009 WHERE pensum='5' AND c_uni_ca='3' AND c_asigna='314662' [1][0] OK
C:[30/10/2012 14:26:14.56][172.16.12.173][1263] SELECT par_cod_asig1,par_cod_asig2,par_cod_asig3 FROM tblaca009 WHERE pensum='5' AND c_uni_ca='3' AND c_asigna='315552' [1][0] OK
C:[30/10/2012 14:42:45.02][172.16.8.125][1219] SELECT pre_cod_asig1,pre_cod_asig2,pre_cod_asig3,pre_cod_asig4,pre_cod_asig5,pre_cod_asig6,pre_cod_asig7 FROM tblaca009 WHERE pensum='5' AND c_uni_ca='3' AND c_asigna='300676' [1][0] OK
C:[30/10/2012 14:42:45.02][172.16.8.125][1219] SELECT pre_cod_asig1,pre_cod_asig2,pre_cod_asig3,pre_cod_asig4,pre_cod_asig5,pre_cod_asig6,pre_cod_asig7 FROM tblaca009 WHERE pensum='5' AND c_uni_ca='3' AND c_asigna='311554' [1][0] OK
C:[30/10/2012 14:42:45.02][172.16.8.125][1232] SELECT c_asigna FROM dace004 WHERE exp_e='08-19536413' AND c_asigna='300318' AND status IN ('0','3','B') [1][0] OK
C:[30/10/2012 14:42:45.02][172.16.8.125][1232] SELECT c_asigna FROM dace004 WHERE exp_e='08-19536413' AND c_asigna='300428' AND status IN ('0','3','B') [1][0] OK
C:[30/10/2012 14:42:45.02][172.16.8.125][1219] SELECT pre_cod_asig1,pre_cod_asig2,pre_cod_asig3,pre_cod_asig4,pre_cod_asig5,pre_cod_asig6,pre_cod_asig7 FROM tblaca009 WHERE pensum='5' AND c_uni_ca='3' AND c_asigna='311556' [1][0] OK
C:[30/10/2012 14:42:45.02][172.16.8.125][1232] SELECT c_asigna FROM dace004 WHERE exp_e='08-19536413' AND c_asigna='311434' AND status IN ('0','3','B') [1][0] OK
C:[30/10/2012 14:42:45.02][172.16.8.125][1232] SELECT c_asigna FROM dace004 WHERE exp_e='08-19536413' AND c_asigna='300222' AND status IN ('0','3','B') [1][0] OK
C:[30/10/2012 14:42:45.02][172.16.8.125][1232] SELECT c_asigna FROM dace004 WHERE exp_e='08-19536413' AND c_asigna='300226' AND status IN ('0','3','B') [1][0] OK
C:[30/10/2012 14:42:45.02][172.16.8.125][1232] SELECT c_asigna FROM dace004 WHERE exp_e='08-19536413' AND c_asigna='300209' AND status IN ('0','3','B') [1][0] OK
C:[30/10/2012 14:42:45.02][172.16.8.125][1219] SELECT pre_cod_asig1,pre_cod_asig2,pre_cod_asig3,pre_cod_asig4,pre_cod_asig5,pre_cod_asig6,pre_cod_asig7 FROM tblaca009 WHERE pensum='5' AND c_uni_ca='3' AND c_asigna='311824' [1][0] OK
C:[30/10/2012 14:42:45.02][172.16.8.125][1232] SELECT c_asigna FROM dace004 WHERE exp_e='08-19536413' AND c_asigna='311796' AND status IN ('0','3','B') [1][0] OK
C:[30/10/2012 14:42:45.02][172.16.8.125][1219] SELECT pre_cod_asig1,pre_cod_asig2,pre_cod_asig3,pre_cod_asig4,pre_cod_asig5,pre_cod_asig6,pre_cod_asig7 FROM tblaca009 WHERE pensum='5' AND c_uni_ca='3' AND c_asigna='311827' [1][0] OK
C:[30/10/2012 14:42:45.02][172.16.8.125][1232] SELECT c_asigna FROM dace004 WHERE exp_e='08-19536413' AND c_asigna='311704' AND status IN ('0','3','B') [1][0] OK
C:[30/10/2012 14:42:45.02][172.16.8.125][1219] SELECT pre_cod_asig1,pre_cod_asig2,pre_cod_asig3,pre_cod_asig4,pre_cod_asig5,pre_cod_asig6,pre_cod_asig7 FROM tblaca009 WHERE pensum='5' AND c_uni_ca='3' AND c_asigna='314662' [1][0] OK
C:[30/10/2012 14:42:45.02][172.16.8.125][1232] SELECT c_asigna FROM dace004 WHERE exp_e='08-19536413' AND c_asigna='311552' AND status IN ('0','3','B') [1][0] OK
C:[30/10/2012 14:42:45.89][172.16.8.125][1263] SELECT par_cod_asig1,par_cod_asig2,par_cod_asig3 FROM tblaca009 WHERE pensum='5' AND c_uni_ca='3' AND c_asigna='300676' [1][0] OK
C:[30/10/2012 14:42:45.89][172.16.8.125][1263] SELECT par_cod_asig1,par_cod_asig2,par_cod_asig3 FROM tblaca009 WHERE pensum='5' AND c_uni_ca='3' AND c_asigna='311554' [1][0] OK
C:[30/10/2012 14:42:45.89][172.16.8.125][1263] SELECT par_cod_asig1,par_cod_asig2,par_cod_asig3 FROM tblaca009 WHERE pensum='5' AND c_uni_ca='3' AND c_asigna='311556' [1][0] OK
C:[30/10/2012 14:42:45.89][172.16.8.125][1277] SELECT c_asigna FROM dace004 WHERE exp_e='08-19536413' AND c_asigna='311551' AND status IN ('0','3','B','C') [1][0] OK
C:[30/10/2012 14:42:45.89][172.16.8.125][1263] SELECT par_cod_asig1,par_cod_asig2,par_cod_asig3 FROM tblaca009 WHERE pensum='5' AND c_uni_ca='3' AND c_asigna='311824' [1][0] OK
C:[30/10/2012 14:42:45.89][172.16.8.125][1263] SELECT par_cod_asig1,par_cod_asig2,par_cod_asig3 FROM tblaca009 WHERE pensum='5' AND c_uni_ca='3' AND c_asigna='311827' [1][0] OK
C:[30/10/2012 14:42:45.89][172.16.8.125][1263] SELECT par_cod_asig1,par_cod_asig2,par_cod_asig3 FROM tblaca009 WHERE pensum='5' AND c_uni_ca='3' AND c_asigna='314662' [1][0] OK
C:[30/10/2012 14:42:46.33][172.16.8.125][1334] SELECT c_asigna FROM tblaca009 WHERE pensum='5' AND c_uni_ca='3' AND ((par_cod_asig1='310548') OR (par_cod_asig2='310548') OR (par_cod_asig3='310548'))  [0][0] OK
C:[30/10/2012 14:43:25.51][172.16.8.247][1219] SELECT pre_cod_asig1,pre_cod_asig2,pre_cod_asig3,pre_cod_asig4,pre_cod_asig5,pre_cod_asig6,pre_cod_asig7 FROM tblaca009 WHERE pensum='5' AND c_uni_ca='3' AND c_asigna='300422' [1][0] OK
C:[30/10/2012 14:43:25.51][172.16.8.247][1232] SELECT c_asigna FROM dace004 WHERE exp_e='09-19420337' AND c_asigna='300105' AND status IN ('0','3','B') [1][0] OK
C:[30/10/2012 14:43:25.51][172.16.8.247][1232] SELECT c_asigna FROM dace004 WHERE exp_e='09-19420337' AND c_asigna='300314' AND status IN ('0','3','B') [1][0] OK
C:[30/10/2012 14:43:25.51][172.16.8.247][1219] SELECT pre_cod_asig1,pre_cod_asig2,pre_cod_asig3,pre_cod_asig4,pre_cod_asig5,pre_cod_asig6,pre_cod_asig7 FROM tblaca009 WHERE pensum='5' AND c_uni_ca='3' AND c_asigna='311430' [1][0] OK
C:[30/10/2012 14:43:25.51][172.16.8.247][1232] SELECT c_asigna FROM dace004 WHERE exp_e='09-19420337' AND c_asigna='300317' AND status IN ('0','3','B') [1][0] OK
C:[30/10/2012 14:43:25.51][172.16.8.247][1232] SELECT c_asigna FROM dace004 WHERE exp_e='09-19420337' AND c_asigna='300318' AND status IN ('0','3','B') [1][0] OK
C:[30/10/2012 14:43:25.51][172.16.8.247][1232] SELECT c_asigna FROM dace004 WHERE exp_e='09-19420337' AND c_asigna='300313' AND status IN ('0','3','B') [1][0] OK
C:[30/10/2012 14:43:25.51][172.16.8.247][1232] SELECT c_asigna FROM dace004 WHERE exp_e='09-19420337' AND c_asigna='300222' AND status IN ('0','3','B') [1][0] OK
C:[30/10/2012 14:43:25.51][172.16.8.247][1232] SELECT c_asigna FROM dace004 WHERE exp_e='09-19420337' AND c_asigna='300226' AND status IN ('0','3','B') [1][0] OK
C:[30/10/2012 14:43:25.51][172.16.8.247][1232] SELECT c_asigna FROM dace004 WHERE exp_e='09-19420337' AND c_asigna='300209' AND status IN ('0','3','B') [1][0] OK
C:[30/10/2012 14:43:25.51][172.16.8.247][1219] SELECT pre_cod_asig1,pre_cod_asig2,pre_cod_asig3,pre_cod_asig4,pre_cod_asig5,pre_cod_asig6,pre_cod_asig7 FROM tblaca009 WHERE pensum='5' AND c_uni_ca='3' AND c_asigna='311431' [1][0] OK
C:[30/10/2012 14:43:25.51][172.16.8.247][1232] SELECT c_asigna FROM dace004 WHERE exp_e='09-19420337' AND c_asigna='311320' AND status IN ('0','3','B') [1][0] OK
C:[30/10/2012 14:43:25.51][172.16.8.247][1232] SELECT c_asigna FROM dace004 WHERE exp_e='09-19420337' AND c_asigna='300013' AND status IN ('0','3','B') [1][0] OK
C:[30/10/2012 14:43:25.51][172.16.8.247][1232] SELECT c_asigna FROM dace004 WHERE exp_e='09-19420337' AND c_asigna='300113' AND status IN ('0','3','B') [1][0] OK
C:[30/10/2012 14:43:25.51][172.16.8.247][1232] SELECT c_asigna FROM dace004 WHERE exp_e='09-19420337' AND c_asigna='300222' AND status IN ('0','3','B') [1][0] OK
C:[30/10/2012 14:43:25.51][172.16.8.247][1232] SELECT c_asigna FROM dace004 WHERE exp_e='09-19420337' AND c_asigna='300226' AND status IN ('0','3','B') [1][0] OK
C:[30/10/2012 14:43:25.51][172.16.8.247][1232] SELECT c_asigna FROM dace004 WHERE exp_e='09-19420337' AND c_asigna='300209' AND status IN ('0','3','B') [1][0] OK
C:[30/10/2012 14:43:25.51][172.16.8.247][1219] SELECT pre_cod_asig1,pre_cod_asig2,pre_cod_asig3,pre_cod_asig4,pre_cod_asig5,pre_cod_asig6,pre_cod_asig7 FROM tblaca009 WHERE pensum='5' AND c_uni_ca='3' AND c_asigna='311434' [1][0] OK
C:[30/10/2012 14:43:25.51][172.16.8.247][1232] SELECT c_asigna FROM dace004 WHERE exp_e='09-19420337' AND c_asigna='300222' AND status IN ('0','3','B') [1][0] OK
C:[30/10/2012 14:43:25.51][172.16.8.247][1232] SELECT c_asigna FROM dace004 WHERE exp_e='09-19420337' AND c_asigna='300226' AND status IN ('0','3','B') [1][0] OK
C:[30/10/2012 14:43:25.51][172.16.8.247][1232] SELECT c_asigna FROM dace004 WHERE exp_e='09-19420337' AND c_asigna='300209' AND status IN ('0','3','B') [1][0] OK
C:[30/10/2012 14:43:25.51][172.16.8.247][1219] SELECT pre_cod_asig1,pre_cod_asig2,pre_cod_asig3,pre_cod_asig4,pre_cod_asig5,pre_cod_asig6,pre_cod_asig7 FROM tblaca009 WHERE pensum='5' AND c_uni_ca='3' AND c_asigna='311554' [1][0] OK
C:[30/10/2012 14:43:25.51][172.16.8.247][1232] SELECT c_asigna FROM dace004 WHERE exp_e='09-19420337' AND c_asigna='300318' AND status IN ('0','3','B') [1][0] OK
C:[30/10/2012 14:43:25.51][172.16.8.247][1232] SELECT c_asigna FROM dace004 WHERE exp_e='09-19420337' AND c_asigna='300428' AND status IN ('0','3','B') [1][0] OK
C:[30/10/2012 14:43:25.51][172.16.8.247][1219] SELECT pre_cod_asig1,pre_cod_asig2,pre_cod_asig3,pre_cod_asig4,pre_cod_asig5,pre_cod_asig6,pre_cod_asig7 FROM tblaca009 WHERE pensum='5' AND c_uni_ca='3' AND c_asigna='312444' [1][0] OK
C:[30/10/2012 14:43:25.51][172.16.8.247][1232] SELECT c_asigna FROM dace004 WHERE exp_e='09-19420337' AND c_asigna='312333' AND status IN ('0','3','B') [1][0] OK
C:[30/10/2012 14:43:26.76][172.16.8.247][1263] SELECT par_cod_asig1,par_cod_asig2,par_cod_asig3 FROM tblaca009 WHERE pensum='5' AND c_uni_ca='3' AND c_asigna='300422' [1][0] OK
C:[30/10/2012 14:43:26.76][172.16.8.247][1263] SELECT par_cod_asig1,par_cod_asig2,par_cod_asig3 FROM tblaca009 WHERE pensum='5' AND c_uni_ca='3' AND c_asigna='311430' [1][0] OK
C:[30/10/2012 14:43:26.76][172.16.8.247][1263] SELECT par_cod_asig1,par_cod_asig2,par_cod_asig3 FROM tblaca009 WHERE pensum='5' AND c_uni_ca='3' AND c_asigna='311431' [1][0] OK
C:[30/10/2012 14:43:26.76][172.16.8.247][1277] SELECT c_asigna FROM dace004 WHERE exp_e='09-19420337' AND c_asigna='311430' AND status IN ('0','3','B','C') [0][0] OK
C:[30/10/2012 14:43:26.76][172.16.8.247][1263] SELECT par_cod_asig1,par_cod_asig2,par_cod_asig3 FROM tblaca009 WHERE pensum='5' AND c_uni_ca='3' AND c_asigna='311434' [1][0] OK
C:[30/10/2012 14:43:26.76][172.16.8.247][1277] SELECT c_asigna FROM dace004 WHERE exp_e='09-19420337' AND c_asigna='311431' AND status IN ('0','3','B','C') [0][0] OK
C:[30/10/2012 14:43:26.76][172.16.8.247][1263] SELECT par_cod_asig1,par_cod_asig2,par_cod_asig3 FROM tblaca009 WHERE pensum='5' AND c_uni_ca='3' AND c_asigna='311554' [1][0] OK
C:[30/10/2012 14:43:26.76][172.16.8.247][1263] SELECT par_cod_asig1,par_cod_asig2,par_cod_asig3 FROM tblaca009 WHERE pensum='5' AND c_uni_ca='3' AND c_asigna='312444' [1][0] OK
C:[30/10/2012 14:43:26.76][172.16.8.247][1334] SELECT c_asigna FROM tblaca009 WHERE pensum='5' AND c_uni_ca='3' AND ((par_cod_asig1='310548') OR (par_cod_asig2='310548') OR (par_cod_asig3='310548'))  [0][0] OK
C:[30/10/2012 14:43:49.41][172.16.8.125][1219] SELECT pre_cod_asig1,pre_cod_asig2,pre_cod_asig3,pre_cod_asig4,pre_cod_asig5,pre_cod_asig6,pre_cod_asig7 FROM tblaca009 WHERE pensum='5' AND c_uni_ca='3' AND c_asigna='300676' [1][0] OK
C:[30/10/2012 14:43:49.41][172.16.8.125][1219] SELECT pre_cod_asig1,pre_cod_asig2,pre_cod_asig3,pre_cod_asig4,pre_cod_asig5,pre_cod_asig6,pre_cod_asig7 FROM tblaca009 WHERE pensum='5' AND c_uni_ca='3' AND c_asigna='311554' [1][0] OK
C:[30/10/2012 14:43:49.41][172.16.8.125][1232] SELECT c_asigna FROM dace004 WHERE exp_e='08-19536412' AND c_asigna='300318' AND status IN ('0','3','B') [1][0] OK
C:[30/10/2012 14:43:49.41][172.16.8.125][1232] SELECT c_asigna FROM dace004 WHERE exp_e='08-19536412' AND c_asigna='300428' AND status IN ('0','3','B') [1][0] OK
C:[30/10/2012 14:43:49.41][172.16.8.125][1219] SELECT pre_cod_asig1,pre_cod_asig2,pre_cod_asig3,pre_cod_asig4,pre_cod_asig5,pre_cod_asig6,pre_cod_asig7 FROM tblaca009 WHERE pensum='5' AND c_uni_ca='3' AND c_asigna='311655' [1][0] OK
C:[30/10/2012 14:43:49.41][172.16.8.125][1232] SELECT c_asigna FROM dace004 WHERE exp_e='08-19536412' AND c_asigna='311556' AND status IN ('0','3','B') [1][0] OK
C:[30/10/2012 14:43:49.41][172.16.8.125][1219] SELECT pre_cod_asig1,pre_cod_asig2,pre_cod_asig3,pre_cod_asig4,pre_cod_asig5,pre_cod_asig6,pre_cod_asig7 FROM tblaca009 WHERE pensum='5' AND c_uni_ca='3' AND c_asigna='314787' [1][0] OK
C:[30/10/2012 14:43:49.41][172.16.8.125][1232] SELECT c_asigna FROM dace004 WHERE exp_e='08-19536412' AND c_asigna='314662' AND status IN ('0','3','B') [1][0] OK
C:[30/10/2012 14:43:49.41][172.16.8.125][1219] SELECT pre_cod_asig1,pre_cod_asig2,pre_cod_asig3,pre_cod_asig4,pre_cod_asig5,pre_cod_asig6,pre_cod_asig7 FROM tblaca009 WHERE pensum='5' AND c_uni_ca='3' AND c_asigna='315671' [1][0] OK
C:[30/10/2012 14:43:49.41][172.16.8.125][1232] SELECT c_asigna FROM dace004 WHERE exp_e='08-19536412' AND c_asigna='315552' AND status IN ('0','3','B') [1][0] OK
C:[30/10/2012 14:43:50.67][172.16.8.125][1263] SELECT par_cod_asig1,par_cod_asig2,par_cod_asig3 FROM tblaca009 WHERE pensum='5' AND c_uni_ca='3' AND c_asigna='300676' [1][0] OK
C:[30/10/2012 14:43:50.67][172.16.8.125][1263] SELECT par_cod_asig1,par_cod_asig2,par_cod_asig3 FROM tblaca009 WHERE pensum='5' AND c_uni_ca='3' AND c_asigna='311554' [1][0] OK
C:[30/10/2012 14:43:50.67][172.16.8.125][1263] SELECT par_cod_asig1,par_cod_asig2,par_cod_asig3 FROM tblaca009 WHERE pensum='5' AND c_uni_ca='3' AND c_asigna='311655' [1][0] OK
C:[30/10/2012 14:43:50.67][172.16.8.125][1263] SELECT par_cod_asig1,par_cod_asig2,par_cod_asig3 FROM tblaca009 WHERE pensum='5' AND c_uni_ca='3' AND c_asigna='314787' [1][0] OK
C:[30/10/2012 14:43:50.67][172.16.8.125][1263] SELECT par_cod_asig1,par_cod_asig2,par_cod_asig3 FROM tblaca009 WHERE pensum='5' AND c_uni_ca='3' AND c_asigna='315671' [1][0] OK
C:[30/10/2012 14:43:50.29][172.16.8.125][1334] SELECT c_asigna FROM tblaca009 WHERE pensum='5' AND c_uni_ca='3' AND ((par_cod_asig1='310548') OR (par_cod_asig2='310548') OR (par_cod_asig3='310548'))  [0][0] OK
C:[30/10/2012 14:48:02.02][172.16.8.125][1219] SELECT pre_cod_asig1,pre_cod_asig2,pre_cod_asig3,pre_cod_asig4,pre_cod_asig5,pre_cod_asig6,pre_cod_asig7 FROM tblaca009 WHERE pensum='5' AND c_uni_ca='3' AND c_asigna='311556' [1][0] OK
C:[30/10/2012 14:48:02.02][172.16.8.125][1232] SELECT c_asigna FROM dace004 WHERE exp_e='09-20805438' AND c_asigna='311434' AND status IN ('0','3','B') [1][0] OK
C:[30/10/2012 14:48:02.02][172.16.8.125][1232] SELECT c_asigna FROM dace004 WHERE exp_e='09-20805438' AND c_asigna='300222' AND status IN ('0','3','B') [1][0] OK
C:[30/10/2012 14:48:02.02][172.16.8.125][1232] SELECT c_asigna FROM dace004 WHERE exp_e='09-20805438' AND c_asigna='300226' AND status IN ('0','3','B') [1][0] OK
C:[30/10/2012 14:48:02.02][172.16.8.125][1232] SELECT c_asigna FROM dace004 WHERE exp_e='09-20805438' AND c_asigna='300209' AND status IN ('0','3','B') [1][0] OK
C:[30/10/2012 14:48:02.02][172.16.8.125][1219] SELECT pre_cod_asig1,pre_cod_asig2,pre_cod_asig3,pre_cod_asig4,pre_cod_asig5,pre_cod_asig6,pre_cod_asig7 FROM tblaca009 WHERE pensum='5' AND c_uni_ca='3' AND c_asigna='300314' [1][0] OK
C:[30/10/2012 14:48:02.02][172.16.8.125][1232] SELECT c_asigna FROM dace004 WHERE exp_e='09-20805438' AND c_asigna='300106' AND status IN ('0','3','B') [1][0] OK
C:[30/10/2012 14:48:02.02][172.16.8.125][1219] SELECT pre_cod_asig1,pre_cod_asig2,pre_cod_asig3,pre_cod_asig4,pre_cod_asig5,pre_cod_asig6,pre_cod_asig7 FROM tblaca009 WHERE pensum='5' AND c_uni_ca='3' AND c_asigna='311430' [1][0] OK
C:[30/10/2012 14:48:02.02][172.16.8.125][1232] SELECT c_asigna FROM dace004 WHERE exp_e='09-20805438' AND c_asigna='300317' AND status IN ('0','3','B') [1][0] OK
C:[30/10/2012 14:48:02.02][172.16.8.125][1232] SELECT c_asigna FROM dace004 WHERE exp_e='09-20805438' AND c_asigna='300318' AND status IN ('0','3','B') [1][0] OK
C:[30/10/2012 14:48:02.02][172.16.8.125][1232] SELECT c_asigna FROM dace004 WHERE exp_e='09-20805438' AND c_asigna='300313' AND status IN ('0','3','B') [1][0] OK
C:[30/10/2012 14:48:02.02][172.16.8.125][1232] SELECT c_asigna FROM dace004 WHERE exp_e='09-20805438' AND c_asigna='300222' AND status IN ('0','3','B') [1][0] OK
C:[30/10/2012 14:48:02.02][172.16.8.125][1232] SELECT c_asigna FROM dace004 WHERE exp_e='09-20805438' AND c_asigna='300226' AND status IN ('0','3','B') [1][0] OK
C:[30/10/2012 14:48:02.02][172.16.8.125][1232] SELECT c_asigna FROM dace004 WHERE exp_e='09-20805438' AND c_asigna='300209' AND status IN ('0','3','B') [1][0] OK
C:[30/10/2012 14:48:02.02][172.16.8.125][1219] SELECT pre_cod_asig1,pre_cod_asig2,pre_cod_asig3,pre_cod_asig4,pre_cod_asig5,pre_cod_asig6,pre_cod_asig7 FROM tblaca009 WHERE pensum='5' AND c_uni_ca='3' AND c_asigna='311552' [1][0] OK
C:[30/10/2012 14:48:02.02][172.16.8.125][1232] SELECT c_asigna FROM dace004 WHERE exp_e='09-20805438' AND c_asigna='300317' AND status IN ('0','3','B') [1][0] OK
C:[30/10/2012 14:48:02.02][172.16.8.125][1232] SELECT c_asigna FROM dace004 WHERE exp_e='09-20805438' AND c_asigna='300209' AND status IN ('0','3','B') [1][0] OK
C:[30/10/2012 14:48:03.15][172.16.8.125][1263] SELECT par_cod_asig1,par_cod_asig2,par_cod_asig3 FROM tblaca009 WHERE pensum='5' AND c_uni_ca='3' AND c_asigna='311556' [1][0] OK
C:[30/10/2012 14:48:03.15][172.16.8.125][1277] SELECT c_asigna FROM dace004 WHERE exp_e='09-20805438' AND c_asigna='311551' AND status IN ('0','3','B','C') [0][0] OK
C:[30/10/2012 14:48:03.15][172.16.8.125][1263] SELECT par_cod_asig1,par_cod_asig2,par_cod_asig3 FROM tblaca009 WHERE pensum='5' AND c_uni_ca='3' AND c_asigna='300314' [1][0] OK
C:[30/10/2012 14:48:03.15][172.16.8.125][1263] SELECT par_cod_asig1,par_cod_asig2,par_cod_asig3 FROM tblaca009 WHERE pensum='5' AND c_uni_ca='3' AND c_asigna='311430' [1][0] OK
C:[30/10/2012 14:48:03.15][172.16.8.125][1263] SELECT par_cod_asig1,par_cod_asig2,par_cod_asig3 FROM tblaca009 WHERE pensum='5' AND c_uni_ca='3' AND c_asigna='311552' [1][0] OK
C:[30/10/2012 14:48:03.77][172.16.8.125][1334] SELECT c_asigna FROM tblaca009 WHERE pensum='5' AND c_uni_ca='3' AND ((par_cod_asig1='310548') OR (par_cod_asig2='310548') OR (par_cod_asig3='310548'))  [0][0] OK
C:[30/10/2012 14:49:01.41][172.16.8.125][1219] SELECT pre_cod_asig1,pre_cod_asig2,pre_cod_asig3,pre_cod_asig4,pre_cod_asig5,pre_cod_asig6,pre_cod_asig7 FROM tblaca009 WHERE pensum='5' AND c_uni_ca='3' AND c_asigna='300314' [1][0] OK
C:[30/10/2012 14:49:01.41][172.16.8.125][1232] SELECT c_asigna FROM dace004 WHERE exp_e='09-20805438' AND c_asigna='300106' AND status IN ('0','3','B') [1][0] OK
C:[30/10/2012 14:49:01.41][172.16.8.125][1219] SELECT pre_cod_asig1,pre_cod_asig2,pre_cod_asig3,pre_cod_asig4,pre_cod_asig5,pre_cod_asig6,pre_cod_asig7 FROM tblaca009 WHERE pensum='5' AND c_uni_ca='3' AND c_asigna='310548' [1][0] OK
C:[30/10/2012 14:49:01.41][172.16.8.125][1232] SELECT c_asigna FROM dace004 WHERE exp_e='09-20805438' AND c_asigna='300428' AND status IN ('0','3','B') [1][0] OK
C:[30/10/2012 14:49:01.41][172.16.8.125][1232] SELECT c_asigna FROM dace004 WHERE exp_e='09-20805438' AND c_asigna='300313' AND status IN ('0','3','B') [1][0] OK
C:[30/10/2012 14:49:01.41][172.16.8.125][1232] SELECT c_asigna FROM dace004 WHERE exp_e='09-20805438' AND c_asigna='300222' AND status IN ('0','3','B') [1][0] OK
C:[30/10/2012 14:49:01.41][172.16.8.125][1232] SELECT c_asigna FROM dace004 WHERE exp_e='09-20805438' AND c_asigna='300226' AND status IN ('0','3','B') [1][0] OK
C:[30/10/2012 14:49:01.41][172.16.8.125][1232] SELECT c_asigna FROM dace004 WHERE exp_e='09-20805438' AND c_asigna='300209' AND status IN ('0','3','B') [1][0] OK
C:[30/10/2012 14:49:01.41][172.16.8.125][1219] SELECT pre_cod_asig1,pre_cod_asig2,pre_cod_asig3,pre_cod_asig4,pre_cod_asig5,pre_cod_asig6,pre_cod_asig7 FROM tblaca009 WHERE pensum='5' AND c_uni_ca='3' AND c_asigna='311430' [1][0] OK
C:[30/10/2012 14:49:01.41][172.16.8.125][1232] SELECT c_asigna FROM dace004 WHERE exp_e='09-20805438' AND c_asigna='300317' AND status IN ('0','3','B') [1][0] OK
C:[30/10/2012 14:49:01.41][172.16.8.125][1232] SELECT c_asigna FROM dace004 WHERE exp_e='09-20805438' AND c_asigna='300318' AND status IN ('0','3','B') [1][0] OK
C:[30/10/2012 14:49:01.41][172.16.8.125][1232] SELECT c_asigna FROM dace004 WHERE exp_e='09-20805438' AND c_asigna='300313' AND status IN ('0','3','B') [1][0] OK
C:[30/10/2012 14:49:01.41][172.16.8.125][1232] SELECT c_asigna FROM dace004 WHERE exp_e='09-20805438' AND c_asigna='300222' AND status IN ('0','3','B') [1][0] OK
C:[30/10/2012 14:49:01.41][172.16.8.125][1232] SELECT c_asigna FROM dace004 WHERE exp_e='09-20805438' AND c_asigna='300226' AND status IN ('0','3','B') [1][0] OK
C:[30/10/2012 14:49:01.41][172.16.8.125][1232] SELECT c_asigna FROM dace004 WHERE exp_e='09-20805438' AND c_asigna='300209' AND status IN ('0','3','B') [1][0] OK
C:[30/10/2012 14:49:01.41][172.16.8.125][1219] SELECT pre_cod_asig1,pre_cod_asig2,pre_cod_asig3,pre_cod_asig4,pre_cod_asig5,pre_cod_asig6,pre_cod_asig7 FROM tblaca009 WHERE pensum='5' AND c_uni_ca='3' AND c_asigna='311552' [1][0] OK
C:[30/10/2012 14:49:01.41][172.16.8.125][1232] SELECT c_asigna FROM dace004 WHERE exp_e='09-20805438' AND c_asigna='300317' AND status IN ('0','3','B') [1][0] OK
C:[30/10/2012 14:49:01.41][172.16.8.125][1232] SELECT c_asigna FROM dace004 WHERE exp_e='09-20805438' AND c_asigna='300209' AND status IN ('0','3','B') [1][0] OK
C:[30/10/2012 14:49:01.66][172.16.8.125][1263] SELECT par_cod_asig1,par_cod_asig2,par_cod_asig3 FROM tblaca009 WHERE pensum='5' AND c_uni_ca='3' AND c_asigna='300314' [1][0] OK
C:[30/10/2012 14:49:01.66][172.16.8.125][1263] SELECT par_cod_asig1,par_cod_asig2,par_cod_asig3 FROM tblaca009 WHERE pensum='5' AND c_uni_ca='3' AND c_asigna='310548' [1][0] OK
C:[30/10/2012 14:49:01.66][172.16.8.125][1263] SELECT par_cod_asig1,par_cod_asig2,par_cod_asig3 FROM tblaca009 WHERE pensum='5' AND c_uni_ca='3' AND c_asigna='311430' [1][0] OK
C:[30/10/2012 14:49:01.66][172.16.8.125][1263] SELECT par_cod_asig1,par_cod_asig2,par_cod_asig3 FROM tblaca009 WHERE pensum='5' AND c_uni_ca='3' AND c_asigna='311552' [1][0] OK
C:[30/10/2012 14:52:53.20][172.16.8.247][1219] SELECT pre_cod_asig1,pre_cod_asig2,pre_cod_asig3,pre_cod_asig4,pre_cod_asig5,pre_cod_asig6,pre_cod_asig7 FROM tblaca009 WHERE pensum='5' AND c_uni_ca='3' AND c_asigna='311430' [1][0] OK
C:[30/10/2012 14:52:53.20][172.16.8.247][1232] SELECT c_asigna FROM dace004 WHERE exp_e='09-20136980' AND c_asigna='300317' AND status IN ('0','3','B') [1][0] OK
C:[30/10/2012 14:52:53.20][172.16.8.247][1232] SELECT c_asigna FROM dace004 WHERE exp_e='09-20136980' AND c_asigna='300318' AND status IN ('0','3','B') [1][0] OK
C:[30/10/2012 14:52:53.20][172.16.8.247][1232] SELECT c_asigna FROM dace004 WHERE exp_e='09-20136980' AND c_asigna='300313' AND status IN ('0','3','B') [1][0] OK
C:[30/10/2012 14:52:53.20][172.16.8.247][1232] SELECT c_asigna FROM dace004 WHERE exp_e='09-20136980' AND c_asigna='300222' AND status IN ('0','3','B') [1][0] OK
C:[30/10/2012 14:52:53.20][172.16.8.247][1232] SELECT c_asigna FROM dace004 WHERE exp_e='09-20136980' AND c_asigna='300226' AND status IN ('0','3','B') [1][0] OK
C:[30/10/2012 14:52:53.20][172.16.8.247][1232] SELECT c_asigna FROM dace004 WHERE exp_e='09-20136980' AND c_asigna='300209' AND status IN ('0','3','B') [1][0] OK
C:[30/10/2012 14:52:53.20][172.16.8.247][1219] SELECT pre_cod_asig1,pre_cod_asig2,pre_cod_asig3,pre_cod_asig4,pre_cod_asig5,pre_cod_asig6,pre_cod_asig7 FROM tblaca009 WHERE pensum='5' AND c_uni_ca='3' AND c_asigna='311431' [1][0] OK
C:[30/10/2012 14:52:53.20][172.16.8.247][1232] SELECT c_asigna FROM dace004 WHERE exp_e='09-20136980' AND c_asigna='311320' AND status IN ('0','3','B') [1][0] OK
C:[30/10/2012 14:52:53.20][172.16.8.247][1232] SELECT c_asigna FROM dace004 WHERE exp_e='09-20136980' AND c_asigna='300013' AND status IN ('0','3','B') [1][0] OK
C:[30/10/2012 14:52:53.20][172.16.8.247][1232] SELECT c_asigna FROM dace004 WHERE exp_e='09-20136980' AND c_asigna='300113' AND status IN ('0','3','B') [1][0] OK
C:[30/10/2012 14:52:53.20][172.16.8.247][1232] SELECT c_asigna FROM dace004 WHERE exp_e='09-20136980' AND c_asigna='300222' AND status IN ('0','3','B') [1][0] OK
C:[30/10/2012 14:52:53.20][172.16.8.247][1232] SELECT c_asigna FROM dace004 WHERE exp_e='09-20136980' AND c_asigna='300226' AND status IN ('0','3','B') [1][0] OK
C:[30/10/2012 14:52:53.20][172.16.8.247][1232] SELECT c_asigna FROM dace004 WHERE exp_e='09-20136980' AND c_asigna='300209' AND status IN ('0','3','B') [1][0] OK
C:[30/10/2012 14:52:53.20][172.16.8.247][1219] SELECT pre_cod_asig1,pre_cod_asig2,pre_cod_asig3,pre_cod_asig4,pre_cod_asig5,pre_cod_asig6,pre_cod_asig7 FROM tblaca009 WHERE pensum='5' AND c_uni_ca='3' AND c_asigna='311434' [1][0] OK
C:[30/10/2012 14:52:53.20][172.16.8.247][1232] SELECT c_asigna FROM dace004 WHERE exp_e='09-20136980' AND c_asigna='300222' AND status IN ('0','3','B') [1][0] OK
C:[30/10/2012 14:52:53.20][172.16.8.247][1232] SELECT c_asigna FROM dace004 WHERE exp_e='09-20136980' AND c_asigna='300226' AND status IN ('0','3','B') [1][0] OK
C:[30/10/2012 14:52:53.20][172.16.8.247][1232] SELECT c_asigna FROM dace004 WHERE exp_e='09-20136980' AND c_asigna='300209' AND status IN ('0','3','B') [1][0] OK
C:[30/10/2012 14:52:53.20][172.16.8.247][1219] SELECT pre_cod_asig1,pre_cod_asig2,pre_cod_asig3,pre_cod_asig4,pre_cod_asig5,pre_cod_asig6,pre_cod_asig7 FROM tblaca009 WHERE pensum='5' AND c_uni_ca='3' AND c_asigna='311554' [1][0] OK
C:[30/10/2012 14:52:53.20][172.16.8.247][1232] SELECT c_asigna FROM dace004 WHERE exp_e='09-20136980' AND c_asigna='300318' AND status IN ('0','3','B') [1][0] OK
C:[30/10/2012 14:52:53.20][172.16.8.247][1232] SELECT c_asigna FROM dace004 WHERE exp_e='09-20136980' AND c_asigna='300428' AND status IN ('0','3','B') [1][0] OK
C:[30/10/2012 14:52:53.20][172.16.8.247][1219] SELECT pre_cod_asig1,pre_cod_asig2,pre_cod_asig3,pre_cod_asig4,pre_cod_asig5,pre_cod_asig6,pre_cod_asig7 FROM tblaca009 WHERE pensum='5' AND c_uni_ca='3' AND c_asigna='314662' [1][0] OK
C:[30/10/2012 14:52:53.20][172.16.8.247][1232] SELECT c_asigna FROM dace004 WHERE exp_e='09-20136980' AND c_asigna='311552' AND status IN ('0','3','B') [1][0] OK
C:[30/10/2012 14:52:54.08][172.16.8.247][1263] SELECT par_cod_asig1,par_cod_asig2,par_cod_asig3 FROM tblaca009 WHERE pensum='5' AND c_uni_ca='3' AND c_asigna='311430' [1][0] OK
C:[30/10/2012 14:52:54.08][172.16.8.247][1263] SELECT par_cod_asig1,par_cod_asig2,par_cod_asig3 FROM tblaca009 WHERE pensum='5' AND c_uni_ca='3' AND c_asigna='311431' [1][0] OK
C:[30/10/2012 14:52:54.08][172.16.8.247][1277] SELECT c_asigna FROM dace004 WHERE exp_e='09-20136980' AND c_asigna='311430' AND status IN ('0','3','B','C') [0][0] OK
C:[30/10/2012 14:52:54.08][172.16.8.247][1263] SELECT par_cod_asig1,par_cod_asig2,par_cod_asig3 FROM tblaca009 WHERE pensum='5' AND c_uni_ca='3' AND c_asigna='311434' [1][0] OK
C:[30/10/2012 14:52:54.08][172.16.8.247][1277] SELECT c_asigna FROM dace004 WHERE exp_e='09-20136980' AND c_asigna='311431' AND status IN ('0','3','B','C') [0][0] OK
C:[30/10/2012 14:52:54.08][172.16.8.247][1263] SELECT par_cod_asig1,par_cod_asig2,par_cod_asig3 FROM tblaca009 WHERE pensum='5' AND c_uni_ca='3' AND c_asigna='311554' [1][0] OK
C:[30/10/2012 14:52:54.08][172.16.8.247][1263] SELECT par_cod_asig1,par_cod_asig2,par_cod_asig3 FROM tblaca009 WHERE pensum='5' AND c_uni_ca='3' AND c_asigna='314662' [1][0] OK
C:[30/10/2012 14:52:54.96][172.16.8.247][1334] SELECT c_asigna FROM tblaca009 WHERE pensum='5' AND c_uni_ca='3' AND ((par_cod_asig1='300422') OR (par_cod_asig2='300422') OR (par_cod_asig3='300422'))  [0][0] OK
C:[30/10/2012 14:52:54.96][172.16.8.247][1334] SELECT c_asigna FROM tblaca009 WHERE pensum='5' AND c_uni_ca='3' AND ((par_cod_asig1='310548') OR (par_cod_asig2='310548') OR (par_cod_asig3='310548'))  [0][0] OK
C:[30/10/2012 14:54:26.57][172.16.8.125][1219] SELECT pre_cod_asig1,pre_cod_asig2,pre_cod_asig3,pre_cod_asig4,pre_cod_asig5,pre_cod_asig6,pre_cod_asig7 FROM tblaca009 WHERE pensum='5' AND c_uni_ca='3' AND c_asigna='300314' [1][0] OK
C:[30/10/2012 14:54:26.57][172.16.8.125][1232] SELECT c_asigna FROM dace004 WHERE exp_e='09-20805438' AND c_asigna='300106' AND status IN ('0','3','B') [1][0] OK
C:[30/10/2012 14:54:26.57][172.16.8.125][1219] SELECT pre_cod_asig1,pre_cod_asig2,pre_cod_asig3,pre_cod_asig4,pre_cod_asig5,pre_cod_asig6,pre_cod_asig7 FROM tblaca009 WHERE pensum='5' AND c_uni_ca='3' AND c_asigna='311430' [1][0] OK
C:[30/10/2012 14:54:26.57][172.16.8.125][1232] SELECT c_asigna FROM dace004 WHERE exp_e='09-20805438' AND c_asigna='300317' AND status IN ('0','3','B') [1][0] OK
C:[30/10/2012 14:54:26.57][172.16.8.125][1232] SELECT c_asigna FROM dace004 WHERE exp_e='09-20805438' AND c_asigna='300318' AND status IN ('0','3','B') [1][0] OK
C:[30/10/2012 14:54:26.57][172.16.8.125][1232] SELECT c_asigna FROM dace004 WHERE exp_e='09-20805438' AND c_asigna='300313' AND status IN ('0','3','B') [1][0] OK
C:[30/10/2012 14:54:26.57][172.16.8.125][1232] SELECT c_asigna FROM dace004 WHERE exp_e='09-20805438' AND c_asigna='300222' AND status IN ('0','3','B') [1][0] OK
C:[30/10/2012 14:54:26.57][172.16.8.125][1232] SELECT c_asigna FROM dace004 WHERE exp_e='09-20805438' AND c_asigna='300226' AND status IN ('0','3','B') [1][0] OK
C:[30/10/2012 14:54:26.57][172.16.8.125][1232] SELECT c_asigna FROM dace004 WHERE exp_e='09-20805438' AND c_asigna='300209' AND status IN ('0','3','B') [1][0] OK
C:[30/10/2012 14:54:26.57][172.16.8.125][1219] SELECT pre_cod_asig1,pre_cod_asig2,pre_cod_asig3,pre_cod_asig4,pre_cod_asig5,pre_cod_asig6,pre_cod_asig7 FROM tblaca009 WHERE pensum='5' AND c_uni_ca='3' AND c_asigna='311552' [1][0] OK
C:[30/10/2012 14:54:26.57][172.16.8.125][1232] SELECT c_asigna FROM dace004 WHERE exp_e='09-20805438' AND c_asigna='300317' AND status IN ('0','3','B') [1][0] OK
C:[30/10/2012 14:54:26.57][172.16.8.125][1232] SELECT c_asigna FROM dace004 WHERE exp_e='09-20805438' AND c_asigna='300209' AND status IN ('0','3','B') [1][0] OK
C:[30/10/2012 14:54:26.07][172.16.8.125][1263] SELECT par_cod_asig1,par_cod_asig2,par_cod_asig3 FROM tblaca009 WHERE pensum='5' AND c_uni_ca='3' AND c_asigna='300314' [1][0] OK
C:[30/10/2012 14:54:26.07][172.16.8.125][1263] SELECT par_cod_asig1,par_cod_asig2,par_cod_asig3 FROM tblaca009 WHERE pensum='5' AND c_uni_ca='3' AND c_asigna='311430' [1][0] OK
C:[30/10/2012 14:54:26.07][172.16.8.125][1263] SELECT par_cod_asig1,par_cod_asig2,par_cod_asig3 FROM tblaca009 WHERE pensum='5' AND c_uni_ca='3' AND c_asigna='311552' [1][0] OK
C:[30/10/2012 14:54:27.44][172.16.8.125][1334] SELECT c_asigna FROM tblaca009 WHERE pensum='5' AND c_uni_ca='3' AND ((par_cod_asig1='310548') OR (par_cod_asig2='310548') OR (par_cod_asig3='310548'))  [0][0] OK
C:[30/10/2012 14:55:16.42][172.16.8.247][1219] SELECT pre_cod_asig1,pre_cod_asig2,pre_cod_asig3,pre_cod_asig4,pre_cod_asig5,pre_cod_asig6,pre_cod_asig7 FROM tblaca009 WHERE pensum='5' AND c_uni_ca='3' AND c_asigna='300422' [1][0] OK
C:[30/10/2012 14:55:16.42][172.16.8.247][1232] SELECT c_asigna FROM dace004 WHERE exp_e='09-19095922' AND c_asigna='300105' AND status IN ('0','3','B') [1][0] OK
C:[30/10/2012 14:55:16.42][172.16.8.247][1232] SELECT c_asigna FROM dace004 WHERE exp_e='09-19095922' AND c_asigna='300314' AND status IN ('0','3','B') [1][0] OK
C:[30/10/2012 14:55:16.42][172.16.8.247][1219] SELECT pre_cod_asig1,pre_cod_asig2,pre_cod_asig3,pre_cod_asig4,pre_cod_asig5,pre_cod_asig6,pre_cod_asig7 FROM tblaca009 WHERE pensum='5' AND c_uni_ca='3' AND c_asigna='311430' [1][0] OK
C:[30/10/2012 14:55:16.42][172.16.8.247][1232] SELECT c_asigna FROM dace004 WHERE exp_e='09-19095922' AND c_asigna='300317' AND status IN ('0','3','B') [1][0] OK
C:[30/10/2012 14:55:16.42][172.16.8.247][1232] SELECT c_asigna FROM dace004 WHERE exp_e='09-19095922' AND c_asigna='300318' AND status IN ('0','3','B') [1][0] OK
C:[30/10/2012 14:55:16.42][172.16.8.247][1232] SELECT c_asigna FROM dace004 WHERE exp_e='09-19095922' AND c_asigna='300313' AND status IN ('0','3','B') [1][0] OK
C:[30/10/2012 14:55:16.42][172.16.8.247][1232] SELECT c_asigna FROM dace004 WHERE exp_e='09-19095922' AND c_asigna='300222' AND status IN ('0','3','B') [1][0] OK
C:[30/10/2012 14:55:16.42][172.16.8.247][1232] SELECT c_asigna FROM dace004 WHERE exp_e='09-19095922' AND c_asigna='300226' AND status IN ('0','3','B') [1][0] OK
C:[30/10/2012 14:55:16.42][172.16.8.247][1232] SELECT c_asigna FROM dace004 WHERE exp_e='09-19095922' AND c_asigna='300209' AND status IN ('0','3','B') [1][0] OK
C:[30/10/2012 14:55:16.42][172.16.8.247][1219] SELECT pre_cod_asig1,pre_cod_asig2,pre_cod_asig3,pre_cod_asig4,pre_cod_asig5,pre_cod_asig6,pre_cod_asig7 FROM tblaca009 WHERE pensum='5' AND c_uni_ca='3' AND c_asigna='311431' [1][0] OK
C:[30/10/2012 14:55:16.42][172.16.8.247][1232] SELECT c_asigna FROM dace004 WHERE exp_e='09-19095922' AND c_asigna='311320' AND status IN ('0','3','B') [1][0] OK
C:[30/10/2012 14:55:16.42][172.16.8.247][1232] SELECT c_asigna FROM dace004 WHERE exp_e='09-19095922' AND c_asigna='300013' AND status IN ('0','3','B') [1][0] OK
C:[30/10/2012 14:55:16.42][172.16.8.247][1232] SELECT c_asigna FROM dace004 WHERE exp_e='09-19095922' AND c_asigna='300113' AND status IN ('0','3','B') [1][0] OK
C:[30/10/2012 14:55:16.42][172.16.8.247][1232] SELECT c_asigna FROM dace004 WHERE exp_e='09-19095922' AND c_asigna='300222' AND status IN ('0','3','B') [1][0] OK
C:[30/10/2012 14:55:16.42][172.16.8.247][1232] SELECT c_asigna FROM dace004 WHERE exp_e='09-19095922' AND c_asigna='300226' AND status IN ('0','3','B') [1][0] OK
C:[30/10/2012 14:55:16.42][172.16.8.247][1232] SELECT c_asigna FROM dace004 WHERE exp_e='09-19095922' AND c_asigna='300209' AND status IN ('0','3','B') [1][0] OK
C:[30/10/2012 14:55:16.42][172.16.8.247][1219] SELECT pre_cod_asig1,pre_cod_asig2,pre_cod_asig3,pre_cod_asig4,pre_cod_asig5,pre_cod_asig6,pre_cod_asig7 FROM tblaca009 WHERE pensum='5' AND c_uni_ca='3' AND c_asigna='311434' [1][0] OK
C:[30/10/2012 14:55:16.42][172.16.8.247][1232] SELECT c_asigna FROM dace004 WHERE exp_e='09-19095922' AND c_asigna='300222' AND status IN ('0','3','B') [1][0] OK
C:[30/10/2012 14:55:16.42][172.16.8.247][1232] SELECT c_asigna FROM dace004 WHERE exp_e='09-19095922' AND c_asigna='300226' AND status IN ('0','3','B') [1][0] OK
C:[30/10/2012 14:55:16.42][172.16.8.247][1232] SELECT c_asigna FROM dace004 WHERE exp_e='09-19095922' AND c_asigna='300209' AND status IN ('0','3','B') [1][0] OK
C:[30/10/2012 14:55:16.42][172.16.8.247][1219] SELECT pre_cod_asig1,pre_cod_asig2,pre_cod_asig3,pre_cod_asig4,pre_cod_asig5,pre_cod_asig6,pre_cod_asig7 FROM tblaca009 WHERE pensum='5' AND c_uni_ca='3' AND c_asigna='311552' [1][0] OK
C:[30/10/2012 14:55:16.42][172.16.8.247][1232] SELECT c_asigna FROM dace004 WHERE exp_e='09-19095922' AND c_asigna='300317' AND status IN ('0','3','B') [1][0] OK
C:[30/10/2012 14:55:16.42][172.16.8.247][1232] SELECT c_asigna FROM dace004 WHERE exp_e='09-19095922' AND c_asigna='300209' AND status IN ('0','3','B') [1][0] OK
C:[30/10/2012 14:55:16.42][172.16.8.247][1219] SELECT pre_cod_asig1,pre_cod_asig2,pre_cod_asig3,pre_cod_asig4,pre_cod_asig5,pre_cod_asig6,pre_cod_asig7 FROM tblaca009 WHERE pensum='5' AND c_uni_ca='3' AND c_asigna='311554' [1][0] OK
C:[30/10/2012 14:55:16.42][172.16.8.247][1232] SELECT c_asigna FROM dace004 WHERE exp_e='09-19095922' AND c_asigna='300318' AND status IN ('0','3','B') [1][0] OK
C:[30/10/2012 14:55:16.42][172.16.8.247][1232] SELECT c_asigna FROM dace004 WHERE exp_e='09-19095922' AND c_asigna='300428' AND status IN ('0','3','B') [1][0] OK
C:[30/10/2012 14:55:17.79][172.16.8.247][1263] SELECT par_cod_asig1,par_cod_asig2,par_cod_asig3 FROM tblaca009 WHERE pensum='5' AND c_uni_ca='3' AND c_asigna='300422' [1][0] OK
C:[30/10/2012 14:55:17.79][172.16.8.247][1263] SELECT par_cod_asig1,par_cod_asig2,par_cod_asig3 FROM tblaca009 WHERE pensum='5' AND c_uni_ca='3' AND c_asigna='311430' [1][0] OK
C:[30/10/2012 14:55:17.79][172.16.8.247][1263] SELECT par_cod_asig1,par_cod_asig2,par_cod_asig3 FROM tblaca009 WHERE pensum='5' AND c_uni_ca='3' AND c_asigna='311431' [1][0] OK
C:[30/10/2012 14:55:17.79][172.16.8.247][1277] SELECT c_asigna FROM dace004 WHERE exp_e='09-19095922' AND c_asigna='311430' AND status IN ('0','3','B','C') [0][0] OK
C:[30/10/2012 14:55:17.79][172.16.8.247][1263] SELECT par_cod_asig1,par_cod_asig2,par_cod_asig3 FROM tblaca009 WHERE pensum='5' AND c_uni_ca='3' AND c_asigna='311434' [1][0] OK
C:[30/10/2012 14:55:17.79][172.16.8.247][1277] SELECT c_asigna FROM dace004 WHERE exp_e='09-19095922' AND c_asigna='311431' AND status IN ('0','3','B','C') [0][0] OK
C:[30/10/2012 14:55:17.79][172.16.8.247][1263] SELECT par_cod_asig1,par_cod_asig2,par_cod_asig3 FROM tblaca009 WHERE pensum='5' AND c_uni_ca='3' AND c_asigna='311552' [1][0] OK
C:[30/10/2012 14:55:17.79][172.16.8.247][1263] SELECT par_cod_asig1,par_cod_asig2,par_cod_asig3 FROM tblaca009 WHERE pensum='5' AND c_uni_ca='3' AND c_asigna='311554' [1][0] OK
C:[30/10/2012 14:55:17.79][172.16.8.247][1334] SELECT c_asigna FROM tblaca009 WHERE pensum='5' AND c_uni_ca='3' AND ((par_cod_asig1='310548') OR (par_cod_asig2='310548') OR (par_cod_asig3='310548'))  [0][0] OK
C:[30/10/2012 14:58:06.58][172.16.8.247][1219] SELECT pre_cod_asig1,pre_cod_asig2,pre_cod_asig3,pre_cod_asig4,pre_cod_asig5,pre_cod_asig6,pre_cod_asig7 FROM tblaca009 WHERE pensum='5' AND c_uni_ca='3' AND c_asigna='300422' [1][0] OK
C:[30/10/2012 14:58:06.58][172.16.8.247][1232] SELECT c_asigna FROM dace004 WHERE exp_e='09-20035188' AND c_asigna='300105' AND status IN ('0','3','B') [1][0] OK
C:[30/10/2012 14:58:06.58][172.16.8.247][1232] SELECT c_asigna FROM dace004 WHERE exp_e='09-20035188' AND c_asigna='300314' AND status IN ('0','3','B') [1][0] OK
C:[30/10/2012 14:58:06.58][172.16.8.247][1219] SELECT pre_cod_asig1,pre_cod_asig2,pre_cod_asig3,pre_cod_asig4,pre_cod_asig5,pre_cod_asig6,pre_cod_asig7 FROM tblaca009 WHERE pensum='5' AND c_uni_ca='3' AND c_asigna='311430' [1][0] OK
C:[30/10/2012 14:58:06.58][172.16.8.247][1232] SELECT c_asigna FROM dace004 WHERE exp_e='09-20035188' AND c_asigna='300317' AND status IN ('0','3','B') [1][0] OK
C:[30/10/2012 14:58:06.58][172.16.8.247][1232] SELECT c_asigna FROM dace004 WHERE exp_e='09-20035188' AND c_asigna='300318' AND status IN ('0','3','B') [1][0] OK
C:[30/10/2012 14:58:06.58][172.16.8.247][1232] SELECT c_asigna FROM dace004 WHERE exp_e='09-20035188' AND c_asigna='300313' AND status IN ('0','3','B') [1][0] OK
C:[30/10/2012 14:58:06.58][172.16.8.247][1232] SELECT c_asigna FROM dace004 WHERE exp_e='09-20035188' AND c_asigna='300222' AND status IN ('0','3','B') [1][0] OK
C:[30/10/2012 14:58:06.58][172.16.8.247][1232] SELECT c_asigna FROM dace004 WHERE exp_e='09-20035188' AND c_asigna='300226' AND status IN ('0','3','B') [1][0] OK
C:[30/10/2012 14:58:06.58][172.16.8.247][1232] SELECT c_asigna FROM dace004 WHERE exp_e='09-20035188' AND c_asigna='300209' AND status IN ('0','3','B') [1][0] OK
C:[30/10/2012 14:58:06.58][172.16.8.247][1219] SELECT pre_cod_asig1,pre_cod_asig2,pre_cod_asig3,pre_cod_asig4,pre_cod_asig5,pre_cod_asig6,pre_cod_asig7 FROM tblaca009 WHERE pensum='5' AND c_uni_ca='3' AND c_asigna='311434' [1][0] OK
C:[30/10/2012 14:58:06.58][172.16.8.247][1232] SELECT c_asigna FROM dace004 WHERE exp_e='09-20035188' AND c_asigna='300222' AND status IN ('0','3','B') [1][0] OK
C:[30/10/2012 14:58:06.58][172.16.8.247][1232] SELECT c_asigna FROM dace004 WHERE exp_e='09-20035188' AND c_asigna='300226' AND status IN ('0','3','B') [1][0] OK
C:[30/10/2012 14:58:06.58][172.16.8.247][1232] SELECT c_asigna FROM dace004 WHERE exp_e='09-20035188' AND c_asigna='300209' AND status IN ('0','3','B') [1][0] OK
C:[30/10/2012 14:58:06.58][172.16.8.247][1219] SELECT pre_cod_asig1,pre_cod_asig2,pre_cod_asig3,pre_cod_asig4,pre_cod_asig5,pre_cod_asig6,pre_cod_asig7 FROM tblaca009 WHERE pensum='5' AND c_uni_ca='3' AND c_asigna='311552' [1][0] OK
C:[30/10/2012 14:58:06.58][172.16.8.247][1232] SELECT c_asigna FROM dace004 WHERE exp_e='09-20035188' AND c_asigna='300317' AND status IN ('0','3','B') [1][0] OK
C:[30/10/2012 14:58:06.58][172.16.8.247][1232] SELECT c_asigna FROM dace004 WHERE exp_e='09-20035188' AND c_asigna='300209' AND status IN ('0','3','B') [1][0] OK
C:[30/10/2012 14:58:06.58][172.16.8.247][1219] SELECT pre_cod_asig1,pre_cod_asig2,pre_cod_asig3,pre_cod_asig4,pre_cod_asig5,pre_cod_asig6,pre_cod_asig7 FROM tblaca009 WHERE pensum='5' AND c_uni_ca='3' AND c_asigna='311554' [1][0] OK
C:[30/10/2012 14:58:06.58][172.16.8.247][1232] SELECT c_asigna FROM dace004 WHERE exp_e='09-20035188' AND c_asigna='300318' AND status IN ('0','3','B') [1][0] OK
C:[30/10/2012 14:58:06.58][172.16.8.247][1232] SELECT c_asigna FROM dace004 WHERE exp_e='09-20035188' AND c_asigna='300428' AND status IN ('0','3','B') [1][0] OK
C:[30/10/2012 14:58:06.58][172.16.8.247][1219] SELECT pre_cod_asig1,pre_cod_asig2,pre_cod_asig3,pre_cod_asig4,pre_cod_asig5,pre_cod_asig6,pre_cod_asig7 FROM tblaca009 WHERE pensum='5' AND c_uni_ca='3' AND c_asigna='312333' [1][0] OK
C:[30/10/2012 14:58:06.58][172.16.8.247][1232] SELECT c_asigna FROM dace004 WHERE exp_e='09-20035188' AND c_asigna='300228' AND status IN ('0','3','B') [1][0] OK
C:[30/10/2012 14:58:06.33][172.16.8.247][1263] SELECT par_cod_asig1,par_cod_asig2,par_cod_asig3 FROM tblaca009 WHERE pensum='5' AND c_uni_ca='3' AND c_asigna='300422' [1][0] OK
C:[30/10/2012 14:58:06.33][172.16.8.247][1263] SELECT par_cod_asig1,par_cod_asig2,par_cod_asig3 FROM tblaca009 WHERE pensum='5' AND c_uni_ca='3' AND c_asigna='311430' [1][0] OK
C:[30/10/2012 14:58:06.33][172.16.8.247][1263] SELECT par_cod_asig1,par_cod_asig2,par_cod_asig3 FROM tblaca009 WHERE pensum='5' AND c_uni_ca='3' AND c_asigna='311434' [1][0] OK
C:[30/10/2012 14:58:06.33][172.16.8.247][1277] SELECT c_asigna FROM dace004 WHERE exp_e='09-20035188' AND c_asigna='311431' AND status IN ('0','3','B','C') [1][0] OK
C:[30/10/2012 14:58:06.33][172.16.8.247][1263] SELECT par_cod_asig1,par_cod_asig2,par_cod_asig3 FROM tblaca009 WHERE pensum='5' AND c_uni_ca='3' AND c_asigna='311552' [1][0] OK
C:[30/10/2012 14:58:06.33][172.16.8.247][1263] SELECT par_cod_asig1,par_cod_asig2,par_cod_asig3 FROM tblaca009 WHERE pensum='5' AND c_uni_ca='3' AND c_asigna='311554' [1][0] OK
C:[30/10/2012 14:58:06.33][172.16.8.247][1263] SELECT par_cod_asig1,par_cod_asig2,par_cod_asig3 FROM tblaca009 WHERE pensum='5' AND c_uni_ca='3' AND c_asigna='312333' [1][0] OK
C:[30/10/2012 14:58:07.21][172.16.8.247][1334] SELECT c_asigna FROM tblaca009 WHERE pensum='5' AND c_uni_ca='3' AND ((par_cod_asig1='310548') OR (par_cod_asig2='310548') OR (par_cod_asig3='310548'))  [0][0] OK
C:[30/10/2012 14:59:42.33][172.16.8.247][1219] SELECT pre_cod_asig1,pre_cod_asig2,pre_cod_asig3,pre_cod_asig4,pre_cod_asig5,pre_cod_asig6,pre_cod_asig7 FROM tblaca009 WHERE pensum='5' AND c_uni_ca='3' AND c_asigna='311320' [1][0] OK
C:[30/10/2012 14:59:42.33][172.16.8.247][1232] SELECT c_asigna FROM dace004 WHERE exp_e='11-24963856' AND c_asigna='300013' AND status IN ('0','3','B') [1][0] OK
C:[30/10/2012 14:59:42.33][172.16.8.247][1232] SELECT c_asigna FROM dace004 WHERE exp_e='11-24963856' AND c_asigna='300113' AND status IN ('0','3','B') [1][0] OK
C:[30/10/2012 14:59:42.33][172.16.8.247][1219] SELECT pre_cod_asig1,pre_cod_asig2,pre_cod_asig3,pre_cod_asig4,pre_cod_asig5,pre_cod_asig6,pre_cod_asig7 FROM tblaca009 WHERE pensum='5' AND c_uni_ca='3' AND c_asigna='311430' [1][0] OK
C:[30/10/2012 14:59:42.33][172.16.8.247][1232] SELECT c_asigna FROM dace004 WHERE exp_e='11-24963856' AND c_asigna='300317' AND status IN ('0','3','B') [1][0] OK
C:[30/10/2012 14:59:42.33][172.16.8.247][1232] SELECT c_asigna FROM dace004 WHERE exp_e='11-24963856' AND c_asigna='300318' AND status IN ('0','3','B') [1][0] OK
C:[30/10/2012 14:59:42.33][172.16.8.247][1232] SELECT c_asigna FROM dace004 WHERE exp_e='11-24963856' AND c_asigna='300313' AND status IN ('0','3','B') [1][0] OK
C:[30/10/2012 14:59:42.33][172.16.8.247][1232] SELECT c_asigna FROM dace004 WHERE exp_e='11-24963856' AND c_asigna='300222' AND status IN ('0','3','B') [1][0] OK
C:[30/10/2012 14:59:42.33][172.16.8.247][1232] SELECT c_asigna FROM dace004 WHERE exp_e='11-24963856' AND c_asigna='300226' AND status IN ('0','3','B') [1][0] OK
C:[30/10/2012 14:59:42.33][172.16.8.247][1232] SELECT c_asigna FROM dace004 WHERE exp_e='11-24963856' AND c_asigna='300209' AND status IN ('0','3','B') [1][0] OK
C:[30/10/2012 14:59:42.33][172.16.8.247][1219] SELECT pre_cod_asig1,pre_cod_asig2,pre_cod_asig3,pre_cod_asig4,pre_cod_asig5,pre_cod_asig6,pre_cod_asig7 FROM tblaca009 WHERE pensum='5' AND c_uni_ca='3' AND c_asigna='311552' [1][0] OK
C:[30/10/2012 14:59:42.33][172.16.8.247][1232] SELECT c_asigna FROM dace004 WHERE exp_e='11-24963856' AND c_asigna='300317' AND status IN ('0','3','B') [1][0] OK
C:[30/10/2012 14:59:42.33][172.16.8.247][1232] SELECT c_asigna FROM dace004 WHERE exp_e='11-24963856' AND c_asigna='300209' AND status IN ('0','3','B') [1][0] OK
C:[30/10/2012 14:59:42.33][172.16.8.247][1219] SELECT pre_cod_asig1,pre_cod_asig2,pre_cod_asig3,pre_cod_asig4,pre_cod_asig5,pre_cod_asig6,pre_cod_asig7 FROM tblaca009 WHERE pensum='5' AND c_uni_ca='3' AND c_asigna='312333' [1][0] OK
C:[30/10/2012 14:59:42.33][172.16.8.247][1232] SELECT c_asigna FROM dace004 WHERE exp_e='11-24963856' AND c_asigna='300228' AND status IN ('0','3','B') [1][0] OK
C:[30/10/2012 14:59:42.21][172.16.8.247][1263] SELECT par_cod_asig1,par_cod_asig2,par_cod_asig3 FROM tblaca009 WHERE pensum='5' AND c_uni_ca='3' AND c_asigna='311320' [1][0] OK
C:[30/10/2012 14:59:42.21][172.16.8.247][1263] SELECT par_cod_asig1,par_cod_asig2,par_cod_asig3 FROM tblaca009 WHERE pensum='5' AND c_uni_ca='3' AND c_asigna='311430' [1][0] OK
C:[30/10/2012 14:59:42.21][172.16.8.247][1263] SELECT par_cod_asig1,par_cod_asig2,par_cod_asig3 FROM tblaca009 WHERE pensum='5' AND c_uni_ca='3' AND c_asigna='311552' [1][0] OK
C:[30/10/2012 14:59:42.21][172.16.8.247][1263] SELECT par_cod_asig1,par_cod_asig2,par_cod_asig3 FROM tblaca009 WHERE pensum='5' AND c_uni_ca='3' AND c_asigna='312333' [1][0] OK
C:[30/10/2012 14:59:42.71][172.16.8.247][1334] SELECT c_asigna FROM tblaca009 WHERE pensum='5' AND c_uni_ca='3' AND ((par_cod_asig1='310548') OR (par_cod_asig2='310548') OR (par_cod_asig3='310548'))  [0][0] OK
C:[30/10/2012 15:06:14.60][172.16.8.247][1219] SELECT pre_cod_asig1,pre_cod_asig2,pre_cod_asig3,pre_cod_asig4,pre_cod_asig5,pre_cod_asig6,pre_cod_asig7 FROM tblaca009 WHERE pensum='5' AND c_uni_ca='2' AND c_asigna='300313' [1][0] OK
C:[30/10/2012 15:06:14.60][172.16.8.247][1232] SELECT c_asigna FROM dace004 WHERE exp_e='11-22615781' AND c_asigna='300213' AND status IN ('0','3','B') [1][0] OK
C:[30/10/2012 15:06:14.60][172.16.8.247][1232] SELECT c_asigna FROM dace004 WHERE exp_e='11-22615781' AND c_asigna='300226' AND status IN ('0','3','B') [1][0] OK
C:[30/10/2012 15:06:14.60][172.16.8.247][1232] SELECT c_asigna FROM dace004 WHERE exp_e='11-22615781' AND c_asigna='300209' AND status IN ('0','3','B') [1][0] OK
C:[30/10/2012 15:06:14.60][172.16.8.247][1219] SELECT pre_cod_asig1,pre_cod_asig2,pre_cod_asig3,pre_cod_asig4,pre_cod_asig5,pre_cod_asig6,pre_cod_asig7 FROM tblaca009 WHERE pensum='5' AND c_uni_ca='2' AND c_asigna='320323' [1][0] OK
C:[30/10/2012 15:06:14.60][172.16.8.247][1232] SELECT c_asigna FROM dace004 WHERE exp_e='11-22615781' AND c_asigna='300228' AND status IN ('0','3','B') [1][0] OK
C:[30/10/2012 15:06:14.60][172.16.8.247][1232] SELECT c_asigna FROM dace004 WHERE exp_e='11-22615781' AND c_asigna='300218' AND status IN ('0','3','B') [1][0] OK
C:[30/10/2012 15:06:14.60][172.16.8.247][1219] SELECT pre_cod_asig1,pre_cod_asig2,pre_cod_asig3,pre_cod_asig4,pre_cod_asig5,pre_cod_asig6,pre_cod_asig7 FROM tblaca009 WHERE pensum='5' AND c_uni_ca='2' AND c_asigna='300314' [1][0] OK
C:[30/10/2012 15:06:14.60][172.16.8.247][1232] SELECT c_asigna FROM dace004 WHERE exp_e='11-22615781' AND c_asigna='300106' AND status IN ('0','3','B') [1][0] OK
C:[30/10/2012 15:06:14.60][172.16.8.247][1219] SELECT pre_cod_asig1,pre_cod_asig2,pre_cod_asig3,pre_cod_asig4,pre_cod_asig5,pre_cod_asig6,pre_cod_asig7 FROM tblaca009 WHERE pensum='5' AND c_uni_ca='2' AND c_asigna='300317' [1][0] OK
C:[30/10/2012 15:06:14.60][172.16.8.247][1232] SELECT c_asigna FROM dace004 WHERE exp_e='11-22615781' AND c_asigna='300207' AND status IN ('0','3','B') [1][0] OK
C:[30/10/2012 15:06:14.60][172.16.8.247][1232] SELECT c_asigna FROM dace004 WHERE exp_e='11-22615781' AND c_asigna='300209' AND status IN ('0','3','B') [1][0] OK
C:[30/10/2012 15:06:14.60][172.16.8.247][1219] SELECT pre_cod_asig1,pre_cod_asig2,pre_cod_asig3,pre_cod_asig4,pre_cod_asig5,pre_cod_asig6,pre_cod_asig7 FROM tblaca009 WHERE pensum='5' AND c_uni_ca='2' AND c_asigna='300318' [1][0] OK
C:[30/10/2012 15:06:14.60][172.16.8.247][1232] SELECT c_asigna FROM dace004 WHERE exp_e='11-22615781' AND c_asigna='300228' AND status IN ('0','3','B') [1][0] OK
C:[30/10/2012 15:06:14.60][172.16.8.247][1232] SELECT c_asigna FROM dace004 WHERE exp_e='11-22615781' AND c_asigna='300207' AND status IN ('0','3','B') [1][0] OK
C:[30/10/2012 15:06:14.60][172.16.8.247][1232] SELECT c_asigna FROM dace004 WHERE exp_e='11-22615781' AND c_asigna='300218' AND status IN ('0','3','B') [1][0] OK
C:[30/10/2012 15:06:14.60][172.16.8.247][1219] SELECT pre_cod_asig1,pre_cod_asig2,pre_cod_asig3,pre_cod_asig4,pre_cod_asig5,pre_cod_asig6,pre_cod_asig7 FROM tblaca009 WHERE pensum='5' AND c_uni_ca='2' AND c_asigna='320311' [1][0] OK
C:[30/10/2012 15:06:14.60][172.16.8.247][1232] SELECT c_asigna FROM dace004 WHERE exp_e='11-22615781' AND c_asigna='300013' AND status IN ('0','3','B') [1][0] OK
C:[30/10/2012 15:06:14.60][172.16.8.247][1232] SELECT c_asigna FROM dace004 WHERE exp_e='11-22615781' AND c_asigna='300113' AND status IN ('0','3','B') [1][0] OK
C:[30/10/2012 15:06:15.97][172.16.8.247][1263] SELECT par_cod_asig1,par_cod_asig2,par_cod_asig3 FROM tblaca009 WHERE pensum='5' AND c_uni_ca='2' AND c_asigna='300313' [1][0] OK
C:[30/10/2012 15:06:15.97][172.16.8.247][1263] SELECT par_cod_asig1,par_cod_asig2,par_cod_asig3 FROM tblaca009 WHERE pensum='5' AND c_uni_ca='2' AND c_asigna='320323' [1][0] OK
C:[30/10/2012 15:06:15.97][172.16.8.247][1263] SELECT par_cod_asig1,par_cod_asig2,par_cod_asig3 FROM tblaca009 WHERE pensum='5' AND c_uni_ca='2' AND c_asigna='300314' [1][0] OK
C:[30/10/2012 15:06:15.97][172.16.8.247][1263] SELECT par_cod_asig1,par_cod_asig2,par_cod_asig3 FROM tblaca009 WHERE pensum='5' AND c_uni_ca='2' AND c_asigna='300317' [1][0] OK
C:[30/10/2012 15:06:15.97][172.16.8.247][1263] SELECT par_cod_asig1,par_cod_asig2,par_cod_asig3 FROM tblaca009 WHERE pensum='5' AND c_uni_ca='2' AND c_asigna='300318' [1][0] OK
C:[30/10/2012 15:06:15.97][172.16.8.247][1263] SELECT par_cod_asig1,par_cod_asig2,par_cod_asig3 FROM tblaca009 WHERE pensum='5' AND c_uni_ca='2' AND c_asigna='320311' [1][0] OK
C:[30/10/2012 15:09:51.02][172.16.8.125][1219] SELECT pre_cod_asig1,pre_cod_asig2,pre_cod_asig3,pre_cod_asig4,pre_cod_asig5,pre_cod_asig6,pre_cod_asig7 FROM tblaca009 WHERE pensum='5' AND c_uni_ca='2' AND c_asigna='300318' [1][0] OK
C:[30/10/2012 15:09:51.02][172.16.8.125][1232] SELECT c_asigna FROM dace004 WHERE exp_e='09-20224050' AND c_asigna='300228' AND status IN ('0','3','B') [1][0] OK
C:[30/10/2012 15:09:51.02][172.16.8.125][1232] SELECT c_asigna FROM dace004 WHERE exp_e='09-20224050' AND c_asigna='300207' AND status IN ('0','3','B') [1][0] OK
C:[30/10/2012 15:09:51.02][172.16.8.125][1232] SELECT c_asigna FROM dace004 WHERE exp_e='09-20224050' AND c_asigna='300218' AND status IN ('0','3','B') [1][0] OK
C:[30/10/2012 15:09:51.02][172.16.8.125][1219] SELECT pre_cod_asig1,pre_cod_asig2,pre_cod_asig3,pre_cod_asig4,pre_cod_asig5,pre_cod_asig6,pre_cod_asig7 FROM tblaca009 WHERE pensum='5' AND c_uni_ca='2' AND c_asigna='320323' [1][0] OK
C:[30/10/2012 15:09:51.02][172.16.8.125][1232] SELECT c_asigna FROM dace004 WHERE exp_e='09-20224050' AND c_asigna='300228' AND status IN ('0','3','B') [1][0] OK
C:[30/10/2012 15:09:51.02][172.16.8.125][1232] SELECT c_asigna FROM dace004 WHERE exp_e='09-20224050' AND c_asigna='300218' AND status IN ('0','3','B') [1][0] OK
C:[30/10/2012 15:09:51.02][172.16.8.125][1219] SELECT pre_cod_asig1,pre_cod_asig2,pre_cod_asig3,pre_cod_asig4,pre_cod_asig5,pre_cod_asig6,pre_cod_asig7 FROM tblaca009 WHERE pensum='5' AND c_uni_ca='2' AND c_asigna='300314' [1][0] OK
C:[30/10/2012 15:09:51.02][172.16.8.125][1232] SELECT c_asigna FROM dace004 WHERE exp_e='09-20224050' AND c_asigna='300106' AND status IN ('0','3','B') [1][0] OK
C:[30/10/2012 15:09:51.02][172.16.8.125][1219] SELECT pre_cod_asig1,pre_cod_asig2,pre_cod_asig3,pre_cod_asig4,pre_cod_asig5,pre_cod_asig6,pre_cod_asig7 FROM tblaca009 WHERE pensum='5' AND c_uni_ca='2' AND c_asigna='322436' [1][0] OK
C:[30/10/2012 15:09:51.02][172.16.8.125][1232] SELECT c_asigna FROM dace004 WHERE exp_e='09-20224050' AND c_asigna='300317' AND status IN ('0','3','B') [1][0] OK
C:[30/10/2012 15:09:51.02][172.16.8.125][1232] SELECT c_asigna FROM dace004 WHERE exp_e='09-20224050' AND c_asigna='320311' AND status IN ('0','3','B') [1][0] OK
C:[30/10/2012 15:09:51.02][172.16.8.125][1219] SELECT pre_cod_asig1,pre_cod_asig2,pre_cod_asig3,pre_cod_asig4,pre_cod_asig5,pre_cod_asig6,pre_cod_asig7 FROM tblaca009 WHERE pensum='5' AND c_uni_ca='2' AND c_asigna='322449' [1][0] OK
C:[30/10/2012 15:09:51.02][172.16.8.125][1232] SELECT c_asigna FROM dace004 WHERE exp_e='09-20224050' AND c_asigna='300222' AND status IN ('0','3','B') [1][0] OK
C:[30/10/2012 15:09:51.77][172.16.8.125][1263] SELECT par_cod_asig1,par_cod_asig2,par_cod_asig3 FROM tblaca009 WHERE pensum='5' AND c_uni_ca='2' AND c_asigna='300318' [1][0] OK
C:[30/10/2012 15:09:51.77][172.16.8.125][1263] SELECT par_cod_asig1,par_cod_asig2,par_cod_asig3 FROM tblaca009 WHERE pensum='5' AND c_uni_ca='2' AND c_asigna='320323' [1][0] OK
C:[30/10/2012 15:09:51.77][172.16.8.125][1263] SELECT par_cod_asig1,par_cod_asig2,par_cod_asig3 FROM tblaca009 WHERE pensum='5' AND c_uni_ca='2' AND c_asigna='300314' [1][0] OK
C:[30/10/2012 15:09:51.77][172.16.8.125][1263] SELECT par_cod_asig1,par_cod_asig2,par_cod_asig3 FROM tblaca009 WHERE pensum='5' AND c_uni_ca='2' AND c_asigna='322436' [1][0] OK
C:[30/10/2012 15:09:51.77][172.16.8.125][1263] SELECT par_cod_asig1,par_cod_asig2,par_cod_asig3 FROM tblaca009 WHERE pensum='5' AND c_uni_ca='2' AND c_asigna='322449' [1][0] OK
C:[30/10/2012 15:21:30.98][172.16.8.125][1219] SELECT pre_cod_asig1,pre_cod_asig2,pre_cod_asig3,pre_cod_asig4,pre_cod_asig5,pre_cod_asig6,pre_cod_asig7 FROM tblaca009 WHERE pensum='5' AND c_uni_ca='5' AND c_asigna='355570' [1][0] OK
C:[30/10/2012 15:21:30.98][172.16.8.125][1232] SELECT c_asigna FROM dace004 WHERE exp_e='07-20126180' AND c_asigna='355447' AND status IN ('0','3','B') [1][0] OK
C:[30/10/2012 15:21:30.98][172.16.8.125][1219] SELECT pre_cod_asig1,pre_cod_asig2,pre_cod_asig3,pre_cod_asig4,pre_cod_asig5,pre_cod_asig6,pre_cod_asig7 FROM tblaca009 WHERE pensum='5' AND c_uni_ca='5' AND c_asigna='300112' [1][0] OK
C:[30/10/2012 15:21:31.35][172.16.8.125][1263] SELECT par_cod_asig1,par_cod_asig2,par_cod_asig3 FROM tblaca009 WHERE pensum='5' AND c_uni_ca='5' AND c_asigna='355570' [1][0] OK
C:[30/10/2012 15:21:31.35][172.16.8.125][1263] SELECT par_cod_asig1,par_cod_asig2,par_cod_asig3 FROM tblaca009 WHERE pensum='5' AND c_uni_ca='5' AND c_asigna='300112' [1][0] OK
C:[30/10/2012 15:44:06.27][172.16.8.247][1219] SELECT pre_cod_asig1,pre_cod_asig2,pre_cod_asig3,pre_cod_asig4,pre_cod_asig5,pre_cod_asig6,pre_cod_asig7 FROM tblaca009 WHERE pensum='5' AND c_uni_ca='3' AND c_asigna='300213' [1][0] OK
C:[30/10/2012 15:44:06.27][172.16.8.247][1232] SELECT c_asigna FROM dace004 WHERE exp_e='09-24039201' AND c_asigna='300101' AND status IN ('0','3','B') [1][0] OK
C:[30/10/2012 15:44:06.27][172.16.8.247][1219] SELECT pre_cod_asig1,pre_cod_asig2,pre_cod_asig3,pre_cod_asig4,pre_cod_asig5,pre_cod_asig6,pre_cod_asig7 FROM tblaca009 WHERE pensum='5' AND c_uni_ca='3' AND c_asigna='300428' [1][0] OK
C:[30/10/2012 15:44:06.27][172.16.8.247][1232] SELECT c_asigna FROM dace004 WHERE exp_e='09-24039201' AND c_asigna='300317' AND status IN ('0','3','B') [1][0] OK
C:[30/10/2012 15:44:06.27][172.16.8.247][1232] SELECT c_asigna FROM dace004 WHERE exp_e='09-24039201' AND c_asigna='300209' AND status IN ('0','3','B') [1][0] OK
C:[30/10/2012 15:44:06.27][172.16.8.247][1219] SELECT pre_cod_asig1,pre_cod_asig2,pre_cod_asig3,pre_cod_asig4,pre_cod_asig5,pre_cod_asig6,pre_cod_asig7 FROM tblaca009 WHERE pensum='5' AND c_uni_ca='3' AND c_asigna='311320' [1][0] OK
C:[30/10/2012 15:44:06.27][172.16.8.247][1232] SELECT c_asigna FROM dace004 WHERE exp_e='09-24039201' AND c_asigna='300013' AND status IN ('0','3','B') [1][0] OK
C:[30/10/2012 15:44:06.27][172.16.8.247][1232] SELECT c_asigna FROM dace004 WHERE exp_e='09-24039201' AND c_asigna='300113' AND status IN ('0','3','B') [1][0] OK
C:[30/10/2012 15:44:06.27][172.16.8.247][1219] SELECT pre_cod_asig1,pre_cod_asig2,pre_cod_asig3,pre_cod_asig4,pre_cod_asig5,pre_cod_asig6,pre_cod_asig7 FROM tblaca009 WHERE pensum='5' AND c_uni_ca='3' AND c_asigna='311552' [1][0] OK
C:[30/10/2012 15:44:06.27][172.16.8.247][1232] SELECT c_asigna FROM dace004 WHERE exp_e='09-24039201' AND c_asigna='300317' AND status IN ('0','3','B') [1][0] OK
C:[30/10/2012 15:44:06.27][172.16.8.247][1232] SELECT c_asigna FROM dace004 WHERE exp_e='09-24039201' AND c_asigna='300209' AND status IN ('0','3','B') [1][0] OK
C:[30/10/2012 15:44:06.64][172.16.8.247][1263] SELECT par_cod_asig1,par_cod_asig2,par_cod_asig3 FROM tblaca009 WHERE pensum='5' AND c_uni_ca='3' AND c_asigna='300213' [1][0] OK
C:[30/10/2012 15:44:06.64][172.16.8.247][1277] SELECT c_asigna FROM dace004 WHERE exp_e='09-24039201' AND c_asigna='300209' AND status IN ('0','3','B','C') [1][0] OK
C:[30/10/2012 15:44:06.64][172.16.8.247][1263] SELECT par_cod_asig1,par_cod_asig2,par_cod_asig3 FROM tblaca009 WHERE pensum='5' AND c_uni_ca='3' AND c_asigna='300428' [1][0] OK
C:[30/10/2012 15:44:06.64][172.16.8.247][1263] SELECT par_cod_asig1,par_cod_asig2,par_cod_asig3 FROM tblaca009 WHERE pensum='5' AND c_uni_ca='3' AND c_asigna='311320' [1][0] OK
C:[30/10/2012 15:44:06.64][172.16.8.247][1263] SELECT par_cod_asig1,par_cod_asig2,par_cod_asig3 FROM tblaca009 WHERE pensum='5' AND c_uni_ca='3' AND c_asigna='311552' [1][0] OK
C:[30/10/2012 15:44:06.28][172.16.8.247][1334] SELECT c_asigna FROM tblaca009 WHERE pensum='5' AND c_uni_ca='3' AND ((par_cod_asig1='312444') OR (par_cod_asig2='312444') OR (par_cod_asig3='312444'))  [0][0] OK
C:[30/10/2012 15:46:49.33][172.16.8.247][1219] SELECT pre_cod_asig1,pre_cod_asig2,pre_cod_asig3,pre_cod_asig4,pre_cod_asig5,pre_cod_asig6,pre_cod_asig7 FROM tblaca009 WHERE pensum='5' AND c_uni_ca='3' AND c_asigna='300422' [1][0] OK
C:[30/10/2012 15:46:49.33][172.16.8.247][1232] SELECT c_asigna FROM dace004 WHERE exp_e='09-22031042' AND c_asigna='300105' AND status IN ('0','3','B') [1][0] OK
C:[30/10/2012 15:46:49.33][172.16.8.247][1232] SELECT c_asigna FROM dace004 WHERE exp_e='09-22031042' AND c_asigna='300314' AND status IN ('0','3','B') [1][0] OK
C:[30/10/2012 15:46:49.33][172.16.8.247][1219] SELECT pre_cod_asig1,pre_cod_asig2,pre_cod_asig3,pre_cod_asig4,pre_cod_asig5,pre_cod_asig6,pre_cod_asig7 FROM tblaca009 WHERE pensum='5' AND c_uni_ca='3' AND c_asigna='310548' [1][0] OK
C:[30/10/2012 15:46:49.33][172.16.8.247][1232] SELECT c_asigna FROM dace004 WHERE exp_e='09-22031042' AND c_asigna='300428' AND status IN ('0','3','B') [1][0] OK
C:[30/10/2012 15:46:49.33][172.16.8.247][1232] SELECT c_asigna FROM dace004 WHERE exp_e='09-22031042' AND c_asigna='300313' AND status IN ('0','3','B') [1][0] OK
C:[30/10/2012 15:46:49.33][172.16.8.247][1232] SELECT c_asigna FROM dace004 WHERE exp_e='09-22031042' AND c_asigna='300222' AND status IN ('0','3','B') [1][0] OK
C:[30/10/2012 15:46:49.33][172.16.8.247][1232] SELECT c_asigna FROM dace004 WHERE exp_e='09-22031042' AND c_asigna='300226' AND status IN ('0','3','B') [1][0] OK
C:[30/10/2012 15:46:49.33][172.16.8.247][1232] SELECT c_asigna FROM dace004 WHERE exp_e='09-22031042' AND c_asigna='300209' AND status IN ('0','3','B') [1][0] OK
C:[30/10/2012 15:46:49.33][172.16.8.247][1219] SELECT pre_cod_asig1,pre_cod_asig2,pre_cod_asig3,pre_cod_asig4,pre_cod_asig5,pre_cod_asig6,pre_cod_asig7 FROM tblaca009 WHERE pensum='5' AND c_uni_ca='3' AND c_asigna='311430' [1][0] OK
C:[30/10/2012 15:46:49.33][172.16.8.247][1232] SELECT c_asigna FROM dace004 WHERE exp_e='09-22031042' AND c_asigna='300317' AND status IN ('0','3','B') [1][0] OK
C:[30/10/2012 15:46:49.33][172.16.8.247][1232] SELECT c_asigna FROM dace004 WHERE exp_e='09-22031042' AND c_asigna='300318' AND status IN ('0','3','B') [1][0] OK
C:[30/10/2012 15:46:49.33][172.16.8.247][1232] SELECT c_asigna FROM dace004 WHERE exp_e='09-22031042' AND c_asigna='300313' AND status IN ('0','3','B') [1][0] OK
C:[30/10/2012 15:46:49.33][172.16.8.247][1232] SELECT c_asigna FROM dace004 WHERE exp_e='09-22031042' AND c_asigna='300222' AND status IN ('0','3','B') [1][0] OK
C:[30/10/2012 15:46:49.33][172.16.8.247][1232] SELECT c_asigna FROM dace004 WHERE exp_e='09-22031042' AND c_asigna='300226' AND status IN ('0','3','B') [1][0] OK
C:[30/10/2012 15:46:49.33][172.16.8.247][1232] SELECT c_asigna FROM dace004 WHERE exp_e='09-22031042' AND c_asigna='300209' AND status IN ('0','3','B') [1][0] OK
C:[30/10/2012 15:46:49.33][172.16.8.247][1219] SELECT pre_cod_asig1,pre_cod_asig2,pre_cod_asig3,pre_cod_asig4,pre_cod_asig5,pre_cod_asig6,pre_cod_asig7 FROM tblaca009 WHERE pensum='5' AND c_uni_ca='3' AND c_asigna='311554' [1][0] OK
C:[30/10/2012 15:46:49.33][172.16.8.247][1232] SELECT c_asigna FROM dace004 WHERE exp_e='09-22031042' AND c_asigna='300318' AND status IN ('0','3','B') [1][0] OK
C:[30/10/2012 15:46:49.33][172.16.8.247][1232] SELECT c_asigna FROM dace004 WHERE exp_e='09-22031042' AND c_asigna='300428' AND status IN ('0','3','B') [1][0] OK
C:[30/10/2012 15:46:49.33][172.16.8.247][1219] SELECT pre_cod_asig1,pre_cod_asig2,pre_cod_asig3,pre_cod_asig4,pre_cod_asig5,pre_cod_asig6,pre_cod_asig7 FROM tblaca009 WHERE pensum='5' AND c_uni_ca='3' AND c_asigna='314662' [1][0] OK
C:[30/10/2012 15:46:49.33][172.16.8.247][1232] SELECT c_asigna FROM dace004 WHERE exp_e='09-22031042' AND c_asigna='311552' AND status IN ('0','3','B') [1][0] OK
C:[30/10/2012 15:46:49.96][172.16.8.247][1263] SELECT par_cod_asig1,par_cod_asig2,par_cod_asig3 FROM tblaca009 WHERE pensum='5' AND c_uni_ca='3' AND c_asigna='300422' [1][0] OK
C:[30/10/2012 15:46:49.96][172.16.8.247][1263] SELECT par_cod_asig1,par_cod_asig2,par_cod_asig3 FROM tblaca009 WHERE pensum='5' AND c_uni_ca='3' AND c_asigna='310548' [1][0] OK
C:[30/10/2012 15:46:49.96][172.16.8.247][1263] SELECT par_cod_asig1,par_cod_asig2,par_cod_asig3 FROM tblaca009 WHERE pensum='5' AND c_uni_ca='3' AND c_asigna='311430' [1][0] OK
C:[30/10/2012 15:46:49.96][172.16.8.247][1263] SELECT par_cod_asig1,par_cod_asig2,par_cod_asig3 FROM tblaca009 WHERE pensum='5' AND c_uni_ca='3' AND c_asigna='311554' [1][0] OK
C:[30/10/2012 15:46:49.96][172.16.8.247][1263] SELECT par_cod_asig1,par_cod_asig2,par_cod_asig3 FROM tblaca009 WHERE pensum='5' AND c_uni_ca='3' AND c_asigna='314662' [1][0] OK
C:[30/10/2012 15:46:49.59][172.16.8.247][1334] SELECT c_asigna FROM tblaca009 WHERE pensum='5' AND c_uni_ca='3' AND ((par_cod_asig1='312444') OR (par_cod_asig2='312444') OR (par_cod_asig3='312444'))  [0][0] OK
C:[30/10/2012 15:50:50.32][172.16.8.247][1219] SELECT pre_cod_asig1,pre_cod_asig2,pre_cod_asig3,pre_cod_asig4,pre_cod_asig5,pre_cod_asig6,pre_cod_asig7 FROM tblaca009 WHERE pensum='5' AND c_uni_ca='3' AND c_asigna='300207' [1][0] OK
C:[30/10/2012 15:50:50.32][172.16.8.247][1232] SELECT c_asigna FROM dace004 WHERE exp_e='11-20137992' AND c_asigna='300101' AND status IN ('0','3','B') [1][0] OK
C:[30/10/2012 15:50:50.32][172.16.8.247][1219] SELECT pre_cod_asig1,pre_cod_asig2,pre_cod_asig3,pre_cod_asig4,pre_cod_asig5,pre_cod_asig6,pre_cod_asig7 FROM tblaca009 WHERE pensum='5' AND c_uni_ca='3' AND c_asigna='300209' [1][0] OK
C:[30/10/2012 15:50:50.32][172.16.8.247][1232] SELECT c_asigna FROM dace004 WHERE exp_e='11-20137992' AND c_asigna='300101' AND status IN ('0','3','B') [1][0] OK
C:[30/10/2012 15:50:50.32][172.16.8.247][1219] SELECT pre_cod_asig1,pre_cod_asig2,pre_cod_asig3,pre_cod_asig4,pre_cod_asig5,pre_cod_asig6,pre_cod_asig7 FROM tblaca009 WHERE pensum='5' AND c_uni_ca='3' AND c_asigna='300112' [1][0] OK
C:[30/10/2012 15:50:51.94][172.16.8.247][1263] SELECT par_cod_asig1,par_cod_asig2,par_cod_asig3 FROM tblaca009 WHERE pensum='5' AND c_uni_ca='3' AND c_asigna='300207' [1][0] OK
C:[30/10/2012 15:50:51.94][172.16.8.247][1263] SELECT par_cod_asig1,par_cod_asig2,par_cod_asig3 FROM tblaca009 WHERE pensum='5' AND c_uni_ca='3' AND c_asigna='300209' [1][0] OK
C:[30/10/2012 15:50:51.94][172.16.8.247][1263] SELECT par_cod_asig1,par_cod_asig2,par_cod_asig3 FROM tblaca009 WHERE pensum='5' AND c_uni_ca='3' AND c_asigna='300112' [1][0] OK
C:[30/10/2012 16:00:39.22][172.16.8.125][1219] SELECT pre_cod_asig1,pre_cod_asig2,pre_cod_asig3,pre_cod_asig4,pre_cod_asig5,pre_cod_asig6,pre_cod_asig7 FROM tblaca009 WHERE pensum='5' AND c_uni_ca='3' AND c_asigna='310548' [1][0] OK
C:[30/10/2012 16:00:39.22][172.16.8.125][1232] SELECT c_asigna FROM dace004 WHERE exp_e='09-20808341' AND c_asigna='300428' AND status IN ('0','3','B') [1][0] OK
C:[30/10/2012 16:00:39.22][172.16.8.125][1232] SELECT c_asigna FROM dace004 WHERE exp_e='09-20808341' AND c_asigna='300313' AND status IN ('0','3','B') [1][0] OK
C:[30/10/2012 16:00:39.22][172.16.8.125][1232] SELECT c_asigna FROM dace004 WHERE exp_e='09-20808341' AND c_asigna='300222' AND status IN ('0','3','B') [1][0] OK
C:[30/10/2012 16:00:39.22][172.16.8.125][1232] SELECT c_asigna FROM dace004 WHERE exp_e='09-20808341' AND c_asigna='300226' AND status IN ('0','3','B') [1][0] OK
C:[30/10/2012 16:00:39.22][172.16.8.125][1232] SELECT c_asigna FROM dace004 WHERE exp_e='09-20808341' AND c_asigna='300209' AND status IN ('0','3','B') [1][0] OK
C:[30/10/2012 16:00:39.22][172.16.8.125][1219] SELECT pre_cod_asig1,pre_cod_asig2,pre_cod_asig3,pre_cod_asig4,pre_cod_asig5,pre_cod_asig6,pre_cod_asig7 FROM tblaca009 WHERE pensum='5' AND c_uni_ca='3' AND c_asigna='300422' [1][0] OK
C:[30/10/2012 16:00:39.22][172.16.8.125][1232] SELECT c_asigna FROM dace004 WHERE exp_e='09-20808341' AND c_asigna='300105' AND status IN ('0','3','B') [1][0] OK
C:[30/10/2012 16:00:39.22][172.16.8.125][1232] SELECT c_asigna FROM dace004 WHERE exp_e='09-20808341' AND c_asigna='300314' AND status IN ('0','3','B') [1][0] OK
C:[30/10/2012 16:00:39.22][172.16.8.125][1219] SELECT pre_cod_asig1,pre_cod_asig2,pre_cod_asig3,pre_cod_asig4,pre_cod_asig5,pre_cod_asig6,pre_cod_asig7 FROM tblaca009 WHERE pensum='5' AND c_uni_ca='3' AND c_asigna='311551' [1][0] OK
C:[30/10/2012 16:00:39.22][172.16.8.125][1232] SELECT c_asigna FROM dace004 WHERE exp_e='09-20808341' AND c_asigna='311430' AND status IN ('0','3','B') [1][0] OK
C:[30/10/2012 16:00:39.22][172.16.8.125][1232] SELECT c_asigna FROM dace004 WHERE exp_e='09-20808341' AND c_asigna='311431' AND status IN ('0','3','B') [1][0] OK
C:[30/10/2012 16:00:39.22][172.16.8.125][1232] SELECT c_asigna FROM dace004 WHERE exp_e='09-20808341' AND c_asigna='300222' AND status IN ('0','3','B') [1][0] OK
C:[30/10/2012 16:00:39.22][172.16.8.125][1232] SELECT c_asigna FROM dace004 WHERE exp_e='09-20808341' AND c_asigna='300226' AND status IN ('0','3','B') [1][0] OK
C:[30/10/2012 16:00:39.22][172.16.8.125][1232] SELECT c_asigna FROM dace004 WHERE exp_e='09-20808341' AND c_asigna='300209' AND status IN ('0','3','B') [1][0] OK
C:[30/10/2012 16:00:39.22][172.16.8.125][1232] SELECT c_asigna FROM dace004 WHERE exp_e='09-20808341' AND c_asigna='311320' AND status IN ('0','3','B') [1][0] OK
C:[30/10/2012 16:00:39.22][172.16.8.125][1219] SELECT pre_cod_asig1,pre_cod_asig2,pre_cod_asig3,pre_cod_asig4,pre_cod_asig5,pre_cod_asig6,pre_cod_asig7 FROM tblaca009 WHERE pensum='5' AND c_uni_ca='3' AND c_asigna='311552' [1][0] OK
C:[30/10/2012 16:00:39.22][172.16.8.125][1232] SELECT c_asigna FROM dace004 WHERE exp_e='09-20808341' AND c_asigna='300317' AND status IN ('0','3','B') [1][0] OK
C:[30/10/2012 16:00:39.22][172.16.8.125][1232] SELECT c_asigna FROM dace004 WHERE exp_e='09-20808341' AND c_asigna='300209' AND status IN ('0','3','B') [1][0] OK
C:[30/10/2012 16:00:39.22][172.16.8.125][1219] SELECT pre_cod_asig1,pre_cod_asig2,pre_cod_asig3,pre_cod_asig4,pre_cod_asig5,pre_cod_asig6,pre_cod_asig7 FROM tblaca009 WHERE pensum='5' AND c_uni_ca='3' AND c_asigna='311554' [1][0] OK
C:[30/10/2012 16:00:39.22][172.16.8.125][1232] SELECT c_asigna FROM dace004 WHERE exp_e='09-20808341' AND c_asigna='300318' AND status IN ('0','3','B') [1][0] OK
C:[30/10/2012 16:00:39.22][172.16.8.125][1232] SELECT c_asigna FROM dace004 WHERE exp_e='09-20808341' AND c_asigna='300428' AND status IN ('0','3','B') [1][0] OK
C:[30/10/2012 16:00:39.22][172.16.8.125][1219] SELECT pre_cod_asig1,pre_cod_asig2,pre_cod_asig3,pre_cod_asig4,pre_cod_asig5,pre_cod_asig6,pre_cod_asig7 FROM tblaca009 WHERE pensum='5' AND c_uni_ca='3' AND c_asigna='311556' [1][0] OK
C:[30/10/2012 16:00:39.22][172.16.8.125][1232] SELECT c_asigna FROM dace004 WHERE exp_e='09-20808341' AND c_asigna='311434' AND status IN ('0','3','B') [1][0] OK
C:[30/10/2012 16:00:39.22][172.16.8.125][1232] SELECT c_asigna FROM dace004 WHERE exp_e='09-20808341' AND c_asigna='300222' AND status IN ('0','3','B') [1][0] OK
C:[30/10/2012 16:00:39.22][172.16.8.125][1232] SELECT c_asigna FROM dace004 WHERE exp_e='09-20808341' AND c_asigna='300226' AND status IN ('0','3','B') [1][0] OK
C:[30/10/2012 16:00:39.22][172.16.8.125][1232] SELECT c_asigna FROM dace004 WHERE exp_e='09-20808341' AND c_asigna='300209' AND status IN ('0','3','B') [1][0] OK
C:[30/10/2012 16:00:39.22][172.16.8.125][1219] SELECT pre_cod_asig1,pre_cod_asig2,pre_cod_asig3,pre_cod_asig4,pre_cod_asig5,pre_cod_asig6,pre_cod_asig7 FROM tblaca009 WHERE pensum='5' AND c_uni_ca='3' AND c_asigna='312444' [1][0] OK
C:[30/10/2012 16:00:39.22][172.16.8.125][1232] SELECT c_asigna FROM dace004 WHERE exp_e='09-20808341' AND c_asigna='312333' AND status IN ('0','3','B') [1][0] OK
C:[30/10/2012 16:00:40.85][172.16.8.125][1263] SELECT par_cod_asig1,par_cod_asig2,par_cod_asig3 FROM tblaca009 WHERE pensum='5' AND c_uni_ca='3' AND c_asigna='310548' [1][0] OK
C:[30/10/2012 16:00:40.85][172.16.8.125][1263] SELECT par_cod_asig1,par_cod_asig2,par_cod_asig3 FROM tblaca009 WHERE pensum='5' AND c_uni_ca='3' AND c_asigna='300422' [1][0] OK
C:[30/10/2012 16:00:40.85][172.16.8.125][1263] SELECT par_cod_asig1,par_cod_asig2,par_cod_asig3 FROM tblaca009 WHERE pensum='5' AND c_uni_ca='3' AND c_asigna='311551' [1][0] OK
C:[30/10/2012 16:00:40.85][172.16.8.125][1263] SELECT par_cod_asig1,par_cod_asig2,par_cod_asig3 FROM tblaca009 WHERE pensum='5' AND c_uni_ca='3' AND c_asigna='311552' [1][0] OK
C:[30/10/2012 16:00:40.85][172.16.8.125][1263] SELECT par_cod_asig1,par_cod_asig2,par_cod_asig3 FROM tblaca009 WHERE pensum='5' AND c_uni_ca='3' AND c_asigna='311554' [1][0] OK
C:[30/10/2012 16:00:40.85][172.16.8.125][1263] SELECT par_cod_asig1,par_cod_asig2,par_cod_asig3 FROM tblaca009 WHERE pensum='5' AND c_uni_ca='3' AND c_asigna='311556' [1][0] OK
C:[30/10/2012 16:00:40.85][172.16.8.125][1277] SELECT c_asigna FROM dace004 WHERE exp_e='09-20808341' AND c_asigna='311551' AND status IN ('0','3','B','C') [0][0] OK
C:[30/10/2012 16:00:40.85][172.16.8.125][1263] SELECT par_cod_asig1,par_cod_asig2,par_cod_asig3 FROM tblaca009 WHERE pensum='5' AND c_uni_ca='3' AND c_asigna='312444' [1][0] OK
C:[30/10/2012 16:00:47.55][172.16.8.247][1219] SELECT pre_cod_asig1,pre_cod_asig2,pre_cod_asig3,pre_cod_asig4,pre_cod_asig5,pre_cod_asig6,pre_cod_asig7 FROM tblaca009 WHERE pensum='5' AND c_uni_ca='2' AND c_asigna='300207' [1][0] OK
C:[30/10/2012 16:00:47.55][172.16.8.247][1232] SELECT c_asigna FROM dace004 WHERE exp_e='06-17707843' AND c_asigna='300101' AND status IN ('0','3','B') [1][0] OK
C:[30/10/2012 16:00:47.55][172.16.8.247][1219] SELECT pre_cod_asig1,pre_cod_asig2,pre_cod_asig3,pre_cod_asig4,pre_cod_asig5,pre_cod_asig6,pre_cod_asig7 FROM tblaca009 WHERE pensum='5' AND c_uni_ca='2' AND c_asigna='300213' [1][0] OK
C:[30/10/2012 16:00:47.55][172.16.8.247][1232] SELECT c_asigna FROM dace004 WHERE exp_e='06-17707843' AND c_asigna='300101' AND status IN ('0','3','B') [1][0] OK
C:[30/10/2012 16:00:47.05][172.16.8.247][1263] SELECT par_cod_asig1,par_cod_asig2,par_cod_asig3 FROM tblaca009 WHERE pensum='5' AND c_uni_ca='2' AND c_asigna='300207' [1][0] OK
C:[30/10/2012 16:00:47.05][172.16.8.247][1263] SELECT par_cod_asig1,par_cod_asig2,par_cod_asig3 FROM tblaca009 WHERE pensum='5' AND c_uni_ca='2' AND c_asigna='300213' [1][0] OK
C:[30/10/2012 16:00:47.05][172.16.8.247][1277] SELECT c_asigna FROM dace004 WHERE exp_e='06-17707843' AND c_asigna='300209' AND status IN ('0','3','B','C') [1][0] OK
C:[30/10/2012 16:01:45.31][172.16.8.247][1219] SELECT pre_cod_asig1,pre_cod_asig2,pre_cod_asig3,pre_cod_asig4,pre_cod_asig5,pre_cod_asig6,pre_cod_asig7 FROM tblaca009 WHERE pensum='5' AND c_uni_ca='2' AND c_asigna='300207' [1][0] OK
C:[30/10/2012 16:01:45.31][172.16.8.247][1232] SELECT c_asigna FROM dace004 WHERE exp_e='06-18916670' AND c_asigna='300101' AND status IN ('0','3','B') [1][0] OK
C:[30/10/2012 16:01:45.31][172.16.8.247][1219] SELECT pre_cod_asig1,pre_cod_asig2,pre_cod_asig3,pre_cod_asig4,pre_cod_asig5,pre_cod_asig6,pre_cod_asig7 FROM tblaca009 WHERE pensum='5' AND c_uni_ca='2' AND c_asigna='300209' [1][0] OK
C:[30/10/2012 16:01:45.31][172.16.8.247][1232] SELECT c_asigna FROM dace004 WHERE exp_e='06-18916670' AND c_asigna='300101' AND status IN ('0','3','B') [1][0] OK
C:[30/10/2012 16:01:45.81][172.16.8.247][1263] SELECT par_cod_asig1,par_cod_asig2,par_cod_asig3 FROM tblaca009 WHERE pensum='5' AND c_uni_ca='2' AND c_asigna='300207' [1][0] OK
C:[30/10/2012 16:01:45.81][172.16.8.247][1263] SELECT par_cod_asig1,par_cod_asig2,par_cod_asig3 FROM tblaca009 WHERE pensum='5' AND c_uni_ca='2' AND c_asigna='300209' [1][0] OK
C:[30/10/2012 16:10:36.06][172.16.8.247][1219] SELECT pre_cod_asig1,pre_cod_asig2,pre_cod_asig3,pre_cod_asig4,pre_cod_asig5,pre_cod_asig6,pre_cod_asig7 FROM tblaca009 WHERE pensum='5' AND c_uni_ca='2' AND c_asigna='322449' [1][0] OK
C:[30/10/2012 16:10:36.06][172.16.8.247][1232] SELECT c_asigna FROM dace004 WHERE exp_e='07-19622300' AND c_asigna='300222' AND status IN ('0','3','B') [1][0] OK
C:[30/10/2012 16:10:36.06][172.16.8.247][1219] SELECT pre_cod_asig1,pre_cod_asig2,pre_cod_asig3,pre_cod_asig4,pre_cod_asig5,pre_cod_asig6,pre_cod_asig7 FROM tblaca009 WHERE pensum='5' AND c_uni_ca='2' AND c_asigna='320323' [1][0] OK
C:[30/10/2012 16:10:36.06][172.16.8.247][1232] SELECT c_asigna FROM dace004 WHERE exp_e='07-19622300' AND c_asigna='300228' AND status IN ('0','3','B') [1][0] OK
C:[30/10/2012 16:10:36.06][172.16.8.247][1232] SELECT c_asigna FROM dace004 WHERE exp_e='07-19622300' AND c_asigna='300218' AND status IN ('0','3','B') [1][0] OK
C:[30/10/2012 16:10:36.68][172.16.8.247][1263] SELECT par_cod_asig1,par_cod_asig2,par_cod_asig3 FROM tblaca009 WHERE pensum='5' AND c_uni_ca='2' AND c_asigna='322449' [1][0] OK
C:[30/10/2012 16:10:36.68][172.16.8.247][1263] SELECT par_cod_asig1,par_cod_asig2,par_cod_asig3 FROM tblaca009 WHERE pensum='5' AND c_uni_ca='2' AND c_asigna='320323' [1][0] OK
C:[30/10/2012 16:11:06.15][172.16.8.247][1219] SELECT pre_cod_asig1,pre_cod_asig2,pre_cod_asig3,pre_cod_asig4,pre_cod_asig5,pre_cod_asig6,pre_cod_asig7 FROM tblaca009 WHERE pensum='5' AND c_uni_ca='4' AND c_asigna='300222' [1][0] OK
C:[30/10/2012 16:11:06.15][172.16.8.247][1232] SELECT c_asigna FROM dace004 WHERE exp_e='07-20887902' AND c_asigna='300112' AND status IN ('0','3','B') [1][0] OK
C:[30/10/2012 16:11:06.15][172.16.8.247][1219] SELECT pre_cod_asig1,pre_cod_asig2,pre_cod_asig3,pre_cod_asig4,pre_cod_asig5,pre_cod_asig6,pre_cod_asig7 FROM tblaca009 WHERE pensum='5' AND c_uni_ca='4' AND c_asigna='330310' [1][0] OK
C:[30/10/2012 16:11:06.15][172.16.8.247][1232] SELECT c_asigna FROM dace004 WHERE exp_e='07-20887902' AND c_asigna='300013' AND status IN ('0','3','B') [1][0] OK
C:[30/10/2012 16:11:06.15][172.16.8.247][1232] SELECT c_asigna FROM dace004 WHERE exp_e='07-20887902' AND c_asigna='300113' AND status IN ('0','3','B') [1][0] OK
C:[30/10/2012 16:11:06.15][172.16.8.247][1219] SELECT pre_cod_asig1,pre_cod_asig2,pre_cod_asig3,pre_cod_asig4,pre_cod_asig5,pre_cod_asig6,pre_cod_asig7 FROM tblaca009 WHERE pensum='5' AND c_uni_ca='4' AND c_asigna='330435' [1][0] OK
C:[30/10/2012 16:11:06.15][172.16.8.247][1232] SELECT c_asigna FROM dace004 WHERE exp_e='07-20887902' AND c_asigna='300318' AND status IN ('0','3','B') [1][0] OK
C:[30/10/2012 16:11:06.15][172.16.8.247][1219] SELECT pre_cod_asig1,pre_cod_asig2,pre_cod_asig3,pre_cod_asig4,pre_cod_asig5,pre_cod_asig6,pre_cod_asig7 FROM tblaca009 WHERE pensum='5' AND c_uni_ca='4' AND c_asigna='333441' [1][0] OK
C:[30/10/2012 16:11:06.15][172.16.8.247][1232] SELECT c_asigna FROM dace004 WHERE exp_e='07-20887902' AND c_asigna='333326' AND status IN ('0','3','B') [1][0] OK
C:[30/10/2012 16:11:06.15][172.16.8.247][1232] SELECT c_asigna FROM dace004 WHERE exp_e='07-20887902' AND c_asigna='300317' AND status IN ('0','3','B') [1][0] OK
C:[30/10/2012 16:11:06.15][172.16.8.247][1232] SELECT c_asigna FROM dace004 WHERE exp_e='07-20887902' AND c_asigna='300209' AND status IN ('0','3','B') [1][0] OK
C:[30/10/2012 16:11:06.53][172.16.8.247][1263] SELECT par_cod_asig1,par_cod_asig2,par_cod_asig3 FROM tblaca009 WHERE pensum='5' AND c_uni_ca='4' AND c_asigna='300222' [1][0] OK
C:[30/10/2012 16:11:06.53][172.16.8.247][1263] SELECT par_cod_asig1,par_cod_asig2,par_cod_asig3 FROM tblaca009 WHERE pensum='5' AND c_uni_ca='4' AND c_asigna='330310' [1][0] OK
C:[30/10/2012 16:11:06.53][172.16.8.247][1263] SELECT par_cod_asig1,par_cod_asig2,par_cod_asig3 FROM tblaca009 WHERE pensum='5' AND c_uni_ca='4' AND c_asigna='330435' [1][0] OK
C:[30/10/2012 16:11:06.53][172.16.8.247][1263] SELECT par_cod_asig1,par_cod_asig2,par_cod_asig3 FROM tblaca009 WHERE pensum='5' AND c_uni_ca='4' AND c_asigna='333441' [1][0] OK
C:[30/10/2012 16:50:58.57][172.16.8.125][1219] SELECT pre_cod_asig1,pre_cod_asig2,pre_cod_asig3,pre_cod_asig4,pre_cod_asig5,pre_cod_asig6,pre_cod_asig7 FROM tblaca009 WHERE pensum='5' AND c_uni_ca='3' AND c_asigna='300428' [1][0] OK
C:[30/10/2012 16:50:58.57][172.16.8.125][1232] SELECT c_asigna FROM dace004 WHERE exp_e='08-20222251' AND c_asigna='300317' AND status IN ('0','3','B') [1][0] OK
C:[30/10/2012 16:50:58.57][172.16.8.125][1232] SELECT c_asigna FROM dace004 WHERE exp_e='08-20222251' AND c_asigna='300209' AND status IN ('0','3','B') [1][0] OK
C:[30/10/2012 16:50:58.57][172.16.8.125][1219] SELECT pre_cod_asig1,pre_cod_asig2,pre_cod_asig3,pre_cod_asig4,pre_cod_asig5,pre_cod_asig6,pre_cod_asig7 FROM tblaca009 WHERE pensum='5' AND c_uni_ca='3' AND c_asigna='300105' [1][0] OK
C:[30/10/2012 16:50:58.57][172.16.8.125][1219] SELECT pre_cod_asig1,pre_cod_asig2,pre_cod_asig3,pre_cod_asig4,pre_cod_asig5,pre_cod_asig6,pre_cod_asig7 FROM tblaca009 WHERE pensum='5' AND c_uni_ca='3' AND c_asigna='300313' [1][0] OK
C:[30/10/2012 16:50:58.57][172.16.8.125][1232] SELECT c_asigna FROM dace004 WHERE exp_e='08-20222251' AND c_asigna='300213' AND status IN ('0','3','B') [1][0] OK
C:[30/10/2012 16:50:58.57][172.16.8.125][1232] SELECT c_asigna FROM dace004 WHERE exp_e='08-20222251' AND c_asigna='300226' AND status IN ('0','3','B') [1][0] OK
C:[30/10/2012 16:50:58.57][172.16.8.125][1232] SELECT c_asigna FROM dace004 WHERE exp_e='08-20222251' AND c_asigna='300222' AND status IN ('0','3','B') [1][0] OK
C:[30/10/2012 16:50:58.57][172.16.8.125][1232] SELECT c_asigna FROM dace004 WHERE exp_e='08-20222251' AND c_asigna='300209' AND status IN ('0','3','B') [1][0] OK
C:[30/10/2012 16:50:58.57][172.16.8.125][1219] SELECT pre_cod_asig1,pre_cod_asig2,pre_cod_asig3,pre_cod_asig4,pre_cod_asig5,pre_cod_asig6,pre_cod_asig7 FROM tblaca009 WHERE pensum='5' AND c_uni_ca='3' AND c_asigna='311552' [1][0] OK
C:[30/10/2012 16:50:58.57][172.16.8.125][1232] SELECT c_asigna FROM dace004 WHERE exp_e='08-20222251' AND c_asigna='300317' AND status IN ('0','3','B') [1][0] OK
C:[30/10/2012 16:50:58.57][172.16.8.125][1232] SELECT c_asigna FROM dace004 WHERE exp_e='08-20222251' AND c_asigna='300209' AND status IN ('0','3','B') [1][0] OK
C:[30/10/2012 16:50:58.07][172.16.8.125][1263] SELECT par_cod_asig1,par_cod_asig2,par_cod_asig3 FROM tblaca009 WHERE pensum='5' AND c_uni_ca='3' AND c_asigna='300428' [1][0] OK
C:[30/10/2012 16:50:58.07][172.16.8.125][1263] SELECT par_cod_asig1,par_cod_asig2,par_cod_asig3 FROM tblaca009 WHERE pensum='5' AND c_uni_ca='3' AND c_asigna='300105' [1][0] OK
C:[30/10/2012 16:50:58.07][172.16.8.125][1263] SELECT par_cod_asig1,par_cod_asig2,par_cod_asig3 FROM tblaca009 WHERE pensum='5' AND c_uni_ca='3' AND c_asigna='300313' [1][0] OK
C:[30/10/2012 16:50:58.07][172.16.8.125][1263] SELECT par_cod_asig1,par_cod_asig2,par_cod_asig3 FROM tblaca009 WHERE pensum='5' AND c_uni_ca='3' AND c_asigna='311552' [1][0] OK
C:[30/10/2012 16:52:48.05][172.16.8.125][1219] SELECT pre_cod_asig1,pre_cod_asig2,pre_cod_asig3,pre_cod_asig4,pre_cod_asig5,pre_cod_asig6,pre_cod_asig7 FROM tblaca009 WHERE pensum='5' AND c_uni_ca='3' AND c_asigna='300422' [1][0] OK
C:[30/10/2012 16:52:48.05][172.16.8.125][1232] SELECT c_asigna FROM dace004 WHERE exp_e='10-20037392' AND c_asigna='300105' AND status IN ('0','3','B') [1][0] OK
C:[30/10/2012 16:52:48.05][172.16.8.125][1232] SELECT c_asigna FROM dace004 WHERE exp_e='10-20037392' AND c_asigna='300314' AND status IN ('0','3','B') [1][0] OK
C:[30/10/2012 16:52:48.05][172.16.8.125][1219] SELECT pre_cod_asig1,pre_cod_asig2,pre_cod_asig3,pre_cod_asig4,pre_cod_asig5,pre_cod_asig6,pre_cod_asig7 FROM tblaca009 WHERE pensum='5' AND c_uni_ca='3' AND c_asigna='311430' [1][0] OK
C:[30/10/2012 16:52:48.05][172.16.8.125][1232] SELECT c_asigna FROM dace004 WHERE exp_e='10-20037392' AND c_asigna='300317' AND status IN ('0','3','B') [1][0] OK
C:[30/10/2012 16:52:48.05][172.16.8.125][1232] SELECT c_asigna FROM dace004 WHERE exp_e='10-20037392' AND c_asigna='300318' AND status IN ('0','3','B') [1][0] OK
C:[30/10/2012 16:52:48.05][172.16.8.125][1232] SELECT c_asigna FROM dace004 WHERE exp_e='10-20037392' AND c_asigna='300313' AND status IN ('0','3','B') [1][0] OK
C:[30/10/2012 16:52:48.05][172.16.8.125][1232] SELECT c_asigna FROM dace004 WHERE exp_e='10-20037392' AND c_asigna='300222' AND status IN ('0','3','B') [1][0] OK
C:[30/10/2012 16:52:48.05][172.16.8.125][1232] SELECT c_asigna FROM dace004 WHERE exp_e='10-20037392' AND c_asigna='300226' AND status IN ('0','3','B') [1][0] OK
C:[30/10/2012 16:52:48.05][172.16.8.125][1232] SELECT c_asigna FROM dace004 WHERE exp_e='10-20037392' AND c_asigna='300209' AND status IN ('0','3','B') [1][0] OK
C:[30/10/2012 16:52:48.05][172.16.8.125][1219] SELECT pre_cod_asig1,pre_cod_asig2,pre_cod_asig3,pre_cod_asig4,pre_cod_asig5,pre_cod_asig6,pre_cod_asig7 FROM tblaca009 WHERE pensum='5' AND c_uni_ca='3' AND c_asigna='311434' [1][0] OK
C:[30/10/2012 16:52:48.05][172.16.8.125][1232] SELECT c_asigna FROM dace004 WHERE exp_e='10-20037392' AND c_asigna='300222' AND status IN ('0','3','B') [1][0] OK
C:[30/10/2012 16:52:48.05][172.16.8.125][1232] SELECT c_asigna FROM dace004 WHERE exp_e='10-20037392' AND c_asigna='300226' AND status IN ('0','3','B') [1][0] OK
C:[30/10/2012 16:52:48.05][172.16.8.125][1232] SELECT c_asigna FROM dace004 WHERE exp_e='10-20037392' AND c_asigna='300209' AND status IN ('0','3','B') [1][0] OK
C:[30/10/2012 16:52:48.05][172.16.8.125][1219] SELECT pre_cod_asig1,pre_cod_asig2,pre_cod_asig3,pre_cod_asig4,pre_cod_asig5,pre_cod_asig6,pre_cod_asig7 FROM tblaca009 WHERE pensum='5' AND c_uni_ca='3' AND c_asigna='311552' [1][0] OK
C:[30/10/2012 16:52:48.05][172.16.8.125][1232] SELECT c_asigna FROM dace004 WHERE exp_e='10-20037392' AND c_asigna='300317' AND status IN ('0','3','B') [1][0] OK
C:[30/10/2012 16:52:48.05][172.16.8.125][1232] SELECT c_asigna FROM dace004 WHERE exp_e='10-20037392' AND c_asigna='300209' AND status IN ('0','3','B') [1][0] OK
C:[30/10/2012 16:52:48.05][172.16.8.125][1219] SELECT pre_cod_asig1,pre_cod_asig2,pre_cod_asig3,pre_cod_asig4,pre_cod_asig5,pre_cod_asig6,pre_cod_asig7 FROM tblaca009 WHERE pensum='5' AND c_uni_ca='3' AND c_asigna='311554' [1][0] OK
C:[30/10/2012 16:52:48.05][172.16.8.125][1232] SELECT c_asigna FROM dace004 WHERE exp_e='10-20037392' AND c_asigna='300318' AND status IN ('0','3','B') [1][0] OK
C:[30/10/2012 16:52:48.05][172.16.8.125][1232] SELECT c_asigna FROM dace004 WHERE exp_e='10-20037392' AND c_asigna='300428' AND status IN ('0','3','B') [1][0] OK
C:[30/10/2012 16:52:48.05][172.16.8.125][1219] SELECT pre_cod_asig1,pre_cod_asig2,pre_cod_asig3,pre_cod_asig4,pre_cod_asig5,pre_cod_asig6,pre_cod_asig7 FROM tblaca009 WHERE pensum='5' AND c_uni_ca='3' AND c_asigna='312333' [1][0] OK
C:[30/10/2012 16:52:48.05][172.16.8.125][1232] SELECT c_asigna FROM dace004 WHERE exp_e='10-20037392' AND c_asigna='300228' AND status IN ('0','3','B') [1][0] OK
C:[30/10/2012 16:52:48.80][172.16.8.125][1263] SELECT par_cod_asig1,par_cod_asig2,par_cod_asig3 FROM tblaca009 WHERE pensum='5' AND c_uni_ca='3' AND c_asigna='300422' [1][0] OK
C:[30/10/2012 16:52:48.80][172.16.8.125][1263] SELECT par_cod_asig1,par_cod_asig2,par_cod_asig3 FROM tblaca009 WHERE pensum='5' AND c_uni_ca='3' AND c_asigna='311430' [1][0] OK
C:[30/10/2012 16:52:48.80][172.16.8.125][1263] SELECT par_cod_asig1,par_cod_asig2,par_cod_asig3 FROM tblaca009 WHERE pensum='5' AND c_uni_ca='3' AND c_asigna='311434' [1][0] OK
C:[30/10/2012 16:52:48.80][172.16.8.125][1277] SELECT c_asigna FROM dace004 WHERE exp_e='10-20037392' AND c_asigna='311431' AND status IN ('0','3','B','C') [1][0] OK
C:[30/10/2012 16:52:48.80][172.16.8.125][1263] SELECT par_cod_asig1,par_cod_asig2,par_cod_asig3 FROM tblaca009 WHERE pensum='5' AND c_uni_ca='3' AND c_asigna='311552' [1][0] OK
C:[30/10/2012 16:52:48.80][172.16.8.125][1263] SELECT par_cod_asig1,par_cod_asig2,par_cod_asig3 FROM tblaca009 WHERE pensum='5' AND c_uni_ca='3' AND c_asigna='311554' [1][0] OK
C:[30/10/2012 16:52:48.80][172.16.8.125][1263] SELECT par_cod_asig1,par_cod_asig2,par_cod_asig3 FROM tblaca009 WHERE pensum='5' AND c_uni_ca='3' AND c_asigna='312333' [1][0] OK
C:[30/10/2012 16:52:49.68][172.16.8.125][1334] SELECT c_asigna FROM tblaca009 WHERE pensum='5' AND c_uni_ca='3' AND ((par_cod_asig1='310548') OR (par_cod_asig2='310548') OR (par_cod_asig3='310548'))  [0][0] OK
C:[30/10/2012 17:04:29.90][172.16.8.125][1219] SELECT pre_cod_asig1,pre_cod_asig2,pre_cod_asig3,pre_cod_asig4,pre_cod_asig5,pre_cod_asig6,pre_cod_asig7 FROM tblaca009 WHERE pensum='5' AND c_uni_ca='2' AND c_asigna='320323' [1][0] OK
C:[30/10/2012 17:04:29.90][172.16.8.125][1232] SELECT c_asigna FROM dace004 WHERE exp_e='08-20554077' AND c_asigna='300228' AND status IN ('0','3','B') [1][0] OK
C:[30/10/2012 17:04:29.90][172.16.8.125][1232] SELECT c_asigna FROM dace004 WHERE exp_e='08-20554077' AND c_asigna='300218' AND status IN ('0','3','B') [1][0] OK
C:[30/10/2012 17:04:29.90][172.16.8.125][1219] SELECT pre_cod_asig1,pre_cod_asig2,pre_cod_asig3,pre_cod_asig4,pre_cod_asig5,pre_cod_asig6,pre_cod_asig7 FROM tblaca009 WHERE pensum='5' AND c_uni_ca='2' AND c_asigna='322436' [1][0] OK
C:[30/10/2012 17:04:29.90][172.16.8.125][1232] SELECT c_asigna FROM dace004 WHERE exp_e='08-20554077' AND c_asigna='300317' AND status IN ('0','3','B') [1][0] OK
C:[30/10/2012 17:04:29.90][172.16.8.125][1232] SELECT c_asigna FROM dace004 WHERE exp_e='08-20554077' AND c_asigna='320311' AND status IN ('0','3','B') [1][0] OK
C:[30/10/2012 17:04:29.65][172.16.8.125][1263] SELECT par_cod_asig1,par_cod_asig2,par_cod_asig3 FROM tblaca009 WHERE pensum='5' AND c_uni_ca='2' AND c_asigna='320323' [1][0] OK
C:[30/10/2012 17:04:29.65][172.16.8.125][1263] SELECT par_cod_asig1,par_cod_asig2,par_cod_asig3 FROM tblaca009 WHERE pensum='5' AND c_uni_ca='2' AND c_asigna='322436' [1][0] OK
C:[30/10/2012 17:31:15.19][172.16.8.125][1219] SELECT pre_cod_asig1,pre_cod_asig2,pre_cod_asig3,pre_cod_asig4,pre_cod_asig5,pre_cod_asig6,pre_cod_asig7 FROM tblaca009 WHERE pensum='5' AND c_uni_ca='5' AND c_asigna='355874' [1][0] OK
C:[30/10/2012 17:31:15.19][172.16.8.125][1232] SELECT c_asigna FROM dace004 WHERE exp_e='07-19858498' AND c_asigna='355448' AND status IN ('0','3','B') [1][0] OK
C:[30/10/2012 17:31:15.19][172.16.8.125][1219] SELECT pre_cod_asig1,pre_cod_asig2,pre_cod_asig3,pre_cod_asig4,pre_cod_asig5,pre_cod_asig6,pre_cod_asig7 FROM tblaca009 WHERE pensum='5' AND c_uni_ca='5' AND c_asigna='355722' [1][0] OK
C:[30/10/2012 17:31:15.19][172.16.8.125][1232] SELECT c_asigna FROM dace004 WHERE exp_e='07-19858498' AND c_asigna='355691' AND status IN ('0','3','B') [1][0] OK
C:[30/10/2012 17:31:15.19][172.16.8.125][1232] SELECT c_asigna FROM dace004 WHERE exp_e='07-19858498' AND c_asigna='355595' AND status IN ('0','3','B') [1][0] OK
C:[30/10/2012 17:31:15.19][172.16.8.125][1219] SELECT pre_cod_asig1,pre_cod_asig2,pre_cod_asig3,pre_cod_asig4,pre_cod_asig5,pre_cod_asig6,pre_cod_asig7 FROM tblaca009 WHERE pensum='5' AND c_uni_ca='5' AND c_asigna='355723' [1][0] OK
C:[30/10/2012 17:31:15.19][172.16.8.125][1232] SELECT c_asigna FROM dace004 WHERE exp_e='07-19858498' AND c_asigna='355694' AND status IN ('0','3','B') [1][0] OK
C:[30/10/2012 17:31:15.19][172.16.8.125][1219] SELECT pre_cod_asig1,pre_cod_asig2,pre_cod_asig3,pre_cod_asig4,pre_cod_asig5,pre_cod_asig6,pre_cod_asig7 FROM tblaca009 WHERE pensum='5' AND c_uni_ca='5' AND c_asigna='355724' [1][0] OK
C:[30/10/2012 17:31:15.19][172.16.8.125][1232] SELECT c_asigna FROM dace004 WHERE exp_e='07-19858498' AND c_asigna='355692' AND status IN ('0','3','B') [1][0] OK
C:[30/10/2012 17:31:15.19][172.16.8.125][1219] SELECT pre_cod_asig1,pre_cod_asig2,pre_cod_asig3,pre_cod_asig4,pre_cod_asig5,pre_cod_asig6,pre_cod_asig7 FROM tblaca009 WHERE pensum='5' AND c_uni_ca='5' AND c_asigna='355725' [1][0] OK
C:[30/10/2012 17:31:15.19][172.16.8.125][1232] SELECT c_asigna FROM dace004 WHERE exp_e='07-19858498' AND c_asigna='355693' AND status IN ('0','3','B') [1][0] OK
C:[30/10/2012 17:31:15.19][172.16.8.125][1232] SELECT c_asigna FROM dace004 WHERE exp_e='07-19858498' AND c_asigna='355692' AND status IN ('0','3','B') [1][0] OK
C:[30/10/2012 17:31:15.69][172.16.8.125][1263] SELECT par_cod_asig1,par_cod_asig2,par_cod_asig3 FROM tblaca009 WHERE pensum='5' AND c_uni_ca='5' AND c_asigna='355874' [1][0] OK
C:[30/10/2012 17:31:15.69][172.16.8.125][1263] SELECT par_cod_asig1,par_cod_asig2,par_cod_asig3 FROM tblaca009 WHERE pensum='5' AND c_uni_ca='5' AND c_asigna='355722' [1][0] OK
C:[30/10/2012 17:31:15.69][172.16.8.125][1263] SELECT par_cod_asig1,par_cod_asig2,par_cod_asig3 FROM tblaca009 WHERE pensum='5' AND c_uni_ca='5' AND c_asigna='355723' [1][0] OK
C:[30/10/2012 17:31:15.69][172.16.8.125][1263] SELECT par_cod_asig1,par_cod_asig2,par_cod_asig3 FROM tblaca009 WHERE pensum='5' AND c_uni_ca='5' AND c_asigna='355724' [1][0] OK
C:[30/10/2012 17:31:15.69][172.16.8.125][1263] SELECT par_cod_asig1,par_cod_asig2,par_cod_asig3 FROM tblaca009 WHERE pensum='5' AND c_uni_ca='5' AND c_asigna='355725' [1][0] OK
C:[31/10/2012 08:46:59.22][172.16.8.125][1219] SELECT pre_cod_asig1,pre_cod_asig2,pre_cod_asig3,pre_cod_asig4,pre_cod_asig5,pre_cod_asig6,pre_cod_asig7 FROM tblaca009 WHERE pensum='5' AND c_uni_ca='5' AND c_asigna='355572' [1][0] OK
C:[31/10/2012 08:46:59.22][172.16.8.125][1232] SELECT c_asigna FROM dace004 WHERE exp_e='09-19910939' AND c_asigna='300428' AND status IN ('0','3','B') [1][0] OK
C:[31/10/2012 08:46:59.22][172.16.8.125][1219] SELECT pre_cod_asig1,pre_cod_asig2,pre_cod_asig3,pre_cod_asig4,pre_cod_asig5,pre_cod_asig6,pre_cod_asig7 FROM tblaca009 WHERE pensum='5' AND c_uni_ca='5' AND c_asigna='300422' [1][0] OK
C:[31/10/2012 08:46:59.22][172.16.8.125][1232] SELECT c_asigna FROM dace004 WHERE exp_e='09-19910939' AND c_asigna='300105' AND status IN ('0','3','B') [1][0] OK
C:[31/10/2012 08:46:59.22][172.16.8.125][1232] SELECT c_asigna FROM dace004 WHERE exp_e='09-19910939' AND c_asigna='300314' AND status IN ('0','3','B') [1][0] OK
C:[31/10/2012 08:46:59.22][172.16.8.125][1219] SELECT pre_cod_asig1,pre_cod_asig2,pre_cod_asig3,pre_cod_asig4,pre_cod_asig5,pre_cod_asig6,pre_cod_asig7 FROM tblaca009 WHERE pensum='5' AND c_uni_ca='5' AND c_asigna='351451' [1][0] OK
C:[31/10/2012 08:46:59.22][172.16.8.125][1232] SELECT c_asigna FROM dace004 WHERE exp_e='09-19910939' AND c_asigna='351330' AND status IN ('0','3','B') [1][0] OK
C:[31/10/2012 08:46:59.22][172.16.8.125][1232] SELECT c_asigna FROM dace004 WHERE exp_e='09-19910939' AND c_asigna='355350' AND status IN ('0','3','B') [1][0] OK
C:[31/10/2012 08:46:59.22][172.16.8.125][1232] SELECT c_asigna FROM dace004 WHERE exp_e='09-19910939' AND c_asigna='300318' AND status IN ('0','3','B') [1][0] OK
C:[31/10/2012 08:46:59.22][172.16.8.125][1232] SELECT c_asigna FROM dace004 WHERE exp_e='09-19910939' AND c_asigna='300209' AND status IN ('0','3','B') [1][0] OK
C:[31/10/2012 08:46:59.22][172.16.8.125][1232] SELECT c_asigna FROM dace004 WHERE exp_e='09-19910939' AND c_asigna='300222' AND status IN ('0','3','B') [1][0] OK
C:[31/10/2012 08:46:59.22][172.16.8.125][1219] SELECT pre_cod_asig1,pre_cod_asig2,pre_cod_asig3,pre_cod_asig4,pre_cod_asig5,pre_cod_asig6,pre_cod_asig7 FROM tblaca009 WHERE pensum='5' AND c_uni_ca='5' AND c_asigna='352440' [1][0] OK
C:[31/10/2012 08:46:59.22][172.16.8.125][1232] SELECT c_asigna FROM dace004 WHERE exp_e='09-19910939' AND c_asigna='300317' AND status IN ('0','3','B') [1][0] OK
C:[31/10/2012 08:46:59.22][172.16.8.125][1232] SELECT c_asigna FROM dace004 WHERE exp_e='09-19910939' AND c_asigna='300013' AND status IN ('0','3','B') [1][0] OK
C:[31/10/2012 08:46:59.22][172.16.8.125][1232] SELECT c_asigna FROM dace004 WHERE exp_e='09-19910939' AND c_asigna='300113' AND status IN ('0','3','B') [1][0] OK
C:[31/10/2012 08:46:59.22][172.16.8.125][1219] SELECT pre_cod_asig1,pre_cod_asig2,pre_cod_asig3,pre_cod_asig4,pre_cod_asig5,pre_cod_asig6,pre_cod_asig7 FROM tblaca009 WHERE pensum='5' AND c_uni_ca='5' AND c_asigna='355447' [1][0] OK
C:[31/10/2012 08:46:59.22][172.16.8.125][1232] SELECT c_asigna FROM dace004 WHERE exp_e='09-19910939' AND c_asigna='351330' AND status IN ('0','3','B') [1][0] OK
C:[31/10/2012 08:46:59.22][172.16.8.125][1219] SELECT pre_cod_asig1,pre_cod_asig2,pre_cod_asig3,pre_cod_asig4,pre_cod_asig5,pre_cod_asig6,pre_cod_asig7 FROM tblaca009 WHERE pensum='5' AND c_uni_ca='5' AND c_asigna='355573' [1][0] OK
C:[31/10/2012 08:46:59.22][172.16.8.125][1232] SELECT c_asigna FROM dace004 WHERE exp_e='09-19910939' AND c_asigna='355448' AND status IN ('0','3','B') [1][0] OK
C:[31/10/2012 08:47:00.59][172.16.8.125][1263] SELECT par_cod_asig1,par_cod_asig2,par_cod_asig3 FROM tblaca009 WHERE pensum='5' AND c_uni_ca='5' AND c_asigna='355572' [1][0] OK
C:[31/10/2012 08:47:00.59][172.16.8.125][1263] SELECT par_cod_asig1,par_cod_asig2,par_cod_asig3 FROM tblaca009 WHERE pensum='5' AND c_uni_ca='5' AND c_asigna='300422' [1][0] OK
C:[31/10/2012 08:47:00.59][172.16.8.125][1263] SELECT par_cod_asig1,par_cod_asig2,par_cod_asig3 FROM tblaca009 WHERE pensum='5' AND c_uni_ca='5' AND c_asigna='351451' [1][0] OK
C:[31/10/2012 08:47:00.59][172.16.8.125][1263] SELECT par_cod_asig1,par_cod_asig2,par_cod_asig3 FROM tblaca009 WHERE pensum='5' AND c_uni_ca='5' AND c_asigna='352440' [1][0] OK
C:[31/10/2012 08:47:00.59][172.16.8.125][1263] SELECT par_cod_asig1,par_cod_asig2,par_cod_asig3 FROM tblaca009 WHERE pensum='5' AND c_uni_ca='5' AND c_asigna='355447' [1][0] OK
C:[31/10/2012 08:47:00.59][172.16.8.125][1263] SELECT par_cod_asig1,par_cod_asig2,par_cod_asig3 FROM tblaca009 WHERE pensum='5' AND c_uni_ca='5' AND c_asigna='355573' [1][0] OK
C:[31/10/2012 09:20:04.27][172.16.8.125][1219] SELECT pre_cod_asig1,pre_cod_asig2,pre_cod_asig3,pre_cod_asig4,pre_cod_asig5,pre_cod_asig6,pre_cod_asig7 FROM tblaca009 WHERE pensum='5' AND c_uni_ca='5' AND c_asigna='355573' [1][0] OK
C:[31/10/2012 09:20:04.27][172.16.8.125][1232] SELECT c_asigna FROM dace004 WHERE exp_e='10-19302902' AND c_asigna='355448' AND status IN ('0','3','B') [1][0] OK
C:[31/10/2012 09:20:04.27][172.16.8.125][1219] SELECT pre_cod_asig1,pre_cod_asig2,pre_cod_asig3,pre_cod_asig4,pre_cod_asig5,pre_cod_asig6,pre_cod_asig7 FROM tblaca009 WHERE pensum='5' AND c_uni_ca='5' AND c_asigna='300422' [1][0] OK
C:[31/10/2012 09:20:04.27][172.16.8.125][1232] SELECT c_asigna FROM dace004 WHERE exp_e='10-19302902' AND c_asigna='300105' AND status IN ('0','3','B') [1][0] OK
C:[31/10/2012 09:20:04.27][172.16.8.125][1232] SELECT c_asigna FROM dace004 WHERE exp_e='10-19302902' AND c_asigna='300314' AND status IN ('0','3','B') [1][0] OK
C:[31/10/2012 09:20:04.27][172.16.8.125][1219] SELECT pre_cod_asig1,pre_cod_asig2,pre_cod_asig3,pre_cod_asig4,pre_cod_asig5,pre_cod_asig6,pre_cod_asig7 FROM tblaca009 WHERE pensum='5' AND c_uni_ca='5' AND c_asigna='351451' [1][0] OK
C:[31/10/2012 09:20:04.27][172.16.8.125][1232] SELECT c_asigna FROM dace004 WHERE exp_e='10-19302902' AND c_asigna='351330' AND status IN ('0','3','B') [1][0] OK
C:[31/10/2012 09:20:04.27][172.16.8.125][1232] SELECT c_asigna FROM dace004 WHERE exp_e='10-19302902' AND c_asigna='355350' AND status IN ('0','3','B') [1][0] OK
C:[31/10/2012 09:20:04.27][172.16.8.125][1232] SELECT c_asigna FROM dace004 WHERE exp_e='10-19302902' AND c_asigna='300318' AND status IN ('0','3','B') [1][0] OK
C:[31/10/2012 09:20:04.27][172.16.8.125][1232] SELECT c_asigna FROM dace004 WHERE exp_e='10-19302902' AND c_asigna='300209' AND status IN ('0','3','B') [1][0] OK
C:[31/10/2012 09:20:04.27][172.16.8.125][1232] SELECT c_asigna FROM dace004 WHERE exp_e='10-19302902' AND c_asigna='300222' AND status IN ('0','3','B') [1][0] OK
C:[31/10/2012 09:20:04.27][172.16.8.125][1219] SELECT pre_cod_asig1,pre_cod_asig2,pre_cod_asig3,pre_cod_asig4,pre_cod_asig5,pre_cod_asig6,pre_cod_asig7 FROM tblaca009 WHERE pensum='5' AND c_uni_ca='5' AND c_asigna='355447' [1][0] OK
C:[31/10/2012 09:20:04.27][172.16.8.125][1232] SELECT c_asigna FROM dace004 WHERE exp_e='10-19302902' AND c_asigna='351330' AND status IN ('0','3','B') [1][0] OK
C:[31/10/2012 09:20:04.27][172.16.8.125][1219] SELECT pre_cod_asig1,pre_cod_asig2,pre_cod_asig3,pre_cod_asig4,pre_cod_asig5,pre_cod_asig6,pre_cod_asig7 FROM tblaca009 WHERE pensum='5' AND c_uni_ca='5' AND c_asigna='355572' [1][0] OK
C:[31/10/2012 09:20:04.27][172.16.8.125][1232] SELECT c_asigna FROM dace004 WHERE exp_e='10-19302902' AND c_asigna='300428' AND status IN ('0','3','B') [1][0] OK
C:[31/10/2012 09:20:05.15][172.16.8.125][1263] SELECT par_cod_asig1,par_cod_asig2,par_cod_asig3 FROM tblaca009 WHERE pensum='5' AND c_uni_ca='5' AND c_asigna='355573' [1][0] OK
C:[31/10/2012 09:20:05.15][172.16.8.125][1263] SELECT par_cod_asig1,par_cod_asig2,par_cod_asig3 FROM tblaca009 WHERE pensum='5' AND c_uni_ca='5' AND c_asigna='300422' [1][0] OK
C:[31/10/2012 09:20:05.15][172.16.8.125][1263] SELECT par_cod_asig1,par_cod_asig2,par_cod_asig3 FROM tblaca009 WHERE pensum='5' AND c_uni_ca='5' AND c_asigna='351451' [1][0] OK
C:[31/10/2012 09:20:05.15][172.16.8.125][1263] SELECT par_cod_asig1,par_cod_asig2,par_cod_asig3 FROM tblaca009 WHERE pensum='5' AND c_uni_ca='5' AND c_asigna='355447' [1][0] OK
C:[31/10/2012 09:20:05.15][172.16.8.125][1263] SELECT par_cod_asig1,par_cod_asig2,par_cod_asig3 FROM tblaca009 WHERE pensum='5' AND c_uni_ca='5' AND c_asigna='355572' [1][0] OK
C:[31/10/2012 15:39:57.20][172.16.8.125][1219] SELECT pre_cod_asig1,pre_cod_asig2,pre_cod_asig3,pre_cod_asig4,pre_cod_asig5,pre_cod_asig6,pre_cod_asig7 FROM tblaca009 WHERE pensum='5' AND c_uni_ca='2' AND c_asigna='322560' [1][0] OK
C:[31/10/2012 15:39:57.20][172.16.8.125][1219] SELECT pre_cod_asig1,pre_cod_asig2,pre_cod_asig3,pre_cod_asig4,pre_cod_asig5,pre_cod_asig6,pre_cod_asig7 FROM tblaca009 WHERE pensum='5' AND c_uni_ca='2' AND c_asigna='300105' [1][0] OK
C:[31/10/2012 15:39:57.20][172.16.8.125][1219] SELECT pre_cod_asig1,pre_cod_asig2,pre_cod_asig3,pre_cod_asig4,pre_cod_asig5,pre_cod_asig6,pre_cod_asig7 FROM tblaca009 WHERE pensum='5' AND c_uni_ca='2' AND c_asigna='300676' [1][0] OK
C:[31/10/2012 15:39:57.20][172.16.8.125][1219] SELECT pre_cod_asig1,pre_cod_asig2,pre_cod_asig3,pre_cod_asig4,pre_cod_asig5,pre_cod_asig6,pre_cod_asig7 FROM tblaca009 WHERE pensum='5' AND c_uni_ca='2' AND c_asigna='322558' [1][0] OK
C:[31/10/2012 15:39:57.20][172.16.8.125][1232] SELECT c_asigna FROM dace004 WHERE exp_e='10-25696186' AND c_asigna='300428' AND status IN ('0','3','B') [1][0] OK
C:[31/10/2012 15:39:57.20][172.16.8.125][1232] SELECT c_asigna FROM dace004 WHERE exp_e='10-25696186' AND c_asigna='320323' AND status IN ('0','3','B') [1][0] OK
C:[31/10/2012 15:39:57.20][172.16.8.125][1219] SELECT pre_cod_asig1,pre_cod_asig2,pre_cod_asig3,pre_cod_asig4,pre_cod_asig5,pre_cod_asig6,pre_cod_asig7 FROM tblaca009 WHERE pensum='5' AND c_uni_ca='2' AND c_asigna='323528' [1][0] OK
C:[31/10/2012 15:39:57.07][172.16.8.125][1263] SELECT par_cod_asig1,par_cod_asig2,par_cod_asig3 FROM tblaca009 WHERE pensum='5' AND c_uni_ca='2' AND c_asigna='322560' [1][0] OK
C:[31/10/2012 15:39:57.07][172.16.8.125][1277] SELECT c_asigna FROM dace004 WHERE exp_e='10-25696186' AND c_asigna='323528' AND status IN ('0','3','B','C') [0][0] OK
C:[31/10/2012 15:39:57.07][172.16.8.125][1263] SELECT par_cod_asig1,par_cod_asig2,par_cod_asig3 FROM tblaca009 WHERE pensum='5' AND c_uni_ca='2' AND c_asigna='300105' [1][0] OK
C:[31/10/2012 15:39:57.07][172.16.8.125][1263] SELECT par_cod_asig1,par_cod_asig2,par_cod_asig3 FROM tblaca009 WHERE pensum='5' AND c_uni_ca='2' AND c_asigna='300676' [1][0] OK
C:[31/10/2012 15:39:57.07][172.16.8.125][1263] SELECT par_cod_asig1,par_cod_asig2,par_cod_asig3 FROM tblaca009 WHERE pensum='5' AND c_uni_ca='2' AND c_asigna='322558' [1][0] OK
C:[31/10/2012 15:39:57.07][172.16.8.125][1263] SELECT par_cod_asig1,par_cod_asig2,par_cod_asig3 FROM tblaca009 WHERE pensum='5' AND c_uni_ca='2' AND c_asigna='323528' [1][0] OK
C:[01/11/2012 08:55:01.61][172.16.8.247][1219] SELECT pre_cod_asig1,pre_cod_asig2,pre_cod_asig3,pre_cod_asig4,pre_cod_asig5,pre_cod_asig6,pre_cod_asig7 FROM tblaca009 WHERE pensum='5' AND c_uni_ca='5' AND c_asigna='355722' [1][0] OK
C:[01/11/2012 08:55:01.61][172.16.8.247][1232] SELECT c_asigna FROM dace004 WHERE exp_e='05-18886220' AND c_asigna='355691' AND status IN ('0','3','B') [1][0] OK
C:[01/11/2012 08:55:01.61][172.16.8.247][1232] SELECT c_asigna FROM dace004 WHERE exp_e='05-18886220' AND c_asigna='355595' AND status IN ('0','3','B') [1][0] OK
C:[01/11/2012 08:55:01.61][172.16.8.247][1219] SELECT pre_cod_asig1,pre_cod_asig2,pre_cod_asig3,pre_cod_asig4,pre_cod_asig5,pre_cod_asig6,pre_cod_asig7 FROM tblaca009 WHERE pensum='5' AND c_uni_ca='5' AND c_asigna='355572' [1][0] OK
C:[01/11/2012 08:55:01.61][172.16.8.247][1232] SELECT c_asigna FROM dace004 WHERE exp_e='05-18886220' AND c_asigna='300428' AND status IN ('0','3','B') [1][0] OK
C:[01/11/2012 08:55:02.23][172.16.8.247][1263] SELECT par_cod_asig1,par_cod_asig2,par_cod_asig3 FROM tblaca009 WHERE pensum='5' AND c_uni_ca='5' AND c_asigna='355722' [1][0] OK
C:[01/11/2012 08:55:02.23][172.16.8.247][1263] SELECT par_cod_asig1,par_cod_asig2,par_cod_asig3 FROM tblaca009 WHERE pensum='5' AND c_uni_ca='5' AND c_asigna='355572' [1][0] OK
C:[01/11/2012 09:24:47.99][172.16.8.125][1219] SELECT pre_cod_asig1,pre_cod_asig2,pre_cod_asig3,pre_cod_asig4,pre_cod_asig5,pre_cod_asig6,pre_cod_asig7 FROM tblaca009 WHERE pensum='5' AND c_uni_ca='5' AND c_asigna='355722' [1][0] OK
C:[01/11/2012 09:24:47.99][172.16.8.125][1232] SELECT c_asigna FROM dace004 WHERE exp_e='06-18385642' AND c_asigna='355691' AND status IN ('0','3','B') [1][0] OK
C:[01/11/2012 09:24:47.99][172.16.8.125][1232] SELECT c_asigna FROM dace004 WHERE exp_e='06-18385642' AND c_asigna='355595' AND status IN ('0','3','B') [1][0] OK
C:[01/11/2012 09:24:47.99][172.16.8.125][1219] SELECT pre_cod_asig1,pre_cod_asig2,pre_cod_asig3,pre_cod_asig4,pre_cod_asig5,pre_cod_asig6,pre_cod_asig7 FROM tblaca009 WHERE pensum='5' AND c_uni_ca='5' AND c_asigna='355832' [1][0] OK
C:[01/11/2012 09:24:47.99][172.16.8.125][1232] SELECT c_asigna FROM dace004 WHERE exp_e='06-18385642' AND c_asigna='355694' AND status IN ('0','3','B') [1][0] OK
C:[01/11/2012 09:24:47.99][172.16.8.125][1219] SELECT pre_cod_asig1,pre_cod_asig2,pre_cod_asig3,pre_cod_asig4,pre_cod_asig5,pre_cod_asig6,pre_cod_asig7 FROM tblaca009 WHERE pensum='5' AND c_uni_ca='5' AND c_asigna='355833' [1][0] OK
C:[01/11/2012 09:24:47.99][172.16.8.125][1232] SELECT c_asigna FROM dace004 WHERE exp_e='06-18385642' AND c_asigna='355694' AND status IN ('0','3','B') [1][0] OK
C:[01/11/2012 09:24:47.99][172.16.8.125][1219] SELECT pre_cod_asig1,pre_cod_asig2,pre_cod_asig3,pre_cod_asig4,pre_cod_asig5,pre_cod_asig6,pre_cod_asig7 FROM tblaca009 WHERE pensum='5' AND c_uni_ca='5' AND c_asigna='355839' [1][0] OK
C:[01/11/2012 09:24:47.99][172.16.8.125][1232] SELECT c_asigna FROM dace004 WHERE exp_e='06-18385642' AND c_asigna='355725' AND status IN ('0','3','B') [1][0] OK
C:[01/11/2012 09:24:47.99][172.16.8.125][1232] SELECT c_asigna FROM dace004 WHERE exp_e='06-18385642' AND c_asigna='355692' AND status IN ('0','3','B') [1][0] OK
C:[01/11/2012 09:24:47.99][172.16.8.125][1219] SELECT pre_cod_asig1,pre_cod_asig2,pre_cod_asig3,pre_cod_asig4,pre_cod_asig5,pre_cod_asig6,pre_cod_asig7 FROM tblaca009 WHERE pensum='5' AND c_uni_ca='5' AND c_asigna='355842' [1][0] OK
C:[01/11/2012 09:24:47.99][172.16.8.125][1232] SELECT c_asigna FROM dace004 WHERE exp_e='06-18385642' AND c_asigna='355720' AND status IN ('0','3','B') [1][0] OK
C:[01/11/2012 09:24:47.99][172.16.8.125][1232] SELECT c_asigna FROM dace004 WHERE exp_e='06-18385642' AND c_asigna='355725' AND status IN ('0','3','B') [1][0] OK
C:[01/11/2012 09:24:47.99][172.16.8.125][1219] SELECT pre_cod_asig1,pre_cod_asig2,pre_cod_asig3,pre_cod_asig4,pre_cod_asig5,pre_cod_asig6,pre_cod_asig7 FROM tblaca009 WHERE pensum='5' AND c_uni_ca='5' AND c_asigna='355849' [1][0] OK
C:[01/11/2012 09:24:47.99][172.16.8.125][1232] SELECT c_asigna FROM dace004 WHERE exp_e='06-18385642' AND c_asigna='355724' AND status IN ('0','3','B') [1][0] OK
C:[01/11/2012 09:24:47.87][172.16.8.125][1263] SELECT par_cod_asig1,par_cod_asig2,par_cod_asig3 FROM tblaca009 WHERE pensum='5' AND c_uni_ca='5' AND c_asigna='355722' [1][0] OK
C:[01/11/2012 09:24:47.87][172.16.8.125][1263] SELECT par_cod_asig1,par_cod_asig2,par_cod_asig3 FROM tblaca009 WHERE pensum='5' AND c_uni_ca='5' AND c_asigna='355832' [1][0] OK
C:[01/11/2012 09:24:47.87][172.16.8.125][1263] SELECT par_cod_asig1,par_cod_asig2,par_cod_asig3 FROM tblaca009 WHERE pensum='5' AND c_uni_ca='5' AND c_asigna='355833' [1][0] OK
C:[01/11/2012 09:24:47.87][172.16.8.125][1263] SELECT par_cod_asig1,par_cod_asig2,par_cod_asig3 FROM tblaca009 WHERE pensum='5' AND c_uni_ca='5' AND c_asigna='355839' [1][0] OK
C:[01/11/2012 09:24:47.87][172.16.8.125][1263] SELECT par_cod_asig1,par_cod_asig2,par_cod_asig3 FROM tblaca009 WHERE pensum='5' AND c_uni_ca='5' AND c_asigna='355842' [1][0] OK
C:[01/11/2012 09:24:47.87][172.16.8.125][1263] SELECT par_cod_asig1,par_cod_asig2,par_cod_asig3 FROM tblaca009 WHERE pensum='5' AND c_uni_ca='5' AND c_asigna='355849' [1][0] OK
C:[01/11/2012 09:31:17.64][172.16.8.125][1219] SELECT pre_cod_asig1,pre_cod_asig2,pre_cod_asig3,pre_cod_asig4,pre_cod_asig5,pre_cod_asig6,pre_cod_asig7 FROM tblaca009 WHERE pensum='5' AND c_uni_ca='5' AND c_asigna='355696' [1][0] OK
C:[01/11/2012 09:31:17.64][172.16.8.125][1232] SELECT c_asigna FROM dace004 WHERE exp_e='04-17432660' AND c_asigna='355570' AND status IN ('0','3','B') [1][0] OK
C:[01/11/2012 09:31:17.64][172.16.8.125][1232] SELECT c_asigna FROM dace004 WHERE exp_e='04-17432660' AND c_asigna='355571' AND status IN ('0','3','B') [1][0] OK
C:[01/11/2012 09:31:17.64][172.16.8.125][1219] SELECT pre_cod_asig1,pre_cod_asig2,pre_cod_asig3,pre_cod_asig4,pre_cod_asig5,pre_cod_asig6,pre_cod_asig7 FROM tblaca009 WHERE pensum='5' AND c_uni_ca='5' AND c_asigna='355573' [1][0] OK
C:[01/11/2012 09:31:17.64][172.16.8.125][1232] SELECT c_asigna FROM dace004 WHERE exp_e='04-17432660' AND c_asigna='355448' AND status IN ('0','3','B') [1][0] OK
C:[01/11/2012 09:31:17.64][172.16.8.125][1219] SELECT pre_cod_asig1,pre_cod_asig2,pre_cod_asig3,pre_cod_asig4,pre_cod_asig5,pre_cod_asig6,pre_cod_asig7 FROM tblaca009 WHERE pensum='5' AND c_uni_ca='5' AND c_asigna='355874' [1][0] OK
C:[01/11/2012 09:31:17.64][172.16.8.125][1232] SELECT c_asigna FROM dace004 WHERE exp_e='04-17432660' AND c_asigna='355448' AND status IN ('0','3','B') [1][0] OK
C:[01/11/2012 09:31:17.52][172.16.8.125][1263] SELECT par_cod_asig1,par_cod_asig2,par_cod_asig3 FROM tblaca009 WHERE pensum='5' AND c_uni_ca='5' AND c_asigna='355696' [1][0] OK
C:[01/11/2012 09:31:17.52][172.16.8.125][1263] SELECT par_cod_asig1,par_cod_asig2,par_cod_asig3 FROM tblaca009 WHERE pensum='5' AND c_uni_ca='5' AND c_asigna='355573' [1][0] OK
C:[01/11/2012 09:31:17.52][172.16.8.125][1263] SELECT par_cod_asig1,par_cod_asig2,par_cod_asig3 FROM tblaca009 WHERE pensum='5' AND c_uni_ca='5' AND c_asigna='355874' [1][0] OK
C:[01/11/2012 10:03:07.64][172.16.8.250][1219] SELECT pre_cod_asig1,pre_cod_asig2,pre_cod_asig3,pre_cod_asig4,pre_cod_asig5,pre_cod_asig6,pre_cod_asig7 FROM tblaca009 WHERE pensum='5' AND c_uni_ca='2' AND c_asigna='300207' [1][0] OK
C:[01/11/2012 10:03:07.64][172.16.8.250][1232] SELECT c_asigna FROM dace004 WHERE exp_e='12-25445278' AND c_asigna='300101' AND status IN ('0','3','B') [1][0] OK
C:[01/11/2012 10:03:07.64][172.16.8.250][1219] SELECT pre_cod_asig1,pre_cod_asig2,pre_cod_asig3,pre_cod_asig4,pre_cod_asig5,pre_cod_asig6,pre_cod_asig7 FROM tblaca009 WHERE pensum='5' AND c_uni_ca='2' AND c_asigna='300209' [1][0] OK
C:[01/11/2012 10:03:07.64][172.16.8.250][1232] SELECT c_asigna FROM dace004 WHERE exp_e='12-25445278' AND c_asigna='300101' AND status IN ('0','3','B') [1][0] OK
C:[01/11/2012 10:03:07.64][172.16.8.250][1219] SELECT pre_cod_asig1,pre_cod_asig2,pre_cod_asig3,pre_cod_asig4,pre_cod_asig5,pre_cod_asig6,pre_cod_asig7 FROM tblaca009 WHERE pensum='5' AND c_uni_ca='2' AND c_asigna='300013' [1][0] OK
C:[01/11/2012 10:03:07.64][172.16.8.250][1219] SELECT pre_cod_asig1,pre_cod_asig2,pre_cod_asig3,pre_cod_asig4,pre_cod_asig5,pre_cod_asig6,pre_cod_asig7 FROM tblaca009 WHERE pensum='5' AND c_uni_ca='2' AND c_asigna='300218' [1][0] OK
C:[01/11/2012 10:03:07.64][172.16.8.250][1219] SELECT pre_cod_asig1,pre_cod_asig2,pre_cod_asig3,pre_cod_asig4,pre_cod_asig5,pre_cod_asig6,pre_cod_asig7 FROM tblaca009 WHERE pensum='5' AND c_uni_ca='2' AND c_asigna='300228' [1][0] OK
C:[01/11/2012 10:03:07.64][172.16.8.250][1232] SELECT c_asigna FROM dace004 WHERE exp_e='12-25445278' AND c_asigna='300101' AND status IN ('0','3','B') [1][0] OK
C:[01/11/2012 10:03:07.63][172.16.8.250][1263] SELECT par_cod_asig1,par_cod_asig2,par_cod_asig3 FROM tblaca009 WHERE pensum='5' AND c_uni_ca='2' AND c_asigna='300207' [1][0] OK
C:[01/11/2012 10:03:07.63][172.16.8.250][1263] SELECT par_cod_asig1,par_cod_asig2,par_cod_asig3 FROM tblaca009 WHERE pensum='5' AND c_uni_ca='2' AND c_asigna='300209' [1][0] OK
C:[01/11/2012 10:03:07.63][172.16.8.250][1263] SELECT par_cod_asig1,par_cod_asig2,par_cod_asig3 FROM tblaca009 WHERE pensum='5' AND c_uni_ca='2' AND c_asigna='300013' [1][0] OK
C:[01/11/2012 10:03:07.63][172.16.8.250][1263] SELECT par_cod_asig1,par_cod_asig2,par_cod_asig3 FROM tblaca009 WHERE pensum='5' AND c_uni_ca='2' AND c_asigna='300218' [1][0] OK
C:[01/11/2012 10:03:07.63][172.16.8.250][1277] SELECT c_asigna FROM dace004 WHERE exp_e='12-25445278' AND c_asigna='300228' AND status IN ('0','3','B','C') [0][0] OK
C:[01/11/2012 10:03:07.63][172.16.8.250][1263] SELECT par_cod_asig1,par_cod_asig2,par_cod_asig3 FROM tblaca009 WHERE pensum='5' AND c_uni_ca='2' AND c_asigna='300228' [1][0] OK
C:[01/11/2012 10:07:47.99][172.16.8.247][1219] SELECT pre_cod_asig1,pre_cod_asig2,pre_cod_asig3,pre_cod_asig4,pre_cod_asig5,pre_cod_asig6,pre_cod_asig7 FROM tblaca009 WHERE pensum='5' AND c_uni_ca='2' AND c_asigna='300318' [1][0] OK
C:[01/11/2012 10:07:47.99][172.16.8.247][1232] SELECT c_asigna FROM dace004 WHERE exp_e='11-21263946' AND c_asigna='300228' AND status IN ('0','3','B') [1][0] OK
C:[01/11/2012 10:07:47.99][172.16.8.247][1232] SELECT c_asigna FROM dace004 WHERE exp_e='11-21263946' AND c_asigna='300207' AND status IN ('0','3','B') [1][0] OK
C:[01/11/2012 10:07:47.99][172.16.8.247][1232] SELECT c_asigna FROM dace004 WHERE exp_e='11-21263946' AND c_asigna='300218' AND status IN ('0','3','B') [1][0] OK
C:[01/11/2012 10:07:47.99][172.16.8.247][1219] SELECT pre_cod_asig1,pre_cod_asig2,pre_cod_asig3,pre_cod_asig4,pre_cod_asig5,pre_cod_asig6,pre_cod_asig7 FROM tblaca009 WHERE pensum='5' AND c_uni_ca='2' AND c_asigna='300313' [1][0] OK
C:[01/11/2012 10:07:47.99][172.16.8.247][1232] SELECT c_asigna FROM dace004 WHERE exp_e='11-21263946' AND c_asigna='300213' AND status IN ('0','3','B') [1][0] OK
C:[01/11/2012 10:07:47.99][172.16.8.247][1232] SELECT c_asigna FROM dace004 WHERE exp_e='11-21263946' AND c_asigna='300226' AND status IN ('0','3','B') [1][0] OK
C:[01/11/2012 10:07:47.99][172.16.8.247][1232] SELECT c_asigna FROM dace004 WHERE exp_e='11-21263946' AND c_asigna='300209' AND status IN ('0','3','B') [1][0] OK
C:[01/11/2012 10:07:47.99][172.16.8.247][1219] SELECT pre_cod_asig1,pre_cod_asig2,pre_cod_asig3,pre_cod_asig4,pre_cod_asig5,pre_cod_asig6,pre_cod_asig7 FROM tblaca009 WHERE pensum='5' AND c_uni_ca='2' AND c_asigna='300317' [1][0] OK
C:[01/11/2012 10:07:47.99][172.16.8.247][1232] SELECT c_asigna FROM dace004 WHERE exp_e='11-21263946' AND c_asigna='300207' AND status IN ('0','3','B') [1][0] OK
C:[01/11/2012 10:07:47.99][172.16.8.247][1232] SELECT c_asigna FROM dace004 WHERE exp_e='11-21263946' AND c_asigna='300209' AND status IN ('0','3','B') [1][0] OK
C:[01/11/2012 10:07:47.99][172.16.8.247][1219] SELECT pre_cod_asig1,pre_cod_asig2,pre_cod_asig3,pre_cod_asig4,pre_cod_asig5,pre_cod_asig6,pre_cod_asig7 FROM tblaca009 WHERE pensum='5' AND c_uni_ca='2' AND c_asigna='320323' [1][0] OK
C:[01/11/2012 10:07:47.99][172.16.8.247][1232] SELECT c_asigna FROM dace004 WHERE exp_e='11-21263946' AND c_asigna='300228' AND status IN ('0','3','B') [1][0] OK
C:[01/11/2012 10:07:47.99][172.16.8.247][1232] SELECT c_asigna FROM dace004 WHERE exp_e='11-21263946' AND c_asigna='300218' AND status IN ('0','3','B') [1][0] OK
C:[01/11/2012 10:07:48.74][172.16.8.247][1263] SELECT par_cod_asig1,par_cod_asig2,par_cod_asig3 FROM tblaca009 WHERE pensum='5' AND c_uni_ca='2' AND c_asigna='300318' [1][0] OK
C:[01/11/2012 10:07:48.74][172.16.8.247][1263] SELECT par_cod_asig1,par_cod_asig2,par_cod_asig3 FROM tblaca009 WHERE pensum='5' AND c_uni_ca='2' AND c_asigna='300313' [1][0] OK
C:[01/11/2012 10:07:48.74][172.16.8.247][1263] SELECT par_cod_asig1,par_cod_asig2,par_cod_asig3 FROM tblaca009 WHERE pensum='5' AND c_uni_ca='2' AND c_asigna='300317' [1][0] OK
C:[01/11/2012 10:07:48.74][172.16.8.247][1263] SELECT par_cod_asig1,par_cod_asig2,par_cod_asig3 FROM tblaca009 WHERE pensum='5' AND c_uni_ca='2' AND c_asigna='320323' [1][0] OK
C:[01/11/2012 10:27:25.26][172.16.8.245][1219] SELECT pre_cod_asig1,pre_cod_asig2,pre_cod_asig3,pre_cod_asig4,pre_cod_asig5,pre_cod_asig6,pre_cod_asig7 FROM tblaca009 WHERE pensum='5' AND c_uni_ca='3' AND c_asigna='310548' [1][0] OK
C:[01/11/2012 10:27:25.26][172.16.8.245][1232] SELECT c_asigna FROM dace004 WHERE exp_e='91-10940572' AND c_asigna='300428' AND status IN ('0','3','B') [1][0] OK
C:[01/11/2012 10:27:25.26][172.16.8.245][1232] SELECT c_asigna FROM dace004 WHERE exp_e='91-10940572' AND c_asigna='300313' AND status IN ('0','3','B') [1][0] OK
C:[01/11/2012 10:27:25.26][172.16.8.245][1232] SELECT c_asigna FROM dace004 WHERE exp_e='91-10940572' AND c_asigna='300222' AND status IN ('0','3','B') [1][0] OK
C:[01/11/2012 10:27:25.26][172.16.8.245][1232] SELECT c_asigna FROM dace004 WHERE exp_e='91-10940572' AND c_asigna='300226' AND status IN ('0','3','B') [1][0] OK
C:[01/11/2012 10:27:25.26][172.16.8.245][1232] SELECT c_asigna FROM dace004 WHERE exp_e='91-10940572' AND c_asigna='300209' AND status IN ('0','3','B') [1][0] OK
C:[01/11/2012 10:27:25.01][172.16.8.245][1263] SELECT par_cod_asig1,par_cod_asig2,par_cod_asig3 FROM tblaca009 WHERE pensum='5' AND c_uni_ca='3' AND c_asigna='310548' [1][0] OK
C:[01/11/2012 10:27:25.13][172.16.8.245][1334] SELECT c_asigna FROM tblaca009 WHERE pensum='5' AND c_uni_ca='3' AND ((par_cod_asig1='315671') OR (par_cod_asig2='315671') OR (par_cod_asig3='315671'))  [0][0] OK
C:[01/11/2012 10:30:25.81][172.16.8.247][1219] SELECT pre_cod_asig1,pre_cod_asig2,pre_cod_asig3,pre_cod_asig4,pre_cod_asig5,pre_cod_asig6,pre_cod_asig7 FROM tblaca009 WHERE pensum='5' AND c_uni_ca='6' AND c_asigna='300218' [1][0] OK
C:[01/11/2012 10:30:25.81][172.16.8.247][1219] SELECT pre_cod_asig1,pre_cod_asig2,pre_cod_asig3,pre_cod_asig4,pre_cod_asig5,pre_cod_asig6,pre_cod_asig7 FROM tblaca009 WHERE pensum='5' AND c_uni_ca='6' AND c_asigna='300207' [1][0] OK
C:[01/11/2012 10:30:25.81][172.16.8.247][1232] SELECT c_asigna FROM dace004 WHERE exp_e='12-24412791' AND c_asigna='300101' AND status IN ('0','3','B') [1][0] OK
C:[01/11/2012 10:30:25.81][172.16.8.247][1219] SELECT pre_cod_asig1,pre_cod_asig2,pre_cod_asig3,pre_cod_asig4,pre_cod_asig5,pre_cod_asig6,pre_cod_asig7 FROM tblaca009 WHERE pensum='5' AND c_uni_ca='6' AND c_asigna='300209' [1][0] OK
C:[01/11/2012 10:30:25.81][172.16.8.247][1232] SELECT c_asigna FROM dace004 WHERE exp_e='12-24412791' AND c_asigna='300101' AND status IN ('0','3','B') [1][0] OK
C:[01/11/2012 10:30:25.81][172.16.8.247][1219] SELECT pre_cod_asig1,pre_cod_asig2,pre_cod_asig3,pre_cod_asig4,pre_cod_asig5,pre_cod_asig6,pre_cod_asig7 FROM tblaca009 WHERE pensum='5' AND c_uni_ca='6' AND c_asigna='300213' [1][0] OK
C:[01/11/2012 10:30:25.81][172.16.8.247][1232] SELECT c_asigna FROM dace004 WHERE exp_e='12-24412791' AND c_asigna='300101' AND status IN ('0','3','B') [1][0] OK
C:[01/11/2012 10:30:25.81][172.16.8.247][1219] SELECT pre_cod_asig1,pre_cod_asig2,pre_cod_asig3,pre_cod_asig4,pre_cod_asig5,pre_cod_asig6,pre_cod_asig7 FROM tblaca009 WHERE pensum='5' AND c_uni_ca='6' AND c_asigna='300222' [1][0] OK
C:[01/11/2012 10:30:25.81][172.16.8.247][1232] SELECT c_asigna FROM dace004 WHERE exp_e='12-24412791' AND c_asigna='300112' AND status IN ('0','3','B') [1][0] OK
C:[01/11/2012 10:30:25.81][172.16.8.247][1219] SELECT pre_cod_asig1,pre_cod_asig2,pre_cod_asig3,pre_cod_asig4,pre_cod_asig5,pre_cod_asig6,pre_cod_asig7 FROM tblaca009 WHERE pensum='5' AND c_uni_ca='6' AND c_asigna='300226' [1][0] OK
C:[01/11/2012 10:30:25.81][172.16.8.247][1232] SELECT c_asigna FROM dace004 WHERE exp_e='12-24412791' AND c_asigna='300116' AND status IN ('0','3','B') [1][0] OK
C:[01/11/2012 10:30:25.81][172.16.8.247][1219] SELECT pre_cod_asig1,pre_cod_asig2,pre_cod_asig3,pre_cod_asig4,pre_cod_asig5,pre_cod_asig6,pre_cod_asig7 FROM tblaca009 WHERE pensum='5' AND c_uni_ca='6' AND c_asigna='300228' [1][0] OK
C:[01/11/2012 10:30:25.81][172.16.8.247][1232] SELECT c_asigna FROM dace004 WHERE exp_e='12-24412791' AND c_asigna='300101' AND status IN ('0','3','B') [1][0] OK
C:[01/11/2012 10:30:25.01][172.16.8.247][1263] SELECT par_cod_asig1,par_cod_asig2,par_cod_asig3 FROM tblaca009 WHERE pensum='5' AND c_uni_ca='6' AND c_asigna='300218' [1][0] OK
C:[01/11/2012 10:30:25.01][172.16.8.247][1277] SELECT c_asigna FROM dace004 WHERE exp_e='12-24412791' AND c_asigna='300228' AND status IN ('0','3','B','C') [0][0] OK
C:[01/11/2012 10:30:25.01][172.16.8.247][1263] SELECT par_cod_asig1,par_cod_asig2,par_cod_asig3 FROM tblaca009 WHERE pensum='5' AND c_uni_ca='6' AND c_asigna='300207' [1][0] OK
C:[01/11/2012 10:30:25.01][172.16.8.247][1263] SELECT par_cod_asig1,par_cod_asig2,par_cod_asig3 FROM tblaca009 WHERE pensum='5' AND c_uni_ca='6' AND c_asigna='300209' [1][0] OK
C:[01/11/2012 10:30:25.01][172.16.8.247][1263] SELECT par_cod_asig1,par_cod_asig2,par_cod_asig3 FROM tblaca009 WHERE pensum='5' AND c_uni_ca='6' AND c_asigna='300213' [1][0] OK
C:[01/11/2012 10:30:25.01][172.16.8.247][1277] SELECT c_asigna FROM dace004 WHERE exp_e='12-24412791' AND c_asigna='300209' AND status IN ('0','3','B','C') [0][0] OK
C:[01/11/2012 10:30:25.01][172.16.8.247][1263] SELECT par_cod_asig1,par_cod_asig2,par_cod_asig3 FROM tblaca009 WHERE pensum='5' AND c_uni_ca='6' AND c_asigna='300222' [1][0] OK
C:[01/11/2012 10:30:25.01][172.16.8.247][1263] SELECT par_cod_asig1,par_cod_asig2,par_cod_asig3 FROM tblaca009 WHERE pensum='5' AND c_uni_ca='6' AND c_asigna='300226' [1][0] OK
C:[01/11/2012 10:30:25.01][172.16.8.247][1263] SELECT par_cod_asig1,par_cod_asig2,par_cod_asig3 FROM tblaca009 WHERE pensum='5' AND c_uni_ca='6' AND c_asigna='300228' [1][0] OK
C:[01/11/2012 10:32:31.43][172.16.8.245][1219] SELECT pre_cod_asig1,pre_cod_asig2,pre_cod_asig3,pre_cod_asig4,pre_cod_asig5,pre_cod_asig6,pre_cod_asig7 FROM tblaca009 WHERE pensum='5' AND c_uni_ca='3' AND c_asigna='315671' [1][0] OK
C:[01/11/2012 10:32:31.43][172.16.8.245][1232] SELECT c_asigna FROM dace004 WHERE exp_e='91-10940572' AND c_asigna='315552' AND status IN ('0','3','B') [1][0] OK
C:[01/11/2012 10:32:31.43][172.16.8.245][1219] SELECT pre_cod_asig1,pre_cod_asig2,pre_cod_asig3,pre_cod_asig4,pre_cod_asig5,pre_cod_asig6,pre_cod_asig7 FROM tblaca009 WHERE pensum='5' AND c_uni_ca='3' AND c_asigna='310548' [1][0] OK
C:[01/11/2012 10:32:31.43][172.16.8.245][1232] SELECT c_asigna FROM dace004 WHERE exp_e='91-10940572' AND c_asigna='300428' AND status IN ('0','3','B') [1][0] OK
C:[01/11/2012 10:32:31.43][172.16.8.245][1232] SELECT c_asigna FROM dace004 WHERE exp_e='91-10940572' AND c_asigna='300313' AND status IN ('0','3','B') [1][0] OK
C:[01/11/2012 10:32:31.43][172.16.8.245][1232] SELECT c_asigna FROM dace004 WHERE exp_e='91-10940572' AND c_asigna='300222' AND status IN ('0','3','B') [1][0] OK
C:[01/11/2012 10:32:31.43][172.16.8.245][1232] SELECT c_asigna FROM dace004 WHERE exp_e='91-10940572' AND c_asigna='300226' AND status IN ('0','3','B') [1][0] OK
C:[01/11/2012 10:32:31.43][172.16.8.245][1232] SELECT c_asigna FROM dace004 WHERE exp_e='91-10940572' AND c_asigna='300209' AND status IN ('0','3','B') [1][0] OK
C:[01/11/2012 10:32:31.43][172.16.8.245][1263] SELECT par_cod_asig1,par_cod_asig2,par_cod_asig3 FROM tblaca009 WHERE pensum='5' AND c_uni_ca='3' AND c_asigna='315671' [1][0] OK
C:[01/11/2012 10:32:31.43][172.16.8.245][1263] SELECT par_cod_asig1,par_cod_asig2,par_cod_asig3 FROM tblaca009 WHERE pensum='5' AND c_uni_ca='3' AND c_asigna='310548' [1][0] OK
C:[01/11/2012 10:33:36.88][172.16.8.247][1219] SELECT pre_cod_asig1,pre_cod_asig2,pre_cod_asig3,pre_cod_asig4,pre_cod_asig5,pre_cod_asig6,pre_cod_asig7 FROM tblaca009 WHERE pensum='5' AND c_uni_ca='4' AND c_asigna='300213' [1][0] OK
C:[01/11/2012 10:33:36.88][172.16.8.247][1232] SELECT c_asigna FROM dace004 WHERE exp_e='09-21196907' AND c_asigna='300101' AND status IN ('0','3','B') [1][0] OK
C:[01/11/2012 10:33:36.88][172.16.8.247][1219] SELECT pre_cod_asig1,pre_cod_asig2,pre_cod_asig3,pre_cod_asig4,pre_cod_asig5,pre_cod_asig6,pre_cod_asig7 FROM tblaca009 WHERE pensum='5' AND c_uni_ca='4' AND c_asigna='300218' [1][0] OK
C:[01/11/2012 10:33:36.88][172.16.8.247][1219] SELECT pre_cod_asig1,pre_cod_asig2,pre_cod_asig3,pre_cod_asig4,pre_cod_asig5,pre_cod_asig6,pre_cod_asig7 FROM tblaca009 WHERE pensum='5' AND c_uni_ca='4' AND c_asigna='300228' [1][0] OK
C:[01/11/2012 10:33:36.88][172.16.8.247][1232] SELECT c_asigna FROM dace004 WHERE exp_e='09-21196907' AND c_asigna='300101' AND status IN ('0','3','B') [1][0] OK
C:[01/11/2012 10:33:36.88][172.16.8.247][1219] SELECT pre_cod_asig1,pre_cod_asig2,pre_cod_asig3,pre_cod_asig4,pre_cod_asig5,pre_cod_asig6,pre_cod_asig7 FROM tblaca009 WHERE pensum='5' AND c_uni_ca='4' AND c_asigna='330310' [1][0] OK
C:[01/11/2012 10:33:36.88][172.16.8.247][1232] SELECT c_asigna FROM dace004 WHERE exp_e='09-21196907' AND c_asigna='300013' AND status IN ('0','3','B') [1][0] OK
C:[01/11/2012 10:33:36.88][172.16.8.247][1232] SELECT c_asigna FROM dace004 WHERE exp_e='09-21196907' AND c_asigna='300113' AND status IN ('0','3','B') [1][0] OK
C:[01/11/2012 10:33:36.88][172.16.8.247][1263] SELECT par_cod_asig1,par_cod_asig2,par_cod_asig3 FROM tblaca009 WHERE pensum='5' AND c_uni_ca='4' AND c_asigna='300213' [1][0] OK
C:[01/11/2012 10:33:36.88][172.16.8.247][1277] SELECT c_asigna FROM dace004 WHERE exp_e='09-21196907' AND c_asigna='300209' AND status IN ('0','3','B','C') [1][0] OK
C:[01/11/2012 10:33:36.88][172.16.8.247][1263] SELECT par_cod_asig1,par_cod_asig2,par_cod_asig3 FROM tblaca009 WHERE pensum='5' AND c_uni_ca='4' AND c_asigna='300218' [1][0] OK
C:[01/11/2012 10:33:36.88][172.16.8.247][1277] SELECT c_asigna FROM dace004 WHERE exp_e='09-21196907' AND c_asigna='300228' AND status IN ('0','3','B','C') [0][0] OK
C:[01/11/2012 10:33:36.88][172.16.8.247][1263] SELECT par_cod_asig1,par_cod_asig2,par_cod_asig3 FROM tblaca009 WHERE pensum='5' AND c_uni_ca='4' AND c_asigna='300228' [1][0] OK
C:[01/11/2012 10:33:36.88][172.16.8.247][1263] SELECT par_cod_asig1,par_cod_asig2,par_cod_asig3 FROM tblaca009 WHERE pensum='5' AND c_uni_ca='4' AND c_asigna='330310' [1][0] OK
C:[01/11/2012 10:33:37.64][172.16.8.247][1334] SELECT c_asigna FROM tblaca009 WHERE pensum='5' AND c_uni_ca='4' AND ((par_cod_asig1='300317') OR (par_cod_asig2='300317') OR (par_cod_asig3='300317'))  [0][0] OK
C:[01/11/2012 10:34:59.96][172.16.8.247][1219] SELECT pre_cod_asig1,pre_cod_asig2,pre_cod_asig3,pre_cod_asig4,pre_cod_asig5,pre_cod_asig6,pre_cod_asig7 FROM tblaca009 WHERE pensum='5' AND c_uni_ca='4' AND c_asigna='300317' [1][0] OK
C:[01/11/2012 10:34:59.96][172.16.8.247][1232] SELECT c_asigna FROM dace004 WHERE exp_e='09-21196907' AND c_asigna='300207' AND status IN ('0','3','B') [1][0] OK
C:[01/11/2012 10:34:59.96][172.16.8.247][1232] SELECT c_asigna FROM dace004 WHERE exp_e='09-21196907' AND c_asigna='300209' AND status IN ('0','3','B') [1][0] OK
C:[01/11/2012 10:34:59.96][172.16.8.247][1219] SELECT pre_cod_asig1,pre_cod_asig2,pre_cod_asig3,pre_cod_asig4,pre_cod_asig5,pre_cod_asig6,pre_cod_asig7 FROM tblaca009 WHERE pensum='5' AND c_uni_ca='4' AND c_asigna='300213' [1][0] OK
C:[01/11/2012 10:34:59.96][172.16.8.247][1232] SELECT c_asigna FROM dace004 WHERE exp_e='09-21196907' AND c_asigna='300101' AND status IN ('0','3','B') [1][0] OK
C:[01/11/2012 10:34:59.96][172.16.8.247][1219] SELECT pre_cod_asig1,pre_cod_asig2,pre_cod_asig3,pre_cod_asig4,pre_cod_asig5,pre_cod_asig6,pre_cod_asig7 FROM tblaca009 WHERE pensum='5' AND c_uni_ca='4' AND c_asigna='300218' [1][0] OK
C:[01/11/2012 10:34:59.96][172.16.8.247][1219] SELECT pre_cod_asig1,pre_cod_asig2,pre_cod_asig3,pre_cod_asig4,pre_cod_asig5,pre_cod_asig6,pre_cod_asig7 FROM tblaca009 WHERE pensum='5' AND c_uni_ca='4' AND c_asigna='300228' [1][0] OK
C:[01/11/2012 10:34:59.96][172.16.8.247][1232] SELECT c_asigna FROM dace004 WHERE exp_e='09-21196907' AND c_asigna='300101' AND status IN ('0','3','B') [1][0] OK
C:[01/11/2012 10:34:59.96][172.16.8.247][1219] SELECT pre_cod_asig1,pre_cod_asig2,pre_cod_asig3,pre_cod_asig4,pre_cod_asig5,pre_cod_asig6,pre_cod_asig7 FROM tblaca009 WHERE pensum='5' AND c_uni_ca='4' AND c_asigna='330310' [1][0] OK
C:[01/11/2012 10:34:59.96][172.16.8.247][1232] SELECT c_asigna FROM dace004 WHERE exp_e='09-21196907' AND c_asigna='300013' AND status IN ('0','3','B') [1][0] OK
C:[01/11/2012 10:34:59.96][172.16.8.247][1232] SELECT c_asigna FROM dace004 WHERE exp_e='09-21196907' AND c_asigna='300113' AND status IN ('0','3','B') [1][0] OK
C:[01/11/2012 10:34:59.34][172.16.8.247][1263] SELECT par_cod_asig1,par_cod_asig2,par_cod_asig3 FROM tblaca009 WHERE pensum='5' AND c_uni_ca='4' AND c_asigna='300317' [1][0] OK
C:[01/11/2012 10:34:59.34][172.16.8.247][1263] SELECT par_cod_asig1,par_cod_asig2,par_cod_asig3 FROM tblaca009 WHERE pensum='5' AND c_uni_ca='4' AND c_asigna='300213' [1][0] OK
C:[01/11/2012 10:34:59.34][172.16.8.247][1277] SELECT c_asigna FROM dace004 WHERE exp_e='09-21196907' AND c_asigna='300209' AND status IN ('0','3','B','C') [1][0] OK
C:[01/11/2012 10:34:59.34][172.16.8.247][1263] SELECT par_cod_asig1,par_cod_asig2,par_cod_asig3 FROM tblaca009 WHERE pensum='5' AND c_uni_ca='4' AND c_asigna='300218' [1][0] OK
C:[01/11/2012 10:34:59.34][172.16.8.247][1277] SELECT c_asigna FROM dace004 WHERE exp_e='09-21196907' AND c_asigna='300228' AND status IN ('0','3','B','C') [0][0] OK
C:[01/11/2012 10:34:59.34][172.16.8.247][1263] SELECT par_cod_asig1,par_cod_asig2,par_cod_asig3 FROM tblaca009 WHERE pensum='5' AND c_uni_ca='4' AND c_asigna='300228' [1][0] OK
C:[01/11/2012 10:34:59.34][172.16.8.247][1263] SELECT par_cod_asig1,par_cod_asig2,par_cod_asig3 FROM tblaca009 WHERE pensum='5' AND c_uni_ca='4' AND c_asigna='330310' [1][0] OK
C:[01/11/2012 10:41:39.92][172.16.8.125][1219] SELECT pre_cod_asig1,pre_cod_asig2,pre_cod_asig3,pre_cod_asig4,pre_cod_asig5,pre_cod_asig6,pre_cod_asig7 FROM tblaca009 WHERE pensum='5' AND c_uni_ca='4' AND c_asigna='300222' [1][0] OK
C:[01/11/2012 10:41:39.92][172.16.8.125][1232] SELECT c_asigna FROM dace004 WHERE exp_e='10-21261521' AND c_asigna='300112' AND status IN ('0','3','B') [1][0] OK
C:[01/11/2012 10:41:39.92][172.16.8.125][1219] SELECT pre_cod_asig1,pre_cod_asig2,pre_cod_asig3,pre_cod_asig4,pre_cod_asig5,pre_cod_asig6,pre_cod_asig7 FROM tblaca009 WHERE pensum='5' AND c_uni_ca='4' AND c_asigna='300101' [1][0] OK
C:[01/11/2012 10:41:39.33][172.16.8.125][1263] SELECT par_cod_asig1,par_cod_asig2,par_cod_asig3 FROM tblaca009 WHERE pensum='5' AND c_uni_ca='4' AND c_asigna='300222' [1][0] OK
C:[01/11/2012 10:41:39.33][172.16.8.125][1263] SELECT par_cod_asig1,par_cod_asig2,par_cod_asig3 FROM tblaca009 WHERE pensum='5' AND c_uni_ca='4' AND c_asigna='300101' [1][0] OK
C:[01/11/2012 10:42:57.95][172.16.8.125][1219] SELECT pre_cod_asig1,pre_cod_asig2,pre_cod_asig3,pre_cod_asig4,pre_cod_asig5,pre_cod_asig6,pre_cod_asig7 FROM tblaca009 WHERE pensum='5' AND c_uni_ca='3' AND c_asigna='300213' [1][0] OK
C:[01/11/2012 10:42:57.95][172.16.8.125][1232] SELECT c_asigna FROM dace004 WHERE exp_e='10-20807214' AND c_asigna='300101' AND status IN ('0','3','B') [1][0] OK
C:[01/11/2012 10:42:57.95][172.16.8.125][1219] SELECT pre_cod_asig1,pre_cod_asig2,pre_cod_asig3,pre_cod_asig4,pre_cod_asig5,pre_cod_asig6,pre_cod_asig7 FROM tblaca009 WHERE pensum='5' AND c_uni_ca='3' AND c_asigna='300207' [1][0] OK
C:[01/11/2012 10:42:57.95][172.16.8.125][1232] SELECT c_asigna FROM dace004 WHERE exp_e='10-20807214' AND c_asigna='300101' AND status IN ('0','3','B') [1][0] OK
C:[01/11/2012 10:42:57.95][172.16.8.125][1219] SELECT pre_cod_asig1,pre_cod_asig2,pre_cod_asig3,pre_cod_asig4,pre_cod_asig5,pre_cod_asig6,pre_cod_asig7 FROM tblaca009 WHERE pensum='5' AND c_uni_ca='3' AND c_asigna='300209' [1][0] OK
C:[01/11/2012 10:42:57.95][172.16.8.125][1232] SELECT c_asigna FROM dace004 WHERE exp_e='10-20807214' AND c_asigna='300101' AND status IN ('0','3','B') [1][0] OK
C:[01/11/2012 10:42:57.95][172.16.8.125][1219] SELECT pre_cod_asig1,pre_cod_asig2,pre_cod_asig3,pre_cod_asig4,pre_cod_asig5,pre_cod_asig6,pre_cod_asig7 FROM tblaca009 WHERE pensum='5' AND c_uni_ca='3' AND c_asigna='300218' [1][0] OK
C:[01/11/2012 10:42:57.95][172.16.8.125][1219] SELECT pre_cod_asig1,pre_cod_asig2,pre_cod_asig3,pre_cod_asig4,pre_cod_asig5,pre_cod_asig6,pre_cod_asig7 FROM tblaca009 WHERE pensum='5' AND c_uni_ca='3' AND c_asigna='300228' [1][0] OK
C:[01/11/2012 10:42:57.95][172.16.8.125][1232] SELECT c_asigna FROM dace004 WHERE exp_e='10-20807214' AND c_asigna='300101' AND status IN ('0','3','B') [1][0] OK
C:[01/11/2012 10:42:58.09][172.16.8.125][1263] SELECT par_cod_asig1,par_cod_asig2,par_cod_asig3 FROM tblaca009 WHERE pensum='5' AND c_uni_ca='3' AND c_asigna='300213' [1][0] OK
C:[01/11/2012 10:42:58.09][172.16.8.125][1277] SELECT c_asigna FROM dace004 WHERE exp_e='10-20807214' AND c_asigna='300209' AND status IN ('0','3','B','C') [0][0] OK
C:[01/11/2012 10:42:58.09][172.16.8.125][1263] SELECT par_cod_asig1,par_cod_asig2,par_cod_asig3 FROM tblaca009 WHERE pensum='5' AND c_uni_ca='3' AND c_asigna='300207' [1][0] OK
C:[01/11/2012 10:42:58.09][172.16.8.125][1263] SELECT par_cod_asig1,par_cod_asig2,par_cod_asig3 FROM tblaca009 WHERE pensum='5' AND c_uni_ca='3' AND c_asigna='300209' [1][0] OK
C:[01/11/2012 10:42:58.09][172.16.8.125][1263] SELECT par_cod_asig1,par_cod_asig2,par_cod_asig3 FROM tblaca009 WHERE pensum='5' AND c_uni_ca='3' AND c_asigna='300218' [1][0] OK
C:[01/11/2012 10:42:58.09][172.16.8.125][1277] SELECT c_asigna FROM dace004 WHERE exp_e='10-20807214' AND c_asigna='300228' AND status IN ('0','3','B','C') [0][0] OK
C:[01/11/2012 10:42:58.09][172.16.8.125][1263] SELECT par_cod_asig1,par_cod_asig2,par_cod_asig3 FROM tblaca009 WHERE pensum='5' AND c_uni_ca='3' AND c_asigna='300228' [1][0] OK
C:[01/11/2012 11:32:39.69][172.16.8.125][1219] SELECT pre_cod_asig1,pre_cod_asig2,pre_cod_asig3,pre_cod_asig4,pre_cod_asig5,pre_cod_asig6,pre_cod_asig7 FROM tblaca009 WHERE pensum='5' AND c_uni_ca='6' AND c_asigna='300317' [1][0] OK
C:[01/11/2012 11:32:39.69][172.16.8.125][1232] SELECT c_asigna FROM dace004 WHERE exp_e='09-21197811' AND c_asigna='300207' AND status IN ('0','3','B') [1][0] OK
C:[01/11/2012 11:32:39.69][172.16.8.125][1232] SELECT c_asigna FROM dace004 WHERE exp_e='09-21197811' AND c_asigna='300209' AND status IN ('0','3','B') [1][0] OK
C:[01/11/2012 11:32:39.69][172.16.8.125][1219] SELECT pre_cod_asig1,pre_cod_asig2,pre_cod_asig3,pre_cod_asig4,pre_cod_asig5,pre_cod_asig6,pre_cod_asig7 FROM tblaca009 WHERE pensum='5' AND c_uni_ca='6' AND c_asigna='300013' [1][0] OK
C:[01/11/2012 11:32:39.19][172.16.8.125][1263] SELECT par_cod_asig1,par_cod_asig2,par_cod_asig3 FROM tblaca009 WHERE pensum='5' AND c_uni_ca='6' AND c_asigna='300317' [1][0] OK
C:[01/11/2012 11:32:39.19][172.16.8.125][1263] SELECT par_cod_asig1,par_cod_asig2,par_cod_asig3 FROM tblaca009 WHERE pensum='5' AND c_uni_ca='6' AND c_asigna='300013' [1][0] OK
C:[01/11/2012 11:34:09.08][172.16.8.125][1219] SELECT pre_cod_asig1,pre_cod_asig2,pre_cod_asig3,pre_cod_asig4,pre_cod_asig5,pre_cod_asig6,pre_cod_asig7 FROM tblaca009 WHERE pensum='5' AND c_uni_ca='2' AND c_asigna='300313' [1][0] OK
C:[01/11/2012 11:34:09.08][172.16.8.125][1232] SELECT c_asigna FROM dace004 WHERE exp_e='07-19158362' AND c_asigna='300213' AND status IN ('0','3','B') [1][0] OK
C:[01/11/2012 11:34:09.08][172.16.8.125][1232] SELECT c_asigna FROM dace004 WHERE exp_e='07-19158362' AND c_asigna='300226' AND status IN ('0','3','B') [1][0] OK
C:[01/11/2012 11:34:09.08][172.16.8.125][1232] SELECT c_asigna FROM dace004 WHERE exp_e='07-19158362' AND c_asigna='300209' AND status IN ('0','3','B') [1][0] OK
C:[01/11/2012 11:34:09.08][172.16.8.125][1219] SELECT pre_cod_asig1,pre_cod_asig2,pre_cod_asig3,pre_cod_asig4,pre_cod_asig5,pre_cod_asig6,pre_cod_asig7 FROM tblaca009 WHERE pensum='5' AND c_uni_ca='2' AND c_asigna='311561' [1][0] OK
C:[01/11/2012 11:34:09.08][172.16.8.125][1232] SELECT c_asigna FROM dace004 WHERE exp_e='07-19158362' AND c_asigna='300318' AND status IN ('0','3','B') [1][0] OK
C:[01/11/2012 11:34:09.08][172.16.8.125][1219] SELECT pre_cod_asig1,pre_cod_asig2,pre_cod_asig3,pre_cod_asig4,pre_cod_asig5,pre_cod_asig6,pre_cod_asig7 FROM tblaca009 WHERE pensum='5' AND c_uni_ca='2' AND c_asigna='322433' [1][0] OK
C:[01/11/2012 11:34:09.08][172.16.8.125][1232] SELECT c_asigna FROM dace004 WHERE exp_e='07-19158362' AND c_asigna='320323' AND status IN ('0','3','B') [1][0] OK
C:[01/11/2012 11:34:09.08][172.16.8.125][1232] SELECT c_asigna FROM dace004 WHERE exp_e='07-19158362' AND c_asigna='300209' AND status IN ('0','3','B') [1][0] OK
C:[01/11/2012 11:34:09.08][172.16.8.125][1219] SELECT pre_cod_asig1,pre_cod_asig2,pre_cod_asig3,pre_cod_asig4,pre_cod_asig5,pre_cod_asig6,pre_cod_asig7 FROM tblaca009 WHERE pensum='5' AND c_uni_ca='2' AND c_asigna='322558' [1][0] OK
C:[01/11/2012 11:34:09.08][172.16.8.125][1232] SELECT c_asigna FROM dace004 WHERE exp_e='07-19158362' AND c_asigna='300428' AND status IN ('0','3','B') [1][0] OK
C:[01/11/2012 11:34:09.08][172.16.8.125][1232] SELECT c_asigna FROM dace004 WHERE exp_e='07-19158362' AND c_asigna='320323' AND status IN ('0','3','B') [1][0] OK
C:[01/11/2012 11:34:09.58][172.16.8.125][1263] SELECT par_cod_asig1,par_cod_asig2,par_cod_asig3 FROM tblaca009 WHERE pensum='5' AND c_uni_ca='2' AND c_asigna='300313' [1][0] OK
C:[01/11/2012 11:34:09.58][172.16.8.125][1263] SELECT par_cod_asig1,par_cod_asig2,par_cod_asig3 FROM tblaca009 WHERE pensum='5' AND c_uni_ca='2' AND c_asigna='311561' [1][0] OK
C:[01/11/2012 11:34:09.58][172.16.8.125][1263] SELECT par_cod_asig1,par_cod_asig2,par_cod_asig3 FROM tblaca009 WHERE pensum='5' AND c_uni_ca='2' AND c_asigna='322433' [1][0] OK
C:[01/11/2012 11:34:09.58][172.16.8.125][1263] SELECT par_cod_asig1,par_cod_asig2,par_cod_asig3 FROM tblaca009 WHERE pensum='5' AND c_uni_ca='2' AND c_asigna='322558' [1][0] OK
C:[01/11/2012 11:42:33.97][172.16.8.125][1219] SELECT pre_cod_asig1,pre_cod_asig2,pre_cod_asig3,pre_cod_asig4,pre_cod_asig5,pre_cod_asig6,pre_cod_asig7 FROM tblaca009 WHERE pensum='5' AND c_uni_ca='2' AND c_asigna='320311' [1][0] OK
C:[01/11/2012 11:42:33.97][172.16.8.125][1232] SELECT c_asigna FROM dace004 WHERE exp_e='07-19158362' AND c_asigna='300013' AND status IN ('0','3','B') [1][0] OK
C:[01/11/2012 11:42:33.97][172.16.8.125][1232] SELECT c_asigna FROM dace004 WHERE exp_e='07-19158362' AND c_asigna='300113' AND status IN ('0','3','B') [1][0] OK
C:[01/11/2012 11:42:33.97][172.16.8.125][1219] SELECT pre_cod_asig1,pre_cod_asig2,pre_cod_asig3,pre_cod_asig4,pre_cod_asig5,pre_cod_asig6,pre_cod_asig7 FROM tblaca009 WHERE pensum='5' AND c_uni_ca='2' AND c_asigna='300313' [1][0] OK
C:[01/11/2012 11:42:33.97][172.16.8.125][1232] SELECT c_asigna FROM dace004 WHERE exp_e='07-19158362' AND c_asigna='300213' AND status IN ('0','3','B') [1][0] OK
C:[01/11/2012 11:42:33.97][172.16.8.125][1232] SELECT c_asigna FROM dace004 WHERE exp_e='07-19158362' AND c_asigna='300226' AND status IN ('0','3','B') [1][0] OK
C:[01/11/2012 11:42:33.97][172.16.8.125][1232] SELECT c_asigna FROM dace004 WHERE exp_e='07-19158362' AND c_asigna='300209' AND status IN ('0','3','B') [1][0] OK
C:[01/11/2012 11:42:33.97][172.16.8.125][1219] SELECT pre_cod_asig1,pre_cod_asig2,pre_cod_asig3,pre_cod_asig4,pre_cod_asig5,pre_cod_asig6,pre_cod_asig7 FROM tblaca009 WHERE pensum='5' AND c_uni_ca='2' AND c_asigna='311561' [1][0] OK
C:[01/11/2012 11:42:33.97][172.16.8.125][1232] SELECT c_asigna FROM dace004 WHERE exp_e='07-19158362' AND c_asigna='300318' AND status IN ('0','3','B') [1][0] OK
C:[01/11/2012 11:42:33.97][172.16.8.125][1219] SELECT pre_cod_asig1,pre_cod_asig2,pre_cod_asig3,pre_cod_asig4,pre_cod_asig5,pre_cod_asig6,pre_cod_asig7 FROM tblaca009 WHERE pensum='5' AND c_uni_ca='2' AND c_asigna='322433' [1][0] OK
C:[01/11/2012 11:42:33.97][172.16.8.125][1232] SELECT c_asigna FROM dace004 WHERE exp_e='07-19158362' AND c_asigna='320323' AND status IN ('0','3','B') [1][0] OK
C:[01/11/2012 11:42:33.97][172.16.8.125][1232] SELECT c_asigna FROM dace004 WHERE exp_e='07-19158362' AND c_asigna='300209' AND status IN ('0','3','B') [1][0] OK
C:[01/11/2012 11:42:33.97][172.16.8.125][1219] SELECT pre_cod_asig1,pre_cod_asig2,pre_cod_asig3,pre_cod_asig4,pre_cod_asig5,pre_cod_asig6,pre_cod_asig7 FROM tblaca009 WHERE pensum='5' AND c_uni_ca='2' AND c_asigna='322558' [1][0] OK
C:[01/11/2012 11:42:33.97][172.16.8.125][1232] SELECT c_asigna FROM dace004 WHERE exp_e='07-19158362' AND c_asigna='300428' AND status IN ('0','3','B') [1][0] OK
C:[01/11/2012 11:42:33.97][172.16.8.125][1232] SELECT c_asigna FROM dace004 WHERE exp_e='07-19158362' AND c_asigna='320323' AND status IN ('0','3','B') [1][0] OK
C:[01/11/2012 11:42:34.85][172.16.8.125][1263] SELECT par_cod_asig1,par_cod_asig2,par_cod_asig3 FROM tblaca009 WHERE pensum='5' AND c_uni_ca='2' AND c_asigna='320311' [1][0] OK
C:[01/11/2012 11:42:34.85][172.16.8.125][1263] SELECT par_cod_asig1,par_cod_asig2,par_cod_asig3 FROM tblaca009 WHERE pensum='5' AND c_uni_ca='2' AND c_asigna='300313' [1][0] OK
C:[01/11/2012 11:42:34.85][172.16.8.125][1263] SELECT par_cod_asig1,par_cod_asig2,par_cod_asig3 FROM tblaca009 WHERE pensum='5' AND c_uni_ca='2' AND c_asigna='311561' [1][0] OK
C:[01/11/2012 11:42:34.85][172.16.8.125][1263] SELECT par_cod_asig1,par_cod_asig2,par_cod_asig3 FROM tblaca009 WHERE pensum='5' AND c_uni_ca='2' AND c_asigna='322433' [1][0] OK
C:[01/11/2012 11:42:34.85][172.16.8.125][1263] SELECT par_cod_asig1,par_cod_asig2,par_cod_asig3 FROM tblaca009 WHERE pensum='5' AND c_uni_ca='2' AND c_asigna='322558' [1][0] OK
C:[01/11/2012 11:44:25.71][172.16.8.125][1219] SELECT pre_cod_asig1,pre_cod_asig2,pre_cod_asig3,pre_cod_asig4,pre_cod_asig5,pre_cod_asig6,pre_cod_asig7 FROM tblaca009 WHERE pensum='5' AND c_uni_ca='3' AND c_asigna='311320' [1][0] OK
C:[01/11/2012 11:44:25.71][172.16.8.125][1232] SELECT c_asigna FROM dace004 WHERE exp_e='12-17750002' AND c_asigna='300013' AND status IN ('0','3','B') [1][0] OK
C:[01/11/2012 11:44:25.71][172.16.8.125][1232] SELECT c_asigna FROM dace004 WHERE exp_e='12-17750002' AND c_asigna='300113' AND status IN ('0','3','B') [1][0] OK
C:[01/11/2012 11:44:25.71][172.16.8.125][1219] SELECT pre_cod_asig1,pre_cod_asig2,pre_cod_asig3,pre_cod_asig4,pre_cod_asig5,pre_cod_asig6,pre_cod_asig7 FROM tblaca009 WHERE pensum='5' AND c_uni_ca='3' AND c_asigna='311552' [1][0] OK
C:[01/11/2012 11:44:25.71][172.16.8.125][1232] SELECT c_asigna FROM dace004 WHERE exp_e='12-17750002' AND c_asigna='300317' AND status IN ('0','3','B') [1][0] OK
C:[01/11/2012 11:44:25.71][172.16.8.125][1232] SELECT c_asigna FROM dace004 WHERE exp_e='12-17750002' AND c_asigna='300209' AND status IN ('0','3','B') [1][0] OK
C:[01/11/2012 11:44:25.45][172.16.8.125][1263] SELECT par_cod_asig1,par_cod_asig2,par_cod_asig3 FROM tblaca009 WHERE pensum='5' AND c_uni_ca='3' AND c_asigna='311320' [1][0] OK
C:[01/11/2012 11:44:25.45][172.16.8.125][1263] SELECT par_cod_asig1,par_cod_asig2,par_cod_asig3 FROM tblaca009 WHERE pensum='5' AND c_uni_ca='3' AND c_asigna='311552' [1][0] OK
C:[01/11/2012 12:11:28.33][172.16.8.125][1219] SELECT pre_cod_asig1,pre_cod_asig2,pre_cod_asig3,pre_cod_asig4,pre_cod_asig5,pre_cod_asig6,pre_cod_asig7 FROM tblaca009 WHERE pensum='5' AND c_uni_ca='3' AND c_asigna='300013' [1][0] OK
C:[01/11/2012 12:11:28.44][172.16.8.125][1263] SELECT par_cod_asig1,par_cod_asig2,par_cod_asig3 FROM tblaca009 WHERE pensum='5' AND c_uni_ca='3' AND c_asigna='300013' [1][0] OK
C:[01/11/2012 12:11:29.56][172.16.8.125][1334] SELECT c_asigna FROM tblaca009 WHERE pensum='5' AND c_uni_ca='3' AND ((par_cod_asig1='300101') OR (par_cod_asig2='300101') OR (par_cod_asig3='300101'))  [0][0] OK
C:[01/11/2012 13:48:50.88][172.16.8.125][1219] SELECT pre_cod_asig1,pre_cod_asig2,pre_cod_asig3,pre_cod_asig4,pre_cod_asig5,pre_cod_asig6,pre_cod_asig7 FROM tblaca009 WHERE pensum='5' AND c_uni_ca='6' AND c_asigna='300207' [1][0] OK
C:[01/11/2012 13:48:50.88][172.16.8.125][1232] SELECT c_asigna FROM dace004 WHERE exp_e='11-23500676' AND c_asigna='300101' AND status IN ('0','3','B') [1][0] OK
C:[01/11/2012 13:48:50.88][172.16.8.125][1219] SELECT pre_cod_asig1,pre_cod_asig2,pre_cod_asig3,pre_cod_asig4,pre_cod_asig5,pre_cod_asig6,pre_cod_asig7 FROM tblaca009 WHERE pensum='5' AND c_uni_ca='6' AND c_asigna='300213' [1][0] OK
C:[01/11/2012 13:48:50.88][172.16.8.125][1232] SELECT c_asigna FROM dace004 WHERE exp_e='11-23500676' AND c_asigna='300101' AND status IN ('0','3','B') [1][0] OK
C:[01/11/2012 13:48:50.88][172.16.8.125][1219] SELECT pre_cod_asig1,pre_cod_asig2,pre_cod_asig3,pre_cod_asig4,pre_cod_asig5,pre_cod_asig6,pre_cod_asig7 FROM tblaca009 WHERE pensum='5' AND c_uni_ca='6' AND c_asigna='300218' [1][0] OK
C:[01/11/2012 13:48:50.88][172.16.8.125][1219] SELECT pre_cod_asig1,pre_cod_asig2,pre_cod_asig3,pre_cod_asig4,pre_cod_asig5,pre_cod_asig6,pre_cod_asig7 FROM tblaca009 WHERE pensum='5' AND c_uni_ca='6' AND c_asigna='300226' [1][0] OK
C:[01/11/2012 13:48:50.88][172.16.8.125][1232] SELECT c_asigna FROM dace004 WHERE exp_e='11-23500676' AND c_asigna='300116' AND status IN ('0','3','B') [1][0] OK
C:[01/11/2012 13:48:50.88][172.16.8.125][1219] SELECT pre_cod_asig1,pre_cod_asig2,pre_cod_asig3,pre_cod_asig4,pre_cod_asig5,pre_cod_asig6,pre_cod_asig7 FROM tblaca009 WHERE pensum='5' AND c_uni_ca='6' AND c_asigna='300228' [1][0] OK
C:[01/11/2012 13:48:50.88][172.16.8.125][1232] SELECT c_asigna FROM dace004 WHERE exp_e='11-23500676' AND c_asigna='300101' AND status IN ('0','3','B') [1][0] OK
C:[01/11/2012 13:48:50.01][172.16.8.125][1263] SELECT par_cod_asig1,par_cod_asig2,par_cod_asig3 FROM tblaca009 WHERE pensum='5' AND c_uni_ca='6' AND c_asigna='300207' [1][0] OK
C:[01/11/2012 13:48:50.01][172.16.8.125][1263] SELECT par_cod_asig1,par_cod_asig2,par_cod_asig3 FROM tblaca009 WHERE pensum='5' AND c_uni_ca='6' AND c_asigna='300213' [1][0] OK
C:[01/11/2012 13:48:50.01][172.16.8.125][1277] SELECT c_asigna FROM dace004 WHERE exp_e='11-23500676' AND c_asigna='300209' AND status IN ('0','3','B','C') [1][0] OK
C:[01/11/2012 13:48:50.01][172.16.8.125][1263] SELECT par_cod_asig1,par_cod_asig2,par_cod_asig3 FROM tblaca009 WHERE pensum='5' AND c_uni_ca='6' AND c_asigna='300218' [1][0] OK
C:[01/11/2012 13:48:50.01][172.16.8.125][1277] SELECT c_asigna FROM dace004 WHERE exp_e='11-23500676' AND c_asigna='300228' AND status IN ('0','3','B','C') [0][0] OK
C:[01/11/2012 13:48:50.01][172.16.8.125][1263] SELECT par_cod_asig1,par_cod_asig2,par_cod_asig3 FROM tblaca009 WHERE pensum='5' AND c_uni_ca='6' AND c_asigna='300226' [1][0] OK
C:[01/11/2012 13:48:50.01][172.16.8.125][1263] SELECT par_cod_asig1,par_cod_asig2,par_cod_asig3 FROM tblaca009 WHERE pensum='5' AND c_uni_ca='6' AND c_asigna='300228' [1][0] OK
C:[01/11/2012 14:31:52.99][172.16.8.247][1219] SELECT pre_cod_asig1,pre_cod_asig2,pre_cod_asig3,pre_cod_asig4,pre_cod_asig5,pre_cod_asig6,pre_cod_asig7 FROM tblaca009 WHERE pensum='5' AND c_uni_ca='2' AND c_asigna='300213' [1][0] OK
C:[01/11/2012 14:31:52.99][172.16.8.247][1232] SELECT c_asigna FROM dace004 WHERE exp_e='10-24039070' AND c_asigna='300101' AND status IN ('0','3','B') [1][0] OK
C:[01/11/2012 14:31:52.99][172.16.8.247][1219] SELECT pre_cod_asig1,pre_cod_asig2,pre_cod_asig3,pre_cod_asig4,pre_cod_asig5,pre_cod_asig6,pre_cod_asig7 FROM tblaca009 WHERE pensum='5' AND c_uni_ca='2' AND c_asigna='300317' [1][0] OK
C:[01/11/2012 14:31:52.99][172.16.8.247][1232] SELECT c_asigna FROM dace004 WHERE exp_e='10-24039070' AND c_asigna='300207' AND status IN ('0','3','B') [1][0] OK
C:[01/11/2012 14:31:52.99][172.16.8.247][1232] SELECT c_asigna FROM dace004 WHERE exp_e='10-24039070' AND c_asigna='300209' AND status IN ('0','3','B') [1][0] OK
C:[01/11/2012 14:31:52.99][172.16.8.247][1219] SELECT pre_cod_asig1,pre_cod_asig2,pre_cod_asig3,pre_cod_asig4,pre_cod_asig5,pre_cod_asig6,pre_cod_asig7 FROM tblaca009 WHERE pensum='5' AND c_uni_ca='2' AND c_asigna='311561' [1][0] OK
C:[01/11/2012 14:31:52.99][172.16.8.247][1232] SELECT c_asigna FROM dace004 WHERE exp_e='10-24039070' AND c_asigna='300318' AND status IN ('0','3','B') [1][0] OK
C:[01/11/2012 14:31:52.99][172.16.8.247][1219] SELECT pre_cod_asig1,pre_cod_asig2,pre_cod_asig3,pre_cod_asig4,pre_cod_asig5,pre_cod_asig6,pre_cod_asig7 FROM tblaca009 WHERE pensum='5' AND c_uni_ca='2' AND c_asigna='322449' [1][0] OK
C:[01/11/2012 14:31:52.99][172.16.8.247][1232] SELECT c_asigna FROM dace004 WHERE exp_e='10-24039070' AND c_asigna='300222' AND status IN ('0','3','B') [1][0] OK
C:[01/11/2012 14:31:52.12][172.16.8.247][1263] SELECT par_cod_asig1,par_cod_asig2,par_cod_asig3 FROM tblaca009 WHERE pensum='5' AND c_uni_ca='2' AND c_asigna='300213' [1][0] OK
C:[01/11/2012 14:31:52.12][172.16.8.247][1277] SELECT c_asigna FROM dace004 WHERE exp_e='10-24039070' AND c_asigna='300209' AND status IN ('0','3','B','C') [1][0] OK
C:[01/11/2012 14:31:52.12][172.16.8.247][1263] SELECT par_cod_asig1,par_cod_asig2,par_cod_asig3 FROM tblaca009 WHERE pensum='5' AND c_uni_ca='2' AND c_asigna='300317' [1][0] OK
C:[01/11/2012 14:31:52.12][172.16.8.247][1263] SELECT par_cod_asig1,par_cod_asig2,par_cod_asig3 FROM tblaca009 WHERE pensum='5' AND c_uni_ca='2' AND c_asigna='311561' [1][0] OK
C:[01/11/2012 14:31:52.12][172.16.8.247][1263] SELECT par_cod_asig1,par_cod_asig2,par_cod_asig3 FROM tblaca009 WHERE pensum='5' AND c_uni_ca='2' AND c_asigna='322449' [1][0] OK
C:[01/11/2012 14:31:52.74][172.16.8.247][1334] SELECT c_asigna FROM tblaca009 WHERE pensum='5' AND c_uni_ca='2' AND ((par_cod_asig1='322433') OR (par_cod_asig2='322433') OR (par_cod_asig3='322433'))  [0][0] OK
C:[01/11/2012 14:44:18.54][172.16.8.250][1219] SELECT pre_cod_asig1,pre_cod_asig2,pre_cod_asig3,pre_cod_asig4,pre_cod_asig5,pre_cod_asig6,pre_cod_asig7 FROM tblaca009 WHERE pensum='5' AND c_uni_ca='2' AND c_asigna='300228' [1][0] OK
C:[01/11/2012 14:44:18.54][172.16.8.250][1232] SELECT c_asigna FROM dace004 WHERE exp_e='12-25445278' AND c_asigna='300101' AND status IN ('0','3','B') [1][0] OK
C:[01/11/2012 14:44:18.54][172.16.8.250][1219] SELECT pre_cod_asig1,pre_cod_asig2,pre_cod_asig3,pre_cod_asig4,pre_cod_asig5,pre_cod_asig6,pre_cod_asig7 FROM tblaca009 WHERE pensum='5' AND c_uni_ca='2' AND c_asigna='300013' [1][0] OK
C:[01/11/2012 14:44:18.54][172.16.8.250][1219] SELECT pre_cod_asig1,pre_cod_asig2,pre_cod_asig3,pre_cod_asig4,pre_cod_asig5,pre_cod_asig6,pre_cod_asig7 FROM tblaca009 WHERE pensum='5' AND c_uni_ca='2' AND c_asigna='300207' [1][0] OK
C:[01/11/2012 14:44:18.54][172.16.8.250][1232] SELECT c_asigna FROM dace004 WHERE exp_e='12-25445278' AND c_asigna='300101' AND status IN ('0','3','B') [1][0] OK
C:[01/11/2012 14:44:18.54][172.16.8.250][1219] SELECT pre_cod_asig1,pre_cod_asig2,pre_cod_asig3,pre_cod_asig4,pre_cod_asig5,pre_cod_asig6,pre_cod_asig7 FROM tblaca009 WHERE pensum='5' AND c_uni_ca='2' AND c_asigna='300209' [1][0] OK
C:[01/11/2012 14:44:18.54][172.16.8.250][1232] SELECT c_asigna FROM dace004 WHERE exp_e='12-25445278' AND c_asigna='300101' AND status IN ('0','3','B') [1][0] OK
C:[01/11/2012 14:44:18.42][172.16.8.250][1263] SELECT par_cod_asig1,par_cod_asig2,par_cod_asig3 FROM tblaca009 WHERE pensum='5' AND c_uni_ca='2' AND c_asigna='300228' [1][0] OK
C:[01/11/2012 14:44:18.42][172.16.8.250][1263] SELECT par_cod_asig1,par_cod_asig2,par_cod_asig3 FROM tblaca009 WHERE pensum='5' AND c_uni_ca='2' AND c_asigna='300013' [1][0] OK
C:[01/11/2012 14:44:18.42][172.16.8.250][1263] SELECT par_cod_asig1,par_cod_asig2,par_cod_asig3 FROM tblaca009 WHERE pensum='5' AND c_uni_ca='2' AND c_asigna='300207' [1][0] OK
C:[01/11/2012 14:44:18.42][172.16.8.250][1263] SELECT par_cod_asig1,par_cod_asig2,par_cod_asig3 FROM tblaca009 WHERE pensum='5' AND c_uni_ca='2' AND c_asigna='300209' [1][0] OK
C:[01/11/2012 15:02:56.31][172.16.8.247][1219] SELECT pre_cod_asig1,pre_cod_asig2,pre_cod_asig3,pre_cod_asig4,pre_cod_asig5,pre_cod_asig6,pre_cod_asig7 FROM tblaca009 WHERE pensum='5' AND c_uni_ca='3' AND c_asigna='300676' [1][0] OK
C:[01/11/2012 15:02:56.31][172.16.8.247][1219] SELECT pre_cod_asig1,pre_cod_asig2,pre_cod_asig3,pre_cod_asig4,pre_cod_asig5,pre_cod_asig6,pre_cod_asig7 FROM tblaca009 WHERE pensum='5' AND c_uni_ca='3' AND c_asigna='310548' [1][0] OK
C:[01/11/2012 15:02:56.31][172.16.8.247][1232] SELECT c_asigna FROM dace004 WHERE exp_e='10-20223860' AND c_asigna='300428' AND status IN ('0','3','B') [1][0] OK
C:[01/11/2012 15:02:56.31][172.16.8.247][1232] SELECT c_asigna FROM dace004 WHERE exp_e='10-20223860' AND c_asigna='300313' AND status IN ('0','3','B') [1][0] OK
C:[01/11/2012 15:02:56.31][172.16.8.247][1232] SELECT c_asigna FROM dace004 WHERE exp_e='10-20223860' AND c_asigna='300222' AND status IN ('0','3','B') [1][0] OK
C:[01/11/2012 15:02:56.31][172.16.8.247][1232] SELECT c_asigna FROM dace004 WHERE exp_e='10-20223860' AND c_asigna='300226' AND status IN ('0','3','B') [1][0] OK
C:[01/11/2012 15:02:56.31][172.16.8.247][1232] SELECT c_asigna FROM dace004 WHERE exp_e='10-20223860' AND c_asigna='300209' AND status IN ('0','3','B') [1][0] OK
C:[01/11/2012 15:02:56.31][172.16.8.247][1219] SELECT pre_cod_asig1,pre_cod_asig2,pre_cod_asig3,pre_cod_asig4,pre_cod_asig5,pre_cod_asig6,pre_cod_asig7 FROM tblaca009 WHERE pensum='5' AND c_uni_ca='3' AND c_asigna='311655' [1][0] OK
C:[01/11/2012 15:02:56.31][172.16.8.247][1232] SELECT c_asigna FROM dace004 WHERE exp_e='10-20223860' AND c_asigna='311556' AND status IN ('0','3','B') [1][0] OK
C:[01/11/2012 15:02:56.31][172.16.8.247][1219] SELECT pre_cod_asig1,pre_cod_asig2,pre_cod_asig3,pre_cod_asig4,pre_cod_asig5,pre_cod_asig6,pre_cod_asig7 FROM tblaca009 WHERE pensum='5' AND c_uni_ca='3' AND c_asigna='311704' [1][0] OK
C:[01/11/2012 15:02:56.31][172.16.8.247][1232] SELECT c_asigna FROM dace004 WHERE exp_e='10-20223860' AND c_asigna='315671' AND status IN ('0','3','B') [1][0] OK
C:[01/11/2012 15:02:56.31][172.16.8.247][1219] SELECT pre_cod_asig1,pre_cod_asig2,pre_cod_asig3,pre_cod_asig4,pre_cod_asig5,pre_cod_asig6,pre_cod_asig7 FROM tblaca009 WHERE pensum='5' AND c_uni_ca='3' AND c_asigna='311796' [1][0] OK
C:[01/11/2012 15:02:56.31][172.16.8.247][1232] SELECT c_asigna FROM dace004 WHERE exp_e='10-20223860' AND c_asigna='315671' AND status IN ('0','3','B') [1][0] OK
C:[01/11/2012 15:02:56.31][172.16.8.247][1219] SELECT pre_cod_asig1,pre_cod_asig2,pre_cod_asig3,pre_cod_asig4,pre_cod_asig5,pre_cod_asig6,pre_cod_asig7 FROM tblaca009 WHERE pensum='5' AND c_uni_ca='3' AND c_asigna='311799' [1][0] OK
C:[01/11/2012 15:02:56.31][172.16.8.247][1232] SELECT c_asigna FROM dace004 WHERE exp_e='10-20223860' AND c_asigna='311673' AND status IN ('0','3','B') [1][0] OK
C:[01/11/2012 15:02:56.19][172.16.8.247][1263] SELECT par_cod_asig1,par_cod_asig2,par_cod_asig3 FROM tblaca009 WHERE pensum='5' AND c_uni_ca='3' AND c_asigna='300676' [1][0] OK
C:[01/11/2012 15:02:56.19][172.16.8.247][1263] SELECT par_cod_asig1,par_cod_asig2,par_cod_asig3 FROM tblaca009 WHERE pensum='5' AND c_uni_ca='3' AND c_asigna='310548' [1][0] OK
C:[01/11/2012 15:02:56.19][172.16.8.247][1263] SELECT par_cod_asig1,par_cod_asig2,par_cod_asig3 FROM tblaca009 WHERE pensum='5' AND c_uni_ca='3' AND c_asigna='311655' [1][0] OK
C:[01/11/2012 15:02:56.19][172.16.8.247][1263] SELECT par_cod_asig1,par_cod_asig2,par_cod_asig3 FROM tblaca009 WHERE pensum='5' AND c_uni_ca='3' AND c_asigna='311704' [1][0] OK
C:[01/11/2012 15:02:56.19][172.16.8.247][1263] SELECT par_cod_asig1,par_cod_asig2,par_cod_asig3 FROM tblaca009 WHERE pensum='5' AND c_uni_ca='3' AND c_asigna='311796' [1][0] OK
C:[01/11/2012 15:02:56.19][172.16.8.247][1263] SELECT par_cod_asig1,par_cod_asig2,par_cod_asig3 FROM tblaca009 WHERE pensum='5' AND c_uni_ca='3' AND c_asigna='311799' [1][0] OK
C:[01/11/2012 15:02:56.93][172.16.8.247][1334] SELECT c_asigna FROM tblaca009 WHERE pensum='5' AND c_uni_ca='3' AND ((par_cod_asig1='300422') OR (par_cod_asig2='300422') OR (par_cod_asig3='300422'))  [0][0] OK
C:[01/11/2012 15:13:32.92][172.16.8.247][1219] SELECT pre_cod_asig1,pre_cod_asig2,pre_cod_asig3,pre_cod_asig4,pre_cod_asig5,pre_cod_asig6,pre_cod_asig7 FROM tblaca009 WHERE pensum='5' AND c_uni_ca='4' AND c_asigna='300314' [1][0] OK
C:[01/11/2012 15:13:32.92][172.16.8.247][1232] SELECT c_asigna FROM dace004 WHERE exp_e='11-25083352' AND c_asigna='300106' AND status IN ('0','3','B') [1][0] OK
C:[01/11/2012 15:13:32.92][172.16.8.247][1219] SELECT pre_cod_asig1,pre_cod_asig2,pre_cod_asig3,pre_cod_asig4,pre_cod_asig5,pre_cod_asig6,pre_cod_asig7 FROM tblaca009 WHERE pensum='5' AND c_uni_ca='4' AND c_asigna='300207' [1][0] OK
C:[01/11/2012 15:13:32.92][172.16.8.247][1232] SELECT c_asigna FROM dace004 WHERE exp_e='11-25083352' AND c_asigna='300101' AND status IN ('0','3','B') [1][0] OK
C:[01/11/2012 15:13:32.92][172.16.8.247][1219] SELECT pre_cod_asig1,pre_cod_asig2,pre_cod_asig3,pre_cod_asig4,pre_cod_asig5,pre_cod_asig6,pre_cod_asig7 FROM tblaca009 WHERE pensum='5' AND c_uni_ca='4' AND c_asigna='300313' [1][0] OK
C:[01/11/2012 15:13:32.92][172.16.8.247][1232] SELECT c_asigna FROM dace004 WHERE exp_e='11-25083352' AND c_asigna='300213' AND status IN ('0','3','B') [1][0] OK
C:[01/11/2012 15:13:32.92][172.16.8.247][1232] SELECT c_asigna FROM dace004 WHERE exp_e='11-25083352' AND c_asigna='300226' AND status IN ('0','3','B') [1][0] OK
C:[01/11/2012 15:13:32.92][172.16.8.247][1232] SELECT c_asigna FROM dace004 WHERE exp_e='11-25083352' AND c_asigna='300222' AND status IN ('0','3','B') [1][0] OK
C:[01/11/2012 15:13:32.92][172.16.8.247][1232] SELECT c_asigna FROM dace004 WHERE exp_e='11-25083352' AND c_asigna='300209' AND status IN ('0','3','B') [1][0] OK
C:[01/11/2012 15:13:32.92][172.16.8.247][1219] SELECT pre_cod_asig1,pre_cod_asig2,pre_cod_asig3,pre_cod_asig4,pre_cod_asig5,pre_cod_asig6,pre_cod_asig7 FROM tblaca009 WHERE pensum='5' AND c_uni_ca='4' AND c_asigna='330310' [1][0] OK
C:[01/11/2012 15:13:32.92][172.16.8.247][1232] SELECT c_asigna FROM dace004 WHERE exp_e='11-25083352' AND c_asigna='300013' AND status IN ('0','3','B') [1][0] OK
C:[01/11/2012 15:13:32.92][172.16.8.247][1232] SELECT c_asigna FROM dace004 WHERE exp_e='11-25083352' AND c_asigna='300113' AND status IN ('0','3','B') [1][0] OK
C:[01/11/2012 15:13:32.92][172.16.8.247][1219] SELECT pre_cod_asig1,pre_cod_asig2,pre_cod_asig3,pre_cod_asig4,pre_cod_asig5,pre_cod_asig6,pre_cod_asig7 FROM tblaca009 WHERE pensum='5' AND c_uni_ca='4' AND c_asigna='333326' [1][0] OK
C:[01/11/2012 15:13:33.55][172.16.8.247][1263] SELECT par_cod_asig1,par_cod_asig2,par_cod_asig3 FROM tblaca009 WHERE pensum='5' AND c_uni_ca='4' AND c_asigna='300314' [1][0] OK
C:[01/11/2012 15:13:33.55][172.16.8.247][1263] SELECT par_cod_asig1,par_cod_asig2,par_cod_asig3 FROM tblaca009 WHERE pensum='5' AND c_uni_ca='4' AND c_asigna='300207' [1][0] OK
C:[01/11/2012 15:13:33.55][172.16.8.247][1263] SELECT par_cod_asig1,par_cod_asig2,par_cod_asig3 FROM tblaca009 WHERE pensum='5' AND c_uni_ca='4' AND c_asigna='300313' [1][0] OK
C:[01/11/2012 15:13:33.55][172.16.8.247][1263] SELECT par_cod_asig1,par_cod_asig2,par_cod_asig3 FROM tblaca009 WHERE pensum='5' AND c_uni_ca='4' AND c_asigna='330310' [1][0] OK
C:[01/11/2012 15:13:33.55][172.16.8.247][1263] SELECT par_cod_asig1,par_cod_asig2,par_cod_asig3 FROM tblaca009 WHERE pensum='5' AND c_uni_ca='4' AND c_asigna='333326' [1][0] OK
C:[01/11/2012 15:14:29.63][172.16.8.247][1219] SELECT pre_cod_asig1,pre_cod_asig2,pre_cod_asig3,pre_cod_asig4,pre_cod_asig5,pre_cod_asig6,pre_cod_asig7 FROM tblaca009 WHERE pensum='5' AND c_uni_ca='4' AND c_asigna='300314' [1][0] OK
C:[01/11/2012 15:14:29.63][172.16.8.247][1232] SELECT c_asigna FROM dace004 WHERE exp_e='11-25511892' AND c_asigna='300106' AND status IN ('0','3','B') [1][0] OK
C:[01/11/2012 15:14:29.63][172.16.8.247][1219] SELECT pre_cod_asig1,pre_cod_asig2,pre_cod_asig3,pre_cod_asig4,pre_cod_asig5,pre_cod_asig6,pre_cod_asig7 FROM tblaca009 WHERE pensum='5' AND c_uni_ca='4' AND c_asigna='300213' [1][0] OK
C:[01/11/2012 15:14:29.63][172.16.8.247][1232] SELECT c_asigna FROM dace004 WHERE exp_e='11-25511892' AND c_asigna='300101' AND status IN ('0','3','B') [1][0] OK
C:[01/11/2012 15:14:29.63][172.16.8.247][1219] SELECT pre_cod_asig1,pre_cod_asig2,pre_cod_asig3,pre_cod_asig4,pre_cod_asig5,pre_cod_asig6,pre_cod_asig7 FROM tblaca009 WHERE pensum='5' AND c_uni_ca='4' AND c_asigna='300317' [1][0] OK
C:[01/11/2012 15:14:29.63][172.16.8.247][1232] SELECT c_asigna FROM dace004 WHERE exp_e='11-25511892' AND c_asigna='300207' AND status IN ('0','3','B') [1][0] OK
C:[01/11/2012 15:14:29.63][172.16.8.247][1232] SELECT c_asigna FROM dace004 WHERE exp_e='11-25511892' AND c_asigna='300209' AND status IN ('0','3','B') [1][0] OK
C:[01/11/2012 15:14:29.63][172.16.8.247][1219] SELECT pre_cod_asig1,pre_cod_asig2,pre_cod_asig3,pre_cod_asig4,pre_cod_asig5,pre_cod_asig6,pre_cod_asig7 FROM tblaca009 WHERE pensum='5' AND c_uni_ca='4' AND c_asigna='300318' [1][0] OK
C:[01/11/2012 15:14:29.63][172.16.8.247][1232] SELECT c_asigna FROM dace004 WHERE exp_e='11-25511892' AND c_asigna='300228' AND status IN ('0','3','B') [1][0] OK
C:[01/11/2012 15:14:29.63][172.16.8.247][1232] SELECT c_asigna FROM dace004 WHERE exp_e='11-25511892' AND c_asigna='300207' AND status IN ('0','3','B') [1][0] OK
C:[01/11/2012 15:14:29.63][172.16.8.247][1232] SELECT c_asigna FROM dace004 WHERE exp_e='11-25511892' AND c_asigna='300218' AND status IN ('0','3','B') [1][0] OK
C:[01/11/2012 15:14:29.63][172.16.8.247][1219] SELECT pre_cod_asig1,pre_cod_asig2,pre_cod_asig3,pre_cod_asig4,pre_cod_asig5,pre_cod_asig6,pre_cod_asig7 FROM tblaca009 WHERE pensum='5' AND c_uni_ca='4' AND c_asigna='330310' [1][0] OK
C:[01/11/2012 15:14:29.63][172.16.8.247][1232] SELECT c_asigna FROM dace004 WHERE exp_e='11-25511892' AND c_asigna='300013' AND status IN ('0','3','B') [1][0] OK
C:[01/11/2012 15:14:29.63][172.16.8.247][1232] SELECT c_asigna FROM dace004 WHERE exp_e='11-25511892' AND c_asigna='300113' AND status IN ('0','3','B') [1][0] OK
C:[01/11/2012 15:14:29.38][172.16.8.247][1263] SELECT par_cod_asig1,par_cod_asig2,par_cod_asig3 FROM tblaca009 WHERE pensum='5' AND c_uni_ca='4' AND c_asigna='300314' [1][0] OK
C:[01/11/2012 15:14:29.38][172.16.8.247][1263] SELECT par_cod_asig1,par_cod_asig2,par_cod_asig3 FROM tblaca009 WHERE pensum='5' AND c_uni_ca='4' AND c_asigna='300213' [1][0] OK
C:[01/11/2012 15:14:29.38][172.16.8.247][1277] SELECT c_asigna FROM dace004 WHERE exp_e='11-25511892' AND c_asigna='300209' AND status IN ('0','3','B','C') [1][0] OK
C:[01/11/2012 15:14:29.38][172.16.8.247][1263] SELECT par_cod_asig1,par_cod_asig2,par_cod_asig3 FROM tblaca009 WHERE pensum='5' AND c_uni_ca='4' AND c_asigna='300317' [1][0] OK
C:[01/11/2012 15:14:29.38][172.16.8.247][1263] SELECT par_cod_asig1,par_cod_asig2,par_cod_asig3 FROM tblaca009 WHERE pensum='5' AND c_uni_ca='4' AND c_asigna='300318' [1][0] OK
C:[01/11/2012 15:14:29.38][172.16.8.247][1263] SELECT par_cod_asig1,par_cod_asig2,par_cod_asig3 FROM tblaca009 WHERE pensum='5' AND c_uni_ca='4' AND c_asigna='330310' [1][0] OK
C:[01/11/2012 15:55:07.20][172.16.8.247][1219] SELECT pre_cod_asig1,pre_cod_asig2,pre_cod_asig3,pre_cod_asig4,pre_cod_asig5,pre_cod_asig6,pre_cod_asig7 FROM tblaca009 WHERE pensum='5' AND c_uni_ca='4' AND c_asigna='300207' [1][0] OK
C:[01/11/2012 15:55:07.20][172.16.8.247][1232] SELECT c_asigna FROM dace004 WHERE exp_e='11-25083352' AND c_asigna='300101' AND status IN ('0','3','B') [1][0] OK
C:[01/11/2012 15:55:07.20][172.16.8.247][1219] SELECT pre_cod_asig1,pre_cod_asig2,pre_cod_asig3,pre_cod_asig4,pre_cod_asig5,pre_cod_asig6,pre_cod_asig7 FROM tblaca009 WHERE pensum='5' AND c_uni_ca='4' AND c_asigna='300313' [1][0] OK
C:[01/11/2012 15:55:07.20][172.16.8.247][1232] SELECT c_asigna FROM dace004 WHERE exp_e='11-25083352' AND c_asigna='300213' AND status IN ('0','3','B') [1][0] OK
C:[01/11/2012 15:55:07.20][172.16.8.247][1232] SELECT c_asigna FROM dace004 WHERE exp_e='11-25083352' AND c_asigna='300226' AND status IN ('0','3','B') [1][0] OK
C:[01/11/2012 15:55:07.20][172.16.8.247][1232] SELECT c_asigna FROM dace004 WHERE exp_e='11-25083352' AND c_asigna='300222' AND status IN ('0','3','B') [1][0] OK
C:[01/11/2012 15:55:07.20][172.16.8.247][1232] SELECT c_asigna FROM dace004 WHERE exp_e='11-25083352' AND c_asigna='300209' AND status IN ('0','3','B') [1][0] OK
C:[01/11/2012 15:55:07.20][172.16.8.247][1219] SELECT pre_cod_asig1,pre_cod_asig2,pre_cod_asig3,pre_cod_asig4,pre_cod_asig5,pre_cod_asig6,pre_cod_asig7 FROM tblaca009 WHERE pensum='5' AND c_uni_ca='4' AND c_asigna='330310' [1][0] OK
C:[01/11/2012 15:55:07.20][172.16.8.247][1232] SELECT c_asigna FROM dace004 WHERE exp_e='11-25083352' AND c_asigna='300013' AND status IN ('0','3','B') [1][0] OK
C:[01/11/2012 15:55:07.20][172.16.8.247][1232] SELECT c_asigna FROM dace004 WHERE exp_e='11-25083352' AND c_asigna='300113' AND status IN ('0','3','B') [1][0] OK
C:[01/11/2012 15:55:07.20][172.16.8.247][1219] SELECT pre_cod_asig1,pre_cod_asig2,pre_cod_asig3,pre_cod_asig4,pre_cod_asig5,pre_cod_asig6,pre_cod_asig7 FROM tblaca009 WHERE pensum='5' AND c_uni_ca='4' AND c_asigna='333326' [1][0] OK
C:[01/11/2012 15:55:07.57][172.16.8.247][1263] SELECT par_cod_asig1,par_cod_asig2,par_cod_asig3 FROM tblaca009 WHERE pensum='5' AND c_uni_ca='4' AND c_asigna='300207' [1][0] OK
C:[01/11/2012 15:55:07.57][172.16.8.247][1263] SELECT par_cod_asig1,par_cod_asig2,par_cod_asig3 FROM tblaca009 WHERE pensum='5' AND c_uni_ca='4' AND c_asigna='300313' [1][0] OK
C:[01/11/2012 15:55:07.57][172.16.8.247][1263] SELECT par_cod_asig1,par_cod_asig2,par_cod_asig3 FROM tblaca009 WHERE pensum='5' AND c_uni_ca='4' AND c_asigna='330310' [1][0] OK
C:[01/11/2012 15:55:07.57][172.16.8.247][1263] SELECT par_cod_asig1,par_cod_asig2,par_cod_asig3 FROM tblaca009 WHERE pensum='5' AND c_uni_ca='4' AND c_asigna='333326' [1][0] OK
C:[01/11/2012 15:55:08.07][172.16.8.247][1334] SELECT c_asigna FROM tblaca009 WHERE pensum='5' AND c_uni_ca='4' AND ((par_cod_asig1='300314') OR (par_cod_asig2='300314') OR (par_cod_asig3='300314'))  [0][0] OK
C:[01/11/2012 15:55:25.24][172.16.9.64][1219] SELECT pre_cod_asig1,pre_cod_asig2,pre_cod_asig3,pre_cod_asig4,pre_cod_asig5,pre_cod_asig6,pre_cod_asig7 FROM tblaca009 WHERE pensum='5' AND c_uni_ca='2' AND c_asigna='300422' [1][0] OK
C:[01/11/2012 15:55:25.24][172.16.9.64][1232] SELECT c_asigna FROM dace004 WHERE exp_e='08-22620523' AND c_asigna='300105' AND status IN ('0','3','B') [1][0] OK
C:[01/11/2012 15:55:25.24][172.16.9.64][1232] SELECT c_asigna FROM dace004 WHERE exp_e='08-22620523' AND c_asigna='300314' AND status IN ('0','3','B') [1][0] OK
C:[01/11/2012 15:55:25.24][172.16.9.64][1219] SELECT pre_cod_asig1,pre_cod_asig2,pre_cod_asig3,pre_cod_asig4,pre_cod_asig5,pre_cod_asig6,pre_cod_asig7 FROM tblaca009 WHERE pensum='5' AND c_uni_ca='2' AND c_asigna='311561' [1][0] OK
C:[01/11/2012 15:55:25.24][172.16.9.64][1232] SELECT c_asigna FROM dace004 WHERE exp_e='08-22620523' AND c_asigna='300318' AND status IN ('0','3','B') [1][0] OK
C:[01/11/2012 15:55:25.24][172.16.9.64][1219] SELECT pre_cod_asig1,pre_cod_asig2,pre_cod_asig3,pre_cod_asig4,pre_cod_asig5,pre_cod_asig6,pre_cod_asig7 FROM tblaca009 WHERE pensum='5' AND c_uni_ca='2' AND c_asigna='322558' [1][0] OK
C:[01/11/2012 15:55:25.24][172.16.9.64][1232] SELECT c_asigna FROM dace004 WHERE exp_e='08-22620523' AND c_asigna='300428' AND status IN ('0','3','B') [1][0] OK
C:[01/11/2012 15:55:25.24][172.16.9.64][1232] SELECT c_asigna FROM dace004 WHERE exp_e='08-22620523' AND c_asigna='320323' AND status IN ('0','3','B') [1][0] OK
C:[01/11/2012 15:55:25.24][172.16.9.64][1219] SELECT pre_cod_asig1,pre_cod_asig2,pre_cod_asig3,pre_cod_asig4,pre_cod_asig5,pre_cod_asig6,pre_cod_asig7 FROM tblaca009 WHERE pensum='5' AND c_uni_ca='2' AND c_asigna='322560' [1][0] OK
C:[01/11/2012 15:55:25.24][172.16.9.64][1219] SELECT pre_cod_asig1,pre_cod_asig2,pre_cod_asig3,pre_cod_asig4,pre_cod_asig5,pre_cod_asig6,pre_cod_asig7 FROM tblaca009 WHERE pensum='5' AND c_uni_ca='2' AND c_asigna='323528' [1][0] OK
C:[01/11/2012 15:55:25.50][172.16.9.64][1263] SELECT par_cod_asig1,par_cod_asig2,par_cod_asig3 FROM tblaca009 WHERE pensum='5' AND c_uni_ca='2' AND c_asigna='300422' [1][0] OK
C:[01/11/2012 15:55:25.50][172.16.9.64][1263] SELECT par_cod_asig1,par_cod_asig2,par_cod_asig3 FROM tblaca009 WHERE pensum='5' AND c_uni_ca='2' AND c_asigna='311561' [1][0] OK
C:[01/11/2012 15:55:25.50][172.16.9.64][1263] SELECT par_cod_asig1,par_cod_asig2,par_cod_asig3 FROM tblaca009 WHERE pensum='5' AND c_uni_ca='2' AND c_asigna='322558' [1][0] OK
C:[01/11/2012 15:55:25.50][172.16.9.64][1263] SELECT par_cod_asig1,par_cod_asig2,par_cod_asig3 FROM tblaca009 WHERE pensum='5' AND c_uni_ca='2' AND c_asigna='322560' [1][0] OK
C:[01/11/2012 15:55:25.50][172.16.9.64][1277] SELECT c_asigna FROM dace004 WHERE exp_e='08-22620523' AND c_asigna='323528' AND status IN ('0','3','B','C') [0][0] OK
C:[01/11/2012 15:55:25.50][172.16.9.64][1263] SELECT par_cod_asig1,par_cod_asig2,par_cod_asig3 FROM tblaca009 WHERE pensum='5' AND c_uni_ca='2' AND c_asigna='323528' [1][0] OK
C:[01/11/2012 15:55:25.25][172.16.9.64][1334] SELECT c_asigna FROM tblaca009 WHERE pensum='5' AND c_uni_ca='2' AND ((par_cod_asig1='322433') OR (par_cod_asig2='322433') OR (par_cod_asig3='322433'))  [0][0] OK
C:[01/11/2012 15:56:16.67][172.16.8.247][1219] SELECT pre_cod_asig1,pre_cod_asig2,pre_cod_asig3,pre_cod_asig4,pre_cod_asig5,pre_cod_asig6,pre_cod_asig7 FROM tblaca009 WHERE pensum='5' AND c_uni_ca='4' AND c_asigna='300314' [1][0] OK
C:[01/11/2012 15:56:16.67][172.16.8.247][1232] SELECT c_asigna FROM dace004 WHERE exp_e='11-25083352' AND c_asigna='300106' AND status IN ('0','3','B') [1][0] OK
C:[01/11/2012 15:56:16.67][172.16.8.247][1219] SELECT pre_cod_asig1,pre_cod_asig2,pre_cod_asig3,pre_cod_asig4,pre_cod_asig5,pre_cod_asig6,pre_cod_asig7 FROM tblaca009 WHERE pensum='5' AND c_uni_ca='4' AND c_asigna='300207' [1][0] OK
C:[01/11/2012 15:56:16.67][172.16.8.247][1232] SELECT c_asigna FROM dace004 WHERE exp_e='11-25083352' AND c_asigna='300101' AND status IN ('0','3','B') [1][0] OK
C:[01/11/2012 15:56:16.67][172.16.8.247][1219] SELECT pre_cod_asig1,pre_cod_asig2,pre_cod_asig3,pre_cod_asig4,pre_cod_asig5,pre_cod_asig6,pre_cod_asig7 FROM tblaca009 WHERE pensum='5' AND c_uni_ca='4' AND c_asigna='300313' [1][0] OK
C:[01/11/2012 15:56:16.67][172.16.8.247][1232] SELECT c_asigna FROM dace004 WHERE exp_e='11-25083352' AND c_asigna='300213' AND status IN ('0','3','B') [1][0] OK
C:[01/11/2012 15:56:16.67][172.16.8.247][1232] SELECT c_asigna FROM dace004 WHERE exp_e='11-25083352' AND c_asigna='300226' AND status IN ('0','3','B') [1][0] OK
C:[01/11/2012 15:56:16.67][172.16.8.247][1232] SELECT c_asigna FROM dace004 WHERE exp_e='11-25083352' AND c_asigna='300222' AND status IN ('0','3','B') [1][0] OK
C:[01/11/2012 15:56:16.67][172.16.8.247][1232] SELECT c_asigna FROM dace004 WHERE exp_e='11-25083352' AND c_asigna='300209' AND status IN ('0','3','B') [1][0] OK
C:[01/11/2012 15:56:16.67][172.16.8.247][1219] SELECT pre_cod_asig1,pre_cod_asig2,pre_cod_asig3,pre_cod_asig4,pre_cod_asig5,pre_cod_asig6,pre_cod_asig7 FROM tblaca009 WHERE pensum='5' AND c_uni_ca='4' AND c_asigna='330310' [1][0] OK
C:[01/11/2012 15:56:16.67][172.16.8.247][1232] SELECT c_asigna FROM dace004 WHERE exp_e='11-25083352' AND c_asigna='300013' AND status IN ('0','3','B') [1][0] OK
C:[01/11/2012 15:56:16.67][172.16.8.247][1232] SELECT c_asigna FROM dace004 WHERE exp_e='11-25083352' AND c_asigna='300113' AND status IN ('0','3','B') [1][0] OK
C:[01/11/2012 15:56:16.67][172.16.8.247][1219] SELECT pre_cod_asig1,pre_cod_asig2,pre_cod_asig3,pre_cod_asig4,pre_cod_asig5,pre_cod_asig6,pre_cod_asig7 FROM tblaca009 WHERE pensum='5' AND c_uni_ca='4' AND c_asigna='333326' [1][0] OK
C:[01/11/2012 15:56:16.29][172.16.8.247][1263] SELECT par_cod_asig1,par_cod_asig2,par_cod_asig3 FROM tblaca009 WHERE pensum='5' AND c_uni_ca='4' AND c_asigna='300314' [1][0] OK
C:[01/11/2012 15:56:16.29][172.16.8.247][1263] SELECT par_cod_asig1,par_cod_asig2,par_cod_asig3 FROM tblaca009 WHERE pensum='5' AND c_uni_ca='4' AND c_asigna='300207' [1][0] OK
C:[01/11/2012 15:56:16.29][172.16.8.247][1263] SELECT par_cod_asig1,par_cod_asig2,par_cod_asig3 FROM tblaca009 WHERE pensum='5' AND c_uni_ca='4' AND c_asigna='300313' [1][0] OK
C:[01/11/2012 15:56:16.29][172.16.8.247][1263] SELECT par_cod_asig1,par_cod_asig2,par_cod_asig3 FROM tblaca009 WHERE pensum='5' AND c_uni_ca='4' AND c_asigna='330310' [1][0] OK
C:[01/11/2012 15:56:16.29][172.16.8.247][1263] SELECT par_cod_asig1,par_cod_asig2,par_cod_asig3 FROM tblaca009 WHERE pensum='5' AND c_uni_ca='4' AND c_asigna='333326' [1][0] OK
C:[01/11/2012 15:57:36.52][172.16.8.247][1219] SELECT pre_cod_asig1,pre_cod_asig2,pre_cod_asig3,pre_cod_asig4,pre_cod_asig5,pre_cod_asig6,pre_cod_asig7 FROM tblaca009 WHERE pensum='5' AND c_uni_ca='4' AND c_asigna='300213' [1][0] OK
C:[01/11/2012 15:57:36.52][172.16.8.247][1232] SELECT c_asigna FROM dace004 WHERE exp_e='11-25511892' AND c_asigna='300101' AND status IN ('0','3','B') [1][0] OK
C:[01/11/2012 15:57:36.52][172.16.8.247][1219] SELECT pre_cod_asig1,pre_cod_asig2,pre_cod_asig3,pre_cod_asig4,pre_cod_asig5,pre_cod_asig6,pre_cod_asig7 FROM tblaca009 WHERE pensum='5' AND c_uni_ca='4' AND c_asigna='300317' [1][0] OK
C:[01/11/2012 15:57:36.52][172.16.8.247][1232] SELECT c_asigna FROM dace004 WHERE exp_e='11-25511892' AND c_asigna='300207' AND status IN ('0','3','B') [1][0] OK
C:[01/11/2012 15:57:36.52][172.16.8.247][1232] SELECT c_asigna FROM dace004 WHERE exp_e='11-25511892' AND c_asigna='300209' AND status IN ('0','3','B') [1][0] OK
C:[01/11/2012 15:57:36.52][172.16.8.247][1219] SELECT pre_cod_asig1,pre_cod_asig2,pre_cod_asig3,pre_cod_asig4,pre_cod_asig5,pre_cod_asig6,pre_cod_asig7 FROM tblaca009 WHERE pensum='5' AND c_uni_ca='4' AND c_asigna='300318' [1][0] OK
C:[01/11/2012 15:57:36.52][172.16.8.247][1232] SELECT c_asigna FROM dace004 WHERE exp_e='11-25511892' AND c_asigna='300228' AND status IN ('0','3','B') [1][0] OK
C:[01/11/2012 15:57:36.52][172.16.8.247][1232] SELECT c_asigna FROM dace004 WHERE exp_e='11-25511892' AND c_asigna='300207' AND status IN ('0','3','B') [1][0] OK
C:[01/11/2012 15:57:36.52][172.16.8.247][1232] SELECT c_asigna FROM dace004 WHERE exp_e='11-25511892' AND c_asigna='300218' AND status IN ('0','3','B') [1][0] OK
C:[01/11/2012 15:57:36.52][172.16.8.247][1219] SELECT pre_cod_asig1,pre_cod_asig2,pre_cod_asig3,pre_cod_asig4,pre_cod_asig5,pre_cod_asig6,pre_cod_asig7 FROM tblaca009 WHERE pensum='5' AND c_uni_ca='4' AND c_asigna='330310' [1][0] OK
C:[01/11/2012 15:57:36.52][172.16.8.247][1232] SELECT c_asigna FROM dace004 WHERE exp_e='11-25511892' AND c_asigna='300013' AND status IN ('0','3','B') [1][0] OK
C:[01/11/2012 15:57:36.52][172.16.8.247][1232] SELECT c_asigna FROM dace004 WHERE exp_e='11-25511892' AND c_asigna='300113' AND status IN ('0','3','B') [1][0] OK
C:[01/11/2012 15:57:37.02][172.16.8.247][1263] SELECT par_cod_asig1,par_cod_asig2,par_cod_asig3 FROM tblaca009 WHERE pensum='5' AND c_uni_ca='4' AND c_asigna='300213' [1][0] OK
C:[01/11/2012 15:57:37.02][172.16.8.247][1277] SELECT c_asigna FROM dace004 WHERE exp_e='11-25511892' AND c_asigna='300209' AND status IN ('0','3','B','C') [1][0] OK
C:[01/11/2012 15:57:37.02][172.16.8.247][1263] SELECT par_cod_asig1,par_cod_asig2,par_cod_asig3 FROM tblaca009 WHERE pensum='5' AND c_uni_ca='4' AND c_asigna='300317' [1][0] OK
C:[01/11/2012 15:57:37.02][172.16.8.247][1263] SELECT par_cod_asig1,par_cod_asig2,par_cod_asig3 FROM tblaca009 WHERE pensum='5' AND c_uni_ca='4' AND c_asigna='300318' [1][0] OK
C:[01/11/2012 15:57:37.02][172.16.8.247][1263] SELECT par_cod_asig1,par_cod_asig2,par_cod_asig3 FROM tblaca009 WHERE pensum='5' AND c_uni_ca='4' AND c_asigna='330310' [1][0] OK
C:[01/11/2012 15:57:37.65][172.16.8.247][1334] SELECT c_asigna FROM tblaca009 WHERE pensum='5' AND c_uni_ca='4' AND ((par_cod_asig1='300314') OR (par_cod_asig2='300314') OR (par_cod_asig3='300314'))  [0][0] OK
C:[01/11/2012 15:58:20.54][172.16.8.247][1219] SELECT pre_cod_asig1,pre_cod_asig2,pre_cod_asig3,pre_cod_asig4,pre_cod_asig5,pre_cod_asig6,pre_cod_asig7 FROM tblaca009 WHERE pensum='5' AND c_uni_ca='4' AND c_asigna='300314' [1][0] OK
C:[01/11/2012 15:58:20.54][172.16.8.247][1232] SELECT c_asigna FROM dace004 WHERE exp_e='11-25511892' AND c_asigna='300106' AND status IN ('0','3','B') [1][0] OK
C:[01/11/2012 15:58:20.54][172.16.8.247][1219] SELECT pre_cod_asig1,pre_cod_asig2,pre_cod_asig3,pre_cod_asig4,pre_cod_asig5,pre_cod_asig6,pre_cod_asig7 FROM tblaca009 WHERE pensum='5' AND c_uni_ca='4' AND c_asigna='300213' [1][0] OK
C:[01/11/2012 15:58:20.54][172.16.8.247][1232] SELECT c_asigna FROM dace004 WHERE exp_e='11-25511892' AND c_asigna='300101' AND status IN ('0','3','B') [1][0] OK
C:[01/11/2012 15:58:20.54][172.16.8.247][1219] SELECT pre_cod_asig1,pre_cod_asig2,pre_cod_asig3,pre_cod_asig4,pre_cod_asig5,pre_cod_asig6,pre_cod_asig7 FROM tblaca009 WHERE pensum='5' AND c_uni_ca='4' AND c_asigna='300317' [1][0] OK
C:[01/11/2012 15:58:20.54][172.16.8.247][1232] SELECT c_asigna FROM dace004 WHERE exp_e='11-25511892' AND c_asigna='300207' AND status IN ('0','3','B') [1][0] OK
C:[01/11/2012 15:58:20.54][172.16.8.247][1232] SELECT c_asigna FROM dace004 WHERE exp_e='11-25511892' AND c_asigna='300209' AND status IN ('0','3','B') [1][0] OK
C:[01/11/2012 15:58:20.54][172.16.8.247][1219] SELECT pre_cod_asig1,pre_cod_asig2,pre_cod_asig3,pre_cod_asig4,pre_cod_asig5,pre_cod_asig6,pre_cod_asig7 FROM tblaca009 WHERE pensum='5' AND c_uni_ca='4' AND c_asigna='300318' [1][0] OK
C:[01/11/2012 15:58:20.54][172.16.8.247][1232] SELECT c_asigna FROM dace004 WHERE exp_e='11-25511892' AND c_asigna='300228' AND status IN ('0','3','B') [1][0] OK
C:[01/11/2012 15:58:20.54][172.16.8.247][1232] SELECT c_asigna FROM dace004 WHERE exp_e='11-25511892' AND c_asigna='300207' AND status IN ('0','3','B') [1][0] OK
C:[01/11/2012 15:58:20.54][172.16.8.247][1232] SELECT c_asigna FROM dace004 WHERE exp_e='11-25511892' AND c_asigna='300218' AND status IN ('0','3','B') [1][0] OK
C:[01/11/2012 15:58:20.54][172.16.8.247][1219] SELECT pre_cod_asig1,pre_cod_asig2,pre_cod_asig3,pre_cod_asig4,pre_cod_asig5,pre_cod_asig6,pre_cod_asig7 FROM tblaca009 WHERE pensum='5' AND c_uni_ca='4' AND c_asigna='330310' [1][0] OK
C:[01/11/2012 15:58:20.54][172.16.8.247][1232] SELECT c_asigna FROM dace004 WHERE exp_e='11-25511892' AND c_asigna='300013' AND status IN ('0','3','B') [1][0] OK
C:[01/11/2012 15:58:20.54][172.16.8.247][1232] SELECT c_asigna FROM dace004 WHERE exp_e='11-25511892' AND c_asigna='300113' AND status IN ('0','3','B') [1][0] OK
C:[01/11/2012 15:58:21.29][172.16.8.247][1263] SELECT par_cod_asig1,par_cod_asig2,par_cod_asig3 FROM tblaca009 WHERE pensum='5' AND c_uni_ca='4' AND c_asigna='300314' [1][0] OK
C:[01/11/2012 15:58:21.29][172.16.8.247][1263] SELECT par_cod_asig1,par_cod_asig2,par_cod_asig3 FROM tblaca009 WHERE pensum='5' AND c_uni_ca='4' AND c_asigna='300213' [1][0] OK
C:[01/11/2012 15:58:21.29][172.16.8.247][1277] SELECT c_asigna FROM dace004 WHERE exp_e='11-25511892' AND c_asigna='300209' AND status IN ('0','3','B','C') [1][0] OK
C:[01/11/2012 15:58:21.29][172.16.8.247][1263] SELECT par_cod_asig1,par_cod_asig2,par_cod_asig3 FROM tblaca009 WHERE pensum='5' AND c_uni_ca='4' AND c_asigna='300317' [1][0] OK
C:[01/11/2012 15:58:21.29][172.16.8.247][1263] SELECT par_cod_asig1,par_cod_asig2,par_cod_asig3 FROM tblaca009 WHERE pensum='5' AND c_uni_ca='4' AND c_asigna='300318' [1][0] OK
C:[01/11/2012 15:58:21.29][172.16.8.247][1263] SELECT par_cod_asig1,par_cod_asig2,par_cod_asig3 FROM tblaca009 WHERE pensum='5' AND c_uni_ca='4' AND c_asigna='330310' [1][0] OK
C:[01/11/2012 15:58:50.79][172.16.10.49][1219] SELECT pre_cod_asig1,pre_cod_asig2,pre_cod_asig3,pre_cod_asig4,pre_cod_asig5,pre_cod_asig6,pre_cod_asig7 FROM tblaca009 WHERE pensum='5' AND c_uni_ca='2' AND c_asigna='300207' [1][0] OK
C:[01/11/2012 15:58:50.79][172.16.10.49][1232] SELECT c_asigna FROM dace004 WHERE exp_e='11-22838517' AND c_asigna='300101' AND status IN ('0','3','B') [1][0] OK
C:[01/11/2012 15:58:50.79][172.16.10.49][1219] SELECT pre_cod_asig1,pre_cod_asig2,pre_cod_asig3,pre_cod_asig4,pre_cod_asig5,pre_cod_asig6,pre_cod_asig7 FROM tblaca009 WHERE pensum='5' AND c_uni_ca='2' AND c_asigna='300209' [1][0] OK
C:[01/11/2012 15:58:50.79][172.16.10.49][1232] SELECT c_asigna FROM dace004 WHERE exp_e='11-22838517' AND c_asigna='300101' AND status IN ('0','3','B') [1][0] OK
C:[01/11/2012 15:58:50.79][172.16.10.49][1219] SELECT pre_cod_asig1,pre_cod_asig2,pre_cod_asig3,pre_cod_asig4,pre_cod_asig5,pre_cod_asig6,pre_cod_asig7 FROM tblaca009 WHERE pensum='5' AND c_uni_ca='2' AND c_asigna='300213' [1][0] OK
C:[01/11/2012 15:58:50.79][172.16.10.49][1232] SELECT c_asigna FROM dace004 WHERE exp_e='11-22838517' AND c_asigna='300101' AND status IN ('0','3','B') [1][0] OK
C:[01/11/2012 15:58:50.11][172.16.10.49][1263] SELECT par_cod_asig1,par_cod_asig2,par_cod_asig3 FROM tblaca009 WHERE pensum='5' AND c_uni_ca='2' AND c_asigna='300207' [1][0] OK
C:[01/11/2012 15:58:50.11][172.16.10.49][1263] SELECT par_cod_asig1,par_cod_asig2,par_cod_asig3 FROM tblaca009 WHERE pensum='5' AND c_uni_ca='2' AND c_asigna='300209' [1][0] OK
C:[01/11/2012 15:58:50.11][172.16.10.49][1263] SELECT par_cod_asig1,par_cod_asig2,par_cod_asig3 FROM tblaca009 WHERE pensum='5' AND c_uni_ca='2' AND c_asigna='300213' [1][0] OK
C:[01/11/2012 15:58:50.11][172.16.10.49][1277] SELECT c_asigna FROM dace004 WHERE exp_e='11-22838517' AND c_asigna='300209' AND status IN ('0','3','B','C') [0][0] OK
C:[05/11/2012 09:09:52.81][172.16.8.125][1219] SELECT pre_cod_asig1,pre_cod_asig2,pre_cod_asig3,pre_cod_asig4,pre_cod_asig5,pre_cod_asig6,pre_cod_asig7 FROM tblaca009 WHERE pensum='5' AND c_uni_ca='3' AND c_asigna='300222' [1][0] OK
C:[05/11/2012 09:09:52.81][172.16.8.125][1232] SELECT c_asigna FROM dace004 WHERE exp_e='10-22825148' AND c_asigna='300112' AND status IN ('0','3','B') [1][0] OK
C:[05/11/2012 09:09:52.81][172.16.8.125][1219] SELECT pre_cod_asig1,pre_cod_asig2,pre_cod_asig3,pre_cod_asig4,pre_cod_asig5,pre_cod_asig6,pre_cod_asig7 FROM tblaca009 WHERE pensum='5' AND c_uni_ca='3' AND c_asigna='300226' [1][0] OK
C:[05/11/2012 09:09:52.81][172.16.8.125][1232] SELECT c_asigna FROM dace004 WHERE exp_e='10-22825148' AND c_asigna='300116' AND status IN ('0','3','B') [1][0] OK
C:[05/11/2012 09:09:52.81][172.16.8.125][1219] SELECT pre_cod_asig1,pre_cod_asig2,pre_cod_asig3,pre_cod_asig4,pre_cod_asig5,pre_cod_asig6,pre_cod_asig7 FROM tblaca009 WHERE pensum='5' AND c_uni_ca='3' AND c_asigna='300314' [1][0] OK
C:[05/11/2012 09:09:52.81][172.16.8.125][1232] SELECT c_asigna FROM dace004 WHERE exp_e='10-22825148' AND c_asigna='300106' AND status IN ('0','3','B') [1][0] OK
C:[05/11/2012 09:09:52.81][172.16.8.125][1219] SELECT pre_cod_asig1,pre_cod_asig2,pre_cod_asig3,pre_cod_asig4,pre_cod_asig5,pre_cod_asig6,pre_cod_asig7 FROM tblaca009 WHERE pensum='5' AND c_uni_ca='3' AND c_asigna='300318' [1][0] OK
C:[05/11/2012 09:09:52.81][172.16.8.125][1232] SELECT c_asigna FROM dace004 WHERE exp_e='10-22825148' AND c_asigna='300228' AND status IN ('0','3','B') [1][0] OK
C:[05/11/2012 09:09:52.81][172.16.8.125][1232] SELECT c_asigna FROM dace004 WHERE exp_e='10-22825148' AND c_asigna='300207' AND status IN ('0','3','B') [1][0] OK
C:[05/11/2012 09:09:52.81][172.16.8.125][1232] SELECT c_asigna FROM dace004 WHERE exp_e='10-22825148' AND c_asigna='300218' AND status IN ('0','3','B') [1][0] OK
C:[05/11/2012 09:09:52.06][172.16.8.125][1263] SELECT par_cod_asig1,par_cod_asig2,par_cod_asig3 FROM tblaca009 WHERE pensum='5' AND c_uni_ca='3' AND c_asigna='300222' [1][0] OK
C:[05/11/2012 09:09:52.06][172.16.8.125][1263] SELECT par_cod_asig1,par_cod_asig2,par_cod_asig3 FROM tblaca009 WHERE pensum='5' AND c_uni_ca='3' AND c_asigna='300226' [1][0] OK
C:[05/11/2012 09:09:52.06][172.16.8.125][1263] SELECT par_cod_asig1,par_cod_asig2,par_cod_asig3 FROM tblaca009 WHERE pensum='5' AND c_uni_ca='3' AND c_asigna='300314' [1][0] OK
C:[05/11/2012 09:09:52.06][172.16.8.125][1263] SELECT par_cod_asig1,par_cod_asig2,par_cod_asig3 FROM tblaca009 WHERE pensum='5' AND c_uni_ca='3' AND c_asigna='300318' [1][0] OK
C:[05/11/2012 09:09:52.56][172.16.8.125][1334] SELECT c_asigna FROM tblaca009 WHERE pensum='5' AND c_uni_ca='3' AND ((par_cod_asig1='300428') OR (par_cod_asig2='300428') OR (par_cod_asig3='300428'))  [0][0] OK
C:[05/11/2012 09:19:03.17][172.16.9.3][1219] SELECT pre_cod_asig1,pre_cod_asig2,pre_cod_asig3,pre_cod_asig4,pre_cod_asig5,pre_cod_asig6,pre_cod_asig7 FROM tblaca009 WHERE pensum='5' AND c_uni_ca='5' AND c_asigna='300213' [1][0] OK
C:[05/11/2012 09:19:03.17][172.16.9.3][1232] SELECT c_asigna FROM dace004 WHERE exp_e='11-25933094' AND c_asigna='300101' AND status IN ('0','3','B') [1][0] OK
C:[05/11/2012 09:19:03.17][172.16.9.3][1219] SELECT pre_cod_asig1,pre_cod_asig2,pre_cod_asig3,pre_cod_asig4,pre_cod_asig5,pre_cod_asig6,pre_cod_asig7 FROM tblaca009 WHERE pensum='5' AND c_uni_ca='5' AND c_asigna='300207' [1][0] OK
C:[05/11/2012 09:19:03.17][172.16.9.3][1232] SELECT c_asigna FROM dace004 WHERE exp_e='11-25933094' AND c_asigna='300101' AND status IN ('0','3','B') [1][0] OK
C:[05/11/2012 09:19:03.17][172.16.9.3][1219] SELECT pre_cod_asig1,pre_cod_asig2,pre_cod_asig3,pre_cod_asig4,pre_cod_asig5,pre_cod_asig6,pre_cod_asig7 FROM tblaca009 WHERE pensum='5' AND c_uni_ca='5' AND c_asigna='300218' [1][0] OK
C:[05/11/2012 09:19:03.17][172.16.9.3][1219] SELECT pre_cod_asig1,pre_cod_asig2,pre_cod_asig3,pre_cod_asig4,pre_cod_asig5,pre_cod_asig6,pre_cod_asig7 FROM tblaca009 WHERE pensum='5' AND c_uni_ca='5' AND c_asigna='300222' [1][0] OK
C:[05/11/2012 09:19:03.17][172.16.9.3][1232] SELECT c_asigna FROM dace004 WHERE exp_e='11-25933094' AND c_asigna='300112' AND status IN ('0','3','B') [1][0] OK
C:[05/11/2012 09:19:03.17][172.16.9.3][1219] SELECT pre_cod_asig1,pre_cod_asig2,pre_cod_asig3,pre_cod_asig4,pre_cod_asig5,pre_cod_asig6,pre_cod_asig7 FROM tblaca009 WHERE pensum='5' AND c_uni_ca='5' AND c_asigna='300228' [1][0] OK
C:[05/11/2012 09:19:03.17][172.16.9.3][1232] SELECT c_asigna FROM dace004 WHERE exp_e='11-25933094' AND c_asigna='300101' AND status IN ('0','3','B') [1][0] OK
C:[05/11/2012 09:19:03.30][172.16.9.3][1263] SELECT par_cod_asig1,par_cod_asig2,par_cod_asig3 FROM tblaca009 WHERE pensum='5' AND c_uni_ca='5' AND c_asigna='300213' [1][0] OK
C:[05/11/2012 09:19:03.30][172.16.9.3][1277] SELECT c_asigna FROM dace004 WHERE exp_e='11-25933094' AND c_asigna='300209' AND status IN ('0','3','B','C') [1][0] OK
C:[05/11/2012 09:19:03.30][172.16.9.3][1263] SELECT par_cod_asig1,par_cod_asig2,par_cod_asig3 FROM tblaca009 WHERE pensum='5' AND c_uni_ca='5' AND c_asigna='300207' [1][0] OK
C:[05/11/2012 09:19:03.30][172.16.9.3][1263] SELECT par_cod_asig1,par_cod_asig2,par_cod_asig3 FROM tblaca009 WHERE pensum='5' AND c_uni_ca='5' AND c_asigna='300218' [1][0] OK
C:[05/11/2012 09:19:03.30][172.16.9.3][1277] SELECT c_asigna FROM dace004 WHERE exp_e='11-25933094' AND c_asigna='300228' AND status IN ('0','3','B','C') [0][0] OK
C:[05/11/2012 09:19:03.30][172.16.9.3][1263] SELECT par_cod_asig1,par_cod_asig2,par_cod_asig3 FROM tblaca009 WHERE pensum='5' AND c_uni_ca='5' AND c_asigna='300222' [1][0] OK
C:[05/11/2012 09:19:03.30][172.16.9.3][1263] SELECT par_cod_asig1,par_cod_asig2,par_cod_asig3 FROM tblaca009 WHERE pensum='5' AND c_uni_ca='5' AND c_asigna='300228' [1][0] OK
C:[05/11/2012 10:05:40.90][172.16.8.249][1219] SELECT pre_cod_asig1,pre_cod_asig2,pre_cod_asig3,pre_cod_asig4,pre_cod_asig5,pre_cod_asig6,pre_cod_asig7 FROM tblaca009 WHERE pensum='5' AND c_uni_ca='3' AND c_asigna='311430' [1][0] OK
C:[05/11/2012 10:05:40.90][172.16.8.249][1232] SELECT c_asigna FROM dace004 WHERE exp_e='05-17210429' AND c_asigna='300317' AND status IN ('0','3','B') [1][0] OK
C:[05/11/2012 10:05:40.90][172.16.8.249][1232] SELECT c_asigna FROM dace004 WHERE exp_e='05-17210429' AND c_asigna='300318' AND status IN ('0','3','B') [1][0] OK
C:[05/11/2012 10:05:40.90][172.16.8.249][1232] SELECT c_asigna FROM dace004 WHERE exp_e='05-17210429' AND c_asigna='300313' AND status IN ('0','3','B') [1][0] OK
C:[05/11/2012 10:05:40.90][172.16.8.249][1232] SELECT c_asigna FROM dace004 WHERE exp_e='05-17210429' AND c_asigna='300222' AND status IN ('0','3','B') [1][0] OK
C:[05/11/2012 10:05:40.90][172.16.8.249][1232] SELECT c_asigna FROM dace004 WHERE exp_e='05-17210429' AND c_asigna='300226' AND status IN ('0','3','B') [1][0] OK
C:[05/11/2012 10:05:40.90][172.16.8.249][1232] SELECT c_asigna FROM dace004 WHERE exp_e='05-17210429' AND c_asigna='300209' AND status IN ('0','3','B') [1][0] OK
C:[05/11/2012 10:05:40.90][172.16.8.249][1219] SELECT pre_cod_asig1,pre_cod_asig2,pre_cod_asig3,pre_cod_asig4,pre_cod_asig5,pre_cod_asig6,pre_cod_asig7 FROM tblaca009 WHERE pensum='5' AND c_uni_ca='3' AND c_asigna='300428' [1][0] OK
C:[05/11/2012 10:05:40.90][172.16.8.249][1232] SELECT c_asigna FROM dace004 WHERE exp_e='05-17210429' AND c_asigna='300317' AND status IN ('0','3','B') [1][0] OK
C:[05/11/2012 10:05:40.90][172.16.8.249][1232] SELECT c_asigna FROM dace004 WHERE exp_e='05-17210429' AND c_asigna='300209' AND status IN ('0','3','B') [1][0] OK
C:[05/11/2012 10:05:40.90][172.16.8.249][1219] SELECT pre_cod_asig1,pre_cod_asig2,pre_cod_asig3,pre_cod_asig4,pre_cod_asig5,pre_cod_asig6,pre_cod_asig7 FROM tblaca009 WHERE pensum='5' AND c_uni_ca='3' AND c_asigna='312333' [1][0] OK
C:[05/11/2012 10:05:40.90][172.16.8.249][1232] SELECT c_asigna FROM dace004 WHERE exp_e='05-17210429' AND c_asigna='300228' AND status IN ('0','3','B') [1][0] OK
C:[05/11/2012 10:05:41.39][172.16.8.249][1263] SELECT par_cod_asig1,par_cod_asig2,par_cod_asig3 FROM tblaca009 WHERE pensum='5' AND c_uni_ca='3' AND c_asigna='311430' [1][0] OK
C:[05/11/2012 10:05:41.39][172.16.8.249][1263] SELECT par_cod_asig1,par_cod_asig2,par_cod_asig3 FROM tblaca009 WHERE pensum='5' AND c_uni_ca='3' AND c_asigna='300428' [1][0] OK
C:[05/11/2012 10:05:41.39][172.16.8.249][1263] SELECT par_cod_asig1,par_cod_asig2,par_cod_asig3 FROM tblaca009 WHERE pensum='5' AND c_uni_ca='3' AND c_asigna='312333' [1][0] OK
C:[05/11/2012 10:40:28.01][172.16.8.125][1219] SELECT pre_cod_asig1,pre_cod_asig2,pre_cod_asig3,pre_cod_asig4,pre_cod_asig5,pre_cod_asig6,pre_cod_asig7 FROM tblaca009 WHERE pensum='5' AND c_uni_ca='4' AND c_asigna='333041' [1][0] OK
C:[05/11/2012 10:40:28.01][172.16.8.125][1219] SELECT pre_cod_asig1,pre_cod_asig2,pre_cod_asig3,pre_cod_asig4,pre_cod_asig5,pre_cod_asig6,pre_cod_asig7 FROM tblaca009 WHERE pensum='5' AND c_uni_ca='4' AND c_asigna='333053' [1][0] OK
C:[05/11/2012 10:40:28.01][172.16.8.125][1219] SELECT pre_cod_asig1,pre_cod_asig2,pre_cod_asig3,pre_cod_asig4,pre_cod_asig5,pre_cod_asig6,pre_cod_asig7 FROM tblaca009 WHERE pensum='5' AND c_uni_ca='4' AND c_asigna='333056' [1][0] OK
C:[05/11/2012 10:40:28.01][172.16.8.125][1219] SELECT pre_cod_asig1,pre_cod_asig2,pre_cod_asig3,pre_cod_asig4,pre_cod_asig5,pre_cod_asig6,pre_cod_asig7 FROM tblaca009 WHERE pensum='5' AND c_uni_ca='4' AND c_asigna='333939' [1][0] OK
C:[05/11/2012 10:40:28.51][172.16.8.125][1263] SELECT par_cod_asig1,par_cod_asig2,par_cod_asig3 FROM tblaca009 WHERE pensum='5' AND c_uni_ca='4' AND c_asigna='333041' [1][0] OK
C:[05/11/2012 10:40:28.51][172.16.8.125][1263] SELECT par_cod_asig1,par_cod_asig2,par_cod_asig3 FROM tblaca009 WHERE pensum='5' AND c_uni_ca='4' AND c_asigna='333053' [1][0] OK
C:[05/11/2012 10:40:28.51][172.16.8.125][1263] SELECT par_cod_asig1,par_cod_asig2,par_cod_asig3 FROM tblaca009 WHERE pensum='5' AND c_uni_ca='4' AND c_asigna='333056' [1][0] OK
C:[05/11/2012 10:40:28.51][172.16.8.125][1263] SELECT par_cod_asig1,par_cod_asig2,par_cod_asig3 FROM tblaca009 WHERE pensum='5' AND c_uni_ca='4' AND c_asigna='333939' [1][0] OK
C:[05/11/2012 10:40:29.01][172.16.8.125][1334] SELECT c_asigna FROM tblaca009 WHERE pensum='5' AND c_uni_ca='4' AND ((par_cod_asig1='300956') OR (par_cod_asig2='300956') OR (par_cod_asig3='300956'))  [0][0] OK
C:[05/11/2012 14:39:40.39][172.16.8.125][1219] SELECT pre_cod_asig1,pre_cod_asig2,pre_cod_asig3,pre_cod_asig4,pre_cod_asig5,pre_cod_asig6,pre_cod_asig7 FROM tblaca009 WHERE pensum='5' AND c_uni_ca='3' AND c_asigna='311827' [1][0] OK
C:[05/11/2012 14:39:40.39][172.16.8.125][1232] SELECT c_asigna FROM dace004 WHERE exp_e='07-19094743' AND c_asigna='311704' AND status IN ('0','3','B') [1][0] OK
C:[05/11/2012 14:39:40.39][172.16.8.125][1219] SELECT pre_cod_asig1,pre_cod_asig2,pre_cod_asig3,pre_cod_asig4,pre_cod_asig5,pre_cod_asig6,pre_cod_asig7 FROM tblaca009 WHERE pensum='5' AND c_uni_ca='3' AND c_asigna='300677' [1][0] OK
C:[05/11/2012 14:39:40.39][172.16.8.125][1219] SELECT pre_cod_asig1,pre_cod_asig2,pre_cod_asig3,pre_cod_asig4,pre_cod_asig5,pre_cod_asig6,pre_cod_asig7 FROM tblaca009 WHERE pensum='5' AND c_uni_ca='3' AND c_asigna='311092' [1][0] OK
C:[05/11/2012 14:39:40.39][172.16.8.125][1232] SELECT c_asigna FROM dace004 WHERE exp_e='07-19094743' AND c_asigna='311704' AND status IN ('0','3','B') [1][0] OK
C:[05/11/2012 14:39:40.39][172.16.8.125][1219] SELECT pre_cod_asig1,pre_cod_asig2,pre_cod_asig3,pre_cod_asig4,pre_cod_asig5,pre_cod_asig6,pre_cod_asig7 FROM tblaca009 WHERE pensum='5' AND c_uni_ca='3' AND c_asigna='311431' [1][0] OK
C:[05/11/2012 14:39:40.39][172.16.8.125][1232] SELECT c_asigna FROM dace004 WHERE exp_e='07-19094743' AND c_asigna='311320' AND status IN ('0','3','B') [1][0] OK
C:[05/11/2012 14:39:40.39][172.16.8.125][1232] SELECT c_asigna FROM dace004 WHERE exp_e='07-19094743' AND c_asigna='300013' AND status IN ('0','3','B') [1][0] OK
C:[05/11/2012 14:39:40.39][172.16.8.125][1232] SELECT c_asigna FROM dace004 WHERE exp_e='07-19094743' AND c_asigna='300113' AND status IN ('0','3','B') [1][0] OK
C:[05/11/2012 14:39:40.39][172.16.8.125][1232] SELECT c_asigna FROM dace004 WHERE exp_e='07-19094743' AND c_asigna='300222' AND status IN ('0','3','B') [1][0] OK
C:[05/11/2012 14:39:40.39][172.16.8.125][1232] SELECT c_asigna FROM dace004 WHERE exp_e='07-19094743' AND c_asigna='300226' AND status IN ('0','3','B') [1][0] OK
C:[05/11/2012 14:39:40.39][172.16.8.125][1232] SELECT c_asigna FROM dace004 WHERE exp_e='07-19094743' AND c_asigna='300209' AND status IN ('0','3','B') [1][0] OK
C:[05/11/2012 14:39:40.39][172.16.8.125][1219] SELECT pre_cod_asig1,pre_cod_asig2,pre_cod_asig3,pre_cod_asig4,pre_cod_asig5,pre_cod_asig6,pre_cod_asig7 FROM tblaca009 WHERE pensum='5' AND c_uni_ca='3' AND c_asigna='311552' [1][0] OK
C:[05/11/2012 14:39:40.39][172.16.8.125][1232] SELECT c_asigna FROM dace004 WHERE exp_e='07-19094743' AND c_asigna='300317' AND status IN ('0','3','B') [1][0] OK
C:[05/11/2012 14:39:40.39][172.16.8.125][1232] SELECT c_asigna FROM dace004 WHERE exp_e='07-19094743' AND c_asigna='300209' AND status IN ('0','3','B') [1][0] OK
C:[05/11/2012 14:39:40.39][172.16.8.125][1219] SELECT pre_cod_asig1,pre_cod_asig2,pre_cod_asig3,pre_cod_asig4,pre_cod_asig5,pre_cod_asig6,pre_cod_asig7 FROM tblaca009 WHERE pensum='5' AND c_uni_ca='3' AND c_asigna='311824' [1][0] OK
C:[05/11/2012 14:39:40.39][172.16.8.125][1232] SELECT c_asigna FROM dace004 WHERE exp_e='07-19094743' AND c_asigna='311796' AND status IN ('0','3','B') [1][0] OK
C:[05/11/2012 14:39:40.52][172.16.8.125][1263] SELECT par_cod_asig1,par_cod_asig2,par_cod_asig3 FROM tblaca009 WHERE pensum='5' AND c_uni_ca='3' AND c_asigna='311827' [1][0] OK
C:[05/11/2012 14:39:40.52][172.16.8.125][1263] SELECT par_cod_asig1,par_cod_asig2,par_cod_asig3 FROM tblaca009 WHERE pensum='5' AND c_uni_ca='3' AND c_asigna='300677' [1][0] OK
C:[05/11/2012 14:39:40.52][172.16.8.125][1263] SELECT par_cod_asig1,par_cod_asig2,par_cod_asig3 FROM tblaca009 WHERE pensum='5' AND c_uni_ca='3' AND c_asigna='311092' [1][0] OK
C:[05/11/2012 14:39:40.52][172.16.8.125][1263] SELECT par_cod_asig1,par_cod_asig2,par_cod_asig3 FROM tblaca009 WHERE pensum='5' AND c_uni_ca='3' AND c_asigna='311431' [1][0] OK
C:[05/11/2012 14:39:40.52][172.16.8.125][1277] SELECT c_asigna FROM dace004 WHERE exp_e='07-19094743' AND c_asigna='311430' AND status IN ('0','3','B','C') [1][0] OK
C:[05/11/2012 14:39:40.52][172.16.8.125][1263] SELECT par_cod_asig1,par_cod_asig2,par_cod_asig3 FROM tblaca009 WHERE pensum='5' AND c_uni_ca='3' AND c_asigna='311552' [1][0] OK
C:[05/11/2012 14:39:40.52][172.16.8.125][1263] SELECT par_cod_asig1,par_cod_asig2,par_cod_asig3 FROM tblaca009 WHERE pensum='5' AND c_uni_ca='3' AND c_asigna='311824' [1][0] OK
C:[05/11/2012 14:45:10.64][172.16.9.3][1219] SELECT pre_cod_asig1,pre_cod_asig2,pre_cod_asig3,pre_cod_asig4,pre_cod_asig5,pre_cod_asig6,pre_cod_asig7 FROM tblaca009 WHERE pensum='5' AND c_uni_ca='2' AND c_asigna='300213' [1][0] OK
C:[05/11/2012 14:45:10.64][172.16.9.3][1232] SELECT c_asigna FROM dace004 WHERE exp_e='08-20804932' AND c_asigna='300101' AND status IN ('0','3','B') [1][0] OK
C:[05/11/2012 14:45:10.64][172.16.9.3][1219] SELECT pre_cod_asig1,pre_cod_asig2,pre_cod_asig3,pre_cod_asig4,pre_cod_asig5,pre_cod_asig6,pre_cod_asig7 FROM tblaca009 WHERE pensum='5' AND c_uni_ca='2' AND c_asigna='300428' [1][0] OK
C:[05/11/2012 14:45:10.64][172.16.9.3][1232] SELECT c_asigna FROM dace004 WHERE exp_e='08-20804932' AND c_asigna='300317' AND status IN ('0','3','B') [1][0] OK
C:[05/11/2012 14:45:10.64][172.16.9.3][1232] SELECT c_asigna FROM dace004 WHERE exp_e='08-20804932' AND c_asigna='300209' AND status IN ('0','3','B') [1][0] OK
C:[05/11/2012 14:45:10.64][172.16.9.3][1219] SELECT pre_cod_asig1,pre_cod_asig2,pre_cod_asig3,pre_cod_asig4,pre_cod_asig5,pre_cod_asig6,pre_cod_asig7 FROM tblaca009 WHERE pensum='5' AND c_uni_ca='2' AND c_asigna='320311' [1][0] OK
C:[05/11/2012 14:45:10.64][172.16.9.3][1232] SELECT c_asigna FROM dace004 WHERE exp_e='08-20804932' AND c_asigna='300013' AND status IN ('0','3','B') [1][0] OK
C:[05/11/2012 14:45:10.64][172.16.9.3][1232] SELECT c_asigna FROM dace004 WHERE exp_e='08-20804932' AND c_asigna='300113' AND status IN ('0','3','B') [1][0] OK
C:[05/11/2012 14:45:10.64][172.16.9.3][1219] SELECT pre_cod_asig1,pre_cod_asig2,pre_cod_asig3,pre_cod_asig4,pre_cod_asig5,pre_cod_asig6,pre_cod_asig7 FROM tblaca009 WHERE pensum='5' AND c_uni_ca='2' AND c_asigna='322449' [1][0] OK
C:[05/11/2012 14:45:10.64][172.16.9.3][1232] SELECT c_asigna FROM dace004 WHERE exp_e='08-20804932' AND c_asigna='300222' AND status IN ('0','3','B') [1][0] OK
C:[05/11/2012 14:45:11.89][172.16.9.3][1263] SELECT par_cod_asig1,par_cod_asig2,par_cod_asig3 FROM tblaca009 WHERE pensum='5' AND c_uni_ca='2' AND c_asigna='300213' [1][0] OK
C:[05/11/2012 14:45:11.89][172.16.9.3][1277] SELECT c_asigna FROM dace004 WHERE exp_e='08-20804932' AND c_asigna='300209' AND status IN ('0','3','B','C') [1][0] OK
C:[05/11/2012 14:45:11.89][172.16.9.3][1263] SELECT par_cod_asig1,par_cod_asig2,par_cod_asig3 FROM tblaca009 WHERE pensum='5' AND c_uni_ca='2' AND c_asigna='300428' [1][0] OK
C:[05/11/2012 14:45:11.89][172.16.9.3][1263] SELECT par_cod_asig1,par_cod_asig2,par_cod_asig3 FROM tblaca009 WHERE pensum='5' AND c_uni_ca='2' AND c_asigna='320311' [1][0] OK
C:[05/11/2012 14:45:11.89][172.16.9.3][1263] SELECT par_cod_asig1,par_cod_asig2,par_cod_asig3 FROM tblaca009 WHERE pensum='5' AND c_uni_ca='2' AND c_asigna='322449' [1][0] OK
C:[05/11/2012 15:01:17.78][172.16.12.2][1219] SELECT pre_cod_asig1,pre_cod_asig2,pre_cod_asig3,pre_cod_asig4,pre_cod_asig5,pre_cod_asig6,pre_cod_asig7 FROM tblaca009 WHERE pensum='5' AND c_uni_ca='5' AND c_asigna='355874' [1][0] OK
C:[05/11/2012 15:01:17.78][172.16.12.2][1232] SELECT c_asigna FROM dace004 WHERE exp_e='08-20975281' AND c_asigna='355448' AND status IN ('0','3','B') [1][0] OK
C:[05/11/2012 15:01:17.78][172.16.12.2][1219] SELECT pre_cod_asig1,pre_cod_asig2,pre_cod_asig3,pre_cod_asig4,pre_cod_asig5,pre_cod_asig6,pre_cod_asig7 FROM tblaca009 WHERE pensum='5' AND c_uni_ca='5' AND c_asigna='351451' [1][0] OK
C:[05/11/2012 15:01:17.78][172.16.12.2][1232] SELECT c_asigna FROM dace004 WHERE exp_e='08-20975281' AND c_asigna='351330' AND status IN ('0','3','B') [1][0] OK
C:[05/11/2012 15:01:17.78][172.16.12.2][1232] SELECT c_asigna FROM dace004 WHERE exp_e='08-20975281' AND c_asigna='355350' AND status IN ('0','3','B') [1][0] OK
C:[05/11/2012 15:01:17.78][172.16.12.2][1232] SELECT c_asigna FROM dace004 WHERE exp_e='08-20975281' AND c_asigna='300318' AND status IN ('0','3','B') [1][0] OK
C:[05/11/2012 15:01:17.78][172.16.12.2][1232] SELECT c_asigna FROM dace004 WHERE exp_e='08-20975281' AND c_asigna='300209' AND status IN ('0','3','B') [1][0] OK
C:[05/11/2012 15:01:17.78][172.16.12.2][1232] SELECT c_asigna FROM dace004 WHERE exp_e='08-20975281' AND c_asigna='300222' AND status IN ('0','3','B') [1][0] OK
C:[05/11/2012 15:01:17.78][172.16.12.2][1219] SELECT pre_cod_asig1,pre_cod_asig2,pre_cod_asig3,pre_cod_asig4,pre_cod_asig5,pre_cod_asig6,pre_cod_asig7 FROM tblaca009 WHERE pensum='5' AND c_uni_ca='5' AND c_asigna='352440' [1][0] OK
C:[05/11/2012 15:01:17.78][172.16.12.2][1232] SELECT c_asigna FROM dace004 WHERE exp_e='08-20975281' AND c_asigna='300317' AND status IN ('0','3','B') [1][0] OK
C:[05/11/2012 15:01:17.78][172.16.12.2][1232] SELECT c_asigna FROM dace004 WHERE exp_e='08-20975281' AND c_asigna='300013' AND status IN ('0','3','B') [1][0] OK
C:[05/11/2012 15:01:17.78][172.16.12.2][1232] SELECT c_asigna FROM dace004 WHERE exp_e='08-20975281' AND c_asigna='300113' AND status IN ('0','3','B') [1][0] OK
C:[05/11/2012 15:01:17.78][172.16.12.2][1219] SELECT pre_cod_asig1,pre_cod_asig2,pre_cod_asig3,pre_cod_asig4,pre_cod_asig5,pre_cod_asig6,pre_cod_asig7 FROM tblaca009 WHERE pensum='5' AND c_uni_ca='5' AND c_asigna='355447' [1][0] OK
C:[05/11/2012 15:01:17.78][172.16.12.2][1232] SELECT c_asigna FROM dace004 WHERE exp_e='08-20975281' AND c_asigna='351330' AND status IN ('0','3','B') [1][0] OK
C:[05/11/2012 15:01:17.78][172.16.12.2][1219] SELECT pre_cod_asig1,pre_cod_asig2,pre_cod_asig3,pre_cod_asig4,pre_cod_asig5,pre_cod_asig6,pre_cod_asig7 FROM tblaca009 WHERE pensum='5' AND c_uni_ca='5' AND c_asigna='355572' [1][0] OK
C:[05/11/2012 15:01:17.78][172.16.12.2][1232] SELECT c_asigna FROM dace004 WHERE exp_e='08-20975281' AND c_asigna='300428' AND status IN ('0','3','B') [1][0] OK
C:[05/11/2012 15:01:18.78][172.16.12.2][1263] SELECT par_cod_asig1,par_cod_asig2,par_cod_asig3 FROM tblaca009 WHERE pensum='5' AND c_uni_ca='5' AND c_asigna='355874' [1][0] OK
C:[05/11/2012 15:01:18.78][172.16.12.2][1263] SELECT par_cod_asig1,par_cod_asig2,par_cod_asig3 FROM tblaca009 WHERE pensum='5' AND c_uni_ca='5' AND c_asigna='351451' [1][0] OK
C:[05/11/2012 15:01:18.78][172.16.12.2][1263] SELECT par_cod_asig1,par_cod_asig2,par_cod_asig3 FROM tblaca009 WHERE pensum='5' AND c_uni_ca='5' AND c_asigna='352440' [1][0] OK
C:[05/11/2012 15:01:18.78][172.16.12.2][1263] SELECT par_cod_asig1,par_cod_asig2,par_cod_asig3 FROM tblaca009 WHERE pensum='5' AND c_uni_ca='5' AND c_asigna='355447' [1][0] OK
C:[05/11/2012 15:01:18.78][172.16.12.2][1263] SELECT par_cod_asig1,par_cod_asig2,par_cod_asig3 FROM tblaca009 WHERE pensum='5' AND c_uni_ca='5' AND c_asigna='355572' [1][0] OK
C:[05/11/2012 16:14:27.26][172.16.8.125][1219] SELECT pre_cod_asig1,pre_cod_asig2,pre_cod_asig3,pre_cod_asig4,pre_cod_asig5,pre_cod_asig6,pre_cod_asig7 FROM tblaca009 WHERE pensum='5' AND c_uni_ca='3' AND c_asigna='311823' [1][0] OK
C:[05/11/2012 16:14:27.26][172.16.8.125][1232] SELECT c_asigna FROM dace004 WHERE exp_e='07-19622777' AND c_asigna='311795' AND status IN ('0','3','B') [1][0] OK
C:[05/11/2012 16:14:27.26][172.16.8.125][1219] SELECT pre_cod_asig1,pre_cod_asig2,pre_cod_asig3,pre_cod_asig4,pre_cod_asig5,pre_cod_asig6,pre_cod_asig7 FROM tblaca009 WHERE pensum='5' AND c_uni_ca='3' AND c_asigna='311775' [1][0] OK
C:[05/11/2012 16:14:27.26][172.16.8.125][1232] SELECT c_asigna FROM dace004 WHERE exp_e='07-19622777' AND c_asigna='311655' AND status IN ('0','3','B') [1][0] OK
C:[05/11/2012 16:14:27.26][172.16.8.125][1219] SELECT pre_cod_asig1,pre_cod_asig2,pre_cod_asig3,pre_cod_asig4,pre_cod_asig5,pre_cod_asig6,pre_cod_asig7 FROM tblaca009 WHERE pensum='5' AND c_uni_ca='3' AND c_asigna='311796' [1][0] OK
C:[05/11/2012 16:14:27.26][172.16.8.125][1232] SELECT c_asigna FROM dace004 WHERE exp_e='07-19622777' AND c_asigna='315671' AND status IN ('0','3','B') [1][0] OK
C:[05/11/2012 16:14:27.26][172.16.8.125][1219] SELECT pre_cod_asig1,pre_cod_asig2,pre_cod_asig3,pre_cod_asig4,pre_cod_asig5,pre_cod_asig6,pre_cod_asig7 FROM tblaca009 WHERE pensum='5' AND c_uni_ca='3' AND c_asigna='311799' [1][0] OK
C:[05/11/2012 16:14:27.26][172.16.8.125][1232] SELECT c_asigna FROM dace004 WHERE exp_e='07-19622777' AND c_asigna='311673' AND status IN ('0','3','B') [1][0] OK
C:[05/11/2012 16:14:27.26][172.16.8.125][1219] SELECT pre_cod_asig1,pre_cod_asig2,pre_cod_asig3,pre_cod_asig4,pre_cod_asig5,pre_cod_asig6,pre_cod_asig7 FROM tblaca009 WHERE pensum='5' AND c_uni_ca='3' AND c_asigna='311822' [1][0] OK
C:[05/11/2012 16:14:27.26][172.16.8.125][1232] SELECT c_asigna FROM dace004 WHERE exp_e='07-19622777' AND c_asigna='311795' AND status IN ('0','3','B') [1][0] OK
C:[05/11/2012 16:14:27.26][172.16.8.125][1219] SELECT pre_cod_asig1,pre_cod_asig2,pre_cod_asig3,pre_cod_asig4,pre_cod_asig5,pre_cod_asig6,pre_cod_asig7 FROM tblaca009 WHERE pensum='5' AND c_uni_ca='3' AND c_asigna='311827' [1][0] OK
C:[05/11/2012 16:14:27.26][172.16.8.125][1232] SELECT c_asigna FROM dace004 WHERE exp_e='07-19622777' AND c_asigna='311704' AND status IN ('0','3','B') [1][0] OK
C:[05/11/2012 16:14:27.76][172.16.8.125][1263] SELECT par_cod_asig1,par_cod_asig2,par_cod_asig3 FROM tblaca009 WHERE pensum='5' AND c_uni_ca='3' AND c_asigna='311823' [1][0] OK
C:[05/11/2012 16:14:27.76][172.16.8.125][1263] SELECT par_cod_asig1,par_cod_asig2,par_cod_asig3 FROM tblaca009 WHERE pensum='5' AND c_uni_ca='3' AND c_asigna='311775' [1][0] OK
C:[05/11/2012 16:14:27.76][172.16.8.125][1263] SELECT par_cod_asig1,par_cod_asig2,par_cod_asig3 FROM tblaca009 WHERE pensum='5' AND c_uni_ca='3' AND c_asigna='311796' [1][0] OK
C:[05/11/2012 16:14:27.76][172.16.8.125][1263] SELECT par_cod_asig1,par_cod_asig2,par_cod_asig3 FROM tblaca009 WHERE pensum='5' AND c_uni_ca='3' AND c_asigna='311799' [1][0] OK
C:[05/11/2012 16:14:27.76][172.16.8.125][1263] SELECT par_cod_asig1,par_cod_asig2,par_cod_asig3 FROM tblaca009 WHERE pensum='5' AND c_uni_ca='3' AND c_asigna='311822' [1][0] OK
C:[05/11/2012 16:14:27.76][172.16.8.125][1263] SELECT par_cod_asig1,par_cod_asig2,par_cod_asig3 FROM tblaca009 WHERE pensum='5' AND c_uni_ca='3' AND c_asigna='311827' [1][0] OK
C:[05/11/2012 20:31:33.32][172.16.8.125][1219] SELECT pre_cod_asig1,pre_cod_asig2,pre_cod_asig3,pre_cod_asig4,pre_cod_asig5,pre_cod_asig6,pre_cod_asig7 FROM tblaca009 WHERE pensum='5' AND c_uni_ca='2' AND c_asigna='300956' [1][0] OK
C:[05/11/2012 20:31:33.32][172.16.8.125][1232] SELECT c_asigna FROM dace004 WHERE exp_e='07-19703933' AND c_asigna='300422' AND status IN ('0','3','B') [1][0] OK
C:[05/11/2012 20:31:33.32][172.16.8.125][1232] SELECT c_asigna FROM dace004 WHERE exp_e='07-19703933' AND c_asigna='300105' AND status IN ('0','3','B') [1][0] OK
C:[05/11/2012 20:31:33.32][172.16.8.125][1232] SELECT c_asigna FROM dace004 WHERE exp_e='07-19703933' AND c_asigna='300314' AND status IN ('0','3','B') [1][0] OK
C:[05/11/2012 20:31:33.32][172.16.8.125][1219] SELECT pre_cod_asig1,pre_cod_asig2,pre_cod_asig3,pre_cod_asig4,pre_cod_asig5,pre_cod_asig6,pre_cod_asig7 FROM tblaca009 WHERE pensum='5' AND c_uni_ca='2' AND c_asigna='300870' [1][0] OK
C:[05/11/2012 20:31:33.32][172.16.8.125][1219] SELECT pre_cod_asig1,pre_cod_asig2,pre_cod_asig3,pre_cod_asig4,pre_cod_asig5,pre_cod_asig6,pre_cod_asig7 FROM tblaca009 WHERE pensum='5' AND c_uni_ca='2' AND c_asigna='322033' [1][0] OK
C:[05/11/2012 20:31:33.32][172.16.8.125][1219] SELECT pre_cod_asig1,pre_cod_asig2,pre_cod_asig3,pre_cod_asig4,pre_cod_asig5,pre_cod_asig6,pre_cod_asig7 FROM tblaca009 WHERE pensum='5' AND c_uni_ca='2' AND c_asigna='322070' [1][0] OK
C:[05/11/2012 20:31:33.32][172.16.8.125][1219] SELECT pre_cod_asig1,pre_cod_asig2,pre_cod_asig3,pre_cod_asig4,pre_cod_asig5,pre_cod_asig6,pre_cod_asig7 FROM tblaca009 WHERE pensum='5' AND c_uni_ca='2' AND c_asigna='322801' [1][0] OK
C:[05/11/2012 20:31:33.32][172.16.8.125][1232] SELECT c_asigna FROM dace004 WHERE exp_e='07-19703933' AND c_asigna='322780' AND status IN ('0','3','B') [1][0] OK
C:[05/11/2012 20:31:33.32][172.16.8.125][1232] SELECT c_asigna FROM dace004 WHERE exp_e='07-19703933' AND c_asigna='322605' AND status IN ('0','3','B') [1][0] OK
C:[05/11/2012 20:31:33.32][172.16.8.125][1219] SELECT pre_cod_asig1,pre_cod_asig2,pre_cod_asig3,pre_cod_asig4,pre_cod_asig5,pre_cod_asig6,pre_cod_asig7 FROM tblaca009 WHERE pensum='5' AND c_uni_ca='2' AND c_asigna='322827' [1][0] OK
C:[05/11/2012 20:31:33.32][172.16.8.125][1232] SELECT c_asigna FROM dace004 WHERE exp_e='07-19703933' AND c_asigna='322703' AND status IN ('0','3','B') [1][0] OK
C:[05/11/2012 20:31:33.32][172.16.8.125][1232] SELECT c_asigna FROM dace004 WHERE exp_e='07-19703933' AND c_asigna='322782' AND status IN ('0','3','B') [1][0] OK
C:[05/11/2012 20:31:33.32][172.16.8.125][1232] SELECT c_asigna FROM dace004 WHERE exp_e='07-19703933' AND c_asigna='322449' AND status IN ('0','3','B') [1][0] OK
C:[05/11/2012 20:31:34.07][172.16.8.125][1263] SELECT par_cod_asig1,par_cod_asig2,par_cod_asig3 FROM tblaca009 WHERE pensum='5' AND c_uni_ca='2' AND c_asigna='300956' [1][0] OK
C:[05/11/2012 20:31:34.07][172.16.8.125][1263] SELECT par_cod_asig1,par_cod_asig2,par_cod_asig3 FROM tblaca009 WHERE pensum='5' AND c_uni_ca='2' AND c_asigna='300870' [1][0] OK
C:[05/11/2012 20:31:34.07][172.16.8.125][1263] SELECT par_cod_asig1,par_cod_asig2,par_cod_asig3 FROM tblaca009 WHERE pensum='5' AND c_uni_ca='2' AND c_asigna='322033' [1][0] OK
C:[05/11/2012 20:31:34.07][172.16.8.125][1263] SELECT par_cod_asig1,par_cod_asig2,par_cod_asig3 FROM tblaca009 WHERE pensum='5' AND c_uni_ca='2' AND c_asigna='322070' [1][0] OK
C:[05/11/2012 20:31:34.07][172.16.8.125][1263] SELECT par_cod_asig1,par_cod_asig2,par_cod_asig3 FROM tblaca009 WHERE pensum='5' AND c_uni_ca='2' AND c_asigna='322801' [1][0] OK
C:[05/11/2012 20:31:34.07][172.16.8.125][1263] SELECT par_cod_asig1,par_cod_asig2,par_cod_asig3 FROM tblaca009 WHERE pensum='5' AND c_uni_ca='2' AND c_asigna='322827' [1][0] OK
C:[06/11/2012 09:36:49.95][172.16.8.125][1219] SELECT pre_cod_asig1,pre_cod_asig2,pre_cod_asig3,pre_cod_asig4,pre_cod_asig5,pre_cod_asig6,pre_cod_asig7 FROM tblaca009 WHERE pensum='5' AND c_uni_ca='6' AND c_asigna='300676' [1][0] OK
C:[06/11/2012 09:36:49.95][172.16.8.125][1219] SELECT pre_cod_asig1,pre_cod_asig2,pre_cod_asig3,pre_cod_asig4,pre_cod_asig5,pre_cod_asig6,pre_cod_asig7 FROM tblaca009 WHERE pensum='5' AND c_uni_ca='6' AND c_asigna='342567' [1][0] OK
C:[06/11/2012 09:36:49.95][172.16.8.125][1232] SELECT c_asigna FROM dace004 WHERE exp_e='10-20503353' AND c_asigna='342444' AND status IN ('0','3','B') [1][0] OK
C:[06/11/2012 09:36:49.95][172.16.8.125][1219] SELECT pre_cod_asig1,pre_cod_asig2,pre_cod_asig3,pre_cod_asig4,pre_cod_asig5,pre_cod_asig6,pre_cod_asig7 FROM tblaca009 WHERE pensum='5' AND c_uni_ca='6' AND c_asigna='343568' [1][0] OK
C:[06/11/2012 09:36:49.95][172.16.8.125][1232] SELECT c_asigna FROM dace004 WHERE exp_e='10-20503353' AND c_asigna='340327' AND status IN ('0','3','B') [1][0] OK
C:[06/11/2012 09:36:49.95][172.16.8.125][1219] SELECT pre_cod_asig1,pre_cod_asig2,pre_cod_asig3,pre_cod_asig4,pre_cod_asig5,pre_cod_asig6,pre_cod_asig7 FROM tblaca009 WHERE pensum='5' AND c_uni_ca='6' AND c_asigna='344565' [1][0] OK
C:[06/11/2012 09:36:49.95][172.16.8.125][1232] SELECT c_asigna FROM dace004 WHERE exp_e='10-20503353' AND c_asigna='344445' AND status IN ('0','3','B') [1][0] OK
C:[06/11/2012 09:36:49.95][172.16.8.125][1219] SELECT pre_cod_asig1,pre_cod_asig2,pre_cod_asig3,pre_cod_asig4,pre_cod_asig5,pre_cod_asig6,pre_cod_asig7 FROM tblaca009 WHERE pensum='5' AND c_uni_ca='6' AND c_asigna='344566' [1][0] OK
C:[06/11/2012 09:36:49.95][172.16.8.125][1232] SELECT c_asigna FROM dace004 WHERE exp_e='10-20503353' AND c_asigna='344446' AND status IN ('0','3','B') [1][0] OK
C:[06/11/2012 09:36:49.95][172.16.8.125][1232] SELECT c_asigna FROM dace004 WHERE exp_e='10-20503353' AND c_asigna='300428' AND status IN ('0','3','B') [1][0] OK
C:[06/11/2012 09:36:49.95][172.16.8.125][1232] SELECT c_asigna FROM dace004 WHERE exp_e='10-20503353' AND c_asigna='300209' AND status IN ('0','3','B') [1][0] OK
C:[06/11/2012 09:36:49.95][172.16.8.125][1232] SELECT c_asigna FROM dace004 WHERE exp_e='10-20503353' AND c_asigna='300222' AND status IN ('0','3','B') [1][0] OK
C:[06/11/2012 09:36:49.95][172.16.8.125][1232] SELECT c_asigna FROM dace004 WHERE exp_e='10-20503353' AND c_asigna='300226' AND status IN ('0','3','B') [1][0] OK
C:[06/11/2012 09:36:49.95][172.16.8.125][1232] SELECT c_asigna FROM dace004 WHERE exp_e='10-20503353' AND c_asigna='300317' AND status IN ('0','3','B') [1][0] OK
C:[06/11/2012 09:36:49.95][172.16.8.125][1232] SELECT c_asigna FROM dace004 WHERE exp_e='10-20503353' AND c_asigna='300313' AND status IN ('0','3','B') [1][0] OK
C:[06/11/2012 09:36:49.81][172.16.8.125][1263] SELECT par_cod_asig1,par_cod_asig2,par_cod_asig3 FROM tblaca009 WHERE pensum='5' AND c_uni_ca='6' AND c_asigna='300676' [1][0] OK
C:[06/11/2012 09:36:49.81][172.16.8.125][1263] SELECT par_cod_asig1,par_cod_asig2,par_cod_asig3 FROM tblaca009 WHERE pensum='5' AND c_uni_ca='6' AND c_asigna='342567' [1][0] OK
C:[06/11/2012 09:36:49.81][172.16.8.125][1263] SELECT par_cod_asig1,par_cod_asig2,par_cod_asig3 FROM tblaca009 WHERE pensum='5' AND c_uni_ca='6' AND c_asigna='343568' [1][0] OK
C:[06/11/2012 09:36:49.81][172.16.8.125][1263] SELECT par_cod_asig1,par_cod_asig2,par_cod_asig3 FROM tblaca009 WHERE pensum='5' AND c_uni_ca='6' AND c_asigna='344565' [1][0] OK
C:[06/11/2012 09:36:49.81][172.16.8.125][1263] SELECT par_cod_asig1,par_cod_asig2,par_cod_asig3 FROM tblaca009 WHERE pensum='5' AND c_uni_ca='6' AND c_asigna='344566' [1][0] OK
C:[06/11/2012 09:36:50.43][172.16.8.125][1334] SELECT c_asigna FROM tblaca009 WHERE pensum='5' AND c_uni_ca='6' AND ((par_cod_asig1='300422') OR (par_cod_asig2='300422') OR (par_cod_asig3='300422'))  [0][0] OK
C:[06/11/2012 14:54:39.77][172.16.8.125][1219] SELECT pre_cod_asig1,pre_cod_asig2,pre_cod_asig3,pre_cod_asig4,pre_cod_asig5,pre_cod_asig6,pre_cod_asig7 FROM tblaca009 WHERE pensum='5' AND c_uni_ca='3' AND c_asigna='300314' [1][0] OK
C:[06/11/2012 14:54:39.77][172.16.8.125][1232] SELECT c_asigna FROM dace004 WHERE exp_e='12-23730912' AND c_asigna='300106' AND status IN ('0','3','B') [1][0] OK
C:[06/11/2012 14:54:39.77][172.16.8.125][1219] SELECT pre_cod_asig1,pre_cod_asig2,pre_cod_asig3,pre_cod_asig4,pre_cod_asig5,pre_cod_asig6,pre_cod_asig7 FROM tblaca009 WHERE pensum='5' AND c_uni_ca='3' AND c_asigna='300013' [1][0] OK
C:[06/11/2012 14:54:39.77][172.16.8.125][1219] SELECT pre_cod_asig1,pre_cod_asig2,pre_cod_asig3,pre_cod_asig4,pre_cod_asig5,pre_cod_asig6,pre_cod_asig7 FROM tblaca009 WHERE pensum='5' AND c_uni_ca='3' AND c_asigna='300101' [1][0] OK
C:[06/11/2012 14:54:39.77][172.16.8.125][1219] SELECT pre_cod_asig1,pre_cod_asig2,pre_cod_asig3,pre_cod_asig4,pre_cod_asig5,pre_cod_asig6,pre_cod_asig7 FROM tblaca009 WHERE pensum='5' AND c_uni_ca='3' AND c_asigna='300112' [1][0] OK
C:[06/11/2012 14:54:39.77][172.16.8.125][1219] SELECT pre_cod_asig1,pre_cod_asig2,pre_cod_asig3,pre_cod_asig4,pre_cod_asig5,pre_cod_asig6,pre_cod_asig7 FROM tblaca009 WHERE pensum='5' AND c_uni_ca='3' AND c_asigna='300226' [1][0] OK
C:[06/11/2012 14:54:39.77][172.16.8.125][1232] SELECT c_asigna FROM dace004 WHERE exp_e='12-23730912' AND c_asigna='300116' AND status IN ('0','3','B') [1][0] OK
C:[06/11/2012 14:54:39.65][172.16.8.125][1263] SELECT par_cod_asig1,par_cod_asig2,par_cod_asig3 FROM tblaca009 WHERE pensum='5' AND c_uni_ca='3' AND c_asigna='300314' [1][0] OK
C:[06/11/2012 14:54:39.65][172.16.8.125][1263] SELECT par_cod_asig1,par_cod_asig2,par_cod_asig3 FROM tblaca009 WHERE pensum='5' AND c_uni_ca='3' AND c_asigna='300013' [1][0] OK
C:[06/11/2012 14:54:39.65][172.16.8.125][1263] SELECT par_cod_asig1,par_cod_asig2,par_cod_asig3 FROM tblaca009 WHERE pensum='5' AND c_uni_ca='3' AND c_asigna='300101' [1][0] OK
C:[06/11/2012 14:54:39.65][172.16.8.125][1263] SELECT par_cod_asig1,par_cod_asig2,par_cod_asig3 FROM tblaca009 WHERE pensum='5' AND c_uni_ca='3' AND c_asigna='300112' [1][0] OK
C:[06/11/2012 14:54:39.65][172.16.8.125][1263] SELECT par_cod_asig1,par_cod_asig2,par_cod_asig3 FROM tblaca009 WHERE pensum='5' AND c_uni_ca='3' AND c_asigna='300226' [1][0] OK
C:[06/11/2012 14:56:08.87][172.16.8.125][1219] SELECT pre_cod_asig1,pre_cod_asig2,pre_cod_asig3,pre_cod_asig4,pre_cod_asig5,pre_cod_asig6,pre_cod_asig7 FROM tblaca009 WHERE pensum='5' AND c_uni_ca='3' AND c_asigna='300013' [1][0] OK
C:[06/11/2012 14:56:08.87][172.16.8.125][1219] SELECT pre_cod_asig1,pre_cod_asig2,pre_cod_asig3,pre_cod_asig4,pre_cod_asig5,pre_cod_asig6,pre_cod_asig7 FROM tblaca009 WHERE pensum='5' AND c_uni_ca='3' AND c_asigna='300101' [1][0] OK
C:[06/11/2012 14:56:08.87][172.16.8.125][1219] SELECT pre_cod_asig1,pre_cod_asig2,pre_cod_asig3,pre_cod_asig4,pre_cod_asig5,pre_cod_asig6,pre_cod_asig7 FROM tblaca009 WHERE pensum='5' AND c_uni_ca='3' AND c_asigna='300112' [1][0] OK
C:[06/11/2012 14:56:08.87][172.16.8.125][1219] SELECT pre_cod_asig1,pre_cod_asig2,pre_cod_asig3,pre_cod_asig4,pre_cod_asig5,pre_cod_asig6,pre_cod_asig7 FROM tblaca009 WHERE pensum='5' AND c_uni_ca='3' AND c_asigna='300226' [1][0] OK
C:[06/11/2012 14:56:08.87][172.16.8.125][1232] SELECT c_asigna FROM dace004 WHERE exp_e='12-23730912' AND c_asigna='300116' AND status IN ('0','3','B') [1][0] OK
C:[06/11/2012 14:56:08.87][172.16.8.125][1219] SELECT pre_cod_asig1,pre_cod_asig2,pre_cod_asig3,pre_cod_asig4,pre_cod_asig5,pre_cod_asig6,pre_cod_asig7 FROM tblaca009 WHERE pensum='5' AND c_uni_ca='3' AND c_asigna='300314' [1][0] OK
C:[06/11/2012 14:56:08.87][172.16.8.125][1232] SELECT c_asigna FROM dace004 WHERE exp_e='12-23730912' AND c_asigna='300106' AND status IN ('0','3','B') [1][0] OK
C:[06/11/2012 14:56:08.74][172.16.8.125][1263] SELECT par_cod_asig1,par_cod_asig2,par_cod_asig3 FROM tblaca009 WHERE pensum='5' AND c_uni_ca='3' AND c_asigna='300013' [1][0] OK
C:[06/11/2012 14:56:08.74][172.16.8.125][1263] SELECT par_cod_asig1,par_cod_asig2,par_cod_asig3 FROM tblaca009 WHERE pensum='5' AND c_uni_ca='3' AND c_asigna='300101' [1][0] OK
C:[06/11/2012 14:56:08.74][172.16.8.125][1263] SELECT par_cod_asig1,par_cod_asig2,par_cod_asig3 FROM tblaca009 WHERE pensum='5' AND c_uni_ca='3' AND c_asigna='300112' [1][0] OK
C:[06/11/2012 14:56:08.74][172.16.8.125][1263] SELECT par_cod_asig1,par_cod_asig2,par_cod_asig3 FROM tblaca009 WHERE pensum='5' AND c_uni_ca='3' AND c_asigna='300226' [1][0] OK
C:[06/11/2012 14:56:08.74][172.16.8.125][1263] SELECT par_cod_asig1,par_cod_asig2,par_cod_asig3 FROM tblaca009 WHERE pensum='5' AND c_uni_ca='3' AND c_asigna='300314' [1][0] OK
C:[06/11/2012 15:33:48.39][172.16.8.125][1219] SELECT pre_cod_asig1,pre_cod_asig2,pre_cod_asig3,pre_cod_asig4,pre_cod_asig5,pre_cod_asig6,pre_cod_asig7 FROM tblaca009 WHERE pensum='5' AND c_uni_ca='6' AND c_asigna='300101' [1][0] OK
C:[06/11/2012 15:33:48.39][172.16.8.125][1219] SELECT pre_cod_asig1,pre_cod_asig2,pre_cod_asig3,pre_cod_asig4,pre_cod_asig5,pre_cod_asig6,pre_cod_asig7 FROM tblaca009 WHERE pensum='5' AND c_uni_ca='6' AND c_asigna='300105' [1][0] OK
C:[06/11/2012 15:33:48.39][172.16.8.125][1219] SELECT pre_cod_asig1,pre_cod_asig2,pre_cod_asig3,pre_cod_asig4,pre_cod_asig5,pre_cod_asig6,pre_cod_asig7 FROM tblaca009 WHERE pensum='5' AND c_uni_ca='6' AND c_asigna='300112' [1][0] OK
C:[06/11/2012 15:33:48.39][172.16.8.125][1219] SELECT pre_cod_asig1,pre_cod_asig2,pre_cod_asig3,pre_cod_asig4,pre_cod_asig5,pre_cod_asig6,pre_cod_asig7 FROM tblaca009 WHERE pensum='5' AND c_uni_ca='6' AND c_asigna='300113' [1][0] OK
C:[06/11/2012 15:33:48.39][172.16.8.125][1219] SELECT pre_cod_asig1,pre_cod_asig2,pre_cod_asig3,pre_cod_asig4,pre_cod_asig5,pre_cod_asig6,pre_cod_asig7 FROM tblaca009 WHERE pensum='5' AND c_uni_ca='6' AND c_asigna='300116' [1][0] OK
C:[06/11/2012 15:33:48.02][172.16.8.125][1263] SELECT par_cod_asig1,par_cod_asig2,par_cod_asig3 FROM tblaca009 WHERE pensum='5' AND c_uni_ca='6' AND c_asigna='300101' [1][0] OK
C:[06/11/2012 15:33:48.02][172.16.8.125][1263] SELECT par_cod_asig1,par_cod_asig2,par_cod_asig3 FROM tblaca009 WHERE pensum='5' AND c_uni_ca='6' AND c_asigna='300105' [1][0] OK
C:[06/11/2012 15:33:48.02][172.16.8.125][1263] SELECT par_cod_asig1,par_cod_asig2,par_cod_asig3 FROM tblaca009 WHERE pensum='5' AND c_uni_ca='6' AND c_asigna='300112' [1][0] OK
C:[06/11/2012 15:33:48.02][172.16.8.125][1263] SELECT par_cod_asig1,par_cod_asig2,par_cod_asig3 FROM tblaca009 WHERE pensum='5' AND c_uni_ca='6' AND c_asigna='300113' [1][0] OK
C:[06/11/2012 15:33:48.02][172.16.8.125][1277] SELECT c_asigna FROM dace004 WHERE exp_e='12-24765534' AND c_asigna='300013' AND status IN ('0','3','B','C') [1][0] OK
C:[06/11/2012 15:33:48.02][172.16.8.125][1263] SELECT par_cod_asig1,par_cod_asig2,par_cod_asig3 FROM tblaca009 WHERE pensum='5' AND c_uni_ca='6' AND c_asigna='300116' [1][0] OK
C:[06/11/2012 15:33:48.77][172.16.8.125][1334] SELECT c_asigna FROM tblaca009 WHERE pensum='5' AND c_uni_ca='6' AND ((par_cod_asig1='300314') OR (par_cod_asig2='300314') OR (par_cod_asig3='300314'))  [0][0] OK
C:[06/11/2012 15:45:03.20][172.16.8.125][1219] SELECT pre_cod_asig1,pre_cod_asig2,pre_cod_asig3,pre_cod_asig4,pre_cod_asig5,pre_cod_asig6,pre_cod_asig7 FROM tblaca009 WHERE pensum='5' AND c_uni_ca='6' AND c_asigna='300314' [1][0] OK
C:[06/11/2012 15:45:03.20][172.16.8.125][1232] SELECT c_asigna FROM dace004 WHERE exp_e='12-24765534' AND c_asigna='300106' AND status IN ('0','3','B') [1][0] OK
C:[06/11/2012 15:45:03.20][172.16.8.125][1219] SELECT pre_cod_asig1,pre_cod_asig2,pre_cod_asig3,pre_cod_asig4,pre_cod_asig5,pre_cod_asig6,pre_cod_asig7 FROM tblaca009 WHERE pensum='5' AND c_uni_ca='6' AND c_asigna='300101' [1][0] OK
C:[06/11/2012 15:45:03.20][172.16.8.125][1219] SELECT pre_cod_asig1,pre_cod_asig2,pre_cod_asig3,pre_cod_asig4,pre_cod_asig5,pre_cod_asig6,pre_cod_asig7 FROM tblaca009 WHERE pensum='5' AND c_uni_ca='6' AND c_asigna='300105' [1][0] OK
C:[06/11/2012 15:45:03.20][172.16.8.125][1219] SELECT pre_cod_asig1,pre_cod_asig2,pre_cod_asig3,pre_cod_asig4,pre_cod_asig5,pre_cod_asig6,pre_cod_asig7 FROM tblaca009 WHERE pensum='5' AND c_uni_ca='6' AND c_asigna='300112' [1][0] OK
C:[06/11/2012 15:45:03.20][172.16.8.125][1219] SELECT pre_cod_asig1,pre_cod_asig2,pre_cod_asig3,pre_cod_asig4,pre_cod_asig5,pre_cod_asig6,pre_cod_asig7 FROM tblaca009 WHERE pensum='5' AND c_uni_ca='6' AND c_asigna='300113' [1][0] OK
C:[06/11/2012 15:45:03.20][172.16.8.125][1219] SELECT pre_cod_asig1,pre_cod_asig2,pre_cod_asig3,pre_cod_asig4,pre_cod_asig5,pre_cod_asig6,pre_cod_asig7 FROM tblaca009 WHERE pensum='5' AND c_uni_ca='6' AND c_asigna='300116' [1][0] OK
C:[06/11/2012 15:45:03.08][172.16.8.125][1263] SELECT par_cod_asig1,par_cod_asig2,par_cod_asig3 FROM tblaca009 WHERE pensum='5' AND c_uni_ca='6' AND c_asigna='300314' [1][0] OK
C:[06/11/2012 15:45:03.08][172.16.8.125][1263] SELECT par_cod_asig1,par_cod_asig2,par_cod_asig3 FROM tblaca009 WHERE pensum='5' AND c_uni_ca='6' AND c_asigna='300101' [1][0] OK
C:[06/11/2012 15:45:03.08][172.16.8.125][1263] SELECT par_cod_asig1,par_cod_asig2,par_cod_asig3 FROM tblaca009 WHERE pensum='5' AND c_uni_ca='6' AND c_asigna='300105' [1][0] OK
C:[06/11/2012 15:45:03.08][172.16.8.125][1263] SELECT par_cod_asig1,par_cod_asig2,par_cod_asig3 FROM tblaca009 WHERE pensum='5' AND c_uni_ca='6' AND c_asigna='300112' [1][0] OK
C:[06/11/2012 15:45:03.08][172.16.8.125][1263] SELECT par_cod_asig1,par_cod_asig2,par_cod_asig3 FROM tblaca009 WHERE pensum='5' AND c_uni_ca='6' AND c_asigna='300113' [1][0] OK
C:[06/11/2012 15:45:03.08][172.16.8.125][1277] SELECT c_asigna FROM dace004 WHERE exp_e='12-24765534' AND c_asigna='300013' AND status IN ('0','3','B','C') [1][0] OK
C:[06/11/2012 15:45:03.08][172.16.8.125][1263] SELECT par_cod_asig1,par_cod_asig2,par_cod_asig3 FROM tblaca009 WHERE pensum='5' AND c_uni_ca='6' AND c_asigna='300116' [1][0] OK
C:[07/11/2012 08:47:07.86][172.16.8.125][1219] SELECT pre_cod_asig1,pre_cod_asig2,pre_cod_asig3,pre_cod_asig4,pre_cod_asig5,pre_cod_asig6,pre_cod_asig7 FROM tblaca009 WHERE pensum='5' AND c_uni_ca='3' AND c_asigna='310548' [1][0] OK
C:[07/11/2012 08:47:07.86][172.16.8.125][1232] SELECT c_asigna FROM dace004 WHERE exp_e='09-20805362' AND c_asigna='300428' AND status IN ('0','3','B') [1][0] OK
C:[07/11/2012 08:47:07.86][172.16.8.125][1232] SELECT c_asigna FROM dace004 WHERE exp_e='09-20805362' AND c_asigna='300313' AND status IN ('0','3','B') [1][0] OK
C:[07/11/2012 08:47:07.86][172.16.8.125][1232] SELECT c_asigna FROM dace004 WHERE exp_e='09-20805362' AND c_asigna='300222' AND status IN ('0','3','B') [1][0] OK
C:[07/11/2012 08:47:07.86][172.16.8.125][1232] SELECT c_asigna FROM dace004 WHERE exp_e='09-20805362' AND c_asigna='300226' AND status IN ('0','3','B') [1][0] OK
C:[07/11/2012 08:47:07.86][172.16.8.125][1232] SELECT c_asigna FROM dace004 WHERE exp_e='09-20805362' AND c_asigna='300209' AND status IN ('0','3','B') [1][0] OK
C:[07/11/2012 08:47:07.86][172.16.8.125][1219] SELECT pre_cod_asig1,pre_cod_asig2,pre_cod_asig3,pre_cod_asig4,pre_cod_asig5,pre_cod_asig6,pre_cod_asig7 FROM tblaca009 WHERE pensum='5' AND c_uni_ca='3' AND c_asigna='311320' [1][0] OK
C:[07/11/2012 08:47:07.86][172.16.8.125][1232] SELECT c_asigna FROM dace004 WHERE exp_e='09-20805362' AND c_asigna='300013' AND status IN ('0','3','B') [1][0] OK
C:[07/11/2012 08:47:07.86][172.16.8.125][1232] SELECT c_asigna FROM dace004 WHERE exp_e='09-20805362' AND c_asigna='300113' AND status IN ('0','3','B') [1][0] OK
C:[07/11/2012 08:47:07.86][172.16.8.125][1219] SELECT pre_cod_asig1,pre_cod_asig2,pre_cod_asig3,pre_cod_asig4,pre_cod_asig5,pre_cod_asig6,pre_cod_asig7 FROM tblaca009 WHERE pensum='5' AND c_uni_ca='3' AND c_asigna='311430' [1][0] OK
C:[07/11/2012 08:47:07.86][172.16.8.125][1232] SELECT c_asigna FROM dace004 WHERE exp_e='09-20805362' AND c_asigna='300317' AND status IN ('0','3','B') [1][0] OK
C:[07/11/2012 08:47:07.86][172.16.8.125][1232] SELECT c_asigna FROM dace004 WHERE exp_e='09-20805362' AND c_asigna='300318' AND status IN ('0','3','B') [1][0] OK
C:[07/11/2012 08:47:07.86][172.16.8.125][1232] SELECT c_asigna FROM dace004 WHERE exp_e='09-20805362' AND c_asigna='300313' AND status IN ('0','3','B') [1][0] OK
C:[07/11/2012 08:47:07.86][172.16.8.125][1232] SELECT c_asigna FROM dace004 WHERE exp_e='09-20805362' AND c_asigna='300222' AND status IN ('0','3','B') [1][0] OK
C:[07/11/2012 08:47:07.86][172.16.8.125][1232] SELECT c_asigna FROM dace004 WHERE exp_e='09-20805362' AND c_asigna='300226' AND status IN ('0','3','B') [1][0] OK
C:[07/11/2012 08:47:07.86][172.16.8.125][1232] SELECT c_asigna FROM dace004 WHERE exp_e='09-20805362' AND c_asigna='300209' AND status IN ('0','3','B') [1][0] OK
C:[07/11/2012 08:47:07.86][172.16.8.125][1219] SELECT pre_cod_asig1,pre_cod_asig2,pre_cod_asig3,pre_cod_asig4,pre_cod_asig5,pre_cod_asig6,pre_cod_asig7 FROM tblaca009 WHERE pensum='5' AND c_uni_ca='3' AND c_asigna='314662' [1][0] OK
C:[07/11/2012 08:47:07.86][172.16.8.125][1232] SELECT c_asigna FROM dace004 WHERE exp_e='09-20805362' AND c_asigna='311552' AND status IN ('0','3','B') [1][0] OK
C:[07/11/2012 08:47:08.12][172.16.8.125][1263] SELECT par_cod_asig1,par_cod_asig2,par_cod_asig3 FROM tblaca009 WHERE pensum='5' AND c_uni_ca='3' AND c_asigna='310548' [1][0] OK
C:[07/11/2012 08:47:08.12][172.16.8.125][1263] SELECT par_cod_asig1,par_cod_asig2,par_cod_asig3 FROM tblaca009 WHERE pensum='5' AND c_uni_ca='3' AND c_asigna='311320' [1][0] OK
C:[07/11/2012 08:47:08.12][172.16.8.125][1263] SELECT par_cod_asig1,par_cod_asig2,par_cod_asig3 FROM tblaca009 WHERE pensum='5' AND c_uni_ca='3' AND c_asigna='311430' [1][0] OK
C:[07/11/2012 08:47:08.12][172.16.8.125][1263] SELECT par_cod_asig1,par_cod_asig2,par_cod_asig3 FROM tblaca009 WHERE pensum='5' AND c_uni_ca='3' AND c_asigna='314662' [1][0] OK
C:[07/11/2012 08:47:08.61][172.16.8.125][1334] SELECT c_asigna FROM tblaca009 WHERE pensum='5' AND c_uni_ca='3' AND ((par_cod_asig1='311554') OR (par_cod_asig2='311554') OR (par_cod_asig3='311554'))  [0][0] OK
C:[07/11/2012 08:52:14.59][172.16.8.251][1219] SELECT pre_cod_asig1,pre_cod_asig2,pre_cod_asig3,pre_cod_asig4,pre_cod_asig5,pre_cod_asig6,pre_cod_asig7 FROM tblaca009 WHERE pensum='5' AND c_uni_ca='6' AND c_asigna='300222' [1][0] OK
C:[07/11/2012 08:52:14.59][172.16.8.251][1232] SELECT c_asigna FROM dace004 WHERE exp_e='11-20805887' AND c_asigna='300112' AND status IN ('0','3','B') [1][0] OK
C:[07/11/2012 08:52:14.59][172.16.8.251][1219] SELECT pre_cod_asig1,pre_cod_asig2,pre_cod_asig3,pre_cod_asig4,pre_cod_asig5,pre_cod_asig6,pre_cod_asig7 FROM tblaca009 WHERE pensum='5' AND c_uni_ca='6' AND c_asigna='300106' [1][0] OK
C:[07/11/2012 08:52:14.59][172.16.8.251][1219] SELECT pre_cod_asig1,pre_cod_asig2,pre_cod_asig3,pre_cod_asig4,pre_cod_asig5,pre_cod_asig6,pre_cod_asig7 FROM tblaca009 WHERE pensum='5' AND c_uni_ca='6' AND c_asigna='300226' [1][0] OK
C:[07/11/2012 08:52:14.59][172.16.8.251][1232] SELECT c_asigna FROM dace004 WHERE exp_e='11-20805887' AND c_asigna='300116' AND status IN ('0','3','B') [1][0] OK
C:[07/11/2012 08:52:14.59][172.16.8.251][1219] SELECT pre_cod_asig1,pre_cod_asig2,pre_cod_asig3,pre_cod_asig4,pre_cod_asig5,pre_cod_asig6,pre_cod_asig7 FROM tblaca009 WHERE pensum='5' AND c_uni_ca='6' AND c_asigna='311561' [1][0] OK
C:[07/11/2012 08:52:14.59][172.16.8.251][1232] SELECT c_asigna FROM dace004 WHERE exp_e='11-20805887' AND c_asigna='300318' AND status IN ('0','3','B') [1][0] OK
C:[07/11/2012 08:52:14.59][172.16.8.251][1219] SELECT pre_cod_asig1,pre_cod_asig2,pre_cod_asig3,pre_cod_asig4,pre_cod_asig5,pre_cod_asig6,pre_cod_asig7 FROM tblaca009 WHERE pensum='5' AND c_uni_ca='6' AND c_asigna='342444' [1][0] OK
C:[07/11/2012 08:52:14.59][172.16.8.251][1232] SELECT c_asigna FROM dace004 WHERE exp_e='11-20805887' AND c_asigna='340323' AND status IN ('0','3','B') [1][0] OK
C:[07/11/2012 08:52:14.59][172.16.8.251][1219] SELECT pre_cod_asig1,pre_cod_asig2,pre_cod_asig3,pre_cod_asig4,pre_cod_asig5,pre_cod_asig6,pre_cod_asig7 FROM tblaca009 WHERE pensum='5' AND c_uni_ca='6' AND c_asigna='342559' [1][0] OK
C:[07/11/2012 08:52:14.59][172.16.8.251][1232] SELECT c_asigna FROM dace004 WHERE exp_e='11-20805887' AND c_asigna='342436' AND status IN ('0','3','B') [1][0] OK
C:[07/11/2012 08:52:14.59][172.16.8.251][1219] SELECT pre_cod_asig1,pre_cod_asig2,pre_cod_asig3,pre_cod_asig4,pre_cod_asig5,pre_cod_asig6,pre_cod_asig7 FROM tblaca009 WHERE pensum='5' AND c_uni_ca='6' AND c_asigna='343568' [1][0] OK
C:[07/11/2012 08:52:14.59][172.16.8.251][1232] SELECT c_asigna FROM dace004 WHERE exp_e='11-20805887' AND c_asigna='340327' AND status IN ('0','3','B') [1][0] OK
C:[07/11/2012 08:52:14.22][172.16.8.251][1263] SELECT par_cod_asig1,par_cod_asig2,par_cod_asig3 FROM tblaca009 WHERE pensum='5' AND c_uni_ca='6' AND c_asigna='300222' [1][0] OK
C:[07/11/2012 08:52:14.22][172.16.8.251][1263] SELECT par_cod_asig1,par_cod_asig2,par_cod_asig3 FROM tblaca009 WHERE pensum='5' AND c_uni_ca='6' AND c_asigna='300106' [1][0] OK
C:[07/11/2012 08:52:14.22][172.16.8.251][1263] SELECT par_cod_asig1,par_cod_asig2,par_cod_asig3 FROM tblaca009 WHERE pensum='5' AND c_uni_ca='6' AND c_asigna='300226' [1][0] OK
C:[07/11/2012 08:52:14.22][172.16.8.251][1263] SELECT par_cod_asig1,par_cod_asig2,par_cod_asig3 FROM tblaca009 WHERE pensum='5' AND c_uni_ca='6' AND c_asigna='311561' [1][0] OK
C:[07/11/2012 08:52:14.22][172.16.8.251][1263] SELECT par_cod_asig1,par_cod_asig2,par_cod_asig3 FROM tblaca009 WHERE pensum='5' AND c_uni_ca='6' AND c_asigna='342444' [1][0] OK
C:[07/11/2012 08:52:14.22][172.16.8.251][1263] SELECT par_cod_asig1,par_cod_asig2,par_cod_asig3 FROM tblaca009 WHERE pensum='5' AND c_uni_ca='6' AND c_asigna='342559' [1][0] OK
C:[07/11/2012 08:52:14.22][172.16.8.251][1263] SELECT par_cod_asig1,par_cod_asig2,par_cod_asig3 FROM tblaca009 WHERE pensum='5' AND c_uni_ca='6' AND c_asigna='343568' [1][0] OK
C:[07/11/2012 08:53:04.29][172.16.8.251][1219] SELECT pre_cod_asig1,pre_cod_asig2,pre_cod_asig3,pre_cod_asig4,pre_cod_asig5,pre_cod_asig6,pre_cod_asig7 FROM tblaca009 WHERE pensum='5' AND c_uni_ca='6' AND c_asigna='300106' [1][0] OK
C:[07/11/2012 08:53:04.29][172.16.8.251][1219] SELECT pre_cod_asig1,pre_cod_asig2,pre_cod_asig3,pre_cod_asig4,pre_cod_asig5,pre_cod_asig6,pre_cod_asig7 FROM tblaca009 WHERE pensum='5' AND c_uni_ca='6' AND c_asigna='300222' [1][0] OK
C:[07/11/2012 08:53:04.29][172.16.8.251][1232] SELECT c_asigna FROM dace004 WHERE exp_e='11-20805887' AND c_asigna='300112' AND status IN ('0','3','B') [1][0] OK
C:[07/11/2012 08:53:04.29][172.16.8.251][1219] SELECT pre_cod_asig1,pre_cod_asig2,pre_cod_asig3,pre_cod_asig4,pre_cod_asig5,pre_cod_asig6,pre_cod_asig7 FROM tblaca009 WHERE pensum='5' AND c_uni_ca='6' AND c_asigna='300226' [1][0] OK
C:[07/11/2012 08:53:04.29][172.16.8.251][1232] SELECT c_asigna FROM dace004 WHERE exp_e='11-20805887' AND c_asigna='300116' AND status IN ('0','3','B') [1][0] OK
C:[07/11/2012 08:53:04.29][172.16.8.251][1219] SELECT pre_cod_asig1,pre_cod_asig2,pre_cod_asig3,pre_cod_asig4,pre_cod_asig5,pre_cod_asig6,pre_cod_asig7 FROM tblaca009 WHERE pensum='5' AND c_uni_ca='6' AND c_asigna='311561' [1][0] OK
C:[07/11/2012 08:53:04.29][172.16.8.251][1232] SELECT c_asigna FROM dace004 WHERE exp_e='11-20805887' AND c_asigna='300318' AND status IN ('0','3','B') [1][0] OK
C:[07/11/2012 08:53:04.29][172.16.8.251][1219] SELECT pre_cod_asig1,pre_cod_asig2,pre_cod_asig3,pre_cod_asig4,pre_cod_asig5,pre_cod_asig6,pre_cod_asig7 FROM tblaca009 WHERE pensum='5' AND c_uni_ca='6' AND c_asigna='342444' [1][0] OK
C:[07/11/2012 08:53:04.29][172.16.8.251][1232] SELECT c_asigna FROM dace004 WHERE exp_e='11-20805887' AND c_asigna='340323' AND status IN ('0','3','B') [1][0] OK
C:[07/11/2012 08:53:04.29][172.16.8.251][1219] SELECT pre_cod_asig1,pre_cod_asig2,pre_cod_asig3,pre_cod_asig4,pre_cod_asig5,pre_cod_asig6,pre_cod_asig7 FROM tblaca009 WHERE pensum='5' AND c_uni_ca='6' AND c_asigna='342559' [1][0] OK
C:[07/11/2012 08:53:04.29][172.16.8.251][1232] SELECT c_asigna FROM dace004 WHERE exp_e='11-20805887' AND c_asigna='342436' AND status IN ('0','3','B') [1][0] OK
C:[07/11/2012 08:53:04.29][172.16.8.251][1219] SELECT pre_cod_asig1,pre_cod_asig2,pre_cod_asig3,pre_cod_asig4,pre_cod_asig5,pre_cod_asig6,pre_cod_asig7 FROM tblaca009 WHERE pensum='5' AND c_uni_ca='6' AND c_asigna='343568' [1][0] OK
C:[07/11/2012 08:53:04.29][172.16.8.251][1232] SELECT c_asigna FROM dace004 WHERE exp_e='11-20805887' AND c_asigna='340327' AND status IN ('0','3','B') [1][0] OK
C:[07/11/2012 08:53:05.92][172.16.8.251][1263] SELECT par_cod_asig1,par_cod_asig2,par_cod_asig3 FROM tblaca009 WHERE pensum='5' AND c_uni_ca='6' AND c_asigna='300106' [1][0] OK
C:[07/11/2012 08:53:05.92][172.16.8.251][1263] SELECT par_cod_asig1,par_cod_asig2,par_cod_asig3 FROM tblaca009 WHERE pensum='5' AND c_uni_ca='6' AND c_asigna='300222' [1][0] OK
C:[07/11/2012 08:53:05.92][172.16.8.251][1263] SELECT par_cod_asig1,par_cod_asig2,par_cod_asig3 FROM tblaca009 WHERE pensum='5' AND c_uni_ca='6' AND c_asigna='300226' [1][0] OK
C:[07/11/2012 08:53:05.92][172.16.8.251][1263] SELECT par_cod_asig1,par_cod_asig2,par_cod_asig3 FROM tblaca009 WHERE pensum='5' AND c_uni_ca='6' AND c_asigna='311561' [1][0] OK
C:[07/11/2012 08:53:05.92][172.16.8.251][1263] SELECT par_cod_asig1,par_cod_asig2,par_cod_asig3 FROM tblaca009 WHERE pensum='5' AND c_uni_ca='6' AND c_asigna='342444' [1][0] OK
C:[07/11/2012 08:53:05.92][172.16.8.251][1263] SELECT par_cod_asig1,par_cod_asig2,par_cod_asig3 FROM tblaca009 WHERE pensum='5' AND c_uni_ca='6' AND c_asigna='342559' [1][0] OK
C:[07/11/2012 08:53:05.92][172.16.8.251][1263] SELECT par_cod_asig1,par_cod_asig2,par_cod_asig3 FROM tblaca009 WHERE pensum='5' AND c_uni_ca='6' AND c_asigna='343568' [1][0] OK
C:[07/11/2012 08:54:24.66][172.16.8.251][1219] SELECT pre_cod_asig1,pre_cod_asig2,pre_cod_asig3,pre_cod_asig4,pre_cod_asig5,pre_cod_asig6,pre_cod_asig7 FROM tblaca009 WHERE pensum='5' AND c_uni_ca='6' AND c_asigna='300222' [1][0] OK
C:[07/11/2012 08:54:24.66][172.16.8.251][1232] SELECT c_asigna FROM dace004 WHERE exp_e='11-20805888' AND c_asigna='300112' AND status IN ('0','3','B') [1][0] OK
C:[07/11/2012 08:54:24.66][172.16.8.251][1219] SELECT pre_cod_asig1,pre_cod_asig2,pre_cod_asig3,pre_cod_asig4,pre_cod_asig5,pre_cod_asig6,pre_cod_asig7 FROM tblaca009 WHERE pensum='5' AND c_uni_ca='6' AND c_asigna='300226' [1][0] OK
C:[07/11/2012 08:54:24.66][172.16.8.251][1232] SELECT c_asigna FROM dace004 WHERE exp_e='11-20805888' AND c_asigna='300116' AND status IN ('0','3','B') [1][0] OK
C:[07/11/2012 08:54:24.66][172.16.8.251][1219] SELECT pre_cod_asig1,pre_cod_asig2,pre_cod_asig3,pre_cod_asig4,pre_cod_asig5,pre_cod_asig6,pre_cod_asig7 FROM tblaca009 WHERE pensum='5' AND c_uni_ca='6' AND c_asigna='300314' [1][0] OK
C:[07/11/2012 08:54:24.66][172.16.8.251][1232] SELECT c_asigna FROM dace004 WHERE exp_e='11-20805888' AND c_asigna='300106' AND status IN ('0','3','B') [1][0] OK
C:[07/11/2012 08:54:24.66][172.16.8.251][1219] SELECT pre_cod_asig1,pre_cod_asig2,pre_cod_asig3,pre_cod_asig4,pre_cod_asig5,pre_cod_asig6,pre_cod_asig7 FROM tblaca009 WHERE pensum='5' AND c_uni_ca='6' AND c_asigna='311561' [1][0] OK
C:[07/11/2012 08:54:24.66][172.16.8.251][1232] SELECT c_asigna FROM dace004 WHERE exp_e='11-20805888' AND c_asigna='300318' AND status IN ('0','3','B') [1][0] OK
C:[07/11/2012 08:54:24.66][172.16.8.251][1219] SELECT pre_cod_asig1,pre_cod_asig2,pre_cod_asig3,pre_cod_asig4,pre_cod_asig5,pre_cod_asig6,pre_cod_asig7 FROM tblaca009 WHERE pensum='5' AND c_uni_ca='6' AND c_asigna='342444' [1][0] OK
C:[07/11/2012 08:54:24.66][172.16.8.251][1232] SELECT c_asigna FROM dace004 WHERE exp_e='11-20805888' AND c_asigna='340323' AND status IN ('0','3','B') [1][0] OK
C:[07/11/2012 08:54:24.66][172.16.8.251][1219] SELECT pre_cod_asig1,pre_cod_asig2,pre_cod_asig3,pre_cod_asig4,pre_cod_asig5,pre_cod_asig6,pre_cod_asig7 FROM tblaca009 WHERE pensum='5' AND c_uni_ca='6' AND c_asigna='342559' [1][0] OK
C:[07/11/2012 08:54:24.66][172.16.8.251][1232] SELECT c_asigna FROM dace004 WHERE exp_e='11-20805888' AND c_asigna='342436' AND status IN ('0','3','B') [1][0] OK
C:[07/11/2012 08:54:24.66][172.16.8.251][1219] SELECT pre_cod_asig1,pre_cod_asig2,pre_cod_asig3,pre_cod_asig4,pre_cod_asig5,pre_cod_asig6,pre_cod_asig7 FROM tblaca009 WHERE pensum='5' AND c_uni_ca='6' AND c_asigna='343568' [1][0] OK
C:[07/11/2012 08:54:24.66][172.16.8.251][1232] SELECT c_asigna FROM dace004 WHERE exp_e='11-20805888' AND c_asigna='340327' AND status IN ('0','3','B') [1][0] OK
C:[07/11/2012 08:54:24.41][172.16.8.251][1263] SELECT par_cod_asig1,par_cod_asig2,par_cod_asig3 FROM tblaca009 WHERE pensum='5' AND c_uni_ca='6' AND c_asigna='300222' [1][0] OK
C:[07/11/2012 08:54:24.41][172.16.8.251][1263] SELECT par_cod_asig1,par_cod_asig2,par_cod_asig3 FROM tblaca009 WHERE pensum='5' AND c_uni_ca='6' AND c_asigna='300226' [1][0] OK
C:[07/11/2012 08:54:24.41][172.16.8.251][1263] SELECT par_cod_asig1,par_cod_asig2,par_cod_asig3 FROM tblaca009 WHERE pensum='5' AND c_uni_ca='6' AND c_asigna='300314' [1][0] OK
C:[07/11/2012 08:54:24.41][172.16.8.251][1263] SELECT par_cod_asig1,par_cod_asig2,par_cod_asig3 FROM tblaca009 WHERE pensum='5' AND c_uni_ca='6' AND c_asigna='311561' [1][0] OK
C:[07/11/2012 08:54:24.41][172.16.8.251][1263] SELECT par_cod_asig1,par_cod_asig2,par_cod_asig3 FROM tblaca009 WHERE pensum='5' AND c_uni_ca='6' AND c_asigna='342444' [1][0] OK
C:[07/11/2012 08:54:24.41][172.16.8.251][1263] SELECT par_cod_asig1,par_cod_asig2,par_cod_asig3 FROM tblaca009 WHERE pensum='5' AND c_uni_ca='6' AND c_asigna='342559' [1][0] OK
C:[07/11/2012 08:54:24.41][172.16.8.251][1263] SELECT par_cod_asig1,par_cod_asig2,par_cod_asig3 FROM tblaca009 WHERE pensum='5' AND c_uni_ca='6' AND c_asigna='343568' [1][0] OK
C:[07/11/2012 09:08:07.92][172.16.8.251][1219] SELECT pre_cod_asig1,pre_cod_asig2,pre_cod_asig3,pre_cod_asig4,pre_cod_asig5,pre_cod_asig6,pre_cod_asig7 FROM tblaca009 WHERE pensum='5' AND c_uni_ca='6' AND c_asigna='300213' [1][0] OK
C:[07/11/2012 09:08:07.92][172.16.8.251][1232] SELECT c_asigna FROM dace004 WHERE exp_e='11-25002549' AND c_asigna='300101' AND status IN ('0','3','B') [1][0] OK
C:[07/11/2012 09:08:07.92][172.16.8.251][1219] SELECT pre_cod_asig1,pre_cod_asig2,pre_cod_asig3,pre_cod_asig4,pre_cod_asig5,pre_cod_asig6,pre_cod_asig7 FROM tblaca009 WHERE pensum='5' AND c_uni_ca='6' AND c_asigna='300218' [1][0] OK
C:[07/11/2012 09:08:07.92][172.16.8.251][1219] SELECT pre_cod_asig1,pre_cod_asig2,pre_cod_asig3,pre_cod_asig4,pre_cod_asig5,pre_cod_asig6,pre_cod_asig7 FROM tblaca009 WHERE pensum='5' AND c_uni_ca='6' AND c_asigna='300228' [1][0] OK
C:[07/11/2012 09:08:07.92][172.16.8.251][1232] SELECT c_asigna FROM dace004 WHERE exp_e='11-25002549' AND c_asigna='300101' AND status IN ('0','3','B') [1][0] OK
C:[07/11/2012 09:08:07.92][172.16.8.251][1219] SELECT pre_cod_asig1,pre_cod_asig2,pre_cod_asig3,pre_cod_asig4,pre_cod_asig5,pre_cod_asig6,pre_cod_asig7 FROM tblaca009 WHERE pensum='5' AND c_uni_ca='6' AND c_asigna='300317' [1][0] OK
C:[07/11/2012 09:08:07.92][172.16.8.251][1232] SELECT c_asigna FROM dace004 WHERE exp_e='11-25002549' AND c_asigna='300207' AND status IN ('0','3','B') [1][0] OK
C:[07/11/2012 09:08:07.92][172.16.8.251][1232] SELECT c_asigna FROM dace004 WHERE exp_e='11-25002549' AND c_asigna='300209' AND status IN ('0','3','B') [1][0] OK
C:[07/11/2012 09:08:07.92][172.16.8.251][1219] SELECT pre_cod_asig1,pre_cod_asig2,pre_cod_asig3,pre_cod_asig4,pre_cod_asig5,pre_cod_asig6,pre_cod_asig7 FROM tblaca009 WHERE pensum='5' AND c_uni_ca='6' AND c_asigna='343568' [1][0] OK
C:[07/11/2012 09:08:07.92][172.16.8.251][1232] SELECT c_asigna FROM dace004 WHERE exp_e='11-25002549' AND c_asigna='340327' AND status IN ('0','3','B') [1][0] OK
C:[07/11/2012 09:08:07.17][172.16.8.251][1263] SELECT par_cod_asig1,par_cod_asig2,par_cod_asig3 FROM tblaca009 WHERE pensum='5' AND c_uni_ca='6' AND c_asigna='300213' [1][0] OK
C:[07/11/2012 09:08:07.17][172.16.8.251][1277] SELECT c_asigna FROM dace004 WHERE exp_e='11-25002549' AND c_asigna='300209' AND status IN ('0','3','B','C') [1][0] OK
C:[07/11/2012 09:08:07.17][172.16.8.251][1263] SELECT par_cod_asig1,par_cod_asig2,par_cod_asig3 FROM tblaca009 WHERE pensum='5' AND c_uni_ca='6' AND c_asigna='300218' [1][0] OK
C:[07/11/2012 09:08:07.17][172.16.8.251][1277] SELECT c_asigna FROM dace004 WHERE exp_e='11-25002549' AND c_asigna='300228' AND status IN ('0','3','B','C') [0][0] OK
C:[07/11/2012 09:08:07.17][172.16.8.251][1263] SELECT par_cod_asig1,par_cod_asig2,par_cod_asig3 FROM tblaca009 WHERE pensum='5' AND c_uni_ca='6' AND c_asigna='300228' [1][0] OK
C:[07/11/2012 09:08:07.17][172.16.8.251][1263] SELECT par_cod_asig1,par_cod_asig2,par_cod_asig3 FROM tblaca009 WHERE pensum='5' AND c_uni_ca='6' AND c_asigna='300317' [1][0] OK
C:[07/11/2012 09:08:07.17][172.16.8.251][1263] SELECT par_cod_asig1,par_cod_asig2,par_cod_asig3 FROM tblaca009 WHERE pensum='5' AND c_uni_ca='6' AND c_asigna='343568' [1][0] OK
C:[07/11/2012 09:09:20.62][172.16.8.251][1219] SELECT pre_cod_asig1,pre_cod_asig2,pre_cod_asig3,pre_cod_asig4,pre_cod_asig5,pre_cod_asig6,pre_cod_asig7 FROM tblaca009 WHERE pensum='5' AND c_uni_ca='6' AND c_asigna='300213' [1][0] OK
C:[07/11/2012 09:09:20.62][172.16.8.251][1232] SELECT c_asigna FROM dace004 WHERE exp_e='09-20563364' AND c_asigna='300101' AND status IN ('0','3','B') [1][0] OK
C:[07/11/2012 09:09:20.62][172.16.8.251][1219] SELECT pre_cod_asig1,pre_cod_asig2,pre_cod_asig3,pre_cod_asig4,pre_cod_asig5,pre_cod_asig6,pre_cod_asig7 FROM tblaca009 WHERE pensum='5' AND c_uni_ca='6' AND c_asigna='300226' [1][0] OK
C:[07/11/2012 09:09:20.62][172.16.8.251][1232] SELECT c_asigna FROM dace004 WHERE exp_e='09-20563364' AND c_asigna='300116' AND status IN ('0','3','B') [1][0] OK
C:[07/11/2012 09:09:20.62][172.16.8.251][1219] SELECT pre_cod_asig1,pre_cod_asig2,pre_cod_asig3,pre_cod_asig4,pre_cod_asig5,pre_cod_asig6,pre_cod_asig7 FROM tblaca009 WHERE pensum='5' AND c_uni_ca='6' AND c_asigna='342444' [1][0] OK
C:[07/11/2012 09:09:20.62][172.16.8.251][1232] SELECT c_asigna FROM dace004 WHERE exp_e='09-20563364' AND c_asigna='340323' AND status IN ('0','3','B') [1][0] OK
C:[07/11/2012 09:09:20.37][172.16.8.251][1263] SELECT par_cod_asig1,par_cod_asig2,par_cod_asig3 FROM tblaca009 WHERE pensum='5' AND c_uni_ca='6' AND c_asigna='300213' [1][0] OK
C:[07/11/2012 09:09:20.37][172.16.8.251][1277] SELECT c_asigna FROM dace004 WHERE exp_e='09-20563364' AND c_asigna='300209' AND status IN ('0','3','B','C') [1][0] OK
C:[07/11/2012 09:09:20.37][172.16.8.251][1263] SELECT par_cod_asig1,par_cod_asig2,par_cod_asig3 FROM tblaca009 WHERE pensum='5' AND c_uni_ca='6' AND c_asigna='300226' [1][0] OK
C:[07/11/2012 09:09:20.37][172.16.8.251][1263] SELECT par_cod_asig1,par_cod_asig2,par_cod_asig3 FROM tblaca009 WHERE pensum='5' AND c_uni_ca='6' AND c_asigna='342444' [1][0] OK
C:[07/11/2012 09:37:23.43][172.16.8.247][1219] SELECT pre_cod_asig1,pre_cod_asig2,pre_cod_asig3,pre_cod_asig4,pre_cod_asig5,pre_cod_asig6,pre_cod_asig7 FROM tblaca009 WHERE pensum='5' AND c_uni_ca='6' AND c_asigna='342567' [1][0] OK
C:[07/11/2012 09:37:23.43][172.16.8.247][1232] SELECT c_asigna FROM dace004 WHERE exp_e='05-17884196' AND c_asigna='342444' AND status IN ('0','3','B') [1][0] OK
C:[07/11/2012 09:37:23.43][172.16.8.247][1219] SELECT pre_cod_asig1,pre_cod_asig2,pre_cod_asig3,pre_cod_asig4,pre_cod_asig5,pre_cod_asig6,pre_cod_asig7 FROM tblaca009 WHERE pensum='5' AND c_uni_ca='6' AND c_asigna='344714' [1][0] OK
C:[07/11/2012 09:37:23.43][172.16.8.247][1232] SELECT c_asigna FROM dace004 WHERE exp_e='05-17884196' AND c_asigna='344689' AND status IN ('0','3','B') [1][0] OK
C:[07/11/2012 09:37:23.43][172.16.8.247][1232] SELECT c_asigna FROM dace004 WHERE exp_e='05-17884196' AND c_asigna='300313' AND status IN ('0','3','B') [1][0] OK
C:[07/11/2012 09:37:23.43][172.16.8.247][1219] SELECT pre_cod_asig1,pre_cod_asig2,pre_cod_asig3,pre_cod_asig4,pre_cod_asig5,pre_cod_asig6,pre_cod_asig7 FROM tblaca009 WHERE pensum='5' AND c_uni_ca='6' AND c_asigna='344733' [1][0] OK
C:[07/11/2012 09:37:24.17][172.16.8.247][1263] SELECT par_cod_asig1,par_cod_asig2,par_cod_asig3 FROM tblaca009 WHERE pensum='5' AND c_uni_ca='6' AND c_asigna='342567' [1][0] OK
C:[07/11/2012 09:37:24.17][172.16.8.247][1263] SELECT par_cod_asig1,par_cod_asig2,par_cod_asig3 FROM tblaca009 WHERE pensum='5' AND c_uni_ca='6' AND c_asigna='344714' [1][0] OK
C:[07/11/2012 09:37:24.17][172.16.8.247][1263] SELECT par_cod_asig1,par_cod_asig2,par_cod_asig3 FROM tblaca009 WHERE pensum='5' AND c_uni_ca='6' AND c_asigna='344733' [1][0] OK
C:[07/11/2012 09:37:24.55][172.16.8.247][1334] SELECT c_asigna FROM tblaca009 WHERE pensum='5' AND c_uni_ca='6' AND ((par_cod_asig1='344687') OR (par_cod_asig2='344687') OR (par_cod_asig3='344687'))  [0][0] OK
C:[07/11/2012 10:01:39.84][172.16.8.247][1219] SELECT pre_cod_asig1,pre_cod_asig2,pre_cod_asig3,pre_cod_asig4,pre_cod_asig5,pre_cod_asig6,pre_cod_asig7 FROM tblaca009 WHERE pensum='5' AND c_uni_ca='6' AND c_asigna='300676' [1][0] OK
C:[07/11/2012 10:01:39.84][172.16.8.247][1219] SELECT pre_cod_asig1,pre_cod_asig2,pre_cod_asig3,pre_cod_asig4,pre_cod_asig5,pre_cod_asig6,pre_cod_asig7 FROM tblaca009 WHERE pensum='5' AND c_uni_ca='6' AND c_asigna='344688' [1][0] OK
C:[07/11/2012 10:01:39.84][172.16.8.247][1232] SELECT c_asigna FROM dace004 WHERE exp_e='04-18886325' AND c_asigna='342567' AND status IN ('0','3','B') [1][0] OK
C:[07/11/2012 10:01:39.84][172.16.8.247][1232] SELECT c_asigna FROM dace004 WHERE exp_e='04-18886325' AND c_asigna='344565' AND status IN ('0','3','B') [1][0] OK
C:[07/11/2012 10:01:39.84][172.16.8.247][1219] SELECT pre_cod_asig1,pre_cod_asig2,pre_cod_asig3,pre_cod_asig4,pre_cod_asig5,pre_cod_asig6,pre_cod_asig7 FROM tblaca009 WHERE pensum='5' AND c_uni_ca='6' AND c_asigna='344714' [1][0] OK
C:[07/11/2012 10:01:39.84][172.16.8.247][1232] SELECT c_asigna FROM dace004 WHERE exp_e='04-18886325' AND c_asigna='344689' AND status IN ('0','3','B') [1][0] OK
C:[07/11/2012 10:01:39.84][172.16.8.247][1232] SELECT c_asigna FROM dace004 WHERE exp_e='04-18886325' AND c_asigna='300313' AND status IN ('0','3','B') [0][0] OK
C:[07/11/2012 10:01:39.72][172.16.8.247][1263] SELECT par_cod_asig1,par_cod_asig2,par_cod_asig3 FROM tblaca009 WHERE pensum='5' AND c_uni_ca='6' AND c_asigna='300676' [1][0] OK
C:[07/11/2012 10:01:39.72][172.16.8.247][1263] SELECT par_cod_asig1,par_cod_asig2,par_cod_asig3 FROM tblaca009 WHERE pensum='5' AND c_uni_ca='6' AND c_asigna='344688' [1][0] OK
C:[07/11/2012 10:01:39.72][172.16.8.247][1263] SELECT par_cod_asig1,par_cod_asig2,par_cod_asig3 FROM tblaca009 WHERE pensum='5' AND c_uni_ca='6' AND c_asigna='344714' [1][0] OK
C:[07/11/2012 10:01:40.10][172.16.8.247][1334] SELECT c_asigna FROM tblaca009 WHERE pensum='5' AND c_uni_ca='6' AND ((par_cod_asig1='344687') OR (par_cod_asig2='344687') OR (par_cod_asig3='344687'))  [0][0] OK
C:[07/11/2012 10:06:37.37][172.16.12.119][1219] SELECT pre_cod_asig1,pre_cod_asig2,pre_cod_asig3,pre_cod_asig4,pre_cod_asig5,pre_cod_asig6,pre_cod_asig7 FROM tblaca009 WHERE pensum='5' AND c_uni_ca='6' AND c_asigna='300676' [1][0] OK
C:[07/11/2012 10:06:37.37][172.16.12.119][1219] SELECT pre_cod_asig1,pre_cod_asig2,pre_cod_asig3,pre_cod_asig4,pre_cod_asig5,pre_cod_asig6,pre_cod_asig7 FROM tblaca009 WHERE pensum='5' AND c_uni_ca='6' AND c_asigna='344688' [1][0] OK
C:[07/11/2012 10:06:37.37][172.16.12.119][1232] SELECT c_asigna FROM dace004 WHERE exp_e='04-18886325' AND c_asigna='342567' AND status IN ('0','3','B') [1][0] OK
C:[07/11/2012 10:06:37.37][172.16.12.119][1232] SELECT c_asigna FROM dace004 WHERE exp_e='04-18886325' AND c_asigna='344565' AND status IN ('0','3','B') [1][0] OK
C:[07/11/2012 10:06:37.37][172.16.12.119][1219] SELECT pre_cod_asig1,pre_cod_asig2,pre_cod_asig3,pre_cod_asig4,pre_cod_asig5,pre_cod_asig6,pre_cod_asig7 FROM tblaca009 WHERE pensum='5' AND c_uni_ca='6' AND c_asigna='344714' [1][0] OK
C:[07/11/2012 10:06:37.37][172.16.12.119][1232] SELECT c_asigna FROM dace004 WHERE exp_e='04-18886325' AND c_asigna='344689' AND status IN ('0','3','B') [1][0] OK
C:[07/11/2012 10:06:37.37][172.16.12.119][1232] SELECT c_asigna FROM dace004 WHERE exp_e='04-18886325' AND c_asigna='300313' AND status IN ('0','3','B') [0][0] OK
C:[07/11/2012 10:06:38.25][172.16.12.119][1263] SELECT par_cod_asig1,par_cod_asig2,par_cod_asig3 FROM tblaca009 WHERE pensum='5' AND c_uni_ca='6' AND c_asigna='300676' [1][0] OK
C:[07/11/2012 10:06:38.25][172.16.12.119][1263] SELECT par_cod_asig1,par_cod_asig2,par_cod_asig3 FROM tblaca009 WHERE pensum='5' AND c_uni_ca='6' AND c_asigna='344688' [1][0] OK
C:[07/11/2012 10:06:38.25][172.16.12.119][1263] SELECT par_cod_asig1,par_cod_asig2,par_cod_asig3 FROM tblaca009 WHERE pensum='5' AND c_uni_ca='6' AND c_asigna='344714' [1][0] OK
C:[07/11/2012 10:06:38.62][172.16.12.119][1334] SELECT c_asigna FROM tblaca009 WHERE pensum='5' AND c_uni_ca='6' AND ((par_cod_asig1='344687') OR (par_cod_asig2='344687') OR (par_cod_asig3='344687'))  [0][0] OK
C:[07/11/2012 10:20:15.21][172.16.8.247][1219] SELECT pre_cod_asig1,pre_cod_asig2,pre_cod_asig3,pre_cod_asig4,pre_cod_asig5,pre_cod_asig6,pre_cod_asig7 FROM tblaca009 WHERE pensum='5' AND c_uni_ca='6' AND c_asigna='300313' [1][0] OK
C:[07/11/2012 10:20:15.21][172.16.8.247][1232] SELECT c_asigna FROM dace004 WHERE exp_e='09-20507287' AND c_asigna='300213' AND status IN ('0','3','B') [1][0] OK
C:[07/11/2012 10:20:15.21][172.16.8.247][1232] SELECT c_asigna FROM dace004 WHERE exp_e='09-20507287' AND c_asigna='300226' AND status IN ('0','3','B') [1][0] OK
C:[07/11/2012 10:20:15.21][172.16.8.247][1232] SELECT c_asigna FROM dace004 WHERE exp_e='09-20507287' AND c_asigna='300222' AND status IN ('0','3','B') [1][0] OK
C:[07/11/2012 10:20:15.21][172.16.8.247][1232] SELECT c_asigna FROM dace004 WHERE exp_e='09-20507287' AND c_asigna='300209' AND status IN ('0','3','B') [1][0] OK
C:[07/11/2012 10:20:15.21][172.16.8.247][1219] SELECT pre_cod_asig1,pre_cod_asig2,pre_cod_asig3,pre_cod_asig4,pre_cod_asig5,pre_cod_asig6,pre_cod_asig7 FROM tblaca009 WHERE pensum='5' AND c_uni_ca='6' AND c_asigna='342444' [1][0] OK
C:[07/11/2012 10:20:15.21][172.16.8.247][1232] SELECT c_asigna FROM dace004 WHERE exp_e='09-20507287' AND c_asigna='340323' AND status IN ('0','3','B') [1][0] OK
C:[07/11/2012 10:20:15.21][172.16.8.247][1219] SELECT pre_cod_asig1,pre_cod_asig2,pre_cod_asig3,pre_cod_asig4,pre_cod_asig5,pre_cod_asig6,pre_cod_asig7 FROM tblaca009 WHERE pensum='5' AND c_uni_ca='6' AND c_asigna='344714' [1][0] OK
C:[07/11/2012 10:20:15.21][172.16.8.247][1232] SELECT c_asigna FROM dace004 WHERE exp_e='09-20507287' AND c_asigna='344689' AND status IN ('0','3','B') [1][0] OK
C:[07/11/2012 10:20:15.21][172.16.8.247][1232] SELECT c_asigna FROM dace004 WHERE exp_e='09-20507287' AND c_asigna='300313' AND status IN ('0','3','B') [0][0] OK
C:[07/11/2012 10:20:15.21][172.16.8.247][1219] SELECT pre_cod_asig1,pre_cod_asig2,pre_cod_asig3,pre_cod_asig4,pre_cod_asig5,pre_cod_asig6,pre_cod_asig7 FROM tblaca009 WHERE pensum='5' AND c_uni_ca='6' AND c_asigna='344732' [1][0] OK
C:[07/11/2012 10:20:15.21][172.16.8.247][1232] SELECT c_asigna FROM dace004 WHERE exp_e='09-20507287' AND c_asigna='344687' AND status IN ('0','3','B') [1][0] OK
C:[07/11/2012 10:20:15.21][172.16.8.247][1219] SELECT pre_cod_asig1,pre_cod_asig2,pre_cod_asig3,pre_cod_asig4,pre_cod_asig5,pre_cod_asig6,pre_cod_asig7 FROM tblaca009 WHERE pensum='5' AND c_uni_ca='6' AND c_asigna='344733' [1][0] OK
C:[07/11/2012 10:20:15.84][172.16.8.247][1263] SELECT par_cod_asig1,par_cod_asig2,par_cod_asig3 FROM tblaca009 WHERE pensum='5' AND c_uni_ca='6' AND c_asigna='300313' [1][0] OK
C:[07/11/2012 10:20:15.84][172.16.8.247][1263] SELECT par_cod_asig1,par_cod_asig2,par_cod_asig3 FROM tblaca009 WHERE pensum='5' AND c_uni_ca='6' AND c_asigna='342444' [1][0] OK
C:[07/11/2012 10:20:15.84][172.16.8.247][1263] SELECT par_cod_asig1,par_cod_asig2,par_cod_asig3 FROM tblaca009 WHERE pensum='5' AND c_uni_ca='6' AND c_asigna='344714' [1][0] OK
C:[07/11/2012 10:20:15.84][172.16.8.247][1263] SELECT par_cod_asig1,par_cod_asig2,par_cod_asig3 FROM tblaca009 WHERE pensum='5' AND c_uni_ca='6' AND c_asigna='344732' [1][0] OK
C:[07/11/2012 10:20:15.84][172.16.8.247][1263] SELECT par_cod_asig1,par_cod_asig2,par_cod_asig3 FROM tblaca009 WHERE pensum='5' AND c_uni_ca='6' AND c_asigna='344733' [1][0] OK
C:[07/11/2012 10:20:16.46][172.16.8.247][1334] SELECT c_asigna FROM tblaca009 WHERE pensum='5' AND c_uni_ca='6' AND ((par_cod_asig1='344951') OR (par_cod_asig2='344951') OR (par_cod_asig3='344951'))  [0][0] OK
C:[07/11/2012 10:22:36.06][172.16.8.247][1219] SELECT pre_cod_asig1,pre_cod_asig2,pre_cod_asig3,pre_cod_asig4,pre_cod_asig5,pre_cod_asig6,pre_cod_asig7 FROM tblaca009 WHERE pensum='5' AND c_uni_ca='3' AND c_asigna='311556' [1][0] OK
C:[07/11/2012 10:22:36.06][172.16.8.247][1232] SELECT c_asigna FROM dace004 WHERE exp_e='11-21251117' AND c_asigna='311434' AND status IN ('0','3','B') [1][0] OK
C:[07/11/2012 10:22:36.06][172.16.8.247][1232] SELECT c_asigna FROM dace004 WHERE exp_e='11-21251117' AND c_asigna='300222' AND status IN ('0','3','B') [1][0] OK
C:[07/11/2012 10:22:36.06][172.16.8.247][1232] SELECT c_asigna FROM dace004 WHERE exp_e='11-21251117' AND c_asigna='300226' AND status IN ('0','3','B') [1][0] OK
C:[07/11/2012 10:22:36.06][172.16.8.247][1232] SELECT c_asigna FROM dace004 WHERE exp_e='11-21251117' AND c_asigna='300209' AND status IN ('0','3','B') [1][0] OK
C:[07/11/2012 10:22:36.06][172.16.8.247][1219] SELECT pre_cod_asig1,pre_cod_asig2,pre_cod_asig3,pre_cod_asig4,pre_cod_asig5,pre_cod_asig6,pre_cod_asig7 FROM tblaca009 WHERE pensum='5' AND c_uni_ca='3' AND c_asigna='300422' [1][0] OK
C:[07/11/2012 10:22:36.06][172.16.8.247][1232] SELECT c_asigna FROM dace004 WHERE exp_e='11-21251117' AND c_asigna='300105' AND status IN ('0','3','B') [1][0] OK
C:[07/11/2012 10:22:36.06][172.16.8.247][1232] SELECT c_asigna FROM dace004 WHERE exp_e='11-21251117' AND c_asigna='300314' AND status IN ('0','3','B') [1][0] OK
C:[07/11/2012 10:22:36.06][172.16.8.247][1219] SELECT pre_cod_asig1,pre_cod_asig2,pre_cod_asig3,pre_cod_asig4,pre_cod_asig5,pre_cod_asig6,pre_cod_asig7 FROM tblaca009 WHERE pensum='5' AND c_uni_ca='3' AND c_asigna='310548' [1][0] OK
C:[07/11/2012 10:22:36.06][172.16.8.247][1232] SELECT c_asigna FROM dace004 WHERE exp_e='11-21251117' AND c_asigna='300428' AND status IN ('0','3','B') [1][0] OK
C:[07/11/2012 10:22:36.06][172.16.8.247][1232] SELECT c_asigna FROM dace004 WHERE exp_e='11-21251117' AND c_asigna='300313' AND status IN ('0','3','B') [1][0] OK
C:[07/11/2012 10:22:36.06][172.16.8.247][1232] SELECT c_asigna FROM dace004 WHERE exp_e='11-21251117' AND c_asigna='300222' AND status IN ('0','3','B') [1][0] OK
C:[07/11/2012 10:22:36.06][172.16.8.247][1232] SELECT c_asigna FROM dace004 WHERE exp_e='11-21251117' AND c_asigna='300226' AND status IN ('0','3','B') [1][0] OK
C:[07/11/2012 10:22:36.06][172.16.8.247][1232] SELECT c_asigna FROM dace004 WHERE exp_e='11-21251117' AND c_asigna='300209' AND status IN ('0','3','B') [1][0] OK
C:[07/11/2012 10:22:36.06][172.16.8.247][1219] SELECT pre_cod_asig1,pre_cod_asig2,pre_cod_asig3,pre_cod_asig4,pre_cod_asig5,pre_cod_asig6,pre_cod_asig7 FROM tblaca009 WHERE pensum='5' AND c_uni_ca='3' AND c_asigna='311551' [1][0] OK
C:[07/11/2012 10:22:36.06][172.16.8.247][1232] SELECT c_asigna FROM dace004 WHERE exp_e='11-21251117' AND c_asigna='311430' AND status IN ('0','3','B') [1][0] OK
C:[07/11/2012 10:22:36.06][172.16.8.247][1232] SELECT c_asigna FROM dace004 WHERE exp_e='11-21251117' AND c_asigna='311431' AND status IN ('0','3','B') [1][0] OK
C:[07/11/2012 10:22:36.06][172.16.8.247][1232] SELECT c_asigna FROM dace004 WHERE exp_e='11-21251117' AND c_asigna='300222' AND status IN ('0','3','B') [1][0] OK
C:[07/11/2012 10:22:36.06][172.16.8.247][1232] SELECT c_asigna FROM dace004 WHERE exp_e='11-21251117' AND c_asigna='300226' AND status IN ('0','3','B') [1][0] OK
C:[07/11/2012 10:22:36.06][172.16.8.247][1232] SELECT c_asigna FROM dace004 WHERE exp_e='11-21251117' AND c_asigna='300209' AND status IN ('0','3','B') [1][0] OK
C:[07/11/2012 10:22:36.06][172.16.8.247][1232] SELECT c_asigna FROM dace004 WHERE exp_e='11-21251117' AND c_asigna='311320' AND status IN ('0','3','B') [1][0] OK
C:[07/11/2012 10:22:36.06][172.16.8.247][1219] SELECT pre_cod_asig1,pre_cod_asig2,pre_cod_asig3,pre_cod_asig4,pre_cod_asig5,pre_cod_asig6,pre_cod_asig7 FROM tblaca009 WHERE pensum='5' AND c_uni_ca='3' AND c_asigna='311554' [1][0] OK
C:[07/11/2012 10:22:36.06][172.16.8.247][1232] SELECT c_asigna FROM dace004 WHERE exp_e='11-21251117' AND c_asigna='300318' AND status IN ('0','3','B') [1][0] OK
C:[07/11/2012 10:22:36.06][172.16.8.247][1232] SELECT c_asigna FROM dace004 WHERE exp_e='11-21251117' AND c_asigna='300428' AND status IN ('0','3','B') [1][0] OK
C:[07/11/2012 10:22:36.06][172.16.8.247][1219] SELECT pre_cod_asig1,pre_cod_asig2,pre_cod_asig3,pre_cod_asig4,pre_cod_asig5,pre_cod_asig6,pre_cod_asig7 FROM tblaca009 WHERE pensum='5' AND c_uni_ca='3' AND c_asigna='312444' [1][0] OK
C:[07/11/2012 10:22:36.06][172.16.8.247][1232] SELECT c_asigna FROM dace004 WHERE exp_e='11-21251117' AND c_asigna='312333' AND status IN ('0','3','B') [1][0] OK
C:[07/11/2012 10:22:36.06][172.16.8.247][1219] SELECT pre_cod_asig1,pre_cod_asig2,pre_cod_asig3,pre_cod_asig4,pre_cod_asig5,pre_cod_asig6,pre_cod_asig7 FROM tblaca009 WHERE pensum='5' AND c_uni_ca='3' AND c_asigna='314662' [1][0] OK
C:[07/11/2012 10:22:36.06][172.16.8.247][1232] SELECT c_asigna FROM dace004 WHERE exp_e='11-21251117' AND c_asigna='311552' AND status IN ('0','3','B') [1][0] OK
C:[07/11/2012 10:22:36.06][172.16.8.247][1219] SELECT pre_cod_asig1,pre_cod_asig2,pre_cod_asig3,pre_cod_asig4,pre_cod_asig5,pre_cod_asig6,pre_cod_asig7 FROM tblaca009 WHERE pensum='5' AND c_uni_ca='3' AND c_asigna='315552' [1][0] OK
C:[07/11/2012 10:22:36.06][172.16.8.247][1232] SELECT c_asigna FROM dace004 WHERE exp_e='11-21251117' AND c_asigna='311430' AND status IN ('0','3','B') [1][0] OK
C:[07/11/2012 10:22:36.06][172.16.8.247][1232] SELECT c_asigna FROM dace004 WHERE exp_e='11-21251117' AND c_asigna='300222' AND status IN ('0','3','B') [1][0] OK
C:[07/11/2012 10:22:36.06][172.16.8.247][1232] SELECT c_asigna FROM dace004 WHERE exp_e='11-21251117' AND c_asigna='300226' AND status IN ('0','3','B') [1][0] OK
C:[07/11/2012 10:22:36.06][172.16.8.247][1232] SELECT c_asigna FROM dace004 WHERE exp_e='11-21251117' AND c_asigna='300209' AND status IN ('0','3','B') [1][0] OK
C:[07/11/2012 10:22:37.75][172.16.8.247][1263] SELECT par_cod_asig1,par_cod_asig2,par_cod_asig3 FROM tblaca009 WHERE pensum='5' AND c_uni_ca='3' AND c_asigna='311556' [1][0] OK
C:[07/11/2012 10:22:37.75][172.16.8.247][1277] SELECT c_asigna FROM dace004 WHERE exp_e='11-21251117' AND c_asigna='311551' AND status IN ('0','3','B','C') [0][0] OK
C:[07/11/2012 10:22:37.75][172.16.8.247][1263] SELECT par_cod_asig1,par_cod_asig2,par_cod_asig3 FROM tblaca009 WHERE pensum='5' AND c_uni_ca='3' AND c_asigna='300422' [1][0] OK
C:[07/11/2012 10:22:37.75][172.16.8.247][1263] SELECT par_cod_asig1,par_cod_asig2,par_cod_asig3 FROM tblaca009 WHERE pensum='5' AND c_uni_ca='3' AND c_asigna='310548' [1][0] OK
C:[07/11/2012 10:22:37.75][172.16.8.247][1263] SELECT par_cod_asig1,par_cod_asig2,par_cod_asig3 FROM tblaca009 WHERE pensum='5' AND c_uni_ca='3' AND c_asigna='311551' [1][0] OK
C:[07/11/2012 10:22:37.75][172.16.8.247][1263] SELECT par_cod_asig1,par_cod_asig2,par_cod_asig3 FROM tblaca009 WHERE pensum='5' AND c_uni_ca='3' AND c_asigna='311554' [1][0] OK
C:[07/11/2012 10:22:37.75][172.16.8.247][1263] SELECT par_cod_asig1,par_cod_asig2,par_cod_asig3 FROM tblaca009 WHERE pensum='5' AND c_uni_ca='3' AND c_asigna='312444' [1][0] OK
C:[07/11/2012 10:22:37.75][172.16.8.247][1263] SELECT par_cod_asig1,par_cod_asig2,par_cod_asig3 FROM tblaca009 WHERE pensum='5' AND c_uni_ca='3' AND c_asigna='314662' [1][0] OK
C:[07/11/2012 10:22:37.75][172.16.8.247][1263] SELECT par_cod_asig1,par_cod_asig2,par_cod_asig3 FROM tblaca009 WHERE pensum='5' AND c_uni_ca='3' AND c_asigna='315552' [1][0] OK
C:[07/11/2012 10:25:38.34][172.16.8.247][1219] SELECT pre_cod_asig1,pre_cod_asig2,pre_cod_asig3,pre_cod_asig4,pre_cod_asig5,pre_cod_asig6,pre_cod_asig7 FROM tblaca009 WHERE pensum='5' AND c_uni_ca='3' AND c_asigna='300228' [1][0] OK
C:[07/11/2012 10:25:38.34][172.16.8.247][1232] SELECT c_asigna FROM dace004 WHERE exp_e='12-18667793' AND c_asigna='300101' AND status IN ('0','3','B') [1][0] OK
C:[07/11/2012 10:25:38.34][172.16.8.247][1219] SELECT pre_cod_asig1,pre_cod_asig2,pre_cod_asig3,pre_cod_asig4,pre_cod_asig5,pre_cod_asig6,pre_cod_asig7 FROM tblaca009 WHERE pensum='5' AND c_uni_ca='3' AND c_asigna='300013' [1][0] OK
C:[07/11/2012 10:25:38.72][172.16.8.247][1263] SELECT par_cod_asig1,par_cod_asig2,par_cod_asig3 FROM tblaca009 WHERE pensum='5' AND c_uni_ca='3' AND c_asigna='300228' [1][0] OK
C:[07/11/2012 10:25:38.72][172.16.8.247][1263] SELECT par_cod_asig1,par_cod_asig2,par_cod_asig3 FROM tblaca009 WHERE pensum='5' AND c_uni_ca='3' AND c_asigna='300013' [1][0] OK
C:[07/11/2012 10:41:19.01][172.16.8.247][1219] SELECT pre_cod_asig1,pre_cod_asig2,pre_cod_asig3,pre_cod_asig4,pre_cod_asig5,pre_cod_asig6,pre_cod_asig7 FROM tblaca009 WHERE pensum='5' AND c_uni_ca='2' AND c_asigna='300313' [1][0] OK
C:[07/11/2012 10:41:19.01][172.16.8.247][1232] SELECT c_asigna FROM dace004 WHERE exp_e='08-17624807' AND c_asigna='300213' AND status IN ('0','3','B') [1][0] OK
C:[07/11/2012 10:41:19.01][172.16.8.247][1232] SELECT c_asigna FROM dace004 WHERE exp_e='08-17624807' AND c_asigna='300226' AND status IN ('0','3','B') [1][0] OK
C:[07/11/2012 10:41:19.01][172.16.8.247][1232] SELECT c_asigna FROM dace004 WHERE exp_e='08-17624807' AND c_asigna='300209' AND status IN ('0','3','B') [1][0] OK
C:[07/11/2012 10:41:19.01][172.16.8.247][1219] SELECT pre_cod_asig1,pre_cod_asig2,pre_cod_asig3,pre_cod_asig4,pre_cod_asig5,pre_cod_asig6,pre_cod_asig7 FROM tblaca009 WHERE pensum='5' AND c_uni_ca='2' AND c_asigna='300317' [1][0] OK
C:[07/11/2012 10:41:19.01][172.16.8.247][1232] SELECT c_asigna FROM dace004 WHERE exp_e='08-17624807' AND c_asigna='300207' AND status IN ('0','3','B') [1][0] OK
C:[07/11/2012 10:41:19.01][172.16.8.247][1232] SELECT c_asigna FROM dace004 WHERE exp_e='08-17624807' AND c_asigna='300209' AND status IN ('0','3','B') [1][0] OK
C:[07/11/2012 10:41:19.01][172.16.8.247][1219] SELECT pre_cod_asig1,pre_cod_asig2,pre_cod_asig3,pre_cod_asig4,pre_cod_asig5,pre_cod_asig6,pre_cod_asig7 FROM tblaca009 WHERE pensum='5' AND c_uni_ca='2' AND c_asigna='322550' [1][0] OK
C:[07/11/2012 10:41:19.01][172.16.8.247][1232] SELECT c_asigna FROM dace004 WHERE exp_e='08-17624807' AND c_asigna='322433' AND status IN ('0','3','B') [1][0] OK
C:[07/11/2012 10:41:19.26][172.16.8.247][1263] SELECT par_cod_asig1,par_cod_asig2,par_cod_asig3 FROM tblaca009 WHERE pensum='5' AND c_uni_ca='2' AND c_asigna='300313' [1][0] OK
C:[07/11/2012 10:41:19.26][172.16.8.247][1263] SELECT par_cod_asig1,par_cod_asig2,par_cod_asig3 FROM tblaca009 WHERE pensum='5' AND c_uni_ca='2' AND c_asigna='300317' [1][0] OK
C:[07/11/2012 10:41:19.26][172.16.8.247][1263] SELECT par_cod_asig1,par_cod_asig2,par_cod_asig3 FROM tblaca009 WHERE pensum='5' AND c_uni_ca='2' AND c_asigna='322550' [1][0] OK
C:[07/11/2012 10:43:52.24][172.16.8.247][1219] SELECT pre_cod_asig1,pre_cod_asig2,pre_cod_asig3,pre_cod_asig4,pre_cod_asig5,pre_cod_asig6,pre_cod_asig7 FROM tblaca009 WHERE pensum='5' AND c_uni_ca='2' AND c_asigna='300422' [1][0] OK
C:[07/11/2012 10:43:52.24][172.16.8.247][1232] SELECT c_asigna FROM dace004 WHERE exp_e='08-17624807' AND c_asigna='300105' AND status IN ('0','3','B') [1][0] OK
C:[07/11/2012 10:43:52.24][172.16.8.247][1232] SELECT c_asigna FROM dace004 WHERE exp_e='08-17624807' AND c_asigna='300314' AND status IN ('0','3','B') [1][0] OK
C:[07/11/2012 10:43:52.24][172.16.8.247][1219] SELECT pre_cod_asig1,pre_cod_asig2,pre_cod_asig3,pre_cod_asig4,pre_cod_asig5,pre_cod_asig6,pre_cod_asig7 FROM tblaca009 WHERE pensum='5' AND c_uni_ca='2' AND c_asigna='300313' [1][0] OK
C:[07/11/2012 10:43:52.24][172.16.8.247][1232] SELECT c_asigna FROM dace004 WHERE exp_e='08-17624807' AND c_asigna='300213' AND status IN ('0','3','B') [1][0] OK
C:[07/11/2012 10:43:52.24][172.16.8.247][1232] SELECT c_asigna FROM dace004 WHERE exp_e='08-17624807' AND c_asigna='300226' AND status IN ('0','3','B') [1][0] OK
C:[07/11/2012 10:43:52.24][172.16.8.247][1232] SELECT c_asigna FROM dace004 WHERE exp_e='08-17624807' AND c_asigna='300209' AND status IN ('0','3','B') [1][0] OK
C:[07/11/2012 10:43:52.24][172.16.8.247][1219] SELECT pre_cod_asig1,pre_cod_asig2,pre_cod_asig3,pre_cod_asig4,pre_cod_asig5,pre_cod_asig6,pre_cod_asig7 FROM tblaca009 WHERE pensum='5' AND c_uni_ca='2' AND c_asigna='300317' [1][0] OK
C:[07/11/2012 10:43:52.24][172.16.8.247][1232] SELECT c_asigna FROM dace004 WHERE exp_e='08-17624807' AND c_asigna='300207' AND status IN ('0','3','B') [1][0] OK
C:[07/11/2012 10:43:52.24][172.16.8.247][1232] SELECT c_asigna FROM dace004 WHERE exp_e='08-17624807' AND c_asigna='300209' AND status IN ('0','3','B') [1][0] OK
C:[07/11/2012 10:43:52.24][172.16.8.247][1219] SELECT pre_cod_asig1,pre_cod_asig2,pre_cod_asig3,pre_cod_asig4,pre_cod_asig5,pre_cod_asig6,pre_cod_asig7 FROM tblaca009 WHERE pensum='5' AND c_uni_ca='2' AND c_asigna='322550' [1][0] OK
C:[07/11/2012 10:43:52.24][172.16.8.247][1232] SELECT c_asigna FROM dace004 WHERE exp_e='08-17624807' AND c_asigna='322433' AND status IN ('0','3','B') [1][0] OK
C:[07/11/2012 10:43:52.74][172.16.8.247][1263] SELECT par_cod_asig1,par_cod_asig2,par_cod_asig3 FROM tblaca009 WHERE pensum='5' AND c_uni_ca='2' AND c_asigna='300422' [1][0] OK
C:[07/11/2012 10:43:52.74][172.16.8.247][1263] SELECT par_cod_asig1,par_cod_asig2,par_cod_asig3 FROM tblaca009 WHERE pensum='5' AND c_uni_ca='2' AND c_asigna='300313' [1][0] OK
C:[07/11/2012 10:43:52.74][172.16.8.247][1263] SELECT par_cod_asig1,par_cod_asig2,par_cod_asig3 FROM tblaca009 WHERE pensum='5' AND c_uni_ca='2' AND c_asigna='300317' [1][0] OK
C:[07/11/2012 10:43:52.74][172.16.8.247][1263] SELECT par_cod_asig1,par_cod_asig2,par_cod_asig3 FROM tblaca009 WHERE pensum='5' AND c_uni_ca='2' AND c_asigna='322550' [1][0] OK
C:[07/11/2012 10:55:08.82][172.16.9.64][1219] SELECT pre_cod_asig1,pre_cod_asig2,pre_cod_asig3,pre_cod_asig4,pre_cod_asig5,pre_cod_asig6,pre_cod_asig7 FROM tblaca009 WHERE pensum='5' AND c_uni_ca='5' AND c_asigna='300317' [1][0] OK
C:[07/11/2012 10:55:08.82][172.16.9.64][1232] SELECT c_asigna FROM dace004 WHERE exp_e='10-22824156' AND c_asigna='300207' AND status IN ('0','3','B') [1][0] OK
C:[07/11/2012 10:55:08.82][172.16.9.64][1232] SELECT c_asigna FROM dace004 WHERE exp_e='10-22824156' AND c_asigna='300209' AND status IN ('0','3','B') [1][0] OK
C:[07/11/2012 10:55:08.82][172.16.9.64][1219] SELECT pre_cod_asig1,pre_cod_asig2,pre_cod_asig3,pre_cod_asig4,pre_cod_asig5,pre_cod_asig6,pre_cod_asig7 FROM tblaca009 WHERE pensum='5' AND c_uni_ca='5' AND c_asigna='300313' [1][0] OK
C:[07/11/2012 10:55:08.82][172.16.9.64][1232] SELECT c_asigna FROM dace004 WHERE exp_e='10-22824156' AND c_asigna='300213' AND status IN ('0','3','B') [1][0] OK
C:[07/11/2012 10:55:08.82][172.16.9.64][1232] SELECT c_asigna FROM dace004 WHERE exp_e='10-22824156' AND c_asigna='300226' AND status IN ('0','3','B') [1][0] OK
C:[07/11/2012 10:55:08.82][172.16.9.64][1232] SELECT c_asigna FROM dace004 WHERE exp_e='10-22824156' AND c_asigna='300222' AND status IN ('0','3','B') [1][0] OK
C:[07/11/2012 10:55:08.82][172.16.9.64][1232] SELECT c_asigna FROM dace004 WHERE exp_e='10-22824156' AND c_asigna='300209' AND status IN ('0','3','B') [1][0] OK
C:[07/11/2012 10:55:08.82][172.16.9.64][1263] SELECT par_cod_asig1,par_cod_asig2,par_cod_asig3 FROM tblaca009 WHERE pensum='5' AND c_uni_ca='5' AND c_asigna='300317' [1][0] OK
C:[07/11/2012 10:55:08.82][172.16.9.64][1263] SELECT par_cod_asig1,par_cod_asig2,par_cod_asig3 FROM tblaca009 WHERE pensum='5' AND c_uni_ca='5' AND c_asigna='300313' [1][0] OK
C:[07/11/2012 10:57:22.22][172.16.8.247][1219] SELECT pre_cod_asig1,pre_cod_asig2,pre_cod_asig3,pre_cod_asig4,pre_cod_asig5,pre_cod_asig6,pre_cod_asig7 FROM tblaca009 WHERE pensum='5' AND c_uni_ca='3' AND c_asigna='311046' [1][0] OK
C:[07/11/2012 10:57:22.22][172.16.8.247][1232] SELECT c_asigna FROM dace004 WHERE exp_e='04-18787883' AND c_asigna='311822' AND status IN ('0','3','B') [1][0] OK
C:[07/11/2012 10:57:22.22][172.16.8.247][1219] SELECT pre_cod_asig1,pre_cod_asig2,pre_cod_asig3,pre_cod_asig4,pre_cod_asig5,pre_cod_asig6,pre_cod_asig7 FROM tblaca009 WHERE pensum='5' AND c_uni_ca='3' AND c_asigna='311092' [1][0] OK
C:[07/11/2012 10:57:22.22][172.16.8.247][1232] SELECT c_asigna FROM dace004 WHERE exp_e='04-18787883' AND c_asigna='311704' AND status IN ('0','3','B') [1][0] OK
C:[07/11/2012 10:57:22.22][172.16.8.247][1219] SELECT pre_cod_asig1,pre_cod_asig2,pre_cod_asig3,pre_cod_asig4,pre_cod_asig5,pre_cod_asig6,pre_cod_asig7 FROM tblaca009 WHERE pensum='5' AND c_uni_ca='3' AND c_asigna='311100' [1][0] OK
C:[07/11/2012 10:57:22.22][172.16.8.247][1219] SELECT pre_cod_asig1,pre_cod_asig2,pre_cod_asig3,pre_cod_asig4,pre_cod_asig5,pre_cod_asig6,pre_cod_asig7 FROM tblaca009 WHERE pensum='5' AND c_uni_ca='3' AND c_asigna='311933' [1][0] OK
C:[07/11/2012 10:57:22.97][172.16.8.247][1263] SELECT par_cod_asig1,par_cod_asig2,par_cod_asig3 FROM tblaca009 WHERE pensum='5' AND c_uni_ca='3' AND c_asigna='311046' [1][0] OK
C:[07/11/2012 10:57:22.97][172.16.8.247][1263] SELECT par_cod_asig1,par_cod_asig2,par_cod_asig3 FROM tblaca009 WHERE pensum='5' AND c_uni_ca='3' AND c_asigna='311092' [1][0] OK
C:[07/11/2012 10:57:22.97][172.16.8.247][1263] SELECT par_cod_asig1,par_cod_asig2,par_cod_asig3 FROM tblaca009 WHERE pensum='5' AND c_uni_ca='3' AND c_asigna='311100' [1][0] OK
C:[07/11/2012 10:57:22.97][172.16.8.247][1263] SELECT par_cod_asig1,par_cod_asig2,par_cod_asig3 FROM tblaca009 WHERE pensum='5' AND c_uni_ca='3' AND c_asigna='311933' [1][0] OK
C:[07/11/2012 10:57:22.47][172.16.8.247][1334] SELECT c_asigna FROM tblaca009 WHERE pensum='5' AND c_uni_ca='3' AND ((par_cod_asig1='300956') OR (par_cod_asig2='300956') OR (par_cod_asig3='300956'))  [1][0] OK
C:[07/11/2012 10:57:22.47][172.16.8.247][1346] SELECT c_asigna FROM dace004 WHERE exp_e='04-18787883' AND c_asigna='311939' AND status IN ('0','3','B') [0][0] OK
C:[07/11/2012 11:10:22.83][172.16.8.125][1219] SELECT pre_cod_asig1,pre_cod_asig2,pre_cod_asig3,pre_cod_asig4,pre_cod_asig5,pre_cod_asig6,pre_cod_asig7 FROM tblaca009 WHERE pensum='5' AND c_uni_ca='6' AND c_asigna='300218' [1][0] OK
C:[07/11/2012 11:10:22.83][172.16.8.125][1219] SELECT pre_cod_asig1,pre_cod_asig2,pre_cod_asig3,pre_cod_asig4,pre_cod_asig5,pre_cod_asig6,pre_cod_asig7 FROM tblaca009 WHERE pensum='5' AND c_uni_ca='6' AND c_asigna='300213' [1][0] OK
C:[07/11/2012 11:10:22.83][172.16.8.125][1232] SELECT c_asigna FROM dace004 WHERE exp_e='07-20223102' AND c_asigna='300101' AND status IN ('0','3','B') [1][0] OK
C:[07/11/2012 11:10:22.20][172.16.8.125][1263] SELECT par_cod_asig1,par_cod_asig2,par_cod_asig3 FROM tblaca009 WHERE pensum='5' AND c_uni_ca='6' AND c_asigna='300218' [1][0] OK
C:[07/11/2012 11:10:22.20][172.16.8.125][1277] SELECT c_asigna FROM dace004 WHERE exp_e='07-20223102' AND c_asigna='300228' AND status IN ('0','3','B','C') [1][0] OK
C:[07/11/2012 11:10:22.20][172.16.8.125][1263] SELECT par_cod_asig1,par_cod_asig2,par_cod_asig3 FROM tblaca009 WHERE pensum='5' AND c_uni_ca='6' AND c_asigna='300213' [1][0] OK
C:[07/11/2012 11:10:22.20][172.16.8.125][1277] SELECT c_asigna FROM dace004 WHERE exp_e='07-20223102' AND c_asigna='300209' AND status IN ('0','3','B','C') [1][0] OK
C:[07/11/2012 14:23:10.30][172.16.8.247][1219] SELECT pre_cod_asig1,pre_cod_asig2,pre_cod_asig3,pre_cod_asig4,pre_cod_asig5,pre_cod_asig6,pre_cod_asig7 FROM tblaca009 WHERE pensum='5' AND c_uni_ca='6' AND c_asigna='300213' [1][0] OK
C:[07/11/2012 14:23:10.30][172.16.8.247][1232] SELECT c_asigna FROM dace004 WHERE exp_e='09-20563364' AND c_asigna='300101' AND status IN ('0','3','B') [1][0] OK
C:[07/11/2012 14:23:10.30][172.16.8.247][1219] SELECT pre_cod_asig1,pre_cod_asig2,pre_cod_asig3,pre_cod_asig4,pre_cod_asig5,pre_cod_asig6,pre_cod_asig7 FROM tblaca009 WHERE pensum='5' AND c_uni_ca='6' AND c_asigna='300226' [1][0] OK
C:[07/11/2012 14:23:10.30][172.16.8.247][1232] SELECT c_asigna FROM dace004 WHERE exp_e='09-20563364' AND c_asigna='300116' AND status IN ('0','3','B') [1][0] OK
C:[07/11/2012 14:23:10.30][172.16.8.247][1219] SELECT pre_cod_asig1,pre_cod_asig2,pre_cod_asig3,pre_cod_asig4,pre_cod_asig5,pre_cod_asig6,pre_cod_asig7 FROM tblaca009 WHERE pensum='5' AND c_uni_ca='6' AND c_asigna='342444' [1][0] OK
C:[07/11/2012 14:23:10.30][172.16.8.247][1232] SELECT c_asigna FROM dace004 WHERE exp_e='09-20563364' AND c_asigna='340323' AND status IN ('0','3','B') [1][0] OK
C:[07/11/2012 14:23:10.05][172.16.8.247][1263] SELECT par_cod_asig1,par_cod_asig2,par_cod_asig3 FROM tblaca009 WHERE pensum='5' AND c_uni_ca='6' AND c_asigna='300213' [1][0] OK
C:[07/11/2012 14:23:10.05][172.16.8.247][1277] SELECT c_asigna FROM dace004 WHERE exp_e='09-20563364' AND c_asigna='300209' AND status IN ('0','3','B','C') [1][0] OK
C:[07/11/2012 14:23:10.05][172.16.8.247][1263] SELECT par_cod_asig1,par_cod_asig2,par_cod_asig3 FROM tblaca009 WHERE pensum='5' AND c_uni_ca='6' AND c_asigna='300226' [1][0] OK
C:[07/11/2012 14:23:10.05][172.16.8.247][1263] SELECT par_cod_asig1,par_cod_asig2,par_cod_asig3 FROM tblaca009 WHERE pensum='5' AND c_uni_ca='6' AND c_asigna='342444' [1][0] OK
C:[07/11/2012 15:09:21.89][172.16.8.125][1219] SELECT pre_cod_asig1,pre_cod_asig2,pre_cod_asig3,pre_cod_asig4,pre_cod_asig5,pre_cod_asig6,pre_cod_asig7 FROM tblaca009 WHERE pensum='5' AND c_uni_ca='2' AND c_asigna='300422' [1][0] OK
C:[07/11/2012 15:09:21.89][172.16.8.125][1232] SELECT c_asigna FROM dace004 WHERE exp_e='07-19729119' AND c_asigna='300105' AND status IN ('0','3','B') [1][0] OK
C:[07/11/2012 15:09:21.89][172.16.8.125][1232] SELECT c_asigna FROM dace004 WHERE exp_e='07-19729119' AND c_asigna='300314' AND status IN ('0','3','B') [1][0] OK
C:[07/11/2012 15:09:21.89][172.16.8.125][1219] SELECT pre_cod_asig1,pre_cod_asig2,pre_cod_asig3,pre_cod_asig4,pre_cod_asig5,pre_cod_asig6,pre_cod_asig7 FROM tblaca009 WHERE pensum='5' AND c_uni_ca='2' AND c_asigna='322033' [1][0] OK
C:[07/11/2012 15:09:21.89][172.16.8.125][1219] SELECT pre_cod_asig1,pre_cod_asig2,pre_cod_asig3,pre_cod_asig4,pre_cod_asig5,pre_cod_asig6,pre_cod_asig7 FROM tblaca009 WHERE pensum='5' AND c_uni_ca='2' AND c_asigna='322826' [1][0] OK
C:[07/11/2012 15:09:21.89][172.16.8.125][1232] SELECT c_asigna FROM dace004 WHERE exp_e='07-19729119' AND c_asigna='322702' AND status IN ('0','3','B') [1][0] OK
C:[07/11/2012 15:09:21.89][172.16.8.125][1219] SELECT pre_cod_asig1,pre_cod_asig2,pre_cod_asig3,pre_cod_asig4,pre_cod_asig5,pre_cod_asig6,pre_cod_asig7 FROM tblaca009 WHERE pensum='5' AND c_uni_ca='2' AND c_asigna='322827' [1][0] OK
C:[07/11/2012 15:09:21.89][172.16.8.125][1232] SELECT c_asigna FROM dace004 WHERE exp_e='07-19729119' AND c_asigna='322703' AND status IN ('0','3','B') [1][0] OK
C:[07/11/2012 15:09:21.89][172.16.8.125][1232] SELECT c_asigna FROM dace004 WHERE exp_e='07-19729119' AND c_asigna='322782' AND status IN ('0','3','B') [1][0] OK
C:[07/11/2012 15:09:21.89][172.16.8.125][1232] SELECT c_asigna FROM dace004 WHERE exp_e='07-19729119' AND c_asigna='322449' AND status IN ('0','3','B') [1][0] OK
C:[07/11/2012 15:09:21.89][172.16.8.125][1219] SELECT pre_cod_asig1,pre_cod_asig2,pre_cod_asig3,pre_cod_asig4,pre_cod_asig5,pre_cod_asig6,pre_cod_asig7 FROM tblaca009 WHERE pensum='5' AND c_uni_ca='2' AND c_asigna='322936' [1][0] OK
C:[07/11/2012 15:09:21.89][172.16.8.125][1232] SELECT c_asigna FROM dace004 WHERE exp_e='07-19729119' AND c_asigna='322801' AND status IN ('0','3','B') [1][0] OK
C:[07/11/2012 15:09:22.39][172.16.8.125][1263] SELECT par_cod_asig1,par_cod_asig2,par_cod_asig3 FROM tblaca009 WHERE pensum='5' AND c_uni_ca='2' AND c_asigna='300422' [1][0] OK
C:[07/11/2012 15:09:22.39][172.16.8.125][1263] SELECT par_cod_asig1,par_cod_asig2,par_cod_asig3 FROM tblaca009 WHERE pensum='5' AND c_uni_ca='2' AND c_asigna='322033' [1][0] OK
C:[07/11/2012 15:09:22.39][172.16.8.125][1263] SELECT par_cod_asig1,par_cod_asig2,par_cod_asig3 FROM tblaca009 WHERE pensum='5' AND c_uni_ca='2' AND c_asigna='322826' [1][0] OK
C:[07/11/2012 15:09:22.39][172.16.8.125][1263] SELECT par_cod_asig1,par_cod_asig2,par_cod_asig3 FROM tblaca009 WHERE pensum='5' AND c_uni_ca='2' AND c_asigna='322827' [1][0] OK
C:[07/11/2012 15:09:22.39][172.16.8.125][1263] SELECT par_cod_asig1,par_cod_asig2,par_cod_asig3 FROM tblaca009 WHERE pensum='5' AND c_uni_ca='2' AND c_asigna='322936' [1][0] OK
C:[07/11/2012 15:09:22.01][172.16.8.125][1334] SELECT c_asigna FROM tblaca009 WHERE pensum='5' AND c_uni_ca='2' AND ((par_cod_asig1='322904') OR (par_cod_asig2='322904') OR (par_cod_asig3='322904'))  [0][0] OK
C:[07/11/2012 15:22:40.21][181.183.143.223][1219] SELECT pre_cod_asig1,pre_cod_asig2,pre_cod_asig3,pre_cod_asig4,pre_cod_asig5,pre_cod_asig6,pre_cod_asig7 FROM tblaca009 WHERE pensum='5' AND c_uni_ca='3' AND c_asigna='311824' [1][0] OK
C:[07/11/2012 15:22:40.21][181.183.143.223][1232] SELECT c_asigna FROM dace004 WHERE exp_e='02-16485278' AND c_asigna='311796' AND status IN ('0','3','B') [1][0] OK
C:[07/11/2012 15:22:40.21][181.183.143.223][1219] SELECT pre_cod_asig1,pre_cod_asig2,pre_cod_asig3,pre_cod_asig4,pre_cod_asig5,pre_cod_asig6,pre_cod_asig7 FROM tblaca009 WHERE pensum='5' AND c_uni_ca='3' AND c_asigna='311795' [1][0] OK
C:[07/11/2012 15:22:40.21][181.183.143.223][1232] SELECT c_asigna FROM dace004 WHERE exp_e='02-16485278' AND c_asigna='311674' AND status IN ('0','3','B') [1][0] OK
C:[07/11/2012 15:22:40.21][181.183.143.223][1232] SELECT c_asigna FROM dace004 WHERE exp_e='02-16485278' AND c_asigna='311673' AND status IN ('0','3','B') [1][0] OK
C:[07/11/2012 15:22:40.83][181.183.143.223][1263] SELECT par_cod_asig1,par_cod_asig2,par_cod_asig3 FROM tblaca009 WHERE pensum='5' AND c_uni_ca='3' AND c_asigna='311824' [1][0] OK
C:[07/11/2012 15:22:40.83][181.183.143.223][1263] SELECT par_cod_asig1,par_cod_asig2,par_cod_asig3 FROM tblaca009 WHERE pensum='5' AND c_uni_ca='3' AND c_asigna='311795' [1][0] OK
C:[07/11/2012 15:56:17.38][172.16.8.247][1219] SELECT pre_cod_asig1,pre_cod_asig2,pre_cod_asig3,pre_cod_asig4,pre_cod_asig5,pre_cod_asig6,pre_cod_asig7 FROM tblaca009 WHERE pensum='5' AND c_uni_ca='4' AND c_asigna='300428' [1][0] OK
C:[07/11/2012 15:56:17.38][172.16.8.247][1232] SELECT c_asigna FROM dace004 WHERE exp_e='11-24522716' AND c_asigna='300317' AND status IN ('0','3','B') [1][0] OK
C:[07/11/2012 15:56:17.38][172.16.8.247][1232] SELECT c_asigna FROM dace004 WHERE exp_e='11-24522716' AND c_asigna='300209' AND status IN ('0','3','B') [1][0] OK
C:[07/11/2012 15:56:17.38][172.16.8.247][1219] SELECT pre_cod_asig1,pre_cod_asig2,pre_cod_asig3,pre_cod_asig4,pre_cod_asig5,pre_cod_asig6,pre_cod_asig7 FROM tblaca009 WHERE pensum='5' AND c_uni_ca='4' AND c_asigna='300226' [1][0] OK
C:[07/11/2012 15:56:17.38][172.16.8.247][1232] SELECT c_asigna FROM dace004 WHERE exp_e='11-24522716' AND c_asigna='300116' AND status IN ('0','3','B') [1][0] OK
C:[07/11/2012 15:56:17.38][172.16.8.247][1219] SELECT pre_cod_asig1,pre_cod_asig2,pre_cod_asig3,pre_cod_asig4,pre_cod_asig5,pre_cod_asig6,pre_cod_asig7 FROM tblaca009 WHERE pensum='5' AND c_uni_ca='4' AND c_asigna='311561' [1][0] OK
C:[07/11/2012 15:56:17.38][172.16.8.247][1232] SELECT c_asigna FROM dace004 WHERE exp_e='11-24522716' AND c_asigna='300318' AND status IN ('0','3','B') [1][0] OK
C:[07/11/2012 15:56:17.38][172.16.8.247][1219] SELECT pre_cod_asig1,pre_cod_asig2,pre_cod_asig3,pre_cod_asig4,pre_cod_asig5,pre_cod_asig6,pre_cod_asig7 FROM tblaca009 WHERE pensum='5' AND c_uni_ca='4' AND c_asigna='330310' [1][0] OK
C:[07/11/2012 15:56:17.38][172.16.8.247][1232] SELECT c_asigna FROM dace004 WHERE exp_e='11-24522716' AND c_asigna='300013' AND status IN ('0','3','B') [1][0] OK
C:[07/11/2012 15:56:17.38][172.16.8.247][1232] SELECT c_asigna FROM dace004 WHERE exp_e='11-24522716' AND c_asigna='300113' AND status IN ('0','3','B') [1][0] OK
C:[07/11/2012 15:56:17.38][172.16.8.247][1219] SELECT pre_cod_asig1,pre_cod_asig2,pre_cod_asig3,pre_cod_asig4,pre_cod_asig5,pre_cod_asig6,pre_cod_asig7 FROM tblaca009 WHERE pensum='5' AND c_uni_ca='4' AND c_asigna='333326' [1][0] OK
C:[07/11/2012 15:56:17.75][172.16.8.247][1263] SELECT par_cod_asig1,par_cod_asig2,par_cod_asig3 FROM tblaca009 WHERE pensum='5' AND c_uni_ca='4' AND c_asigna='300428' [1][0] OK
C:[07/11/2012 15:56:17.75][172.16.8.247][1263] SELECT par_cod_asig1,par_cod_asig2,par_cod_asig3 FROM tblaca009 WHERE pensum='5' AND c_uni_ca='4' AND c_asigna='300226' [1][0] OK
C:[07/11/2012 15:56:17.75][172.16.8.247][1263] SELECT par_cod_asig1,par_cod_asig2,par_cod_asig3 FROM tblaca009 WHERE pensum='5' AND c_uni_ca='4' AND c_asigna='311561' [1][0] OK
C:[07/11/2012 15:56:17.75][172.16.8.247][1263] SELECT par_cod_asig1,par_cod_asig2,par_cod_asig3 FROM tblaca009 WHERE pensum='5' AND c_uni_ca='4' AND c_asigna='330310' [1][0] OK
C:[07/11/2012 15:56:17.75][172.16.8.247][1263] SELECT par_cod_asig1,par_cod_asig2,par_cod_asig3 FROM tblaca009 WHERE pensum='5' AND c_uni_ca='4' AND c_asigna='333326' [1][0] OK
C:[07/11/2012 16:01:41.40][172.16.8.125][1219] SELECT pre_cod_asig1,pre_cod_asig2,pre_cod_asig3,pre_cod_asig4,pre_cod_asig5,pre_cod_asig6,pre_cod_asig7 FROM tblaca009 WHERE pensum='5' AND c_uni_ca='5' AND c_asigna='300222' [1][0] OK
C:[07/11/2012 16:01:41.40][172.16.8.125][1232] SELECT c_asigna FROM dace004 WHERE exp_e='08-19621182' AND c_asigna='300112' AND status IN ('0','3','B') [1][0] OK
C:[07/11/2012 16:01:41.40][172.16.8.125][1219] SELECT pre_cod_asig1,pre_cod_asig2,pre_cod_asig3,pre_cod_asig4,pre_cod_asig5,pre_cod_asig6,pre_cod_asig7 FROM tblaca009 WHERE pensum='5' AND c_uni_ca='5' AND c_asigna='300422' [1][0] OK
C:[07/11/2012 16:01:41.40][172.16.8.125][1232] SELECT c_asigna FROM dace004 WHERE exp_e='08-19621182' AND c_asigna='300105' AND status IN ('0','3','B') [1][0] OK
C:[07/11/2012 16:01:41.40][172.16.8.125][1232] SELECT c_asigna FROM dace004 WHERE exp_e='08-19621182' AND c_asigna='300314' AND status IN ('0','3','B') [1][0] OK
C:[07/11/2012 16:01:41.40][172.16.8.125][1219] SELECT pre_cod_asig1,pre_cod_asig2,pre_cod_asig3,pre_cod_asig4,pre_cod_asig5,pre_cod_asig6,pre_cod_asig7 FROM tblaca009 WHERE pensum='5' AND c_uni_ca='5' AND c_asigna='355573' [1][0] OK
C:[07/11/2012 16:01:41.40][172.16.8.125][1232] SELECT c_asigna FROM dace004 WHERE exp_e='08-19621182' AND c_asigna='355448' AND status IN ('0','3','B') [1][0] OK
C:[07/11/2012 16:01:42.24][172.16.8.125][1263] SELECT par_cod_asig1,par_cod_asig2,par_cod_asig3 FROM tblaca009 WHERE pensum='5' AND c_uni_ca='5' AND c_asigna='300222' [1][0] OK
C:[07/11/2012 16:01:42.24][172.16.8.125][1263] SELECT par_cod_asig1,par_cod_asig2,par_cod_asig3 FROM tblaca009 WHERE pensum='5' AND c_uni_ca='5' AND c_asigna='300422' [1][0] OK
C:[07/11/2012 16:01:42.24][172.16.8.125][1263] SELECT par_cod_asig1,par_cod_asig2,par_cod_asig3 FROM tblaca009 WHERE pensum='5' AND c_uni_ca='5' AND c_asigna='355573' [1][0] OK
C:[07/11/2012 16:01:42.18][172.16.8.125][1334] SELECT c_asigna FROM tblaca009 WHERE pensum='5' AND c_uni_ca='5' AND ((par_cod_asig1='355447') OR (par_cod_asig2='355447') OR (par_cod_asig3='355447'))  [0][0] OK
C:[07/11/2012 16:16:31.47][172.16.8.247][1219] SELECT pre_cod_asig1,pre_cod_asig2,pre_cod_asig3,pre_cod_asig4,pre_cod_asig5,pre_cod_asig6,pre_cod_asig7 FROM tblaca009 WHERE pensum='5' AND c_uni_ca='3' AND c_asigna='311430' [1][0] OK
C:[07/11/2012 16:16:31.47][172.16.8.247][1232] SELECT c_asigna FROM dace004 WHERE exp_e='07-18415268' AND c_asigna='300317' AND status IN ('0','3','B') [1][0] OK
C:[07/11/2012 16:16:31.47][172.16.8.247][1232] SELECT c_asigna FROM dace004 WHERE exp_e='07-18415268' AND c_asigna='300318' AND status IN ('0','3','B') [1][0] OK
C:[07/11/2012 16:16:31.47][172.16.8.247][1232] SELECT c_asigna FROM dace004 WHERE exp_e='07-18415268' AND c_asigna='300313' AND status IN ('0','3','B') [1][0] OK
C:[07/11/2012 16:16:31.47][172.16.8.247][1232] SELECT c_asigna FROM dace004 WHERE exp_e='07-18415268' AND c_asigna='300222' AND status IN ('0','3','B') [1][0] OK
C:[07/11/2012 16:16:31.47][172.16.8.247][1232] SELECT c_asigna FROM dace004 WHERE exp_e='07-18415268' AND c_asigna='300226' AND status IN ('0','3','B') [1][0] OK
C:[07/11/2012 16:16:31.47][172.16.8.247][1232] SELECT c_asigna FROM dace004 WHERE exp_e='07-18415268' AND c_asigna='300209' AND status IN ('0','3','B') [1][0] OK
C:[07/11/2012 16:16:31.47][172.16.8.247][1219] SELECT pre_cod_asig1,pre_cod_asig2,pre_cod_asig3,pre_cod_asig4,pre_cod_asig5,pre_cod_asig6,pre_cod_asig7 FROM tblaca009 WHERE pensum='5' AND c_uni_ca='3' AND c_asigna='311320' [1][0] OK
C:[07/11/2012 16:16:31.47][172.16.8.247][1232] SELECT c_asigna FROM dace004 WHERE exp_e='07-18415268' AND c_asigna='300013' AND status IN ('0','3','B') [1][0] OK
C:[07/11/2012 16:16:31.47][172.16.8.247][1232] SELECT c_asigna FROM dace004 WHERE exp_e='07-18415268' AND c_asigna='300113' AND status IN ('0','3','B') [1][0] OK
C:[07/11/2012 16:16:31.47][172.16.8.247][1219] SELECT pre_cod_asig1,pre_cod_asig2,pre_cod_asig3,pre_cod_asig4,pre_cod_asig5,pre_cod_asig6,pre_cod_asig7 FROM tblaca009 WHERE pensum='5' AND c_uni_ca='3' AND c_asigna='311552' [1][0] OK
C:[07/11/2012 16:16:31.47][172.16.8.247][1232] SELECT c_asigna FROM dace004 WHERE exp_e='07-18415268' AND c_asigna='300317' AND status IN ('0','3','B') [1][0] OK
C:[07/11/2012 16:16:31.47][172.16.8.247][1232] SELECT c_asigna FROM dace004 WHERE exp_e='07-18415268' AND c_asigna='300209' AND status IN ('0','3','B') [1][0] OK
C:[07/11/2012 16:16:31.47][172.16.8.247][1219] SELECT pre_cod_asig1,pre_cod_asig2,pre_cod_asig3,pre_cod_asig4,pre_cod_asig5,pre_cod_asig6,pre_cod_asig7 FROM tblaca009 WHERE pensum='5' AND c_uni_ca='3' AND c_asigna='311554' [1][0] OK
C:[07/11/2012 16:16:31.47][172.16.8.247][1232] SELECT c_asigna FROM dace004 WHERE exp_e='07-18415268' AND c_asigna='300318' AND status IN ('0','3','B') [1][0] OK
C:[07/11/2012 16:16:31.47][172.16.8.247][1232] SELECT c_asigna FROM dace004 WHERE exp_e='07-18415268' AND c_asigna='300428' AND status IN ('0','3','B') [1][0] OK
C:[07/11/2012 16:16:31.47][172.16.8.247][1219] SELECT pre_cod_asig1,pre_cod_asig2,pre_cod_asig3,pre_cod_asig4,pre_cod_asig5,pre_cod_asig6,pre_cod_asig7 FROM tblaca009 WHERE pensum='5' AND c_uni_ca='3' AND c_asigna='312333' [1][0] OK
C:[07/11/2012 16:16:31.47][172.16.8.247][1232] SELECT c_asigna FROM dace004 WHERE exp_e='07-18415268' AND c_asigna='300228' AND status IN ('0','3','B') [1][0] OK
C:[07/11/2012 16:16:31.72][172.16.8.247][1263] SELECT par_cod_asig1,par_cod_asig2,par_cod_asig3 FROM tblaca009 WHERE pensum='5' AND c_uni_ca='3' AND c_asigna='311430' [1][0] OK
C:[07/11/2012 16:16:31.72][172.16.8.247][1263] SELECT par_cod_asig1,par_cod_asig2,par_cod_asig3 FROM tblaca009 WHERE pensum='5' AND c_uni_ca='3' AND c_asigna='311320' [1][0] OK
C:[07/11/2012 16:16:31.72][172.16.8.247][1263] SELECT par_cod_asig1,par_cod_asig2,par_cod_asig3 FROM tblaca009 WHERE pensum='5' AND c_uni_ca='3' AND c_asigna='311552' [1][0] OK
C:[07/11/2012 16:16:31.72][172.16.8.247][1263] SELECT par_cod_asig1,par_cod_asig2,par_cod_asig3 FROM tblaca009 WHERE pensum='5' AND c_uni_ca='3' AND c_asigna='311554' [1][0] OK
C:[07/11/2012 16:16:31.72][172.16.8.247][1263] SELECT par_cod_asig1,par_cod_asig2,par_cod_asig3 FROM tblaca009 WHERE pensum='5' AND c_uni_ca='3' AND c_asigna='312333' [1][0] OK
C:[07/11/2012 16:17:51.48][190.37.238.14][1219] SELECT pre_cod_asig1,pre_cod_asig2,pre_cod_asig3,pre_cod_asig4,pre_cod_asig5,pre_cod_asig6,pre_cod_asig7 FROM tblaca009 WHERE pensum='5' AND c_uni_ca='6' AND c_asigna='300317' [1][0] OK
C:[07/11/2012 16:17:51.48][190.37.238.14][1232] SELECT c_asigna FROM dace004 WHERE exp_e='11-22586207' AND c_asigna='300207' AND status IN ('0','3','B') [1][0] OK
C:[07/11/2012 16:17:51.48][190.37.238.14][1232] SELECT c_asigna FROM dace004 WHERE exp_e='11-22586207' AND c_asigna='300209' AND status IN ('0','3','B') [1][0] OK
C:[07/11/2012 16:17:51.48][190.37.238.14][1219] SELECT pre_cod_asig1,pre_cod_asig2,pre_cod_asig3,pre_cod_asig4,pre_cod_asig5,pre_cod_asig6,pre_cod_asig7 FROM tblaca009 WHERE pensum='5' AND c_uni_ca='6' AND c_asigna='300213' [1][0] OK
C:[07/11/2012 16:17:51.48][190.37.238.14][1232] SELECT c_asigna FROM dace004 WHERE exp_e='11-22586207' AND c_asigna='300101' AND status IN ('0','3','B') [1][0] OK
C:[07/11/2012 16:17:51.48][190.37.238.14][1219] SELECT pre_cod_asig1,pre_cod_asig2,pre_cod_asig3,pre_cod_asig4,pre_cod_asig5,pre_cod_asig6,pre_cod_asig7 FROM tblaca009 WHERE pensum='5' AND c_uni_ca='6' AND c_asigna='300228' [1][0] OK
C:[07/11/2012 16:17:51.48][190.37.238.14][1232] SELECT c_asigna FROM dace004 WHERE exp_e='11-22586207' AND c_asigna='300101' AND status IN ('0','3','B') [1][0] OK
C:[07/11/2012 16:17:51.48][190.37.238.14][1219] SELECT pre_cod_asig1,pre_cod_asig2,pre_cod_asig3,pre_cod_asig4,pre_cod_asig5,pre_cod_asig6,pre_cod_asig7 FROM tblaca009 WHERE pensum='5' AND c_uni_ca='6' AND c_asigna='300314' [1][0] OK
C:[07/11/2012 16:17:51.48][190.37.238.14][1232] SELECT c_asigna FROM dace004 WHERE exp_e='11-22586207' AND c_asigna='300106' AND status IN ('0','3','B') [1][0] OK
C:[07/11/2012 16:17:51.60][190.37.238.14][1263] SELECT par_cod_asig1,par_cod_asig2,par_cod_asig3 FROM tblaca009 WHERE pensum='5' AND c_uni_ca='6' AND c_asigna='300317' [1][0] OK
C:[07/11/2012 16:17:51.60][190.37.238.14][1263] SELECT par_cod_asig1,par_cod_asig2,par_cod_asig3 FROM tblaca009 WHERE pensum='5' AND c_uni_ca='6' AND c_asigna='300213' [1][0] OK
C:[07/11/2012 16:17:51.60][190.37.238.14][1277] SELECT c_asigna FROM dace004 WHERE exp_e='11-22586207' AND c_asigna='300209' AND status IN ('0','3','B','C') [1][0] OK
C:[07/11/2012 16:17:51.60][190.37.238.14][1263] SELECT par_cod_asig1,par_cod_asig2,par_cod_asig3 FROM tblaca009 WHERE pensum='5' AND c_uni_ca='6' AND c_asigna='300228' [1][0] OK
C:[07/11/2012 16:17:51.60][190.37.238.14][1263] SELECT par_cod_asig1,par_cod_asig2,par_cod_asig3 FROM tblaca009 WHERE pensum='5' AND c_uni_ca='6' AND c_asigna='300314' [1][0] OK
C:[07/11/2012 16:34:39.74][172.16.8.125][1219] SELECT pre_cod_asig1,pre_cod_asig2,pre_cod_asig3,pre_cod_asig4,pre_cod_asig5,pre_cod_asig6,pre_cod_asig7 FROM tblaca009 WHERE pensum='5' AND c_uni_ca='6' AND c_asigna='300956' [1][0] OK
C:[07/11/2012 16:34:39.74][172.16.8.125][1232] SELECT c_asigna FROM dace004 WHERE exp_e='04-15186742' AND c_asigna='300422' AND status IN ('0','3','B') [1][0] OK
C:[07/11/2012 16:34:39.74][172.16.8.125][1232] SELECT c_asigna FROM dace004 WHERE exp_e='04-15186742' AND c_asigna='300105' AND status IN ('0','3','B') [1][0] OK
C:[07/11/2012 16:34:39.74][172.16.8.125][1232] SELECT c_asigna FROM dace004 WHERE exp_e='04-15186742' AND c_asigna='300314' AND status IN ('0','3','B') [1][0] OK
C:[07/11/2012 16:34:39.74][172.16.8.125][1219] SELECT pre_cod_asig1,pre_cod_asig2,pre_cod_asig3,pre_cod_asig4,pre_cod_asig5,pre_cod_asig6,pre_cod_asig7 FROM tblaca009 WHERE pensum='5' AND c_uni_ca='6' AND c_asigna='344939' [1][0] OK
C:[07/11/2012 16:34:39.74][172.16.8.125][1232] SELECT c_asigna FROM dace004 WHERE exp_e='04-15186742' AND c_asigna='344834' AND status IN ('0','3','B') [1][0] OK
C:[07/11/2012 16:34:39.74][172.16.8.125][1232] SELECT c_asigna FROM dace004 WHERE exp_e='04-15186742' AND c_asigna='344812' AND status IN ('0','3','B') [1][0] OK
C:[07/11/2012 16:34:39.62][172.16.8.125][1263] SELECT par_cod_asig1,par_cod_asig2,par_cod_asig3 FROM tblaca009 WHERE pensum='5' AND c_uni_ca='6' AND c_asigna='300956' [1][0] OK
C:[07/11/2012 16:34:39.62][172.16.8.125][1263] SELECT par_cod_asig1,par_cod_asig2,par_cod_asig3 FROM tblaca009 WHERE pensum='5' AND c_uni_ca='6' AND c_asigna='344939' [1][0] OK
C:[07/11/2012 16:34:39.88][172.16.8.125][1334] SELECT c_asigna FROM tblaca009 WHERE pensum='5' AND c_uni_ca='6' AND ((par_cod_asig1='344953') OR (par_cod_asig2='344953') OR (par_cod_asig3='344953'))  [0][0] OK
C:[07/11/2012 16:35:48.65][172.16.8.247][1219] SELECT pre_cod_asig1,pre_cod_asig2,pre_cod_asig3,pre_cod_asig4,pre_cod_asig5,pre_cod_asig6,pre_cod_asig7 FROM tblaca009 WHERE pensum='5' AND c_uni_ca='4' AND c_asigna='311561' [1][0] OK
C:[07/11/2012 16:35:48.65][172.16.8.247][1232] SELECT c_asigna FROM dace004 WHERE exp_e='10-22927106' AND c_asigna='300318' AND status IN ('0','3','B') [1][0] OK
C:[07/11/2012 16:35:48.65][172.16.8.247][1219] SELECT pre_cod_asig1,pre_cod_asig2,pre_cod_asig3,pre_cod_asig4,pre_cod_asig5,pre_cod_asig6,pre_cod_asig7 FROM tblaca009 WHERE pensum='5' AND c_uni_ca='4' AND c_asigna='300226' [1][0] OK
C:[07/11/2012 16:35:48.65][172.16.8.247][1232] SELECT c_asigna FROM dace004 WHERE exp_e='10-22927106' AND c_asigna='300116' AND status IN ('0','3','B') [1][0] OK
C:[07/11/2012 16:35:48.65][172.16.8.247][1219] SELECT pre_cod_asig1,pre_cod_asig2,pre_cod_asig3,pre_cod_asig4,pre_cod_asig5,pre_cod_asig6,pre_cod_asig7 FROM tblaca009 WHERE pensum='5' AND c_uni_ca='4' AND c_asigna='300422' [1][0] OK
C:[07/11/2012 16:35:48.65][172.16.8.247][1232] SELECT c_asigna FROM dace004 WHERE exp_e='10-22927106' AND c_asigna='300105' AND status IN ('0','3','B') [1][0] OK
C:[07/11/2012 16:35:48.65][172.16.8.247][1232] SELECT c_asigna FROM dace004 WHERE exp_e='10-22927106' AND c_asigna='300314' AND status IN ('0','3','B') [1][0] OK
C:[07/11/2012 16:35:48.65][172.16.8.247][1219] SELECT pre_cod_asig1,pre_cod_asig2,pre_cod_asig3,pre_cod_asig4,pre_cod_asig5,pre_cod_asig6,pre_cod_asig7 FROM tblaca009 WHERE pensum='5' AND c_uni_ca='4' AND c_asigna='330435' [1][0] OK
C:[07/11/2012 16:35:48.65][172.16.8.247][1232] SELECT c_asigna FROM dace004 WHERE exp_e='10-22927106' AND c_asigna='300318' AND status IN ('0','3','B') [1][0] OK
C:[07/11/2012 16:35:48.65][172.16.8.247][1219] SELECT pre_cod_asig1,pre_cod_asig2,pre_cod_asig3,pre_cod_asig4,pre_cod_asig5,pre_cod_asig6,pre_cod_asig7 FROM tblaca009 WHERE pensum='5' AND c_uni_ca='4' AND c_asigna='333442' [1][0] OK
C:[07/11/2012 16:35:48.65][172.16.8.247][1232] SELECT c_asigna FROM dace004 WHERE exp_e='10-22927106' AND c_asigna='330310' AND status IN ('0','3','B') [1][0] OK
C:[07/11/2012 16:35:48.65][172.16.8.247][1232] SELECT c_asigna FROM dace004 WHERE exp_e='10-22927106' AND c_asigna='333326' AND status IN ('0','3','B') [1][0] OK
C:[07/11/2012 16:35:48.65][172.16.8.247][1219] SELECT pre_cod_asig1,pre_cod_asig2,pre_cod_asig3,pre_cod_asig4,pre_cod_asig5,pre_cod_asig6,pre_cod_asig7 FROM tblaca009 WHERE pensum='5' AND c_uni_ca='4' AND c_asigna='333564' [1][0] OK
C:[07/11/2012 16:35:48.65][172.16.8.247][1232] SELECT c_asigna FROM dace004 WHERE exp_e='10-22927106' AND c_asigna='333441' AND status IN ('0','3','B') [1][0] OK
C:[07/11/2012 16:35:48.65][172.16.8.247][1219] SELECT pre_cod_asig1,pre_cod_asig2,pre_cod_asig3,pre_cod_asig4,pre_cod_asig5,pre_cod_asig6,pre_cod_asig7 FROM tblaca009 WHERE pensum='5' AND c_uni_ca='4' AND c_asigna='333585' [1][0] OK
C:[07/11/2012 16:35:48.65][172.16.8.247][1232] SELECT c_asigna FROM dace004 WHERE exp_e='10-22927106' AND c_asigna='333440' AND status IN ('0','3','B') [1][0] OK
C:[07/11/2012 16:35:48.65][172.16.8.247][1232] SELECT c_asigna FROM dace004 WHERE exp_e='10-22927106' AND c_asigna='333441' AND status IN ('0','3','B') [1][0] OK
C:[07/11/2012 16:35:48.65][172.16.8.247][1232] SELECT c_asigna FROM dace004 WHERE exp_e='10-22927106' AND c_asigna='300209' AND status IN ('0','3','B') [1][0] OK
C:[07/11/2012 16:35:49.90][172.16.8.247][1263] SELECT par_cod_asig1,par_cod_asig2,par_cod_asig3 FROM tblaca009 WHERE pensum='5' AND c_uni_ca='4' AND c_asigna='311561' [1][0] OK
C:[07/11/2012 16:35:49.90][172.16.8.247][1263] SELECT par_cod_asig1,par_cod_asig2,par_cod_asig3 FROM tblaca009 WHERE pensum='5' AND c_uni_ca='4' AND c_asigna='300226' [1][0] OK
C:[07/11/2012 16:35:49.90][172.16.8.247][1263] SELECT par_cod_asig1,par_cod_asig2,par_cod_asig3 FROM tblaca009 WHERE pensum='5' AND c_uni_ca='4' AND c_asigna='300422' [1][0] OK
C:[07/11/2012 16:35:49.90][172.16.8.247][1263] SELECT par_cod_asig1,par_cod_asig2,par_cod_asig3 FROM tblaca009 WHERE pensum='5' AND c_uni_ca='4' AND c_asigna='330435' [1][0] OK
C:[07/11/2012 16:35:49.90][172.16.8.247][1263] SELECT par_cod_asig1,par_cod_asig2,par_cod_asig3 FROM tblaca009 WHERE pensum='5' AND c_uni_ca='4' AND c_asigna='333442' [1][0] OK
C:[07/11/2012 16:35:49.90][172.16.8.247][1263] SELECT par_cod_asig1,par_cod_asig2,par_cod_asig3 FROM tblaca009 WHERE pensum='5' AND c_uni_ca='4' AND c_asigna='333564' [1][0] OK
C:[07/11/2012 16:35:49.90][172.16.8.247][1263] SELECT par_cod_asig1,par_cod_asig2,par_cod_asig3 FROM tblaca009 WHERE pensum='5' AND c_uni_ca='4' AND c_asigna='333585' [1][0] OK
C:[07/11/2012 16:41:16.43][190.37.238.14][1219] SELECT pre_cod_asig1,pre_cod_asig2,pre_cod_asig3,pre_cod_asig4,pre_cod_asig5,pre_cod_asig6,pre_cod_asig7 FROM tblaca009 WHERE pensum='5' AND c_uni_ca='4' AND c_asigna='300207' [1][0] OK
C:[07/11/2012 16:41:16.43][190.37.238.14][1232] SELECT c_asigna FROM dace004 WHERE exp_e='08-21249304' AND c_asigna='300101' AND status IN ('0','3','B') [1][0] OK
C:[07/11/2012 16:41:16.68][190.37.238.14][1263] SELECT par_cod_asig1,par_cod_asig2,par_cod_asig3 FROM tblaca009 WHERE pensum='5' AND c_uni_ca='4' AND c_asigna='300207' [1][0] OK
C:[07/11/2012 16:41:16.80][190.37.238.14][1334] SELECT c_asigna FROM tblaca009 WHERE pensum='5' AND c_uni_ca='4' AND ((par_cod_asig1='300209') OR (par_cod_asig2='300209') OR (par_cod_asig3='300209'))  [1][0] OK
C:[07/11/2012 16:41:16.80][190.37.238.14][1346] SELECT c_asigna FROM dace004 WHERE exp_e='08-21249304' AND c_asigna='300213' AND status IN ('0','3','B') [0][0] OK
C:[07/11/2012 16:41:49.77][172.16.8.247][1219] SELECT pre_cod_asig1,pre_cod_asig2,pre_cod_asig3,pre_cod_asig4,pre_cod_asig5,pre_cod_asig6,pre_cod_asig7 FROM tblaca009 WHERE pensum='5' AND c_uni_ca='2' AND c_asigna='300207' [1][0] OK
C:[07/11/2012 16:41:49.77][172.16.8.247][1232] SELECT c_asigna FROM dace004 WHERE exp_e='12-19302647' AND c_asigna='300101' AND status IN ('0','3','B') [1][0] OK
C:[07/11/2012 16:41:49.77][172.16.8.247][1219] SELECT pre_cod_asig1,pre_cod_asig2,pre_cod_asig3,pre_cod_asig4,pre_cod_asig5,pre_cod_asig6,pre_cod_asig7 FROM tblaca009 WHERE pensum='5' AND c_uni_ca='2' AND c_asigna='300209' [1][0] OK
C:[07/11/2012 16:41:49.77][172.16.8.247][1232] SELECT c_asigna FROM dace004 WHERE exp_e='12-19302647' AND c_asigna='300101' AND status IN ('0','3','B') [1][0] OK
C:[07/11/2012 16:41:49.77][172.16.8.247][1219] SELECT pre_cod_asig1,pre_cod_asig2,pre_cod_asig3,pre_cod_asig4,pre_cod_asig5,pre_cod_asig6,pre_cod_asig7 FROM tblaca009 WHERE pensum='5' AND c_uni_ca='2' AND c_asigna='300213' [1][0] OK
C:[07/11/2012 16:41:49.77][172.16.8.247][1232] SELECT c_asigna FROM dace004 WHERE exp_e='12-19302647' AND c_asigna='300101' AND status IN ('0','3','B') [1][0] OK
C:[07/11/2012 16:41:49.77][172.16.8.247][1219] SELECT pre_cod_asig1,pre_cod_asig2,pre_cod_asig3,pre_cod_asig4,pre_cod_asig5,pre_cod_asig6,pre_cod_asig7 FROM tblaca009 WHERE pensum='5' AND c_uni_ca='2' AND c_asigna='300222' [1][0] OK
C:[07/11/2012 16:41:49.77][172.16.8.247][1232] SELECT c_asigna FROM dace004 WHERE exp_e='12-19302647' AND c_asigna='300112' AND status IN ('0','3','B') [1][0] OK
C:[07/11/2012 16:41:49.77][172.16.8.247][1219] SELECT pre_cod_asig1,pre_cod_asig2,pre_cod_asig3,pre_cod_asig4,pre_cod_asig5,pre_cod_asig6,pre_cod_asig7 FROM tblaca009 WHERE pensum='5' AND c_uni_ca='2' AND c_asigna='300226' [1][0] OK
C:[07/11/2012 16:41:49.77][172.16.8.247][1232] SELECT c_asigna FROM dace004 WHERE exp_e='12-19302647' AND c_asigna='300116' AND status IN ('0','3','B') [1][0] OK
C:[07/11/2012 16:41:50.02][172.16.8.247][1263] SELECT par_cod_asig1,par_cod_asig2,par_cod_asig3 FROM tblaca009 WHERE pensum='5' AND c_uni_ca='2' AND c_asigna='300207' [1][0] OK
C:[07/11/2012 16:41:50.02][172.16.8.247][1263] SELECT par_cod_asig1,par_cod_asig2,par_cod_asig3 FROM tblaca009 WHERE pensum='5' AND c_uni_ca='2' AND c_asigna='300209' [1][0] OK
C:[07/11/2012 16:41:50.02][172.16.8.247][1263] SELECT par_cod_asig1,par_cod_asig2,par_cod_asig3 FROM tblaca009 WHERE pensum='5' AND c_uni_ca='2' AND c_asigna='300213' [1][0] OK
C:[07/11/2012 16:41:50.02][172.16.8.247][1277] SELECT c_asigna FROM dace004 WHERE exp_e='12-19302647' AND c_asigna='300209' AND status IN ('0','3','B','C') [0][0] OK
C:[07/11/2012 16:41:50.02][172.16.8.247][1263] SELECT par_cod_asig1,par_cod_asig2,par_cod_asig3 FROM tblaca009 WHERE pensum='5' AND c_uni_ca='2' AND c_asigna='300222' [1][0] OK
C:[07/11/2012 16:41:50.02][172.16.8.247][1263] SELECT par_cod_asig1,par_cod_asig2,par_cod_asig3 FROM tblaca009 WHERE pensum='5' AND c_uni_ca='2' AND c_asigna='300226' [1][0] OK
C:[07/11/2012 16:43:23.46][190.37.238.14][1219] SELECT pre_cod_asig1,pre_cod_asig2,pre_cod_asig3,pre_cod_asig4,pre_cod_asig5,pre_cod_asig6,pre_cod_asig7 FROM tblaca009 WHERE pensum='5' AND c_uni_ca='4' AND c_asigna='300209' [1][0] OK
C:[07/11/2012 16:43:23.46][190.37.238.14][1232] SELECT c_asigna FROM dace004 WHERE exp_e='08-21249304' AND c_asigna='300101' AND status IN ('0','3','B') [1][0] OK
C:[07/11/2012 16:43:23.46][190.37.238.14][1219] SELECT pre_cod_asig1,pre_cod_asig2,pre_cod_asig3,pre_cod_asig4,pre_cod_asig5,pre_cod_asig6,pre_cod_asig7 FROM tblaca009 WHERE pensum='5' AND c_uni_ca='4' AND c_asigna='300207' [1][0] OK
C:[07/11/2012 16:43:23.46][190.37.238.14][1232] SELECT c_asigna FROM dace004 WHERE exp_e='08-21249304' AND c_asigna='300101' AND status IN ('0','3','B') [1][0] OK
C:[07/11/2012 16:43:24.95][190.37.238.14][1263] SELECT par_cod_asig1,par_cod_asig2,par_cod_asig3 FROM tblaca009 WHERE pensum='5' AND c_uni_ca='4' AND c_asigna='300209' [1][0] OK
C:[07/11/2012 16:43:24.95][190.37.238.14][1263] SELECT par_cod_asig1,par_cod_asig2,par_cod_asig3 FROM tblaca009 WHERE pensum='5' AND c_uni_ca='4' AND c_asigna='300207' [1][0] OK
C:[07/11/2012 16:43:41.19][200.109.219.203][1219] SELECT pre_cod_asig1,pre_cod_asig2,pre_cod_asig3,pre_cod_asig4,pre_cod_asig5,pre_cod_asig6,pre_cod_asig7 FROM tblaca009 WHERE pensum='5' AND c_uni_ca='6' AND c_asigna='300676' [1][0] OK
C:[07/11/2012 16:43:41.19][200.109.219.203][1219] SELECT pre_cod_asig1,pre_cod_asig2,pre_cod_asig3,pre_cod_asig4,pre_cod_asig5,pre_cod_asig6,pre_cod_asig7 FROM tblaca009 WHERE pensum='5' AND c_uni_ca='6' AND c_asigna='342567' [1][0] OK
C:[07/11/2012 16:43:41.19][200.109.219.203][1232] SELECT c_asigna FROM dace004 WHERE exp_e='04-17750191' AND c_asigna='342444' AND status IN ('0','3','B') [1][0] OK
C:[07/11/2012 16:43:41.19][200.109.219.203][1219] SELECT pre_cod_asig1,pre_cod_asig2,pre_cod_asig3,pre_cod_asig4,pre_cod_asig5,pre_cod_asig6,pre_cod_asig7 FROM tblaca009 WHERE pensum='5' AND c_uni_ca='6' AND c_asigna='343568' [1][0] OK
C:[07/11/2012 16:43:41.19][200.109.219.203][1232] SELECT c_asigna FROM dace004 WHERE exp_e='04-17750191' AND c_asigna='340327' AND status IN ('0','3','B') [1][0] OK
C:[07/11/2012 16:43:41.19][200.109.219.203][1219] SELECT pre_cod_asig1,pre_cod_asig2,pre_cod_asig3,pre_cod_asig4,pre_cod_asig5,pre_cod_asig6,pre_cod_asig7 FROM tblaca009 WHERE pensum='5' AND c_uni_ca='6' AND c_asigna='344565' [1][0] OK
C:[07/11/2012 16:43:41.19][200.109.219.203][1232] SELECT c_asigna FROM dace004 WHERE exp_e='04-17750191' AND c_asigna='344445' AND status IN ('0','3','B') [1][0] OK
C:[07/11/2012 16:43:41.19][200.109.219.203][1219] SELECT pre_cod_asig1,pre_cod_asig2,pre_cod_asig3,pre_cod_asig4,pre_cod_asig5,pre_cod_asig6,pre_cod_asig7 FROM tblaca009 WHERE pensum='5' AND c_uni_ca='6' AND c_asigna='344566' [1][0] OK
C:[07/11/2012 16:43:41.19][200.109.219.203][1232] SELECT c_asigna FROM dace004 WHERE exp_e='04-17750191' AND c_asigna='344446' AND status IN ('0','3','B') [1][0] OK
C:[07/11/2012 16:43:41.19][200.109.219.203][1232] SELECT c_asigna FROM dace004 WHERE exp_e='04-17750191' AND c_asigna='300428' AND status IN ('0','3','B') [1][0] OK
C:[07/11/2012 16:43:41.19][200.109.219.203][1232] SELECT c_asigna FROM dace004 WHERE exp_e='04-17750191' AND c_asigna='300209' AND status IN ('0','3','B') [1][0] OK
C:[07/11/2012 16:43:41.19][200.109.219.203][1232] SELECT c_asigna FROM dace004 WHERE exp_e='04-17750191' AND c_asigna='300222' AND status IN ('0','3','B') [1][0] OK
C:[07/11/2012 16:43:41.19][200.109.219.203][1232] SELECT c_asigna FROM dace004 WHERE exp_e='04-17750191' AND c_asigna='300226' AND status IN ('0','3','B') [1][0] OK
C:[07/11/2012 16:43:41.19][200.109.219.203][1232] SELECT c_asigna FROM dace004 WHERE exp_e='04-17750191' AND c_asigna='300317' AND status IN ('0','3','B') [1][0] OK
C:[07/11/2012 16:43:41.19][200.109.219.203][1232] SELECT c_asigna FROM dace004 WHERE exp_e='04-17750191' AND c_asigna='300313' AND status IN ('0','3','B') [1][0] OK
C:[07/11/2012 16:43:42.07][200.109.219.203][1263] SELECT par_cod_asig1,par_cod_asig2,par_cod_asig3 FROM tblaca009 WHERE pensum='5' AND c_uni_ca='6' AND c_asigna='300676' [1][0] OK
C:[07/11/2012 16:43:42.07][200.109.219.203][1263] SELECT par_cod_asig1,par_cod_asig2,par_cod_asig3 FROM tblaca009 WHERE pensum='5' AND c_uni_ca='6' AND c_asigna='342567' [1][0] OK
C:[07/11/2012 16:43:42.07][200.109.219.203][1263] SELECT par_cod_asig1,par_cod_asig2,par_cod_asig3 FROM tblaca009 WHERE pensum='5' AND c_uni_ca='6' AND c_asigna='343568' [1][0] OK
C:[07/11/2012 16:43:42.07][200.109.219.203][1263] SELECT par_cod_asig1,par_cod_asig2,par_cod_asig3 FROM tblaca009 WHERE pensum='5' AND c_uni_ca='6' AND c_asigna='344565' [1][0] OK
C:[07/11/2012 16:43:42.07][200.109.219.203][1263] SELECT par_cod_asig1,par_cod_asig2,par_cod_asig3 FROM tblaca009 WHERE pensum='5' AND c_uni_ca='6' AND c_asigna='344566' [1][0] OK
C:[07/11/2012 16:43:42.26][200.109.219.203][1334] SELECT c_asigna FROM tblaca009 WHERE pensum='5' AND c_uni_ca='6' AND ((par_cod_asig1='300422') OR (par_cod_asig2='300422') OR (par_cod_asig3='300422'))  [0][0] OK
C:[07/11/2012 16:57:31.23][186.184.173.175][1219] SELECT pre_cod_asig1,pre_cod_asig2,pre_cod_asig3,pre_cod_asig4,pre_cod_asig5,pre_cod_asig6,pre_cod_asig7 FROM tblaca009 WHERE pensum='5' AND c_uni_ca='5' AND c_asigna='355572' [1][0] OK
C:[07/11/2012 16:57:31.23][186.184.173.175][1232] SELECT c_asigna FROM dace004 WHERE exp_e='06-19093086' AND c_asigna='300428' AND status IN ('0','3','B') [1][0] OK
C:[07/11/2012 16:57:31.23][186.184.173.175][1219] SELECT pre_cod_asig1,pre_cod_asig2,pre_cod_asig3,pre_cod_asig4,pre_cod_asig5,pre_cod_asig6,pre_cod_asig7 FROM tblaca009 WHERE pensum='5' AND c_uni_ca='5' AND c_asigna='300676' [1][0] OK
C:[07/11/2012 16:57:31.23][186.184.173.175][1219] SELECT pre_cod_asig1,pre_cod_asig2,pre_cod_asig3,pre_cod_asig4,pre_cod_asig5,pre_cod_asig6,pre_cod_asig7 FROM tblaca009 WHERE pensum='5' AND c_uni_ca='5' AND c_asigna='355722' [1][0] OK
C:[07/11/2012 16:57:31.23][186.184.173.175][1232] SELECT c_asigna FROM dace004 WHERE exp_e='06-19093086' AND c_asigna='355691' AND status IN ('0','3','B') [1][0] OK
C:[07/11/2012 16:57:31.23][186.184.173.175][1232] SELECT c_asigna FROM dace004 WHERE exp_e='06-19093086' AND c_asigna='355595' AND status IN ('0','3','B') [1][0] OK
C:[07/11/2012 16:57:31.23][186.184.173.175][1219] SELECT pre_cod_asig1,pre_cod_asig2,pre_cod_asig3,pre_cod_asig4,pre_cod_asig5,pre_cod_asig6,pre_cod_asig7 FROM tblaca009 WHERE pensum='5' AND c_uni_ca='5' AND c_asigna='355724' [1][0] OK
C:[07/11/2012 16:57:31.23][186.184.173.175][1232] SELECT c_asigna FROM dace004 WHERE exp_e='06-19093086' AND c_asigna='355692' AND status IN ('0','3','B') [1][0] OK
C:[07/11/2012 16:57:31.23][186.184.173.175][1219] SELECT pre_cod_asig1,pre_cod_asig2,pre_cod_asig3,pre_cod_asig4,pre_cod_asig5,pre_cod_asig6,pre_cod_asig7 FROM tblaca009 WHERE pensum='5' AND c_uni_ca='5' AND c_asigna='355835' [1][0] OK
C:[07/11/2012 16:57:31.23][186.184.173.175][1232] SELECT c_asigna FROM dace004 WHERE exp_e='06-19093086' AND c_asigna='355691' AND status IN ('0','3','B') [1][0] OK
C:[07/11/2012 16:57:31.23][186.184.173.175][1219] SELECT pre_cod_asig1,pre_cod_asig2,pre_cod_asig3,pre_cod_asig4,pre_cod_asig5,pre_cod_asig6,pre_cod_asig7 FROM tblaca009 WHERE pensum='5' AND c_uni_ca='5' AND c_asigna='355951' [1][0] OK
C:[07/11/2012 16:57:31.23][186.184.173.175][1232] SELECT c_asigna FROM dace004 WHERE exp_e='06-19093086' AND c_asigna='355691' AND status IN ('0','3','B') [1][0] OK
C:[07/11/2012 16:57:31.73][186.184.173.175][1263] SELECT par_cod_asig1,par_cod_asig2,par_cod_asig3 FROM tblaca009 WHERE pensum='5' AND c_uni_ca='5' AND c_asigna='355572' [1][0] OK
C:[07/11/2012 16:57:31.73][186.184.173.175][1263] SELECT par_cod_asig1,par_cod_asig2,par_cod_asig3 FROM tblaca009 WHERE pensum='5' AND c_uni_ca='5' AND c_asigna='300676' [1][0] OK
C:[07/11/2012 16:57:31.73][186.184.173.175][1263] SELECT par_cod_asig1,par_cod_asig2,par_cod_asig3 FROM tblaca009 WHERE pensum='5' AND c_uni_ca='5' AND c_asigna='355722' [1][0] OK
C:[07/11/2012 16:57:31.73][186.184.173.175][1263] SELECT par_cod_asig1,par_cod_asig2,par_cod_asig3 FROM tblaca009 WHERE pensum='5' AND c_uni_ca='5' AND c_asigna='355724' [1][0] OK
C:[07/11/2012 16:57:31.73][186.184.173.175][1263] SELECT par_cod_asig1,par_cod_asig2,par_cod_asig3 FROM tblaca009 WHERE pensum='5' AND c_uni_ca='5' AND c_asigna='355835' [1][0] OK
C:[07/11/2012 16:57:31.73][186.184.173.175][1263] SELECT par_cod_asig1,par_cod_asig2,par_cod_asig3 FROM tblaca009 WHERE pensum='5' AND c_uni_ca='5' AND c_asigna='355951' [1][0] OK
C:[07/11/2012 17:04:19.80][190.37.140.174][1219] SELECT pre_cod_asig1,pre_cod_asig2,pre_cod_asig3,pre_cod_asig4,pre_cod_asig5,pre_cod_asig6,pre_cod_asig7 FROM tblaca009 WHERE pensum='5' AND c_uni_ca='2' AND c_asigna='311561' [1][0] OK
C:[07/11/2012 17:04:19.80][190.37.140.174][1232] SELECT c_asigna FROM dace004 WHERE exp_e='09-19911785' AND c_asigna='300318' AND status IN ('0','3','B') [1][0] OK
C:[07/11/2012 17:04:19.80][190.37.140.174][1219] SELECT pre_cod_asig1,pre_cod_asig2,pre_cod_asig3,pre_cod_asig4,pre_cod_asig5,pre_cod_asig6,pre_cod_asig7 FROM tblaca009 WHERE pensum='5' AND c_uni_ca='2' AND c_asigna='320437' [1][0] OK
C:[07/11/2012 17:04:19.80][190.37.140.174][1232] SELECT c_asigna FROM dace004 WHERE exp_e='09-19911785' AND c_asigna='300317' AND status IN ('0','3','B') [1][0] OK
C:[07/11/2012 17:04:19.80][190.37.140.174][1232] SELECT c_asigna FROM dace004 WHERE exp_e='09-19911785' AND c_asigna='300313' AND status IN ('0','3','B') [1][0] OK
C:[07/11/2012 17:04:19.80][190.37.140.174][1232] SELECT c_asigna FROM dace004 WHERE exp_e='09-19911785' AND c_asigna='300209' AND status IN ('0','3','B') [1][0] OK
C:[07/11/2012 17:04:19.80][190.37.140.174][1232] SELECT c_asigna FROM dace004 WHERE exp_e='09-19911785' AND c_asigna='300226' AND status IN ('0','3','B') [1][0] OK
C:[07/11/2012 17:04:19.80][190.37.140.174][1219] SELECT pre_cod_asig1,pre_cod_asig2,pre_cod_asig3,pre_cod_asig4,pre_cod_asig5,pre_cod_asig6,pre_cod_asig7 FROM tblaca009 WHERE pensum='5' AND c_uni_ca='2' AND c_asigna='322436' [1][0] OK
C:[07/11/2012 17:04:19.80][190.37.140.174][1232] SELECT c_asigna FROM dace004 WHERE exp_e='09-19911785' AND c_asigna='300317' AND status IN ('0','3','B') [1][0] OK
C:[07/11/2012 17:04:19.80][190.37.140.174][1232] SELECT c_asigna FROM dace004 WHERE exp_e='09-19911785' AND c_asigna='320311' AND status IN ('0','3','B') [1][0] OK
C:[07/11/2012 17:04:19.80][190.37.140.174][1219] SELECT pre_cod_asig1,pre_cod_asig2,pre_cod_asig3,pre_cod_asig4,pre_cod_asig5,pre_cod_asig6,pre_cod_asig7 FROM tblaca009 WHERE pensum='5' AND c_uni_ca='2' AND c_asigna='323528' [1][0] OK
C:[07/11/2012 17:04:20.17][190.37.140.174][1263] SELECT par_cod_asig1,par_cod_asig2,par_cod_asig3 FROM tblaca009 WHERE pensum='5' AND c_uni_ca='2' AND c_asigna='311561' [1][0] OK
C:[07/11/2012 17:04:20.17][190.37.140.174][1263] SELECT par_cod_asig1,par_cod_asig2,par_cod_asig3 FROM tblaca009 WHERE pensum='5' AND c_uni_ca='2' AND c_asigna='320437' [1][0] OK
C:[07/11/2012 17:04:20.17][190.37.140.174][1263] SELECT par_cod_asig1,par_cod_asig2,par_cod_asig3 FROM tblaca009 WHERE pensum='5' AND c_uni_ca='2' AND c_asigna='322436' [1][0] OK
C:[07/11/2012 17:04:20.17][190.37.140.174][1263] SELECT par_cod_asig1,par_cod_asig2,par_cod_asig3 FROM tblaca009 WHERE pensum='5' AND c_uni_ca='2' AND c_asigna='323528' [1][0] OK
C:[07/11/2012 17:04:20.68][190.37.140.174][1334] SELECT c_asigna FROM tblaca009 WHERE pensum='5' AND c_uni_ca='2' AND ((par_cod_asig1='322433') OR (par_cod_asig2='322433') OR (par_cod_asig3='322433'))  [0][0] OK
C:[07/11/2012 17:43:22.38][190.73.155.183][1219] SELECT pre_cod_asig1,pre_cod_asig2,pre_cod_asig3,pre_cod_asig4,pre_cod_asig5,pre_cod_asig6,pre_cod_asig7 FROM tblaca009 WHERE pensum='5' AND c_uni_ca='5' AND c_asigna='355572' [1][0] OK
C:[07/11/2012 17:43:22.38][190.73.155.183][1232] SELECT c_asigna FROM dace004 WHERE exp_e='08-20013192' AND c_asigna='300428' AND status IN ('0','3','B') [1][0] OK
C:[07/11/2012 17:43:22.38][190.73.155.183][1219] SELECT pre_cod_asig1,pre_cod_asig2,pre_cod_asig3,pre_cod_asig4,pre_cod_asig5,pre_cod_asig6,pre_cod_asig7 FROM tblaca009 WHERE pensum='5' AND c_uni_ca='5' AND c_asigna='300676' [1][0] OK
C:[07/11/2012 17:43:22.38][190.73.155.183][1219] SELECT pre_cod_asig1,pre_cod_asig2,pre_cod_asig3,pre_cod_asig4,pre_cod_asig5,pre_cod_asig6,pre_cod_asig7 FROM tblaca009 WHERE pensum='5' AND c_uni_ca='5' AND c_asigna='355570' [1][0] OK
C:[07/11/2012 17:43:22.38][190.73.155.183][1232] SELECT c_asigna FROM dace004 WHERE exp_e='08-20013192' AND c_asigna='355447' AND status IN ('0','3','B') [1][0] OK
C:[07/11/2012 17:43:22.38][190.73.155.183][1219] SELECT pre_cod_asig1,pre_cod_asig2,pre_cod_asig3,pre_cod_asig4,pre_cod_asig5,pre_cod_asig6,pre_cod_asig7 FROM tblaca009 WHERE pensum='5' AND c_uni_ca='5' AND c_asigna='355571' [1][0] OK
C:[07/11/2012 17:43:22.38][190.73.155.183][1232] SELECT c_asigna FROM dace004 WHERE exp_e='08-20013192' AND c_asigna='355447' AND status IN ('0','3','B') [1][0] OK
C:[07/11/2012 17:43:23.26][190.73.155.183][1263] SELECT par_cod_asig1,par_cod_asig2,par_cod_asig3 FROM tblaca009 WHERE pensum='5' AND c_uni_ca='5' AND c_asigna='355572' [1][0] OK
C:[07/11/2012 17:43:23.26][190.73.155.183][1263] SELECT par_cod_asig1,par_cod_asig2,par_cod_asig3 FROM tblaca009 WHERE pensum='5' AND c_uni_ca='5' AND c_asigna='300676' [1][0] OK
C:[07/11/2012 17:43:23.26][190.73.155.183][1263] SELECT par_cod_asig1,par_cod_asig2,par_cod_asig3 FROM tblaca009 WHERE pensum='5' AND c_uni_ca='5' AND c_asigna='355570' [1][0] OK
C:[07/11/2012 17:43:23.26][190.73.155.183][1263] SELECT par_cod_asig1,par_cod_asig2,par_cod_asig3 FROM tblaca009 WHERE pensum='5' AND c_uni_ca='5' AND c_asigna='355571' [1][0] OK
C:[07/11/2012 18:17:56.97][190.37.229.55][1219] SELECT pre_cod_asig1,pre_cod_asig2,pre_cod_asig3,pre_cod_asig4,pre_cod_asig5,pre_cod_asig6,pre_cod_asig7 FROM tblaca009 WHERE pensum='5' AND c_uni_ca='3' AND c_asigna='300226' [1][0] OK
C:[07/11/2012 18:17:56.97][190.37.229.55][1232] SELECT c_asigna FROM dace004 WHERE exp_e='07-19420616' AND c_asigna='300116' AND status IN ('0','3','B') [1][0] OK
C:[07/11/2012 18:17:56.97][190.37.229.55][1219] SELECT pre_cod_asig1,pre_cod_asig2,pre_cod_asig3,pre_cod_asig4,pre_cod_asig5,pre_cod_asig6,pre_cod_asig7 FROM tblaca009 WHERE pensum='5' AND c_uni_ca='3' AND c_asigna='300870' [1][0] OK
C:[07/11/2012 18:17:56.97][190.37.229.55][1219] SELECT pre_cod_asig1,pre_cod_asig2,pre_cod_asig3,pre_cod_asig4,pre_cod_asig5,pre_cod_asig6,pre_cod_asig7 FROM tblaca009 WHERE pensum='5' AND c_uni_ca='3' AND c_asigna='311099' [1][0] OK
C:[07/11/2012 18:17:56.97][190.37.229.55][1232] SELECT c_asigna FROM dace004 WHERE exp_e='07-19420616' AND c_asigna='311795' AND status IN ('0','3','B') [1][0] OK
C:[07/11/2012 18:17:56.97][190.37.229.55][1232] SELECT c_asigna FROM dace004 WHERE exp_e='07-19420616' AND c_asigna='311825' AND status IN ('0','3','B') [1][0] OK
C:[07/11/2012 18:17:56.97][190.37.229.55][1219] SELECT pre_cod_asig1,pre_cod_asig2,pre_cod_asig3,pre_cod_asig4,pre_cod_asig5,pre_cod_asig6,pre_cod_asig7 FROM tblaca009 WHERE pensum='5' AND c_uni_ca='3' AND c_asigna='311933' [1][0] OK
C:[07/11/2012 18:17:57.84][190.37.229.55][1263] SELECT par_cod_asig1,par_cod_asig2,par_cod_asig3 FROM tblaca009 WHERE pensum='5' AND c_uni_ca='3' AND c_asigna='300226' [1][0] OK
C:[07/11/2012 18:17:57.84][190.37.229.55][1263] SELECT par_cod_asig1,par_cod_asig2,par_cod_asig3 FROM tblaca009 WHERE pensum='5' AND c_uni_ca='3' AND c_asigna='300870' [1][0] OK
C:[07/11/2012 18:17:57.84][190.37.229.55][1263] SELECT par_cod_asig1,par_cod_asig2,par_cod_asig3 FROM tblaca009 WHERE pensum='5' AND c_uni_ca='3' AND c_asigna='311099' [1][0] OK
C:[07/11/2012 18:17:57.84][190.37.229.55][1263] SELECT par_cod_asig1,par_cod_asig2,par_cod_asig3 FROM tblaca009 WHERE pensum='5' AND c_uni_ca='3' AND c_asigna='311933' [1][0] OK
C:[07/11/2012 19:31:38.11][172.16.8.125][1219] SELECT pre_cod_asig1,pre_cod_asig2,pre_cod_asig3,pre_cod_asig4,pre_cod_asig5,pre_cod_asig6,pre_cod_asig7 FROM tblaca009 WHERE pensum='5' AND c_uni_ca='4' AND c_asigna='333737' [1][0] OK
C:[07/11/2012 19:31:38.11][172.16.8.125][1232] SELECT c_asigna FROM dace004 WHERE exp_e='06-18667138' AND c_asigna='333683' AND status IN ('0','3','B') [1][0] OK
C:[07/11/2012 19:31:38.11][172.16.8.125][1219] SELECT pre_cod_asig1,pre_cod_asig2,pre_cod_asig3,pre_cod_asig4,pre_cod_asig5,pre_cod_asig6,pre_cod_asig7 FROM tblaca009 WHERE pensum='5' AND c_uni_ca='4' AND c_asigna='332558' [1][0] OK
C:[07/11/2012 19:31:38.11][172.16.8.125][1232] SELECT c_asigna FROM dace004 WHERE exp_e='06-18667138' AND c_asigna='330435' AND status IN ('0','3','B') [1][0] OK
C:[07/11/2012 19:31:38.11][172.16.8.125][1219] SELECT pre_cod_asig1,pre_cod_asig2,pre_cod_asig3,pre_cod_asig4,pre_cod_asig5,pre_cod_asig6,pre_cod_asig7 FROM tblaca009 WHERE pensum='5' AND c_uni_ca='4' AND c_asigna='333606' [1][0] OK
C:[07/11/2012 19:31:38.11][172.16.8.125][1232] SELECT c_asigna FROM dace004 WHERE exp_e='06-18667138' AND c_asigna='333584' AND status IN ('0','3','B') [1][0] OK
C:[07/11/2012 19:31:38.11][172.16.8.125][1219] SELECT pre_cod_asig1,pre_cod_asig2,pre_cod_asig3,pre_cod_asig4,pre_cod_asig5,pre_cod_asig6,pre_cod_asig7 FROM tblaca009 WHERE pensum='5' AND c_uni_ca='4' AND c_asigna='333608' [1][0] OK
C:[07/11/2012 19:31:38.11][172.16.8.125][1232] SELECT c_asigna FROM dace004 WHERE exp_e='06-18667138' AND c_asigna='311561' AND status IN ('0','3','B') [1][0] OK
C:[07/11/2012 19:31:38.11][172.16.8.125][1232] SELECT c_asigna FROM dace004 WHERE exp_e='06-18667138' AND c_asigna='333564' AND status IN ('0','3','B') [1][0] OK
C:[07/11/2012 19:31:38.11][172.16.8.125][1219] SELECT pre_cod_asig1,pre_cod_asig2,pre_cod_asig3,pre_cod_asig4,pre_cod_asig5,pre_cod_asig6,pre_cod_asig7 FROM tblaca009 WHERE pensum='5' AND c_uni_ca='4' AND c_asigna='333831' [1][0] OK
C:[07/11/2012 19:31:38.11][172.16.8.125][1232] SELECT c_asigna FROM dace004 WHERE exp_e='06-18667138' AND c_asigna='333611' AND status IN ('0','3','B') [1][0] OK
C:[07/11/2012 19:31:38.11][172.16.8.125][1219] SELECT pre_cod_asig1,pre_cod_asig2,pre_cod_asig3,pre_cod_asig4,pre_cod_asig5,pre_cod_asig6,pre_cod_asig7 FROM tblaca009 WHERE pensum='5' AND c_uni_ca='4' AND c_asigna='333838' [1][0] OK
C:[07/11/2012 19:31:38.11][172.16.8.125][1232] SELECT c_asigna FROM dace004 WHERE exp_e='06-18667138' AND c_asigna='333563' AND status IN ('0','3','B') [1][0] OK
C:[07/11/2012 19:31:38.11][172.16.8.125][1232] SELECT c_asigna FROM dace004 WHERE exp_e='06-18667138' AND c_asigna='333683' AND status IN ('0','3','B') [1][0] OK
C:[07/11/2012 19:31:39.86][172.16.8.125][1263] SELECT par_cod_asig1,par_cod_asig2,par_cod_asig3 FROM tblaca009 WHERE pensum='5' AND c_uni_ca='4' AND c_asigna='333737' [1][0] OK
C:[07/11/2012 19:31:39.86][172.16.8.125][1263] SELECT par_cod_asig1,par_cod_asig2,par_cod_asig3 FROM tblaca009 WHERE pensum='5' AND c_uni_ca='4' AND c_asigna='332558' [1][0] OK
C:[07/11/2012 19:31:39.86][172.16.8.125][1263] SELECT par_cod_asig1,par_cod_asig2,par_cod_asig3 FROM tblaca009 WHERE pensum='5' AND c_uni_ca='4' AND c_asigna='333606' [1][0] OK
C:[07/11/2012 19:31:39.86][172.16.8.125][1263] SELECT par_cod_asig1,par_cod_asig2,par_cod_asig3 FROM tblaca009 WHERE pensum='5' AND c_uni_ca='4' AND c_asigna='333608' [1][0] OK
C:[07/11/2012 19:31:39.86][172.16.8.125][1263] SELECT par_cod_asig1,par_cod_asig2,par_cod_asig3 FROM tblaca009 WHERE pensum='5' AND c_uni_ca='4' AND c_asigna='333831' [1][0] OK
C:[07/11/2012 19:31:39.86][172.16.8.125][1263] SELECT par_cod_asig1,par_cod_asig2,par_cod_asig3 FROM tblaca009 WHERE pensum='5' AND c_uni_ca='4' AND c_asigna='333838' [1][0] OK
C:[07/11/2012 20:40:06.75][200.109.223.104][1219] SELECT pre_cod_asig1,pre_cod_asig2,pre_cod_asig3,pre_cod_asig4,pre_cod_asig5,pre_cod_asig6,pre_cod_asig7 FROM tblaca009 WHERE pensum='5' AND c_uni_ca='3' AND c_asigna='300317' [1][0] OK
C:[07/11/2012 20:40:06.75][200.109.223.104][1232] SELECT c_asigna FROM dace004 WHERE exp_e='11-24890325' AND c_asigna='300207' AND status IN ('0','3','B') [1][0] OK
C:[07/11/2012 20:40:06.75][200.109.223.104][1232] SELECT c_asigna FROM dace004 WHERE exp_e='11-24890325' AND c_asigna='300209' AND status IN ('0','3','B') [1][0] OK
C:[07/11/2012 20:40:06.75][200.109.223.104][1219] SELECT pre_cod_asig1,pre_cod_asig2,pre_cod_asig3,pre_cod_asig4,pre_cod_asig5,pre_cod_asig6,pre_cod_asig7 FROM tblaca009 WHERE pensum='5' AND c_uni_ca='3' AND c_asigna='300318' [1][0] OK
C:[07/11/2012 20:40:06.75][200.109.223.104][1232] SELECT c_asigna FROM dace004 WHERE exp_e='11-24890325' AND c_asigna='300228' AND status IN ('0','3','B') [1][0] OK
C:[07/11/2012 20:40:06.75][200.109.223.104][1232] SELECT c_asigna FROM dace004 WHERE exp_e='11-24890325' AND c_asigna='300207' AND status IN ('0','3','B') [1][0] OK
C:[07/11/2012 20:40:06.75][200.109.223.104][1232] SELECT c_asigna FROM dace004 WHERE exp_e='11-24890325' AND c_asigna='300218' AND status IN ('0','3','B') [1][0] OK
C:[07/11/2012 20:40:06.75][200.109.223.104][1219] SELECT pre_cod_asig1,pre_cod_asig2,pre_cod_asig3,pre_cod_asig4,pre_cod_asig5,pre_cod_asig6,pre_cod_asig7 FROM tblaca009 WHERE pensum='5' AND c_uni_ca='3' AND c_asigna='311320' [1][0] OK
C:[07/11/2012 20:40:06.75][200.109.223.104][1232] SELECT c_asigna FROM dace004 WHERE exp_e='11-24890325' AND c_asigna='300013' AND status IN ('0','3','B') [1][0] OK
C:[07/11/2012 20:40:06.75][200.109.223.104][1232] SELECT c_asigna FROM dace004 WHERE exp_e='11-24890325' AND c_asigna='300113' AND status IN ('0','3','B') [1][0] OK
C:[07/11/2012 20:40:07.01][200.109.223.104][1263] SELECT par_cod_asig1,par_cod_asig2,par_cod_asig3 FROM tblaca009 WHERE pensum='5' AND c_uni_ca='3' AND c_asigna='300317' [1][0] OK
C:[07/11/2012 20:40:07.01][200.109.223.104][1263] SELECT par_cod_asig1,par_cod_asig2,par_cod_asig3 FROM tblaca009 WHERE pensum='5' AND c_uni_ca='3' AND c_asigna='300318' [1][0] OK
C:[07/11/2012 20:40:07.01][200.109.223.104][1263] SELECT par_cod_asig1,par_cod_asig2,par_cod_asig3 FROM tblaca009 WHERE pensum='5' AND c_uni_ca='3' AND c_asigna='311320' [1][0] OK
C:[07/11/2012 20:40:07.38][200.109.223.104][1334] SELECT c_asigna FROM tblaca009 WHERE pensum='5' AND c_uni_ca='3' AND ((par_cod_asig1='312333') OR (par_cod_asig2='312333') OR (par_cod_asig3='312333'))  [0][0] OK
C:[07/11/2012 20:51:14.77][190.206.90.181][1219] SELECT pre_cod_asig1,pre_cod_asig2,pre_cod_asig3,pre_cod_asig4,pre_cod_asig5,pre_cod_asig6,pre_cod_asig7 FROM tblaca009 WHERE pensum='5' AND c_uni_ca='3' AND c_asigna='300676' [1][0] OK
C:[07/11/2012 20:51:14.77][190.206.90.181][1219] SELECT pre_cod_asig1,pre_cod_asig2,pre_cod_asig3,pre_cod_asig4,pre_cod_asig5,pre_cod_asig6,pre_cod_asig7 FROM tblaca009 WHERE pensum='5' AND c_uni_ca='3' AND c_asigna='311554' [1][0] OK
C:[07/11/2012 20:51:14.77][190.206.90.181][1232] SELECT c_asigna FROM dace004 WHERE exp_e='06-16613925' AND c_asigna='300318' AND status IN ('0','3','B') [1][0] OK
C:[07/11/2012 20:51:14.77][190.206.90.181][1232] SELECT c_asigna FROM dace004 WHERE exp_e='06-16613925' AND c_asigna='300428' AND status IN ('0','3','B') [1][0] OK
C:[07/11/2012 20:51:14.77][190.206.90.181][1219] SELECT pre_cod_asig1,pre_cod_asig2,pre_cod_asig3,pre_cod_asig4,pre_cod_asig5,pre_cod_asig6,pre_cod_asig7 FROM tblaca009 WHERE pensum='5' AND c_uni_ca='3' AND c_asigna='311556' [1][0] OK
C:[07/11/2012 20:51:14.77][190.206.90.181][1232] SELECT c_asigna FROM dace004 WHERE exp_e='06-16613925' AND c_asigna='311434' AND status IN ('0','3','B') [1][0] OK
C:[07/11/2012 20:51:14.77][190.206.90.181][1232] SELECT c_asigna FROM dace004 WHERE exp_e='06-16613925' AND c_asigna='300222' AND status IN ('0','3','B') [1][0] OK
C:[07/11/2012 20:51:14.77][190.206.90.181][1232] SELECT c_asigna FROM dace004 WHERE exp_e='06-16613925' AND c_asigna='300226' AND status IN ('0','3','B') [1][0] OK
C:[07/11/2012 20:51:14.77][190.206.90.181][1232] SELECT c_asigna FROM dace004 WHERE exp_e='06-16613925' AND c_asigna='300209' AND status IN ('0','3','B') [1][0] OK
C:[07/11/2012 20:51:14.77][190.206.90.181][1219] SELECT pre_cod_asig1,pre_cod_asig2,pre_cod_asig3,pre_cod_asig4,pre_cod_asig5,pre_cod_asig6,pre_cod_asig7 FROM tblaca009 WHERE pensum='5' AND c_uni_ca='3' AND c_asigna='314662' [1][0] OK
C:[07/11/2012 20:51:14.77][190.206.90.181][1232] SELECT c_asigna FROM dace004 WHERE exp_e='06-16613925' AND c_asigna='311552' AND status IN ('0','3','B') [1][0] OK
C:[07/11/2012 20:51:14.77][190.206.90.181][1219] SELECT pre_cod_asig1,pre_cod_asig2,pre_cod_asig3,pre_cod_asig4,pre_cod_asig5,pre_cod_asig6,pre_cod_asig7 FROM tblaca009 WHERE pensum='5' AND c_uni_ca='3' AND c_asigna='315552' [1][0] OK
C:[07/11/2012 20:51:14.77][190.206.90.181][1232] SELECT c_asigna FROM dace004 WHERE exp_e='06-16613925' AND c_asigna='311430' AND status IN ('0','3','B') [1][0] OK
C:[07/11/2012 20:51:14.77][190.206.90.181][1232] SELECT c_asigna FROM dace004 WHERE exp_e='06-16613925' AND c_asigna='300222' AND status IN ('0','3','B') [1][0] OK
C:[07/11/2012 20:51:14.77][190.206.90.181][1232] SELECT c_asigna FROM dace004 WHERE exp_e='06-16613925' AND c_asigna='300226' AND status IN ('0','3','B') [1][0] OK
C:[07/11/2012 20:51:14.77][190.206.90.181][1232] SELECT c_asigna FROM dace004 WHERE exp_e='06-16613925' AND c_asigna='300209' AND status IN ('0','3','B') [1][0] OK
C:[07/11/2012 20:51:14.79][190.206.90.181][1263] SELECT par_cod_asig1,par_cod_asig2,par_cod_asig3 FROM tblaca009 WHERE pensum='5' AND c_uni_ca='3' AND c_asigna='300676' [1][0] OK
C:[07/11/2012 20:51:14.79][190.206.90.181][1263] SELECT par_cod_asig1,par_cod_asig2,par_cod_asig3 FROM tblaca009 WHERE pensum='5' AND c_uni_ca='3' AND c_asigna='311554' [1][0] OK
C:[07/11/2012 20:51:14.79][190.206.90.181][1263] SELECT par_cod_asig1,par_cod_asig2,par_cod_asig3 FROM tblaca009 WHERE pensum='5' AND c_uni_ca='3' AND c_asigna='311556' [1][0] OK
C:[07/11/2012 20:51:14.79][190.206.90.181][1277] SELECT c_asigna FROM dace004 WHERE exp_e='06-16613925' AND c_asigna='311551' AND status IN ('0','3','B','C') [1][0] OK
C:[07/11/2012 20:51:14.79][190.206.90.181][1263] SELECT par_cod_asig1,par_cod_asig2,par_cod_asig3 FROM tblaca009 WHERE pensum='5' AND c_uni_ca='3' AND c_asigna='314662' [1][0] OK
C:[07/11/2012 20:51:14.79][190.206.90.181][1263] SELECT par_cod_asig1,par_cod_asig2,par_cod_asig3 FROM tblaca009 WHERE pensum='5' AND c_uni_ca='3' AND c_asigna='315552' [1][0] OK
C:[07/11/2012 20:51:14.53][190.206.90.181][1334] SELECT c_asigna FROM tblaca009 WHERE pensum='5' AND c_uni_ca='3' AND ((par_cod_asig1='310548') OR (par_cod_asig2='310548') OR (par_cod_asig3='310548'))  [0][0] OK
C:[07/11/2012 20:54:47.42][200.109.223.104][1219] SELECT pre_cod_asig1,pre_cod_asig2,pre_cod_asig3,pre_cod_asig4,pre_cod_asig5,pre_cod_asig6,pre_cod_asig7 FROM tblaca009 WHERE pensum='5' AND c_uni_ca='3' AND c_asigna='300013' [1][0] OK
C:[07/11/2012 20:54:47.42][200.109.223.104][1219] SELECT pre_cod_asig1,pre_cod_asig2,pre_cod_asig3,pre_cod_asig4,pre_cod_asig5,pre_cod_asig6,pre_cod_asig7 FROM tblaca009 WHERE pensum='5' AND c_uni_ca='3' AND c_asigna='300105' [1][0] OK
C:[07/11/2012 20:54:47.42][200.109.223.104][1219] SELECT pre_cod_asig1,pre_cod_asig2,pre_cod_asig3,pre_cod_asig4,pre_cod_asig5,pre_cod_asig6,pre_cod_asig7 FROM tblaca009 WHERE pensum='5' AND c_uni_ca='3' AND c_asigna='300113' [1][0] OK
C:[07/11/2012 20:54:47.42][200.109.223.104][1219] SELECT pre_cod_asig1,pre_cod_asig2,pre_cod_asig3,pre_cod_asig4,pre_cod_asig5,pre_cod_asig6,pre_cod_asig7 FROM tblaca009 WHERE pensum='5' AND c_uni_ca='3' AND c_asigna='300226' [1][0] OK
C:[07/11/2012 20:54:47.42][200.109.223.104][1232] SELECT c_asigna FROM dace004 WHERE exp_e='08-20035471' AND c_asigna='300116' AND status IN ('0','3','B') [1][0] OK
C:[07/11/2012 20:54:47.42][200.109.223.104][1219] SELECT pre_cod_asig1,pre_cod_asig2,pre_cod_asig3,pre_cod_asig4,pre_cod_asig5,pre_cod_asig6,pre_cod_asig7 FROM tblaca009 WHERE pensum='5' AND c_uni_ca='3' AND c_asigna='300314' [1][0] OK
C:[07/11/2012 20:54:47.42][200.109.223.104][1232] SELECT c_asigna FROM dace004 WHERE exp_e='08-20035471' AND c_asigna='300106' AND status IN ('0','3','B') [1][0] OK
C:[07/11/2012 20:54:47.30][200.109.223.104][1263] SELECT par_cod_asig1,par_cod_asig2,par_cod_asig3 FROM tblaca009 WHERE pensum='5' AND c_uni_ca='3' AND c_asigna='300013' [1][0] OK
C:[07/11/2012 20:54:47.30][200.109.223.104][1263] SELECT par_cod_asig1,par_cod_asig2,par_cod_asig3 FROM tblaca009 WHERE pensum='5' AND c_uni_ca='3' AND c_asigna='300105' [1][0] OK
C:[07/11/2012 20:54:47.30][200.109.223.104][1263] SELECT par_cod_asig1,par_cod_asig2,par_cod_asig3 FROM tblaca009 WHERE pensum='5' AND c_uni_ca='3' AND c_asigna='300113' [1][0] OK
C:[07/11/2012 20:54:47.30][200.109.223.104][1277] SELECT c_asigna FROM dace004 WHERE exp_e='08-20035471' AND c_asigna='300013' AND status IN ('0','3','B','C') [0][0] OK
C:[07/11/2012 20:54:47.30][200.109.223.104][1263] SELECT par_cod_asig1,par_cod_asig2,par_cod_asig3 FROM tblaca009 WHERE pensum='5' AND c_uni_ca='3' AND c_asigna='300226' [1][0] OK
C:[07/11/2012 20:54:47.30][200.109.223.104][1263] SELECT par_cod_asig1,par_cod_asig2,par_cod_asig3 FROM tblaca009 WHERE pensum='5' AND c_uni_ca='3' AND c_asigna='300314' [1][0] OK
C:[07/11/2012 20:54:48.05][200.109.223.104][1334] SELECT c_asigna FROM tblaca009 WHERE pensum='5' AND c_uni_ca='3' AND ((par_cod_asig1='312333') OR (par_cod_asig2='312333') OR (par_cod_asig3='312333'))  [0][0] OK
C:[07/11/2012 20:58:32.07][190.206.90.181][1219] SELECT pre_cod_asig1,pre_cod_asig2,pre_cod_asig3,pre_cod_asig4,pre_cod_asig5,pre_cod_asig6,pre_cod_asig7 FROM tblaca009 WHERE pensum='5' AND c_uni_ca='3' AND c_asigna='300676' [1][0] OK
C:[07/11/2012 20:58:32.07][190.206.90.181][1219] SELECT pre_cod_asig1,pre_cod_asig2,pre_cod_asig3,pre_cod_asig4,pre_cod_asig5,pre_cod_asig6,pre_cod_asig7 FROM tblaca009 WHERE pensum='5' AND c_uni_ca='3' AND c_asigna='310548' [1][0] OK
C:[07/11/2012 20:58:32.07][190.206.90.181][1232] SELECT c_asigna FROM dace004 WHERE exp_e='06-16613925' AND c_asigna='300428' AND status IN ('0','3','B') [1][0] OK
C:[07/11/2012 20:58:32.07][190.206.90.181][1232] SELECT c_asigna FROM dace004 WHERE exp_e='06-16613925' AND c_asigna='300313' AND status IN ('0','3','B') [1][0] OK
C:[07/11/2012 20:58:32.07][190.206.90.181][1232] SELECT c_asigna FROM dace004 WHERE exp_e='06-16613925' AND c_asigna='300222' AND status IN ('0','3','B') [1][0] OK
C:[07/11/2012 20:58:32.07][190.206.90.181][1232] SELECT c_asigna FROM dace004 WHERE exp_e='06-16613925' AND c_asigna='300226' AND status IN ('0','3','B') [1][0] OK
C:[07/11/2012 20:58:32.07][190.206.90.181][1232] SELECT c_asigna FROM dace004 WHERE exp_e='06-16613925' AND c_asigna='300209' AND status IN ('0','3','B') [1][0] OK
C:[07/11/2012 20:58:32.07][190.206.90.181][1219] SELECT pre_cod_asig1,pre_cod_asig2,pre_cod_asig3,pre_cod_asig4,pre_cod_asig5,pre_cod_asig6,pre_cod_asig7 FROM tblaca009 WHERE pensum='5' AND c_uni_ca='3' AND c_asigna='311554' [1][0] OK
C:[07/11/2012 20:58:32.07][190.206.90.181][1232] SELECT c_asigna FROM dace004 WHERE exp_e='06-16613925' AND c_asigna='300318' AND status IN ('0','3','B') [1][0] OK
C:[07/11/2012 20:58:32.07][190.206.90.181][1232] SELECT c_asigna FROM dace004 WHERE exp_e='06-16613925' AND c_asigna='300428' AND status IN ('0','3','B') [1][0] OK
C:[07/11/2012 20:58:32.07][190.206.90.181][1219] SELECT pre_cod_asig1,pre_cod_asig2,pre_cod_asig3,pre_cod_asig4,pre_cod_asig5,pre_cod_asig6,pre_cod_asig7 FROM tblaca009 WHERE pensum='5' AND c_uni_ca='3' AND c_asigna='314662' [1][0] OK
C:[07/11/2012 20:58:32.07][190.206.90.181][1232] SELECT c_asigna FROM dace004 WHERE exp_e='06-16613925' AND c_asigna='311552' AND status IN ('0','3','B') [1][0] OK
C:[07/11/2012 20:58:32.07][190.206.90.181][1219] SELECT pre_cod_asig1,pre_cod_asig2,pre_cod_asig3,pre_cod_asig4,pre_cod_asig5,pre_cod_asig6,pre_cod_asig7 FROM tblaca009 WHERE pensum='5' AND c_uni_ca='3' AND c_asigna='315552' [1][0] OK
C:[07/11/2012 20:58:32.07][190.206.90.181][1232] SELECT c_asigna FROM dace004 WHERE exp_e='06-16613925' AND c_asigna='311430' AND status IN ('0','3','B') [1][0] OK
C:[07/11/2012 20:58:32.07][190.206.90.181][1232] SELECT c_asigna FROM dace004 WHERE exp_e='06-16613925' AND c_asigna='300222' AND status IN ('0','3','B') [1][0] OK
C:[07/11/2012 20:58:32.07][190.206.90.181][1232] SELECT c_asigna FROM dace004 WHERE exp_e='06-16613925' AND c_asigna='300226' AND status IN ('0','3','B') [1][0] OK
C:[07/11/2012 20:58:32.07][190.206.90.181][1232] SELECT c_asigna FROM dace004 WHERE exp_e='06-16613925' AND c_asigna='300209' AND status IN ('0','3','B') [1][0] OK
C:[07/11/2012 20:58:33.19][190.206.90.181][1263] SELECT par_cod_asig1,par_cod_asig2,par_cod_asig3 FROM tblaca009 WHERE pensum='5' AND c_uni_ca='3' AND c_asigna='300676' [1][0] OK
C:[07/11/2012 20:58:33.19][190.206.90.181][1263] SELECT par_cod_asig1,par_cod_asig2,par_cod_asig3 FROM tblaca009 WHERE pensum='5' AND c_uni_ca='3' AND c_asigna='310548' [1][0] OK
C:[07/11/2012 20:58:33.19][190.206.90.181][1263] SELECT par_cod_asig1,par_cod_asig2,par_cod_asig3 FROM tblaca009 WHERE pensum='5' AND c_uni_ca='3' AND c_asigna='311554' [1][0] OK
C:[07/11/2012 20:58:33.19][190.206.90.181][1263] SELECT par_cod_asig1,par_cod_asig2,par_cod_asig3 FROM tblaca009 WHERE pensum='5' AND c_uni_ca='3' AND c_asigna='314662' [1][0] OK
C:[07/11/2012 20:58:33.19][190.206.90.181][1263] SELECT par_cod_asig1,par_cod_asig2,par_cod_asig3 FROM tblaca009 WHERE pensum='5' AND c_uni_ca='3' AND c_asigna='315552' [1][0] OK
C:[07/11/2012 20:58:33.82][190.206.90.181][1334] SELECT c_asigna FROM tblaca009 WHERE pensum='5' AND c_uni_ca='3' AND ((par_cod_asig1='311556') OR (par_cod_asig2='311556') OR (par_cod_asig3='311556'))  [0][0] OK
C:[07/11/2012 20:59:50.42][190.206.90.181][1219] SELECT pre_cod_asig1,pre_cod_asig2,pre_cod_asig3,pre_cod_asig4,pre_cod_asig5,pre_cod_asig6,pre_cod_asig7 FROM tblaca009 WHERE pensum='5' AND c_uni_ca='3' AND c_asigna='311556' [1][0] OK
C:[07/11/2012 20:59:50.42][190.206.90.181][1232] SELECT c_asigna FROM dace004 WHERE exp_e='06-16613925' AND c_asigna='311434' AND status IN ('0','3','B') [1][0] OK
C:[07/11/2012 20:59:50.42][190.206.90.181][1232] SELECT c_asigna FROM dace004 WHERE exp_e='06-16613925' AND c_asigna='300222' AND status IN ('0','3','B') [1][0] OK
C:[07/11/2012 20:59:50.42][190.206.90.181][1232] SELECT c_asigna FROM dace004 WHERE exp_e='06-16613925' AND c_asigna='300226' AND status IN ('0','3','B') [1][0] OK
C:[07/11/2012 20:59:50.42][190.206.90.181][1232] SELECT c_asigna FROM dace004 WHERE exp_e='06-16613925' AND c_asigna='300209' AND status IN ('0','3','B') [1][0] OK
C:[07/11/2012 20:59:50.42][190.206.90.181][1219] SELECT pre_cod_asig1,pre_cod_asig2,pre_cod_asig3,pre_cod_asig4,pre_cod_asig5,pre_cod_asig6,pre_cod_asig7 FROM tblaca009 WHERE pensum='5' AND c_uni_ca='3' AND c_asigna='300676' [1][0] OK
C:[07/11/2012 20:59:50.42][190.206.90.181][1219] SELECT pre_cod_asig1,pre_cod_asig2,pre_cod_asig3,pre_cod_asig4,pre_cod_asig5,pre_cod_asig6,pre_cod_asig7 FROM tblaca009 WHERE pensum='5' AND c_uni_ca='3' AND c_asigna='310548' [1][0] OK
C:[07/11/2012 20:59:50.42][190.206.90.181][1232] SELECT c_asigna FROM dace004 WHERE exp_e='06-16613925' AND c_asigna='300428' AND status IN ('0','3','B') [1][0] OK
C:[07/11/2012 20:59:50.42][190.206.90.181][1232] SELECT c_asigna FROM dace004 WHERE exp_e='06-16613925' AND c_asigna='300313' AND status IN ('0','3','B') [1][0] OK
C:[07/11/2012 20:59:50.42][190.206.90.181][1232] SELECT c_asigna FROM dace004 WHERE exp_e='06-16613925' AND c_asigna='300222' AND status IN ('0','3','B') [1][0] OK
C:[07/11/2012 20:59:50.42][190.206.90.181][1232] SELECT c_asigna FROM dace004 WHERE exp_e='06-16613925' AND c_asigna='300226' AND status IN ('0','3','B') [1][0] OK
C:[07/11/2012 20:59:50.42][190.206.90.181][1232] SELECT c_asigna FROM dace004 WHERE exp_e='06-16613925' AND c_asigna='300209' AND status IN ('0','3','B') [1][0] OK
C:[07/11/2012 20:59:50.42][190.206.90.181][1219] SELECT pre_cod_asig1,pre_cod_asig2,pre_cod_asig3,pre_cod_asig4,pre_cod_asig5,pre_cod_asig6,pre_cod_asig7 FROM tblaca009 WHERE pensum='5' AND c_uni_ca='3' AND c_asigna='311554' [1][0] OK
C:[07/11/2012 20:59:50.42][190.206.90.181][1232] SELECT c_asigna FROM dace004 WHERE exp_e='06-16613925' AND c_asigna='300318' AND status IN ('0','3','B') [1][0] OK
C:[07/11/2012 20:59:50.42][190.206.90.181][1232] SELECT c_asigna FROM dace004 WHERE exp_e='06-16613925' AND c_asigna='300428' AND status IN ('0','3','B') [1][0] OK
C:[07/11/2012 20:59:50.42][190.206.90.181][1219] SELECT pre_cod_asig1,pre_cod_asig2,pre_cod_asig3,pre_cod_asig4,pre_cod_asig5,pre_cod_asig6,pre_cod_asig7 FROM tblaca009 WHERE pensum='5' AND c_uni_ca='3' AND c_asigna='314662' [1][0] OK
C:[07/11/2012 20:59:50.42][190.206.90.181][1232] SELECT c_asigna FROM dace004 WHERE exp_e='06-16613925' AND c_asigna='311552' AND status IN ('0','3','B') [1][0] OK
C:[07/11/2012 20:59:50.42][190.206.90.181][1219] SELECT pre_cod_asig1,pre_cod_asig2,pre_cod_asig3,pre_cod_asig4,pre_cod_asig5,pre_cod_asig6,pre_cod_asig7 FROM tblaca009 WHERE pensum='5' AND c_uni_ca='3' AND c_asigna='315552' [1][0] OK
C:[07/11/2012 20:59:50.42][190.206.90.181][1232] SELECT c_asigna FROM dace004 WHERE exp_e='06-16613925' AND c_asigna='311430' AND status IN ('0','3','B') [1][0] OK
C:[07/11/2012 20:59:50.42][190.206.90.181][1232] SELECT c_asigna FROM dace004 WHERE exp_e='06-16613925' AND c_asigna='300222' AND status IN ('0','3','B') [1][0] OK
C:[07/11/2012 20:59:50.42][190.206.90.181][1232] SELECT c_asigna FROM dace004 WHERE exp_e='06-16613925' AND c_asigna='300226' AND status IN ('0','3','B') [1][0] OK
C:[07/11/2012 20:59:50.42][190.206.90.181][1232] SELECT c_asigna FROM dace004 WHERE exp_e='06-16613925' AND c_asigna='300209' AND status IN ('0','3','B') [1][0] OK
C:[07/11/2012 20:59:50.16][190.206.90.181][1263] SELECT par_cod_asig1,par_cod_asig2,par_cod_asig3 FROM tblaca009 WHERE pensum='5' AND c_uni_ca='3' AND c_asigna='311556' [1][0] OK
C:[07/11/2012 20:59:50.16][190.206.90.181][1277] SELECT c_asigna FROM dace004 WHERE exp_e='06-16613925' AND c_asigna='311551' AND status IN ('0','3','B','C') [1][0] OK
C:[07/11/2012 20:59:50.16][190.206.90.181][1263] SELECT par_cod_asig1,par_cod_asig2,par_cod_asig3 FROM tblaca009 WHERE pensum='5' AND c_uni_ca='3' AND c_asigna='300676' [1][0] OK
C:[07/11/2012 20:59:50.16][190.206.90.181][1263] SELECT par_cod_asig1,par_cod_asig2,par_cod_asig3 FROM tblaca009 WHERE pensum='5' AND c_uni_ca='3' AND c_asigna='310548' [1][0] OK
C:[07/11/2012 20:59:50.16][190.206.90.181][1263] SELECT par_cod_asig1,par_cod_asig2,par_cod_asig3 FROM tblaca009 WHERE pensum='5' AND c_uni_ca='3' AND c_asigna='311554' [1][0] OK
C:[07/11/2012 20:59:50.16][190.206.90.181][1263] SELECT par_cod_asig1,par_cod_asig2,par_cod_asig3 FROM tblaca009 WHERE pensum='5' AND c_uni_ca='3' AND c_asigna='314662' [1][0] OK
C:[07/11/2012 20:59:50.16][190.206.90.181][1263] SELECT par_cod_asig1,par_cod_asig2,par_cod_asig3 FROM tblaca009 WHERE pensum='5' AND c_uni_ca='3' AND c_asigna='315552' [1][0] OK
C:[07/11/2012 21:00:57.61][190.206.90.181][1219] SELECT pre_cod_asig1,pre_cod_asig2,pre_cod_asig3,pre_cod_asig4,pre_cod_asig5,pre_cod_asig6,pre_cod_asig7 FROM tblaca009 WHERE pensum='5' AND c_uni_ca='3' AND c_asigna='300422' [1][0] OK
C:[07/11/2012 21:00:57.61][190.206.90.181][1232] SELECT c_asigna FROM dace004 WHERE exp_e='08-19719511' AND c_asigna='300105' AND status IN ('0','3','B') [1][0] OK
C:[07/11/2012 21:00:57.61][190.206.90.181][1232] SELECT c_asigna FROM dace004 WHERE exp_e='08-19719511' AND c_asigna='300314' AND status IN ('0','3','B') [1][0] OK
C:[07/11/2012 21:00:57.61][190.206.90.181][1219] SELECT pre_cod_asig1,pre_cod_asig2,pre_cod_asig3,pre_cod_asig4,pre_cod_asig5,pre_cod_asig6,pre_cod_asig7 FROM tblaca009 WHERE pensum='5' AND c_uni_ca='3' AND c_asigna='310548' [1][0] OK
C:[07/11/2012 21:00:57.61][190.206.90.181][1232] SELECT c_asigna FROM dace004 WHERE exp_e='08-19719511' AND c_asigna='300428' AND status IN ('0','3','B') [1][0] OK
C:[07/11/2012 21:00:57.61][190.206.90.181][1232] SELECT c_asigna FROM dace004 WHERE exp_e='08-19719511' AND c_asigna='300313' AND status IN ('0','3','B') [1][0] OK
C:[07/11/2012 21:00:57.61][190.206.90.181][1232] SELECT c_asigna FROM dace004 WHERE exp_e='08-19719511' AND c_asigna='300222' AND status IN ('0','3','B') [1][0] OK
C:[07/11/2012 21:00:57.61][190.206.90.181][1232] SELECT c_asigna FROM dace004 WHERE exp_e='08-19719511' AND c_asigna='300226' AND status IN ('0','3','B') [1][0] OK
C:[07/11/2012 21:00:57.61][190.206.90.181][1232] SELECT c_asigna FROM dace004 WHERE exp_e='08-19719511' AND c_asigna='300209' AND status IN ('0','3','B') [1][0] OK
C:[07/11/2012 21:00:57.61][190.206.90.181][1219] SELECT pre_cod_asig1,pre_cod_asig2,pre_cod_asig3,pre_cod_asig4,pre_cod_asig5,pre_cod_asig6,pre_cod_asig7 FROM tblaca009 WHERE pensum='5' AND c_uni_ca='3' AND c_asigna='311552' [1][0] OK
C:[07/11/2012 21:00:57.61][190.206.90.181][1232] SELECT c_asigna FROM dace004 WHERE exp_e='08-19719511' AND c_asigna='300317' AND status IN ('0','3','B') [1][0] OK
C:[07/11/2012 21:00:57.61][190.206.90.181][1232] SELECT c_asigna FROM dace004 WHERE exp_e='08-19719511' AND c_asigna='300209' AND status IN ('0','3','B') [1][0] OK
C:[07/11/2012 21:00:57.61][190.206.90.181][1219] SELECT pre_cod_asig1,pre_cod_asig2,pre_cod_asig3,pre_cod_asig4,pre_cod_asig5,pre_cod_asig6,pre_cod_asig7 FROM tblaca009 WHERE pensum='5' AND c_uni_ca='3' AND c_asigna='311556' [1][0] OK
C:[07/11/2012 21:00:57.61][190.206.90.181][1232] SELECT c_asigna FROM dace004 WHERE exp_e='08-19719511' AND c_asigna='311434' AND status IN ('0','3','B') [1][0] OK
C:[07/11/2012 21:00:57.61][190.206.90.181][1232] SELECT c_asigna FROM dace004 WHERE exp_e='08-19719511' AND c_asigna='300222' AND status IN ('0','3','B') [1][0] OK
C:[07/11/2012 21:00:57.61][190.206.90.181][1232] SELECT c_asigna FROM dace004 WHERE exp_e='08-19719511' AND c_asigna='300226' AND status IN ('0','3','B') [1][0] OK
C:[07/11/2012 21:00:57.61][190.206.90.181][1232] SELECT c_asigna FROM dace004 WHERE exp_e='08-19719511' AND c_asigna='300209' AND status IN ('0','3','B') [1][0] OK
C:[07/11/2012 21:00:57.61][190.206.90.181][1219] SELECT pre_cod_asig1,pre_cod_asig2,pre_cod_asig3,pre_cod_asig4,pre_cod_asig5,pre_cod_asig6,pre_cod_asig7 FROM tblaca009 WHERE pensum='5' AND c_uni_ca='3' AND c_asigna='311673' [1][0] OK
C:[07/11/2012 21:00:57.61][190.206.90.181][1232] SELECT c_asigna FROM dace004 WHERE exp_e='08-19719511' AND c_asigna='311551' AND status IN ('0','3','B') [1][0] OK
C:[07/11/2012 21:00:57.61][190.206.90.181][1232] SELECT c_asigna FROM dace004 WHERE exp_e='08-19719511' AND c_asigna='311554' AND status IN ('0','3','B') [1][0] OK
C:[07/11/2012 21:00:57.61][190.206.90.181][1232] SELECT c_asigna FROM dace004 WHERE exp_e='08-19719511' AND c_asigna='311320' AND status IN ('0','3','B') [1][0] OK
C:[07/11/2012 21:00:57.61][190.206.90.181][1219] SELECT pre_cod_asig1,pre_cod_asig2,pre_cod_asig3,pre_cod_asig4,pre_cod_asig5,pre_cod_asig6,pre_cod_asig7 FROM tblaca009 WHERE pensum='5' AND c_uni_ca='3' AND c_asigna='312333' [1][0] OK
C:[07/11/2012 21:00:57.61][190.206.90.181][1232] SELECT c_asigna FROM dace004 WHERE exp_e='08-19719511' AND c_asigna='300228' AND status IN ('0','3','B') [1][0] OK
C:[07/11/2012 21:00:57.61][190.206.90.181][1219] SELECT pre_cod_asig1,pre_cod_asig2,pre_cod_asig3,pre_cod_asig4,pre_cod_asig5,pre_cod_asig6,pre_cod_asig7 FROM tblaca009 WHERE pensum='5' AND c_uni_ca='3' AND c_asigna='315552' [1][0] OK
C:[07/11/2012 21:00:57.61][190.206.90.181][1232] SELECT c_asigna FROM dace004 WHERE exp_e='08-19719511' AND c_asigna='311430' AND status IN ('0','3','B') [1][0] OK
C:[07/11/2012 21:00:57.61][190.206.90.181][1232] SELECT c_asigna FROM dace004 WHERE exp_e='08-19719511' AND c_asigna='300222' AND status IN ('0','3','B') [1][0] OK
C:[07/11/2012 21:00:57.61][190.206.90.181][1232] SELECT c_asigna FROM dace004 WHERE exp_e='08-19719511' AND c_asigna='300226' AND status IN ('0','3','B') [1][0] OK
C:[07/11/2012 21:00:57.61][190.206.90.181][1232] SELECT c_asigna FROM dace004 WHERE exp_e='08-19719511' AND c_asigna='300209' AND status IN ('0','3','B') [1][0] OK
C:[07/11/2012 21:00:58.12][190.206.90.181][1263] SELECT par_cod_asig1,par_cod_asig2,par_cod_asig3 FROM tblaca009 WHERE pensum='5' AND c_uni_ca='3' AND c_asigna='300422' [1][0] OK
C:[07/11/2012 21:00:58.12][190.206.90.181][1263] SELECT par_cod_asig1,par_cod_asig2,par_cod_asig3 FROM tblaca009 WHERE pensum='5' AND c_uni_ca='3' AND c_asigna='310548' [1][0] OK
C:[07/11/2012 21:00:58.12][190.206.90.181][1263] SELECT par_cod_asig1,par_cod_asig2,par_cod_asig3 FROM tblaca009 WHERE pensum='5' AND c_uni_ca='3' AND c_asigna='311552' [1][0] OK
C:[07/11/2012 21:00:58.12][190.206.90.181][1263] SELECT par_cod_asig1,par_cod_asig2,par_cod_asig3 FROM tblaca009 WHERE pensum='5' AND c_uni_ca='3' AND c_asigna='311556' [1][0] OK
C:[07/11/2012 21:00:58.12][190.206.90.181][1277] SELECT c_asigna FROM dace004 WHERE exp_e='08-19719511' AND c_asigna='311551' AND status IN ('0','3','B','C') [1][0] OK
C:[07/11/2012 21:00:58.12][190.206.90.181][1263] SELECT par_cod_asig1,par_cod_asig2,par_cod_asig3 FROM tblaca009 WHERE pensum='5' AND c_uni_ca='3' AND c_asigna='311673' [1][0] OK
C:[07/11/2012 21:00:58.12][190.206.90.181][1263] SELECT par_cod_asig1,par_cod_asig2,par_cod_asig3 FROM tblaca009 WHERE pensum='5' AND c_uni_ca='3' AND c_asigna='312333' [1][0] OK
C:[07/11/2012 21:00:58.12][190.206.90.181][1263] SELECT par_cod_asig1,par_cod_asig2,par_cod_asig3 FROM tblaca009 WHERE pensum='5' AND c_uni_ca='3' AND c_asigna='315552' [1][0] OK
C:[07/11/2012 21:03:34.52][190.206.90.181][1219] SELECT pre_cod_asig1,pre_cod_asig2,pre_cod_asig3,pre_cod_asig4,pre_cod_asig5,pre_cod_asig6,pre_cod_asig7 FROM tblaca009 WHERE pensum='5' AND c_uni_ca='3' AND c_asigna='300676' [1][0] OK
C:[07/11/2012 21:03:34.52][190.206.90.181][1219] SELECT pre_cod_asig1,pre_cod_asig2,pre_cod_asig3,pre_cod_asig4,pre_cod_asig5,pre_cod_asig6,pre_cod_asig7 FROM tblaca009 WHERE pensum='5' AND c_uni_ca='3' AND c_asigna='310548' [1][0] OK
C:[07/11/2012 21:03:34.52][190.206.90.181][1232] SELECT c_asigna FROM dace004 WHERE exp_e='06-16613925' AND c_asigna='300428' AND status IN ('0','3','B') [1][0] OK
C:[07/11/2012 21:03:34.52][190.206.90.181][1232] SELECT c_asigna FROM dace004 WHERE exp_e='06-16613925' AND c_asigna='300313' AND status IN ('0','3','B') [1][0] OK
C:[07/11/2012 21:03:34.52][190.206.90.181][1232] SELECT c_asigna FROM dace004 WHERE exp_e='06-16613925' AND c_asigna='300222' AND status IN ('0','3','B') [1][0] OK
C:[07/11/2012 21:03:34.52][190.206.90.181][1232] SELECT c_asigna FROM dace004 WHERE exp_e='06-16613925' AND c_asigna='300226' AND status IN ('0','3','B') [1][0] OK
C:[07/11/2012 21:03:34.52][190.206.90.181][1232] SELECT c_asigna FROM dace004 WHERE exp_e='06-16613925' AND c_asigna='300209' AND status IN ('0','3','B') [1][0] OK
C:[07/11/2012 21:03:34.52][190.206.90.181][1219] SELECT pre_cod_asig1,pre_cod_asig2,pre_cod_asig3,pre_cod_asig4,pre_cod_asig5,pre_cod_asig6,pre_cod_asig7 FROM tblaca009 WHERE pensum='5' AND c_uni_ca='3' AND c_asigna='311554' [1][0] OK
C:[07/11/2012 21:03:34.52][190.206.90.181][1232] SELECT c_asigna FROM dace004 WHERE exp_e='06-16613925' AND c_asigna='300318' AND status IN ('0','3','B') [1][0] OK
C:[07/11/2012 21:03:34.52][190.206.90.181][1232] SELECT c_asigna FROM dace004 WHERE exp_e='06-16613925' AND c_asigna='300428' AND status IN ('0','3','B') [1][0] OK
C:[07/11/2012 21:03:34.52][190.206.90.181][1219] SELECT pre_cod_asig1,pre_cod_asig2,pre_cod_asig3,pre_cod_asig4,pre_cod_asig5,pre_cod_asig6,pre_cod_asig7 FROM tblaca009 WHERE pensum='5' AND c_uni_ca='3' AND c_asigna='311556' [1][0] OK
C:[07/11/2012 21:03:34.52][190.206.90.181][1232] SELECT c_asigna FROM dace004 WHERE exp_e='06-16613925' AND c_asigna='311434' AND status IN ('0','3','B') [1][0] OK
C:[07/11/2012 21:03:34.52][190.206.90.181][1232] SELECT c_asigna FROM dace004 WHERE exp_e='06-16613925' AND c_asigna='300222' AND status IN ('0','3','B') [1][0] OK
C:[07/11/2012 21:03:34.52][190.206.90.181][1232] SELECT c_asigna FROM dace004 WHERE exp_e='06-16613925' AND c_asigna='300226' AND status IN ('0','3','B') [1][0] OK
C:[07/11/2012 21:03:34.52][190.206.90.181][1232] SELECT c_asigna FROM dace004 WHERE exp_e='06-16613925' AND c_asigna='300209' AND status IN ('0','3','B') [1][0] OK
C:[07/11/2012 21:03:34.52][190.206.90.181][1219] SELECT pre_cod_asig1,pre_cod_asig2,pre_cod_asig3,pre_cod_asig4,pre_cod_asig5,pre_cod_asig6,pre_cod_asig7 FROM tblaca009 WHERE pensum='5' AND c_uni_ca='3' AND c_asigna='314662' [1][0] OK
C:[07/11/2012 21:03:34.52][190.206.90.181][1232] SELECT c_asigna FROM dace004 WHERE exp_e='06-16613925' AND c_asigna='311552' AND status IN ('0','3','B') [1][0] OK
C:[07/11/2012 21:03:34.52][190.206.90.181][1219] SELECT pre_cod_asig1,pre_cod_asig2,pre_cod_asig3,pre_cod_asig4,pre_cod_asig5,pre_cod_asig6,pre_cod_asig7 FROM tblaca009 WHERE pensum='5' AND c_uni_ca='3' AND c_asigna='315552' [1][0] OK
C:[07/11/2012 21:03:34.52][190.206.90.181][1232] SELECT c_asigna FROM dace004 WHERE exp_e='06-16613925' AND c_asigna='311430' AND status IN ('0','3','B') [1][0] OK
C:[07/11/2012 21:03:34.52][190.206.90.181][1232] SELECT c_asigna FROM dace004 WHERE exp_e='06-16613925' AND c_asigna='300222' AND status IN ('0','3','B') [1][0] OK
C:[07/11/2012 21:03:34.52][190.206.90.181][1232] SELECT c_asigna FROM dace004 WHERE exp_e='06-16613925' AND c_asigna='300226' AND status IN ('0','3','B') [1][0] OK
C:[07/11/2012 21:03:34.52][190.206.90.181][1232] SELECT c_asigna FROM dace004 WHERE exp_e='06-16613925' AND c_asigna='300209' AND status IN ('0','3','B') [1][0] OK
C:[07/11/2012 21:03:35.27][190.206.90.181][1263] SELECT par_cod_asig1,par_cod_asig2,par_cod_asig3 FROM tblaca009 WHERE pensum='5' AND c_uni_ca='3' AND c_asigna='300676' [1][0] OK
C:[07/11/2012 21:03:35.27][190.206.90.181][1263] SELECT par_cod_asig1,par_cod_asig2,par_cod_asig3 FROM tblaca009 WHERE pensum='5' AND c_uni_ca='3' AND c_asigna='310548' [1][0] OK
C:[07/11/2012 21:03:35.27][190.206.90.181][1263] SELECT par_cod_asig1,par_cod_asig2,par_cod_asig3 FROM tblaca009 WHERE pensum='5' AND c_uni_ca='3' AND c_asigna='311554' [1][0] OK
C:[07/11/2012 21:03:35.27][190.206.90.181][1263] SELECT par_cod_asig1,par_cod_asig2,par_cod_asig3 FROM tblaca009 WHERE pensum='5' AND c_uni_ca='3' AND c_asigna='311556' [1][0] OK
C:[07/11/2012 21:03:35.27][190.206.90.181][1277] SELECT c_asigna FROM dace004 WHERE exp_e='06-16613925' AND c_asigna='311551' AND status IN ('0','3','B','C') [1][0] OK
C:[07/11/2012 21:03:35.27][190.206.90.181][1263] SELECT par_cod_asig1,par_cod_asig2,par_cod_asig3 FROM tblaca009 WHERE pensum='5' AND c_uni_ca='3' AND c_asigna='314662' [1][0] OK
C:[07/11/2012 21:03:35.27][190.206.90.181][1263] SELECT par_cod_asig1,par_cod_asig2,par_cod_asig3 FROM tblaca009 WHERE pensum='5' AND c_uni_ca='3' AND c_asigna='315552' [1][0] OK
C:[07/11/2012 21:08:41.26][200.109.210.133][1219] SELECT pre_cod_asig1,pre_cod_asig2,pre_cod_asig3,pre_cod_asig4,pre_cod_asig5,pre_cod_asig6,pre_cod_asig7 FROM tblaca009 WHERE pensum='5' AND c_uni_ca='5' AND c_asigna='351451' [1][0] OK
C:[07/11/2012 21:08:41.26][200.109.210.133][1232] SELECT c_asigna FROM dace004 WHERE exp_e='06-18901509' AND c_asigna='351330' AND status IN ('0','3','B') [1][0] OK
C:[07/11/2012 21:08:41.26][200.109.210.133][1232] SELECT c_asigna FROM dace004 WHERE exp_e='06-18901509' AND c_asigna='355350' AND status IN ('0','3','B') [1][0] OK
C:[07/11/2012 21:08:41.26][200.109.210.133][1232] SELECT c_asigna FROM dace004 WHERE exp_e='06-18901509' AND c_asigna='300318' AND status IN ('0','3','B') [1][0] OK
C:[07/11/2012 21:08:41.26][200.109.210.133][1232] SELECT c_asigna FROM dace004 WHERE exp_e='06-18901509' AND c_asigna='300209' AND status IN ('0','3','B') [1][0] OK
C:[07/11/2012 21:08:41.26][200.109.210.133][1232] SELECT c_asigna FROM dace004 WHERE exp_e='06-18901509' AND c_asigna='300222' AND status IN ('0','3','B') [0][0] OK
C:[07/11/2012 21:08:41.26][200.109.210.133][1219] SELECT pre_cod_asig1,pre_cod_asig2,pre_cod_asig3,pre_cod_asig4,pre_cod_asig5,pre_cod_asig6,pre_cod_asig7 FROM tblaca009 WHERE pensum='5' AND c_uni_ca='5' AND c_asigna='300113' [1][0] OK
C:[07/11/2012 21:08:41.26][200.109.210.133][1219] SELECT pre_cod_asig1,pre_cod_asig2,pre_cod_asig3,pre_cod_asig4,pre_cod_asig5,pre_cod_asig6,pre_cod_asig7 FROM tblaca009 WHERE pensum='5' AND c_uni_ca='5' AND c_asigna='300422' [1][0] OK
C:[07/11/2012 21:08:41.26][200.109.210.133][1232] SELECT c_asigna FROM dace004 WHERE exp_e='06-18901509' AND c_asigna='300105' AND status IN ('0','3','B') [1][0] OK
C:[07/11/2012 21:08:41.26][200.109.210.133][1232] SELECT c_asigna FROM dace004 WHERE exp_e='06-18901509' AND c_asigna='300314' AND status IN ('0','3','B') [1][0] OK
C:[07/11/2012 21:08:41.26][200.109.210.133][1219] SELECT pre_cod_asig1,pre_cod_asig2,pre_cod_asig3,pre_cod_asig4,pre_cod_asig5,pre_cod_asig6,pre_cod_asig7 FROM tblaca009 WHERE pensum='5' AND c_uni_ca='5' AND c_asigna='355447' [1][0] OK
C:[07/11/2012 21:08:41.26][200.109.210.133][1232] SELECT c_asigna FROM dace004 WHERE exp_e='06-18901509' AND c_asigna='351330' AND status IN ('0','3','B') [1][0] OK
C:[07/11/2012 21:08:41.26][200.109.210.133][1219] SELECT pre_cod_asig1,pre_cod_asig2,pre_cod_asig3,pre_cod_asig4,pre_cod_asig5,pre_cod_asig6,pre_cod_asig7 FROM tblaca009 WHERE pensum='5' AND c_uni_ca='5' AND c_asigna='355573' [1][0] OK
C:[07/11/2012 21:08:41.26][200.109.210.133][1232] SELECT c_asigna FROM dace004 WHERE exp_e='06-18901509' AND c_asigna='355448' AND status IN ('0','3','B') [1][0] OK
C:[07/11/2012 21:08:41.26][200.109.210.133][1219] SELECT pre_cod_asig1,pre_cod_asig2,pre_cod_asig3,pre_cod_asig4,pre_cod_asig5,pre_cod_asig6,pre_cod_asig7 FROM tblaca009 WHERE pensum='5' AND c_uni_ca='5' AND c_asigna='355874' [1][0] OK
C:[07/11/2012 21:08:41.26][200.109.210.133][1232] SELECT c_asigna FROM dace004 WHERE exp_e='06-18901509' AND c_asigna='355448' AND status IN ('0','3','B') [1][0] OK
C:[07/11/2012 21:08:42.26][200.109.210.133][1263] SELECT par_cod_asig1,par_cod_asig2,par_cod_asig3 FROM tblaca009 WHERE pensum='5' AND c_uni_ca='5' AND c_asigna='351451' [1][0] OK
C:[07/11/2012 21:08:42.26][200.109.210.133][1263] SELECT par_cod_asig1,par_cod_asig2,par_cod_asig3 FROM tblaca009 WHERE pensum='5' AND c_uni_ca='5' AND c_asigna='300113' [1][0] OK
C:[07/11/2012 21:08:42.26][200.109.210.133][1277] SELECT c_asigna FROM dace004 WHERE exp_e='06-18901509' AND c_asigna='300013' AND status IN ('0','3','B','C') [1][0] OK
C:[07/11/2012 21:08:42.26][200.109.210.133][1263] SELECT par_cod_asig1,par_cod_asig2,par_cod_asig3 FROM tblaca009 WHERE pensum='5' AND c_uni_ca='5' AND c_asigna='300422' [1][0] OK
C:[07/11/2012 21:08:42.26][200.109.210.133][1263] SELECT par_cod_asig1,par_cod_asig2,par_cod_asig3 FROM tblaca009 WHERE pensum='5' AND c_uni_ca='5' AND c_asigna='355447' [1][0] OK
C:[07/11/2012 21:08:42.26][200.109.210.133][1263] SELECT par_cod_asig1,par_cod_asig2,par_cod_asig3 FROM tblaca009 WHERE pensum='5' AND c_uni_ca='5' AND c_asigna='355573' [1][0] OK
C:[07/11/2012 21:08:42.26][200.109.210.133][1263] SELECT par_cod_asig1,par_cod_asig2,par_cod_asig3 FROM tblaca009 WHERE pensum='5' AND c_uni_ca='5' AND c_asigna='355874' [1][0] OK
C:[07/11/2012 21:19:08.19][190.94.235.185][1219] SELECT pre_cod_asig1,pre_cod_asig2,pre_cod_asig3,pre_cod_asig4,pre_cod_asig5,pre_cod_asig6,pre_cod_asig7 FROM tblaca009 WHERE pensum='5' AND c_uni_ca='4' AND c_asigna='333737' [1][0] OK
C:[07/11/2012 21:19:08.19][190.94.235.185][1232] SELECT c_asigna FROM dace004 WHERE exp_e='07-19869532' AND c_asigna='333683' AND status IN ('0','3','B') [1][0] OK
C:[07/11/2012 21:19:08.44][190.94.235.185][1263] SELECT par_cod_asig1,par_cod_asig2,par_cod_asig3 FROM tblaca009 WHERE pensum='5' AND c_uni_ca='4' AND c_asigna='333737' [1][0] OK
C:[07/11/2012 21:19:08.57][190.94.235.185][1334] SELECT c_asigna FROM tblaca009 WHERE pensum='5' AND c_uni_ca='4' AND ((par_cod_asig1='300428') OR (par_cod_asig2='300428') OR (par_cod_asig3='300428'))  [0][0] OK
C:[07/11/2012 21:32:05.16][190.200.30.137][1219] SELECT pre_cod_asig1,pre_cod_asig2,pre_cod_asig3,pre_cod_asig4,pre_cod_asig5,pre_cod_asig6,pre_cod_asig7 FROM tblaca009 WHERE pensum='5' AND c_uni_ca='2' AND c_asigna='300207' [1][0] OK
C:[07/11/2012 21:32:05.16][190.200.30.137][1232] SELECT c_asigna FROM dace004 WHERE exp_e='12-25933479' AND c_asigna='300101' AND status IN ('0','3','B') [1][0] OK
C:[07/11/2012 21:32:05.16][190.200.30.137][1219] SELECT pre_cod_asig1,pre_cod_asig2,pre_cod_asig3,pre_cod_asig4,pre_cod_asig5,pre_cod_asig6,pre_cod_asig7 FROM tblaca009 WHERE pensum='5' AND c_uni_ca='2' AND c_asigna='300209' [1][0] OK
C:[07/11/2012 21:32:05.16][190.200.30.137][1232] SELECT c_asigna FROM dace004 WHERE exp_e='12-25933479' AND c_asigna='300101' AND status IN ('0','3','B') [1][0] OK
C:[07/11/2012 21:32:05.16][190.200.30.137][1219] SELECT pre_cod_asig1,pre_cod_asig2,pre_cod_asig3,pre_cod_asig4,pre_cod_asig5,pre_cod_asig6,pre_cod_asig7 FROM tblaca009 WHERE pensum='5' AND c_uni_ca='2' AND c_asigna='300213' [1][0] OK
C:[07/11/2012 21:32:05.16][190.200.30.137][1232] SELECT c_asigna FROM dace004 WHERE exp_e='12-25933479' AND c_asigna='300101' AND status IN ('0','3','B') [1][0] OK
C:[07/11/2012 21:32:05.16][190.200.30.137][1219] SELECT pre_cod_asig1,pre_cod_asig2,pre_cod_asig3,pre_cod_asig4,pre_cod_asig5,pre_cod_asig6,pre_cod_asig7 FROM tblaca009 WHERE pensum='5' AND c_uni_ca='2' AND c_asigna='300218' [1][0] OK
C:[07/11/2012 21:32:05.16][190.200.30.137][1219] SELECT pre_cod_asig1,pre_cod_asig2,pre_cod_asig3,pre_cod_asig4,pre_cod_asig5,pre_cod_asig6,pre_cod_asig7 FROM tblaca009 WHERE pensum='5' AND c_uni_ca='2' AND c_asigna='300222' [1][0] OK
C:[07/11/2012 21:32:05.16][190.200.30.137][1232] SELECT c_asigna FROM dace004 WHERE exp_e='12-25933479' AND c_asigna='300112' AND status IN ('0','3','B') [1][0] OK
C:[07/11/2012 21:32:05.16][190.200.30.137][1219] SELECT pre_cod_asig1,pre_cod_asig2,pre_cod_asig3,pre_cod_asig4,pre_cod_asig5,pre_cod_asig6,pre_cod_asig7 FROM tblaca009 WHERE pensum='5' AND c_uni_ca='2' AND c_asigna='300226' [1][0] OK
C:[07/11/2012 21:32:05.16][190.200.30.137][1232] SELECT c_asigna FROM dace004 WHERE exp_e='12-25933479' AND c_asigna='300116' AND status IN ('0','3','B') [1][0] OK
C:[07/11/2012 21:32:05.16][190.200.30.137][1219] SELECT pre_cod_asig1,pre_cod_asig2,pre_cod_asig3,pre_cod_asig4,pre_cod_asig5,pre_cod_asig6,pre_cod_asig7 FROM tblaca009 WHERE pensum='5' AND c_uni_ca='2' AND c_asigna='300228' [1][0] OK
C:[07/11/2012 21:32:05.16][190.200.30.137][1232] SELECT c_asigna FROM dace004 WHERE exp_e='12-25933479' AND c_asigna='300101' AND status IN ('0','3','B') [1][0] OK
C:[07/11/2012 21:32:05.81][190.200.30.137][1263] SELECT par_cod_asig1,par_cod_asig2,par_cod_asig3 FROM tblaca009 WHERE pensum='5' AND c_uni_ca='2' AND c_asigna='300207' [1][0] OK
C:[07/11/2012 21:32:05.81][190.200.30.137][1263] SELECT par_cod_asig1,par_cod_asig2,par_cod_asig3 FROM tblaca009 WHERE pensum='5' AND c_uni_ca='2' AND c_asigna='300209' [1][0] OK
C:[07/11/2012 21:32:05.81][190.200.30.137][1263] SELECT par_cod_asig1,par_cod_asig2,par_cod_asig3 FROM tblaca009 WHERE pensum='5' AND c_uni_ca='2' AND c_asigna='300213' [1][0] OK
C:[07/11/2012 21:32:05.81][190.200.30.137][1277] SELECT c_asigna FROM dace004 WHERE exp_e='12-25933479' AND c_asigna='300209' AND status IN ('0','3','B','C') [0][0] OK
C:[07/11/2012 21:32:05.81][190.200.30.137][1263] SELECT par_cod_asig1,par_cod_asig2,par_cod_asig3 FROM tblaca009 WHERE pensum='5' AND c_uni_ca='2' AND c_asigna='300218' [1][0] OK
C:[07/11/2012 21:32:05.81][190.200.30.137][1277] SELECT c_asigna FROM dace004 WHERE exp_e='12-25933479' AND c_asigna='300228' AND status IN ('0','3','B','C') [0][0] OK
C:[07/11/2012 21:32:05.81][190.200.30.137][1263] SELECT par_cod_asig1,par_cod_asig2,par_cod_asig3 FROM tblaca009 WHERE pensum='5' AND c_uni_ca='2' AND c_asigna='300222' [1][0] OK
C:[07/11/2012 21:32:05.81][190.200.30.137][1263] SELECT par_cod_asig1,par_cod_asig2,par_cod_asig3 FROM tblaca009 WHERE pensum='5' AND c_uni_ca='2' AND c_asigna='300226' [1][0] OK
C:[07/11/2012 21:32:05.81][190.200.30.137][1263] SELECT par_cod_asig1,par_cod_asig2,par_cod_asig3 FROM tblaca009 WHERE pensum='5' AND c_uni_ca='2' AND c_asigna='300228' [1][0] OK
C:[07/11/2012 21:52:58.89][190.37.166.47][1219] SELECT pre_cod_asig1,pre_cod_asig2,pre_cod_asig3,pre_cod_asig4,pre_cod_asig5,pre_cod_asig6,pre_cod_asig7 FROM tblaca009 WHERE pensum='5' AND c_uni_ca='2' AND c_asigna='300313' [1][0] OK
C:[07/11/2012 21:52:58.89][190.37.166.47][1232] SELECT c_asigna FROM dace004 WHERE exp_e='09-20506842' AND c_asigna='300213' AND status IN ('0','3','B') [1][0] OK
C:[07/11/2012 21:52:58.89][190.37.166.47][1232] SELECT c_asigna FROM dace004 WHERE exp_e='09-20506842' AND c_asigna='300226' AND status IN ('0','3','B') [1][0] OK
C:[07/11/2012 21:52:58.89][190.37.166.47][1232] SELECT c_asigna FROM dace004 WHERE exp_e='09-20506842' AND c_asigna='300209' AND status IN ('0','3','B') [1][0] OK
C:[07/11/2012 21:52:58.89][190.37.166.47][1219] SELECT pre_cod_asig1,pre_cod_asig2,pre_cod_asig3,pre_cod_asig4,pre_cod_asig5,pre_cod_asig6,pre_cod_asig7 FROM tblaca009 WHERE pensum='5' AND c_uni_ca='2' AND c_asigna='322605' [1][0] OK
C:[07/11/2012 21:52:58.89][190.37.166.47][1232] SELECT c_asigna FROM dace004 WHERE exp_e='09-20506842' AND c_asigna='322436' AND status IN ('0','3','B') [1][0] OK
C:[07/11/2012 21:52:58.89][190.37.166.47][1219] SELECT pre_cod_asig1,pre_cod_asig2,pre_cod_asig3,pre_cod_asig4,pre_cod_asig5,pre_cod_asig6,pre_cod_asig7 FROM tblaca009 WHERE pensum='5' AND c_uni_ca='2' AND c_asigna='322669' [1][0] OK
C:[07/11/2012 21:52:58.89][190.37.166.47][1232] SELECT c_asigna FROM dace004 WHERE exp_e='09-20506842' AND c_asigna='322558' AND status IN ('0','3','B') [1][0] OK
C:[07/11/2012 21:52:58.89][190.37.166.47][1232] SELECT c_asigna FROM dace004 WHERE exp_e='09-20506842' AND c_asigna='323528' AND status IN ('0','3','B') [1][0] OK
C:[07/11/2012 21:52:58.89][190.37.166.47][1219] SELECT pre_cod_asig1,pre_cod_asig2,pre_cod_asig3,pre_cod_asig4,pre_cod_asig5,pre_cod_asig6,pre_cod_asig7 FROM tblaca009 WHERE pensum='5' AND c_uni_ca='2' AND c_asigna='322678' [1][0] OK
C:[07/11/2012 21:52:58.89][190.37.166.47][1232] SELECT c_asigna FROM dace004 WHERE exp_e='09-20506842' AND c_asigna='322559' AND status IN ('0','3','B') [1][0] OK
C:[07/11/2012 21:52:58.27][190.37.166.47][1263] SELECT par_cod_asig1,par_cod_asig2,par_cod_asig3 FROM tblaca009 WHERE pensum='5' AND c_uni_ca='2' AND c_asigna='300313' [1][0] OK
C:[07/11/2012 21:52:58.27][190.37.166.47][1263] SELECT par_cod_asig1,par_cod_asig2,par_cod_asig3 FROM tblaca009 WHERE pensum='5' AND c_uni_ca='2' AND c_asigna='322605' [1][0] OK
C:[07/11/2012 21:52:58.27][190.37.166.47][1263] SELECT par_cod_asig1,par_cod_asig2,par_cod_asig3 FROM tblaca009 WHERE pensum='5' AND c_uni_ca='2' AND c_asigna='322669' [1][0] OK
C:[07/11/2012 21:52:58.27][190.37.166.47][1263] SELECT par_cod_asig1,par_cod_asig2,par_cod_asig3 FROM tblaca009 WHERE pensum='5' AND c_uni_ca='2' AND c_asigna='322678' [1][0] OK
C:[07/11/2012 22:09:47.39][190.205.30.16][1219] SELECT pre_cod_asig1,pre_cod_asig2,pre_cod_asig3,pre_cod_asig4,pre_cod_asig5,pre_cod_asig6,pre_cod_asig7 FROM tblaca009 WHERE pensum='5' AND c_uni_ca='3' AND c_asigna='300222' [1][0] OK
C:[07/11/2012 22:09:47.39][190.205.30.16][1232] SELECT c_asigna FROM dace004 WHERE exp_e='08-20036061' AND c_asigna='300112' AND status IN ('0','3','B') [1][0] OK
C:[07/11/2012 22:09:47.39][190.205.30.16][1219] SELECT pre_cod_asig1,pre_cod_asig2,pre_cod_asig3,pre_cod_asig4,pre_cod_asig5,pre_cod_asig6,pre_cod_asig7 FROM tblaca009 WHERE pensum='5' AND c_uni_ca='3' AND c_asigna='311320' [1][0] OK
C:[07/11/2012 22:09:47.39][190.205.30.16][1232] SELECT c_asigna FROM dace004 WHERE exp_e='08-20036061' AND c_asigna='300013' AND status IN ('0','3','B') [1][0] OK
C:[07/11/2012 22:09:47.39][190.205.30.16][1232] SELECT c_asigna FROM dace004 WHERE exp_e='08-20036061' AND c_asigna='300113' AND status IN ('0','3','B') [1][0] OK
C:[07/11/2012 22:09:47.39][190.205.30.16][1219] SELECT pre_cod_asig1,pre_cod_asig2,pre_cod_asig3,pre_cod_asig4,pre_cod_asig5,pre_cod_asig6,pre_cod_asig7 FROM tblaca009 WHERE pensum='5' AND c_uni_ca='3' AND c_asigna='311552' [1][0] OK
C:[07/11/2012 22:09:47.39][190.205.30.16][1232] SELECT c_asigna FROM dace004 WHERE exp_e='08-20036061' AND c_asigna='300317' AND status IN ('0','3','B') [1][0] OK
C:[07/11/2012 22:09:47.39][190.205.30.16][1232] SELECT c_asigna FROM dace004 WHERE exp_e='08-20036061' AND c_asigna='300209' AND status IN ('0','3','B') [1][0] OK
C:[07/11/2012 22:09:47.39][190.205.30.16][1219] SELECT pre_cod_asig1,pre_cod_asig2,pre_cod_asig3,pre_cod_asig4,pre_cod_asig5,pre_cod_asig6,pre_cod_asig7 FROM tblaca009 WHERE pensum='5' AND c_uni_ca='3' AND c_asigna='311554' [1][0] OK
C:[07/11/2012 22:09:47.39][190.205.30.16][1232] SELECT c_asigna FROM dace004 WHERE exp_e='08-20036061' AND c_asigna='300318' AND status IN ('0','3','B') [1][0] OK
C:[07/11/2012 22:09:47.39][190.205.30.16][1232] SELECT c_asigna FROM dace004 WHERE exp_e='08-20036061' AND c_asigna='300428' AND status IN ('0','3','B') [1][0] OK
C:[07/11/2012 22:09:47.75][190.205.30.16][1263] SELECT par_cod_asig1,par_cod_asig2,par_cod_asig3 FROM tblaca009 WHERE pensum='5' AND c_uni_ca='3' AND c_asigna='300222' [1][0] OK
C:[07/11/2012 22:09:47.75][190.205.30.16][1263] SELECT par_cod_asig1,par_cod_asig2,par_cod_asig3 FROM tblaca009 WHERE pensum='5' AND c_uni_ca='3' AND c_asigna='311320' [1][0] OK
C:[07/11/2012 22:09:47.75][190.205.30.16][1263] SELECT par_cod_asig1,par_cod_asig2,par_cod_asig3 FROM tblaca009 WHERE pensum='5' AND c_uni_ca='3' AND c_asigna='311552' [1][0] OK
C:[07/11/2012 22:09:47.75][190.205.30.16][1263] SELECT par_cod_asig1,par_cod_asig2,par_cod_asig3 FROM tblaca009 WHERE pensum='5' AND c_uni_ca='3' AND c_asigna='311554' [1][0] OK
C:[07/11/2012 22:09:48.25][190.205.30.16][1334] SELECT c_asigna FROM tblaca009 WHERE pensum='5' AND c_uni_ca='3' AND ((par_cod_asig1='312333') OR (par_cod_asig2='312333') OR (par_cod_asig3='312333'))  [0][0] OK
C:[07/11/2012 22:28:34.14][190.38.210.198][1219] SELECT pre_cod_asig1,pre_cod_asig2,pre_cod_asig3,pre_cod_asig4,pre_cod_asig5,pre_cod_asig6,pre_cod_asig7 FROM tblaca009 WHERE pensum='5' AND c_uni_ca='3' AND c_asigna='300213' [1][0] OK
C:[07/11/2012 22:28:34.14][190.38.210.198][1232] SELECT c_asigna FROM dace004 WHERE exp_e='11-20137992' AND c_asigna='300101' AND status IN ('0','3','B') [1][0] OK
C:[07/11/2012 22:28:34.14][190.38.210.198][1219] SELECT pre_cod_asig1,pre_cod_asig2,pre_cod_asig3,pre_cod_asig4,pre_cod_asig5,pre_cod_asig6,pre_cod_asig7 FROM tblaca009 WHERE pensum='5' AND c_uni_ca='3' AND c_asigna='300112' [1][0] OK
C:[07/11/2012 22:28:34.14][190.38.210.198][1219] SELECT pre_cod_asig1,pre_cod_asig2,pre_cod_asig3,pre_cod_asig4,pre_cod_asig5,pre_cod_asig6,pre_cod_asig7 FROM tblaca009 WHERE pensum='5' AND c_uni_ca='3' AND c_asigna='300207' [1][0] OK
C:[07/11/2012 22:28:34.14][190.38.210.198][1232] SELECT c_asigna FROM dace004 WHERE exp_e='11-20137992' AND c_asigna='300101' AND status IN ('0','3','B') [1][0] OK
C:[07/11/2012 22:28:34.14][190.38.210.198][1219] SELECT pre_cod_asig1,pre_cod_asig2,pre_cod_asig3,pre_cod_asig4,pre_cod_asig5,pre_cod_asig6,pre_cod_asig7 FROM tblaca009 WHERE pensum='5' AND c_uni_ca='3' AND c_asigna='300209' [1][0] OK
C:[07/11/2012 22:28:34.14][190.38.210.198][1232] SELECT c_asigna FROM dace004 WHERE exp_e='11-20137992' AND c_asigna='300101' AND status IN ('0','3','B') [1][0] OK
C:[07/11/2012 22:28:35.00][190.38.210.198][1263] SELECT par_cod_asig1,par_cod_asig2,par_cod_asig3 FROM tblaca009 WHERE pensum='5' AND c_uni_ca='3' AND c_asigna='300213' [1][0] OK
C:[07/11/2012 22:28:35.00][190.38.210.198][1277] SELECT c_asigna FROM dace004 WHERE exp_e='11-20137992' AND c_asigna='300209' AND status IN ('0','3','B','C') [0][0] OK
C:[07/11/2012 22:28:35.00][190.38.210.198][1263] SELECT par_cod_asig1,par_cod_asig2,par_cod_asig3 FROM tblaca009 WHERE pensum='5' AND c_uni_ca='3' AND c_asigna='300112' [1][0] OK
C:[07/11/2012 22:28:35.00][190.38.210.198][1263] SELECT par_cod_asig1,par_cod_asig2,par_cod_asig3 FROM tblaca009 WHERE pensum='5' AND c_uni_ca='3' AND c_asigna='300207' [1][0] OK
C:[07/11/2012 22:28:35.00][190.38.210.198][1263] SELECT par_cod_asig1,par_cod_asig2,par_cod_asig3 FROM tblaca009 WHERE pensum='5' AND c_uni_ca='3' AND c_asigna='300209' [1][0] OK
C:[07/11/2012 23:21:51.00][190.94.239.81][1219] SELECT pre_cod_asig1,pre_cod_asig2,pre_cod_asig3,pre_cod_asig4,pre_cod_asig5,pre_cod_asig6,pre_cod_asig7 FROM tblaca009 WHERE pensum='5' AND c_uni_ca='3' AND c_asigna='300213' [1][0] OK
C:[07/11/2012 23:21:51.00][190.94.239.81][1232] SELECT c_asigna FROM dace004 WHERE exp_e='07-20804634' AND c_asigna='300101' AND status IN ('0','3','B') [1][0] OK
C:[07/11/2012 23:21:51.00][190.94.239.81][1219] SELECT pre_cod_asig1,pre_cod_asig2,pre_cod_asig3,pre_cod_asig4,pre_cod_asig5,pre_cod_asig6,pre_cod_asig7 FROM tblaca009 WHERE pensum='5' AND c_uni_ca='3' AND c_asigna='300222' [1][0] OK
C:[07/11/2012 23:21:51.00][190.94.239.81][1232] SELECT c_asigna FROM dace004 WHERE exp_e='07-20804634' AND c_asigna='300112' AND status IN ('0','3','B') [1][0] OK
C:[07/11/2012 23:21:51.00][190.94.239.81][1219] SELECT pre_cod_asig1,pre_cod_asig2,pre_cod_asig3,pre_cod_asig4,pre_cod_asig5,pre_cod_asig6,pre_cod_asig7 FROM tblaca009 WHERE pensum='5' AND c_uni_ca='3' AND c_asigna='300226' [1][0] OK
C:[07/11/2012 23:21:51.00][190.94.239.81][1232] SELECT c_asigna FROM dace004 WHERE exp_e='07-20804634' AND c_asigna='300116' AND status IN ('0','3','B') [1][0] OK
C:[07/11/2012 23:21:51.00][190.94.239.81][1219] SELECT pre_cod_asig1,pre_cod_asig2,pre_cod_asig3,pre_cod_asig4,pre_cod_asig5,pre_cod_asig6,pre_cod_asig7 FROM tblaca009 WHERE pensum='5' AND c_uni_ca='3' AND c_asigna='300317' [1][0] OK
C:[07/11/2012 23:21:51.00][190.94.239.81][1232] SELECT c_asigna FROM dace004 WHERE exp_e='07-20804634' AND c_asigna='300207' AND status IN ('0','3','B') [1][0] OK
C:[07/11/2012 23:21:51.00][190.94.239.81][1232] SELECT c_asigna FROM dace004 WHERE exp_e='07-20804634' AND c_asigna='300209' AND status IN ('0','3','B') [1][0] OK
C:[07/11/2012 23:21:51.00][190.94.239.81][1219] SELECT pre_cod_asig1,pre_cod_asig2,pre_cod_asig3,pre_cod_asig4,pre_cod_asig5,pre_cod_asig6,pre_cod_asig7 FROM tblaca009 WHERE pensum='5' AND c_uni_ca='3' AND c_asigna='311320' [1][0] OK
C:[07/11/2012 23:21:51.00][190.94.239.81][1232] SELECT c_asigna FROM dace004 WHERE exp_e='07-20804634' AND c_asigna='300013' AND status IN ('0','3','B') [1][0] OK
C:[07/11/2012 23:21:51.00][190.94.239.81][1232] SELECT c_asigna FROM dace004 WHERE exp_e='07-20804634' AND c_asigna='300113' AND status IN ('0','3','B') [1][0] OK
C:[07/11/2012 23:21:51.50][190.94.239.81][1263] SELECT par_cod_asig1,par_cod_asig2,par_cod_asig3 FROM tblaca009 WHERE pensum='5' AND c_uni_ca='3' AND c_asigna='300213' [1][0] OK
C:[07/11/2012 23:21:51.50][190.94.239.81][1277] SELECT c_asigna FROM dace004 WHERE exp_e='07-20804634' AND c_asigna='300209' AND status IN ('0','3','B','C') [1][0] OK
C:[07/11/2012 23:21:51.50][190.94.239.81][1263] SELECT par_cod_asig1,par_cod_asig2,par_cod_asig3 FROM tblaca009 WHERE pensum='5' AND c_uni_ca='3' AND c_asigna='300222' [1][0] OK
C:[07/11/2012 23:21:51.50][190.94.239.81][1263] SELECT par_cod_asig1,par_cod_asig2,par_cod_asig3 FROM tblaca009 WHERE pensum='5' AND c_uni_ca='3' AND c_asigna='300226' [1][0] OK
C:[07/11/2012 23:21:51.50][190.94.239.81][1263] SELECT par_cod_asig1,par_cod_asig2,par_cod_asig3 FROM tblaca009 WHERE pensum='5' AND c_uni_ca='3' AND c_asigna='300317' [1][0] OK
C:[07/11/2012 23:21:51.50][190.94.239.81][1263] SELECT par_cod_asig1,par_cod_asig2,par_cod_asig3 FROM tblaca009 WHERE pensum='5' AND c_uni_ca='3' AND c_asigna='311320' [1][0] OK
C:[07/11/2012 23:21:51.25][190.94.239.81][1334] SELECT c_asigna FROM tblaca009 WHERE pensum='5' AND c_uni_ca='3' AND ((par_cod_asig1='300314') OR (par_cod_asig2='300314') OR (par_cod_asig3='300314'))  [0][0] OK
C:[08/11/2012 06:59:16.80][200.84.64.80][1219] SELECT pre_cod_asig1,pre_cod_asig2,pre_cod_asig3,pre_cod_asig4,pre_cod_asig5,pre_cod_asig6,pre_cod_asig7 FROM tblaca009 WHERE pensum='5' AND c_uni_ca='2' AND c_asigna='300313' [1][0] OK
C:[08/11/2012 06:59:16.80][200.84.64.80][1232] SELECT c_asigna FROM dace004 WHERE exp_e='07-19158230' AND c_asigna='300213' AND status IN ('0','3','B') [1][0] OK
C:[08/11/2012 06:59:16.80][200.84.64.80][1232] SELECT c_asigna FROM dace004 WHERE exp_e='07-19158230' AND c_asigna='300226' AND status IN ('0','3','B') [1][0] OK
C:[08/11/2012 06:59:16.80][200.84.64.80][1232] SELECT c_asigna FROM dace004 WHERE exp_e='07-19158230' AND c_asigna='300209' AND status IN ('0','3','B') [1][0] OK
C:[08/11/2012 06:59:16.80][200.84.64.80][1219] SELECT pre_cod_asig1,pre_cod_asig2,pre_cod_asig3,pre_cod_asig4,pre_cod_asig5,pre_cod_asig6,pre_cod_asig7 FROM tblaca009 WHERE pensum='5' AND c_uni_ca='2' AND c_asigna='322605' [1][0] OK
C:[08/11/2012 06:59:16.80][200.84.64.80][1232] SELECT c_asigna FROM dace004 WHERE exp_e='07-19158230' AND c_asigna='322436' AND status IN ('0','3','B') [1][0] OK
C:[08/11/2012 06:59:16.80][200.84.64.80][1219] SELECT pre_cod_asig1,pre_cod_asig2,pre_cod_asig3,pre_cod_asig4,pre_cod_asig5,pre_cod_asig6,pre_cod_asig7 FROM tblaca009 WHERE pensum='5' AND c_uni_ca='2' AND c_asigna='322703' [1][0] OK
C:[08/11/2012 06:59:16.80][200.84.64.80][1232] SELECT c_asigna FROM dace004 WHERE exp_e='07-19158230' AND c_asigna='322669' AND status IN ('0','3','B') [1][0] OK
C:[08/11/2012 06:59:16.80][200.84.64.80][1219] SELECT pre_cod_asig1,pre_cod_asig2,pre_cod_asig3,pre_cod_asig4,pre_cod_asig5,pre_cod_asig6,pre_cod_asig7 FROM tblaca009 WHERE pensum='5' AND c_uni_ca='2' AND c_asigna='324862' [1][0] OK
C:[08/11/2012 06:59:16.93][200.84.64.80][1263] SELECT par_cod_asig1,par_cod_asig2,par_cod_asig3 FROM tblaca009 WHERE pensum='5' AND c_uni_ca='2' AND c_asigna='300313' [1][0] OK
C:[08/11/2012 06:59:16.93][200.84.64.80][1263] SELECT par_cod_asig1,par_cod_asig2,par_cod_asig3 FROM tblaca009 WHERE pensum='5' AND c_uni_ca='2' AND c_asigna='322605' [1][0] OK
C:[08/11/2012 06:59:16.93][200.84.64.80][1263] SELECT par_cod_asig1,par_cod_asig2,par_cod_asig3 FROM tblaca009 WHERE pensum='5' AND c_uni_ca='2' AND c_asigna='322703' [1][0] OK
C:[08/11/2012 06:59:16.93][200.84.64.80][1263] SELECT par_cod_asig1,par_cod_asig2,par_cod_asig3 FROM tblaca009 WHERE pensum='5' AND c_uni_ca='2' AND c_asigna='324862' [1][0] OK
C:[08/11/2012 06:59:16.43][200.84.64.80][1334] SELECT c_asigna FROM tblaca009 WHERE pensum='5' AND c_uni_ca='2' AND ((par_cod_asig1='322780') OR (par_cod_asig2='322780') OR (par_cod_asig3='322780'))  [0][0] OK
C:[08/11/2012 07:08:06.74][200.84.64.80][1219] SELECT pre_cod_asig1,pre_cod_asig2,pre_cod_asig3,pre_cod_asig4,pre_cod_asig5,pre_cod_asig6,pre_cod_asig7 FROM tblaca009 WHERE pensum='5' AND c_uni_ca='2' AND c_asigna='300676' [1][0] OK
C:[08/11/2012 07:08:06.74][200.84.64.80][1219] SELECT pre_cod_asig1,pre_cod_asig2,pre_cod_asig3,pre_cod_asig4,pre_cod_asig5,pre_cod_asig6,pre_cod_asig7 FROM tblaca009 WHERE pensum='5' AND c_uni_ca='2' AND c_asigna='322702' [1][0] OK
C:[08/11/2012 07:08:06.74][200.84.64.80][1232] SELECT c_asigna FROM dace004 WHERE exp_e='07-20285346' AND c_asigna='322683' AND status IN ('0','3','B') [1][0] OK
C:[08/11/2012 07:08:06.74][200.84.64.80][1232] SELECT c_asigna FROM dace004 WHERE exp_e='07-20285346' AND c_asigna='300313' AND status IN ('0','3','B') [1][0] OK
C:[08/11/2012 07:08:06.74][200.84.64.80][1219] SELECT pre_cod_asig1,pre_cod_asig2,pre_cod_asig3,pre_cod_asig4,pre_cod_asig5,pre_cod_asig6,pre_cod_asig7 FROM tblaca009 WHERE pensum='5' AND c_uni_ca='2' AND c_asigna='322728' [1][0] OK
C:[08/11/2012 07:08:06.74][200.84.64.80][1232] SELECT c_asigna FROM dace004 WHERE exp_e='07-20285346' AND c_asigna='311561' AND status IN ('0','3','B') [1][0] OK
C:[08/11/2012 07:08:06.74][200.84.64.80][1232] SELECT c_asigna FROM dace004 WHERE exp_e='07-20285346' AND c_asigna='322681' AND status IN ('0','3','B') [1][0] OK
C:[08/11/2012 07:08:06.74][200.84.64.80][1219] SELECT pre_cod_asig1,pre_cod_asig2,pre_cod_asig3,pre_cod_asig4,pre_cod_asig5,pre_cod_asig6,pre_cod_asig7 FROM tblaca009 WHERE pensum='5' AND c_uni_ca='2' AND c_asigna='322782' [1][0] OK
C:[08/11/2012 07:08:06.74][200.84.64.80][1232] SELECT c_asigna FROM dace004 WHERE exp_e='07-20285346' AND c_asigna='322669' AND status IN ('0','3','B') [1][0] OK
C:[08/11/2012 07:08:06.74][200.84.64.80][1232] SELECT c_asigna FROM dace004 WHERE exp_e='07-20285346' AND c_asigna='322550' AND status IN ('0','3','B') [1][0] OK
C:[08/11/2012 07:08:06.74][200.84.64.80][1219] SELECT pre_cod_asig1,pre_cod_asig2,pre_cod_asig3,pre_cod_asig4,pre_cod_asig5,pre_cod_asig6,pre_cod_asig7 FROM tblaca009 WHERE pensum='5' AND c_uni_ca='2' AND c_asigna='324862' [1][0] OK
C:[08/11/2012 07:08:07.12][200.84.64.80][1263] SELECT par_cod_asig1,par_cod_asig2,par_cod_asig3 FROM tblaca009 WHERE pensum='5' AND c_uni_ca='2' AND c_asigna='300676' [1][0] OK
C:[08/11/2012 07:08:07.12][200.84.64.80][1263] SELECT par_cod_asig1,par_cod_asig2,par_cod_asig3 FROM tblaca009 WHERE pensum='5' AND c_uni_ca='2' AND c_asigna='322702' [1][0] OK
C:[08/11/2012 07:08:07.12][200.84.64.80][1263] SELECT par_cod_asig1,par_cod_asig2,par_cod_asig3 FROM tblaca009 WHERE pensum='5' AND c_uni_ca='2' AND c_asigna='322728' [1][0] OK
C:[08/11/2012 07:08:07.12][200.84.64.80][1263] SELECT par_cod_asig1,par_cod_asig2,par_cod_asig3 FROM tblaca009 WHERE pensum='5' AND c_uni_ca='2' AND c_asigna='322782' [1][0] OK
C:[08/11/2012 07:08:07.12][200.84.64.80][1263] SELECT par_cod_asig1,par_cod_asig2,par_cod_asig3 FROM tblaca009 WHERE pensum='5' AND c_uni_ca='2' AND c_asigna='324862' [1][0] OK
C:[08/11/2012 07:08:07.74][200.84.64.80][1334] SELECT c_asigna FROM tblaca009 WHERE pensum='5' AND c_uni_ca='2' AND ((par_cod_asig1='322780') OR (par_cod_asig2='322780') OR (par_cod_asig3='322780'))  [0][0] OK
C:[08/11/2012 07:13:02.91][190.36.23.142][1219] SELECT pre_cod_asig1,pre_cod_asig2,pre_cod_asig3,pre_cod_asig4,pre_cod_asig5,pre_cod_asig6,pre_cod_asig7 FROM tblaca009 WHERE pensum='5' AND c_uni_ca='3' AND c_asigna='310548' [1][0] OK
C:[08/11/2012 07:13:02.91][190.36.23.142][1232] SELECT c_asigna FROM dace004 WHERE exp_e='08-17114727' AND c_asigna='300428' AND status IN ('0','3','B') [1][0] OK
C:[08/11/2012 07:13:02.91][190.36.23.142][1232] SELECT c_asigna FROM dace004 WHERE exp_e='08-17114727' AND c_asigna='300313' AND status IN ('0','3','B') [1][0] OK
C:[08/11/2012 07:13:02.91][190.36.23.142][1232] SELECT c_asigna FROM dace004 WHERE exp_e='08-17114727' AND c_asigna='300222' AND status IN ('0','3','B') [1][0] OK
C:[08/11/2012 07:13:02.91][190.36.23.142][1232] SELECT c_asigna FROM dace004 WHERE exp_e='08-17114727' AND c_asigna='300226' AND status IN ('0','3','B') [1][0] OK
C:[08/11/2012 07:13:02.91][190.36.23.142][1232] SELECT c_asigna FROM dace004 WHERE exp_e='08-17114727' AND c_asigna='300209' AND status IN ('0','3','B') [1][0] OK
C:[08/11/2012 07:13:02.91][190.36.23.142][1219] SELECT pre_cod_asig1,pre_cod_asig2,pre_cod_asig3,pre_cod_asig4,pre_cod_asig5,pre_cod_asig6,pre_cod_asig7 FROM tblaca009 WHERE pensum='5' AND c_uni_ca='3' AND c_asigna='311430' [1][0] OK
C:[08/11/2012 07:13:02.91][190.36.23.142][1232] SELECT c_asigna FROM dace004 WHERE exp_e='08-17114727' AND c_asigna='300317' AND status IN ('0','3','B') [1][0] OK
C:[08/11/2012 07:13:02.91][190.36.23.142][1232] SELECT c_asigna FROM dace004 WHERE exp_e='08-17114727' AND c_asigna='300318' AND status IN ('0','3','B') [1][0] OK
C:[08/11/2012 07:13:02.91][190.36.23.142][1232] SELECT c_asigna FROM dace004 WHERE exp_e='08-17114727' AND c_asigna='300313' AND status IN ('0','3','B') [1][0] OK
C:[08/11/2012 07:13:02.91][190.36.23.142][1232] SELECT c_asigna FROM dace004 WHERE exp_e='08-17114727' AND c_asigna='300222' AND status IN ('0','3','B') [1][0] OK
C:[08/11/2012 07:13:02.91][190.36.23.142][1232] SELECT c_asigna FROM dace004 WHERE exp_e='08-17114727' AND c_asigna='300226' AND status IN ('0','3','B') [1][0] OK
C:[08/11/2012 07:13:02.91][190.36.23.142][1232] SELECT c_asigna FROM dace004 WHERE exp_e='08-17114727' AND c_asigna='300209' AND status IN ('0','3','B') [1][0] OK
C:[08/11/2012 07:13:02.91][190.36.23.142][1219] SELECT pre_cod_asig1,pre_cod_asig2,pre_cod_asig3,pre_cod_asig4,pre_cod_asig5,pre_cod_asig6,pre_cod_asig7 FROM tblaca009 WHERE pensum='5' AND c_uni_ca='3' AND c_asigna='311431' [1][0] OK
C:[08/11/2012 07:13:02.91][190.36.23.142][1232] SELECT c_asigna FROM dace004 WHERE exp_e='08-17114727' AND c_asigna='311320' AND status IN ('0','3','B') [1][0] OK
C:[08/11/2012 07:13:02.91][190.36.23.142][1232] SELECT c_asigna FROM dace004 WHERE exp_e='08-17114727' AND c_asigna='300013' AND status IN ('0','3','B') [1][0] OK
C:[08/11/2012 07:13:02.91][190.36.23.142][1232] SELECT c_asigna FROM dace004 WHERE exp_e='08-17114727' AND c_asigna='300113' AND status IN ('0','3','B') [1][0] OK
C:[08/11/2012 07:13:02.91][190.36.23.142][1232] SELECT c_asigna FROM dace004 WHERE exp_e='08-17114727' AND c_asigna='300222' AND status IN ('0','3','B') [1][0] OK
C:[08/11/2012 07:13:02.91][190.36.23.142][1232] SELECT c_asigna FROM dace004 WHERE exp_e='08-17114727' AND c_asigna='300226' AND status IN ('0','3','B') [1][0] OK
C:[08/11/2012 07:13:02.91][190.36.23.142][1232] SELECT c_asigna FROM dace004 WHERE exp_e='08-17114727' AND c_asigna='300209' AND status IN ('0','3','B') [1][0] OK
C:[08/11/2012 07:13:02.91][190.36.23.142][1219] SELECT pre_cod_asig1,pre_cod_asig2,pre_cod_asig3,pre_cod_asig4,pre_cod_asig5,pre_cod_asig6,pre_cod_asig7 FROM tblaca009 WHERE pensum='5' AND c_uni_ca='3' AND c_asigna='311434' [1][0] OK
C:[08/11/2012 07:13:02.91][190.36.23.142][1232] SELECT c_asigna FROM dace004 WHERE exp_e='08-17114727' AND c_asigna='300222' AND status IN ('0','3','B') [1][0] OK
C:[08/11/2012 07:13:02.91][190.36.23.142][1232] SELECT c_asigna FROM dace004 WHERE exp_e='08-17114727' AND c_asigna='300226' AND status IN ('0','3','B') [1][0] OK
C:[08/11/2012 07:13:02.91][190.36.23.142][1232] SELECT c_asigna FROM dace004 WHERE exp_e='08-17114727' AND c_asigna='300209' AND status IN ('0','3','B') [1][0] OK
C:[08/11/2012 07:13:02.91][190.36.23.142][1219] SELECT pre_cod_asig1,pre_cod_asig2,pre_cod_asig3,pre_cod_asig4,pre_cod_asig5,pre_cod_asig6,pre_cod_asig7 FROM tblaca009 WHERE pensum='5' AND c_uni_ca='3' AND c_asigna='312444' [1][0] OK
C:[08/11/2012 07:13:02.91][190.36.23.142][1232] SELECT c_asigna FROM dace004 WHERE exp_e='08-17114727' AND c_asigna='312333' AND status IN ('0','3','B') [1][0] OK
C:[08/11/2012 07:13:02.91][190.36.23.142][1219] SELECT pre_cod_asig1,pre_cod_asig2,pre_cod_asig3,pre_cod_asig4,pre_cod_asig5,pre_cod_asig6,pre_cod_asig7 FROM tblaca009 WHERE pensum='5' AND c_uni_ca='3' AND c_asigna='314662' [1][0] OK
C:[08/11/2012 07:13:02.91][190.36.23.142][1232] SELECT c_asigna FROM dace004 WHERE exp_e='08-17114727' AND c_asigna='311552' AND status IN ('0','3','B') [1][0] OK
C:[08/11/2012 07:13:03.41][190.36.23.142][1263] SELECT par_cod_asig1,par_cod_asig2,par_cod_asig3 FROM tblaca009 WHERE pensum='5' AND c_uni_ca='3' AND c_asigna='310548' [1][0] OK
C:[08/11/2012 07:13:03.41][190.36.23.142][1263] SELECT par_cod_asig1,par_cod_asig2,par_cod_asig3 FROM tblaca009 WHERE pensum='5' AND c_uni_ca='3' AND c_asigna='311430' [1][0] OK
C:[08/11/2012 07:13:03.41][190.36.23.142][1263] SELECT par_cod_asig1,par_cod_asig2,par_cod_asig3 FROM tblaca009 WHERE pensum='5' AND c_uni_ca='3' AND c_asigna='311431' [1][0] OK
C:[08/11/2012 07:13:03.41][190.36.23.142][1277] SELECT c_asigna FROM dace004 WHERE exp_e='08-17114727' AND c_asigna='311430' AND status IN ('0','3','B','C') [0][0] OK
C:[08/11/2012 07:13:03.41][190.36.23.142][1263] SELECT par_cod_asig1,par_cod_asig2,par_cod_asig3 FROM tblaca009 WHERE pensum='5' AND c_uni_ca='3' AND c_asigna='311434' [1][0] OK
C:[08/11/2012 07:13:03.41][190.36.23.142][1277] SELECT c_asigna FROM dace004 WHERE exp_e='08-17114727' AND c_asigna='311431' AND status IN ('0','3','B','C') [0][0] OK
C:[08/11/2012 07:13:03.41][190.36.23.142][1263] SELECT par_cod_asig1,par_cod_asig2,par_cod_asig3 FROM tblaca009 WHERE pensum='5' AND c_uni_ca='3' AND c_asigna='312444' [1][0] OK
C:[08/11/2012 07:13:03.41][190.36.23.142][1263] SELECT par_cod_asig1,par_cod_asig2,par_cod_asig3 FROM tblaca009 WHERE pensum='5' AND c_uni_ca='3' AND c_asigna='314662' [1][0] OK
C:[08/11/2012 07:13:03.42][190.36.23.142][1334] SELECT c_asigna FROM tblaca009 WHERE pensum='5' AND c_uni_ca='3' AND ((par_cod_asig1='300422') OR (par_cod_asig2='300422') OR (par_cod_asig3='300422'))  [0][0] OK
C:[08/11/2012 07:13:33.97][200.84.64.80][1219] SELECT pre_cod_asig1,pre_cod_asig2,pre_cod_asig3,pre_cod_asig4,pre_cod_asig5,pre_cod_asig6,pre_cod_asig7 FROM tblaca009 WHERE pensum='5' AND c_uni_ca='2' AND c_asigna='300313' [1][0] OK
C:[08/11/2012 07:13:33.97][200.84.64.80][1232] SELECT c_asigna FROM dace004 WHERE exp_e='08-19621632' AND c_asigna='300213' AND status IN ('0','3','B') [1][0] OK
C:[08/11/2012 07:13:33.97][200.84.64.80][1232] SELECT c_asigna FROM dace004 WHERE exp_e='08-19621632' AND c_asigna='300226' AND status IN ('0','3','B') [1][0] OK
C:[08/11/2012 07:13:33.97][200.84.64.80][1232] SELECT c_asigna FROM dace004 WHERE exp_e='08-19621632' AND c_asigna='300209' AND status IN ('0','3','B') [1][0] OK
C:[08/11/2012 07:13:33.97][200.84.64.80][1219] SELECT pre_cod_asig1,pre_cod_asig2,pre_cod_asig3,pre_cod_asig4,pre_cod_asig5,pre_cod_asig6,pre_cod_asig7 FROM tblaca009 WHERE pensum='5' AND c_uni_ca='2' AND c_asigna='300676' [1][0] OK
C:[08/11/2012 07:13:33.97][200.84.64.80][1219] SELECT pre_cod_asig1,pre_cod_asig2,pre_cod_asig3,pre_cod_asig4,pre_cod_asig5,pre_cod_asig6,pre_cod_asig7 FROM tblaca009 WHERE pensum='5' AND c_uni_ca='2' AND c_asigna='322703' [1][0] OK
C:[08/11/2012 07:13:33.97][200.84.64.80][1232] SELECT c_asigna FROM dace004 WHERE exp_e='08-19621632' AND c_asigna='322669' AND status IN ('0','3','B') [1][0] OK
C:[08/11/2012 07:13:33.97][200.84.64.80][1219] SELECT pre_cod_asig1,pre_cod_asig2,pre_cod_asig3,pre_cod_asig4,pre_cod_asig5,pre_cod_asig6,pre_cod_asig7 FROM tblaca009 WHERE pensum='5' AND c_uni_ca='2' AND c_asigna='322728' [1][0] OK
C:[08/11/2012 07:13:33.97][200.84.64.80][1232] SELECT c_asigna FROM dace004 WHERE exp_e='08-19621632' AND c_asigna='311561' AND status IN ('0','3','B') [1][0] OK
C:[08/11/2012 07:13:33.97][200.84.64.80][1232] SELECT c_asigna FROM dace004 WHERE exp_e='08-19621632' AND c_asigna='322681' AND status IN ('0','3','B') [1][0] OK
C:[08/11/2012 07:13:34.22][200.84.64.80][1263] SELECT par_cod_asig1,par_cod_asig2,par_cod_asig3 FROM tblaca009 WHERE pensum='5' AND c_uni_ca='2' AND c_asigna='300313' [1][0] OK
C:[08/11/2012 07:13:34.22][200.84.64.80][1263] SELECT par_cod_asig1,par_cod_asig2,par_cod_asig3 FROM tblaca009 WHERE pensum='5' AND c_uni_ca='2' AND c_asigna='300676' [1][0] OK
C:[08/11/2012 07:13:34.22][200.84.64.80][1263] SELECT par_cod_asig1,par_cod_asig2,par_cod_asig3 FROM tblaca009 WHERE pensum='5' AND c_uni_ca='2' AND c_asigna='322703' [1][0] OK
C:[08/11/2012 07:13:34.22][200.84.64.80][1263] SELECT par_cod_asig1,par_cod_asig2,par_cod_asig3 FROM tblaca009 WHERE pensum='5' AND c_uni_ca='2' AND c_asigna='322728' [1][0] OK
C:[08/11/2012 07:13:34.72][200.84.64.80][1334] SELECT c_asigna FROM tblaca009 WHERE pensum='5' AND c_uni_ca='2' AND ((par_cod_asig1='322780') OR (par_cod_asig2='322780') OR (par_cod_asig3='322780'))  [0][0] OK
C:[08/11/2012 07:19:46.16][200.84.64.80][1219] SELECT pre_cod_asig1,pre_cod_asig2,pre_cod_asig3,pre_cod_asig4,pre_cod_asig5,pre_cod_asig6,pre_cod_asig7 FROM tblaca009 WHERE pensum='5' AND c_uni_ca='2' AND c_asigna='322702' [1][0] OK
C:[08/11/2012 07:19:46.16][200.84.64.80][1232] SELECT c_asigna FROM dace004 WHERE exp_e='09-20223856' AND c_asigna='322683' AND status IN ('0','3','B') [1][0] OK
C:[08/11/2012 07:19:46.16][200.84.64.80][1232] SELECT c_asigna FROM dace004 WHERE exp_e='09-20223856' AND c_asigna='300313' AND status IN ('0','3','B') [1][0] OK
C:[08/11/2012 07:19:46.16][200.84.64.80][1219] SELECT pre_cod_asig1,pre_cod_asig2,pre_cod_asig3,pre_cod_asig4,pre_cod_asig5,pre_cod_asig6,pre_cod_asig7 FROM tblaca009 WHERE pensum='5' AND c_uni_ca='2' AND c_asigna='322703' [1][0] OK
C:[08/11/2012 07:19:46.16][200.84.64.80][1232] SELECT c_asigna FROM dace004 WHERE exp_e='09-20223856' AND c_asigna='322669' AND status IN ('0','3','B') [1][0] OK
C:[08/11/2012 07:19:46.16][200.84.64.80][1219] SELECT pre_cod_asig1,pre_cod_asig2,pre_cod_asig3,pre_cod_asig4,pre_cod_asig5,pre_cod_asig6,pre_cod_asig7 FROM tblaca009 WHERE pensum='5' AND c_uni_ca='2' AND c_asigna='322728' [1][0] OK
C:[08/11/2012 07:19:46.16][200.84.64.80][1232] SELECT c_asigna FROM dace004 WHERE exp_e='09-20223856' AND c_asigna='311561' AND status IN ('0','3','B') [1][0] OK
C:[08/11/2012 07:19:46.16][200.84.64.80][1232] SELECT c_asigna FROM dace004 WHERE exp_e='09-20223856' AND c_asigna='322681' AND status IN ('0','3','B') [1][0] OK
C:[08/11/2012 07:19:46.16][200.84.64.80][1219] SELECT pre_cod_asig1,pre_cod_asig2,pre_cod_asig3,pre_cod_asig4,pre_cod_asig5,pre_cod_asig6,pre_cod_asig7 FROM tblaca009 WHERE pensum='5' AND c_uni_ca='2' AND c_asigna='322782' [1][0] OK
C:[08/11/2012 07:19:46.16][200.84.64.80][1232] SELECT c_asigna FROM dace004 WHERE exp_e='09-20223856' AND c_asigna='322669' AND status IN ('0','3','B') [1][0] OK
C:[08/11/2012 07:19:46.16][200.84.64.80][1232] SELECT c_asigna FROM dace004 WHERE exp_e='09-20223856' AND c_asigna='322550' AND status IN ('0','3','B') [1][0] OK
C:[08/11/2012 07:19:46.54][200.84.64.80][1263] SELECT par_cod_asig1,par_cod_asig2,par_cod_asig3 FROM tblaca009 WHERE pensum='5' AND c_uni_ca='2' AND c_asigna='322702' [1][0] OK
C:[08/11/2012 07:19:46.54][200.84.64.80][1263] SELECT par_cod_asig1,par_cod_asig2,par_cod_asig3 FROM tblaca009 WHERE pensum='5' AND c_uni_ca='2' AND c_asigna='322703' [1][0] OK
C:[08/11/2012 07:19:46.54][200.84.64.80][1263] SELECT par_cod_asig1,par_cod_asig2,par_cod_asig3 FROM tblaca009 WHERE pensum='5' AND c_uni_ca='2' AND c_asigna='322728' [1][0] OK
C:[08/11/2012 07:19:46.54][200.84.64.80][1263] SELECT par_cod_asig1,par_cod_asig2,par_cod_asig3 FROM tblaca009 WHERE pensum='5' AND c_uni_ca='2' AND c_asigna='322782' [1][0] OK
C:[08/11/2012 07:19:46.04][200.84.64.80][1334] SELECT c_asigna FROM tblaca009 WHERE pensum='5' AND c_uni_ca='2' AND ((par_cod_asig1='322780') OR (par_cod_asig2='322780') OR (par_cod_asig3='322780'))  [0][0] OK
C:[08/11/2012 07:32:48.85][201.243.101.2][1219] SELECT pre_cod_asig1,pre_cod_asig2,pre_cod_asig3,pre_cod_asig4,pre_cod_asig5,pre_cod_asig6,pre_cod_asig7 FROM tblaca009 WHERE pensum='5' AND c_uni_ca='2' AND c_asigna='300218' [1][0] OK
C:[08/11/2012 07:32:48.85][201.243.101.2][1219] SELECT pre_cod_asig1,pre_cod_asig2,pre_cod_asig3,pre_cod_asig4,pre_cod_asig5,pre_cod_asig6,pre_cod_asig7 FROM tblaca009 WHERE pensum='5' AND c_uni_ca='2' AND c_asigna='300013' [1][0] OK
C:[08/11/2012 07:32:48.85][201.243.101.2][1219] SELECT pre_cod_asig1,pre_cod_asig2,pre_cod_asig3,pre_cod_asig4,pre_cod_asig5,pre_cod_asig6,pre_cod_asig7 FROM tblaca009 WHERE pensum='5' AND c_uni_ca='2' AND c_asigna='300209' [1][0] OK
C:[08/11/2012 07:32:48.85][201.243.101.2][1232] SELECT c_asigna FROM dace004 WHERE exp_e='12-25445278' AND c_asigna='300101' AND status IN ('0','3','B') [1][0] OK
C:[08/11/2012 07:32:48.85][201.243.101.2][1219] SELECT pre_cod_asig1,pre_cod_asig2,pre_cod_asig3,pre_cod_asig4,pre_cod_asig5,pre_cod_asig6,pre_cod_asig7 FROM tblaca009 WHERE pensum='5' AND c_uni_ca='2' AND c_asigna='300228' [1][0] OK
C:[08/11/2012 07:32:48.85][201.243.101.2][1232] SELECT c_asigna FROM dace004 WHERE exp_e='12-25445278' AND c_asigna='300101' AND status IN ('0','3','B') [1][0] OK
C:[08/11/2012 07:32:48.60][201.243.101.2][1263] SELECT par_cod_asig1,par_cod_asig2,par_cod_asig3 FROM tblaca009 WHERE pensum='5' AND c_uni_ca='2' AND c_asigna='300218' [1][0] OK
C:[08/11/2012 07:32:48.60][201.243.101.2][1277] SELECT c_asigna FROM dace004 WHERE exp_e='12-25445278' AND c_asigna='300228' AND status IN ('0','3','B','C') [0][0] OK
C:[08/11/2012 07:32:48.60][201.243.101.2][1263] SELECT par_cod_asig1,par_cod_asig2,par_cod_asig3 FROM tblaca009 WHERE pensum='5' AND c_uni_ca='2' AND c_asigna='300013' [1][0] OK
C:[08/11/2012 07:32:48.60][201.243.101.2][1263] SELECT par_cod_asig1,par_cod_asig2,par_cod_asig3 FROM tblaca009 WHERE pensum='5' AND c_uni_ca='2' AND c_asigna='300209' [1][0] OK
C:[08/11/2012 07:32:48.60][201.243.101.2][1263] SELECT par_cod_asig1,par_cod_asig2,par_cod_asig3 FROM tblaca009 WHERE pensum='5' AND c_uni_ca='2' AND c_asigna='300228' [1][0] OK
C:[08/11/2012 07:32:48.22][201.243.101.2][1334] SELECT c_asigna FROM tblaca009 WHERE pensum='5' AND c_uni_ca='2' AND ((par_cod_asig1='300207') OR (par_cod_asig2='300207') OR (par_cod_asig3='300207'))  [0][0] OK
C:[08/11/2012 07:34:58.30][201.243.101.2][1219] SELECT pre_cod_asig1,pre_cod_asig2,pre_cod_asig3,pre_cod_asig4,pre_cod_asig5,pre_cod_asig6,pre_cod_asig7 FROM tblaca009 WHERE pensum='5' AND c_uni_ca='2' AND c_asigna='300207' [1][0] OK
C:[08/11/2012 07:34:58.30][201.243.101.2][1232] SELECT c_asigna FROM dace004 WHERE exp_e='12-25445278' AND c_asigna='300101' AND status IN ('0','3','B') [1][0] OK
C:[08/11/2012 07:34:58.30][201.243.101.2][1219] SELECT pre_cod_asig1,pre_cod_asig2,pre_cod_asig3,pre_cod_asig4,pre_cod_asig5,pre_cod_asig6,pre_cod_asig7 FROM tblaca009 WHERE pensum='5' AND c_uni_ca='2' AND c_asigna='300013' [1][0] OK
C:[08/11/2012 07:34:58.30][201.243.101.2][1219] SELECT pre_cod_asig1,pre_cod_asig2,pre_cod_asig3,pre_cod_asig4,pre_cod_asig5,pre_cod_asig6,pre_cod_asig7 FROM tblaca009 WHERE pensum='5' AND c_uni_ca='2' AND c_asigna='300209' [1][0] OK
C:[08/11/2012 07:34:58.30][201.243.101.2][1232] SELECT c_asigna FROM dace004 WHERE exp_e='12-25445278' AND c_asigna='300101' AND status IN ('0','3','B') [1][0] OK
C:[08/11/2012 07:34:58.30][201.243.101.2][1219] SELECT pre_cod_asig1,pre_cod_asig2,pre_cod_asig3,pre_cod_asig4,pre_cod_asig5,pre_cod_asig6,pre_cod_asig7 FROM tblaca009 WHERE pensum='5' AND c_uni_ca='2' AND c_asigna='300218' [1][0] OK
C:[08/11/2012 07:34:58.30][201.243.101.2][1219] SELECT pre_cod_asig1,pre_cod_asig2,pre_cod_asig3,pre_cod_asig4,pre_cod_asig5,pre_cod_asig6,pre_cod_asig7 FROM tblaca009 WHERE pensum='5' AND c_uni_ca='2' AND c_asigna='300228' [1][0] OK
C:[08/11/2012 07:34:58.30][201.243.101.2][1232] SELECT c_asigna FROM dace004 WHERE exp_e='12-25445278' AND c_asigna='300101' AND status IN ('0','3','B') [1][0] OK
C:[08/11/2012 07:34:58.42][201.243.101.2][1263] SELECT par_cod_asig1,par_cod_asig2,par_cod_asig3 FROM tblaca009 WHERE pensum='5' AND c_uni_ca='2' AND c_asigna='300207' [1][0] OK
C:[08/11/2012 07:34:58.42][201.243.101.2][1263] SELECT par_cod_asig1,par_cod_asig2,par_cod_asig3 FROM tblaca009 WHERE pensum='5' AND c_uni_ca='2' AND c_asigna='300013' [1][0] OK
C:[08/11/2012 07:34:58.42][201.243.101.2][1263] SELECT par_cod_asig1,par_cod_asig2,par_cod_asig3 FROM tblaca009 WHERE pensum='5' AND c_uni_ca='2' AND c_asigna='300209' [1][0] OK
C:[08/11/2012 07:34:58.42][201.243.101.2][1263] SELECT par_cod_asig1,par_cod_asig2,par_cod_asig3 FROM tblaca009 WHERE pensum='5' AND c_uni_ca='2' AND c_asigna='300218' [1][0] OK
C:[08/11/2012 07:34:58.42][201.243.101.2][1277] SELECT c_asigna FROM dace004 WHERE exp_e='12-25445278' AND c_asigna='300228' AND status IN ('0','3','B','C') [0][0] OK
C:[08/11/2012 07:34:58.42][201.243.101.2][1263] SELECT par_cod_asig1,par_cod_asig2,par_cod_asig3 FROM tblaca009 WHERE pensum='5' AND c_uni_ca='2' AND c_asigna='300228' [1][0] OK
C:[08/11/2012 07:58:57.82][190.75.186.248][1219] SELECT pre_cod_asig1,pre_cod_asig2,pre_cod_asig3,pre_cod_asig4,pre_cod_asig5,pre_cod_asig6,pre_cod_asig7 FROM tblaca009 WHERE pensum='5' AND c_uni_ca='3' AND c_asigna='300222' [1][0] OK
C:[08/11/2012 07:58:57.82][190.75.186.248][1232] SELECT c_asigna FROM dace004 WHERE exp_e='08-20013510' AND c_asigna='300112' AND status IN ('0','3','B') [1][0] OK
C:[08/11/2012 07:58:57.82][190.75.186.248][1219] SELECT pre_cod_asig1,pre_cod_asig2,pre_cod_asig3,pre_cod_asig4,pre_cod_asig5,pre_cod_asig6,pre_cod_asig7 FROM tblaca009 WHERE pensum='5' AND c_uni_ca='3' AND c_asigna='300226' [1][0] OK
C:[08/11/2012 07:58:57.82][190.75.186.248][1232] SELECT c_asigna FROM dace004 WHERE exp_e='08-20013510' AND c_asigna='300116' AND status IN ('0','3','B') [1][0] OK
C:[08/11/2012 07:58:57.82][190.75.186.248][1219] SELECT pre_cod_asig1,pre_cod_asig2,pre_cod_asig3,pre_cod_asig4,pre_cod_asig5,pre_cod_asig6,pre_cod_asig7 FROM tblaca009 WHERE pensum='5' AND c_uni_ca='3' AND c_asigna='311552' [1][0] OK
C:[08/11/2012 07:58:57.82][190.75.186.248][1232] SELECT c_asigna FROM dace004 WHERE exp_e='08-20013510' AND c_asigna='300317' AND status IN ('0','3','B') [1][0] OK
C:[08/11/2012 07:58:57.82][190.75.186.248][1232] SELECT c_asigna FROM dace004 WHERE exp_e='08-20013510' AND c_asigna='300209' AND status IN ('0','3','B') [1][0] OK
C:[08/11/2012 07:58:57.82][190.75.186.248][1219] SELECT pre_cod_asig1,pre_cod_asig2,pre_cod_asig3,pre_cod_asig4,pre_cod_asig5,pre_cod_asig6,pre_cod_asig7 FROM tblaca009 WHERE pensum='5' AND c_uni_ca='3' AND c_asigna='311554' [1][0] OK
C:[08/11/2012 07:58:57.82][190.75.186.248][1232] SELECT c_asigna FROM dace004 WHERE exp_e='08-20013510' AND c_asigna='300318' AND status IN ('0','3','B') [1][0] OK
C:[08/11/2012 07:58:57.82][190.75.186.248][1232] SELECT c_asigna FROM dace004 WHERE exp_e='08-20013510' AND c_asigna='300428' AND status IN ('0','3','B') [1][0] OK
C:[08/11/2012 07:58:57.07][190.75.186.248][1263] SELECT par_cod_asig1,par_cod_asig2,par_cod_asig3 FROM tblaca009 WHERE pensum='5' AND c_uni_ca='3' AND c_asigna='300222' [1][0] OK
C:[08/11/2012 07:58:57.07][190.75.186.248][1263] SELECT par_cod_asig1,par_cod_asig2,par_cod_asig3 FROM tblaca009 WHERE pensum='5' AND c_uni_ca='3' AND c_asigna='300226' [1][0] OK
C:[08/11/2012 07:58:57.07][190.75.186.248][1263] SELECT par_cod_asig1,par_cod_asig2,par_cod_asig3 FROM tblaca009 WHERE pensum='5' AND c_uni_ca='3' AND c_asigna='311552' [1][0] OK
C:[08/11/2012 07:58:57.07][190.75.186.248][1263] SELECT par_cod_asig1,par_cod_asig2,par_cod_asig3 FROM tblaca009 WHERE pensum='5' AND c_uni_ca='3' AND c_asigna='311554' [1][0] OK
C:[08/11/2012 07:58:57.57][190.75.186.248][1334] SELECT c_asigna FROM tblaca009 WHERE pensum='5' AND c_uni_ca='3' AND ((par_cod_asig1='300422') OR (par_cod_asig2='300422') OR (par_cod_asig3='300422'))  [0][0] OK
C:[08/11/2012 08:02:13.47][190.37.47.143][1219] SELECT pre_cod_asig1,pre_cod_asig2,pre_cod_asig3,pre_cod_asig4,pre_cod_asig5,pre_cod_asig6,pre_cod_asig7 FROM tblaca009 WHERE pensum='5' AND c_uni_ca='2' AND c_asigna='322702' [1][0] OK
C:[08/11/2012 08:02:13.47][190.37.47.143][1232] SELECT c_asigna FROM dace004 WHERE exp_e='07-20702080' AND c_asigna='322683' AND status IN ('0','3','B') [1][0] OK
C:[08/11/2012 08:02:13.47][190.37.47.143][1232] SELECT c_asigna FROM dace004 WHERE exp_e='07-20702080' AND c_asigna='300313' AND status IN ('0','3','B') [1][0] OK
C:[08/11/2012 08:02:13.47][190.37.47.143][1219] SELECT pre_cod_asig1,pre_cod_asig2,pre_cod_asig3,pre_cod_asig4,pre_cod_asig5,pre_cod_asig6,pre_cod_asig7 FROM tblaca009 WHERE pensum='5' AND c_uni_ca='2' AND c_asigna='322703' [1][0] OK
C:[08/11/2012 08:02:13.47][190.37.47.143][1232] SELECT c_asigna FROM dace004 WHERE exp_e='07-20702080' AND c_asigna='322669' AND status IN ('0','3','B') [1][0] OK
C:[08/11/2012 08:02:13.47][190.37.47.143][1219] SELECT pre_cod_asig1,pre_cod_asig2,pre_cod_asig3,pre_cod_asig4,pre_cod_asig5,pre_cod_asig6,pre_cod_asig7 FROM tblaca009 WHERE pensum='5' AND c_uni_ca='2' AND c_asigna='322782' [1][0] OK
C:[08/11/2012 08:02:13.47][190.37.47.143][1232] SELECT c_asigna FROM dace004 WHERE exp_e='07-20702080' AND c_asigna='322669' AND status IN ('0','3','B') [1][0] OK
C:[08/11/2012 08:02:13.47][190.37.47.143][1232] SELECT c_asigna FROM dace004 WHERE exp_e='07-20702080' AND c_asigna='322550' AND status IN ('0','3','B') [1][0] OK
C:[08/11/2012 08:02:13.48][190.37.47.143][1263] SELECT par_cod_asig1,par_cod_asig2,par_cod_asig3 FROM tblaca009 WHERE pensum='5' AND c_uni_ca='2' AND c_asigna='322702' [1][0] OK
C:[08/11/2012 08:02:13.48][190.37.47.143][1263] SELECT par_cod_asig1,par_cod_asig2,par_cod_asig3 FROM tblaca009 WHERE pensum='5' AND c_uni_ca='2' AND c_asigna='322703' [1][0] OK
C:[08/11/2012 08:02:13.48][190.37.47.143][1263] SELECT par_cod_asig1,par_cod_asig2,par_cod_asig3 FROM tblaca009 WHERE pensum='5' AND c_uni_ca='2' AND c_asigna='322782' [1][0] OK
C:[08/11/2012 08:02:13.85][190.37.47.143][1334] SELECT c_asigna FROM tblaca009 WHERE pensum='5' AND c_uni_ca='2' AND ((par_cod_asig1='322780') OR (par_cod_asig2='322780') OR (par_cod_asig3='322780'))  [0][0] OK
C:[08/11/2012 08:30:21.75][172.16.8.125][1219] SELECT pre_cod_asig1,pre_cod_asig2,pre_cod_asig3,pre_cod_asig4,pre_cod_asig5,pre_cod_asig6,pre_cod_asig7 FROM tblaca009 WHERE pensum='5' AND c_uni_ca='2' AND c_asigna='300226' [1][0] OK
C:[08/11/2012 08:30:21.75][172.16.8.125][1232] SELECT c_asigna FROM dace004 WHERE exp_e='08-21182405' AND c_asigna='300116' AND status IN ('0','3','B') [1][0] OK
C:[08/11/2012 08:30:21.75][172.16.8.125][1219] SELECT pre_cod_asig1,pre_cod_asig2,pre_cod_asig3,pre_cod_asig4,pre_cod_asig5,pre_cod_asig6,pre_cod_asig7 FROM tblaca009 WHERE pensum='5' AND c_uni_ca='2' AND c_asigna='311561' [1][0] OK
C:[08/11/2012 08:30:21.75][172.16.8.125][1232] SELECT c_asigna FROM dace004 WHERE exp_e='08-21182405' AND c_asigna='300318' AND status IN ('0','3','B') [1][0] OK
C:[08/11/2012 08:30:21.75][172.16.8.125][1219] SELECT pre_cod_asig1,pre_cod_asig2,pre_cod_asig3,pre_cod_asig4,pre_cod_asig5,pre_cod_asig6,pre_cod_asig7 FROM tblaca009 WHERE pensum='5' AND c_uni_ca='2' AND c_asigna='322669' [1][0] OK
C:[08/11/2012 08:30:21.75][172.16.8.125][1232] SELECT c_asigna FROM dace004 WHERE exp_e='08-21182405' AND c_asigna='322558' AND status IN ('0','3','B') [1][0] OK
C:[08/11/2012 08:30:21.75][172.16.8.125][1232] SELECT c_asigna FROM dace004 WHERE exp_e='08-21182405' AND c_asigna='323528' AND status IN ('0','3','B') [1][0] OK
C:[08/11/2012 08:30:21.63][172.16.8.125][1263] SELECT par_cod_asig1,par_cod_asig2,par_cod_asig3 FROM tblaca009 WHERE pensum='5' AND c_uni_ca='2' AND c_asigna='300226' [1][0] OK
C:[08/11/2012 08:30:21.63][172.16.8.125][1263] SELECT par_cod_asig1,par_cod_asig2,par_cod_asig3 FROM tblaca009 WHERE pensum='5' AND c_uni_ca='2' AND c_asigna='311561' [1][0] OK
C:[08/11/2012 08:30:21.63][172.16.8.125][1263] SELECT par_cod_asig1,par_cod_asig2,par_cod_asig3 FROM tblaca009 WHERE pensum='5' AND c_uni_ca='2' AND c_asigna='322669' [1][0] OK
C:[08/11/2012 08:30:21.00][172.16.8.125][1334] SELECT c_asigna FROM tblaca009 WHERE pensum='5' AND c_uni_ca='2' AND ((par_cod_asig1='322780') OR (par_cod_asig2='322780') OR (par_cod_asig3='322780'))  [0][0] OK
C:[08/11/2012 08:34:16.44][190.206.84.44][1219] SELECT pre_cod_asig1,pre_cod_asig2,pre_cod_asig3,pre_cod_asig4,pre_cod_asig5,pre_cod_asig6,pre_cod_asig7 FROM tblaca009 WHERE pensum='5' AND c_uni_ca='3' AND c_asigna='310548' [1][0] OK
C:[08/11/2012 08:34:16.44][190.206.84.44][1232] SELECT c_asigna FROM dace004 WHERE exp_e='07-19703537' AND c_asigna='300428' AND status IN ('0','3','B') [1][0] OK
C:[08/11/2012 08:34:16.44][190.206.84.44][1232] SELECT c_asigna FROM dace004 WHERE exp_e='07-19703537' AND c_asigna='300313' AND status IN ('0','3','B') [1][0] OK
C:[08/11/2012 08:34:16.44][190.206.84.44][1232] SELECT c_asigna FROM dace004 WHERE exp_e='07-19703537' AND c_asigna='300222' AND status IN ('0','3','B') [1][0] OK
C:[08/11/2012 08:34:16.44][190.206.84.44][1232] SELECT c_asigna FROM dace004 WHERE exp_e='07-19703537' AND c_asigna='300226' AND status IN ('0','3','B') [1][0] OK
C:[08/11/2012 08:34:16.44][190.206.84.44][1232] SELECT c_asigna FROM dace004 WHERE exp_e='07-19703537' AND c_asigna='300209' AND status IN ('0','3','B') [1][0] OK
C:[08/11/2012 08:34:16.44][190.206.84.44][1219] SELECT pre_cod_asig1,pre_cod_asig2,pre_cod_asig3,pre_cod_asig4,pre_cod_asig5,pre_cod_asig6,pre_cod_asig7 FROM tblaca009 WHERE pensum='5' AND c_uni_ca='3' AND c_asigna='311430' [1][0] OK
C:[08/11/2012 08:34:16.44][190.206.84.44][1232] SELECT c_asigna FROM dace004 WHERE exp_e='07-19703537' AND c_asigna='300317' AND status IN ('0','3','B') [1][0] OK
C:[08/11/2012 08:34:16.44][190.206.84.44][1232] SELECT c_asigna FROM dace004 WHERE exp_e='07-19703537' AND c_asigna='300318' AND status IN ('0','3','B') [1][0] OK
C:[08/11/2012 08:34:16.44][190.206.84.44][1232] SELECT c_asigna FROM dace004 WHERE exp_e='07-19703537' AND c_asigna='300313' AND status IN ('0','3','B') [1][0] OK
C:[08/11/2012 08:34:16.44][190.206.84.44][1232] SELECT c_asigna FROM dace004 WHERE exp_e='07-19703537' AND c_asigna='300222' AND status IN ('0','3','B') [1][0] OK
C:[08/11/2012 08:34:16.44][190.206.84.44][1232] SELECT c_asigna FROM dace004 WHERE exp_e='07-19703537' AND c_asigna='300226' AND status IN ('0','3','B') [1][0] OK
C:[08/11/2012 08:34:16.44][190.206.84.44][1232] SELECT c_asigna FROM dace004 WHERE exp_e='07-19703537' AND c_asigna='300209' AND status IN ('0','3','B') [1][0] OK
C:[08/11/2012 08:34:16.44][190.206.84.44][1219] SELECT pre_cod_asig1,pre_cod_asig2,pre_cod_asig3,pre_cod_asig4,pre_cod_asig5,pre_cod_asig6,pre_cod_asig7 FROM tblaca009 WHERE pensum='5' AND c_uni_ca='3' AND c_asigna='311434' [1][0] OK
C:[08/11/2012 08:34:16.44][190.206.84.44][1232] SELECT c_asigna FROM dace004 WHERE exp_e='07-19703537' AND c_asigna='300222' AND status IN ('0','3','B') [1][0] OK
C:[08/11/2012 08:34:16.44][190.206.84.44][1232] SELECT c_asigna FROM dace004 WHERE exp_e='07-19703537' AND c_asigna='300226' AND status IN ('0','3','B') [1][0] OK
C:[08/11/2012 08:34:16.44][190.206.84.44][1232] SELECT c_asigna FROM dace004 WHERE exp_e='07-19703537' AND c_asigna='300209' AND status IN ('0','3','B') [1][0] OK
C:[08/11/2012 08:34:16.44][190.206.84.44][1219] SELECT pre_cod_asig1,pre_cod_asig2,pre_cod_asig3,pre_cod_asig4,pre_cod_asig5,pre_cod_asig6,pre_cod_asig7 FROM tblaca009 WHERE pensum='5' AND c_uni_ca='3' AND c_asigna='311552' [1][0] OK
C:[08/11/2012 08:34:16.44][190.206.84.44][1232] SELECT c_asigna FROM dace004 WHERE exp_e='07-19703537' AND c_asigna='300317' AND status IN ('0','3','B') [1][0] OK
C:[08/11/2012 08:34:16.44][190.206.84.44][1232] SELECT c_asigna FROM dace004 WHERE exp_e='07-19703537' AND c_asigna='300209' AND status IN ('0','3','B') [1][0] OK
C:[08/11/2012 08:34:16.44][190.206.84.44][1219] SELECT pre_cod_asig1,pre_cod_asig2,pre_cod_asig3,pre_cod_asig4,pre_cod_asig5,pre_cod_asig6,pre_cod_asig7 FROM tblaca009 WHERE pensum='5' AND c_uni_ca='3' AND c_asigna='311554' [1][0] OK
C:[08/11/2012 08:34:16.44][190.206.84.44][1232] SELECT c_asigna FROM dace004 WHERE exp_e='07-19703537' AND c_asigna='300318' AND status IN ('0','3','B') [1][0] OK
C:[08/11/2012 08:34:16.44][190.206.84.44][1232] SELECT c_asigna FROM dace004 WHERE exp_e='07-19703537' AND c_asigna='300428' AND status IN ('0','3','B') [1][0] OK
C:[08/11/2012 08:34:17.32][190.206.84.44][1263] SELECT par_cod_asig1,par_cod_asig2,par_cod_asig3 FROM tblaca009 WHERE pensum='5' AND c_uni_ca='3' AND c_asigna='310548' [1][0] OK
C:[08/11/2012 08:34:17.32][190.206.84.44][1263] SELECT par_cod_asig1,par_cod_asig2,par_cod_asig3 FROM tblaca009 WHERE pensum='5' AND c_uni_ca='3' AND c_asigna='311430' [1][0] OK
C:[08/11/2012 08:34:17.32][190.206.84.44][1263] SELECT par_cod_asig1,par_cod_asig2,par_cod_asig3 FROM tblaca009 WHERE pensum='5' AND c_uni_ca='3' AND c_asigna='311434' [1][0] OK
C:[08/11/2012 08:34:17.32][190.206.84.44][1277] SELECT c_asigna FROM dace004 WHERE exp_e='07-19703537' AND c_asigna='311431' AND status IN ('0','3','B','C') [1][0] OK
C:[08/11/2012 08:34:17.32][190.206.84.44][1263] SELECT par_cod_asig1,par_cod_asig2,par_cod_asig3 FROM tblaca009 WHERE pensum='5' AND c_uni_ca='3' AND c_asigna='311552' [1][0] OK
C:[08/11/2012 08:34:17.32][190.206.84.44][1263] SELECT par_cod_asig1,par_cod_asig2,par_cod_asig3 FROM tblaca009 WHERE pensum='5' AND c_uni_ca='3' AND c_asigna='311554' [1][0] OK
C:[08/11/2012 08:34:17.07][190.206.84.44][1334] SELECT c_asigna FROM tblaca009 WHERE pensum='5' AND c_uni_ca='3' AND ((par_cod_asig1='300422') OR (par_cod_asig2='300422') OR (par_cod_asig3='300422'))  [0][0] OK
C:[08/11/2012 08:35:53.61][190.206.84.44][1219] SELECT pre_cod_asig1,pre_cod_asig2,pre_cod_asig3,pre_cod_asig4,pre_cod_asig5,pre_cod_asig6,pre_cod_asig7 FROM tblaca009 WHERE pensum='5' AND c_uni_ca='3' AND c_asigna='300422' [1][0] OK
C:[08/11/2012 08:35:53.61][190.206.84.44][1232] SELECT c_asigna FROM dace004 WHERE exp_e='07-19703537' AND c_asigna='300105' AND status IN ('0','3','B') [1][0] OK
C:[08/11/2012 08:35:53.61][190.206.84.44][1232] SELECT c_asigna FROM dace004 WHERE exp_e='07-19703537' AND c_asigna='300314' AND status IN ('0','3','B') [1][0] OK
C:[08/11/2012 08:35:53.61][190.206.84.44][1219] SELECT pre_cod_asig1,pre_cod_asig2,pre_cod_asig3,pre_cod_asig4,pre_cod_asig5,pre_cod_asig6,pre_cod_asig7 FROM tblaca009 WHERE pensum='5' AND c_uni_ca='3' AND c_asigna='310548' [1][0] OK
C:[08/11/2012 08:35:53.61][190.206.84.44][1232] SELECT c_asigna FROM dace004 WHERE exp_e='07-19703537' AND c_asigna='300428' AND status IN ('0','3','B') [1][0] OK
C:[08/11/2012 08:35:53.61][190.206.84.44][1232] SELECT c_asigna FROM dace004 WHERE exp_e='07-19703537' AND c_asigna='300313' AND status IN ('0','3','B') [1][0] OK
C:[08/11/2012 08:35:53.61][190.206.84.44][1232] SELECT c_asigna FROM dace004 WHERE exp_e='07-19703537' AND c_asigna='300222' AND status IN ('0','3','B') [1][0] OK
C:[08/11/2012 08:35:53.61][190.206.84.44][1232] SELECT c_asigna FROM dace004 WHERE exp_e='07-19703537' AND c_asigna='300226' AND status IN ('0','3','B') [1][0] OK
C:[08/11/2012 08:35:53.61][190.206.84.44][1232] SELECT c_asigna FROM dace004 WHERE exp_e='07-19703537' AND c_asigna='300209' AND status IN ('0','3','B') [1][0] OK
C:[08/11/2012 08:35:53.61][190.206.84.44][1219] SELECT pre_cod_asig1,pre_cod_asig2,pre_cod_asig3,pre_cod_asig4,pre_cod_asig5,pre_cod_asig6,pre_cod_asig7 FROM tblaca009 WHERE pensum='5' AND c_uni_ca='3' AND c_asigna='311430' [1][0] OK
C:[08/11/2012 08:35:53.61][190.206.84.44][1232] SELECT c_asigna FROM dace004 WHERE exp_e='07-19703537' AND c_asigna='300317' AND status IN ('0','3','B') [1][0] OK
C:[08/11/2012 08:35:53.61][190.206.84.44][1232] SELECT c_asigna FROM dace004 WHERE exp_e='07-19703537' AND c_asigna='300318' AND status IN ('0','3','B') [1][0] OK
C:[08/11/2012 08:35:53.61][190.206.84.44][1232] SELECT c_asigna FROM dace004 WHERE exp_e='07-19703537' AND c_asigna='300313' AND status IN ('0','3','B') [1][0] OK
C:[08/11/2012 08:35:53.61][190.206.84.44][1232] SELECT c_asigna FROM dace004 WHERE exp_e='07-19703537' AND c_asigna='300222' AND status IN ('0','3','B') [1][0] OK
C:[08/11/2012 08:35:53.61][190.206.84.44][1232] SELECT c_asigna FROM dace004 WHERE exp_e='07-19703537' AND c_asigna='300226' AND status IN ('0','3','B') [1][0] OK
C:[08/11/2012 08:35:53.61][190.206.84.44][1232] SELECT c_asigna FROM dace004 WHERE exp_e='07-19703537' AND c_asigna='300209' AND status IN ('0','3','B') [1][0] OK
C:[08/11/2012 08:35:53.61][190.206.84.44][1219] SELECT pre_cod_asig1,pre_cod_asig2,pre_cod_asig3,pre_cod_asig4,pre_cod_asig5,pre_cod_asig6,pre_cod_asig7 FROM tblaca009 WHERE pensum='5' AND c_uni_ca='3' AND c_asigna='311434' [1][0] OK
C:[08/11/2012 08:35:53.61][190.206.84.44][1232] SELECT c_asigna FROM dace004 WHERE exp_e='07-19703537' AND c_asigna='300222' AND status IN ('0','3','B') [1][0] OK
C:[08/11/2012 08:35:53.61][190.206.84.44][1232] SELECT c_asigna FROM dace004 WHERE exp_e='07-19703537' AND c_asigna='300226' AND status IN ('0','3','B') [1][0] OK
C:[08/11/2012 08:35:53.61][190.206.84.44][1232] SELECT c_asigna FROM dace004 WHERE exp_e='07-19703537' AND c_asigna='300209' AND status IN ('0','3','B') [1][0] OK
C:[08/11/2012 08:35:53.61][190.206.84.44][1219] SELECT pre_cod_asig1,pre_cod_asig2,pre_cod_asig3,pre_cod_asig4,pre_cod_asig5,pre_cod_asig6,pre_cod_asig7 FROM tblaca009 WHERE pensum='5' AND c_uni_ca='3' AND c_asigna='311552' [1][0] OK
C:[08/11/2012 08:35:53.61][190.206.84.44][1232] SELECT c_asigna FROM dace004 WHERE exp_e='07-19703537' AND c_asigna='300317' AND status IN ('0','3','B') [1][0] OK
C:[08/11/2012 08:35:53.61][190.206.84.44][1232] SELECT c_asigna FROM dace004 WHERE exp_e='07-19703537' AND c_asigna='300209' AND status IN ('0','3','B') [1][0] OK
C:[08/11/2012 08:35:53.61][190.206.84.44][1219] SELECT pre_cod_asig1,pre_cod_asig2,pre_cod_asig3,pre_cod_asig4,pre_cod_asig5,pre_cod_asig6,pre_cod_asig7 FROM tblaca009 WHERE pensum='5' AND c_uni_ca='3' AND c_asigna='311554' [1][0] OK
C:[08/11/2012 08:35:53.61][190.206.84.44][1232] SELECT c_asigna FROM dace004 WHERE exp_e='07-19703537' AND c_asigna='300318' AND status IN ('0','3','B') [1][0] OK
C:[08/11/2012 08:35:53.61][190.206.84.44][1232] SELECT c_asigna FROM dace004 WHERE exp_e='07-19703537' AND c_asigna='300428' AND status IN ('0','3','B') [1][0] OK
C:[08/11/2012 08:35:54.86][190.206.84.44][1263] SELECT par_cod_asig1,par_cod_asig2,par_cod_asig3 FROM tblaca009 WHERE pensum='5' AND c_uni_ca='3' AND c_asigna='300422' [1][0] OK
C:[08/11/2012 08:35:54.86][190.206.84.44][1263] SELECT par_cod_asig1,par_cod_asig2,par_cod_asig3 FROM tblaca009 WHERE pensum='5' AND c_uni_ca='3' AND c_asigna='310548' [1][0] OK
C:[08/11/2012 08:35:54.86][190.206.84.44][1263] SELECT par_cod_asig1,par_cod_asig2,par_cod_asig3 FROM tblaca009 WHERE pensum='5' AND c_uni_ca='3' AND c_asigna='311430' [1][0] OK
C:[08/11/2012 08:35:54.86][190.206.84.44][1263] SELECT par_cod_asig1,par_cod_asig2,par_cod_asig3 FROM tblaca009 WHERE pensum='5' AND c_uni_ca='3' AND c_asigna='311434' [1][0] OK
C:[08/11/2012 08:35:54.86][190.206.84.44][1277] SELECT c_asigna FROM dace004 WHERE exp_e='07-19703537' AND c_asigna='311431' AND status IN ('0','3','B','C') [1][0] OK
C:[08/11/2012 08:35:54.86][190.206.84.44][1263] SELECT par_cod_asig1,par_cod_asig2,par_cod_asig3 FROM tblaca009 WHERE pensum='5' AND c_uni_ca='3' AND c_asigna='311552' [1][0] OK
C:[08/11/2012 08:35:54.86][190.206.84.44][1263] SELECT par_cod_asig1,par_cod_asig2,par_cod_asig3 FROM tblaca009 WHERE pensum='5' AND c_uni_ca='3' AND c_asigna='311554' [1][0] OK
C:[08/11/2012 08:36:18.11][200.84.64.80][1219] SELECT pre_cod_asig1,pre_cod_asig2,pre_cod_asig3,pre_cod_asig4,pre_cod_asig5,pre_cod_asig6,pre_cod_asig7 FROM tblaca009 WHERE pensum='5' AND c_uni_ca='2' AND c_asigna='322703' [1][0] OK
C:[08/11/2012 08:36:18.11][200.84.64.80][1232] SELECT c_asigna FROM dace004 WHERE exp_e='07-19420182' AND c_asigna='322669' AND status IN ('0','3','B') [1][0] OK
C:[08/11/2012 08:36:18.11][200.84.64.80][1219] SELECT pre_cod_asig1,pre_cod_asig2,pre_cod_asig3,pre_cod_asig4,pre_cod_asig5,pre_cod_asig6,pre_cod_asig7 FROM tblaca009 WHERE pensum='5' AND c_uni_ca='2' AND c_asigna='322782' [1][0] OK
C:[08/11/2012 08:36:18.11][200.84.64.80][1232] SELECT c_asigna FROM dace004 WHERE exp_e='07-19420182' AND c_asigna='322669' AND status IN ('0','3','B') [1][0] OK
C:[08/11/2012 08:36:18.11][200.84.64.80][1232] SELECT c_asigna FROM dace004 WHERE exp_e='07-19420182' AND c_asigna='322550' AND status IN ('0','3','B') [1][0] OK
C:[08/11/2012 08:36:18.11][200.84.64.80][1219] SELECT pre_cod_asig1,pre_cod_asig2,pre_cod_asig3,pre_cod_asig4,pre_cod_asig5,pre_cod_asig6,pre_cod_asig7 FROM tblaca009 WHERE pensum='5' AND c_uni_ca='2' AND c_asigna='324862' [1][0] OK
C:[08/11/2012 08:36:18.86][200.84.64.80][1263] SELECT par_cod_asig1,par_cod_asig2,par_cod_asig3 FROM tblaca009 WHERE pensum='5' AND c_uni_ca='2' AND c_asigna='322703' [1][0] OK
C:[08/11/2012 08:36:18.86][200.84.64.80][1263] SELECT par_cod_asig1,par_cod_asig2,par_cod_asig3 FROM tblaca009 WHERE pensum='5' AND c_uni_ca='2' AND c_asigna='322782' [1][0] OK
C:[08/11/2012 08:36:18.86][200.84.64.80][1263] SELECT par_cod_asig1,par_cod_asig2,par_cod_asig3 FROM tblaca009 WHERE pensum='5' AND c_uni_ca='2' AND c_asigna='324862' [1][0] OK
C:[08/11/2012 08:36:18.24][200.84.64.80][1334] SELECT c_asigna FROM tblaca009 WHERE pensum='5' AND c_uni_ca='2' AND ((par_cod_asig1='322780') OR (par_cod_asig2='322780') OR (par_cod_asig3='322780'))  [0][0] OK
C:[08/11/2012 09:43:51.64][190.75.172.174][1219] SELECT pre_cod_asig1,pre_cod_asig2,pre_cod_asig3,pre_cod_asig4,pre_cod_asig5,pre_cod_asig6,pre_cod_asig7 FROM tblaca009 WHERE pensum='5' AND c_uni_ca='6' AND c_asigna='300228' [1][0] OK
C:[08/11/2012 09:43:51.64][190.75.172.174][1232] SELECT c_asigna FROM dace004 WHERE exp_e='10-20013848' AND c_asigna='300101' AND status IN ('0','3','B') [1][0] OK
C:[08/11/2012 09:43:51.64][190.75.172.174][1219] SELECT pre_cod_asig1,pre_cod_asig2,pre_cod_asig3,pre_cod_asig4,pre_cod_asig5,pre_cod_asig6,pre_cod_asig7 FROM tblaca009 WHERE pensum='5' AND c_uni_ca='6' AND c_asigna='300213' [1][0] OK
C:[08/11/2012 09:43:51.64][190.75.172.174][1232] SELECT c_asigna FROM dace004 WHERE exp_e='10-20013848' AND c_asigna='300101' AND status IN ('0','3','B') [1][0] OK
C:[08/11/2012 09:43:51.64][190.75.172.174][1219] SELECT pre_cod_asig1,pre_cod_asig2,pre_cod_asig3,pre_cod_asig4,pre_cod_asig5,pre_cod_asig6,pre_cod_asig7 FROM tblaca009 WHERE pensum='5' AND c_uni_ca='6' AND c_asigna='300226' [1][0] OK
C:[08/11/2012 09:43:51.64][190.75.172.174][1232] SELECT c_asigna FROM dace004 WHERE exp_e='10-20013848' AND c_asigna='300116' AND status IN ('0','3','B') [1][0] OK
C:[08/11/2012 09:43:51.39][190.75.172.174][1263] SELECT par_cod_asig1,par_cod_asig2,par_cod_asig3 FROM tblaca009 WHERE pensum='5' AND c_uni_ca='6' AND c_asigna='300228' [1][0] OK
C:[08/11/2012 09:43:51.39][190.75.172.174][1263] SELECT par_cod_asig1,par_cod_asig2,par_cod_asig3 FROM tblaca009 WHERE pensum='5' AND c_uni_ca='6' AND c_asigna='300213' [1][0] OK
C:[08/11/2012 09:43:51.39][190.75.172.174][1277] SELECT c_asigna FROM dace004 WHERE exp_e='10-20013848' AND c_asigna='300209' AND status IN ('0','3','B','C') [1][0] OK
C:[08/11/2012 09:43:51.39][190.75.172.174][1263] SELECT par_cod_asig1,par_cod_asig2,par_cod_asig3 FROM tblaca009 WHERE pensum='5' AND c_uni_ca='6' AND c_asigna='300226' [1][0] OK
C:[08/11/2012 09:50:19.97][190.75.172.174][1219] SELECT pre_cod_asig1,pre_cod_asig2,pre_cod_asig3,pre_cod_asig4,pre_cod_asig5,pre_cod_asig6,pre_cod_asig7 FROM tblaca009 WHERE pensum='5' AND c_uni_ca='6' AND c_asigna='300218' [1][0] OK
C:[08/11/2012 09:50:19.97][190.75.172.174][1219] SELECT pre_cod_asig1,pre_cod_asig2,pre_cod_asig3,pre_cod_asig4,pre_cod_asig5,pre_cod_asig6,pre_cod_asig7 FROM tblaca009 WHERE pensum='5' AND c_uni_ca='6' AND c_asigna='300213' [1][0] OK
C:[08/11/2012 09:50:19.97][190.75.172.174][1232] SELECT c_asigna FROM dace004 WHERE exp_e='10-20013848' AND c_asigna='300101' AND status IN ('0','3','B') [1][0] OK
C:[08/11/2012 09:50:19.97][190.75.172.174][1219] SELECT pre_cod_asig1,pre_cod_asig2,pre_cod_asig3,pre_cod_asig4,pre_cod_asig5,pre_cod_asig6,pre_cod_asig7 FROM tblaca009 WHERE pensum='5' AND c_uni_ca='6' AND c_asigna='300226' [1][0] OK
C:[08/11/2012 09:50:19.97][190.75.172.174][1232] SELECT c_asigna FROM dace004 WHERE exp_e='10-20013848' AND c_asigna='300116' AND status IN ('0','3','B') [1][0] OK
C:[08/11/2012 09:50:19.97][190.75.172.174][1219] SELECT pre_cod_asig1,pre_cod_asig2,pre_cod_asig3,pre_cod_asig4,pre_cod_asig5,pre_cod_asig6,pre_cod_asig7 FROM tblaca009 WHERE pensum='5' AND c_uni_ca='6' AND c_asigna='300228' [1][0] OK
C:[08/11/2012 09:50:19.97][190.75.172.174][1232] SELECT c_asigna FROM dace004 WHERE exp_e='10-20013848' AND c_asigna='300101' AND status IN ('0','3','B') [1][0] OK
C:[08/11/2012 09:50:19.85][190.75.172.174][1263] SELECT par_cod_asig1,par_cod_asig2,par_cod_asig3 FROM tblaca009 WHERE pensum='5' AND c_uni_ca='6' AND c_asigna='300218' [1][0] OK
C:[08/11/2012 09:50:19.85][190.75.172.174][1277] SELECT c_asigna FROM dace004 WHERE exp_e='10-20013848' AND c_asigna='300228' AND status IN ('0','3','B','C') [0][0] OK
C:[08/11/2012 09:50:19.85][190.75.172.174][1263] SELECT par_cod_asig1,par_cod_asig2,par_cod_asig3 FROM tblaca009 WHERE pensum='5' AND c_uni_ca='6' AND c_asigna='300213' [1][0] OK
C:[08/11/2012 09:50:19.85][190.75.172.174][1277] SELECT c_asigna FROM dace004 WHERE exp_e='10-20013848' AND c_asigna='300209' AND status IN ('0','3','B','C') [1][0] OK
C:[08/11/2012 09:50:19.85][190.75.172.174][1263] SELECT par_cod_asig1,par_cod_asig2,par_cod_asig3 FROM tblaca009 WHERE pensum='5' AND c_uni_ca='6' AND c_asigna='300226' [1][0] OK
C:[08/11/2012 09:50:19.85][190.75.172.174][1263] SELECT par_cod_asig1,par_cod_asig2,par_cod_asig3 FROM tblaca009 WHERE pensum='5' AND c_uni_ca='6' AND c_asigna='300228' [1][0] OK
C:[08/11/2012 10:30:07.30][190.37.228.4][1219] SELECT pre_cod_asig1,pre_cod_asig2,pre_cod_asig3,pre_cod_asig4,pre_cod_asig5,pre_cod_asig6,pre_cod_asig7 FROM tblaca009 WHERE pensum='5' AND c_uni_ca='6' AND c_asigna='300314' [1][0] OK
C:[08/11/2012 10:30:07.30][190.37.228.4][1232] SELECT c_asigna FROM dace004 WHERE exp_e='07-19420635' AND c_asigna='300106' AND status IN ('0','3','B') [1][0] OK
C:[08/11/2012 10:30:07.30][190.37.228.4][1219] SELECT pre_cod_asig1,pre_cod_asig2,pre_cod_asig3,pre_cod_asig4,pre_cod_asig5,pre_cod_asig6,pre_cod_asig7 FROM tblaca009 WHERE pensum='5' AND c_uni_ca='6' AND c_asigna='300213' [1][0] OK
C:[08/11/2012 10:30:07.30][190.37.228.4][1232] SELECT c_asigna FROM dace004 WHERE exp_e='07-19420635' AND c_asigna='300101' AND status IN ('0','3','B') [1][0] OK
C:[08/11/2012 10:30:07.30][190.37.228.4][1219] SELECT pre_cod_asig1,pre_cod_asig2,pre_cod_asig3,pre_cod_asig4,pre_cod_asig5,pre_cod_asig6,pre_cod_asig7 FROM tblaca009 WHERE pensum='5' AND c_uni_ca='6' AND c_asigna='300428' [1][0] OK
C:[08/11/2012 10:30:07.30][190.37.228.4][1232] SELECT c_asigna FROM dace004 WHERE exp_e='07-19420635' AND c_asigna='300317' AND status IN ('0','3','B') [1][0] OK
C:[08/11/2012 10:30:07.30][190.37.228.4][1232] SELECT c_asigna FROM dace004 WHERE exp_e='07-19420635' AND c_asigna='300209' AND status IN ('0','3','B') [1][0] OK
C:[08/11/2012 10:30:07.30][190.37.228.4][1219] SELECT pre_cod_asig1,pre_cod_asig2,pre_cod_asig3,pre_cod_asig4,pre_cod_asig5,pre_cod_asig6,pre_cod_asig7 FROM tblaca009 WHERE pensum='5' AND c_uni_ca='6' AND c_asigna='311561' [1][0] OK
C:[08/11/2012 10:30:07.30][190.37.228.4][1232] SELECT c_asigna FROM dace004 WHERE exp_e='07-19420635' AND c_asigna='300318' AND status IN ('0','3','B') [1][0] OK
C:[08/11/2012 10:30:07.30][190.37.228.4][1219] SELECT pre_cod_asig1,pre_cod_asig2,pre_cod_asig3,pre_cod_asig4,pre_cod_asig5,pre_cod_asig6,pre_cod_asig7 FROM tblaca009 WHERE pensum='5' AND c_uni_ca='6' AND c_asigna='340323' [1][0] OK
C:[08/11/2012 10:30:07.30][190.37.228.4][1232] SELECT c_asigna FROM dace004 WHERE exp_e='07-19420635' AND c_asigna='300228' AND status IN ('0','3','B') [1][0] OK
C:[08/11/2012 10:30:07.30][190.37.228.4][1232] SELECT c_asigna FROM dace004 WHERE exp_e='07-19420635' AND c_asigna='300207' AND status IN ('0','3','B') [1][0] OK
C:[08/11/2012 10:30:07.30][190.37.228.4][1219] SELECT pre_cod_asig1,pre_cod_asig2,pre_cod_asig3,pre_cod_asig4,pre_cod_asig5,pre_cod_asig6,pre_cod_asig7 FROM tblaca009 WHERE pensum='5' AND c_uni_ca='6' AND c_asigna='342436' [1][0] OK
C:[08/11/2012 10:30:07.30][190.37.228.4][1232] SELECT c_asigna FROM dace004 WHERE exp_e='07-19420635' AND c_asigna='300318' AND status IN ('0','3','B') [1][0] OK
C:[08/11/2012 10:30:07.30][190.37.228.4][1232] SELECT c_asigna FROM dace004 WHERE exp_e='07-19420635' AND c_asigna='300317' AND status IN ('0','3','B') [1][0] OK
C:[08/11/2012 10:30:08.18][190.37.228.4][1263] SELECT par_cod_asig1,par_cod_asig2,par_cod_asig3 FROM tblaca009 WHERE pensum='5' AND c_uni_ca='6' AND c_asigna='300314' [1][0] OK
C:[08/11/2012 10:30:08.18][190.37.228.4][1263] SELECT par_cod_asig1,par_cod_asig2,par_cod_asig3 FROM tblaca009 WHERE pensum='5' AND c_uni_ca='6' AND c_asigna='300213' [1][0] OK
C:[08/11/2012 10:30:08.18][190.37.228.4][1277] SELECT c_asigna FROM dace004 WHERE exp_e='07-19420635' AND c_asigna='300209' AND status IN ('0','3','B','C') [1][0] OK
C:[08/11/2012 10:30:08.18][190.37.228.4][1263] SELECT par_cod_asig1,par_cod_asig2,par_cod_asig3 FROM tblaca009 WHERE pensum='5' AND c_uni_ca='6' AND c_asigna='300428' [1][0] OK
C:[08/11/2012 10:30:08.18][190.37.228.4][1263] SELECT par_cod_asig1,par_cod_asig2,par_cod_asig3 FROM tblaca009 WHERE pensum='5' AND c_uni_ca='6' AND c_asigna='311561' [1][0] OK
C:[08/11/2012 10:30:08.18][190.37.228.4][1263] SELECT par_cod_asig1,par_cod_asig2,par_cod_asig3 FROM tblaca009 WHERE pensum='5' AND c_uni_ca='6' AND c_asigna='340323' [1][0] OK
C:[08/11/2012 10:30:08.18][190.37.228.4][1263] SELECT par_cod_asig1,par_cod_asig2,par_cod_asig3 FROM tblaca009 WHERE pensum='5' AND c_uni_ca='6' AND c_asigna='342436' [1][0] OK
C:[08/11/2012 11:16:49.62][190.121.239.169][1219] SELECT pre_cod_asig1,pre_cod_asig2,pre_cod_asig3,pre_cod_asig4,pre_cod_asig5,pre_cod_asig6,pre_cod_asig7 FROM tblaca009 WHERE pensum='5' AND c_uni_ca='5' AND c_asigna='355447' [1][0] OK
C:[08/11/2012 11:16:49.62][190.121.239.169][1232] SELECT c_asigna FROM dace004 WHERE exp_e='09-21198819' AND c_asigna='351330' AND status IN ('0','3','B') [1][0] OK
C:[08/11/2012 11:16:49.62][190.121.239.169][1219] SELECT pre_cod_asig1,pre_cod_asig2,pre_cod_asig3,pre_cod_asig4,pre_cod_asig5,pre_cod_asig6,pre_cod_asig7 FROM tblaca009 WHERE pensum='5' AND c_uni_ca='5' AND c_asigna='300222' [1][0] OK
C:[08/11/2012 11:16:49.62][190.121.239.169][1232] SELECT c_asigna FROM dace004 WHERE exp_e='09-21198819' AND c_asigna='300112' AND status IN ('0','3','B') [1][0] OK
C:[08/11/2012 11:16:49.62][190.121.239.169][1219] SELECT pre_cod_asig1,pre_cod_asig2,pre_cod_asig3,pre_cod_asig4,pre_cod_asig5,pre_cod_asig6,pre_cod_asig7 FROM tblaca009 WHERE pensum='5' AND c_uni_ca='5' AND c_asigna='300428' [1][0] OK
C:[08/11/2012 11:16:49.62][190.121.239.169][1232] SELECT c_asigna FROM dace004 WHERE exp_e='09-21198819' AND c_asigna='300317' AND status IN ('0','3','B') [1][0] OK
C:[08/11/2012 11:16:49.62][190.121.239.169][1232] SELECT c_asigna FROM dace004 WHERE exp_e='09-21198819' AND c_asigna='300209' AND status IN ('0','3','B') [1][0] OK
C:[08/11/2012 11:16:49.62][190.121.239.169][1219] SELECT pre_cod_asig1,pre_cod_asig2,pre_cod_asig3,pre_cod_asig4,pre_cod_asig5,pre_cod_asig6,pre_cod_asig7 FROM tblaca009 WHERE pensum='5' AND c_uni_ca='5' AND c_asigna='352440' [1][0] OK
C:[08/11/2012 11:16:49.62][190.121.239.169][1232] SELECT c_asigna FROM dace004 WHERE exp_e='09-21198819' AND c_asigna='300317' AND status IN ('0','3','B') [1][0] OK
C:[08/11/2012 11:16:49.62][190.121.239.169][1232] SELECT c_asigna FROM dace004 WHERE exp_e='09-21198819' AND c_asigna='300013' AND status IN ('0','3','B') [1][0] OK
C:[08/11/2012 11:16:49.62][190.121.239.169][1232] SELECT c_asigna FROM dace004 WHERE exp_e='09-21198819' AND c_asigna='300113' AND status IN ('0','3','B') [1][0] OK
C:[08/11/2012 11:16:50.99][190.121.239.169][1263] SELECT par_cod_asig1,par_cod_asig2,par_cod_asig3 FROM tblaca009 WHERE pensum='5' AND c_uni_ca='5' AND c_asigna='355447' [1][0] OK
C:[08/11/2012 11:16:50.99][190.121.239.169][1263] SELECT par_cod_asig1,par_cod_asig2,par_cod_asig3 FROM tblaca009 WHERE pensum='5' AND c_uni_ca='5' AND c_asigna='300222' [1][0] OK
C:[08/11/2012 11:16:50.99][190.121.239.169][1263] SELECT par_cod_asig1,par_cod_asig2,par_cod_asig3 FROM tblaca009 WHERE pensum='5' AND c_uni_ca='5' AND c_asigna='300428' [1][0] OK
C:[08/11/2012 11:16:50.99][190.121.239.169][1263] SELECT par_cod_asig1,par_cod_asig2,par_cod_asig3 FROM tblaca009 WHERE pensum='5' AND c_uni_ca='5' AND c_asigna='352440' [1][0] OK
C:[08/11/2012 11:35:09.19][200.109.213.65][1219] SELECT pre_cod_asig1,pre_cod_asig2,pre_cod_asig3,pre_cod_asig4,pre_cod_asig5,pre_cod_asig6,pre_cod_asig7 FROM tblaca009 WHERE pensum='5' AND c_uni_ca='6' AND c_asigna='300422' [1][0] OK
C:[08/11/2012 11:35:09.19][200.109.213.65][1232] SELECT c_asigna FROM dace004 WHERE exp_e='09-20566312' AND c_asigna='300105' AND status IN ('0','3','B') [1][0] OK
C:[08/11/2012 11:35:09.19][200.109.213.65][1232] SELECT c_asigna FROM dace004 WHERE exp_e='09-20566312' AND c_asigna='300314' AND status IN ('0','3','B') [1][0] OK
C:[08/11/2012 11:35:09.19][200.109.213.65][1219] SELECT pre_cod_asig1,pre_cod_asig2,pre_cod_asig3,pre_cod_asig4,pre_cod_asig5,pre_cod_asig6,pre_cod_asig7 FROM tblaca009 WHERE pensum='5' AND c_uni_ca='6' AND c_asigna='311561' [1][0] OK
C:[08/11/2012 11:35:09.19][200.109.213.65][1232] SELECT c_asigna FROM dace004 WHERE exp_e='09-20566312' AND c_asigna='300318' AND status IN ('0','3','B') [1][0] OK
C:[08/11/2012 11:35:09.19][200.109.213.65][1219] SELECT pre_cod_asig1,pre_cod_asig2,pre_cod_asig3,pre_cod_asig4,pre_cod_asig5,pre_cod_asig6,pre_cod_asig7 FROM tblaca009 WHERE pensum='5' AND c_uni_ca='6' AND c_asigna='342444' [1][0] OK
C:[08/11/2012 11:35:09.19][200.109.213.65][1232] SELECT c_asigna FROM dace004 WHERE exp_e='09-20566312' AND c_asigna='340323' AND status IN ('0','3','B') [1][0] OK
C:[08/11/2012 11:35:09.19][200.109.213.65][1219] SELECT pre_cod_asig1,pre_cod_asig2,pre_cod_asig3,pre_cod_asig4,pre_cod_asig5,pre_cod_asig6,pre_cod_asig7 FROM tblaca009 WHERE pensum='5' AND c_uni_ca='6' AND c_asigna='342559' [1][0] OK
C:[08/11/2012 11:35:09.19][200.109.213.65][1232] SELECT c_asigna FROM dace004 WHERE exp_e='09-20566312' AND c_asigna='342436' AND status IN ('0','3','B') [1][0] OK
C:[08/11/2012 11:35:09.19][200.109.213.65][1219] SELECT pre_cod_asig1,pre_cod_asig2,pre_cod_asig3,pre_cod_asig4,pre_cod_asig5,pre_cod_asig6,pre_cod_asig7 FROM tblaca009 WHERE pensum='5' AND c_uni_ca='6' AND c_asigna='344446' [1][0] OK
C:[08/11/2012 11:35:09.19][200.109.213.65][1232] SELECT c_asigna FROM dace004 WHERE exp_e='09-20566312' AND c_asigna='300317' AND status IN ('0','3','B') [1][0] OK
C:[08/11/2012 11:35:09.19][200.109.213.65][1232] SELECT c_asigna FROM dace004 WHERE exp_e='09-20566312' AND c_asigna='300313' AND status IN ('0','3','B') [1][0] OK
C:[08/11/2012 11:35:09.19][200.109.213.65][1232] SELECT c_asigna FROM dace004 WHERE exp_e='09-20566312' AND c_asigna='300209' AND status IN ('0','3','B') [1][0] OK
C:[08/11/2012 11:35:09.19][200.109.213.65][1232] SELECT c_asigna FROM dace004 WHERE exp_e='09-20566312' AND c_asigna='300222' AND status IN ('0','3','B') [1][0] OK
C:[08/11/2012 11:35:09.19][200.109.213.65][1232] SELECT c_asigna FROM dace004 WHERE exp_e='09-20566312' AND c_asigna='300226' AND status IN ('0','3','B') [1][0] OK
C:[08/11/2012 11:35:09.19][200.109.213.65][1219] SELECT pre_cod_asig1,pre_cod_asig2,pre_cod_asig3,pre_cod_asig4,pre_cod_asig5,pre_cod_asig6,pre_cod_asig7 FROM tblaca009 WHERE pensum='5' AND c_uni_ca='6' AND c_asigna='344565' [1][0] OK
C:[08/11/2012 11:35:09.19][200.109.213.65][1232] SELECT c_asigna FROM dace004 WHERE exp_e='09-20566312' AND c_asigna='344445' AND status IN ('0','3','B') [1][0] OK
C:[08/11/2012 11:35:09.31][200.109.213.65][1263] SELECT par_cod_asig1,par_cod_asig2,par_cod_asig3 FROM tblaca009 WHERE pensum='5' AND c_uni_ca='6' AND c_asigna='300422' [1][0] OK
C:[08/11/2012 11:35:09.31][200.109.213.65][1263] SELECT par_cod_asig1,par_cod_asig2,par_cod_asig3 FROM tblaca009 WHERE pensum='5' AND c_uni_ca='6' AND c_asigna='311561' [1][0] OK
C:[08/11/2012 11:35:09.31][200.109.213.65][1263] SELECT par_cod_asig1,par_cod_asig2,par_cod_asig3 FROM tblaca009 WHERE pensum='5' AND c_uni_ca='6' AND c_asigna='342444' [1][0] OK
C:[08/11/2012 11:35:09.31][200.109.213.65][1263] SELECT par_cod_asig1,par_cod_asig2,par_cod_asig3 FROM tblaca009 WHERE pensum='5' AND c_uni_ca='6' AND c_asigna='342559' [1][0] OK
C:[08/11/2012 11:35:09.31][200.109.213.65][1263] SELECT par_cod_asig1,par_cod_asig2,par_cod_asig3 FROM tblaca009 WHERE pensum='5' AND c_uni_ca='6' AND c_asigna='344446' [1][0] OK
C:[08/11/2012 11:35:09.31][200.109.213.65][1263] SELECT par_cod_asig1,par_cod_asig2,par_cod_asig3 FROM tblaca009 WHERE pensum='5' AND c_uni_ca='6' AND c_asigna='344565' [1][0] OK
C:[08/11/2012 13:42:18.95][201.243.100.183][1219] SELECT pre_cod_asig1,pre_cod_asig2,pre_cod_asig3,pre_cod_asig4,pre_cod_asig5,pre_cod_asig6,pre_cod_asig7 FROM tblaca009 WHERE pensum='5' AND c_uni_ca='2' AND c_asigna='300101' [1][0] OK
C:[08/11/2012 13:42:18.95][201.243.100.183][1219] SELECT pre_cod_asig1,pre_cod_asig2,pre_cod_asig3,pre_cod_asig4,pre_cod_asig5,pre_cod_asig6,pre_cod_asig7 FROM tblaca009 WHERE pensum='5' AND c_uni_ca='2' AND c_asigna='300105' [1][0] OK
C:[08/11/2012 13:42:18.95][201.243.100.183][1219] SELECT pre_cod_asig1,pre_cod_asig2,pre_cod_asig3,pre_cod_asig4,pre_cod_asig5,pre_cod_asig6,pre_cod_asig7 FROM tblaca009 WHERE pensum='5' AND c_uni_ca='2' AND c_asigna='300112' [1][0] OK
C:[08/11/2012 13:42:18.95][201.243.100.183][1219] SELECT pre_cod_asig1,pre_cod_asig2,pre_cod_asig3,pre_cod_asig4,pre_cod_asig5,pre_cod_asig6,pre_cod_asig7 FROM tblaca009 WHERE pensum='5' AND c_uni_ca='2' AND c_asigna='300116' [1][0] OK
C:[08/11/2012 13:42:18.46][201.243.100.183][1263] SELECT par_cod_asig1,par_cod_asig2,par_cod_asig3 FROM tblaca009 WHERE pensum='5' AND c_uni_ca='2' AND c_asigna='300101' [1][0] OK
C:[08/11/2012 13:42:18.46][201.243.100.183][1263] SELECT par_cod_asig1,par_cod_asig2,par_cod_asig3 FROM tblaca009 WHERE pensum='5' AND c_uni_ca='2' AND c_asigna='300105' [1][0] OK
C:[08/11/2012 13:42:18.46][201.243.100.183][1263] SELECT par_cod_asig1,par_cod_asig2,par_cod_asig3 FROM tblaca009 WHERE pensum='5' AND c_uni_ca='2' AND c_asigna='300112' [1][0] OK
C:[08/11/2012 13:42:18.46][201.243.100.183][1263] SELECT par_cod_asig1,par_cod_asig2,par_cod_asig3 FROM tblaca009 WHERE pensum='5' AND c_uni_ca='2' AND c_asigna='300116' [1][0] OK
C:[08/11/2012 13:42:19.95][201.243.100.183][1334] SELECT c_asigna FROM tblaca009 WHERE pensum='5' AND c_uni_ca='2' AND ((par_cod_asig1='320311') OR (par_cod_asig2='320311') OR (par_cod_asig3='320311'))  [0][0] OK
C:[08/11/2012 15:11:13.13][190.37.136.226][1219] SELECT pre_cod_asig1,pre_cod_asig2,pre_cod_asig3,pre_cod_asig4,pre_cod_asig5,pre_cod_asig6,pre_cod_asig7 FROM tblaca009 WHERE pensum='5' AND c_uni_ca='2' AND c_asigna='300317' [1][0] OK
C:[08/11/2012 15:11:13.13][190.37.136.226][1232] SELECT c_asigna FROM dace004 WHERE exp_e='08-17624807' AND c_asigna='300207' AND status IN ('0','3','B') [1][0] OK
C:[08/11/2012 15:11:13.13][190.37.136.226][1232] SELECT c_asigna FROM dace004 WHERE exp_e='08-17624807' AND c_asigna='300209' AND status IN ('0','3','B') [1][0] OK
C:[08/11/2012 15:11:13.13][190.37.136.226][1219] SELECT pre_cod_asig1,pre_cod_asig2,pre_cod_asig3,pre_cod_asig4,pre_cod_asig5,pre_cod_asig6,pre_cod_asig7 FROM tblaca009 WHERE pensum='5' AND c_uni_ca='2' AND c_asigna='300422' [1][0] OK
C:[08/11/2012 15:11:13.13][190.37.136.226][1232] SELECT c_asigna FROM dace004 WHERE exp_e='08-17624807' AND c_asigna='300105' AND status IN ('0','3','B') [1][0] OK
C:[08/11/2012 15:11:13.13][190.37.136.226][1232] SELECT c_asigna FROM dace004 WHERE exp_e='08-17624807' AND c_asigna='300314' AND status IN ('0','3','B') [1][0] OK
C:[08/11/2012 15:11:13.13][190.37.136.226][1219] SELECT pre_cod_asig1,pre_cod_asig2,pre_cod_asig3,pre_cod_asig4,pre_cod_asig5,pre_cod_asig6,pre_cod_asig7 FROM tblaca009 WHERE pensum='5' AND c_uni_ca='2' AND c_asigna='322550' [1][0] OK
C:[08/11/2012 15:11:13.13][190.37.136.226][1232] SELECT c_asigna FROM dace004 WHERE exp_e='08-17624807' AND c_asigna='322433' AND status IN ('0','3','B') [1][0] OK
C:[08/11/2012 15:11:13.12][190.37.136.226][1263] SELECT par_cod_asig1,par_cod_asig2,par_cod_asig3 FROM tblaca009 WHERE pensum='5' AND c_uni_ca='2' AND c_asigna='300317' [1][0] OK
C:[08/11/2012 15:11:13.12][190.37.136.226][1263] SELECT par_cod_asig1,par_cod_asig2,par_cod_asig3 FROM tblaca009 WHERE pensum='5' AND c_uni_ca='2' AND c_asigna='300422' [1][0] OK
C:[08/11/2012 15:11:13.12][190.37.136.226][1263] SELECT par_cod_asig1,par_cod_asig2,par_cod_asig3 FROM tblaca009 WHERE pensum='5' AND c_uni_ca='2' AND c_asigna='322550' [1][0] OK
C:[08/11/2012 15:11:13.50][190.37.136.226][1334] SELECT c_asigna FROM tblaca009 WHERE pensum='5' AND c_uni_ca='2' AND ((par_cod_asig1='300313') OR (par_cod_asig2='300313') OR (par_cod_asig3='300313'))  [0][0] OK
C:[08/11/2012 15:12:25.71][190.37.136.226][1219] SELECT pre_cod_asig1,pre_cod_asig2,pre_cod_asig3,pre_cod_asig4,pre_cod_asig5,pre_cod_asig6,pre_cod_asig7 FROM tblaca009 WHERE pensum='5' AND c_uni_ca='2' AND c_asigna='300313' [1][0] OK
C:[08/11/2012 15:12:25.71][190.37.136.226][1232] SELECT c_asigna FROM dace004 WHERE exp_e='08-17624807' AND c_asigna='300213' AND status IN ('0','3','B') [1][0] OK
C:[08/11/2012 15:12:25.71][190.37.136.226][1232] SELECT c_asigna FROM dace004 WHERE exp_e='08-17624807' AND c_asigna='300226' AND status IN ('0','3','B') [1][0] OK
C:[08/11/2012 15:12:25.71][190.37.136.226][1232] SELECT c_asigna FROM dace004 WHERE exp_e='08-17624807' AND c_asigna='300209' AND status IN ('0','3','B') [1][0] OK
C:[08/11/2012 15:12:25.71][190.37.136.226][1219] SELECT pre_cod_asig1,pre_cod_asig2,pre_cod_asig3,pre_cod_asig4,pre_cod_asig5,pre_cod_asig6,pre_cod_asig7 FROM tblaca009 WHERE pensum='5' AND c_uni_ca='2' AND c_asigna='300317' [1][0] OK
C:[08/11/2012 15:12:25.71][190.37.136.226][1232] SELECT c_asigna FROM dace004 WHERE exp_e='08-17624807' AND c_asigna='300207' AND status IN ('0','3','B') [1][0] OK
C:[08/11/2012 15:12:25.71][190.37.136.226][1232] SELECT c_asigna FROM dace004 WHERE exp_e='08-17624807' AND c_asigna='300209' AND status IN ('0','3','B') [1][0] OK
C:[08/11/2012 15:12:25.71][190.37.136.226][1219] SELECT pre_cod_asig1,pre_cod_asig2,pre_cod_asig3,pre_cod_asig4,pre_cod_asig5,pre_cod_asig6,pre_cod_asig7 FROM tblaca009 WHERE pensum='5' AND c_uni_ca='2' AND c_asigna='300422' [1][0] OK
C:[08/11/2012 15:12:25.71][190.37.136.226][1232] SELECT c_asigna FROM dace004 WHERE exp_e='08-17624807' AND c_asigna='300105' AND status IN ('0','3','B') [1][0] OK
C:[08/11/2012 15:12:25.71][190.37.136.226][1232] SELECT c_asigna FROM dace004 WHERE exp_e='08-17624807' AND c_asigna='300314' AND status IN ('0','3','B') [1][0] OK
C:[08/11/2012 15:12:25.71][190.37.136.226][1219] SELECT pre_cod_asig1,pre_cod_asig2,pre_cod_asig3,pre_cod_asig4,pre_cod_asig5,pre_cod_asig6,pre_cod_asig7 FROM tblaca009 WHERE pensum='5' AND c_uni_ca='2' AND c_asigna='322550' [1][0] OK
C:[08/11/2012 15:12:25.71][190.37.136.226][1232] SELECT c_asigna FROM dace004 WHERE exp_e='08-17624807' AND c_asigna='322433' AND status IN ('0','3','B') [1][0] OK
C:[08/11/2012 15:12:26.20][190.37.136.226][1263] SELECT par_cod_asig1,par_cod_asig2,par_cod_asig3 FROM tblaca009 WHERE pensum='5' AND c_uni_ca='2' AND c_asigna='300313' [1][0] OK
C:[08/11/2012 15:12:26.20][190.37.136.226][1263] SELECT par_cod_asig1,par_cod_asig2,par_cod_asig3 FROM tblaca009 WHERE pensum='5' AND c_uni_ca='2' AND c_asigna='300317' [1][0] OK
C:[08/11/2012 15:12:26.20][190.37.136.226][1263] SELECT par_cod_asig1,par_cod_asig2,par_cod_asig3 FROM tblaca009 WHERE pensum='5' AND c_uni_ca='2' AND c_asigna='300422' [1][0] OK
C:[08/11/2012 15:12:26.20][190.37.136.226][1263] SELECT par_cod_asig1,par_cod_asig2,par_cod_asig3 FROM tblaca009 WHERE pensum='5' AND c_uni_ca='2' AND c_asigna='322550' [1][0] OK
C:[08/11/2012 15:26:35.15][181.183.115.118][1219] SELECT pre_cod_asig1,pre_cod_asig2,pre_cod_asig3,pre_cod_asig4,pre_cod_asig5,pre_cod_asig6,pre_cod_asig7 FROM tblaca009 WHERE pensum='5' AND c_uni_ca='4' AND c_asigna='333052' [1][0] OK
C:[08/11/2012 15:26:35.15][181.183.115.118][1219] SELECT pre_cod_asig1,pre_cod_asig2,pre_cod_asig3,pre_cod_asig4,pre_cod_asig5,pre_cod_asig6,pre_cod_asig7 FROM tblaca009 WHERE pensum='5' AND c_uni_ca='4' AND c_asigna='333053' [1][0] OK
C:[08/11/2012 15:26:35.15][181.183.115.118][1219] SELECT pre_cod_asig1,pre_cod_asig2,pre_cod_asig3,pre_cod_asig4,pre_cod_asig5,pre_cod_asig6,pre_cod_asig7 FROM tblaca009 WHERE pensum='5' AND c_uni_ca='4' AND c_asigna='333939' [1][0] OK
C:[08/11/2012 15:26:36.52][181.183.115.118][1263] SELECT par_cod_asig1,par_cod_asig2,par_cod_asig3 FROM tblaca009 WHERE pensum='5' AND c_uni_ca='4' AND c_asigna='333052' [1][0] OK
C:[08/11/2012 15:26:36.52][181.183.115.118][1263] SELECT par_cod_asig1,par_cod_asig2,par_cod_asig3 FROM tblaca009 WHERE pensum='5' AND c_uni_ca='4' AND c_asigna='333053' [1][0] OK
C:[08/11/2012 15:26:36.52][181.183.115.118][1263] SELECT par_cod_asig1,par_cod_asig2,par_cod_asig3 FROM tblaca009 WHERE pensum='5' AND c_uni_ca='4' AND c_asigna='333939' [1][0] OK
C:[08/11/2012 15:26:36.89][181.183.115.118][1334] SELECT c_asigna FROM tblaca009 WHERE pensum='5' AND c_uni_ca='4' AND ((par_cod_asig1='300956') OR (par_cod_asig2='300956') OR (par_cod_asig3='300956'))  [0][0] OK
C:[08/11/2012 16:18:36.79][186.89.144.220][1219] SELECT pre_cod_asig1,pre_cod_asig2,pre_cod_asig3,pre_cod_asig4,pre_cod_asig5,pre_cod_asig6,pre_cod_asig7 FROM tblaca009 WHERE pensum='5' AND c_uni_ca='2' AND c_asigna='322827' [1][0] OK
C:[08/11/2012 16:18:36.79][186.89.144.220][1232] SELECT c_asigna FROM dace004 WHERE exp_e='07-19159821' AND c_asigna='322703' AND status IN ('0','3','B') [1][0] OK
C:[08/11/2012 16:18:36.79][186.89.144.220][1232] SELECT c_asigna FROM dace004 WHERE exp_e='07-19159821' AND c_asigna='322782' AND status IN ('0','3','B') [1][0] OK
C:[08/11/2012 16:18:36.79][186.89.144.220][1232] SELECT c_asigna FROM dace004 WHERE exp_e='07-19159821' AND c_asigna='322449' AND status IN ('0','3','B') [1][0] OK
C:[08/11/2012 16:18:36.79][186.89.144.220][1219] SELECT pre_cod_asig1,pre_cod_asig2,pre_cod_asig3,pre_cod_asig4,pre_cod_asig5,pre_cod_asig6,pre_cod_asig7 FROM tblaca009 WHERE pensum='5' AND c_uni_ca='2' AND c_asigna='322930' [1][0] OK
C:[08/11/2012 16:18:36.42][186.89.144.220][1263] SELECT par_cod_asig1,par_cod_asig2,par_cod_asig3 FROM tblaca009 WHERE pensum='5' AND c_uni_ca='2' AND c_asigna='322827' [1][0] OK
C:[08/11/2012 16:18:36.42][186.89.144.220][1263] SELECT par_cod_asig1,par_cod_asig2,par_cod_asig3 FROM tblaca009 WHERE pensum='5' AND c_uni_ca='2' AND c_asigna='322930' [1][0] OK
C:[08/11/2012 16:18:36.68][186.89.144.220][1334] SELECT c_asigna FROM tblaca009 WHERE pensum='5' AND c_uni_ca='2' AND ((par_cod_asig1='300956') OR (par_cod_asig2='300956') OR (par_cod_asig3='300956'))  [1][0] OK
C:[08/11/2012 16:18:36.68][186.89.144.220][1346] SELECT c_asigna FROM dace004 WHERE exp_e='07-19159821' AND c_asigna='322939' AND status IN ('0','3','B') [0][0] OK
C:[08/11/2012 16:48:01.83][190.37.209.247][1219] SELECT pre_cod_asig1,pre_cod_asig2,pre_cod_asig3,pre_cod_asig4,pre_cod_asig5,pre_cod_asig6,pre_cod_asig7 FROM tblaca009 WHERE pensum='5' AND c_uni_ca='2' AND c_asigna='300422' [1][0] OK
C:[08/11/2012 16:48:01.83][190.37.209.247][1232] SELECT c_asigna FROM dace004 WHERE exp_e='06-17999021' AND c_asigna='300105' AND status IN ('0','3','B') [1][0] OK
C:[08/11/2012 16:48:01.83][190.37.209.247][1232] SELECT c_asigna FROM dace004 WHERE exp_e='06-17999021' AND c_asigna='300314' AND status IN ('0','3','B') [1][0] OK
C:[08/11/2012 16:48:01.83][190.37.209.247][1219] SELECT pre_cod_asig1,pre_cod_asig2,pre_cod_asig3,pre_cod_asig4,pre_cod_asig5,pre_cod_asig6,pre_cod_asig7 FROM tblaca009 WHERE pensum='5' AND c_uni_ca='2' AND c_asigna='300676' [1][0] OK
C:[08/11/2012 16:48:01.83][190.37.209.247][1219] SELECT pre_cod_asig1,pre_cod_asig2,pre_cod_asig3,pre_cod_asig4,pre_cod_asig5,pre_cod_asig6,pre_cod_asig7 FROM tblaca009 WHERE pensum='5' AND c_uni_ca='2' AND c_asigna='322550' [1][0] OK
C:[08/11/2012 16:48:01.83][190.37.209.247][1232] SELECT c_asigna FROM dace004 WHERE exp_e='06-17999021' AND c_asigna='322433' AND status IN ('0','3','B') [1][0] OK
C:[08/11/2012 16:48:01.83][190.37.209.247][1219] SELECT pre_cod_asig1,pre_cod_asig2,pre_cod_asig3,pre_cod_asig4,pre_cod_asig5,pre_cod_asig6,pre_cod_asig7 FROM tblaca009 WHERE pensum='5' AND c_uni_ca='2' AND c_asigna='322559' [1][0] OK
C:[08/11/2012 16:48:01.83][190.37.209.247][1232] SELECT c_asigna FROM dace004 WHERE exp_e='06-17999021' AND c_asigna='300428' AND status IN ('0','3','B') [1][0] OK
C:[08/11/2012 16:48:01.83][190.37.209.247][1232] SELECT c_asigna FROM dace004 WHERE exp_e='06-17999021' AND c_asigna='322436' AND status IN ('0','3','B') [1][0] OK
C:[08/11/2012 16:48:01.83][190.37.209.247][1219] SELECT pre_cod_asig1,pre_cod_asig2,pre_cod_asig3,pre_cod_asig4,pre_cod_asig5,pre_cod_asig6,pre_cod_asig7 FROM tblaca009 WHERE pensum='5' AND c_uni_ca='2' AND c_asigna='322605' [1][0] OK
C:[08/11/2012 16:48:01.83][190.37.209.247][1232] SELECT c_asigna FROM dace004 WHERE exp_e='06-17999021' AND c_asigna='322436' AND status IN ('0','3','B') [1][0] OK
C:[08/11/2012 16:48:01.83][190.37.209.247][1219] SELECT pre_cod_asig1,pre_cod_asig2,pre_cod_asig3,pre_cod_asig4,pre_cod_asig5,pre_cod_asig6,pre_cod_asig7 FROM tblaca009 WHERE pensum='5' AND c_uni_ca='2' AND c_asigna='322703' [1][0] OK
C:[08/11/2012 16:48:01.83][190.37.209.247][1232] SELECT c_asigna FROM dace004 WHERE exp_e='06-17999021' AND c_asigna='322669' AND status IN ('0','3','B') [1][0] OK
C:[08/11/2012 16:48:01.83][190.37.209.247][1219] SELECT pre_cod_asig1,pre_cod_asig2,pre_cod_asig3,pre_cod_asig4,pre_cod_asig5,pre_cod_asig6,pre_cod_asig7 FROM tblaca009 WHERE pensum='5' AND c_uni_ca='2' AND c_asigna='322728' [1][0] OK
C:[08/11/2012 16:48:01.83][190.37.209.247][1232] SELECT c_asigna FROM dace004 WHERE exp_e='06-17999021' AND c_asigna='311561' AND status IN ('0','3','B') [1][0] OK
C:[08/11/2012 16:48:01.83][190.37.209.247][1232] SELECT c_asigna FROM dace004 WHERE exp_e='06-17999021' AND c_asigna='322681' AND status IN ('0','3','B') [1][0] OK
C:[08/11/2012 16:48:01.83][190.37.209.247][1263] SELECT par_cod_asig1,par_cod_asig2,par_cod_asig3 FROM tblaca009 WHERE pensum='5' AND c_uni_ca='2' AND c_asigna='300422' [1][0] OK
C:[08/11/2012 16:48:01.83][190.37.209.247][1263] SELECT par_cod_asig1,par_cod_asig2,par_cod_asig3 FROM tblaca009 WHERE pensum='5' AND c_uni_ca='2' AND c_asigna='300676' [1][0] OK
C:[08/11/2012 16:48:01.83][190.37.209.247][1263] SELECT par_cod_asig1,par_cod_asig2,par_cod_asig3 FROM tblaca009 WHERE pensum='5' AND c_uni_ca='2' AND c_asigna='322550' [1][0] OK
C:[08/11/2012 16:48:01.83][190.37.209.247][1263] SELECT par_cod_asig1,par_cod_asig2,par_cod_asig3 FROM tblaca009 WHERE pensum='5' AND c_uni_ca='2' AND c_asigna='322559' [1][0] OK
C:[08/11/2012 16:48:01.83][190.37.209.247][1263] SELECT par_cod_asig1,par_cod_asig2,par_cod_asig3 FROM tblaca009 WHERE pensum='5' AND c_uni_ca='2' AND c_asigna='322605' [1][0] OK
C:[08/11/2012 16:48:01.83][190.37.209.247][1263] SELECT par_cod_asig1,par_cod_asig2,par_cod_asig3 FROM tblaca009 WHERE pensum='5' AND c_uni_ca='2' AND c_asigna='322703' [1][0] OK
C:[08/11/2012 16:48:01.83][190.37.209.247][1263] SELECT par_cod_asig1,par_cod_asig2,par_cod_asig3 FROM tblaca009 WHERE pensum='5' AND c_uni_ca='2' AND c_asigna='322728' [1][0] OK
C:[08/11/2012 17:06:40.57][186.88.129.84][1219] SELECT pre_cod_asig1,pre_cod_asig2,pre_cod_asig3,pre_cod_asig4,pre_cod_asig5,pre_cod_asig6,pre_cod_asig7 FROM tblaca009 WHERE pensum='5' AND c_uni_ca='2' AND c_asigna='322827' [1][0] OK
C:[08/11/2012 17:06:40.57][186.88.129.84][1232] SELECT c_asigna FROM dace004 WHERE exp_e='07-20503748' AND c_asigna='322703' AND status IN ('0','3','B') [1][0] OK
C:[08/11/2012 17:06:40.57][186.88.129.84][1232] SELECT c_asigna FROM dace004 WHERE exp_e='07-20503748' AND c_asigna='322782' AND status IN ('0','3','B') [1][0] OK
C:[08/11/2012 17:06:40.57][186.88.129.84][1232] SELECT c_asigna FROM dace004 WHERE exp_e='07-20503748' AND c_asigna='322449' AND status IN ('0','3','B') [1][0] OK
C:[08/11/2012 17:06:40.57][186.88.129.84][1219] SELECT pre_cod_asig1,pre_cod_asig2,pre_cod_asig3,pre_cod_asig4,pre_cod_asig5,pre_cod_asig6,pre_cod_asig7 FROM tblaca009 WHERE pensum='5' AND c_uni_ca='2' AND c_asigna='322930' [1][0] OK
C:[08/11/2012 17:06:41.19][186.88.129.84][1263] SELECT par_cod_asig1,par_cod_asig2,par_cod_asig3 FROM tblaca009 WHERE pensum='5' AND c_uni_ca='2' AND c_asigna='322827' [1][0] OK
C:[08/11/2012 17:06:41.19][186.88.129.84][1263] SELECT par_cod_asig1,par_cod_asig2,par_cod_asig3 FROM tblaca009 WHERE pensum='5' AND c_uni_ca='2' AND c_asigna='322930' [1][0] OK
C:[08/11/2012 17:06:41.44][186.88.129.84][1334] SELECT c_asigna FROM tblaca009 WHERE pensum='5' AND c_uni_ca='2' AND ((par_cod_asig1='300956') OR (par_cod_asig2='300956') OR (par_cod_asig3='300956'))  [1][0] OK
C:[08/11/2012 17:06:41.44][186.88.129.84][1346] SELECT c_asigna FROM dace004 WHERE exp_e='07-20503748' AND c_asigna='322939' AND status IN ('0','3','B') [0][0] OK
C:[08/11/2012 19:36:19.38][186.90.209.22][1219] SELECT pre_cod_asig1,pre_cod_asig2,pre_cod_asig3,pre_cod_asig4,pre_cod_asig5,pre_cod_asig6,pre_cod_asig7 FROM tblaca009 WHERE pensum='5' AND c_uni_ca='5' AND c_asigna='355724' [1][0] OK
C:[08/11/2012 19:36:19.38][186.90.209.22][1232] SELECT c_asigna FROM dace004 WHERE exp_e='06-18665038' AND c_asigna='355692' AND status IN ('0','3','B') [1][0] OK
C:[08/11/2012 19:36:19.38][186.90.209.22][1219] SELECT pre_cod_asig1,pre_cod_asig2,pre_cod_asig3,pre_cod_asig4,pre_cod_asig5,pre_cod_asig6,pre_cod_asig7 FROM tblaca009 WHERE pensum='5' AND c_uni_ca='5' AND c_asigna='355720' [1][0] OK
C:[08/11/2012 19:36:19.38][186.90.209.22][1232] SELECT c_asigna FROM dace004 WHERE exp_e='06-18665038' AND c_asigna='355692' AND status IN ('0','3','B') [1][0] OK
C:[08/11/2012 19:36:19.38][186.90.209.22][1232] SELECT c_asigna FROM dace004 WHERE exp_e='06-18665038' AND c_asigna='355696' AND status IN ('0','3','B') [1][0] OK
C:[08/11/2012 19:36:19.38][186.90.209.22][1219] SELECT pre_cod_asig1,pre_cod_asig2,pre_cod_asig3,pre_cod_asig4,pre_cod_asig5,pre_cod_asig6,pre_cod_asig7 FROM tblaca009 WHERE pensum='5' AND c_uni_ca='5' AND c_asigna='355722' [1][0] OK
C:[08/11/2012 19:36:19.38][186.90.209.22][1232] SELECT c_asigna FROM dace004 WHERE exp_e='06-18665038' AND c_asigna='355691' AND status IN ('0','3','B') [1][0] OK
C:[08/11/2012 19:36:19.38][186.90.209.22][1232] SELECT c_asigna FROM dace004 WHERE exp_e='06-18665038' AND c_asigna='355595' AND status IN ('0','3','B') [1][0] OK
C:[08/11/2012 19:36:19.38][186.90.209.22][1219] SELECT pre_cod_asig1,pre_cod_asig2,pre_cod_asig3,pre_cod_asig4,pre_cod_asig5,pre_cod_asig6,pre_cod_asig7 FROM tblaca009 WHERE pensum='5' AND c_uni_ca='5' AND c_asigna='355723' [1][0] OK
C:[08/11/2012 19:36:19.38][186.90.209.22][1232] SELECT c_asigna FROM dace004 WHERE exp_e='06-18665038' AND c_asigna='355694' AND status IN ('0','3','B') [1][0] OK
C:[08/11/2012 19:36:19.38][186.90.209.22][1219] SELECT pre_cod_asig1,pre_cod_asig2,pre_cod_asig3,pre_cod_asig4,pre_cod_asig5,pre_cod_asig6,pre_cod_asig7 FROM tblaca009 WHERE pensum='5' AND c_uni_ca='5' AND c_asigna='355725' [1][0] OK
C:[08/11/2012 19:36:19.38][186.90.209.22][1232] SELECT c_asigna FROM dace004 WHERE exp_e='06-18665038' AND c_asigna='355693' AND status IN ('0','3','B') [1][0] OK
C:[08/11/2012 19:36:19.38][186.90.209.22][1232] SELECT c_asigna FROM dace004 WHERE exp_e='06-18665038' AND c_asigna='355692' AND status IN ('0','3','B') [1][0] OK
C:[08/11/2012 19:36:20.98][186.90.209.22][1263] SELECT par_cod_asig1,par_cod_asig2,par_cod_asig3 FROM tblaca009 WHERE pensum='5' AND c_uni_ca='5' AND c_asigna='355724' [1][0] OK
C:[08/11/2012 19:36:20.98][186.90.209.22][1263] SELECT par_cod_asig1,par_cod_asig2,par_cod_asig3 FROM tblaca009 WHERE pensum='5' AND c_uni_ca='5' AND c_asigna='355720' [1][0] OK
C:[08/11/2012 19:36:20.98][186.90.209.22][1263] SELECT par_cod_asig1,par_cod_asig2,par_cod_asig3 FROM tblaca009 WHERE pensum='5' AND c_uni_ca='5' AND c_asigna='355722' [1][0] OK
C:[08/11/2012 19:36:20.98][186.90.209.22][1263] SELECT par_cod_asig1,par_cod_asig2,par_cod_asig3 FROM tblaca009 WHERE pensum='5' AND c_uni_ca='5' AND c_asigna='355723' [1][0] OK
C:[08/11/2012 19:36:20.98][186.90.209.22][1263] SELECT par_cod_asig1,par_cod_asig2,par_cod_asig3 FROM tblaca009 WHERE pensum='5' AND c_uni_ca='5' AND c_asigna='355725' [1][0] OK
C:[08/11/2012 19:53:20.72][190.206.90.137][1219] SELECT pre_cod_asig1,pre_cod_asig2,pre_cod_asig3,pre_cod_asig4,pre_cod_asig5,pre_cod_asig6,pre_cod_asig7 FROM tblaca009 WHERE pensum='5' AND c_uni_ca='2' AND c_asigna='300218' [1][0] OK
C:[08/11/2012 19:53:20.72][190.206.90.137][1219] SELECT pre_cod_asig1,pre_cod_asig2,pre_cod_asig3,pre_cod_asig4,pre_cod_asig5,pre_cod_asig6,pre_cod_asig7 FROM tblaca009 WHERE pensum='5' AND c_uni_ca='2' AND c_asigna='300207' [1][0] OK
C:[08/11/2012 19:53:20.72][190.206.90.137][1232] SELECT c_asigna FROM dace004 WHERE exp_e='12-25745761' AND c_asigna='300101' AND status IN ('0','3','B') [1][0] OK
C:[08/11/2012 19:53:20.72][190.206.90.137][1219] SELECT pre_cod_asig1,pre_cod_asig2,pre_cod_asig3,pre_cod_asig4,pre_cod_asig5,pre_cod_asig6,pre_cod_asig7 FROM tblaca009 WHERE pensum='5' AND c_uni_ca='2' AND c_asigna='300209' [1][0] OK
C:[08/11/2012 19:53:20.72][190.206.90.137][1232] SELECT c_asigna FROM dace004 WHERE exp_e='12-25745761' AND c_asigna='300101' AND status IN ('0','3','B') [1][0] OK
C:[08/11/2012 19:53:20.72][190.206.90.137][1219] SELECT pre_cod_asig1,pre_cod_asig2,pre_cod_asig3,pre_cod_asig4,pre_cod_asig5,pre_cod_asig6,pre_cod_asig7 FROM tblaca009 WHERE pensum='5' AND c_uni_ca='2' AND c_asigna='300222' [1][0] OK
C:[08/11/2012 19:53:20.72][190.206.90.137][1232] SELECT c_asigna FROM dace004 WHERE exp_e='12-25745761' AND c_asigna='300112' AND status IN ('0','3','B') [1][0] OK
C:[08/11/2012 19:53:20.72][190.206.90.137][1219] SELECT pre_cod_asig1,pre_cod_asig2,pre_cod_asig3,pre_cod_asig4,pre_cod_asig5,pre_cod_asig6,pre_cod_asig7 FROM tblaca009 WHERE pensum='5' AND c_uni_ca='2' AND c_asigna='300226' [1][0] OK
C:[08/11/2012 19:53:20.72][190.206.90.137][1232] SELECT c_asigna FROM dace004 WHERE exp_e='12-25745761' AND c_asigna='300116' AND status IN ('0','3','B') [1][0] OK
C:[08/11/2012 19:53:20.72][190.206.90.137][1219] SELECT pre_cod_asig1,pre_cod_asig2,pre_cod_asig3,pre_cod_asig4,pre_cod_asig5,pre_cod_asig6,pre_cod_asig7 FROM tblaca009 WHERE pensum='5' AND c_uni_ca='2' AND c_asigna='300228' [1][0] OK
C:[08/11/2012 19:53:20.72][190.206.90.137][1232] SELECT c_asigna FROM dace004 WHERE exp_e='12-25745761' AND c_asigna='300101' AND status IN ('0','3','B') [1][0] OK
C:[08/11/2012 19:53:20.09][190.206.90.137][1263] SELECT par_cod_asig1,par_cod_asig2,par_cod_asig3 FROM tblaca009 WHERE pensum='5' AND c_uni_ca='2' AND c_asigna='300218' [1][0] OK
C:[08/11/2012 19:53:20.09][190.206.90.137][1277] SELECT c_asigna FROM dace004 WHERE exp_e='12-25745761' AND c_asigna='300228' AND status IN ('0','3','B','C') [0][0] OK
C:[08/11/2012 19:53:20.09][190.206.90.137][1263] SELECT par_cod_asig1,par_cod_asig2,par_cod_asig3 FROM tblaca009 WHERE pensum='5' AND c_uni_ca='2' AND c_asigna='300207' [1][0] OK
C:[08/11/2012 19:53:20.09][190.206.90.137][1263] SELECT par_cod_asig1,par_cod_asig2,par_cod_asig3 FROM tblaca009 WHERE pensum='5' AND c_uni_ca='2' AND c_asigna='300209' [1][0] OK
C:[08/11/2012 19:53:20.09][190.206.90.137][1263] SELECT par_cod_asig1,par_cod_asig2,par_cod_asig3 FROM tblaca009 WHERE pensum='5' AND c_uni_ca='2' AND c_asigna='300222' [1][0] OK
C:[08/11/2012 19:53:20.09][190.206.90.137][1263] SELECT par_cod_asig1,par_cod_asig2,par_cod_asig3 FROM tblaca009 WHERE pensum='5' AND c_uni_ca='2' AND c_asigna='300226' [1][0] OK
C:[08/11/2012 19:53:20.09][190.206.90.137][1263] SELECT par_cod_asig1,par_cod_asig2,par_cod_asig3 FROM tblaca009 WHERE pensum='5' AND c_uni_ca='2' AND c_asigna='300228' [1][0] OK
C:[08/11/2012 20:27:42.68][201.243.105.119][1219] SELECT pre_cod_asig1,pre_cod_asig2,pre_cod_asig3,pre_cod_asig4,pre_cod_asig5,pre_cod_asig6,pre_cod_asig7 FROM tblaca009 WHERE pensum='5' AND c_uni_ca='6' AND c_asigna='300428' [1][0] OK
C:[08/11/2012 20:27:42.68][201.243.105.119][1232] SELECT c_asigna FROM dace004 WHERE exp_e='07-19128542' AND c_asigna='300317' AND status IN ('0','3','B') [1][0] OK
C:[08/11/2012 20:27:42.68][201.243.105.119][1232] SELECT c_asigna FROM dace004 WHERE exp_e='07-19128542' AND c_asigna='300209' AND status IN ('0','3','B') [1][0] OK
C:[08/11/2012 20:27:42.68][201.243.105.119][1219] SELECT pre_cod_asig1,pre_cod_asig2,pre_cod_asig3,pre_cod_asig4,pre_cod_asig5,pre_cod_asig6,pre_cod_asig7 FROM tblaca009 WHERE pensum='5' AND c_uni_ca='6' AND c_asigna='342567' [1][0] OK
C:[08/11/2012 20:27:42.68][201.243.105.119][1232] SELECT c_asigna FROM dace004 WHERE exp_e='07-19128542' AND c_asigna='342444' AND status IN ('0','3','B') [1][0] OK
C:[08/11/2012 20:27:42.68][201.243.105.119][1219] SELECT pre_cod_asig1,pre_cod_asig2,pre_cod_asig3,pre_cod_asig4,pre_cod_asig5,pre_cod_asig6,pre_cod_asig7 FROM tblaca009 WHERE pensum='5' AND c_uni_ca='6' AND c_asigna='344687' [1][0] OK
C:[08/11/2012 20:27:42.68][201.243.105.119][1232] SELECT c_asigna FROM dace004 WHERE exp_e='07-19128542' AND c_asigna='344565' AND status IN ('0','3','B') [1][0] OK
C:[08/11/2012 20:27:42.57][201.243.105.119][1263] SELECT par_cod_asig1,par_cod_asig2,par_cod_asig3 FROM tblaca009 WHERE pensum='5' AND c_uni_ca='6' AND c_asigna='300428' [1][0] OK
C:[08/11/2012 20:27:42.57][201.243.105.119][1263] SELECT par_cod_asig1,par_cod_asig2,par_cod_asig3 FROM tblaca009 WHERE pensum='5' AND c_uni_ca='6' AND c_asigna='342567' [1][0] OK
C:[08/11/2012 20:27:42.57][201.243.105.119][1263] SELECT par_cod_asig1,par_cod_asig2,par_cod_asig3 FROM tblaca009 WHERE pensum='5' AND c_uni_ca='6' AND c_asigna='344687' [1][0] OK
C:[08/11/2012 20:27:42.93][201.243.105.119][1334] SELECT c_asigna FROM tblaca009 WHERE pensum='5' AND c_uni_ca='6' AND ((par_cod_asig1='300422') OR (par_cod_asig2='300422') OR (par_cod_asig3='300422'))  [0][0] OK
C:[08/11/2012 20:31:34.38][190.74.30.163][1219] SELECT pre_cod_asig1,pre_cod_asig2,pre_cod_asig3,pre_cod_asig4,pre_cod_asig5,pre_cod_asig6,pre_cod_asig7 FROM tblaca009 WHERE pensum='5' AND c_uni_ca='6' AND c_asigna='344742' [1][0] OK
C:[08/11/2012 20:31:34.38][190.74.30.163][1232] SELECT c_asigna FROM dace004 WHERE exp_e='04-18451853' AND c_asigna='344688' AND status IN ('0','3','B') [1][0] OK
C:[08/11/2012 20:31:34.38][190.74.30.163][1232] SELECT c_asigna FROM dace004 WHERE exp_e='04-18451853' AND c_asigna='342679' AND status IN ('0','3','B') [1][0] OK
C:[08/11/2012 20:31:34.74][190.74.30.163][1263] SELECT par_cod_asig1,par_cod_asig2,par_cod_asig3 FROM tblaca009 WHERE pensum='5' AND c_uni_ca='6' AND c_asigna='344742' [1][0] OK
C:[08/11/2012 20:31:35.86][190.74.30.163][1334] SELECT c_asigna FROM tblaca009 WHERE pensum='5' AND c_uni_ca='6' AND ((par_cod_asig1='344732') OR (par_cod_asig2='344732') OR (par_cod_asig3='344732'))  [0][0] OK
C:[08/11/2012 20:51:13.27][190.38.192.155][1219] SELECT pre_cod_asig1,pre_cod_asig2,pre_cod_asig3,pre_cod_asig4,pre_cod_asig5,pre_cod_asig6,pre_cod_asig7 FROM tblaca009 WHERE pensum='5' AND c_uni_ca='2' AND c_asigna='300218' [1][0] OK
C:[08/11/2012 20:51:13.27][190.38.192.155][1219] SELECT pre_cod_asig1,pre_cod_asig2,pre_cod_asig3,pre_cod_asig4,pre_cod_asig5,pre_cod_asig6,pre_cod_asig7 FROM tblaca009 WHERE pensum='5' AND c_uni_ca='2' AND c_asigna='300213' [1][0] OK
C:[08/11/2012 20:51:13.27][190.38.192.155][1232] SELECT c_asigna FROM dace004 WHERE exp_e='11-24701291' AND c_asigna='300101' AND status IN ('0','3','B') [1][0] OK
C:[08/11/2012 20:51:13.27][190.38.192.155][1219] SELECT pre_cod_asig1,pre_cod_asig2,pre_cod_asig3,pre_cod_asig4,pre_cod_asig5,pre_cod_asig6,pre_cod_asig7 FROM tblaca009 WHERE pensum='5' AND c_uni_ca='2' AND c_asigna='300222' [1][0] OK
C:[08/11/2012 20:51:13.27][190.38.192.155][1232] SELECT c_asigna FROM dace004 WHERE exp_e='11-24701291' AND c_asigna='300112' AND status IN ('0','3','B') [1][0] OK
C:[08/11/2012 20:51:13.27][190.38.192.155][1219] SELECT pre_cod_asig1,pre_cod_asig2,pre_cod_asig3,pre_cod_asig4,pre_cod_asig5,pre_cod_asig6,pre_cod_asig7 FROM tblaca009 WHERE pensum='5' AND c_uni_ca='2' AND c_asigna='300228' [1][0] OK
C:[08/11/2012 20:51:13.27][190.38.192.155][1232] SELECT c_asigna FROM dace004 WHERE exp_e='11-24701291' AND c_asigna='300101' AND status IN ('0','3','B') [1][0] OK
C:[08/11/2012 20:51:13.27][190.38.192.155][1219] SELECT pre_cod_asig1,pre_cod_asig2,pre_cod_asig3,pre_cod_asig4,pre_cod_asig5,pre_cod_asig6,pre_cod_asig7 FROM tblaca009 WHERE pensum='5' AND c_uni_ca='2' AND c_asigna='300314' [1][0] OK
C:[08/11/2012 20:51:13.27][190.38.192.155][1232] SELECT c_asigna FROM dace004 WHERE exp_e='11-24701291' AND c_asigna='300106' AND status IN ('0','3','B') [1][0] OK
C:[08/11/2012 20:51:13.27][190.38.192.155][1219] SELECT pre_cod_asig1,pre_cod_asig2,pre_cod_asig3,pre_cod_asig4,pre_cod_asig5,pre_cod_asig6,pre_cod_asig7 FROM tblaca009 WHERE pensum='5' AND c_uni_ca='2' AND c_asigna='300317' [1][0] OK
C:[08/11/2012 20:51:13.27][190.38.192.155][1232] SELECT c_asigna FROM dace004 WHERE exp_e='11-24701291' AND c_asigna='300207' AND status IN ('0','3','B') [1][0] OK
C:[08/11/2012 20:51:13.27][190.38.192.155][1232] SELECT c_asigna FROM dace004 WHERE exp_e='11-24701291' AND c_asigna='300209' AND status IN ('0','3','B') [1][0] OK
C:[08/11/2012 20:51:13.77][190.38.192.155][1263] SELECT par_cod_asig1,par_cod_asig2,par_cod_asig3 FROM tblaca009 WHERE pensum='5' AND c_uni_ca='2' AND c_asigna='300218' [1][0] OK
C:[08/11/2012 20:51:13.77][190.38.192.155][1277] SELECT c_asigna FROM dace004 WHERE exp_e='11-24701291' AND c_asigna='300228' AND status IN ('0','3','B','C') [0][0] OK
C:[08/11/2012 20:51:13.77][190.38.192.155][1263] SELECT par_cod_asig1,par_cod_asig2,par_cod_asig3 FROM tblaca009 WHERE pensum='5' AND c_uni_ca='2' AND c_asigna='300213' [1][0] OK
C:[08/11/2012 20:51:13.77][190.38.192.155][1277] SELECT c_asigna FROM dace004 WHERE exp_e='11-24701291' AND c_asigna='300209' AND status IN ('0','3','B','C') [1][0] OK
C:[08/11/2012 20:51:13.77][190.38.192.155][1263] SELECT par_cod_asig1,par_cod_asig2,par_cod_asig3 FROM tblaca009 WHERE pensum='5' AND c_uni_ca='2' AND c_asigna='300222' [1][0] OK
C:[08/11/2012 20:51:13.77][190.38.192.155][1263] SELECT par_cod_asig1,par_cod_asig2,par_cod_asig3 FROM tblaca009 WHERE pensum='5' AND c_uni_ca='2' AND c_asigna='300228' [1][0] OK
C:[08/11/2012 20:51:13.77][190.38.192.155][1263] SELECT par_cod_asig1,par_cod_asig2,par_cod_asig3 FROM tblaca009 WHERE pensum='5' AND c_uni_ca='2' AND c_asigna='300314' [1][0] OK
C:[08/11/2012 20:51:13.77][190.38.192.155][1263] SELECT par_cod_asig1,par_cod_asig2,par_cod_asig3 FROM tblaca009 WHERE pensum='5' AND c_uni_ca='2' AND c_asigna='300317' [1][0] OK
C:[08/11/2012 21:29:34.32][200.90.98.31][1219] SELECT pre_cod_asig1,pre_cod_asig2,pre_cod_asig3,pre_cod_asig4,pre_cod_asig5,pre_cod_asig6,pre_cod_asig7 FROM tblaca009 WHERE pensum='5' AND c_uni_ca='2' AND c_asigna='300318' [1][0] OK
C:[08/11/2012 21:29:34.32][200.90.98.31][1232] SELECT c_asigna FROM dace004 WHERE exp_e='10-24194131' AND c_asigna='300228' AND status IN ('0','3','B') [1][0] OK
C:[08/11/2012 21:29:34.32][200.90.98.31][1232] SELECT c_asigna FROM dace004 WHERE exp_e='10-24194131' AND c_asigna='300207' AND status IN ('0','3','B') [1][0] OK
C:[08/11/2012 21:29:34.32][200.90.98.31][1232] SELECT c_asigna FROM dace004 WHERE exp_e='10-24194131' AND c_asigna='300218' AND status IN ('0','3','B') [1][0] OK
C:[08/11/2012 21:29:34.32][200.90.98.31][1219] SELECT pre_cod_asig1,pre_cod_asig2,pre_cod_asig3,pre_cod_asig4,pre_cod_asig5,pre_cod_asig6,pre_cod_asig7 FROM tblaca009 WHERE pensum='5' AND c_uni_ca='2' AND c_asigna='322433' [1][0] OK
C:[08/11/2012 21:29:34.32][200.90.98.31][1232] SELECT c_asigna FROM dace004 WHERE exp_e='10-24194131' AND c_asigna='320323' AND status IN ('0','3','B') [1][0] OK
C:[08/11/2012 21:29:34.32][200.90.98.31][1232] SELECT c_asigna FROM dace004 WHERE exp_e='10-24194131' AND c_asigna='300209' AND status IN ('0','3','B') [1][0] OK
C:[08/11/2012 21:29:34.32][200.90.98.31][1219] SELECT pre_cod_asig1,pre_cod_asig2,pre_cod_asig3,pre_cod_asig4,pre_cod_asig5,pre_cod_asig6,pre_cod_asig7 FROM tblaca009 WHERE pensum='5' AND c_uni_ca='2' AND c_asigna='322558' [1][0] OK
C:[08/11/2012 21:29:34.32][200.90.98.31][1232] SELECT c_asigna FROM dace004 WHERE exp_e='10-24194131' AND c_asigna='300428' AND status IN ('0','3','B') [1][0] OK
C:[08/11/2012 21:29:34.32][200.90.98.31][1232] SELECT c_asigna FROM dace004 WHERE exp_e='10-24194131' AND c_asigna='320323' AND status IN ('0','3','B') [1][0] OK
C:[08/11/2012 21:29:34.32][200.90.98.31][1219] SELECT pre_cod_asig1,pre_cod_asig2,pre_cod_asig3,pre_cod_asig4,pre_cod_asig5,pre_cod_asig6,pre_cod_asig7 FROM tblaca009 WHERE pensum='5' AND c_uni_ca='2' AND c_asigna='323528' [1][0] OK
C:[08/11/2012 21:29:34.69][200.90.98.31][1263] SELECT par_cod_asig1,par_cod_asig2,par_cod_asig3 FROM tblaca009 WHERE pensum='5' AND c_uni_ca='2' AND c_asigna='300318' [1][0] OK
C:[08/11/2012 21:29:34.69][200.90.98.31][1263] SELECT par_cod_asig1,par_cod_asig2,par_cod_asig3 FROM tblaca009 WHERE pensum='5' AND c_uni_ca='2' AND c_asigna='322433' [1][0] OK
C:[08/11/2012 21:29:34.69][200.90.98.31][1263] SELECT par_cod_asig1,par_cod_asig2,par_cod_asig3 FROM tblaca009 WHERE pensum='5' AND c_uni_ca='2' AND c_asigna='322558' [1][0] OK
C:[08/11/2012 21:29:34.69][200.90.98.31][1263] SELECT par_cod_asig1,par_cod_asig2,par_cod_asig3 FROM tblaca009 WHERE pensum='5' AND c_uni_ca='2' AND c_asigna='323528' [1][0] OK
C:[08/11/2012 21:29:34.19][200.90.98.31][1334] SELECT c_asigna FROM tblaca009 WHERE pensum='5' AND c_uni_ca='2' AND ((par_cod_asig1='300422') OR (par_cod_asig2='300422') OR (par_cod_asig3='300422'))  [0][0] OK
C:[08/11/2012 21:42:35.74][190.37.199.169][1219] SELECT pre_cod_asig1,pre_cod_asig2,pre_cod_asig3,pre_cod_asig4,pre_cod_asig5,pre_cod_asig6,pre_cod_asig7 FROM tblaca009 WHERE pensum='5' AND c_uni_ca='2' AND c_asigna='300422' [1][0] OK
C:[08/11/2012 21:42:35.74][190.37.199.169][1232] SELECT c_asigna FROM dace004 WHERE exp_e='06-18288918' AND c_asigna='300105' AND status IN ('0','3','B') [1][0] OK
C:[08/11/2012 21:42:35.74][190.37.199.169][1232] SELECT c_asigna FROM dace004 WHERE exp_e='06-18288918' AND c_asigna='300314' AND status IN ('0','3','B') [1][0] OK
C:[08/11/2012 21:42:35.74][190.37.199.169][1219] SELECT pre_cod_asig1,pre_cod_asig2,pre_cod_asig3,pre_cod_asig4,pre_cod_asig5,pre_cod_asig6,pre_cod_asig7 FROM tblaca009 WHERE pensum='5' AND c_uni_ca='2' AND c_asigna='322550' [1][0] OK
C:[08/11/2012 21:42:35.74][190.37.199.169][1232] SELECT c_asigna FROM dace004 WHERE exp_e='06-18288918' AND c_asigna='322433' AND status IN ('0','3','B') [1][0] OK
C:[08/11/2012 21:42:35.74][190.37.199.169][1219] SELECT pre_cod_asig1,pre_cod_asig2,pre_cod_asig3,pre_cod_asig4,pre_cod_asig5,pre_cod_asig6,pre_cod_asig7 FROM tblaca009 WHERE pensum='5' AND c_uni_ca='2' AND c_asigna='322559' [1][0] OK
C:[08/11/2012 21:42:35.74][190.37.199.169][1232] SELECT c_asigna FROM dace004 WHERE exp_e='06-18288918' AND c_asigna='300428' AND status IN ('0','3','B') [1][0] OK
C:[08/11/2012 21:42:35.74][190.37.199.169][1232] SELECT c_asigna FROM dace004 WHERE exp_e='06-18288918' AND c_asigna='322436' AND status IN ('0','3','B') [1][0] OK
C:[08/11/2012 21:42:35.74][190.37.199.169][1219] SELECT pre_cod_asig1,pre_cod_asig2,pre_cod_asig3,pre_cod_asig4,pre_cod_asig5,pre_cod_asig6,pre_cod_asig7 FROM tblaca009 WHERE pensum='5' AND c_uni_ca='2' AND c_asigna='322605' [1][0] OK
C:[08/11/2012 21:42:35.74][190.37.199.169][1232] SELECT c_asigna FROM dace004 WHERE exp_e='06-18288918' AND c_asigna='322436' AND status IN ('0','3','B') [1][0] OK
C:[08/11/2012 21:42:35.74][190.37.199.169][1219] SELECT pre_cod_asig1,pre_cod_asig2,pre_cod_asig3,pre_cod_asig4,pre_cod_asig5,pre_cod_asig6,pre_cod_asig7 FROM tblaca009 WHERE pensum='5' AND c_uni_ca='2' AND c_asigna='323528' [1][0] OK
C:[08/11/2012 21:42:35.12][190.37.199.169][1263] SELECT par_cod_asig1,par_cod_asig2,par_cod_asig3 FROM tblaca009 WHERE pensum='5' AND c_uni_ca='2' AND c_asigna='300422' [1][0] OK
C:[08/11/2012 21:42:35.12][190.37.199.169][1263] SELECT par_cod_asig1,par_cod_asig2,par_cod_asig3 FROM tblaca009 WHERE pensum='5' AND c_uni_ca='2' AND c_asigna='322550' [1][0] OK
C:[08/11/2012 21:42:35.12][190.37.199.169][1263] SELECT par_cod_asig1,par_cod_asig2,par_cod_asig3 FROM tblaca009 WHERE pensum='5' AND c_uni_ca='2' AND c_asigna='322559' [1][0] OK
C:[08/11/2012 21:42:35.12][190.37.199.169][1263] SELECT par_cod_asig1,par_cod_asig2,par_cod_asig3 FROM tblaca009 WHERE pensum='5' AND c_uni_ca='2' AND c_asigna='322605' [1][0] OK
C:[08/11/2012 21:42:35.12][190.37.199.169][1263] SELECT par_cod_asig1,par_cod_asig2,par_cod_asig3 FROM tblaca009 WHERE pensum='5' AND c_uni_ca='2' AND c_asigna='323528' [1][0] OK
C:[08/11/2012 22:02:23.04][190.198.132.68][1219] SELECT pre_cod_asig1,pre_cod_asig2,pre_cod_asig3,pre_cod_asig4,pre_cod_asig5,pre_cod_asig6,pre_cod_asig7 FROM tblaca009 WHERE pensum='5' AND c_uni_ca='6' AND c_asigna='311561' [1][0] OK
C:[08/11/2012 22:02:23.04][190.198.132.68][1232] SELECT c_asigna FROM dace004 WHERE exp_e='09-20505483' AND c_asigna='300318' AND status IN ('0','3','B') [1][0] OK
C:[08/11/2012 22:02:23.04][190.198.132.68][1219] SELECT pre_cod_asig1,pre_cod_asig2,pre_cod_asig3,pre_cod_asig4,pre_cod_asig5,pre_cod_asig6,pre_cod_asig7 FROM tblaca009 WHERE pensum='5' AND c_uni_ca='6' AND c_asigna='300422' [1][0] OK
C:[08/11/2012 22:02:23.04][190.198.132.68][1232] SELECT c_asigna FROM dace004 WHERE exp_e='09-20505483' AND c_asigna='300105' AND status IN ('0','3','B') [1][0] OK
C:[08/11/2012 22:02:23.04][190.198.132.68][1232] SELECT c_asigna FROM dace004 WHERE exp_e='09-20505483' AND c_asigna='300314' AND status IN ('0','3','B') [1][0] OK
C:[08/11/2012 22:02:23.04][190.198.132.68][1219] SELECT pre_cod_asig1,pre_cod_asig2,pre_cod_asig3,pre_cod_asig4,pre_cod_asig5,pre_cod_asig6,pre_cod_asig7 FROM tblaca009 WHERE pensum='5' AND c_uni_ca='6' AND c_asigna='342559' [1][0] OK
C:[08/11/2012 22:02:23.04][190.198.132.68][1232] SELECT c_asigna FROM dace004 WHERE exp_e='09-20505483' AND c_asigna='342436' AND status IN ('0','3','B') [1][0] OK
C:[08/11/2012 22:02:23.04][190.198.132.68][1219] SELECT pre_cod_asig1,pre_cod_asig2,pre_cod_asig3,pre_cod_asig4,pre_cod_asig5,pre_cod_asig6,pre_cod_asig7 FROM tblaca009 WHERE pensum='5' AND c_uni_ca='6' AND c_asigna='343568' [1][0] OK
C:[08/11/2012 22:02:23.04][190.198.132.68][1232] SELECT c_asigna FROM dace004 WHERE exp_e='09-20505483' AND c_asigna='340327' AND status IN ('0','3','B') [1][0] OK
C:[08/11/2012 22:02:23.04][190.198.132.68][1219] SELECT pre_cod_asig1,pre_cod_asig2,pre_cod_asig3,pre_cod_asig4,pre_cod_asig5,pre_cod_asig6,pre_cod_asig7 FROM tblaca009 WHERE pensum='5' AND c_uni_ca='6' AND c_asigna='344446' [1][0] OK
C:[08/11/2012 22:02:23.04][190.198.132.68][1232] SELECT c_asigna FROM dace004 WHERE exp_e='09-20505483' AND c_asigna='300317' AND status IN ('0','3','B') [1][0] OK
C:[08/11/2012 22:02:23.04][190.198.132.68][1232] SELECT c_asigna FROM dace004 WHERE exp_e='09-20505483' AND c_asigna='300313' AND status IN ('0','3','B') [1][0] OK
C:[08/11/2012 22:02:23.04][190.198.132.68][1232] SELECT c_asigna FROM dace004 WHERE exp_e='09-20505483' AND c_asigna='300209' AND status IN ('0','3','B') [1][0] OK
C:[08/11/2012 22:02:23.04][190.198.132.68][1232] SELECT c_asigna FROM dace004 WHERE exp_e='09-20505483' AND c_asigna='300222' AND status IN ('0','3','B') [1][0] OK
C:[08/11/2012 22:02:23.04][190.198.132.68][1232] SELECT c_asigna FROM dace004 WHERE exp_e='09-20505483' AND c_asigna='300226' AND status IN ('0','3','B') [1][0] OK
C:[08/11/2012 22:02:23.04][190.198.132.68][1219] SELECT pre_cod_asig1,pre_cod_asig2,pre_cod_asig3,pre_cod_asig4,pre_cod_asig5,pre_cod_asig6,pre_cod_asig7 FROM tblaca009 WHERE pensum='5' AND c_uni_ca='6' AND c_asigna='344565' [1][0] OK
C:[08/11/2012 22:02:23.04][190.198.132.68][1232] SELECT c_asigna FROM dace004 WHERE exp_e='09-20505483' AND c_asigna='344445' AND status IN ('0','3','B') [1][0] OK
C:[08/11/2012 22:02:23.15][190.198.132.68][1263] SELECT par_cod_asig1,par_cod_asig2,par_cod_asig3 FROM tblaca009 WHERE pensum='5' AND c_uni_ca='6' AND c_asigna='311561' [1][0] OK
C:[08/11/2012 22:02:23.15][190.198.132.68][1263] SELECT par_cod_asig1,par_cod_asig2,par_cod_asig3 FROM tblaca009 WHERE pensum='5' AND c_uni_ca='6' AND c_asigna='300422' [1][0] OK
C:[08/11/2012 22:02:23.15][190.198.132.68][1263] SELECT par_cod_asig1,par_cod_asig2,par_cod_asig3 FROM tblaca009 WHERE pensum='5' AND c_uni_ca='6' AND c_asigna='342559' [1][0] OK
C:[08/11/2012 22:02:23.15][190.198.132.68][1263] SELECT par_cod_asig1,par_cod_asig2,par_cod_asig3 FROM tblaca009 WHERE pensum='5' AND c_uni_ca='6' AND c_asigna='343568' [1][0] OK
C:[08/11/2012 22:02:23.15][190.198.132.68][1263] SELECT par_cod_asig1,par_cod_asig2,par_cod_asig3 FROM tblaca009 WHERE pensum='5' AND c_uni_ca='6' AND c_asigna='344446' [1][0] OK
C:[08/11/2012 22:02:23.15][190.198.132.68][1263] SELECT par_cod_asig1,par_cod_asig2,par_cod_asig3 FROM tblaca009 WHERE pensum='5' AND c_uni_ca='6' AND c_asigna='344565' [1][0] OK
C:[08/11/2012 22:56:29.41][200.109.196.197][1219] SELECT pre_cod_asig1,pre_cod_asig2,pre_cod_asig3,pre_cod_asig4,pre_cod_asig5,pre_cod_asig6,pre_cod_asig7 FROM tblaca009 WHERE pensum='5' AND c_uni_ca='6' AND c_asigna='300213' [1][0] OK
C:[08/11/2012 22:56:29.41][200.109.196.197][1232] SELECT c_asigna FROM dace004 WHERE exp_e='07-20223102' AND c_asigna='300101' AND status IN ('0','3','B') [1][0] OK
C:[08/11/2012 22:56:29.66][200.109.196.197][1263] SELECT par_cod_asig1,par_cod_asig2,par_cod_asig3 FROM tblaca009 WHERE pensum='5' AND c_uni_ca='6' AND c_asigna='300213' [1][0] OK
C:[08/11/2012 22:56:29.66][200.109.196.197][1277] SELECT c_asigna FROM dace004 WHERE exp_e='07-20223102' AND c_asigna='300209' AND status IN ('0','3','B','C') [1][0] OK
C:[08/11/2012 22:56:29.91][200.109.196.197][1334] SELECT c_asigna FROM tblaca009 WHERE pensum='5' AND c_uni_ca='6' AND ((par_cod_asig1='300218') OR (par_cod_asig2='300218') OR (par_cod_asig3='300218'))  [0][0] OK
C:[09/11/2012 09:14:03.12][190.37.209.247][1219] SELECT pre_cod_asig1,pre_cod_asig2,pre_cod_asig3,pre_cod_asig4,pre_cod_asig5,pre_cod_asig6,pre_cod_asig7 FROM tblaca009 WHERE pensum='5' AND c_uni_ca='3' AND c_asigna='311554' [1][0] OK
C:[09/11/2012 09:14:03.12][190.37.209.247][1232] SELECT c_asigna FROM dace004 WHERE exp_e='07-19301905' AND c_asigna='300318' AND status IN ('0','3','B') [1][0] OK
C:[09/11/2012 09:14:03.12][190.37.209.247][1232] SELECT c_asigna FROM dace004 WHERE exp_e='07-19301905' AND c_asigna='300428' AND status IN ('0','3','B') [1][0] OK
C:[09/11/2012 09:14:03.12][190.37.209.247][1219] SELECT pre_cod_asig1,pre_cod_asig2,pre_cod_asig3,pre_cod_asig4,pre_cod_asig5,pre_cod_asig6,pre_cod_asig7 FROM tblaca009 WHERE pensum='5' AND c_uni_ca='3' AND c_asigna='300676' [1][0] OK
C:[09/11/2012 09:14:03.12][190.37.209.247][1219] SELECT pre_cod_asig1,pre_cod_asig2,pre_cod_asig3,pre_cod_asig4,pre_cod_asig5,pre_cod_asig6,pre_cod_asig7 FROM tblaca009 WHERE pensum='5' AND c_uni_ca='3' AND c_asigna='310548' [1][0] OK
C:[09/11/2012 09:14:03.12][190.37.209.247][1232] SELECT c_asigna FROM dace004 WHERE exp_e='07-19301905' AND c_asigna='300428' AND status IN ('0','3','B') [1][0] OK
C:[09/11/2012 09:14:03.12][190.37.209.247][1232] SELECT c_asigna FROM dace004 WHERE exp_e='07-19301905' AND c_asigna='300313' AND status IN ('0','3','B') [1][0] OK
C:[09/11/2012 09:14:03.12][190.37.209.247][1232] SELECT c_asigna FROM dace004 WHERE exp_e='07-19301905' AND c_asigna='300222' AND status IN ('0','3','B') [1][0] OK
C:[09/11/2012 09:14:03.12][190.37.209.247][1232] SELECT c_asigna FROM dace004 WHERE exp_e='07-19301905' AND c_asigna='300226' AND status IN ('0','3','B') [1][0] OK
C:[09/11/2012 09:14:03.12][190.37.209.247][1232] SELECT c_asigna FROM dace004 WHERE exp_e='07-19301905' AND c_asigna='300209' AND status IN ('0','3','B') [1][0] OK
C:[09/11/2012 09:14:03.12][190.37.209.247][1219] SELECT pre_cod_asig1,pre_cod_asig2,pre_cod_asig3,pre_cod_asig4,pre_cod_asig5,pre_cod_asig6,pre_cod_asig7 FROM tblaca009 WHERE pensum='5' AND c_uni_ca='3' AND c_asigna='311556' [1][0] OK
C:[09/11/2012 09:14:03.12][190.37.209.247][1232] SELECT c_asigna FROM dace004 WHERE exp_e='07-19301905' AND c_asigna='311434' AND status IN ('0','3','B') [1][0] OK
C:[09/11/2012 09:14:03.12][190.37.209.247][1232] SELECT c_asigna FROM dace004 WHERE exp_e='07-19301905' AND c_asigna='300222' AND status IN ('0','3','B') [1][0] OK
C:[09/11/2012 09:14:03.12][190.37.209.247][1232] SELECT c_asigna FROM dace004 WHERE exp_e='07-19301905' AND c_asigna='300226' AND status IN ('0','3','B') [1][0] OK
C:[09/11/2012 09:14:03.12][190.37.209.247][1232] SELECT c_asigna FROM dace004 WHERE exp_e='07-19301905' AND c_asigna='300209' AND status IN ('0','3','B') [1][0] OK
C:[09/11/2012 09:14:03.12][190.37.209.247][1219] SELECT pre_cod_asig1,pre_cod_asig2,pre_cod_asig3,pre_cod_asig4,pre_cod_asig5,pre_cod_asig6,pre_cod_asig7 FROM tblaca009 WHERE pensum='5' AND c_uni_ca='3' AND c_asigna='314787' [1][0] OK
C:[09/11/2012 09:14:03.12][190.37.209.247][1232] SELECT c_asigna FROM dace004 WHERE exp_e='07-19301905' AND c_asigna='314662' AND status IN ('0','3','B') [1][0] OK
C:[09/11/2012 09:14:03.12][190.37.209.247][1219] SELECT pre_cod_asig1,pre_cod_asig2,pre_cod_asig3,pre_cod_asig4,pre_cod_asig5,pre_cod_asig6,pre_cod_asig7 FROM tblaca009 WHERE pensum='5' AND c_uni_ca='3' AND c_asigna='315671' [1][0] OK
C:[09/11/2012 09:14:03.12][190.37.209.247][1232] SELECT c_asigna FROM dace004 WHERE exp_e='07-19301905' AND c_asigna='315552' AND status IN ('0','3','B') [1][0] OK
C:[09/11/2012 09:14:04.48][190.37.209.247][1263] SELECT par_cod_asig1,par_cod_asig2,par_cod_asig3 FROM tblaca009 WHERE pensum='5' AND c_uni_ca='3' AND c_asigna='311554' [1][0] OK
C:[09/11/2012 09:14:04.48][190.37.209.247][1263] SELECT par_cod_asig1,par_cod_asig2,par_cod_asig3 FROM tblaca009 WHERE pensum='5' AND c_uni_ca='3' AND c_asigna='300676' [1][0] OK
C:[09/11/2012 09:14:04.48][190.37.209.247][1263] SELECT par_cod_asig1,par_cod_asig2,par_cod_asig3 FROM tblaca009 WHERE pensum='5' AND c_uni_ca='3' AND c_asigna='310548' [1][0] OK
C:[09/11/2012 09:14:04.48][190.37.209.247][1263] SELECT par_cod_asig1,par_cod_asig2,par_cod_asig3 FROM tblaca009 WHERE pensum='5' AND c_uni_ca='3' AND c_asigna='311556' [1][0] OK
C:[09/11/2012 09:14:04.48][190.37.209.247][1277] SELECT c_asigna FROM dace004 WHERE exp_e='07-19301905' AND c_asigna='311551' AND status IN ('0','3','B','C') [1][0] OK
C:[09/11/2012 09:14:04.48][190.37.209.247][1263] SELECT par_cod_asig1,par_cod_asig2,par_cod_asig3 FROM tblaca009 WHERE pensum='5' AND c_uni_ca='3' AND c_asigna='314787' [1][0] OK
C:[09/11/2012 09:14:04.48][190.37.209.247][1263] SELECT par_cod_asig1,par_cod_asig2,par_cod_asig3 FROM tblaca009 WHERE pensum='5' AND c_uni_ca='3' AND c_asigna='315671' [1][0] OK
C:[09/11/2012 09:15:06.51][190.37.209.247][1219] SELECT pre_cod_asig1,pre_cod_asig2,pre_cod_asig3,pre_cod_asig4,pre_cod_asig5,pre_cod_asig6,pre_cod_asig7 FROM tblaca009 WHERE pensum='5' AND c_uni_ca='3' AND c_asigna='311554' [1][0] OK
C:[09/11/2012 09:15:06.51][190.37.209.247][1232] SELECT c_asigna FROM dace004 WHERE exp_e='09-18476070' AND c_asigna='300318' AND status IN ('0','3','B') [1][0] OK
C:[09/11/2012 09:15:06.51][190.37.209.247][1232] SELECT c_asigna FROM dace004 WHERE exp_e='09-18476070' AND c_asigna='300428' AND status IN ('0','3','B') [1][0] OK
C:[09/11/2012 09:15:06.51][190.37.209.247][1219] SELECT pre_cod_asig1,pre_cod_asig2,pre_cod_asig3,pre_cod_asig4,pre_cod_asig5,pre_cod_asig6,pre_cod_asig7 FROM tblaca009 WHERE pensum='5' AND c_uni_ca='3' AND c_asigna='300676' [1][0] OK
C:[09/11/2012 09:15:06.51][190.37.209.247][1219] SELECT pre_cod_asig1,pre_cod_asig2,pre_cod_asig3,pre_cod_asig4,pre_cod_asig5,pre_cod_asig6,pre_cod_asig7 FROM tblaca009 WHERE pensum='5' AND c_uni_ca='3' AND c_asigna='310548' [1][0] OK
C:[09/11/2012 09:15:06.51][190.37.209.247][1232] SELECT c_asigna FROM dace004 WHERE exp_e='09-18476070' AND c_asigna='300428' AND status IN ('0','3','B') [1][0] OK
C:[09/11/2012 09:15:06.51][190.37.209.247][1232] SELECT c_asigna FROM dace004 WHERE exp_e='09-18476070' AND c_asigna='300313' AND status IN ('0','3','B') [1][0] OK
C:[09/11/2012 09:15:06.51][190.37.209.247][1232] SELECT c_asigna FROM dace004 WHERE exp_e='09-18476070' AND c_asigna='300222' AND status IN ('0','3','B') [1][0] OK
C:[09/11/2012 09:15:06.51][190.37.209.247][1232] SELECT c_asigna FROM dace004 WHERE exp_e='09-18476070' AND c_asigna='300226' AND status IN ('0','3','B') [1][0] OK
C:[09/11/2012 09:15:06.51][190.37.209.247][1232] SELECT c_asigna FROM dace004 WHERE exp_e='09-18476070' AND c_asigna='300209' AND status IN ('0','3','B') [1][0] OK
C:[09/11/2012 09:15:06.51][190.37.209.247][1219] SELECT pre_cod_asig1,pre_cod_asig2,pre_cod_asig3,pre_cod_asig4,pre_cod_asig5,pre_cod_asig6,pre_cod_asig7 FROM tblaca009 WHERE pensum='5' AND c_uni_ca='3' AND c_asigna='311551' [1][0] OK
C:[09/11/2012 09:15:06.51][190.37.209.247][1232] SELECT c_asigna FROM dace004 WHERE exp_e='09-18476070' AND c_asigna='311430' AND status IN ('0','3','B') [1][0] OK
C:[09/11/2012 09:15:06.51][190.37.209.247][1232] SELECT c_asigna FROM dace004 WHERE exp_e='09-18476070' AND c_asigna='311431' AND status IN ('0','3','B') [1][0] OK
C:[09/11/2012 09:15:06.51][190.37.209.247][1232] SELECT c_asigna FROM dace004 WHERE exp_e='09-18476070' AND c_asigna='300222' AND status IN ('0','3','B') [1][0] OK
C:[09/11/2012 09:15:06.51][190.37.209.247][1232] SELECT c_asigna FROM dace004 WHERE exp_e='09-18476070' AND c_asigna='300226' AND status IN ('0','3','B') [1][0] OK
C:[09/11/2012 09:15:06.51][190.37.209.247][1232] SELECT c_asigna FROM dace004 WHERE exp_e='09-18476070' AND c_asigna='300209' AND status IN ('0','3','B') [1][0] OK
C:[09/11/2012 09:15:06.51][190.37.209.247][1232] SELECT c_asigna FROM dace004 WHERE exp_e='09-18476070' AND c_asigna='311320' AND status IN ('0','3','B') [1][0] OK
C:[09/11/2012 09:15:06.51][190.37.209.247][1219] SELECT pre_cod_asig1,pre_cod_asig2,pre_cod_asig3,pre_cod_asig4,pre_cod_asig5,pre_cod_asig6,pre_cod_asig7 FROM tblaca009 WHERE pensum='5' AND c_uni_ca='3' AND c_asigna='311556' [1][0] OK
C:[09/11/2012 09:15:06.51][190.37.209.247][1232] SELECT c_asigna FROM dace004 WHERE exp_e='09-18476070' AND c_asigna='311434' AND status IN ('0','3','B') [1][0] OK
C:[09/11/2012 09:15:06.51][190.37.209.247][1232] SELECT c_asigna FROM dace004 WHERE exp_e='09-18476070' AND c_asigna='300222' AND status IN ('0','3','B') [1][0] OK
C:[09/11/2012 09:15:06.51][190.37.209.247][1232] SELECT c_asigna FROM dace004 WHERE exp_e='09-18476070' AND c_asigna='300226' AND status IN ('0','3','B') [1][0] OK
C:[09/11/2012 09:15:06.51][190.37.209.247][1232] SELECT c_asigna FROM dace004 WHERE exp_e='09-18476070' AND c_asigna='300209' AND status IN ('0','3','B') [1][0] OK
C:[09/11/2012 09:15:06.51][190.37.209.247][1219] SELECT pre_cod_asig1,pre_cod_asig2,pre_cod_asig3,pre_cod_asig4,pre_cod_asig5,pre_cod_asig6,pre_cod_asig7 FROM tblaca009 WHERE pensum='5' AND c_uni_ca='3' AND c_asigna='314787' [1][0] OK
C:[09/11/2012 09:15:06.51][190.37.209.247][1232] SELECT c_asigna FROM dace004 WHERE exp_e='09-18476070' AND c_asigna='314662' AND status IN ('0','3','B') [1][0] OK
C:[09/11/2012 09:15:06.51][190.37.209.247][1219] SELECT pre_cod_asig1,pre_cod_asig2,pre_cod_asig3,pre_cod_asig4,pre_cod_asig5,pre_cod_asig6,pre_cod_asig7 FROM tblaca009 WHERE pensum='5' AND c_uni_ca='3' AND c_asigna='315552' [1][0] OK
C:[09/11/2012 09:15:06.51][190.37.209.247][1232] SELECT c_asigna FROM dace004 WHERE exp_e='09-18476070' AND c_asigna='311430' AND status IN ('0','3','B') [1][0] OK
C:[09/11/2012 09:15:06.51][190.37.209.247][1232] SELECT c_asigna FROM dace004 WHERE exp_e='09-18476070' AND c_asigna='300222' AND status IN ('0','3','B') [1][0] OK
C:[09/11/2012 09:15:06.51][190.37.209.247][1232] SELECT c_asigna FROM dace004 WHERE exp_e='09-18476070' AND c_asigna='300226' AND status IN ('0','3','B') [1][0] OK
C:[09/11/2012 09:15:06.51][190.37.209.247][1232] SELECT c_asigna FROM dace004 WHERE exp_e='09-18476070' AND c_asigna='300209' AND status IN ('0','3','B') [1][0] OK
C:[09/11/2012 09:15:07.13][190.37.209.247][1263] SELECT par_cod_asig1,par_cod_asig2,par_cod_asig3 FROM tblaca009 WHERE pensum='5' AND c_uni_ca='3' AND c_asigna='311554' [1][0] OK
C:[09/11/2012 09:15:07.13][190.37.209.247][1263] SELECT par_cod_asig1,par_cod_asig2,par_cod_asig3 FROM tblaca009 WHERE pensum='5' AND c_uni_ca='3' AND c_asigna='300676' [1][0] OK
C:[09/11/2012 09:15:07.13][190.37.209.247][1263] SELECT par_cod_asig1,par_cod_asig2,par_cod_asig3 FROM tblaca009 WHERE pensum='5' AND c_uni_ca='3' AND c_asigna='310548' [1][0] OK
C:[09/11/2012 09:15:07.13][190.37.209.247][1263] SELECT par_cod_asig1,par_cod_asig2,par_cod_asig3 FROM tblaca009 WHERE pensum='5' AND c_uni_ca='3' AND c_asigna='311551' [1][0] OK
C:[09/11/2012 09:15:07.13][190.37.209.247][1263] SELECT par_cod_asig1,par_cod_asig2,par_cod_asig3 FROM tblaca009 WHERE pensum='5' AND c_uni_ca='3' AND c_asigna='311556' [1][0] OK
C:[09/11/2012 09:15:07.13][190.37.209.247][1277] SELECT c_asigna FROM dace004 WHERE exp_e='09-18476070' AND c_asigna='311551' AND status IN ('0','3','B','C') [0][0] OK
C:[09/11/2012 09:15:07.13][190.37.209.247][1263] SELECT par_cod_asig1,par_cod_asig2,par_cod_asig3 FROM tblaca009 WHERE pensum='5' AND c_uni_ca='3' AND c_asigna='314787' [1][0] OK
C:[09/11/2012 09:15:07.13][190.37.209.247][1263] SELECT par_cod_asig1,par_cod_asig2,par_cod_asig3 FROM tblaca009 WHERE pensum='5' AND c_uni_ca='3' AND c_asigna='315552' [1][0] OK
C:[09/11/2012 09:15:56.60][190.37.209.247][1219] SELECT pre_cod_asig1,pre_cod_asig2,pre_cod_asig3,pre_cod_asig4,pre_cod_asig5,pre_cod_asig6,pre_cod_asig7 FROM tblaca009 WHERE pensum='5' AND c_uni_ca='3' AND c_asigna='311554' [1][0] OK
C:[09/11/2012 09:15:56.60][190.37.209.247][1232] SELECT c_asigna FROM dace004 WHERE exp_e='10-16164144' AND c_asigna='300318' AND status IN ('0','3','B') [1][0] OK
C:[09/11/2012 09:15:56.60][190.37.209.247][1232] SELECT c_asigna FROM dace004 WHERE exp_e='10-16164144' AND c_asigna='300428' AND status IN ('0','3','B') [1][0] OK
C:[09/11/2012 09:15:56.60][190.37.209.247][1219] SELECT pre_cod_asig1,pre_cod_asig2,pre_cod_asig3,pre_cod_asig4,pre_cod_asig5,pre_cod_asig6,pre_cod_asig7 FROM tblaca009 WHERE pensum='5' AND c_uni_ca='3' AND c_asigna='300422' [1][0] OK
C:[09/11/2012 09:15:56.60][190.37.209.247][1232] SELECT c_asigna FROM dace004 WHERE exp_e='10-16164144' AND c_asigna='300105' AND status IN ('0','3','B') [1][0] OK
C:[09/11/2012 09:15:56.60][190.37.209.247][1232] SELECT c_asigna FROM dace004 WHERE exp_e='10-16164144' AND c_asigna='300314' AND status IN ('0','3','B') [1][0] OK
C:[09/11/2012 09:15:56.60][190.37.209.247][1219] SELECT pre_cod_asig1,pre_cod_asig2,pre_cod_asig3,pre_cod_asig4,pre_cod_asig5,pre_cod_asig6,pre_cod_asig7 FROM tblaca009 WHERE pensum='5' AND c_uni_ca='3' AND c_asigna='310548' [1][0] OK
C:[09/11/2012 09:15:56.60][190.37.209.247][1232] SELECT c_asigna FROM dace004 WHERE exp_e='10-16164144' AND c_asigna='300428' AND status IN ('0','3','B') [1][0] OK
C:[09/11/2012 09:15:56.60][190.37.209.247][1232] SELECT c_asigna FROM dace004 WHERE exp_e='10-16164144' AND c_asigna='300313' AND status IN ('0','3','B') [1][0] OK
C:[09/11/2012 09:15:56.60][190.37.209.247][1232] SELECT c_asigna FROM dace004 WHERE exp_e='10-16164144' AND c_asigna='300222' AND status IN ('0','3','B') [1][0] OK
C:[09/11/2012 09:15:56.60][190.37.209.247][1232] SELECT c_asigna FROM dace004 WHERE exp_e='10-16164144' AND c_asigna='300226' AND status IN ('0','3','B') [1][0] OK
C:[09/11/2012 09:15:56.60][190.37.209.247][1232] SELECT c_asigna FROM dace004 WHERE exp_e='10-16164144' AND c_asigna='300209' AND status IN ('0','3','B') [1][0] OK
C:[09/11/2012 09:15:56.60][190.37.209.247][1219] SELECT pre_cod_asig1,pre_cod_asig2,pre_cod_asig3,pre_cod_asig4,pre_cod_asig5,pre_cod_asig6,pre_cod_asig7 FROM tblaca009 WHERE pensum='5' AND c_uni_ca='3' AND c_asigna='311551' [1][0] OK
C:[09/11/2012 09:15:56.60][190.37.209.247][1232] SELECT c_asigna FROM dace004 WHERE exp_e='10-16164144' AND c_asigna='311430' AND status IN ('0','3','B') [1][0] OK
C:[09/11/2012 09:15:56.60][190.37.209.247][1232] SELECT c_asigna FROM dace004 WHERE exp_e='10-16164144' AND c_asigna='311431' AND status IN ('0','3','B') [1][0] OK
C:[09/11/2012 09:15:56.60][190.37.209.247][1232] SELECT c_asigna FROM dace004 WHERE exp_e='10-16164144' AND c_asigna='300222' AND status IN ('0','3','B') [1][0] OK
C:[09/11/2012 09:15:56.60][190.37.209.247][1232] SELECT c_asigna FROM dace004 WHERE exp_e='10-16164144' AND c_asigna='300226' AND status IN ('0','3','B') [1][0] OK
C:[09/11/2012 09:15:56.60][190.37.209.247][1232] SELECT c_asigna FROM dace004 WHERE exp_e='10-16164144' AND c_asigna='300209' AND status IN ('0','3','B') [1][0] OK
C:[09/11/2012 09:15:56.60][190.37.209.247][1232] SELECT c_asigna FROM dace004 WHERE exp_e='10-16164144' AND c_asigna='311320' AND status IN ('0','3','B') [1][0] OK
C:[09/11/2012 09:15:56.60][190.37.209.247][1219] SELECT pre_cod_asig1,pre_cod_asig2,pre_cod_asig3,pre_cod_asig4,pre_cod_asig5,pre_cod_asig6,pre_cod_asig7 FROM tblaca009 WHERE pensum='5' AND c_uni_ca='3' AND c_asigna='311552' [1][0] OK
C:[09/11/2012 09:15:56.60][190.37.209.247][1232] SELECT c_asigna FROM dace004 WHERE exp_e='10-16164144' AND c_asigna='300317' AND status IN ('0','3','B') [1][0] OK
C:[09/11/2012 09:15:56.60][190.37.209.247][1232] SELECT c_asigna FROM dace004 WHERE exp_e='10-16164144' AND c_asigna='300209' AND status IN ('0','3','B') [1][0] OK
C:[09/11/2012 09:15:56.60][190.37.209.247][1219] SELECT pre_cod_asig1,pre_cod_asig2,pre_cod_asig3,pre_cod_asig4,pre_cod_asig5,pre_cod_asig6,pre_cod_asig7 FROM tblaca009 WHERE pensum='5' AND c_uni_ca='3' AND c_asigna='311556' [1][0] OK
C:[09/11/2012 09:15:56.60][190.37.209.247][1232] SELECT c_asigna FROM dace004 WHERE exp_e='10-16164144' AND c_asigna='311434' AND status IN ('0','3','B') [1][0] OK
C:[09/11/2012 09:15:56.60][190.37.209.247][1232] SELECT c_asigna FROM dace004 WHERE exp_e='10-16164144' AND c_asigna='300222' AND status IN ('0','3','B') [1][0] OK
C:[09/11/2012 09:15:56.60][190.37.209.247][1232] SELECT c_asigna FROM dace004 WHERE exp_e='10-16164144' AND c_asigna='300226' AND status IN ('0','3','B') [1][0] OK
C:[09/11/2012 09:15:56.60][190.37.209.247][1232] SELECT c_asigna FROM dace004 WHERE exp_e='10-16164144' AND c_asigna='300209' AND status IN ('0','3','B') [1][0] OK
C:[09/11/2012 09:15:56.60][190.37.209.247][1219] SELECT pre_cod_asig1,pre_cod_asig2,pre_cod_asig3,pre_cod_asig4,pre_cod_asig5,pre_cod_asig6,pre_cod_asig7 FROM tblaca009 WHERE pensum='5' AND c_uni_ca='3' AND c_asigna='315552' [1][0] OK
C:[09/11/2012 09:15:56.60][190.37.209.247][1232] SELECT c_asigna FROM dace004 WHERE exp_e='10-16164144' AND c_asigna='311430' AND status IN ('0','3','B') [1][0] OK
C:[09/11/2012 09:15:56.60][190.37.209.247][1232] SELECT c_asigna FROM dace004 WHERE exp_e='10-16164144' AND c_asigna='300222' AND status IN ('0','3','B') [1][0] OK
C:[09/11/2012 09:15:56.60][190.37.209.247][1232] SELECT c_asigna FROM dace004 WHERE exp_e='10-16164144' AND c_asigna='300226' AND status IN ('0','3','B') [1][0] OK
C:[09/11/2012 09:15:56.60][190.37.209.247][1232] SELECT c_asigna FROM dace004 WHERE exp_e='10-16164144' AND c_asigna='300209' AND status IN ('0','3','B') [1][0] OK
C:[09/11/2012 09:15:57.60][190.37.209.247][1263] SELECT par_cod_asig1,par_cod_asig2,par_cod_asig3 FROM tblaca009 WHERE pensum='5' AND c_uni_ca='3' AND c_asigna='311554' [1][0] OK
C:[09/11/2012 09:15:57.60][190.37.209.247][1263] SELECT par_cod_asig1,par_cod_asig2,par_cod_asig3 FROM tblaca009 WHERE pensum='5' AND c_uni_ca='3' AND c_asigna='300422' [1][0] OK
C:[09/11/2012 09:15:57.60][190.37.209.247][1263] SELECT par_cod_asig1,par_cod_asig2,par_cod_asig3 FROM tblaca009 WHERE pensum='5' AND c_uni_ca='3' AND c_asigna='310548' [1][0] OK
C:[09/11/2012 09:15:57.60][190.37.209.247][1263] SELECT par_cod_asig1,par_cod_asig2,par_cod_asig3 FROM tblaca009 WHERE pensum='5' AND c_uni_ca='3' AND c_asigna='311551' [1][0] OK
C:[09/11/2012 09:15:57.60][190.37.209.247][1263] SELECT par_cod_asig1,par_cod_asig2,par_cod_asig3 FROM tblaca009 WHERE pensum='5' AND c_uni_ca='3' AND c_asigna='311552' [1][0] OK
C:[09/11/2012 09:15:57.60][190.37.209.247][1263] SELECT par_cod_asig1,par_cod_asig2,par_cod_asig3 FROM tblaca009 WHERE pensum='5' AND c_uni_ca='3' AND c_asigna='311556' [1][0] OK
C:[09/11/2012 09:15:57.60][190.37.209.247][1277] SELECT c_asigna FROM dace004 WHERE exp_e='10-16164144' AND c_asigna='311551' AND status IN ('0','3','B','C') [0][0] OK
C:[09/11/2012 09:15:57.60][190.37.209.247][1263] SELECT par_cod_asig1,par_cod_asig2,par_cod_asig3 FROM tblaca009 WHERE pensum='5' AND c_uni_ca='3' AND c_asigna='315552' [1][0] OK
C:[09/11/2012 09:16:51.87][190.37.209.247][1219] SELECT pre_cod_asig1,pre_cod_asig2,pre_cod_asig3,pre_cod_asig4,pre_cod_asig5,pre_cod_asig6,pre_cod_asig7 FROM tblaca009 WHERE pensum='5' AND c_uni_ca='3' AND c_asigna='311554' [1][0] OK
C:[09/11/2012 09:16:51.87][190.37.209.247][1232] SELECT c_asigna FROM dace004 WHERE exp_e='08-14459265' AND c_asigna='300318' AND status IN ('0','3','B') [1][0] OK
C:[09/11/2012 09:16:51.87][190.37.209.247][1232] SELECT c_asigna FROM dace004 WHERE exp_e='08-14459265' AND c_asigna='300428' AND status IN ('0','3','B') [1][0] OK
C:[09/11/2012 09:16:51.87][190.37.209.247][1219] SELECT pre_cod_asig1,pre_cod_asig2,pre_cod_asig3,pre_cod_asig4,pre_cod_asig5,pre_cod_asig6,pre_cod_asig7 FROM tblaca009 WHERE pensum='5' AND c_uni_ca='3' AND c_asigna='300422' [1][0] OK
C:[09/11/2012 09:16:51.87][190.37.209.247][1232] SELECT c_asigna FROM dace004 WHERE exp_e='08-14459265' AND c_asigna='300105' AND status IN ('0','3','B') [1][0] OK
C:[09/11/2012 09:16:51.87][190.37.209.247][1232] SELECT c_asigna FROM dace004 WHERE exp_e='08-14459265' AND c_asigna='300314' AND status IN ('0','3','B') [1][0] OK
C:[09/11/2012 09:16:51.87][190.37.209.247][1219] SELECT pre_cod_asig1,pre_cod_asig2,pre_cod_asig3,pre_cod_asig4,pre_cod_asig5,pre_cod_asig6,pre_cod_asig7 FROM tblaca009 WHERE pensum='5' AND c_uni_ca='3' AND c_asigna='310548' [1][0] OK
C:[09/11/2012 09:16:51.87][190.37.209.247][1232] SELECT c_asigna FROM dace004 WHERE exp_e='08-14459265' AND c_asigna='300428' AND status IN ('0','3','B') [1][0] OK
C:[09/11/2012 09:16:51.87][190.37.209.247][1232] SELECT c_asigna FROM dace004 WHERE exp_e='08-14459265' AND c_asigna='300313' AND status IN ('0','3','B') [1][0] OK
C:[09/11/2012 09:16:51.87][190.37.209.247][1232] SELECT c_asigna FROM dace004 WHERE exp_e='08-14459265' AND c_asigna='300222' AND status IN ('0','3','B') [1][0] OK
C:[09/11/2012 09:16:51.87][190.37.209.247][1232] SELECT c_asigna FROM dace004 WHERE exp_e='08-14459265' AND c_asigna='300226' AND status IN ('0','3','B') [1][0] OK
C:[09/11/2012 09:16:51.87][190.37.209.247][1232] SELECT c_asigna FROM dace004 WHERE exp_e='08-14459265' AND c_asigna='300209' AND status IN ('0','3','B') [1][0] OK
C:[09/11/2012 09:16:51.87][190.37.209.247][1219] SELECT pre_cod_asig1,pre_cod_asig2,pre_cod_asig3,pre_cod_asig4,pre_cod_asig5,pre_cod_asig6,pre_cod_asig7 FROM tblaca009 WHERE pensum='5' AND c_uni_ca='3' AND c_asigna='311552' [1][0] OK
C:[09/11/2012 09:16:51.87][190.37.209.247][1232] SELECT c_asigna FROM dace004 WHERE exp_e='08-14459265' AND c_asigna='300317' AND status IN ('0','3','B') [1][0] OK
C:[09/11/2012 09:16:51.87][190.37.209.247][1232] SELECT c_asigna FROM dace004 WHERE exp_e='08-14459265' AND c_asigna='300209' AND status IN ('0','3','B') [1][0] OK
C:[09/11/2012 09:16:51.87][190.37.209.247][1219] SELECT pre_cod_asig1,pre_cod_asig2,pre_cod_asig3,pre_cod_asig4,pre_cod_asig5,pre_cod_asig6,pre_cod_asig7 FROM tblaca009 WHERE pensum='5' AND c_uni_ca='3' AND c_asigna='311556' [1][0] OK
C:[09/11/2012 09:16:51.87][190.37.209.247][1232] SELECT c_asigna FROM dace004 WHERE exp_e='08-14459265' AND c_asigna='311434' AND status IN ('0','3','B') [1][0] OK
C:[09/11/2012 09:16:51.87][190.37.209.247][1232] SELECT c_asigna FROM dace004 WHERE exp_e='08-14459265' AND c_asigna='300222' AND status IN ('0','3','B') [1][0] OK
C:[09/11/2012 09:16:51.87][190.37.209.247][1232] SELECT c_asigna FROM dace004 WHERE exp_e='08-14459265' AND c_asigna='300226' AND status IN ('0','3','B') [1][0] OK
C:[09/11/2012 09:16:51.87][190.37.209.247][1232] SELECT c_asigna FROM dace004 WHERE exp_e='08-14459265' AND c_asigna='300209' AND status IN ('0','3','B') [1][0] OK
C:[09/11/2012 09:16:51.87][190.37.209.247][1219] SELECT pre_cod_asig1,pre_cod_asig2,pre_cod_asig3,pre_cod_asig4,pre_cod_asig5,pre_cod_asig6,pre_cod_asig7 FROM tblaca009 WHERE pensum='5' AND c_uni_ca='3' AND c_asigna='315552' [1][0] OK
C:[09/11/2012 09:16:51.87][190.37.209.247][1232] SELECT c_asigna FROM dace004 WHERE exp_e='08-14459265' AND c_asigna='311430' AND status IN ('0','3','B') [1][0] OK
C:[09/11/2012 09:16:51.87][190.37.209.247][1232] SELECT c_asigna FROM dace004 WHERE exp_e='08-14459265' AND c_asigna='300222' AND status IN ('0','3','B') [1][0] OK
C:[09/11/2012 09:16:51.87][190.37.209.247][1232] SELECT c_asigna FROM dace004 WHERE exp_e='08-14459265' AND c_asigna='300226' AND status IN ('0','3','B') [1][0] OK
C:[09/11/2012 09:16:51.87][190.37.209.247][1232] SELECT c_asigna FROM dace004 WHERE exp_e='08-14459265' AND c_asigna='300209' AND status IN ('0','3','B') [1][0] OK
C:[09/11/2012 09:16:51.00][190.37.209.247][1263] SELECT par_cod_asig1,par_cod_asig2,par_cod_asig3 FROM tblaca009 WHERE pensum='5' AND c_uni_ca='3' AND c_asigna='311554' [1][0] OK
C:[09/11/2012 09:16:51.00][190.37.209.247][1263] SELECT par_cod_asig1,par_cod_asig2,par_cod_asig3 FROM tblaca009 WHERE pensum='5' AND c_uni_ca='3' AND c_asigna='300422' [1][0] OK
C:[09/11/2012 09:16:51.00][190.37.209.247][1263] SELECT par_cod_asig1,par_cod_asig2,par_cod_asig3 FROM tblaca009 WHERE pensum='5' AND c_uni_ca='3' AND c_asigna='310548' [1][0] OK
C:[09/11/2012 09:16:51.00][190.37.209.247][1263] SELECT par_cod_asig1,par_cod_asig2,par_cod_asig3 FROM tblaca009 WHERE pensum='5' AND c_uni_ca='3' AND c_asigna='311552' [1][0] OK
C:[09/11/2012 09:16:51.00][190.37.209.247][1263] SELECT par_cod_asig1,par_cod_asig2,par_cod_asig3 FROM tblaca009 WHERE pensum='5' AND c_uni_ca='3' AND c_asigna='311556' [1][0] OK
C:[09/11/2012 09:16:51.00][190.37.209.247][1277] SELECT c_asigna FROM dace004 WHERE exp_e='08-14459265' AND c_asigna='311551' AND status IN ('0','3','B','C') [1][0] OK
C:[09/11/2012 09:16:51.00][190.37.209.247][1263] SELECT par_cod_asig1,par_cod_asig2,par_cod_asig3 FROM tblaca009 WHERE pensum='5' AND c_uni_ca='3' AND c_asigna='315552' [1][0] OK
C:[09/11/2012 09:17:43.29][190.37.209.247][1219] SELECT pre_cod_asig1,pre_cod_asig2,pre_cod_asig3,pre_cod_asig4,pre_cod_asig5,pre_cod_asig6,pre_cod_asig7 FROM tblaca009 WHERE pensum='5' AND c_uni_ca='3' AND c_asigna='311554' [1][0] OK
C:[09/11/2012 09:17:43.29][190.37.209.247][1232] SELECT c_asigna FROM dace004 WHERE exp_e='08-15617334' AND c_asigna='300318' AND status IN ('0','3','B') [1][0] OK
C:[09/11/2012 09:17:43.29][190.37.209.247][1232] SELECT c_asigna FROM dace004 WHERE exp_e='08-15617334' AND c_asigna='300428' AND status IN ('0','3','B') [1][0] OK
C:[09/11/2012 09:17:43.29][190.37.209.247][1219] SELECT pre_cod_asig1,pre_cod_asig2,pre_cod_asig3,pre_cod_asig4,pre_cod_asig5,pre_cod_asig6,pre_cod_asig7 FROM tblaca009 WHERE pensum='5' AND c_uni_ca='3' AND c_asigna='300422' [1][0] OK
C:[09/11/2012 09:17:43.29][190.37.209.247][1232] SELECT c_asigna FROM dace004 WHERE exp_e='08-15617334' AND c_asigna='300105' AND status IN ('0','3','B') [1][0] OK
C:[09/11/2012 09:17:43.29][190.37.209.247][1232] SELECT c_asigna FROM dace004 WHERE exp_e='08-15617334' AND c_asigna='300314' AND status IN ('0','3','B') [1][0] OK
C:[09/11/2012 09:17:43.29][190.37.209.247][1219] SELECT pre_cod_asig1,pre_cod_asig2,pre_cod_asig3,pre_cod_asig4,pre_cod_asig5,pre_cod_asig6,pre_cod_asig7 FROM tblaca009 WHERE pensum='5' AND c_uni_ca='3' AND c_asigna='310548' [1][0] OK
C:[09/11/2012 09:17:43.29][190.37.209.247][1232] SELECT c_asigna FROM dace004 WHERE exp_e='08-15617334' AND c_asigna='300428' AND status IN ('0','3','B') [1][0] OK
C:[09/11/2012 09:17:43.29][190.37.209.247][1232] SELECT c_asigna FROM dace004 WHERE exp_e='08-15617334' AND c_asigna='300313' AND status IN ('0','3','B') [1][0] OK
C:[09/11/2012 09:17:43.29][190.37.209.247][1232] SELECT c_asigna FROM dace004 WHERE exp_e='08-15617334' AND c_asigna='300222' AND status IN ('0','3','B') [1][0] OK
C:[09/11/2012 09:17:43.29][190.37.209.247][1232] SELECT c_asigna FROM dace004 WHERE exp_e='08-15617334' AND c_asigna='300226' AND status IN ('0','3','B') [1][0] OK
C:[09/11/2012 09:17:43.29][190.37.209.247][1232] SELECT c_asigna FROM dace004 WHERE exp_e='08-15617334' AND c_asigna='300209' AND status IN ('0','3','B') [1][0] OK
C:[09/11/2012 09:17:43.29][190.37.209.247][1219] SELECT pre_cod_asig1,pre_cod_asig2,pre_cod_asig3,pre_cod_asig4,pre_cod_asig5,pre_cod_asig6,pre_cod_asig7 FROM tblaca009 WHERE pensum='5' AND c_uni_ca='3' AND c_asigna='311552' [1][0] OK
C:[09/11/2012 09:17:43.29][190.37.209.247][1232] SELECT c_asigna FROM dace004 WHERE exp_e='08-15617334' AND c_asigna='300317' AND status IN ('0','3','B') [1][0] OK
C:[09/11/2012 09:17:43.29][190.37.209.247][1232] SELECT c_asigna FROM dace004 WHERE exp_e='08-15617334' AND c_asigna='300209' AND status IN ('0','3','B') [1][0] OK
C:[09/11/2012 09:17:43.29][190.37.209.247][1219] SELECT pre_cod_asig1,pre_cod_asig2,pre_cod_asig3,pre_cod_asig4,pre_cod_asig5,pre_cod_asig6,pre_cod_asig7 FROM tblaca009 WHERE pensum='5' AND c_uni_ca='3' AND c_asigna='311556' [1][0] OK
C:[09/11/2012 09:17:43.29][190.37.209.247][1232] SELECT c_asigna FROM dace004 WHERE exp_e='08-15617334' AND c_asigna='311434' AND status IN ('0','3','B') [1][0] OK
C:[09/11/2012 09:17:43.29][190.37.209.247][1232] SELECT c_asigna FROM dace004 WHERE exp_e='08-15617334' AND c_asigna='300222' AND status IN ('0','3','B') [1][0] OK
C:[09/11/2012 09:17:43.29][190.37.209.247][1232] SELECT c_asigna FROM dace004 WHERE exp_e='08-15617334' AND c_asigna='300226' AND status IN ('0','3','B') [1][0] OK
C:[09/11/2012 09:17:43.29][190.37.209.247][1232] SELECT c_asigna FROM dace004 WHERE exp_e='08-15617334' AND c_asigna='300209' AND status IN ('0','3','B') [1][0] OK
C:[09/11/2012 09:17:43.29][190.37.209.247][1219] SELECT pre_cod_asig1,pre_cod_asig2,pre_cod_asig3,pre_cod_asig4,pre_cod_asig5,pre_cod_asig6,pre_cod_asig7 FROM tblaca009 WHERE pensum='5' AND c_uni_ca='3' AND c_asigna='315552' [1][0] OK
C:[09/11/2012 09:17:43.29][190.37.209.247][1232] SELECT c_asigna FROM dace004 WHERE exp_e='08-15617334' AND c_asigna='311430' AND status IN ('0','3','B') [1][0] OK
C:[09/11/2012 09:17:43.29][190.37.209.247][1232] SELECT c_asigna FROM dace004 WHERE exp_e='08-15617334' AND c_asigna='300222' AND status IN ('0','3','B') [1][0] OK
C:[09/11/2012 09:17:43.29][190.37.209.247][1232] SELECT c_asigna FROM dace004 WHERE exp_e='08-15617334' AND c_asigna='300226' AND status IN ('0','3','B') [1][0] OK
C:[09/11/2012 09:17:43.29][190.37.209.247][1232] SELECT c_asigna FROM dace004 WHERE exp_e='08-15617334' AND c_asigna='300209' AND status IN ('0','3','B') [1][0] OK
C:[09/11/2012 09:17:43.41][190.37.209.247][1263] SELECT par_cod_asig1,par_cod_asig2,par_cod_asig3 FROM tblaca009 WHERE pensum='5' AND c_uni_ca='3' AND c_asigna='311554' [1][0] OK
C:[09/11/2012 09:17:43.41][190.37.209.247][1263] SELECT par_cod_asig1,par_cod_asig2,par_cod_asig3 FROM tblaca009 WHERE pensum='5' AND c_uni_ca='3' AND c_asigna='300422' [1][0] OK
C:[09/11/2012 09:17:43.41][190.37.209.247][1263] SELECT par_cod_asig1,par_cod_asig2,par_cod_asig3 FROM tblaca009 WHERE pensum='5' AND c_uni_ca='3' AND c_asigna='310548' [1][0] OK
C:[09/11/2012 09:17:43.41][190.37.209.247][1263] SELECT par_cod_asig1,par_cod_asig2,par_cod_asig3 FROM tblaca009 WHERE pensum='5' AND c_uni_ca='3' AND c_asigna='311552' [1][0] OK
C:[09/11/2012 09:17:43.41][190.37.209.247][1263] SELECT par_cod_asig1,par_cod_asig2,par_cod_asig3 FROM tblaca009 WHERE pensum='5' AND c_uni_ca='3' AND c_asigna='311556' [1][0] OK
C:[09/11/2012 09:17:43.41][190.37.209.247][1277] SELECT c_asigna FROM dace004 WHERE exp_e='08-15617334' AND c_asigna='311551' AND status IN ('0','3','B','C') [1][0] OK
C:[09/11/2012 09:17:43.41][190.37.209.247][1263] SELECT par_cod_asig1,par_cod_asig2,par_cod_asig3 FROM tblaca009 WHERE pensum='5' AND c_uni_ca='3' AND c_asigna='315552' [1][0] OK
C:[09/11/2012 09:31:16.52][190.37.141.64][1219] SELECT pre_cod_asig1,pre_cod_asig2,pre_cod_asig3,pre_cod_asig4,pre_cod_asig5,pre_cod_asig6,pre_cod_asig7 FROM tblaca009 WHERE pensum='5' AND c_uni_ca='3' AND c_asigna='311554' [1][0] OK
C:[09/11/2012 09:31:16.52][190.37.141.64][1232] SELECT c_asigna FROM dace004 WHERE exp_e='08-19416332' AND c_asigna='300318' AND status IN ('0','3','B') [1][0] OK
C:[09/11/2012 09:31:16.52][190.37.141.64][1232] SELECT c_asigna FROM dace004 WHERE exp_e='08-19416332' AND c_asigna='300428' AND status IN ('0','3','B') [1][0] OK
C:[09/11/2012 09:31:16.52][190.37.141.64][1219] SELECT pre_cod_asig1,pre_cod_asig2,pre_cod_asig3,pre_cod_asig4,pre_cod_asig5,pre_cod_asig6,pre_cod_asig7 FROM tblaca009 WHERE pensum='5' AND c_uni_ca='3' AND c_asigna='300676' [1][0] OK
C:[09/11/2012 09:31:16.52][190.37.141.64][1219] SELECT pre_cod_asig1,pre_cod_asig2,pre_cod_asig3,pre_cod_asig4,pre_cod_asig5,pre_cod_asig6,pre_cod_asig7 FROM tblaca009 WHERE pensum='5' AND c_uni_ca='3' AND c_asigna='310548' [1][0] OK
C:[09/11/2012 09:31:16.52][190.37.141.64][1232] SELECT c_asigna FROM dace004 WHERE exp_e='08-19416332' AND c_asigna='300428' AND status IN ('0','3','B') [1][0] OK
C:[09/11/2012 09:31:16.52][190.37.141.64][1232] SELECT c_asigna FROM dace004 WHERE exp_e='08-19416332' AND c_asigna='300313' AND status IN ('0','3','B') [1][0] OK
C:[09/11/2012 09:31:16.52][190.37.141.64][1232] SELECT c_asigna FROM dace004 WHERE exp_e='08-19416332' AND c_asigna='300222' AND status IN ('0','3','B') [1][0] OK
C:[09/11/2012 09:31:16.52][190.37.141.64][1232] SELECT c_asigna FROM dace004 WHERE exp_e='08-19416332' AND c_asigna='300226' AND status IN ('0','3','B') [1][0] OK
C:[09/11/2012 09:31:16.52][190.37.141.64][1232] SELECT c_asigna FROM dace004 WHERE exp_e='08-19416332' AND c_asigna='300209' AND status IN ('0','3','B') [1][0] OK
C:[09/11/2012 09:31:16.52][190.37.141.64][1219] SELECT pre_cod_asig1,pre_cod_asig2,pre_cod_asig3,pre_cod_asig4,pre_cod_asig5,pre_cod_asig6,pre_cod_asig7 FROM tblaca009 WHERE pensum='5' AND c_uni_ca='3' AND c_asigna='311775' [1][0] OK
C:[09/11/2012 09:31:16.52][190.37.141.64][1232] SELECT c_asigna FROM dace004 WHERE exp_e='08-19416332' AND c_asigna='311655' AND status IN ('0','3','B') [1][0] OK
C:[09/11/2012 09:31:16.52][190.37.141.64][1219] SELECT pre_cod_asig1,pre_cod_asig2,pre_cod_asig3,pre_cod_asig4,pre_cod_asig5,pre_cod_asig6,pre_cod_asig7 FROM tblaca009 WHERE pensum='5' AND c_uni_ca='3' AND c_asigna='314787' [1][0] OK
C:[09/11/2012 09:31:16.52][190.37.141.64][1232] SELECT c_asigna FROM dace004 WHERE exp_e='08-19416332' AND c_asigna='314662' AND status IN ('0','3','B') [1][0] OK
C:[09/11/2012 09:31:16.52][190.37.141.64][1219] SELECT pre_cod_asig1,pre_cod_asig2,pre_cod_asig3,pre_cod_asig4,pre_cod_asig5,pre_cod_asig6,pre_cod_asig7 FROM tblaca009 WHERE pensum='5' AND c_uni_ca='3' AND c_asigna='315671' [1][0] OK
C:[09/11/2012 09:31:16.52][190.37.141.64][1232] SELECT c_asigna FROM dace004 WHERE exp_e='08-19416332' AND c_asigna='315552' AND status IN ('0','3','B') [1][0] OK
C:[09/11/2012 09:31:17.52][190.37.141.64][1263] SELECT par_cod_asig1,par_cod_asig2,par_cod_asig3 FROM tblaca009 WHERE pensum='5' AND c_uni_ca='3' AND c_asigna='311554' [1][0] OK
C:[09/11/2012 09:31:17.52][190.37.141.64][1263] SELECT par_cod_asig1,par_cod_asig2,par_cod_asig3 FROM tblaca009 WHERE pensum='5' AND c_uni_ca='3' AND c_asigna='300676' [1][0] OK
C:[09/11/2012 09:31:17.52][190.37.141.64][1263] SELECT par_cod_asig1,par_cod_asig2,par_cod_asig3 FROM tblaca009 WHERE pensum='5' AND c_uni_ca='3' AND c_asigna='310548' [1][0] OK
C:[09/11/2012 09:31:17.52][190.37.141.64][1263] SELECT par_cod_asig1,par_cod_asig2,par_cod_asig3 FROM tblaca009 WHERE pensum='5' AND c_uni_ca='3' AND c_asigna='311775' [1][0] OK
C:[09/11/2012 09:31:17.52][190.37.141.64][1263] SELECT par_cod_asig1,par_cod_asig2,par_cod_asig3 FROM tblaca009 WHERE pensum='5' AND c_uni_ca='3' AND c_asigna='314787' [1][0] OK
C:[09/11/2012 09:31:17.52][190.37.141.64][1263] SELECT par_cod_asig1,par_cod_asig2,par_cod_asig3 FROM tblaca009 WHERE pensum='5' AND c_uni_ca='3' AND c_asigna='315671' [1][0] OK
C:[09/11/2012 09:37:22.83][190.37.209.247][1219] SELECT pre_cod_asig1,pre_cod_asig2,pre_cod_asig3,pre_cod_asig4,pre_cod_asig5,pre_cod_asig6,pre_cod_asig7 FROM tblaca009 WHERE pensum='5' AND c_uni_ca='3' AND c_asigna='300113' [1][0] OK
C:[09/11/2012 09:37:22.96][190.37.209.247][1263] SELECT par_cod_asig1,par_cod_asig2,par_cod_asig3 FROM tblaca009 WHERE pensum='5' AND c_uni_ca='3' AND c_asigna='300113' [1][0] OK
C:[09/11/2012 09:37:22.96][190.37.209.247][1277] SELECT c_asigna FROM dace004 WHERE exp_e='07-20013728' AND c_asigna='300013' AND status IN ('0','3','B','C') [1][0] OK
C:[09/11/2012 09:37:22.20][190.37.209.247][1334] SELECT c_asigna FROM tblaca009 WHERE pensum='5' AND c_uni_ca='3' AND ((par_cod_asig1='300317') OR (par_cod_asig2='300317') OR (par_cod_asig3='300317'))  [0][0] OK
C:[09/11/2012 09:38:23.73][190.37.209.247][1219] SELECT pre_cod_asig1,pre_cod_asig2,pre_cod_asig3,pre_cod_asig4,pre_cod_asig5,pre_cod_asig6,pre_cod_asig7 FROM tblaca009 WHERE pensum='5' AND c_uni_ca='3' AND c_asigna='300317' [1][0] OK
C:[09/11/2012 09:38:23.73][190.37.209.247][1232] SELECT c_asigna FROM dace004 WHERE exp_e='07-20013728' AND c_asigna='300207' AND status IN ('0','3','B') [1][0] OK
C:[09/11/2012 09:38:23.73][190.37.209.247][1232] SELECT c_asigna FROM dace004 WHERE exp_e='07-20013728' AND c_asigna='300209' AND status IN ('0','3','B') [1][0] OK
C:[09/11/2012 09:38:23.73][190.37.209.247][1219] SELECT pre_cod_asig1,pre_cod_asig2,pre_cod_asig3,pre_cod_asig4,pre_cod_asig5,pre_cod_asig6,pre_cod_asig7 FROM tblaca009 WHERE pensum='5' AND c_uni_ca='3' AND c_asigna='300113' [1][0] OK
C:[09/11/2012 09:38:23.23][190.37.209.247][1263] SELECT par_cod_asig1,par_cod_asig2,par_cod_asig3 FROM tblaca009 WHERE pensum='5' AND c_uni_ca='3' AND c_asigna='300317' [1][0] OK
C:[09/11/2012 09:38:23.23][190.37.209.247][1263] SELECT par_cod_asig1,par_cod_asig2,par_cod_asig3 FROM tblaca009 WHERE pensum='5' AND c_uni_ca='3' AND c_asigna='300113' [1][0] OK
C:[09/11/2012 09:38:23.23][190.37.209.247][1277] SELECT c_asigna FROM dace004 WHERE exp_e='07-20013728' AND c_asigna='300013' AND status IN ('0','3','B','C') [1][0] OK
C:[09/11/2012 10:00:51.40][190.37.236.180][1219] SELECT pre_cod_asig1,pre_cod_asig2,pre_cod_asig3,pre_cod_asig4,pre_cod_asig5,pre_cod_asig6,pre_cod_asig7 FROM tblaca009 WHERE pensum='5' AND c_uni_ca='3' AND c_asigna='310548' [1][0] OK
C:[09/11/2012 10:00:51.40][190.37.236.180][1232] SELECT c_asigna FROM dace004 WHERE exp_e='09-20805438' AND c_asigna='300428' AND status IN ('0','3','B') [1][0] OK
C:[09/11/2012 10:00:51.40][190.37.236.180][1232] SELECT c_asigna FROM dace004 WHERE exp_e='09-20805438' AND c_asigna='300313' AND status IN ('0','3','B') [1][0] OK
C:[09/11/2012 10:00:51.40][190.37.236.180][1232] SELECT c_asigna FROM dace004 WHERE exp_e='09-20805438' AND c_asigna='300222' AND status IN ('0','3','B') [1][0] OK
C:[09/11/2012 10:00:51.40][190.37.236.180][1232] SELECT c_asigna FROM dace004 WHERE exp_e='09-20805438' AND c_asigna='300226' AND status IN ('0','3','B') [1][0] OK
C:[09/11/2012 10:00:51.40][190.37.236.180][1232] SELECT c_asigna FROM dace004 WHERE exp_e='09-20805438' AND c_asigna='300209' AND status IN ('0','3','B') [1][0] OK
C:[09/11/2012 10:00:51.40][190.37.236.180][1219] SELECT pre_cod_asig1,pre_cod_asig2,pre_cod_asig3,pre_cod_asig4,pre_cod_asig5,pre_cod_asig6,pre_cod_asig7 FROM tblaca009 WHERE pensum='5' AND c_uni_ca='3' AND c_asigna='311430' [1][0] OK
C:[09/11/2012 10:00:51.40][190.37.236.180][1232] SELECT c_asigna FROM dace004 WHERE exp_e='09-20805438' AND c_asigna='300317' AND status IN ('0','3','B') [1][0] OK
C:[09/11/2012 10:00:51.40][190.37.236.180][1232] SELECT c_asigna FROM dace004 WHERE exp_e='09-20805438' AND c_asigna='300318' AND status IN ('0','3','B') [1][0] OK
C:[09/11/2012 10:00:51.40][190.37.236.180][1232] SELECT c_asigna FROM dace004 WHERE exp_e='09-20805438' AND c_asigna='300313' AND status IN ('0','3','B') [1][0] OK
C:[09/11/2012 10:00:51.40][190.37.236.180][1232] SELECT c_asigna FROM dace004 WHERE exp_e='09-20805438' AND c_asigna='300222' AND status IN ('0','3','B') [1][0] OK
C:[09/11/2012 10:00:51.40][190.37.236.180][1232] SELECT c_asigna FROM dace004 WHERE exp_e='09-20805438' AND c_asigna='300226' AND status IN ('0','3','B') [1][0] OK
C:[09/11/2012 10:00:51.40][190.37.236.180][1232] SELECT c_asigna FROM dace004 WHERE exp_e='09-20805438' AND c_asigna='300209' AND status IN ('0','3','B') [1][0] OK
C:[09/11/2012 10:00:51.40][190.37.236.180][1219] SELECT pre_cod_asig1,pre_cod_asig2,pre_cod_asig3,pre_cod_asig4,pre_cod_asig5,pre_cod_asig6,pre_cod_asig7 FROM tblaca009 WHERE pensum='5' AND c_uni_ca='3' AND c_asigna='311552' [1][0] OK
C:[09/11/2012 10:00:51.40][190.37.236.180][1232] SELECT c_asigna FROM dace004 WHERE exp_e='09-20805438' AND c_asigna='300317' AND status IN ('0','3','B') [1][0] OK
C:[09/11/2012 10:00:51.40][190.37.236.180][1232] SELECT c_asigna FROM dace004 WHERE exp_e='09-20805438' AND c_asigna='300209' AND status IN ('0','3','B') [1][0] OK
C:[09/11/2012 10:00:51.40][190.37.236.180][1219] SELECT pre_cod_asig1,pre_cod_asig2,pre_cod_asig3,pre_cod_asig4,pre_cod_asig5,pre_cod_asig6,pre_cod_asig7 FROM tblaca009 WHERE pensum='5' AND c_uni_ca='3' AND c_asigna='311554' [1][0] OK
C:[09/11/2012 10:00:51.40][190.37.236.180][1232] SELECT c_asigna FROM dace004 WHERE exp_e='09-20805438' AND c_asigna='300318' AND status IN ('0','3','B') [1][0] OK
C:[09/11/2012 10:00:51.40][190.37.236.180][1232] SELECT c_asigna FROM dace004 WHERE exp_e='09-20805438' AND c_asigna='300428' AND status IN ('0','3','B') [1][0] OK
C:[09/11/2012 10:00:52.34][190.37.236.180][1263] SELECT par_cod_asig1,par_cod_asig2,par_cod_asig3 FROM tblaca009 WHERE pensum='5' AND c_uni_ca='3' AND c_asigna='310548' [1][0] OK
C:[09/11/2012 10:00:52.34][190.37.236.180][1263] SELECT par_cod_asig1,par_cod_asig2,par_cod_asig3 FROM tblaca009 WHERE pensum='5' AND c_uni_ca='3' AND c_asigna='311430' [1][0] OK
C:[09/11/2012 10:00:52.34][190.37.236.180][1263] SELECT par_cod_asig1,par_cod_asig2,par_cod_asig3 FROM tblaca009 WHERE pensum='5' AND c_uni_ca='3' AND c_asigna='311552' [1][0] OK
C:[09/11/2012 10:00:52.34][190.37.236.180][1263] SELECT par_cod_asig1,par_cod_asig2,par_cod_asig3 FROM tblaca009 WHERE pensum='5' AND c_uni_ca='3' AND c_asigna='311554' [1][0] OK
C:[09/11/2012 10:00:52.84][190.37.236.180][1334] SELECT c_asigna FROM tblaca009 WHERE pensum='5' AND c_uni_ca='3' AND ((par_cod_asig1='300314') OR (par_cod_asig2='300314') OR (par_cod_asig3='300314'))  [0][0] OK
C:[09/11/2012 10:02:14.24][190.37.236.180][1219] SELECT pre_cod_asig1,pre_cod_asig2,pre_cod_asig3,pre_cod_asig4,pre_cod_asig5,pre_cod_asig6,pre_cod_asig7 FROM tblaca009 WHERE pensum='5' AND c_uni_ca='3' AND c_asigna='300314' [1][0] OK
C:[09/11/2012 10:02:14.24][190.37.236.180][1232] SELECT c_asigna FROM dace004 WHERE exp_e='09-20805438' AND c_asigna='300106' AND status IN ('0','3','B') [1][0] OK
C:[09/11/2012 10:02:14.24][190.37.236.180][1219] SELECT pre_cod_asig1,pre_cod_asig2,pre_cod_asig3,pre_cod_asig4,pre_cod_asig5,pre_cod_asig6,pre_cod_asig7 FROM tblaca009 WHERE pensum='5' AND c_uni_ca='3' AND c_asigna='310548' [1][0] OK
C:[09/11/2012 10:02:14.24][190.37.236.180][1232] SELECT c_asigna FROM dace004 WHERE exp_e='09-20805438' AND c_asigna='300428' AND status IN ('0','3','B') [1][0] OK
C:[09/11/2012 10:02:14.24][190.37.236.180][1232] SELECT c_asigna FROM dace004 WHERE exp_e='09-20805438' AND c_asigna='300313' AND status IN ('0','3','B') [1][0] OK
C:[09/11/2012 10:02:14.24][190.37.236.180][1232] SELECT c_asigna FROM dace004 WHERE exp_e='09-20805438' AND c_asigna='300222' AND status IN ('0','3','B') [1][0] OK
C:[09/11/2012 10:02:14.24][190.37.236.180][1232] SELECT c_asigna FROM dace004 WHERE exp_e='09-20805438' AND c_asigna='300226' AND status IN ('0','3','B') [1][0] OK
C:[09/11/2012 10:02:14.24][190.37.236.180][1232] SELECT c_asigna FROM dace004 WHERE exp_e='09-20805438' AND c_asigna='300209' AND status IN ('0','3','B') [1][0] OK
C:[09/11/2012 10:02:14.24][190.37.236.180][1219] SELECT pre_cod_asig1,pre_cod_asig2,pre_cod_asig3,pre_cod_asig4,pre_cod_asig5,pre_cod_asig6,pre_cod_asig7 FROM tblaca009 WHERE pensum='5' AND c_uni_ca='3' AND c_asigna='311430' [1][0] OK
C:[09/11/2012 10:02:14.24][190.37.236.180][1232] SELECT c_asigna FROM dace004 WHERE exp_e='09-20805438' AND c_asigna='300317' AND status IN ('0','3','B') [1][0] OK
C:[09/11/2012 10:02:14.24][190.37.236.180][1232] SELECT c_asigna FROM dace004 WHERE exp_e='09-20805438' AND c_asigna='300318' AND status IN ('0','3','B') [1][0] OK
C:[09/11/2012 10:02:14.24][190.37.236.180][1232] SELECT c_asigna FROM dace004 WHERE exp_e='09-20805438' AND c_asigna='300313' AND status IN ('0','3','B') [1][0] OK
C:[09/11/2012 10:02:14.24][190.37.236.180][1232] SELECT c_asigna FROM dace004 WHERE exp_e='09-20805438' AND c_asigna='300222' AND status IN ('0','3','B') [1][0] OK
C:[09/11/2012 10:02:14.24][190.37.236.180][1232] SELECT c_asigna FROM dace004 WHERE exp_e='09-20805438' AND c_asigna='300226' AND status IN ('0','3','B') [1][0] OK
C:[09/11/2012 10:02:14.24][190.37.236.180][1232] SELECT c_asigna FROM dace004 WHERE exp_e='09-20805438' AND c_asigna='300209' AND status IN ('0','3','B') [1][0] OK
C:[09/11/2012 10:02:14.24][190.37.236.180][1219] SELECT pre_cod_asig1,pre_cod_asig2,pre_cod_asig3,pre_cod_asig4,pre_cod_asig5,pre_cod_asig6,pre_cod_asig7 FROM tblaca009 WHERE pensum='5' AND c_uni_ca='3' AND c_asigna='311552' [1][0] OK
C:[09/11/2012 10:02:14.24][190.37.236.180][1232] SELECT c_asigna FROM dace004 WHERE exp_e='09-20805438' AND c_asigna='300317' AND status IN ('0','3','B') [1][0] OK
C:[09/11/2012 10:02:14.24][190.37.236.180][1232] SELECT c_asigna FROM dace004 WHERE exp_e='09-20805438' AND c_asigna='300209' AND status IN ('0','3','B') [1][0] OK
C:[09/11/2012 10:02:14.24][190.37.236.180][1219] SELECT pre_cod_asig1,pre_cod_asig2,pre_cod_asig3,pre_cod_asig4,pre_cod_asig5,pre_cod_asig6,pre_cod_asig7 FROM tblaca009 WHERE pensum='5' AND c_uni_ca='3' AND c_asigna='311554' [1][0] OK
C:[09/11/2012 10:02:14.24][190.37.236.180][1232] SELECT c_asigna FROM dace004 WHERE exp_e='09-20805438' AND c_asigna='300318' AND status IN ('0','3','B') [1][0] OK
C:[09/11/2012 10:02:14.24][190.37.236.180][1232] SELECT c_asigna FROM dace004 WHERE exp_e='09-20805438' AND c_asigna='300428' AND status IN ('0','3','B') [1][0] OK
C:[09/11/2012 10:02:15.86][190.37.236.180][1263] SELECT par_cod_asig1,par_cod_asig2,par_cod_asig3 FROM tblaca009 WHERE pensum='5' AND c_uni_ca='3' AND c_asigna='300314' [1][0] OK
C:[09/11/2012 10:02:15.86][190.37.236.180][1263] SELECT par_cod_asig1,par_cod_asig2,par_cod_asig3 FROM tblaca009 WHERE pensum='5' AND c_uni_ca='3' AND c_asigna='310548' [1][0] OK
C:[09/11/2012 10:02:15.86][190.37.236.180][1263] SELECT par_cod_asig1,par_cod_asig2,par_cod_asig3 FROM tblaca009 WHERE pensum='5' AND c_uni_ca='3' AND c_asigna='311430' [1][0] OK
C:[09/11/2012 10:02:15.86][190.37.236.180][1263] SELECT par_cod_asig1,par_cod_asig2,par_cod_asig3 FROM tblaca009 WHERE pensum='5' AND c_uni_ca='3' AND c_asigna='311552' [1][0] OK
C:[09/11/2012 10:02:15.86][190.37.236.180][1263] SELECT par_cod_asig1,par_cod_asig2,par_cod_asig3 FROM tblaca009 WHERE pensum='5' AND c_uni_ca='3' AND c_asigna='311554' [1][0] OK
C:[09/11/2012 10:10:04.81][186.95.87.126][1219] SELECT pre_cod_asig1,pre_cod_asig2,pre_cod_asig3,pre_cod_asig4,pre_cod_asig5,pre_cod_asig6,pre_cod_asig7 FROM tblaca009 WHERE pensum='5' AND c_uni_ca='6' AND c_asigna='311561' [1][0] OK
C:[09/11/2012 10:10:04.81][186.95.87.126][1232] SELECT c_asigna FROM dace004 WHERE exp_e='10-20285434' AND c_asigna='300318' AND status IN ('0','3','B') [1][0] OK
C:[09/11/2012 10:10:04.81][186.95.87.126][1219] SELECT pre_cod_asig1,pre_cod_asig2,pre_cod_asig3,pre_cod_asig4,pre_cod_asig5,pre_cod_asig6,pre_cod_asig7 FROM tblaca009 WHERE pensum='5' AND c_uni_ca='6' AND c_asigna='300313' [1][0] OK
C:[09/11/2012 10:10:04.81][186.95.87.126][1232] SELECT c_asigna FROM dace004 WHERE exp_e='10-20285434' AND c_asigna='300213' AND status IN ('0','3','B') [1][0] OK
C:[09/11/2012 10:10:04.81][186.95.87.126][1232] SELECT c_asigna FROM dace004 WHERE exp_e='10-20285434' AND c_asigna='300226' AND status IN ('0','3','B') [1][0] OK
C:[09/11/2012 10:10:04.81][186.95.87.126][1232] SELECT c_asigna FROM dace004 WHERE exp_e='10-20285434' AND c_asigna='300222' AND status IN ('0','3','B') [1][0] OK
C:[09/11/2012 10:10:04.81][186.95.87.126][1232] SELECT c_asigna FROM dace004 WHERE exp_e='10-20285434' AND c_asigna='300209' AND status IN ('0','3','B') [1][0] OK
C:[09/11/2012 10:10:04.81][186.95.87.126][1219] SELECT pre_cod_asig1,pre_cod_asig2,pre_cod_asig3,pre_cod_asig4,pre_cod_asig5,pre_cod_asig6,pre_cod_asig7 FROM tblaca009 WHERE pensum='5' AND c_uni_ca='6' AND c_asigna='300428' [1][0] OK
C:[09/11/2012 10:10:04.81][186.95.87.126][1232] SELECT c_asigna FROM dace004 WHERE exp_e='10-20285434' AND c_asigna='300317' AND status IN ('0','3','B') [1][0] OK
C:[09/11/2012 10:10:04.81][186.95.87.126][1232] SELECT c_asigna FROM dace004 WHERE exp_e='10-20285434' AND c_asigna='300209' AND status IN ('0','3','B') [1][0] OK
C:[09/11/2012 10:10:04.81][186.95.87.126][1219] SELECT pre_cod_asig1,pre_cod_asig2,pre_cod_asig3,pre_cod_asig4,pre_cod_asig5,pre_cod_asig6,pre_cod_asig7 FROM tblaca009 WHERE pensum='5' AND c_uni_ca='6' AND c_asigna='342436' [1][0] OK
C:[09/11/2012 10:10:04.81][186.95.87.126][1232] SELECT c_asigna FROM dace004 WHERE exp_e='10-20285434' AND c_asigna='300318' AND status IN ('0','3','B') [1][0] OK
C:[09/11/2012 10:10:04.81][186.95.87.126][1232] SELECT c_asigna FROM dace004 WHERE exp_e='10-20285434' AND c_asigna='300317' AND status IN ('0','3','B') [1][0] OK
C:[09/11/2012 10:10:04.81][186.95.87.126][1219] SELECT pre_cod_asig1,pre_cod_asig2,pre_cod_asig3,pre_cod_asig4,pre_cod_asig5,pre_cod_asig6,pre_cod_asig7 FROM tblaca009 WHERE pensum='5' AND c_uni_ca='6' AND c_asigna='343568' [1][0] OK
C:[09/11/2012 10:10:04.81][186.95.87.126][1232] SELECT c_asigna FROM dace004 WHERE exp_e='10-20285434' AND c_asigna='340327' AND status IN ('0','3','B') [1][0] OK
C:[09/11/2012 10:10:04.81][186.95.87.126][1219] SELECT pre_cod_asig1,pre_cod_asig2,pre_cod_asig3,pre_cod_asig4,pre_cod_asig5,pre_cod_asig6,pre_cod_asig7 FROM tblaca009 WHERE pensum='5' AND c_uni_ca='6' AND c_asigna='344445' [1][0] OK
C:[09/11/2012 10:10:04.81][186.95.87.126][1263] SELECT par_cod_asig1,par_cod_asig2,par_cod_asig3 FROM tblaca009 WHERE pensum='5' AND c_uni_ca='6' AND c_asigna='311561' [1][0] OK
C:[09/11/2012 10:10:04.81][186.95.87.126][1263] SELECT par_cod_asig1,par_cod_asig2,par_cod_asig3 FROM tblaca009 WHERE pensum='5' AND c_uni_ca='6' AND c_asigna='300313' [1][0] OK
C:[09/11/2012 10:10:04.81][186.95.87.126][1263] SELECT par_cod_asig1,par_cod_asig2,par_cod_asig3 FROM tblaca009 WHERE pensum='5' AND c_uni_ca='6' AND c_asigna='300428' [1][0] OK
C:[09/11/2012 10:10:04.81][186.95.87.126][1263] SELECT par_cod_asig1,par_cod_asig2,par_cod_asig3 FROM tblaca009 WHERE pensum='5' AND c_uni_ca='6' AND c_asigna='342436' [1][0] OK
C:[09/11/2012 10:10:04.81][186.95.87.126][1263] SELECT par_cod_asig1,par_cod_asig2,par_cod_asig3 FROM tblaca009 WHERE pensum='5' AND c_uni_ca='6' AND c_asigna='343568' [1][0] OK
C:[09/11/2012 10:10:04.81][186.95.87.126][1263] SELECT par_cod_asig1,par_cod_asig2,par_cod_asig3 FROM tblaca009 WHERE pensum='5' AND c_uni_ca='6' AND c_asigna='344445' [1][0] OK
C:[09/11/2012 10:10:46.89][190.37.209.247][1219] SELECT pre_cod_asig1,pre_cod_asig2,pre_cod_asig3,pre_cod_asig4,pre_cod_asig5,pre_cod_asig6,pre_cod_asig7 FROM tblaca009 WHERE pensum='5' AND c_uni_ca='3' AND c_asigna='300218' [1][0] OK
C:[09/11/2012 10:10:46.89][190.37.209.247][1219] SELECT pre_cod_asig1,pre_cod_asig2,pre_cod_asig3,pre_cod_asig4,pre_cod_asig5,pre_cod_asig6,pre_cod_asig7 FROM tblaca009 WHERE pensum='5' AND c_uni_ca='3' AND c_asigna='300228' [1][0] OK
C:[09/11/2012 10:10:46.89][190.37.209.247][1232] SELECT c_asigna FROM dace004 WHERE exp_e='12-22590548' AND c_asigna='300101' AND status IN ('0','3','B') [1][0] OK
C:[09/11/2012 10:10:46.89][190.37.209.247][1219] SELECT pre_cod_asig1,pre_cod_asig2,pre_cod_asig3,pre_cod_asig4,pre_cod_asig5,pre_cod_asig6,pre_cod_asig7 FROM tblaca009 WHERE pensum='5' AND c_uni_ca='3' AND c_asigna='300207' [1][0] OK
C:[09/11/2012 10:10:46.89][190.37.209.247][1232] SELECT c_asigna FROM dace004 WHERE exp_e='12-22590548' AND c_asigna='300101' AND status IN ('0','3','B') [1][0] OK
C:[09/11/2012 10:10:46.89][190.37.209.247][1219] SELECT pre_cod_asig1,pre_cod_asig2,pre_cod_asig3,pre_cod_asig4,pre_cod_asig5,pre_cod_asig6,pre_cod_asig7 FROM tblaca009 WHERE pensum='5' AND c_uni_ca='3' AND c_asigna='300209' [1][0] OK
C:[09/11/2012 10:10:46.89][190.37.209.247][1232] SELECT c_asigna FROM dace004 WHERE exp_e='12-22590548' AND c_asigna='300101' AND status IN ('0','3','B') [1][0] OK
C:[09/11/2012 10:10:46.89][190.37.209.247][1219] SELECT pre_cod_asig1,pre_cod_asig2,pre_cod_asig3,pre_cod_asig4,pre_cod_asig5,pre_cod_asig6,pre_cod_asig7 FROM tblaca009 WHERE pensum='5' AND c_uni_ca='3' AND c_asigna='300213' [1][0] OK
C:[09/11/2012 10:10:46.89][190.37.209.247][1232] SELECT c_asigna FROM dace004 WHERE exp_e='12-22590548' AND c_asigna='300101' AND status IN ('0','3','B') [1][0] OK
C:[09/11/2012 10:10:46.89][190.37.209.247][1219] SELECT pre_cod_asig1,pre_cod_asig2,pre_cod_asig3,pre_cod_asig4,pre_cod_asig5,pre_cod_asig6,pre_cod_asig7 FROM tblaca009 WHERE pensum='5' AND c_uni_ca='3' AND c_asigna='300226' [1][0] OK
C:[09/11/2012 10:10:46.89][190.37.209.247][1232] SELECT c_asigna FROM dace004 WHERE exp_e='12-22590548' AND c_asigna='300116' AND status IN ('0','3','B') [1][0] OK
C:[09/11/2012 10:10:46.27][190.37.209.247][1263] SELECT par_cod_asig1,par_cod_asig2,par_cod_asig3 FROM tblaca009 WHERE pensum='5' AND c_uni_ca='3' AND c_asigna='300218' [1][0] OK
C:[09/11/2012 10:10:46.27][190.37.209.247][1277] SELECT c_asigna FROM dace004 WHERE exp_e='12-22590548' AND c_asigna='300228' AND status IN ('0','3','B','C') [0][0] OK
C:[09/11/2012 10:10:46.27][190.37.209.247][1263] SELECT par_cod_asig1,par_cod_asig2,par_cod_asig3 FROM tblaca009 WHERE pensum='5' AND c_uni_ca='3' AND c_asigna='300228' [1][0] OK
C:[09/11/2012 10:10:46.27][190.37.209.247][1263] SELECT par_cod_asig1,par_cod_asig2,par_cod_asig3 FROM tblaca009 WHERE pensum='5' AND c_uni_ca='3' AND c_asigna='300207' [1][0] OK
C:[09/11/2012 10:10:46.27][190.37.209.247][1263] SELECT par_cod_asig1,par_cod_asig2,par_cod_asig3 FROM tblaca009 WHERE pensum='5' AND c_uni_ca='3' AND c_asigna='300209' [1][0] OK
C:[09/11/2012 10:10:46.27][190.37.209.247][1263] SELECT par_cod_asig1,par_cod_asig2,par_cod_asig3 FROM tblaca009 WHERE pensum='5' AND c_uni_ca='3' AND c_asigna='300213' [1][0] OK
C:[09/11/2012 10:10:46.27][190.37.209.247][1277] SELECT c_asigna FROM dace004 WHERE exp_e='12-22590548' AND c_asigna='300209' AND status IN ('0','3','B','C') [0][0] OK
C:[09/11/2012 10:10:46.27][190.37.209.247][1263] SELECT par_cod_asig1,par_cod_asig2,par_cod_asig3 FROM tblaca009 WHERE pensum='5' AND c_uni_ca='3' AND c_asigna='300226' [1][0] OK
C:[09/11/2012 10:13:11.76][190.37.209.247][1219] SELECT pre_cod_asig1,pre_cod_asig2,pre_cod_asig3,pre_cod_asig4,pre_cod_asig5,pre_cod_asig6,pre_cod_asig7 FROM tblaca009 WHERE pensum='5' AND c_uni_ca='5' AND c_asigna='300218' [1][0] OK
C:[09/11/2012 10:13:11.76][190.37.209.247][1219] SELECT pre_cod_asig1,pre_cod_asig2,pre_cod_asig3,pre_cod_asig4,pre_cod_asig5,pre_cod_asig6,pre_cod_asig7 FROM tblaca009 WHERE pensum='5' AND c_uni_ca='5' AND c_asigna='300228' [1][0] OK
C:[09/11/2012 10:13:11.76][190.37.209.247][1232] SELECT c_asigna FROM dace004 WHERE exp_e='11-24692907' AND c_asigna='300101' AND status IN ('0','3','B') [1][0] OK
C:[09/11/2012 10:13:11.76][190.37.209.247][1219] SELECT pre_cod_asig1,pre_cod_asig2,pre_cod_asig3,pre_cod_asig4,pre_cod_asig5,pre_cod_asig6,pre_cod_asig7 FROM tblaca009 WHERE pensum='5' AND c_uni_ca='5' AND c_asigna='300207' [1][0] OK
C:[09/11/2012 10:13:11.76][190.37.209.247][1232] SELECT c_asigna FROM dace004 WHERE exp_e='11-24692907' AND c_asigna='300101' AND status IN ('0','3','B') [1][0] OK
C:[09/11/2012 10:13:11.76][190.37.209.247][1219] SELECT pre_cod_asig1,pre_cod_asig2,pre_cod_asig3,pre_cod_asig4,pre_cod_asig5,pre_cod_asig6,pre_cod_asig7 FROM tblaca009 WHERE pensum='5' AND c_uni_ca='5' AND c_asigna='300213' [1][0] OK
C:[09/11/2012 10:13:11.76][190.37.209.247][1232] SELECT c_asigna FROM dace004 WHERE exp_e='11-24692907' AND c_asigna='300101' AND status IN ('0','3','B') [1][0] OK
C:[09/11/2012 10:13:11.76][190.37.209.247][1219] SELECT pre_cod_asig1,pre_cod_asig2,pre_cod_asig3,pre_cod_asig4,pre_cod_asig5,pre_cod_asig6,pre_cod_asig7 FROM tblaca009 WHERE pensum='5' AND c_uni_ca='5' AND c_asigna='300226' [1][0] OK
C:[09/11/2012 10:13:11.76][190.37.209.247][1232] SELECT c_asigna FROM dace004 WHERE exp_e='11-24692907' AND c_asigna='300116' AND status IN ('0','3','B') [1][0] OK
C:[09/11/2012 10:13:11.89][190.37.209.247][1263] SELECT par_cod_asig1,par_cod_asig2,par_cod_asig3 FROM tblaca009 WHERE pensum='5' AND c_uni_ca='5' AND c_asigna='300218' [1][0] OK
C:[09/11/2012 10:13:11.89][190.37.209.247][1277] SELECT c_asigna FROM dace004 WHERE exp_e='11-24692907' AND c_asigna='300228' AND status IN ('0','3','B','C') [0][0] OK
C:[09/11/2012 10:13:11.89][190.37.209.247][1263] SELECT par_cod_asig1,par_cod_asig2,par_cod_asig3 FROM tblaca009 WHERE pensum='5' AND c_uni_ca='5' AND c_asigna='300228' [1][0] OK
C:[09/11/2012 10:13:11.89][190.37.209.247][1263] SELECT par_cod_asig1,par_cod_asig2,par_cod_asig3 FROM tblaca009 WHERE pensum='5' AND c_uni_ca='5' AND c_asigna='300207' [1][0] OK
C:[09/11/2012 10:13:11.89][190.37.209.247][1263] SELECT par_cod_asig1,par_cod_asig2,par_cod_asig3 FROM tblaca009 WHERE pensum='5' AND c_uni_ca='5' AND c_asigna='300213' [1][0] OK
C:[09/11/2012 10:13:11.89][190.37.209.247][1277] SELECT c_asigna FROM dace004 WHERE exp_e='11-24692907' AND c_asigna='300209' AND status IN ('0','3','B','C') [1][0] OK
C:[09/11/2012 10:13:11.89][190.37.209.247][1263] SELECT par_cod_asig1,par_cod_asig2,par_cod_asig3 FROM tblaca009 WHERE pensum='5' AND c_uni_ca='5' AND c_asigna='300226' [1][0] OK
C:[09/11/2012 11:02:51.37][190.37.209.247][1219] SELECT pre_cod_asig1,pre_cod_asig2,pre_cod_asig3,pre_cod_asig4,pre_cod_asig5,pre_cod_asig6,pre_cod_asig7 FROM tblaca009 WHERE pensum='5' AND c_uni_ca='3' AND c_asigna='300101' [1][0] OK
C:[09/11/2012 11:02:51.37][190.37.209.247][1219] SELECT pre_cod_asig1,pre_cod_asig2,pre_cod_asig3,pre_cod_asig4,pre_cod_asig5,pre_cod_asig6,pre_cod_asig7 FROM tblaca009 WHERE pensum='5' AND c_uni_ca='3' AND c_asigna='300222' [1][0] OK
C:[09/11/2012 11:02:51.37][190.37.209.247][1232] SELECT c_asigna FROM dace004 WHERE exp_e='11-23501367' AND c_asigna='300112' AND status IN ('0','3','B') [1][0] OK
C:[09/11/2012 11:02:51.37][190.37.209.247][1219] SELECT pre_cod_asig1,pre_cod_asig2,pre_cod_asig3,pre_cod_asig4,pre_cod_asig5,pre_cod_asig6,pre_cod_asig7 FROM tblaca009 WHERE pensum='5' AND c_uni_ca='3' AND c_asigna='300226' [1][0] OK
C:[09/11/2012 11:02:51.37][190.37.209.247][1232] SELECT c_asigna FROM dace004 WHERE exp_e='11-23501367' AND c_asigna='300116' AND status IN ('0','3','B') [1][0] OK
C:[09/11/2012 11:02:51.37][190.37.209.247][1219] SELECT pre_cod_asig1,pre_cod_asig2,pre_cod_asig3,pre_cod_asig4,pre_cod_asig5,pre_cod_asig6,pre_cod_asig7 FROM tblaca009 WHERE pensum='5' AND c_uni_ca='3' AND c_asigna='311320' [1][0] OK
C:[09/11/2012 11:02:51.37][190.37.209.247][1232] SELECT c_asigna FROM dace004 WHERE exp_e='11-23501367' AND c_asigna='300013' AND status IN ('0','3','B') [1][0] OK
C:[09/11/2012 11:02:51.37][190.37.209.247][1232] SELECT c_asigna FROM dace004 WHERE exp_e='11-23501367' AND c_asigna='300113' AND status IN ('0','3','B') [1][0] OK
C:[09/11/2012 11:02:51.36][190.37.209.247][1263] SELECT par_cod_asig1,par_cod_asig2,par_cod_asig3 FROM tblaca009 WHERE pensum='5' AND c_uni_ca='3' AND c_asigna='300101' [1][0] OK
C:[09/11/2012 11:02:51.36][190.37.209.247][1263] SELECT par_cod_asig1,par_cod_asig2,par_cod_asig3 FROM tblaca009 WHERE pensum='5' AND c_uni_ca='3' AND c_asigna='300222' [1][0] OK
C:[09/11/2012 11:02:51.36][190.37.209.247][1263] SELECT par_cod_asig1,par_cod_asig2,par_cod_asig3 FROM tblaca009 WHERE pensum='5' AND c_uni_ca='3' AND c_asigna='300226' [1][0] OK
C:[09/11/2012 11:02:51.36][190.37.209.247][1263] SELECT par_cod_asig1,par_cod_asig2,par_cod_asig3 FROM tblaca009 WHERE pensum='5' AND c_uni_ca='3' AND c_asigna='311320' [1][0] OK
C:[09/11/2012 11:02:51.87][190.37.209.247][1334] SELECT c_asigna FROM tblaca009 WHERE pensum='5' AND c_uni_ca='3' AND ((par_cod_asig1='300314') OR (par_cod_asig2='300314') OR (par_cod_asig3='300314'))  [0][0] OK
C:[09/11/2012 11:05:19.55][190.37.209.247][1219] SELECT pre_cod_asig1,pre_cod_asig2,pre_cod_asig3,pre_cod_asig4,pre_cod_asig5,pre_cod_asig6,pre_cod_asig7 FROM tblaca009 WHERE pensum='5' AND c_uni_ca='3' AND c_asigna='300314' [1][0] OK
C:[09/11/2012 11:05:19.55][190.37.209.247][1232] SELECT c_asigna FROM dace004 WHERE exp_e='11-23501367' AND c_asigna='300106' AND status IN ('0','3','B') [1][0] OK
C:[09/11/2012 11:05:19.55][190.37.209.247][1219] SELECT pre_cod_asig1,pre_cod_asig2,pre_cod_asig3,pre_cod_asig4,pre_cod_asig5,pre_cod_asig6,pre_cod_asig7 FROM tblaca009 WHERE pensum='5' AND c_uni_ca='3' AND c_asigna='300101' [1][0] OK
C:[09/11/2012 11:05:19.55][190.37.209.247][1219] SELECT pre_cod_asig1,pre_cod_asig2,pre_cod_asig3,pre_cod_asig4,pre_cod_asig5,pre_cod_asig6,pre_cod_asig7 FROM tblaca009 WHERE pensum='5' AND c_uni_ca='3' AND c_asigna='300222' [1][0] OK
C:[09/11/2012 11:05:19.55][190.37.209.247][1232] SELECT c_asigna FROM dace004 WHERE exp_e='11-23501367' AND c_asigna='300112' AND status IN ('0','3','B') [1][0] OK
C:[09/11/2012 11:05:19.55][190.37.209.247][1219] SELECT pre_cod_asig1,pre_cod_asig2,pre_cod_asig3,pre_cod_asig4,pre_cod_asig5,pre_cod_asig6,pre_cod_asig7 FROM tblaca009 WHERE pensum='5' AND c_uni_ca='3' AND c_asigna='300226' [1][0] OK
C:[09/11/2012 11:05:19.55][190.37.209.247][1232] SELECT c_asigna FROM dace004 WHERE exp_e='11-23501367' AND c_asigna='300116' AND status IN ('0','3','B') [1][0] OK
C:[09/11/2012 11:05:19.55][190.37.209.247][1219] SELECT pre_cod_asig1,pre_cod_asig2,pre_cod_asig3,pre_cod_asig4,pre_cod_asig5,pre_cod_asig6,pre_cod_asig7 FROM tblaca009 WHERE pensum='5' AND c_uni_ca='3' AND c_asigna='311320' [1][0] OK
C:[09/11/2012 11:05:19.55][190.37.209.247][1232] SELECT c_asigna FROM dace004 WHERE exp_e='11-23501367' AND c_asigna='300013' AND status IN ('0','3','B') [1][0] OK
C:[09/11/2012 11:05:19.55][190.37.209.247][1232] SELECT c_asigna FROM dace004 WHERE exp_e='11-23501367' AND c_asigna='300113' AND status IN ('0','3','B') [1][0] OK
C:[09/11/2012 11:05:20.80][190.37.209.247][1263] SELECT par_cod_asig1,par_cod_asig2,par_cod_asig3 FROM tblaca009 WHERE pensum='5' AND c_uni_ca='3' AND c_asigna='300314' [1][0] OK
C:[09/11/2012 11:05:20.80][190.37.209.247][1263] SELECT par_cod_asig1,par_cod_asig2,par_cod_asig3 FROM tblaca009 WHERE pensum='5' AND c_uni_ca='3' AND c_asigna='300101' [1][0] OK
C:[09/11/2012 11:05:20.80][190.37.209.247][1263] SELECT par_cod_asig1,par_cod_asig2,par_cod_asig3 FROM tblaca009 WHERE pensum='5' AND c_uni_ca='3' AND c_asigna='300222' [1][0] OK
C:[09/11/2012 11:05:20.80][190.37.209.247][1263] SELECT par_cod_asig1,par_cod_asig2,par_cod_asig3 FROM tblaca009 WHERE pensum='5' AND c_uni_ca='3' AND c_asigna='300226' [1][0] OK
C:[09/11/2012 11:05:20.80][190.37.209.247][1263] SELECT par_cod_asig1,par_cod_asig2,par_cod_asig3 FROM tblaca009 WHERE pensum='5' AND c_uni_ca='3' AND c_asigna='311320' [1][0] OK
C:[09/11/2012 11:08:50.95][190.37.209.247][1219] SELECT pre_cod_asig1,pre_cod_asig2,pre_cod_asig3,pre_cod_asig4,pre_cod_asig5,pre_cod_asig6,pre_cod_asig7 FROM tblaca009 WHERE pensum='5' AND c_uni_ca='3' AND c_asigna='300228' [1][0] OK
C:[09/11/2012 11:08:50.95][190.37.209.247][1232] SELECT c_asigna FROM dace004 WHERE exp_e='11-23417917' AND c_asigna='300101' AND status IN ('0','3','B') [1][0] OK
C:[09/11/2012 11:08:50.95][190.37.209.247][1219] SELECT pre_cod_asig1,pre_cod_asig2,pre_cod_asig3,pre_cod_asig4,pre_cod_asig5,pre_cod_asig6,pre_cod_asig7 FROM tblaca009 WHERE pensum='5' AND c_uni_ca='3' AND c_asigna='300317' [1][0] OK
C:[09/11/2012 11:08:50.95][190.37.209.247][1232] SELECT c_asigna FROM dace004 WHERE exp_e='11-23417917' AND c_asigna='300207' AND status IN ('0','3','B') [1][0] OK
C:[09/11/2012 11:08:50.95][190.37.209.247][1232] SELECT c_asigna FROM dace004 WHERE exp_e='11-23417917' AND c_asigna='300209' AND status IN ('0','3','B') [1][0] OK
C:[09/11/2012 11:08:50.95][190.37.209.247][1219] SELECT pre_cod_asig1,pre_cod_asig2,pre_cod_asig3,pre_cod_asig4,pre_cod_asig5,pre_cod_asig6,pre_cod_asig7 FROM tblaca009 WHERE pensum='5' AND c_uni_ca='3' AND c_asigna='311320' [1][0] OK
C:[09/11/2012 11:08:50.95][190.37.209.247][1232] SELECT c_asigna FROM dace004 WHERE exp_e='11-23417917' AND c_asigna='300013' AND status IN ('0','3','B') [1][0] OK
C:[09/11/2012 11:08:50.95][190.37.209.247][1232] SELECT c_asigna FROM dace004 WHERE exp_e='11-23417917' AND c_asigna='300113' AND status IN ('0','3','B') [1][0] OK
C:[09/11/2012 11:08:50.95][190.37.209.247][1263] SELECT par_cod_asig1,par_cod_asig2,par_cod_asig3 FROM tblaca009 WHERE pensum='5' AND c_uni_ca='3' AND c_asigna='300228' [1][0] OK
C:[09/11/2012 11:08:50.95][190.37.209.247][1263] SELECT par_cod_asig1,par_cod_asig2,par_cod_asig3 FROM tblaca009 WHERE pensum='5' AND c_uni_ca='3' AND c_asigna='300317' [1][0] OK
C:[09/11/2012 11:08:50.95][190.37.209.247][1263] SELECT par_cod_asig1,par_cod_asig2,par_cod_asig3 FROM tblaca009 WHERE pensum='5' AND c_uni_ca='3' AND c_asigna='311320' [1][0] OK
C:[09/11/2012 11:08:50.33][190.37.209.247][1334] SELECT c_asigna FROM tblaca009 WHERE pensum='5' AND c_uni_ca='3' AND ((par_cod_asig1='300314') OR (par_cod_asig2='300314') OR (par_cod_asig3='300314'))  [0][0] OK
C:[09/11/2012 11:10:20.70][190.37.209.247][1219] SELECT pre_cod_asig1,pre_cod_asig2,pre_cod_asig3,pre_cod_asig4,pre_cod_asig5,pre_cod_asig6,pre_cod_asig7 FROM tblaca009 WHERE pensum='5' AND c_uni_ca='3' AND c_asigna='300314' [1][0] OK
C:[09/11/2012 11:10:20.70][190.37.209.247][1232] SELECT c_asigna FROM dace004 WHERE exp_e='11-23417917' AND c_asigna='300106' AND status IN ('0','3','B') [1][0] OK
C:[09/11/2012 11:10:20.70][190.37.209.247][1219] SELECT pre_cod_asig1,pre_cod_asig2,pre_cod_asig3,pre_cod_asig4,pre_cod_asig5,pre_cod_asig6,pre_cod_asig7 FROM tblaca009 WHERE pensum='5' AND c_uni_ca='3' AND c_asigna='300228' [1][0] OK
C:[09/11/2012 11:10:20.70][190.37.209.247][1232] SELECT c_asigna FROM dace004 WHERE exp_e='11-23417917' AND c_asigna='300101' AND status IN ('0','3','B') [1][0] OK
C:[09/11/2012 11:10:20.70][190.37.209.247][1219] SELECT pre_cod_asig1,pre_cod_asig2,pre_cod_asig3,pre_cod_asig4,pre_cod_asig5,pre_cod_asig6,pre_cod_asig7 FROM tblaca009 WHERE pensum='5' AND c_uni_ca='3' AND c_asigna='300317' [1][0] OK
C:[09/11/2012 11:10:20.70][190.37.209.247][1232] SELECT c_asigna FROM dace004 WHERE exp_e='11-23417917' AND c_asigna='300207' AND status IN ('0','3','B') [1][0] OK
C:[09/11/2012 11:10:20.70][190.37.209.247][1232] SELECT c_asigna FROM dace004 WHERE exp_e='11-23417917' AND c_asigna='300209' AND status IN ('0','3','B') [1][0] OK
C:[09/11/2012 11:10:20.70][190.37.209.247][1219] SELECT pre_cod_asig1,pre_cod_asig2,pre_cod_asig3,pre_cod_asig4,pre_cod_asig5,pre_cod_asig6,pre_cod_asig7 FROM tblaca009 WHERE pensum='5' AND c_uni_ca='3' AND c_asigna='311320' [1][0] OK
C:[09/11/2012 11:10:20.70][190.37.209.247][1232] SELECT c_asigna FROM dace004 WHERE exp_e='11-23417917' AND c_asigna='300013' AND status IN ('0','3','B') [1][0] OK
C:[09/11/2012 11:10:20.70][190.37.209.247][1232] SELECT c_asigna FROM dace004 WHERE exp_e='11-23417917' AND c_asigna='300113' AND status IN ('0','3','B') [1][0] OK
C:[09/11/2012 11:10:21.95][190.37.209.247][1263] SELECT par_cod_asig1,par_cod_asig2,par_cod_asig3 FROM tblaca009 WHERE pensum='5' AND c_uni_ca='3' AND c_asigna='300314' [1][0] OK
C:[09/11/2012 11:10:21.95][190.37.209.247][1263] SELECT par_cod_asig1,par_cod_asig2,par_cod_asig3 FROM tblaca009 WHERE pensum='5' AND c_uni_ca='3' AND c_asigna='300228' [1][0] OK
C:[09/11/2012 11:10:21.95][190.37.209.247][1263] SELECT par_cod_asig1,par_cod_asig2,par_cod_asig3 FROM tblaca009 WHERE pensum='5' AND c_uni_ca='3' AND c_asigna='300317' [1][0] OK
C:[09/11/2012 11:10:21.95][190.37.209.247][1263] SELECT par_cod_asig1,par_cod_asig2,par_cod_asig3 FROM tblaca009 WHERE pensum='5' AND c_uni_ca='3' AND c_asigna='311320' [1][0] OK
C:[09/11/2012 13:10:37.82][190.121.238.178][1219] SELECT pre_cod_asig1,pre_cod_asig2,pre_cod_asig3,pre_cod_asig4,pre_cod_asig5,pre_cod_asig6,pre_cod_asig7 FROM tblaca009 WHERE pensum='5' AND c_uni_ca='3' AND c_asigna='300313' [1][0] OK
C:[09/11/2012 13:10:37.82][190.121.238.178][1232] SELECT c_asigna FROM dace004 WHERE exp_e='09-20702063' AND c_asigna='300213' AND status IN ('0','3','B') [1][0] OK
C:[09/11/2012 13:10:37.82][190.121.238.178][1232] SELECT c_asigna FROM dace004 WHERE exp_e='09-20702063' AND c_asigna='300226' AND status IN ('0','3','B') [1][0] OK
C:[09/11/2012 13:10:37.82][190.121.238.178][1232] SELECT c_asigna FROM dace004 WHERE exp_e='09-20702063' AND c_asigna='300222' AND status IN ('0','3','B') [1][0] OK
C:[09/11/2012 13:10:37.82][190.121.238.178][1232] SELECT c_asigna FROM dace004 WHERE exp_e='09-20702063' AND c_asigna='300209' AND status IN ('0','3','B') [1][0] OK
C:[09/11/2012 13:10:37.82][190.121.238.178][1219] SELECT pre_cod_asig1,pre_cod_asig2,pre_cod_asig3,pre_cod_asig4,pre_cod_asig5,pre_cod_asig6,pre_cod_asig7 FROM tblaca009 WHERE pensum='5' AND c_uni_ca='3' AND c_asigna='311551' [1][0] OK
C:[09/11/2012 13:10:37.82][190.121.238.178][1232] SELECT c_asigna FROM dace004 WHERE exp_e='09-20702063' AND c_asigna='311430' AND status IN ('0','3','B') [1][0] OK
C:[09/11/2012 13:10:37.82][190.121.238.178][1232] SELECT c_asigna FROM dace004 WHERE exp_e='09-20702063' AND c_asigna='311431' AND status IN ('0','3','B') [1][0] OK
C:[09/11/2012 13:10:37.82][190.121.238.178][1232] SELECT c_asigna FROM dace004 WHERE exp_e='09-20702063' AND c_asigna='300222' AND status IN ('0','3','B') [1][0] OK
C:[09/11/2012 13:10:37.82][190.121.238.178][1232] SELECT c_asigna FROM dace004 WHERE exp_e='09-20702063' AND c_asigna='300226' AND status IN ('0','3','B') [1][0] OK
C:[09/11/2012 13:10:37.82][190.121.238.178][1232] SELECT c_asigna FROM dace004 WHERE exp_e='09-20702063' AND c_asigna='300209' AND status IN ('0','3','B') [1][0] OK
C:[09/11/2012 13:10:37.82][190.121.238.178][1232] SELECT c_asigna FROM dace004 WHERE exp_e='09-20702063' AND c_asigna='311320' AND status IN ('0','3','B') [1][0] OK
C:[09/11/2012 13:10:37.82][190.121.238.178][1219] SELECT pre_cod_asig1,pre_cod_asig2,pre_cod_asig3,pre_cod_asig4,pre_cod_asig5,pre_cod_asig6,pre_cod_asig7 FROM tblaca009 WHERE pensum='5' AND c_uni_ca='3' AND c_asigna='311554' [1][0] OK
C:[09/11/2012 13:10:37.82][190.121.238.178][1232] SELECT c_asigna FROM dace004 WHERE exp_e='09-20702063' AND c_asigna='300318' AND status IN ('0','3','B') [1][0] OK
C:[09/11/2012 13:10:37.82][190.121.238.178][1232] SELECT c_asigna FROM dace004 WHERE exp_e='09-20702063' AND c_asigna='300428' AND status IN ('0','3','B') [1][0] OK
C:[09/11/2012 13:10:37.82][190.121.238.178][1219] SELECT pre_cod_asig1,pre_cod_asig2,pre_cod_asig3,pre_cod_asig4,pre_cod_asig5,pre_cod_asig6,pre_cod_asig7 FROM tblaca009 WHERE pensum='5' AND c_uni_ca='3' AND c_asigna='311556' [1][0] OK
C:[09/11/2012 13:10:37.82][190.121.238.178][1232] SELECT c_asigna FROM dace004 WHERE exp_e='09-20702063' AND c_asigna='311434' AND status IN ('0','3','B') [1][0] OK
C:[09/11/2012 13:10:37.82][190.121.238.178][1232] SELECT c_asigna FROM dace004 WHERE exp_e='09-20702063' AND c_asigna='300222' AND status IN ('0','3','B') [1][0] OK
C:[09/11/2012 13:10:37.82][190.121.238.178][1232] SELECT c_asigna FROM dace004 WHERE exp_e='09-20702063' AND c_asigna='300226' AND status IN ('0','3','B') [1][0] OK
C:[09/11/2012 13:10:37.82][190.121.238.178][1232] SELECT c_asigna FROM dace004 WHERE exp_e='09-20702063' AND c_asigna='300209' AND status IN ('0','3','B') [1][0] OK
C:[09/11/2012 13:10:37.82][190.121.238.178][1219] SELECT pre_cod_asig1,pre_cod_asig2,pre_cod_asig3,pre_cod_asig4,pre_cod_asig5,pre_cod_asig6,pre_cod_asig7 FROM tblaca009 WHERE pensum='5' AND c_uni_ca='3' AND c_asigna='314787' [1][0] OK
C:[09/11/2012 13:10:37.82][190.121.238.178][1232] SELECT c_asigna FROM dace004 WHERE exp_e='09-20702063' AND c_asigna='314662' AND status IN ('0','3','B') [1][0] OK
C:[09/11/2012 13:10:37.82][190.121.238.178][1219] SELECT pre_cod_asig1,pre_cod_asig2,pre_cod_asig3,pre_cod_asig4,pre_cod_asig5,pre_cod_asig6,pre_cod_asig7 FROM tblaca009 WHERE pensum='5' AND c_uni_ca='3' AND c_asigna='315552' [1][0] OK
C:[09/11/2012 13:10:37.82][190.121.238.178][1232] SELECT c_asigna FROM dace004 WHERE exp_e='09-20702063' AND c_asigna='311430' AND status IN ('0','3','B') [1][0] OK
C:[09/11/2012 13:10:37.82][190.121.238.178][1232] SELECT c_asigna FROM dace004 WHERE exp_e='09-20702063' AND c_asigna='300222' AND status IN ('0','3','B') [1][0] OK
C:[09/11/2012 13:10:37.82][190.121.238.178][1232] SELECT c_asigna FROM dace004 WHERE exp_e='09-20702063' AND c_asigna='300226' AND status IN ('0','3','B') [1][0] OK
C:[09/11/2012 13:10:37.82][190.121.238.178][1232] SELECT c_asigna FROM dace004 WHERE exp_e='09-20702063' AND c_asigna='300209' AND status IN ('0','3','B') [1][0] OK
C:[09/11/2012 13:10:38.20][190.121.238.178][1263] SELECT par_cod_asig1,par_cod_asig2,par_cod_asig3 FROM tblaca009 WHERE pensum='5' AND c_uni_ca='3' AND c_asigna='300313' [1][0] OK
C:[09/11/2012 13:10:38.20][190.121.238.178][1263] SELECT par_cod_asig1,par_cod_asig2,par_cod_asig3 FROM tblaca009 WHERE pensum='5' AND c_uni_ca='3' AND c_asigna='311551' [1][0] OK
C:[09/11/2012 13:10:38.20][190.121.238.178][1263] SELECT par_cod_asig1,par_cod_asig2,par_cod_asig3 FROM tblaca009 WHERE pensum='5' AND c_uni_ca='3' AND c_asigna='311554' [1][0] OK
C:[09/11/2012 13:10:38.20][190.121.238.178][1263] SELECT par_cod_asig1,par_cod_asig2,par_cod_asig3 FROM tblaca009 WHERE pensum='5' AND c_uni_ca='3' AND c_asigna='311556' [1][0] OK
C:[09/11/2012 13:10:38.20][190.121.238.178][1277] SELECT c_asigna FROM dace004 WHERE exp_e='09-20702063' AND c_asigna='311551' AND status IN ('0','3','B','C') [0][0] OK
C:[09/11/2012 13:10:38.20][190.121.238.178][1263] SELECT par_cod_asig1,par_cod_asig2,par_cod_asig3 FROM tblaca009 WHERE pensum='5' AND c_uni_ca='3' AND c_asigna='314787' [1][0] OK
C:[09/11/2012 13:10:38.20][190.121.238.178][1263] SELECT par_cod_asig1,par_cod_asig2,par_cod_asig3 FROM tblaca009 WHERE pensum='5' AND c_uni_ca='3' AND c_asigna='315552' [1][0] OK
C:[09/11/2012 13:10:38.07][190.121.238.178][1334] SELECT c_asigna FROM tblaca009 WHERE pensum='5' AND c_uni_ca='3' AND ((par_cod_asig1='300422') OR (par_cod_asig2='300422') OR (par_cod_asig3='300422'))  [0][0] OK
C:[09/11/2012 14:00:33.48][190.36.17.190][1219] SELECT pre_cod_asig1,pre_cod_asig2,pre_cod_asig3,pre_cod_asig4,pre_cod_asig5,pre_cod_asig6,pre_cod_asig7 FROM tblaca009 WHERE pensum='5' AND c_uni_ca='2' AND c_asigna='322702' [1][0] OK
C:[09/11/2012 14:00:33.48][190.36.17.190][1232] SELECT c_asigna FROM dace004 WHERE exp_e='01-14509184' AND c_asigna='322683' AND status IN ('0','3','B') [1][0] OK
C:[09/11/2012 14:00:33.48][190.36.17.190][1232] SELECT c_asigna FROM dace004 WHERE exp_e='01-14509184' AND c_asigna='300313' AND status IN ('0','3','B') [1][0] OK
C:[09/11/2012 14:00:33.42][190.36.17.190][1263] SELECT par_cod_asig1,par_cod_asig2,par_cod_asig3 FROM tblaca009 WHERE pensum='5' AND c_uni_ca='2' AND c_asigna='322702' [1][0] OK
C:[09/11/2012 14:00:33.55][190.36.17.190][1334] SELECT c_asigna FROM tblaca009 WHERE pensum='5' AND c_uni_ca='2' AND ((par_cod_asig1='322904') OR (par_cod_asig2='322904') OR (par_cod_asig3='322904'))  [0][0] OK
C:[09/11/2012 14:00:33.55][190.36.17.190][1334] SELECT c_asigna FROM tblaca009 WHERE pensum='5' AND c_uni_ca='2' AND ((par_cod_asig1='322936') OR (par_cod_asig2='322936') OR (par_cod_asig3='322936'))  [0][0] OK
C:[09/11/2012 14:49:54.04][200.109.213.65][1219] SELECT pre_cod_asig1,pre_cod_asig2,pre_cod_asig3,pre_cod_asig4,pre_cod_asig5,pre_cod_asig6,pre_cod_asig7 FROM tblaca009 WHERE pensum='5' AND c_uni_ca='6' AND c_asigna='300218' [1][0] OK
C:[09/11/2012 14:49:54.04][200.109.213.65][1219] SELECT pre_cod_asig1,pre_cod_asig2,pre_cod_asig3,pre_cod_asig4,pre_cod_asig5,pre_cod_asig6,pre_cod_asig7 FROM tblaca009 WHERE pensum='5' AND c_uni_ca='6' AND c_asigna='300213' [1][0] OK
C:[09/11/2012 14:49:54.04][200.109.213.65][1232] SELECT c_asigna FROM dace004 WHERE exp_e='09-20285420' AND c_asigna='300101' AND status IN ('0','3','B') [1][0] OK
C:[09/11/2012 14:49:54.04][200.109.213.65][1219] SELECT pre_cod_asig1,pre_cod_asig2,pre_cod_asig3,pre_cod_asig4,pre_cod_asig5,pre_cod_asig6,pre_cod_asig7 FROM tblaca009 WHERE pensum='5' AND c_uni_ca='6' AND c_asigna='300226' [1][0] OK
C:[09/11/2012 14:49:54.04][200.109.213.65][1232] SELECT c_asigna FROM dace004 WHERE exp_e='09-20285420' AND c_asigna='300116' AND status IN ('0','3','B') [1][0] OK
C:[09/11/2012 14:49:54.04][200.109.213.65][1219] SELECT pre_cod_asig1,pre_cod_asig2,pre_cod_asig3,pre_cod_asig4,pre_cod_asig5,pre_cod_asig6,pre_cod_asig7 FROM tblaca009 WHERE pensum='5' AND c_uni_ca='6' AND c_asigna='300228' [1][0] OK
C:[09/11/2012 14:49:54.04][200.109.213.65][1232] SELECT c_asigna FROM dace004 WHERE exp_e='09-20285420' AND c_asigna='300101' AND status IN ('0','3','B') [1][0] OK
C:[09/11/2012 14:49:54.91][200.109.213.65][1263] SELECT par_cod_asig1,par_cod_asig2,par_cod_asig3 FROM tblaca009 WHERE pensum='5' AND c_uni_ca='6' AND c_asigna='300218' [1][0] OK
C:[09/11/2012 14:49:54.91][200.109.213.65][1277] SELECT c_asigna FROM dace004 WHERE exp_e='09-20285420' AND c_asigna='300228' AND status IN ('0','3','B','C') [0][0] OK
C:[09/11/2012 14:49:54.91][200.109.213.65][1263] SELECT par_cod_asig1,par_cod_asig2,par_cod_asig3 FROM tblaca009 WHERE pensum='5' AND c_uni_ca='6' AND c_asigna='300213' [1][0] OK
C:[09/11/2012 14:49:54.91][200.109.213.65][1277] SELECT c_asigna FROM dace004 WHERE exp_e='09-20285420' AND c_asigna='300209' AND status IN ('0','3','B','C') [1][0] OK
C:[09/11/2012 14:49:54.91][200.109.213.65][1263] SELECT par_cod_asig1,par_cod_asig2,par_cod_asig3 FROM tblaca009 WHERE pensum='5' AND c_uni_ca='6' AND c_asigna='300226' [1][0] OK
C:[09/11/2012 14:49:54.91][200.109.213.65][1263] SELECT par_cod_asig1,par_cod_asig2,par_cod_asig3 FROM tblaca009 WHERE pensum='5' AND c_uni_ca='6' AND c_asigna='300228' [1][0] OK
C:[09/11/2012 15:05:51.02][181.183.21.116][1219] SELECT pre_cod_asig1,pre_cod_asig2,pre_cod_asig3,pre_cod_asig4,pre_cod_asig5,pre_cod_asig6,pre_cod_asig7 FROM tblaca009 WHERE pensum='5' AND c_uni_ca='2' AND c_asigna='300677' [1][0] OK
C:[09/11/2012 15:05:51.02][181.183.21.116][1219] SELECT pre_cod_asig1,pre_cod_asig2,pre_cod_asig3,pre_cod_asig4,pre_cod_asig5,pre_cod_asig6,pre_cod_asig7 FROM tblaca009 WHERE pensum='5' AND c_uni_ca='2' AND c_asigna='322605' [1][0] OK
C:[09/11/2012 15:05:51.02][181.183.21.116][1232] SELECT c_asigna FROM dace004 WHERE exp_e='09-19905577' AND c_asigna='322436' AND status IN ('0','3','B') [1][0] OK
C:[09/11/2012 15:05:51.02][181.183.21.116][1219] SELECT pre_cod_asig1,pre_cod_asig2,pre_cod_asig3,pre_cod_asig4,pre_cod_asig5,pre_cod_asig6,pre_cod_asig7 FROM tblaca009 WHERE pensum='5' AND c_uni_ca='2' AND c_asigna='322681' [1][0] OK
C:[09/11/2012 15:05:51.02][181.183.21.116][1232] SELECT c_asigna FROM dace004 WHERE exp_e='09-19905577' AND c_asigna='320437' AND status IN ('0','3','B') [1][0] OK
C:[09/11/2012 15:05:51.02][181.183.21.116][1232] SELECT c_asigna FROM dace004 WHERE exp_e='09-19905577' AND c_asigna='322449' AND status IN ('0','3','B') [1][0] OK
C:[09/11/2012 15:05:51.02][181.183.21.116][1232] SELECT c_asigna FROM dace004 WHERE exp_e='09-19905577' AND c_asigna='300313' AND status IN ('0','3','B') [1][0] OK
C:[09/11/2012 15:05:51.02][181.183.21.116][1232] SELECT c_asigna FROM dace004 WHERE exp_e='09-19905577' AND c_asigna='300209' AND status IN ('0','3','B') [1][0] OK
C:[09/11/2012 15:05:51.02][181.183.21.116][1232] SELECT c_asigna FROM dace004 WHERE exp_e='09-19905577' AND c_asigna='300226' AND status IN ('0','3','B') [1][0] OK
C:[09/11/2012 15:05:51.02][181.183.21.116][1219] SELECT pre_cod_asig1,pre_cod_asig2,pre_cod_asig3,pre_cod_asig4,pre_cod_asig5,pre_cod_asig6,pre_cod_asig7 FROM tblaca009 WHERE pensum='5' AND c_uni_ca='2' AND c_asigna='322683' [1][0] OK
C:[09/11/2012 15:05:51.02][181.183.21.116][1232] SELECT c_asigna FROM dace004 WHERE exp_e='09-19905577' AND c_asigna='322560' AND status IN ('0','3','B') [1][0] OK
C:[09/11/2012 15:05:51.02][181.183.21.116][1219] SELECT pre_cod_asig1,pre_cod_asig2,pre_cod_asig3,pre_cod_asig4,pre_cod_asig5,pre_cod_asig6,pre_cod_asig7 FROM tblaca009 WHERE pensum='5' AND c_uni_ca='2' AND c_asigna='322703' [1][0] OK
C:[09/11/2012 15:05:51.02][181.183.21.116][1232] SELECT c_asigna FROM dace004 WHERE exp_e='09-19905577' AND c_asigna='322669' AND status IN ('0','3','B') [1][0] OK
C:[09/11/2012 15:05:51.02][181.183.21.116][1219] SELECT pre_cod_asig1,pre_cod_asig2,pre_cod_asig3,pre_cod_asig4,pre_cod_asig5,pre_cod_asig6,pre_cod_asig7 FROM tblaca009 WHERE pensum='5' AND c_uni_ca='2' AND c_asigna='322780' [1][0] OK
C:[09/11/2012 15:05:51.02][181.183.21.116][1232] SELECT c_asigna FROM dace004 WHERE exp_e='09-19905577' AND c_asigna='322678' AND status IN ('0','3','B') [1][0] OK
C:[09/11/2012 15:05:52.89][181.183.21.116][1263] SELECT par_cod_asig1,par_cod_asig2,par_cod_asig3 FROM tblaca009 WHERE pensum='5' AND c_uni_ca='2' AND c_asigna='300677' [1][0] OK
C:[09/11/2012 15:05:52.89][181.183.21.116][1263] SELECT par_cod_asig1,par_cod_asig2,par_cod_asig3 FROM tblaca009 WHERE pensum='5' AND c_uni_ca='2' AND c_asigna='322605' [1][0] OK
C:[09/11/2012 15:05:52.89][181.183.21.116][1263] SELECT par_cod_asig1,par_cod_asig2,par_cod_asig3 FROM tblaca009 WHERE pensum='5' AND c_uni_ca='2' AND c_asigna='322681' [1][0] OK
C:[09/11/2012 15:05:52.89][181.183.21.116][1263] SELECT par_cod_asig1,par_cod_asig2,par_cod_asig3 FROM tblaca009 WHERE pensum='5' AND c_uni_ca='2' AND c_asigna='322683' [1][0] OK
C:[09/11/2012 15:05:52.89][181.183.21.116][1277] SELECT c_asigna FROM dace004 WHERE exp_e='09-19905577' AND c_asigna='322681' AND status IN ('0','3','B','C') [0][0] OK
C:[09/11/2012 15:05:52.89][181.183.21.116][1263] SELECT par_cod_asig1,par_cod_asig2,par_cod_asig3 FROM tblaca009 WHERE pensum='5' AND c_uni_ca='2' AND c_asigna='322703' [1][0] OK
C:[09/11/2012 15:05:52.89][181.183.21.116][1263] SELECT par_cod_asig1,par_cod_asig2,par_cod_asig3 FROM tblaca009 WHERE pensum='5' AND c_uni_ca='2' AND c_asigna='322780' [1][0] OK
C:[09/11/2012 15:05:52.77][181.183.21.116][1334] SELECT c_asigna FROM tblaca009 WHERE pensum='5' AND c_uni_ca='2' AND ((par_cod_asig1='300422') OR (par_cod_asig2='300422') OR (par_cod_asig3='300422'))  [0][0] OK
C:[09/11/2012 16:14:10.75][190.37.209.247][1219] SELECT pre_cod_asig1,pre_cod_asig2,pre_cod_asig3,pre_cod_asig4,pre_cod_asig5,pre_cod_asig6,pre_cod_asig7 FROM tblaca009 WHERE pensum='5' AND c_uni_ca='2' AND c_asigna='300213' [1][0] OK
C:[09/11/2012 16:14:10.75][190.37.209.247][1232] SELECT c_asigna FROM dace004 WHERE exp_e='11-25081209' AND c_asigna='300101' AND status IN ('0','3','B') [1][0] OK
C:[09/11/2012 16:14:10.75][190.37.209.247][1219] SELECT pre_cod_asig1,pre_cod_asig2,pre_cod_asig3,pre_cod_asig4,pre_cod_asig5,pre_cod_asig6,pre_cod_asig7 FROM tblaca009 WHERE pensum='5' AND c_uni_ca='2' AND c_asigna='300207' [1][0] OK
C:[09/11/2012 16:14:10.75][190.37.209.247][1232] SELECT c_asigna FROM dace004 WHERE exp_e='11-25081209' AND c_asigna='300101' AND status IN ('0','3','B') [1][0] OK
C:[09/11/2012 16:14:10.75][190.37.209.247][1219] SELECT pre_cod_asig1,pre_cod_asig2,pre_cod_asig3,pre_cod_asig4,pre_cod_asig5,pre_cod_asig6,pre_cod_asig7 FROM tblaca009 WHERE pensum='5' AND c_uni_ca='2' AND c_asigna='300218' [1][0] OK
C:[09/11/2012 16:14:10.75][190.37.209.247][1219] SELECT pre_cod_asig1,pre_cod_asig2,pre_cod_asig3,pre_cod_asig4,pre_cod_asig5,pre_cod_asig6,pre_cod_asig7 FROM tblaca009 WHERE pensum='5' AND c_uni_ca='2' AND c_asigna='300222' [1][0] OK
C:[09/11/2012 16:14:10.75][190.37.209.247][1232] SELECT c_asigna FROM dace004 WHERE exp_e='11-25081209' AND c_asigna='300112' AND status IN ('0','3','B') [1][0] OK
C:[09/11/2012 16:14:10.75][190.37.209.247][1219] SELECT pre_cod_asig1,pre_cod_asig2,pre_cod_asig3,pre_cod_asig4,pre_cod_asig5,pre_cod_asig6,pre_cod_asig7 FROM tblaca009 WHERE pensum='5' AND c_uni_ca='2' AND c_asigna='300226' [1][0] OK
C:[09/11/2012 16:14:10.75][190.37.209.247][1232] SELECT c_asigna FROM dace004 WHERE exp_e='11-25081209' AND c_asigna='300116' AND status IN ('0','3','B') [1][0] OK
C:[09/11/2012 16:14:10.75][190.37.209.247][1219] SELECT pre_cod_asig1,pre_cod_asig2,pre_cod_asig3,pre_cod_asig4,pre_cod_asig5,pre_cod_asig6,pre_cod_asig7 FROM tblaca009 WHERE pensum='5' AND c_uni_ca='2' AND c_asigna='300228' [1][0] OK
C:[09/11/2012 16:14:10.75][190.37.209.247][1232] SELECT c_asigna FROM dace004 WHERE exp_e='11-25081209' AND c_asigna='300101' AND status IN ('0','3','B') [1][0] OK
C:[09/11/2012 16:14:10.75][190.37.209.247][1219] SELECT pre_cod_asig1,pre_cod_asig2,pre_cod_asig3,pre_cod_asig4,pre_cod_asig5,pre_cod_asig6,pre_cod_asig7 FROM tblaca009 WHERE pensum='5' AND c_uni_ca='2' AND c_asigna='300314' [1][0] OK
C:[09/11/2012 16:14:10.75][190.37.209.247][1232] SELECT c_asigna FROM dace004 WHERE exp_e='11-25081209' AND c_asigna='300106' AND status IN ('0','3','B') [1][0] OK
C:[09/11/2012 16:14:11.37][190.37.209.247][1263] SELECT par_cod_asig1,par_cod_asig2,par_cod_asig3 FROM tblaca009 WHERE pensum='5' AND c_uni_ca='2' AND c_asigna='300213' [1][0] OK
C:[09/11/2012 16:14:11.37][190.37.209.247][1277] SELECT c_asigna FROM dace004 WHERE exp_e='11-25081209' AND c_asigna='300209' AND status IN ('0','3','B','C') [1][0] OK
C:[09/11/2012 16:14:11.37][190.37.209.247][1263] SELECT par_cod_asig1,par_cod_asig2,par_cod_asig3 FROM tblaca009 WHERE pensum='5' AND c_uni_ca='2' AND c_asigna='300207' [1][0] OK
C:[09/11/2012 16:14:11.37][190.37.209.247][1263] SELECT par_cod_asig1,par_cod_asig2,par_cod_asig3 FROM tblaca009 WHERE pensum='5' AND c_uni_ca='2' AND c_asigna='300218' [1][0] OK
C:[09/11/2012 16:14:11.37][190.37.209.247][1277] SELECT c_asigna FROM dace004 WHERE exp_e='11-25081209' AND c_asigna='300228' AND status IN ('0','3','B','C') [0][0] OK
C:[09/11/2012 16:14:11.37][190.37.209.247][1263] SELECT par_cod_asig1,par_cod_asig2,par_cod_asig3 FROM tblaca009 WHERE pensum='5' AND c_uni_ca='2' AND c_asigna='300222' [1][0] OK
C:[09/11/2012 16:14:11.37][190.37.209.247][1263] SELECT par_cod_asig1,par_cod_asig2,par_cod_asig3 FROM tblaca009 WHERE pensum='5' AND c_uni_ca='2' AND c_asigna='300226' [1][0] OK
C:[09/11/2012 16:14:11.37][190.37.209.247][1263] SELECT par_cod_asig1,par_cod_asig2,par_cod_asig3 FROM tblaca009 WHERE pensum='5' AND c_uni_ca='2' AND c_asigna='300228' [1][0] OK
C:[09/11/2012 16:14:11.37][190.37.209.247][1263] SELECT par_cod_asig1,par_cod_asig2,par_cod_asig3 FROM tblaca009 WHERE pensum='5' AND c_uni_ca='2' AND c_asigna='300314' [1][0] OK
C:[09/11/2012 16:31:16.37][190.37.209.247][1219] SELECT pre_cod_asig1,pre_cod_asig2,pre_cod_asig3,pre_cod_asig4,pre_cod_asig5,pre_cod_asig6,pre_cod_asig7 FROM tblaca009 WHERE pensum='5' AND c_uni_ca='6' AND c_asigna='300314' [1][0] OK
C:[09/11/2012 16:31:16.37][190.37.209.247][1232] SELECT c_asigna FROM dace004 WHERE exp_e='12-22828312' AND c_asigna='300106' AND status IN ('0','3','B') [1][0] OK
C:[09/11/2012 16:31:16.37][190.37.209.247][1219] SELECT pre_cod_asig1,pre_cod_asig2,pre_cod_asig3,pre_cod_asig4,pre_cod_asig5,pre_cod_asig6,pre_cod_asig7 FROM tblaca009 WHERE pensum='5' AND c_uni_ca='6' AND c_asigna='300101' [1][0] OK
C:[09/11/2012 16:31:16.37][190.37.209.247][1219] SELECT pre_cod_asig1,pre_cod_asig2,pre_cod_asig3,pre_cod_asig4,pre_cod_asig5,pre_cod_asig6,pre_cod_asig7 FROM tblaca009 WHERE pensum='5' AND c_uni_ca='6' AND c_asigna='300113' [1][0] OK
C:[09/11/2012 16:31:16.37][190.37.209.247][1219] SELECT pre_cod_asig1,pre_cod_asig2,pre_cod_asig3,pre_cod_asig4,pre_cod_asig5,pre_cod_asig6,pre_cod_asig7 FROM tblaca009 WHERE pensum='5' AND c_uni_ca='6' AND c_asigna='300226' [1][0] OK
C:[09/11/2012 16:31:16.37][190.37.209.247][1232] SELECT c_asigna FROM dace004 WHERE exp_e='12-22828312' AND c_asigna='300116' AND status IN ('0','3','B') [1][0] OK
C:[09/11/2012 16:31:16.11][190.37.209.247][1263] SELECT par_cod_asig1,par_cod_asig2,par_cod_asig3 FROM tblaca009 WHERE pensum='5' AND c_uni_ca='6' AND c_asigna='300314' [1][0] OK
C:[09/11/2012 16:31:16.11][190.37.209.247][1263] SELECT par_cod_asig1,par_cod_asig2,par_cod_asig3 FROM tblaca009 WHERE pensum='5' AND c_uni_ca='6' AND c_asigna='300101' [1][0] OK
C:[09/11/2012 16:31:16.11][190.37.209.247][1263] SELECT par_cod_asig1,par_cod_asig2,par_cod_asig3 FROM tblaca009 WHERE pensum='5' AND c_uni_ca='6' AND c_asigna='300113' [1][0] OK
C:[09/11/2012 16:31:16.11][190.37.209.247][1277] SELECT c_asigna FROM dace004 WHERE exp_e='12-22828312' AND c_asigna='300013' AND status IN ('0','3','B','C') [1][0] OK
C:[09/11/2012 16:31:16.11][190.37.209.247][1263] SELECT par_cod_asig1,par_cod_asig2,par_cod_asig3 FROM tblaca009 WHERE pensum='5' AND c_uni_ca='6' AND c_asigna='300226' [1][0] OK
C:[09/11/2012 17:33:18.25][190.37.209.247][1219] SELECT pre_cod_asig1,pre_cod_asig2,pre_cod_asig3,pre_cod_asig4,pre_cod_asig5,pre_cod_asig6,pre_cod_asig7 FROM tblaca009 WHERE pensum='5' AND c_uni_ca='3' AND c_asigna='311554' [1][0] OK
C:[09/11/2012 17:33:18.25][190.37.209.247][1232] SELECT c_asigna FROM dace004 WHERE exp_e='06-16613925' AND c_asigna='300318' AND status IN ('0','3','B') [1][0] OK
C:[09/11/2012 17:33:18.25][190.37.209.247][1232] SELECT c_asigna FROM dace004 WHERE exp_e='06-16613925' AND c_asigna='300428' AND status IN ('0','3','B') [1][0] OK
C:[09/11/2012 17:33:18.25][190.37.209.247][1219] SELECT pre_cod_asig1,pre_cod_asig2,pre_cod_asig3,pre_cod_asig4,pre_cod_asig5,pre_cod_asig6,pre_cod_asig7 FROM tblaca009 WHERE pensum='5' AND c_uni_ca='3' AND c_asigna='300676' [1][0] OK
C:[09/11/2012 17:33:18.25][190.37.209.247][1219] SELECT pre_cod_asig1,pre_cod_asig2,pre_cod_asig3,pre_cod_asig4,pre_cod_asig5,pre_cod_asig6,pre_cod_asig7 FROM tblaca009 WHERE pensum='5' AND c_uni_ca='3' AND c_asigna='310548' [1][0] OK
C:[09/11/2012 17:33:18.25][190.37.209.247][1232] SELECT c_asigna FROM dace004 WHERE exp_e='06-16613925' AND c_asigna='300428' AND status IN ('0','3','B') [1][0] OK
C:[09/11/2012 17:33:18.25][190.37.209.247][1232] SELECT c_asigna FROM dace004 WHERE exp_e='06-16613925' AND c_asigna='300313' AND status IN ('0','3','B') [1][0] OK
C:[09/11/2012 17:33:18.25][190.37.209.247][1232] SELECT c_asigna FROM dace004 WHERE exp_e='06-16613925' AND c_asigna='300222' AND status IN ('0','3','B') [1][0] OK
C:[09/11/2012 17:33:18.25][190.37.209.247][1232] SELECT c_asigna FROM dace004 WHERE exp_e='06-16613925' AND c_asigna='300226' AND status IN ('0','3','B') [1][0] OK
C:[09/11/2012 17:33:18.25][190.37.209.247][1232] SELECT c_asigna FROM dace004 WHERE exp_e='06-16613925' AND c_asigna='300209' AND status IN ('0','3','B') [1][0] OK
C:[09/11/2012 17:33:18.25][190.37.209.247][1219] SELECT pre_cod_asig1,pre_cod_asig2,pre_cod_asig3,pre_cod_asig4,pre_cod_asig5,pre_cod_asig6,pre_cod_asig7 FROM tblaca009 WHERE pensum='5' AND c_uni_ca='3' AND c_asigna='311556' [1][0] OK
C:[09/11/2012 17:33:18.25][190.37.209.247][1232] SELECT c_asigna FROM dace004 WHERE exp_e='06-16613925' AND c_asigna='311434' AND status IN ('0','3','B') [1][0] OK
C:[09/11/2012 17:33:18.25][190.37.209.247][1232] SELECT c_asigna FROM dace004 WHERE exp_e='06-16613925' AND c_asigna='300222' AND status IN ('0','3','B') [1][0] OK
C:[09/11/2012 17:33:18.25][190.37.209.247][1232] SELECT c_asigna FROM dace004 WHERE exp_e='06-16613925' AND c_asigna='300226' AND status IN ('0','3','B') [1][0] OK
C:[09/11/2012 17:33:18.25][190.37.209.247][1232] SELECT c_asigna FROM dace004 WHERE exp_e='06-16613925' AND c_asigna='300209' AND status IN ('0','3','B') [1][0] OK
C:[09/11/2012 17:33:18.25][190.37.209.247][1219] SELECT pre_cod_asig1,pre_cod_asig2,pre_cod_asig3,pre_cod_asig4,pre_cod_asig5,pre_cod_asig6,pre_cod_asig7 FROM tblaca009 WHERE pensum='5' AND c_uni_ca='3' AND c_asigna='314662' [1][0] OK
C:[09/11/2012 17:33:18.25][190.37.209.247][1232] SELECT c_asigna FROM dace004 WHERE exp_e='06-16613925' AND c_asigna='311552' AND status IN ('0','3','B') [1][0] OK
C:[09/11/2012 17:33:18.25][190.37.209.247][1219] SELECT pre_cod_asig1,pre_cod_asig2,pre_cod_asig3,pre_cod_asig4,pre_cod_asig5,pre_cod_asig6,pre_cod_asig7 FROM tblaca009 WHERE pensum='5' AND c_uni_ca='3' AND c_asigna='315552' [1][0] OK
C:[09/11/2012 17:33:18.25][190.37.209.247][1232] SELECT c_asigna FROM dace004 WHERE exp_e='06-16613925' AND c_asigna='311430' AND status IN ('0','3','B') [1][0] OK
C:[09/11/2012 17:33:18.25][190.37.209.247][1232] SELECT c_asigna FROM dace004 WHERE exp_e='06-16613925' AND c_asigna='300222' AND status IN ('0','3','B') [1][0] OK
C:[09/11/2012 17:33:18.25][190.37.209.247][1232] SELECT c_asigna FROM dace004 WHERE exp_e='06-16613925' AND c_asigna='300226' AND status IN ('0','3','B') [1][0] OK
C:[09/11/2012 17:33:18.25][190.37.209.247][1232] SELECT c_asigna FROM dace004 WHERE exp_e='06-16613925' AND c_asigna='300209' AND status IN ('0','3','B') [1][0] OK
C:[09/11/2012 17:33:19.00][190.37.209.247][1263] SELECT par_cod_asig1,par_cod_asig2,par_cod_asig3 FROM tblaca009 WHERE pensum='5' AND c_uni_ca='3' AND c_asigna='311554' [1][0] OK
C:[09/11/2012 17:33:19.00][190.37.209.247][1263] SELECT par_cod_asig1,par_cod_asig2,par_cod_asig3 FROM tblaca009 WHERE pensum='5' AND c_uni_ca='3' AND c_asigna='300676' [1][0] OK
C:[09/11/2012 17:33:19.00][190.37.209.247][1263] SELECT par_cod_asig1,par_cod_asig2,par_cod_asig3 FROM tblaca009 WHERE pensum='5' AND c_uni_ca='3' AND c_asigna='310548' [1][0] OK
C:[09/11/2012 17:33:19.00][190.37.209.247][1263] SELECT par_cod_asig1,par_cod_asig2,par_cod_asig3 FROM tblaca009 WHERE pensum='5' AND c_uni_ca='3' AND c_asigna='311556' [1][0] OK
C:[09/11/2012 17:33:19.00][190.37.209.247][1277] SELECT c_asigna FROM dace004 WHERE exp_e='06-16613925' AND c_asigna='311551' AND status IN ('0','3','B','C') [1][0] OK
C:[09/11/2012 17:33:19.00][190.37.209.247][1263] SELECT par_cod_asig1,par_cod_asig2,par_cod_asig3 FROM tblaca009 WHERE pensum='5' AND c_uni_ca='3' AND c_asigna='314662' [1][0] OK
C:[09/11/2012 17:33:19.00][190.37.209.247][1263] SELECT par_cod_asig1,par_cod_asig2,par_cod_asig3 FROM tblaca009 WHERE pensum='5' AND c_uni_ca='3' AND c_asigna='315552' [1][0] OK
C:[09/11/2012 18:27:28.57][190.200.28.144][1219] SELECT pre_cod_asig1,pre_cod_asig2,pre_cod_asig3,pre_cod_asig4,pre_cod_asig5,pre_cod_asig6,pre_cod_asig7 FROM tblaca009 WHERE pensum='5' AND c_uni_ca='3' AND c_asigna='300013' [1][0] OK
C:[09/11/2012 18:27:28.69][190.200.28.144][1263] SELECT par_cod_asig1,par_cod_asig2,par_cod_asig3 FROM tblaca009 WHERE pensum='5' AND c_uni_ca='3' AND c_asigna='300013' [1][0] OK
C:[09/11/2012 18:27:28.81][190.200.28.144][1334] SELECT c_asigna FROM tblaca009 WHERE pensum='5' AND c_uni_ca='3' AND ((par_cod_asig1='300207') OR (par_cod_asig2='300207') OR (par_cod_asig3='300207'))  [0][0] OK
C:[09/11/2012 23:00:16.57][200.109.206.39][1219] SELECT pre_cod_asig1,pre_cod_asig2,pre_cod_asig3,pre_cod_asig4,pre_cod_asig5,pre_cod_asig6,pre_cod_asig7 FROM tblaca009 WHERE pensum='5' AND c_uni_ca='5' AND c_asigna='300213' [1][0] OK
C:[09/11/2012 23:00:16.57][200.109.206.39][1232] SELECT c_asigna FROM dace004 WHERE exp_e='11-21609113' AND c_asigna='300101' AND status IN ('0','3','B') [1][0] OK
C:[09/11/2012 23:00:16.57][200.109.206.39][1219] SELECT pre_cod_asig1,pre_cod_asig2,pre_cod_asig3,pre_cod_asig4,pre_cod_asig5,pre_cod_asig6,pre_cod_asig7 FROM tblaca009 WHERE pensum='5' AND c_uni_ca='5' AND c_asigna='300207' [1][0] OK
C:[09/11/2012 23:00:16.57][200.109.206.39][1232] SELECT c_asigna FROM dace004 WHERE exp_e='11-21609113' AND c_asigna='300101' AND status IN ('0','3','B') [1][0] OK
C:[09/11/2012 23:00:16.57][200.109.206.39][1219] SELECT pre_cod_asig1,pre_cod_asig2,pre_cod_asig3,pre_cod_asig4,pre_cod_asig5,pre_cod_asig6,pre_cod_asig7 FROM tblaca009 WHERE pensum='5' AND c_uni_ca='5' AND c_asigna='300209' [1][0] OK
C:[09/11/2012 23:00:16.57][200.109.206.39][1232] SELECT c_asigna FROM dace004 WHERE exp_e='11-21609113' AND c_asigna='300101' AND status IN ('0','3','B') [1][0] OK
C:[09/11/2012 23:00:16.57][200.109.206.39][1219] SELECT pre_cod_asig1,pre_cod_asig2,pre_cod_asig3,pre_cod_asig4,pre_cod_asig5,pre_cod_asig6,pre_cod_asig7 FROM tblaca009 WHERE pensum='5' AND c_uni_ca='5' AND c_asigna='300222' [1][0] OK
C:[09/11/2012 23:00:16.57][200.109.206.39][1232] SELECT c_asigna FROM dace004 WHERE exp_e='11-21609113' AND c_asigna='300112' AND status IN ('0','3','B') [1][0] OK
C:[09/11/2012 23:00:16.57][200.109.206.39][1219] SELECT pre_cod_asig1,pre_cod_asig2,pre_cod_asig3,pre_cod_asig4,pre_cod_asig5,pre_cod_asig6,pre_cod_asig7 FROM tblaca009 WHERE pensum='5' AND c_uni_ca='5' AND c_asigna='300228' [1][0] OK
C:[09/11/2012 23:00:16.57][200.109.206.39][1232] SELECT c_asigna FROM dace004 WHERE exp_e='11-21609113' AND c_asigna='300101' AND status IN ('0','3','B') [1][0] OK
C:[09/11/2012 23:00:17.82][200.109.206.39][1263] SELECT par_cod_asig1,par_cod_asig2,par_cod_asig3 FROM tblaca009 WHERE pensum='5' AND c_uni_ca='5' AND c_asigna='300213' [1][0] OK
C:[09/11/2012 23:00:17.82][200.109.206.39][1277] SELECT c_asigna FROM dace004 WHERE exp_e='11-21609113' AND c_asigna='300209' AND status IN ('0','3','B','C') [0][0] OK
C:[09/11/2012 23:00:17.82][200.109.206.39][1263] SELECT par_cod_asig1,par_cod_asig2,par_cod_asig3 FROM tblaca009 WHERE pensum='5' AND c_uni_ca='5' AND c_asigna='300207' [1][0] OK
C:[09/11/2012 23:00:17.82][200.109.206.39][1263] SELECT par_cod_asig1,par_cod_asig2,par_cod_asig3 FROM tblaca009 WHERE pensum='5' AND c_uni_ca='5' AND c_asigna='300209' [1][0] OK
C:[09/11/2012 23:00:17.82][200.109.206.39][1263] SELECT par_cod_asig1,par_cod_asig2,par_cod_asig3 FROM tblaca009 WHERE pensum='5' AND c_uni_ca='5' AND c_asigna='300222' [1][0] OK
C:[09/11/2012 23:00:17.82][200.109.206.39][1263] SELECT par_cod_asig1,par_cod_asig2,par_cod_asig3 FROM tblaca009 WHERE pensum='5' AND c_uni_ca='5' AND c_asigna='300228' [1][0] OK
C:[10/11/2012 10:27:54.81][186.90.173.129][1219] SELECT pre_cod_asig1,pre_cod_asig2,pre_cod_asig3,pre_cod_asig4,pre_cod_asig5,pre_cod_asig6,pre_cod_asig7 FROM tblaca009 WHERE pensum='5' AND c_uni_ca='3' AND c_asigna='300422' [1][0] OK
C:[10/11/2012 10:27:54.81][186.90.173.129][1232] SELECT c_asigna FROM dace004 WHERE exp_e='09-20808341' AND c_asigna='300105' AND status IN ('0','3','B') [1][0] OK
C:[10/11/2012 10:27:54.81][186.90.173.129][1232] SELECT c_asigna FROM dace004 WHERE exp_e='09-20808341' AND c_asigna='300314' AND status IN ('0','3','B') [1][0] OK
C:[10/11/2012 10:27:54.81][186.90.173.129][1219] SELECT pre_cod_asig1,pre_cod_asig2,pre_cod_asig3,pre_cod_asig4,pre_cod_asig5,pre_cod_asig6,pre_cod_asig7 FROM tblaca009 WHERE pensum='5' AND c_uni_ca='3' AND c_asigna='310548' [1][0] OK
C:[10/11/2012 10:27:54.81][186.90.173.129][1232] SELECT c_asigna FROM dace004 WHERE exp_e='09-20808341' AND c_asigna='300428' AND status IN ('0','3','B') [1][0] OK
C:[10/11/2012 10:27:54.81][186.90.173.129][1232] SELECT c_asigna FROM dace004 WHERE exp_e='09-20808341' AND c_asigna='300313' AND status IN ('0','3','B') [1][0] OK
C:[10/11/2012 10:27:54.81][186.90.173.129][1232] SELECT c_asigna FROM dace004 WHERE exp_e='09-20808341' AND c_asigna='300222' AND status IN ('0','3','B') [1][0] OK
C:[10/11/2012 10:27:54.81][186.90.173.129][1232] SELECT c_asigna FROM dace004 WHERE exp_e='09-20808341' AND c_asigna='300226' AND status IN ('0','3','B') [1][0] OK
C:[10/11/2012 10:27:54.81][186.90.173.129][1232] SELECT c_asigna FROM dace004 WHERE exp_e='09-20808341' AND c_asigna='300209' AND status IN ('0','3','B') [1][0] OK
C:[10/11/2012 10:27:54.81][186.90.173.129][1219] SELECT pre_cod_asig1,pre_cod_asig2,pre_cod_asig3,pre_cod_asig4,pre_cod_asig5,pre_cod_asig6,pre_cod_asig7 FROM tblaca009 WHERE pensum='5' AND c_uni_ca='3' AND c_asigna='311551' [1][0] OK
C:[10/11/2012 10:27:54.81][186.90.173.129][1232] SELECT c_asigna FROM dace004 WHERE exp_e='09-20808341' AND c_asigna='311430' AND status IN ('0','3','B') [1][0] OK
C:[10/11/2012 10:27:54.81][186.90.173.129][1232] SELECT c_asigna FROM dace004 WHERE exp_e='09-20808341' AND c_asigna='311431' AND status IN ('0','3','B') [1][0] OK
C:[10/11/2012 10:27:54.81][186.90.173.129][1232] SELECT c_asigna FROM dace004 WHERE exp_e='09-20808341' AND c_asigna='300222' AND status IN ('0','3','B') [1][0] OK
C:[10/11/2012 10:27:54.81][186.90.173.129][1232] SELECT c_asigna FROM dace004 WHERE exp_e='09-20808341' AND c_asigna='300226' AND status IN ('0','3','B') [1][0] OK
C:[10/11/2012 10:27:54.81][186.90.173.129][1232] SELECT c_asigna FROM dace004 WHERE exp_e='09-20808341' AND c_asigna='300209' AND status IN ('0','3','B') [1][0] OK
C:[10/11/2012 10:27:54.81][186.90.173.129][1232] SELECT c_asigna FROM dace004 WHERE exp_e='09-20808341' AND c_asigna='311320' AND status IN ('0','3','B') [1][0] OK
C:[10/11/2012 10:27:54.81][186.90.173.129][1219] SELECT pre_cod_asig1,pre_cod_asig2,pre_cod_asig3,pre_cod_asig4,pre_cod_asig5,pre_cod_asig6,pre_cod_asig7 FROM tblaca009 WHERE pensum='5' AND c_uni_ca='3' AND c_asigna='311552' [1][0] OK
C:[10/11/2012 10:27:54.81][186.90.173.129][1232] SELECT c_asigna FROM dace004 WHERE exp_e='09-20808341' AND c_asigna='300317' AND status IN ('0','3','B') [1][0] OK
C:[10/11/2012 10:27:54.81][186.90.173.129][1232] SELECT c_asigna FROM dace004 WHERE exp_e='09-20808341' AND c_asigna='300209' AND status IN ('0','3','B') [1][0] OK
C:[10/11/2012 10:27:54.81][186.90.173.129][1219] SELECT pre_cod_asig1,pre_cod_asig2,pre_cod_asig3,pre_cod_asig4,pre_cod_asig5,pre_cod_asig6,pre_cod_asig7 FROM tblaca009 WHERE pensum='5' AND c_uni_ca='3' AND c_asigna='311554' [1][0] OK
C:[10/11/2012 10:27:54.81][186.90.173.129][1232] SELECT c_asigna FROM dace004 WHERE exp_e='09-20808341' AND c_asigna='300318' AND status IN ('0','3','B') [1][0] OK
C:[10/11/2012 10:27:54.81][186.90.173.129][1232] SELECT c_asigna FROM dace004 WHERE exp_e='09-20808341' AND c_asigna='300428' AND status IN ('0','3','B') [1][0] OK
C:[10/11/2012 10:27:54.81][186.90.173.129][1219] SELECT pre_cod_asig1,pre_cod_asig2,pre_cod_asig3,pre_cod_asig4,pre_cod_asig5,pre_cod_asig6,pre_cod_asig7 FROM tblaca009 WHERE pensum='5' AND c_uni_ca='3' AND c_asigna='312444' [1][0] OK
C:[10/11/2012 10:27:54.81][186.90.173.129][1232] SELECT c_asigna FROM dace004 WHERE exp_e='09-20808341' AND c_asigna='312333' AND status IN ('0','3','B') [1][0] OK
C:[10/11/2012 10:27:55.38][186.90.173.129][1263] SELECT par_cod_asig1,par_cod_asig2,par_cod_asig3 FROM tblaca009 WHERE pensum='5' AND c_uni_ca='3' AND c_asigna='300422' [1][0] OK
C:[10/11/2012 10:27:55.38][186.90.173.129][1263] SELECT par_cod_asig1,par_cod_asig2,par_cod_asig3 FROM tblaca009 WHERE pensum='5' AND c_uni_ca='3' AND c_asigna='310548' [1][0] OK
C:[10/11/2012 10:27:55.38][186.90.173.129][1263] SELECT par_cod_asig1,par_cod_asig2,par_cod_asig3 FROM tblaca009 WHERE pensum='5' AND c_uni_ca='3' AND c_asigna='311551' [1][0] OK
C:[10/11/2012 10:27:55.38][186.90.173.129][1263] SELECT par_cod_asig1,par_cod_asig2,par_cod_asig3 FROM tblaca009 WHERE pensum='5' AND c_uni_ca='3' AND c_asigna='311552' [1][0] OK
C:[10/11/2012 10:27:55.38][186.90.173.129][1263] SELECT par_cod_asig1,par_cod_asig2,par_cod_asig3 FROM tblaca009 WHERE pensum='5' AND c_uni_ca='3' AND c_asigna='311554' [1][0] OK
C:[10/11/2012 10:27:55.38][186.90.173.129][1263] SELECT par_cod_asig1,par_cod_asig2,par_cod_asig3 FROM tblaca009 WHERE pensum='5' AND c_uni_ca='3' AND c_asigna='312444' [1][0] OK
C:[10/11/2012 10:27:55.13][186.90.173.129][1334] SELECT c_asigna FROM tblaca009 WHERE pensum='5' AND c_uni_ca='3' AND ((par_cod_asig1='311556') OR (par_cod_asig2='311556') OR (par_cod_asig3='311556'))  [0][0] OK
C:[10/11/2012 11:40:58.74][190.73.238.36][1219] SELECT pre_cod_asig1,pre_cod_asig2,pre_cod_asig3,pre_cod_asig4,pre_cod_asig5,pre_cod_asig6,pre_cod_asig7 FROM tblaca009 WHERE pensum='5' AND c_uni_ca='5' AND c_asigna='300112' [1][0] OK
C:[10/11/2012 11:40:58.74][190.73.238.36][1219] SELECT pre_cod_asig1,pre_cod_asig2,pre_cod_asig3,pre_cod_asig4,pre_cod_asig5,pre_cod_asig6,pre_cod_asig7 FROM tblaca009 WHERE pensum='5' AND c_uni_ca='5' AND c_asigna='300116' [1][0] OK
C:[10/11/2012 11:40:58.74][190.73.238.36][1219] SELECT pre_cod_asig1,pre_cod_asig2,pre_cod_asig3,pre_cod_asig4,pre_cod_asig5,pre_cod_asig6,pre_cod_asig7 FROM tblaca009 WHERE pensum='5' AND c_uni_ca='5' AND c_asigna='355350' [1][0] OK
C:[10/11/2012 11:40:58.74][190.73.238.36][1232] SELECT c_asigna FROM dace004 WHERE exp_e='07-14509473' AND c_asigna='300207' AND status IN ('0','3','B') [1][0] OK
C:[10/11/2012 11:40:58.74][190.73.238.36][1232] SELECT c_asigna FROM dace004 WHERE exp_e='07-14509473' AND c_asigna='300228' AND status IN ('0','3','B') [1][0] OK
C:[10/11/2012 11:40:58.74][190.73.238.36][1219] SELECT pre_cod_asig1,pre_cod_asig2,pre_cod_asig3,pre_cod_asig4,pre_cod_asig5,pre_cod_asig6,pre_cod_asig7 FROM tblaca009 WHERE pensum='5' AND c_uni_ca='5' AND c_asigna='352440' [1][0] OK
C:[10/11/2012 11:40:58.74][190.73.238.36][1232] SELECT c_asigna FROM dace004 WHERE exp_e='07-14509473' AND c_asigna='300317' AND status IN ('0','3','B') [1][0] OK
C:[10/11/2012 11:40:58.74][190.73.238.36][1232] SELECT c_asigna FROM dace004 WHERE exp_e='07-14509473' AND c_asigna='300013' AND status IN ('0','3','B') [1][0] OK
C:[10/11/2012 11:40:58.74][190.73.238.36][1232] SELECT c_asigna FROM dace004 WHERE exp_e='07-14509473' AND c_asigna='300113' AND status IN ('0','3','B') [1][0] OK
C:[10/11/2012 11:40:58.74][190.73.238.36][1219] SELECT pre_cod_asig1,pre_cod_asig2,pre_cod_asig3,pre_cod_asig4,pre_cod_asig5,pre_cod_asig6,pre_cod_asig7 FROM tblaca009 WHERE pensum='5' AND c_uni_ca='5' AND c_asigna='355572' [1][0] OK
C:[10/11/2012 11:40:58.74][190.73.238.36][1232] SELECT c_asigna FROM dace004 WHERE exp_e='07-14509473' AND c_asigna='300428' AND status IN ('0','3','B') [1][0] OK
C:[10/11/2012 11:40:58.12][190.73.238.36][1263] SELECT par_cod_asig1,par_cod_asig2,par_cod_asig3 FROM tblaca009 WHERE pensum='5' AND c_uni_ca='5' AND c_asigna='300112' [1][0] OK
C:[10/11/2012 11:40:58.12][190.73.238.36][1263] SELECT par_cod_asig1,par_cod_asig2,par_cod_asig3 FROM tblaca009 WHERE pensum='5' AND c_uni_ca='5' AND c_asigna='300116' [1][0] OK
C:[10/11/2012 11:40:58.12][190.73.238.36][1263] SELECT par_cod_asig1,par_cod_asig2,par_cod_asig3 FROM tblaca009 WHERE pensum='5' AND c_uni_ca='5' AND c_asigna='355350' [1][0] OK
C:[10/11/2012 11:40:58.12][190.73.238.36][1263] SELECT par_cod_asig1,par_cod_asig2,par_cod_asig3 FROM tblaca009 WHERE pensum='5' AND c_uni_ca='5' AND c_asigna='352440' [1][0] OK
C:[10/11/2012 11:40:58.12][190.73.238.36][1263] SELECT par_cod_asig1,par_cod_asig2,par_cod_asig3 FROM tblaca009 WHERE pensum='5' AND c_uni_ca='5' AND c_asigna='355572' [1][0] OK
C:[10/11/2012 12:28:49.96][201.211.139.212][1219] SELECT pre_cod_asig1,pre_cod_asig2,pre_cod_asig3,pre_cod_asig4,pre_cod_asig5,pre_cod_asig6,pre_cod_asig7 FROM tblaca009 WHERE pensum='5' AND c_uni_ca='5' AND c_asigna='300112' [1][0] OK
C:[10/11/2012 12:28:49.96][201.211.139.212][1219] SELECT pre_cod_asig1,pre_cod_asig2,pre_cod_asig3,pre_cod_asig4,pre_cod_asig5,pre_cod_asig6,pre_cod_asig7 FROM tblaca009 WHERE pensum='5' AND c_uni_ca='5' AND c_asigna='300207' [1][0] OK
C:[10/11/2012 12:28:49.96][201.211.139.212][1232] SELECT c_asigna FROM dace004 WHERE exp_e='10-20704684' AND c_asigna='300101' AND status IN ('0','3','B') [1][0] OK
C:[10/11/2012 12:28:49.96][201.211.139.212][1219] SELECT pre_cod_asig1,pre_cod_asig2,pre_cod_asig3,pre_cod_asig4,pre_cod_asig5,pre_cod_asig6,pre_cod_asig7 FROM tblaca009 WHERE pensum='5' AND c_uni_ca='5' AND c_asigna='300209' [1][0] OK
C:[10/11/2012 12:28:49.96][201.211.139.212][1232] SELECT c_asigna FROM dace004 WHERE exp_e='10-20704684' AND c_asigna='300101' AND status IN ('0','3','B') [1][0] OK
C:[10/11/2012 12:28:49.96][201.211.139.212][1219] SELECT pre_cod_asig1,pre_cod_asig2,pre_cod_asig3,pre_cod_asig4,pre_cod_asig5,pre_cod_asig6,pre_cod_asig7 FROM tblaca009 WHERE pensum='5' AND c_uni_ca='5' AND c_asigna='300226' [1][0] OK
C:[10/11/2012 12:28:49.96][201.211.139.212][1232] SELECT c_asigna FROM dace004 WHERE exp_e='10-20704684' AND c_asigna='300116' AND status IN ('0','3','B') [1][0] OK
C:[10/11/2012 12:28:49.84][201.211.139.212][1263] SELECT par_cod_asig1,par_cod_asig2,par_cod_asig3 FROM tblaca009 WHERE pensum='5' AND c_uni_ca='5' AND c_asigna='300112' [1][0] OK
C:[10/11/2012 12:28:49.84][201.211.139.212][1263] SELECT par_cod_asig1,par_cod_asig2,par_cod_asig3 FROM tblaca009 WHERE pensum='5' AND c_uni_ca='5' AND c_asigna='300207' [1][0] OK
C:[10/11/2012 12:28:49.84][201.211.139.212][1263] SELECT par_cod_asig1,par_cod_asig2,par_cod_asig3 FROM tblaca009 WHERE pensum='5' AND c_uni_ca='5' AND c_asigna='300209' [1][0] OK
C:[10/11/2012 12:28:49.84][201.211.139.212][1263] SELECT par_cod_asig1,par_cod_asig2,par_cod_asig3 FROM tblaca009 WHERE pensum='5' AND c_uni_ca='5' AND c_asigna='300226' [1][0] OK
C:[10/11/2012 12:47:19.25][186.95.25.148][1219] SELECT pre_cod_asig1,pre_cod_asig2,pre_cod_asig3,pre_cod_asig4,pre_cod_asig5,pre_cod_asig6,pre_cod_asig7 FROM tblaca009 WHERE pensum='5' AND c_uni_ca='2' AND c_asigna='322558' [1][0] OK
C:[10/11/2012 12:47:19.25][186.95.25.148][1232] SELECT c_asigna FROM dace004 WHERE exp_e='10-24889055' AND c_asigna='300428' AND status IN ('0','3','B') [1][0] OK
C:[10/11/2012 12:47:19.25][186.95.25.148][1232] SELECT c_asigna FROM dace004 WHERE exp_e='10-24889055' AND c_asigna='320323' AND status IN ('0','3','B') [1][0] OK
C:[10/11/2012 12:47:19.25][186.95.25.148][1219] SELECT pre_cod_asig1,pre_cod_asig2,pre_cod_asig3,pre_cod_asig4,pre_cod_asig5,pre_cod_asig6,pre_cod_asig7 FROM tblaca009 WHERE pensum='5' AND c_uni_ca='2' AND c_asigna='300313' [1][0] OK
C:[10/11/2012 12:47:19.25][186.95.25.148][1232] SELECT c_asigna FROM dace004 WHERE exp_e='10-24889055' AND c_asigna='300213' AND status IN ('0','3','B') [1][0] OK
C:[10/11/2012 12:47:19.25][186.95.25.148][1232] SELECT c_asigna FROM dace004 WHERE exp_e='10-24889055' AND c_asigna='300226' AND status IN ('0','3','B') [1][0] OK
C:[10/11/2012 12:47:19.25][186.95.25.148][1232] SELECT c_asigna FROM dace004 WHERE exp_e='10-24889055' AND c_asigna='300209' AND status IN ('0','3','B') [1][0] OK
C:[10/11/2012 12:47:19.25][186.95.25.148][1219] SELECT pre_cod_asig1,pre_cod_asig2,pre_cod_asig3,pre_cod_asig4,pre_cod_asig5,pre_cod_asig6,pre_cod_asig7 FROM tblaca009 WHERE pensum='5' AND c_uni_ca='2' AND c_asigna='300318' [1][0] OK
C:[10/11/2012 12:47:19.25][186.95.25.148][1232] SELECT c_asigna FROM dace004 WHERE exp_e='10-24889055' AND c_asigna='300228' AND status IN ('0','3','B') [1][0] OK
C:[10/11/2012 12:47:19.25][186.95.25.148][1232] SELECT c_asigna FROM dace004 WHERE exp_e='10-24889055' AND c_asigna='300207' AND status IN ('0','3','B') [1][0] OK
C:[10/11/2012 12:47:19.25][186.95.25.148][1232] SELECT c_asigna FROM dace004 WHERE exp_e='10-24889055' AND c_asigna='300218' AND status IN ('0','3','B') [1][0] OK
C:[10/11/2012 12:47:19.25][186.95.25.148][1219] SELECT pre_cod_asig1,pre_cod_asig2,pre_cod_asig3,pre_cod_asig4,pre_cod_asig5,pre_cod_asig6,pre_cod_asig7 FROM tblaca009 WHERE pensum='5' AND c_uni_ca='2' AND c_asigna='322433' [1][0] OK
C:[10/11/2012 12:47:19.25][186.95.25.148][1232] SELECT c_asigna FROM dace004 WHERE exp_e='10-24889055' AND c_asigna='320323' AND status IN ('0','3','B') [1][0] OK
C:[10/11/2012 12:47:19.25][186.95.25.148][1232] SELECT c_asigna FROM dace004 WHERE exp_e='10-24889055' AND c_asigna='300209' AND status IN ('0','3','B') [1][0] OK
C:[10/11/2012 12:47:19.25][186.95.25.148][1219] SELECT pre_cod_asig1,pre_cod_asig2,pre_cod_asig3,pre_cod_asig4,pre_cod_asig5,pre_cod_asig6,pre_cod_asig7 FROM tblaca009 WHERE pensum='5' AND c_uni_ca='2' AND c_asigna='322449' [1][0] OK
C:[10/11/2012 12:47:19.25][186.95.25.148][1232] SELECT c_asigna FROM dace004 WHERE exp_e='10-24889055' AND c_asigna='300222' AND status IN ('0','3','B') [1][0] OK
C:[10/11/2012 12:47:19.25][186.95.25.148][1263] SELECT par_cod_asig1,par_cod_asig2,par_cod_asig3 FROM tblaca009 WHERE pensum='5' AND c_uni_ca='2' AND c_asigna='322558' [1][0] OK
C:[10/11/2012 12:47:19.25][186.95.25.148][1263] SELECT par_cod_asig1,par_cod_asig2,par_cod_asig3 FROM tblaca009 WHERE pensum='5' AND c_uni_ca='2' AND c_asigna='300313' [1][0] OK
C:[10/11/2012 12:47:19.25][186.95.25.148][1263] SELECT par_cod_asig1,par_cod_asig2,par_cod_asig3 FROM tblaca009 WHERE pensum='5' AND c_uni_ca='2' AND c_asigna='300318' [1][0] OK
C:[10/11/2012 12:47:19.25][186.95.25.148][1263] SELECT par_cod_asig1,par_cod_asig2,par_cod_asig3 FROM tblaca009 WHERE pensum='5' AND c_uni_ca='2' AND c_asigna='322433' [1][0] OK
C:[10/11/2012 12:47:19.25][186.95.25.148][1263] SELECT par_cod_asig1,par_cod_asig2,par_cod_asig3 FROM tblaca009 WHERE pensum='5' AND c_uni_ca='2' AND c_asigna='322449' [1][0] OK
C:[10/11/2012 14:10:57.80][190.37.130.212][1219] SELECT pre_cod_asig1,pre_cod_asig2,pre_cod_asig3,pre_cod_asig4,pre_cod_asig5,pre_cod_asig6,pre_cod_asig7 FROM tblaca009 WHERE pensum='5' AND c_uni_ca='2' AND c_asigna='322801' [1][0] OK
C:[10/11/2012 14:10:57.80][190.37.130.212][1232] SELECT c_asigna FROM dace004 WHERE exp_e='04-17602752' AND c_asigna='322780' AND status IN ('0','3','B') [1][0] OK
C:[10/11/2012 14:10:57.80][190.37.130.212][1232] SELECT c_asigna FROM dace004 WHERE exp_e='04-17602752' AND c_asigna='322605' AND status IN ('0','3','B') [1][0] OK
C:[10/11/2012 14:10:57.18][190.37.130.212][1263] SELECT par_cod_asig1,par_cod_asig2,par_cod_asig3 FROM tblaca009 WHERE pensum='5' AND c_uni_ca='2' AND c_asigna='322801' [1][0] OK
C:[10/11/2012 22:01:48.47][186.26.249.203][1219] SELECT pre_cod_asig1,pre_cod_asig2,pre_cod_asig3,pre_cod_asig4,pre_cod_asig5,pre_cod_asig6,pre_cod_asig7 FROM tblaca009 WHERE pensum='5' AND c_uni_ca='5' AND c_asigna='355959' [1][0] OK
C:[10/11/2012 22:01:48.59][186.26.249.203][1263] SELECT par_cod_asig1,par_cod_asig2,par_cod_asig3 FROM tblaca009 WHERE pensum='5' AND c_uni_ca='5' AND c_asigna='355959' [1][0] OK
C:[10/11/2012 22:01:48.59][186.26.249.203][1277] SELECT c_asigna FROM dace004 WHERE exp_e='05-18337241' AND c_asigna='300956' AND status IN ('0','3','B','C') [0][0] OK
C:[10/11/2012 22:01:48.84][186.26.249.203][1334] SELECT c_asigna FROM tblaca009 WHERE pensum='5' AND c_uni_ca='5' AND ((par_cod_asig1='300956') OR (par_cod_asig2='300956') OR (par_cod_asig3='300956'))  [1][0] OK
C:[10/11/2012 22:01:48.84][186.26.249.203][1346] SELECT c_asigna FROM dace004 WHERE exp_e='05-18337241' AND c_asigna='355959' AND status IN ('0','3','B') [0][0] OK
C:[10/11/2012 22:11:18.61][186.26.249.203][1219] SELECT pre_cod_asig1,pre_cod_asig2,pre_cod_asig3,pre_cod_asig4,pre_cod_asig5,pre_cod_asig6,pre_cod_asig7 FROM tblaca009 WHERE pensum='5' AND c_uni_ca='5' AND c_asigna='355839' [1][0] OK
C:[10/11/2012 22:11:18.61][186.26.249.203][1232] SELECT c_asigna FROM dace004 WHERE exp_e='05-18337241' AND c_asigna='355725' AND status IN ('0','3','B') [1][0] OK
C:[10/11/2012 22:11:18.61][186.26.249.203][1232] SELECT c_asigna FROM dace004 WHERE exp_e='05-18337241' AND c_asigna='355692' AND status IN ('0','3','B') [1][0] OK
C:[10/11/2012 22:11:18.98][186.26.249.203][1263] SELECT par_cod_asig1,par_cod_asig2,par_cod_asig3 FROM tblaca009 WHERE pensum='5' AND c_uni_ca='5' AND c_asigna='355839' [1][0] OK
C:[10/11/2012 22:11:18.11][186.26.249.203][1334] SELECT c_asigna FROM tblaca009 WHERE pensum='5' AND c_uni_ca='5' AND ((par_cod_asig1='300956') OR (par_cod_asig2='300956') OR (par_cod_asig3='300956'))  [1][0] OK
C:[10/11/2012 22:11:18.11][186.26.249.203][1346] SELECT c_asigna FROM dace004 WHERE exp_e='05-18337241' AND c_asigna='355959' AND status IN ('0','3','B') [0][0] OK
C:[10/11/2012 22:14:17.52][186.26.249.203][1219] SELECT pre_cod_asig1,pre_cod_asig2,pre_cod_asig3,pre_cod_asig4,pre_cod_asig5,pre_cod_asig6,pre_cod_asig7 FROM tblaca009 WHERE pensum='5' AND c_uni_ca='5' AND c_asigna='355959' [1][0] OK
C:[10/11/2012 22:14:17.52][186.26.249.203][1219] SELECT pre_cod_asig1,pre_cod_asig2,pre_cod_asig3,pre_cod_asig4,pre_cod_asig5,pre_cod_asig6,pre_cod_asig7 FROM tblaca009 WHERE pensum='5' AND c_uni_ca='5' AND c_asigna='300956' [1][0] OK
C:[10/11/2012 22:14:17.52][186.26.249.203][1232] SELECT c_asigna FROM dace004 WHERE exp_e='05-18337241' AND c_asigna='300422' AND status IN ('0','3','B') [1][0] OK
C:[10/11/2012 22:14:17.52][186.26.249.203][1232] SELECT c_asigna FROM dace004 WHERE exp_e='05-18337241' AND c_asigna='300105' AND status IN ('0','3','B') [1][0] OK
C:[10/11/2012 22:14:17.52][186.26.249.203][1232] SELECT c_asigna FROM dace004 WHERE exp_e='05-18337241' AND c_asigna='300314' AND status IN ('0','3','B') [1][0] OK
C:[10/11/2012 22:14:17.14][186.26.249.203][1263] SELECT par_cod_asig1,par_cod_asig2,par_cod_asig3 FROM tblaca009 WHERE pensum='5' AND c_uni_ca='5' AND c_asigna='355959' [1][0] OK
C:[10/11/2012 22:14:17.14][186.26.249.203][1277] SELECT c_asigna FROM dace004 WHERE exp_e='05-18337241' AND c_asigna='300956' AND status IN ('0','3','B','C') [0][0] OK
C:[10/11/2012 22:14:17.14][186.26.249.203][1263] SELECT par_cod_asig1,par_cod_asig2,par_cod_asig3 FROM tblaca009 WHERE pensum='5' AND c_uni_ca='5' AND c_asigna='300956' [1][0] OK
C:[10/11/2012 22:14:17.52][186.26.249.203][1334] SELECT c_asigna FROM tblaca009 WHERE pensum='5' AND c_uni_ca='5' AND ((par_cod_asig1='355839') OR (par_cod_asig2='355839') OR (par_cod_asig3='355839'))  [0][0] OK
C:[11/11/2012 08:32:48.04][181.183.40.253][1219] SELECT pre_cod_asig1,pre_cod_asig2,pre_cod_asig3,pre_cod_asig4,pre_cod_asig5,pre_cod_asig6,pre_cod_asig7 FROM tblaca009 WHERE pensum='5' AND c_uni_ca='2' AND c_asigna='300313' [1][0] OK
C:[11/11/2012 08:32:48.04][181.183.40.253][1232] SELECT c_asigna FROM dace004 WHERE exp_e='07-19158362' AND c_asigna='300213' AND status IN ('0','3','B') [1][0] OK
C:[11/11/2012 08:32:48.04][181.183.40.253][1232] SELECT c_asigna FROM dace004 WHERE exp_e='07-19158362' AND c_asigna='300226' AND status IN ('0','3','B') [1][0] OK
C:[11/11/2012 08:32:48.04][181.183.40.253][1232] SELECT c_asigna FROM dace004 WHERE exp_e='07-19158362' AND c_asigna='300209' AND status IN ('0','3','B') [1][0] OK
C:[11/11/2012 08:32:48.04][181.183.40.253][1219] SELECT pre_cod_asig1,pre_cod_asig2,pre_cod_asig3,pre_cod_asig4,pre_cod_asig5,pre_cod_asig6,pre_cod_asig7 FROM tblaca009 WHERE pensum='5' AND c_uni_ca='2' AND c_asigna='311561' [1][0] OK
C:[11/11/2012 08:32:48.04][181.183.40.253][1232] SELECT c_asigna FROM dace004 WHERE exp_e='07-19158362' AND c_asigna='300318' AND status IN ('0','3','B') [1][0] OK
C:[11/11/2012 08:32:48.04][181.183.40.253][1219] SELECT pre_cod_asig1,pre_cod_asig2,pre_cod_asig3,pre_cod_asig4,pre_cod_asig5,pre_cod_asig6,pre_cod_asig7 FROM tblaca009 WHERE pensum='5' AND c_uni_ca='2' AND c_asigna='320311' [1][0] OK
C:[11/11/2012 08:32:48.04][181.183.40.253][1232] SELECT c_asigna FROM dace004 WHERE exp_e='07-19158362' AND c_asigna='300013' AND status IN ('0','3','B') [1][0] OK
C:[11/11/2012 08:32:48.04][181.183.40.253][1232] SELECT c_asigna FROM dace004 WHERE exp_e='07-19158362' AND c_asigna='300113' AND status IN ('0','3','B') [1][0] OK
C:[11/11/2012 08:32:48.04][181.183.40.253][1219] SELECT pre_cod_asig1,pre_cod_asig2,pre_cod_asig3,pre_cod_asig4,pre_cod_asig5,pre_cod_asig6,pre_cod_asig7 FROM tblaca009 WHERE pensum='5' AND c_uni_ca='2' AND c_asigna='322558' [1][0] OK
C:[11/11/2012 08:32:48.04][181.183.40.253][1232] SELECT c_asigna FROM dace004 WHERE exp_e='07-19158362' AND c_asigna='300428' AND status IN ('0','3','B') [1][0] OK
C:[11/11/2012 08:32:48.04][181.183.40.253][1232] SELECT c_asigna FROM dace004 WHERE exp_e='07-19158362' AND c_asigna='320323' AND status IN ('0','3','B') [1][0] OK
C:[11/11/2012 08:32:48.54][181.183.40.253][1263] SELECT par_cod_asig1,par_cod_asig2,par_cod_asig3 FROM tblaca009 WHERE pensum='5' AND c_uni_ca='2' AND c_asigna='300313' [1][0] OK
C:[11/11/2012 08:32:48.54][181.183.40.253][1263] SELECT par_cod_asig1,par_cod_asig2,par_cod_asig3 FROM tblaca009 WHERE pensum='5' AND c_uni_ca='2' AND c_asigna='311561' [1][0] OK
C:[11/11/2012 08:32:48.54][181.183.40.253][1263] SELECT par_cod_asig1,par_cod_asig2,par_cod_asig3 FROM tblaca009 WHERE pensum='5' AND c_uni_ca='2' AND c_asigna='320311' [1][0] OK
C:[11/11/2012 08:32:48.54][181.183.40.253][1263] SELECT par_cod_asig1,par_cod_asig2,par_cod_asig3 FROM tblaca009 WHERE pensum='5' AND c_uni_ca='2' AND c_asigna='322558' [1][0] OK
C:[11/11/2012 08:32:48.04][181.183.40.253][1334] SELECT c_asigna FROM tblaca009 WHERE pensum='5' AND c_uni_ca='2' AND ((par_cod_asig1='322433') OR (par_cod_asig2='322433') OR (par_cod_asig3='322433'))  [0][0] OK
C:[11/11/2012 16:20:45.03][201.243.103.67][1219] SELECT pre_cod_asig1,pre_cod_asig2,pre_cod_asig3,pre_cod_asig4,pre_cod_asig5,pre_cod_asig6,pre_cod_asig7 FROM tblaca009 WHERE pensum='5' AND c_uni_ca='2' AND c_asigna='300314' [1][0] OK
C:[11/11/2012 16:20:45.03][201.243.103.67][1232] SELECT c_asigna FROM dace004 WHERE exp_e='11-21198773' AND c_asigna='300106' AND status IN ('0','3','B') [1][0] OK
C:[11/11/2012 16:20:45.03][201.243.103.67][1219] SELECT pre_cod_asig1,pre_cod_asig2,pre_cod_asig3,pre_cod_asig4,pre_cod_asig5,pre_cod_asig6,pre_cod_asig7 FROM tblaca009 WHERE pensum='5' AND c_uni_ca='2' AND c_asigna='300313' [1][0] OK
C:[11/11/2012 16:20:45.03][201.243.103.67][1232] SELECT c_asigna FROM dace004 WHERE exp_e='11-21198773' AND c_asigna='300213' AND status IN ('0','3','B') [1][0] OK
C:[11/11/2012 16:20:45.03][201.243.103.67][1232] SELECT c_asigna FROM dace004 WHERE exp_e='11-21198773' AND c_asigna='300226' AND status IN ('0','3','B') [1][0] OK
C:[11/11/2012 16:20:45.03][201.243.103.67][1232] SELECT c_asigna FROM dace004 WHERE exp_e='11-21198773' AND c_asigna='300209' AND status IN ('0','3','B') [1][0] OK
C:[11/11/2012 16:20:45.03][201.243.103.67][1219] SELECT pre_cod_asig1,pre_cod_asig2,pre_cod_asig3,pre_cod_asig4,pre_cod_asig5,pre_cod_asig6,pre_cod_asig7 FROM tblaca009 WHERE pensum='5' AND c_uni_ca='2' AND c_asigna='300317' [1][0] OK
C:[11/11/2012 16:20:45.03][201.243.103.67][1232] SELECT c_asigna FROM dace004 WHERE exp_e='11-21198773' AND c_asigna='300207' AND status IN ('0','3','B') [1][0] OK
C:[11/11/2012 16:20:45.03][201.243.103.67][1232] SELECT c_asigna FROM dace004 WHERE exp_e='11-21198773' AND c_asigna='300209' AND status IN ('0','3','B') [1][0] OK
C:[11/11/2012 16:20:45.03][201.243.103.67][1219] SELECT pre_cod_asig1,pre_cod_asig2,pre_cod_asig3,pre_cod_asig4,pre_cod_asig5,pre_cod_asig6,pre_cod_asig7 FROM tblaca009 WHERE pensum='5' AND c_uni_ca='2' AND c_asigna='300318' [1][0] OK
C:[11/11/2012 16:20:45.03][201.243.103.67][1232] SELECT c_asigna FROM dace004 WHERE exp_e='11-21198773' AND c_asigna='300228' AND status IN ('0','3','B') [1][0] OK
C:[11/11/2012 16:20:45.03][201.243.103.67][1232] SELECT c_asigna FROM dace004 WHERE exp_e='11-21198773' AND c_asigna='300207' AND status IN ('0','3','B') [1][0] OK
C:[11/11/2012 16:20:45.03][201.243.103.67][1232] SELECT c_asigna FROM dace004 WHERE exp_e='11-21198773' AND c_asigna='300218' AND status IN ('0','3','B') [1][0] OK
C:[11/11/2012 16:20:45.03][201.243.103.67][1219] SELECT pre_cod_asig1,pre_cod_asig2,pre_cod_asig3,pre_cod_asig4,pre_cod_asig5,pre_cod_asig6,pre_cod_asig7 FROM tblaca009 WHERE pensum='5' AND c_uni_ca='2' AND c_asigna='320311' [1][0] OK
C:[11/11/2012 16:20:45.03][201.243.103.67][1232] SELECT c_asigna FROM dace004 WHERE exp_e='11-21198773' AND c_asigna='300013' AND status IN ('0','3','B') [1][0] OK
C:[11/11/2012 16:20:45.03][201.243.103.67][1232] SELECT c_asigna FROM dace004 WHERE exp_e='11-21198773' AND c_asigna='300113' AND status IN ('0','3','B') [1][0] OK
C:[11/11/2012 16:20:45.03][201.243.103.67][1219] SELECT pre_cod_asig1,pre_cod_asig2,pre_cod_asig3,pre_cod_asig4,pre_cod_asig5,pre_cod_asig6,pre_cod_asig7 FROM tblaca009 WHERE pensum='5' AND c_uni_ca='2' AND c_asigna='320323' [1][0] OK
C:[11/11/2012 16:20:45.03][201.243.103.67][1232] SELECT c_asigna FROM dace004 WHERE exp_e='11-21198773' AND c_asigna='300228' AND status IN ('0','3','B') [1][0] OK
C:[11/11/2012 16:20:45.03][201.243.103.67][1232] SELECT c_asigna FROM dace004 WHERE exp_e='11-21198773' AND c_asigna='300218' AND status IN ('0','3','B') [1][0] OK
C:[11/11/2012 16:20:45.41][201.243.103.67][1263] SELECT par_cod_asig1,par_cod_asig2,par_cod_asig3 FROM tblaca009 WHERE pensum='5' AND c_uni_ca='2' AND c_asigna='300314' [1][0] OK
C:[11/11/2012 16:20:45.41][201.243.103.67][1263] SELECT par_cod_asig1,par_cod_asig2,par_cod_asig3 FROM tblaca009 WHERE pensum='5' AND c_uni_ca='2' AND c_asigna='300313' [1][0] OK
C:[11/11/2012 16:20:45.41][201.243.103.67][1263] SELECT par_cod_asig1,par_cod_asig2,par_cod_asig3 FROM tblaca009 WHERE pensum='5' AND c_uni_ca='2' AND c_asigna='300317' [1][0] OK
C:[11/11/2012 16:20:45.41][201.243.103.67][1263] SELECT par_cod_asig1,par_cod_asig2,par_cod_asig3 FROM tblaca009 WHERE pensum='5' AND c_uni_ca='2' AND c_asigna='300318' [1][0] OK
C:[11/11/2012 16:20:45.41][201.243.103.67][1263] SELECT par_cod_asig1,par_cod_asig2,par_cod_asig3 FROM tblaca009 WHERE pensum='5' AND c_uni_ca='2' AND c_asigna='320311' [1][0] OK
C:[11/11/2012 16:20:45.41][201.243.103.67][1263] SELECT par_cod_asig1,par_cod_asig2,par_cod_asig3 FROM tblaca009 WHERE pensum='5' AND c_uni_ca='2' AND c_asigna='320323' [1][0] OK
C:[11/11/2012 17:54:47.54][190.78.2.240][1219] SELECT pre_cod_asig1,pre_cod_asig2,pre_cod_asig3,pre_cod_asig4,pre_cod_asig5,pre_cod_asig6,pre_cod_asig7 FROM tblaca009 WHERE pensum='5' AND c_uni_ca='4' AND c_asigna='300207' [1][0] OK
C:[11/11/2012 17:54:47.54][190.78.2.240][1232] SELECT c_asigna FROM dace004 WHERE exp_e='08-21249304' AND c_asigna='300101' AND status IN ('0','3','B') [1][0] OK
C:[11/11/2012 17:54:48.79][190.78.2.240][1263] SELECT par_cod_asig1,par_cod_asig2,par_cod_asig3 FROM tblaca009 WHERE pensum='5' AND c_uni_ca='4' AND c_asigna='300207' [1][0] OK
C:[11/11/2012 17:54:48.91][190.78.2.240][1334] SELECT c_asigna FROM tblaca009 WHERE pensum='5' AND c_uni_ca='4' AND ((par_cod_asig1='300209') OR (par_cod_asig2='300209') OR (par_cod_asig3='300209'))  [1][0] OK
C:[11/11/2012 17:54:48.91][190.78.2.240][1346] SELECT c_asigna FROM dace004 WHERE exp_e='08-21249304' AND c_asigna='300213' AND status IN ('0','3','B') [0][0] OK
C:[11/11/2012 17:55:48.29][190.78.2.240][1219] SELECT pre_cod_asig1,pre_cod_asig2,pre_cod_asig3,pre_cod_asig4,pre_cod_asig5,pre_cod_asig6,pre_cod_asig7 FROM tblaca009 WHERE pensum='5' AND c_uni_ca='4' AND c_asigna='300209' [1][0] OK
C:[11/11/2012 17:55:48.29][190.78.2.240][1232] SELECT c_asigna FROM dace004 WHERE exp_e='08-21249304' AND c_asigna='300101' AND status IN ('0','3','B') [1][0] OK
C:[11/11/2012 17:55:48.29][190.78.2.240][1219] SELECT pre_cod_asig1,pre_cod_asig2,pre_cod_asig3,pre_cod_asig4,pre_cod_asig5,pre_cod_asig6,pre_cod_asig7 FROM tblaca009 WHERE pensum='5' AND c_uni_ca='4' AND c_asigna='300207' [1][0] OK
C:[11/11/2012 17:55:48.29][190.78.2.240][1232] SELECT c_asigna FROM dace004 WHERE exp_e='08-21249304' AND c_asigna='300101' AND status IN ('0','3','B') [1][0] OK
C:[11/11/2012 17:55:48.78][190.78.2.240][1263] SELECT par_cod_asig1,par_cod_asig2,par_cod_asig3 FROM tblaca009 WHERE pensum='5' AND c_uni_ca='4' AND c_asigna='300209' [1][0] OK
C:[11/11/2012 17:55:48.78][190.78.2.240][1263] SELECT par_cod_asig1,par_cod_asig2,par_cod_asig3 FROM tblaca009 WHERE pensum='5' AND c_uni_ca='4' AND c_asigna='300207' [1][0] OK
C:[11/11/2012 18:00:24.88][190.78.2.240][1219] SELECT pre_cod_asig1,pre_cod_asig2,pre_cod_asig3,pre_cod_asig4,pre_cod_asig5,pre_cod_asig6,pre_cod_asig7 FROM tblaca009 WHERE pensum='5' AND c_uni_ca='4' AND c_asigna='300218' [1][0] OK
C:[11/11/2012 18:00:24.88][190.78.2.240][1219] SELECT pre_cod_asig1,pre_cod_asig2,pre_cod_asig3,pre_cod_asig4,pre_cod_asig5,pre_cod_asig6,pre_cod_asig7 FROM tblaca009 WHERE pensum='5' AND c_uni_ca='4' AND c_asigna='300207' [1][0] OK
C:[11/11/2012 18:00:24.88][190.78.2.240][1232] SELECT c_asigna FROM dace004 WHERE exp_e='08-21249304' AND c_asigna='300101' AND status IN ('0','3','B') [1][0] OK
C:[11/11/2012 18:00:24.88][190.78.2.240][1219] SELECT pre_cod_asig1,pre_cod_asig2,pre_cod_asig3,pre_cod_asig4,pre_cod_asig5,pre_cod_asig6,pre_cod_asig7 FROM tblaca009 WHERE pensum='5' AND c_uni_ca='4' AND c_asigna='300209' [1][0] OK
C:[11/11/2012 18:00:24.88][190.78.2.240][1232] SELECT c_asigna FROM dace004 WHERE exp_e='08-21249304' AND c_asigna='300101' AND status IN ('0','3','B') [1][0] OK
C:[11/11/2012 18:00:24.51][190.78.2.240][1263] SELECT par_cod_asig1,par_cod_asig2,par_cod_asig3 FROM tblaca009 WHERE pensum='5' AND c_uni_ca='4' AND c_asigna='300218' [1][0] OK
C:[11/11/2012 18:00:24.51][190.78.2.240][1277] SELECT c_asigna FROM dace004 WHERE exp_e='08-21249304' AND c_asigna='300228' AND status IN ('0','3','B','C') [1][0] OK
C:[11/11/2012 18:00:24.51][190.78.2.240][1263] SELECT par_cod_asig1,par_cod_asig2,par_cod_asig3 FROM tblaca009 WHERE pensum='5' AND c_uni_ca='4' AND c_asigna='300207' [1][0] OK
C:[11/11/2012 18:00:24.51][190.78.2.240][1263] SELECT par_cod_asig1,par_cod_asig2,par_cod_asig3 FROM tblaca009 WHERE pensum='5' AND c_uni_ca='4' AND c_asigna='300209' [1][0] OK
C:[11/11/2012 18:46:57.57][190.204.196.191][1219] SELECT pre_cod_asig1,pre_cod_asig2,pre_cod_asig3,pre_cod_asig4,pre_cod_asig5,pre_cod_asig6,pre_cod_asig7 FROM tblaca009 WHERE pensum='5' AND c_uni_ca='2' AND c_asigna='300207' [1][0] OK
C:[11/11/2012 18:46:57.57][190.204.196.191][1232] SELECT c_asigna FROM dace004 WHERE exp_e='11-24037575' AND c_asigna='300101' AND status IN ('0','3','B') [1][0] OK
C:[11/11/2012 18:46:57.57][190.204.196.191][1219] SELECT pre_cod_asig1,pre_cod_asig2,pre_cod_asig3,pre_cod_asig4,pre_cod_asig5,pre_cod_asig6,pre_cod_asig7 FROM tblaca009 WHERE pensum='5' AND c_uni_ca='2' AND c_asigna='300213' [1][0] OK
C:[11/11/2012 18:46:57.57][190.204.196.191][1232] SELECT c_asigna FROM dace004 WHERE exp_e='11-24037575' AND c_asigna='300101' AND status IN ('0','3','B') [1][0] OK
C:[11/11/2012 18:46:57.57][190.204.196.191][1219] SELECT pre_cod_asig1,pre_cod_asig2,pre_cod_asig3,pre_cod_asig4,pre_cod_asig5,pre_cod_asig6,pre_cod_asig7 FROM tblaca009 WHERE pensum='5' AND c_uni_ca='2' AND c_asigna='300218' [1][0] OK
C:[11/11/2012 18:46:57.57][190.204.196.191][1219] SELECT pre_cod_asig1,pre_cod_asig2,pre_cod_asig3,pre_cod_asig4,pre_cod_asig5,pre_cod_asig6,pre_cod_asig7 FROM tblaca009 WHERE pensum='5' AND c_uni_ca='2' AND c_asigna='300222' [1][0] OK
C:[11/11/2012 18:46:57.57][190.204.196.191][1232] SELECT c_asigna FROM dace004 WHERE exp_e='11-24037575' AND c_asigna='300112' AND status IN ('0','3','B') [1][0] OK
C:[11/11/2012 18:46:57.57][190.204.196.191][1219] SELECT pre_cod_asig1,pre_cod_asig2,pre_cod_asig3,pre_cod_asig4,pre_cod_asig5,pre_cod_asig6,pre_cod_asig7 FROM tblaca009 WHERE pensum='5' AND c_uni_ca='2' AND c_asigna='300228' [1][0] OK
C:[11/11/2012 18:46:57.57][190.204.196.191][1232] SELECT c_asigna FROM dace004 WHERE exp_e='11-24037575' AND c_asigna='300101' AND status IN ('0','3','B') [1][0] OK
C:[11/11/2012 18:46:57.57][190.204.196.191][1219] SELECT pre_cod_asig1,pre_cod_asig2,pre_cod_asig3,pre_cod_asig4,pre_cod_asig5,pre_cod_asig6,pre_cod_asig7 FROM tblaca009 WHERE pensum='5' AND c_uni_ca='2' AND c_asigna='300314' [1][0] OK
C:[11/11/2012 18:46:57.57][190.204.196.191][1232] SELECT c_asigna FROM dace004 WHERE exp_e='11-24037575' AND c_asigna='300106' AND status IN ('0','3','B') [1][0] OK
C:[11/11/2012 18:46:57.94][190.204.196.191][1263] SELECT par_cod_asig1,par_cod_asig2,par_cod_asig3 FROM tblaca009 WHERE pensum='5' AND c_uni_ca='2' AND c_asigna='300207' [1][0] OK
C:[11/11/2012 18:46:57.94][190.204.196.191][1263] SELECT par_cod_asig1,par_cod_asig2,par_cod_asig3 FROM tblaca009 WHERE pensum='5' AND c_uni_ca='2' AND c_asigna='300213' [1][0] OK
C:[11/11/2012 18:46:57.94][190.204.196.191][1277] SELECT c_asigna FROM dace004 WHERE exp_e='11-24037575' AND c_asigna='300209' AND status IN ('0','3','B','C') [1][0] OK
C:[11/11/2012 18:46:57.94][190.204.196.191][1263] SELECT par_cod_asig1,par_cod_asig2,par_cod_asig3 FROM tblaca009 WHERE pensum='5' AND c_uni_ca='2' AND c_asigna='300218' [1][0] OK
C:[11/11/2012 18:46:57.94][190.204.196.191][1277] SELECT c_asigna FROM dace004 WHERE exp_e='11-24037575' AND c_asigna='300228' AND status IN ('0','3','B','C') [0][0] OK
C:[11/11/2012 18:46:57.94][190.204.196.191][1263] SELECT par_cod_asig1,par_cod_asig2,par_cod_asig3 FROM tblaca009 WHERE pensum='5' AND c_uni_ca='2' AND c_asigna='300222' [1][0] OK
C:[11/11/2012 18:46:57.94][190.204.196.191][1263] SELECT par_cod_asig1,par_cod_asig2,par_cod_asig3 FROM tblaca009 WHERE pensum='5' AND c_uni_ca='2' AND c_asigna='300228' [1][0] OK
C:[11/11/2012 18:46:57.94][190.204.196.191][1263] SELECT par_cod_asig1,par_cod_asig2,par_cod_asig3 FROM tblaca009 WHERE pensum='5' AND c_uni_ca='2' AND c_asigna='300314' [1][0] OK
C:[11/11/2012 19:14:48.89][186.90.206.86][1219] SELECT pre_cod_asig1,pre_cod_asig2,pre_cod_asig3,pre_cod_asig4,pre_cod_asig5,pre_cod_asig6,pre_cod_asig7 FROM tblaca009 WHERE pensum='5' AND c_uni_ca='5' AND c_asigna='354852' [1][0] OK
C:[11/11/2012 19:14:48.89][186.90.206.86][1219] SELECT pre_cod_asig1,pre_cod_asig2,pre_cod_asig3,pre_cod_asig4,pre_cod_asig5,pre_cod_asig6,pre_cod_asig7 FROM tblaca009 WHERE pensum='5' AND c_uni_ca='5' AND c_asigna='355721' [1][0] OK
C:[11/11/2012 19:14:48.89][186.90.206.86][1232] SELECT c_asigna FROM dace004 WHERE exp_e='94-12360569' AND c_asigna='355693' AND status IN ('0','3','B') [1][0] OK
C:[11/11/2012 19:14:48.89][186.90.206.86][1232] SELECT c_asigna FROM dace004 WHERE exp_e='94-12360569' AND c_asigna='355696' AND status IN ('0','3','B') [1][0] OK
C:[11/11/2012 19:14:48.89][186.90.206.86][1219] SELECT pre_cod_asig1,pre_cod_asig2,pre_cod_asig3,pre_cod_asig4,pre_cod_asig5,pre_cod_asig6,pre_cod_asig7 FROM tblaca009 WHERE pensum='5' AND c_uni_ca='5' AND c_asigna='355722' [1][0] OK
C:[11/11/2012 19:14:48.89][186.90.206.86][1232] SELECT c_asigna FROM dace004 WHERE exp_e='94-12360569' AND c_asigna='355691' AND status IN ('0','3','B') [1][0] OK
C:[11/11/2012 19:14:48.89][186.90.206.86][1232] SELECT c_asigna FROM dace004 WHERE exp_e='94-12360569' AND c_asigna='355595' AND status IN ('0','3','B') [1][0] OK
C:[11/11/2012 19:14:48.89][186.90.206.86][1219] SELECT pre_cod_asig1,pre_cod_asig2,pre_cod_asig3,pre_cod_asig4,pre_cod_asig5,pre_cod_asig6,pre_cod_asig7 FROM tblaca009 WHERE pensum='5' AND c_uni_ca='5' AND c_asigna='355953' [1][0] OK
C:[11/11/2012 19:14:48.89][186.90.206.86][1232] SELECT c_asigna FROM dace004 WHERE exp_e='94-12360569' AND c_asigna='355691' AND status IN ('0','3','B') [1][0] OK
C:[11/11/2012 19:14:48.02][186.90.206.86][1263] SELECT par_cod_asig1,par_cod_asig2,par_cod_asig3 FROM tblaca009 WHERE pensum='5' AND c_uni_ca='5' AND c_asigna='354852' [1][0] OK
C:[11/11/2012 19:14:48.02][186.90.206.86][1263] SELECT par_cod_asig1,par_cod_asig2,par_cod_asig3 FROM tblaca009 WHERE pensum='5' AND c_uni_ca='5' AND c_asigna='355721' [1][0] OK
C:[11/11/2012 19:14:48.02][186.90.206.86][1263] SELECT par_cod_asig1,par_cod_asig2,par_cod_asig3 FROM tblaca009 WHERE pensum='5' AND c_uni_ca='5' AND c_asigna='355722' [1][0] OK
C:[11/11/2012 19:14:48.02][186.90.206.86][1263] SELECT par_cod_asig1,par_cod_asig2,par_cod_asig3 FROM tblaca009 WHERE pensum='5' AND c_uni_ca='5' AND c_asigna='355953' [1][0] OK
C:[11/11/2012 21:02:09.01][186.89.223.195][1219] SELECT pre_cod_asig1,pre_cod_asig2,pre_cod_asig3,pre_cod_asig4,pre_cod_asig5,pre_cod_asig6,pre_cod_asig7 FROM tblaca009 WHERE pensum='5' AND c_uni_ca='4' AND c_asigna='333052' [1][0] OK
C:[11/11/2012 21:02:09.01][186.89.223.195][1219] SELECT pre_cod_asig1,pre_cod_asig2,pre_cod_asig3,pre_cod_asig4,pre_cod_asig5,pre_cod_asig6,pre_cod_asig7 FROM tblaca009 WHERE pensum='5' AND c_uni_ca='4' AND c_asigna='333053' [1][0] OK
C:[11/11/2012 21:02:09.01][186.89.223.195][1219] SELECT pre_cod_asig1,pre_cod_asig2,pre_cod_asig3,pre_cod_asig4,pre_cod_asig5,pre_cod_asig6,pre_cod_asig7 FROM tblaca009 WHERE pensum='5' AND c_uni_ca='4' AND c_asigna='333939' [1][0] OK
C:[11/11/2012 21:02:09.38][186.89.223.195][1263] SELECT par_cod_asig1,par_cod_asig2,par_cod_asig3 FROM tblaca009 WHERE pensum='5' AND c_uni_ca='4' AND c_asigna='333052' [1][0] OK
C:[11/11/2012 21:02:09.38][186.89.223.195][1263] SELECT par_cod_asig1,par_cod_asig2,par_cod_asig3 FROM tblaca009 WHERE pensum='5' AND c_uni_ca='4' AND c_asigna='333053' [1][0] OK
C:[11/11/2012 21:02:09.38][186.89.223.195][1263] SELECT par_cod_asig1,par_cod_asig2,par_cod_asig3 FROM tblaca009 WHERE pensum='5' AND c_uni_ca='4' AND c_asigna='333939' [1][0] OK
C:[11/11/2012 21:02:09.76][186.89.223.195][1334] SELECT c_asigna FROM tblaca009 WHERE pensum='5' AND c_uni_ca='4' AND ((par_cod_asig1='300956') OR (par_cod_asig2='300956') OR (par_cod_asig3='300956'))  [0][0] OK
C:[11/11/2012 21:32:48.80][190.198.134.195][1219] SELECT pre_cod_asig1,pre_cod_asig2,pre_cod_asig3,pre_cod_asig4,pre_cod_asig5,pre_cod_asig6,pre_cod_asig7 FROM tblaca009 WHERE pensum='5' AND c_uni_ca='6' AND c_asigna='300422' [1][0] OK
C:[11/11/2012 21:32:48.80][190.198.134.195][1232] SELECT c_asigna FROM dace004 WHERE exp_e='06-17632061' AND c_asigna='300105' AND status IN ('0','3','B') [1][0] OK
C:[11/11/2012 21:32:48.80][190.198.134.195][1232] SELECT c_asigna FROM dace004 WHERE exp_e='06-17632061' AND c_asigna='300314' AND status IN ('0','3','B') [1][0] OK
C:[11/11/2012 21:32:48.80][190.198.134.195][1219] SELECT pre_cod_asig1,pre_cod_asig2,pre_cod_asig3,pre_cod_asig4,pre_cod_asig5,pre_cod_asig6,pre_cod_asig7 FROM tblaca009 WHERE pensum='5' AND c_uni_ca='6' AND c_asigna='343568' [1][0] OK
C:[11/11/2012 21:32:48.80][190.198.134.195][1232] SELECT c_asigna FROM dace004 WHERE exp_e='06-17632061' AND c_asigna='340327' AND status IN ('0','3','B') [1][0] OK
C:[11/11/2012 21:32:48.80][190.198.134.195][1219] SELECT pre_cod_asig1,pre_cod_asig2,pre_cod_asig3,pre_cod_asig4,pre_cod_asig5,pre_cod_asig6,pre_cod_asig7 FROM tblaca009 WHERE pensum='5' AND c_uni_ca='6' AND c_asigna='344687' [1][0] OK
C:[11/11/2012 21:32:48.80][190.198.134.195][1232] SELECT c_asigna FROM dace004 WHERE exp_e='06-17632061' AND c_asigna='344565' AND status IN ('0','3','B') [1][0] OK
C:[11/11/2012 21:32:48.80][190.198.134.195][1219] SELECT pre_cod_asig1,pre_cod_asig2,pre_cod_asig3,pre_cod_asig4,pre_cod_asig5,pre_cod_asig6,pre_cod_asig7 FROM tblaca009 WHERE pensum='5' AND c_uni_ca='6' AND c_asigna='344715' [1][0] OK
C:[11/11/2012 21:32:48.80][190.198.134.195][1232] SELECT c_asigna FROM dace004 WHERE exp_e='06-17632061' AND c_asigna='344688' AND status IN ('0','3','B') [1][0] OK
C:[11/11/2012 21:32:48.80][190.198.134.195][1232] SELECT c_asigna FROM dace004 WHERE exp_e='06-17632061' AND c_asigna='344613' AND status IN ('0','3','B') [1][0] OK
C:[11/11/2012 21:32:48.80][190.198.134.195][1219] SELECT pre_cod_asig1,pre_cod_asig2,pre_cod_asig3,pre_cod_asig4,pre_cod_asig5,pre_cod_asig6,pre_cod_asig7 FROM tblaca009 WHERE pensum='5' AND c_uni_ca='6' AND c_asigna='344716' [1][0] OK
C:[11/11/2012 21:32:48.80][190.198.134.195][1232] SELECT c_asigna FROM dace004 WHERE exp_e='06-17632061' AND c_asigna='344688' AND status IN ('0','3','B') [1][0] OK
C:[11/11/2012 21:32:48.80][190.198.134.195][1232] SELECT c_asigna FROM dace004 WHERE exp_e='06-17632061' AND c_asigna='342559' AND status IN ('0','3','B') [1][0] OK
C:[11/11/2012 21:32:48.80][190.198.134.195][1219] SELECT pre_cod_asig1,pre_cod_asig2,pre_cod_asig3,pre_cod_asig4,pre_cod_asig5,pre_cod_asig6,pre_cod_asig7 FROM tblaca009 WHERE pensum='5' AND c_uni_ca='6' AND c_asigna='344733' [1][0] OK
C:[11/11/2012 21:32:48.80][190.198.134.195][1219] SELECT pre_cod_asig1,pre_cod_asig2,pre_cod_asig3,pre_cod_asig4,pre_cod_asig5,pre_cod_asig6,pre_cod_asig7 FROM tblaca009 WHERE pensum='5' AND c_uni_ca='6' AND c_asigna='344742' [1][0] OK
C:[11/11/2012 21:32:48.80][190.198.134.195][1232] SELECT c_asigna FROM dace004 WHERE exp_e='06-17632061' AND c_asigna='344688' AND status IN ('0','3','B') [1][0] OK
C:[11/11/2012 21:32:48.80][190.198.134.195][1232] SELECT c_asigna FROM dace004 WHERE exp_e='06-17632061' AND c_asigna='342679' AND status IN ('0','3','B') [1][0] OK
C:[11/11/2012 21:32:49.93][190.198.134.195][1263] SELECT par_cod_asig1,par_cod_asig2,par_cod_asig3 FROM tblaca009 WHERE pensum='5' AND c_uni_ca='6' AND c_asigna='300422' [1][0] OK
C:[11/11/2012 21:32:49.93][190.198.134.195][1263] SELECT par_cod_asig1,par_cod_asig2,par_cod_asig3 FROM tblaca009 WHERE pensum='5' AND c_uni_ca='6' AND c_asigna='343568' [1][0] OK
C:[11/11/2012 21:32:49.93][190.198.134.195][1263] SELECT par_cod_asig1,par_cod_asig2,par_cod_asig3 FROM tblaca009 WHERE pensum='5' AND c_uni_ca='6' AND c_asigna='344687' [1][0] OK
C:[11/11/2012 21:32:49.93][190.198.134.195][1263] SELECT par_cod_asig1,par_cod_asig2,par_cod_asig3 FROM tblaca009 WHERE pensum='5' AND c_uni_ca='6' AND c_asigna='344715' [1][0] OK
C:[11/11/2012 21:32:49.93][190.198.134.195][1263] SELECT par_cod_asig1,par_cod_asig2,par_cod_asig3 FROM tblaca009 WHERE pensum='5' AND c_uni_ca='6' AND c_asigna='344716' [1][0] OK
C:[11/11/2012 21:32:49.93][190.198.134.195][1263] SELECT par_cod_asig1,par_cod_asig2,par_cod_asig3 FROM tblaca009 WHERE pensum='5' AND c_uni_ca='6' AND c_asigna='344733' [1][0] OK
C:[11/11/2012 21:32:49.93][190.198.134.195][1263] SELECT par_cod_asig1,par_cod_asig2,par_cod_asig3 FROM tblaca009 WHERE pensum='5' AND c_uni_ca='6' AND c_asigna='344742' [1][0] OK
C:[11/11/2012 23:08:58.12][181.183.7.18][1219] SELECT pre_cod_asig1,pre_cod_asig2,pre_cod_asig3,pre_cod_asig4,pre_cod_asig5,pre_cod_asig6,pre_cod_asig7 FROM tblaca009 WHERE pensum='5' AND c_uni_ca='4' AND c_asigna='300207' [1][0] OK
C:[11/11/2012 23:08:58.12][181.183.7.18][1232] SELECT c_asigna FROM dace004 WHERE exp_e='08-20884407' AND c_asigna='300101' AND status IN ('0','3','B') [1][0] OK
C:[11/11/2012 23:08:58.12][181.183.7.18][1219] SELECT pre_cod_asig1,pre_cod_asig2,pre_cod_asig3,pre_cod_asig4,pre_cod_asig5,pre_cod_asig6,pre_cod_asig7 FROM tblaca009 WHERE pensum='5' AND c_uni_ca='4' AND c_asigna='300218' [1][0] OK
C:[11/11/2012 23:08:58.12][181.183.7.18][1219] SELECT pre_cod_asig1,pre_cod_asig2,pre_cod_asig3,pre_cod_asig4,pre_cod_asig5,pre_cod_asig6,pre_cod_asig7 FROM tblaca009 WHERE pensum='5' AND c_uni_ca='4' AND c_asigna='300228' [1][0] OK
C:[11/11/2012 23:08:58.12][181.183.7.18][1232] SELECT c_asigna FROM dace004 WHERE exp_e='08-20884407' AND c_asigna='300101' AND status IN ('0','3','B') [1][0] OK
C:[11/11/2012 23:08:58.12][181.183.7.18][1219] SELECT pre_cod_asig1,pre_cod_asig2,pre_cod_asig3,pre_cod_asig4,pre_cod_asig5,pre_cod_asig6,pre_cod_asig7 FROM tblaca009 WHERE pensum='5' AND c_uni_ca='4' AND c_asigna='300313' [1][0] OK
C:[11/11/2012 23:08:58.12][181.183.7.18][1232] SELECT c_asigna FROM dace004 WHERE exp_e='08-20884407' AND c_asigna='300213' AND status IN ('0','3','B') [1][0] OK
C:[11/11/2012 23:08:58.12][181.183.7.18][1232] SELECT c_asigna FROM dace004 WHERE exp_e='08-20884407' AND c_asigna='300226' AND status IN ('0','3','B') [1][0] OK
C:[11/11/2012 23:08:58.12][181.183.7.18][1232] SELECT c_asigna FROM dace004 WHERE exp_e='08-20884407' AND c_asigna='300222' AND status IN ('0','3','B') [1][0] OK
C:[11/11/2012 23:08:58.12][181.183.7.18][1232] SELECT c_asigna FROM dace004 WHERE exp_e='08-20884407' AND c_asigna='300209' AND status IN ('0','3','B') [1][0] OK
C:[11/11/2012 23:08:59.37][181.183.7.18][1263] SELECT par_cod_asig1,par_cod_asig2,par_cod_asig3 FROM tblaca009 WHERE pensum='5' AND c_uni_ca='4' AND c_asigna='300207' [1][0] OK
C:[11/11/2012 23:08:59.37][181.183.7.18][1263] SELECT par_cod_asig1,par_cod_asig2,par_cod_asig3 FROM tblaca009 WHERE pensum='5' AND c_uni_ca='4' AND c_asigna='300218' [1][0] OK
C:[11/11/2012 23:08:59.37][181.183.7.18][1277] SELECT c_asigna FROM dace004 WHERE exp_e='08-20884407' AND c_asigna='300228' AND status IN ('0','3','B','C') [0][0] OK
C:[11/11/2012 23:08:59.37][181.183.7.18][1263] SELECT par_cod_asig1,par_cod_asig2,par_cod_asig3 FROM tblaca009 WHERE pensum='5' AND c_uni_ca='4' AND c_asigna='300228' [1][0] OK
C:[11/11/2012 23:08:59.37][181.183.7.18][1263] SELECT par_cod_asig1,par_cod_asig2,par_cod_asig3 FROM tblaca009 WHERE pensum='5' AND c_uni_ca='4' AND c_asigna='300313' [1][0] OK
C:[12/11/2012 07:49:34.59][186.95.39.110][1219] SELECT pre_cod_asig1,pre_cod_asig2,pre_cod_asig3,pre_cod_asig4,pre_cod_asig5,pre_cod_asig6,pre_cod_asig7 FROM tblaca009 WHERE pensum='5' AND c_uni_ca='5' AND c_asigna='300676' [1][0] OK
C:[12/11/2012 07:49:34.59][186.95.39.110][1219] SELECT pre_cod_asig1,pre_cod_asig2,pre_cod_asig3,pre_cod_asig4,pre_cod_asig5,pre_cod_asig6,pre_cod_asig7 FROM tblaca009 WHERE pensum='5' AND c_uni_ca='5' AND c_asigna='355721' [1][0] OK
C:[12/11/2012 07:49:34.59][186.95.39.110][1232] SELECT c_asigna FROM dace004 WHERE exp_e='04-16407950' AND c_asigna='355693' AND status IN ('0','3','B') [1][0] OK
C:[12/11/2012 07:49:34.59][186.95.39.110][1232] SELECT c_asigna FROM dace004 WHERE exp_e='04-16407950' AND c_asigna='355696' AND status IN ('0','3','B') [1][0] OK
C:[12/11/2012 07:49:34.09][186.95.39.110][1263] SELECT par_cod_asig1,par_cod_asig2,par_cod_asig3 FROM tblaca009 WHERE pensum='5' AND c_uni_ca='5' AND c_asigna='300676' [1][0] OK
C:[12/11/2012 07:49:34.09][186.95.39.110][1263] SELECT par_cod_asig1,par_cod_asig2,par_cod_asig3 FROM tblaca009 WHERE pensum='5' AND c_uni_ca='5' AND c_asigna='355721' [1][0] OK
C:[12/11/2012 07:49:34.34][186.95.39.110][1334] SELECT c_asigna FROM tblaca009 WHERE pensum='5' AND c_uni_ca='5' AND ((par_cod_asig1='355725') OR (par_cod_asig2='355725') OR (par_cod_asig3='355725'))  [0][0] OK
C:[12/11/2012 08:41:53.34][172.16.8.251][1219] SELECT pre_cod_asig1,pre_cod_asig2,pre_cod_asig3,pre_cod_asig4,pre_cod_asig5,pre_cod_asig6,pre_cod_asig7 FROM tblaca009 WHERE pensum='5' AND c_uni_ca='6' AND c_asigna='300226' [1][0] OK
C:[12/11/2012 08:41:53.34][172.16.8.251][1232] SELECT c_asigna FROM dace004 WHERE exp_e='04-18886325' AND c_asigna='300116' AND status IN ('0','3','B') [1][0] OK
C:[12/11/2012 08:41:53.59][172.16.8.251][1263] SELECT par_cod_asig1,par_cod_asig2,par_cod_asig3 FROM tblaca009 WHERE pensum='5' AND c_uni_ca='6' AND c_asigna='300226' [1][0] OK
C:[12/11/2012 08:41:53.71][172.16.8.251][1334] SELECT c_asigna FROM tblaca009 WHERE pensum='5' AND c_uni_ca='6' AND ((par_cod_asig1='344688') OR (par_cod_asig2='344688') OR (par_cod_asig3='344688'))  [0][0] OK
C:[12/11/2012 09:06:33.87][190.121.238.171][1219] SELECT pre_cod_asig1,pre_cod_asig2,pre_cod_asig3,pre_cod_asig4,pre_cod_asig5,pre_cod_asig6,pre_cod_asig7 FROM tblaca009 WHERE pensum='5' AND c_uni_ca='4' AND c_asigna='300209' [1][0] OK
C:[12/11/2012 09:06:33.87][190.121.238.171][1232] SELECT c_asigna FROM dace004 WHERE exp_e='11-24037053' AND c_asigna='300101' AND status IN ('0','3','B') [1][0] OK
C:[12/11/2012 09:06:33.87][190.121.238.171][1219] SELECT pre_cod_asig1,pre_cod_asig2,pre_cod_asig3,pre_cod_asig4,pre_cod_asig5,pre_cod_asig6,pre_cod_asig7 FROM tblaca009 WHERE pensum='5' AND c_uni_ca='4' AND c_asigna='300213' [1][0] OK
C:[12/11/2012 09:06:33.87][190.121.238.171][1232] SELECT c_asigna FROM dace004 WHERE exp_e='11-24037053' AND c_asigna='300101' AND status IN ('0','3','B') [1][0] OK
C:[12/11/2012 09:06:33.87][190.121.238.171][1219] SELECT pre_cod_asig1,pre_cod_asig2,pre_cod_asig3,pre_cod_asig4,pre_cod_asig5,pre_cod_asig6,pre_cod_asig7 FROM tblaca009 WHERE pensum='5' AND c_uni_ca='4' AND c_asigna='330310' [1][0] OK
C:[12/11/2012 09:06:33.87][190.121.238.171][1232] SELECT c_asigna FROM dace004 WHERE exp_e='11-24037053' AND c_asigna='300013' AND status IN ('0','3','B') [1][0] OK
C:[12/11/2012 09:06:33.87][190.121.238.171][1232] SELECT c_asigna FROM dace004 WHERE exp_e='11-24037053' AND c_asigna='300113' AND status IN ('0','3','B') [1][0] OK
C:[12/11/2012 09:06:33.87][190.121.238.171][1219] SELECT pre_cod_asig1,pre_cod_asig2,pre_cod_asig3,pre_cod_asig4,pre_cod_asig5,pre_cod_asig6,pre_cod_asig7 FROM tblaca009 WHERE pensum='5' AND c_uni_ca='4' AND c_asigna='333326' [1][0] OK
C:[12/11/2012 09:06:33.87][190.121.238.171][1263] SELECT par_cod_asig1,par_cod_asig2,par_cod_asig3 FROM tblaca009 WHERE pensum='5' AND c_uni_ca='4' AND c_asigna='300209' [1][0] OK
C:[12/11/2012 09:06:33.87][190.121.238.171][1263] SELECT par_cod_asig1,par_cod_asig2,par_cod_asig3 FROM tblaca009 WHERE pensum='5' AND c_uni_ca='4' AND c_asigna='300213' [1][0] OK
C:[12/11/2012 09:06:33.87][190.121.238.171][1277] SELECT c_asigna FROM dace004 WHERE exp_e='11-24037053' AND c_asigna='300209' AND status IN ('0','3','B','C') [0][0] OK
C:[12/11/2012 09:06:33.87][190.121.238.171][1263] SELECT par_cod_asig1,par_cod_asig2,par_cod_asig3 FROM tblaca009 WHERE pensum='5' AND c_uni_ca='4' AND c_asigna='330310' [1][0] OK
C:[12/11/2012 09:06:33.87][190.121.238.171][1263] SELECT par_cod_asig1,par_cod_asig2,par_cod_asig3 FROM tblaca009 WHERE pensum='5' AND c_uni_ca='4' AND c_asigna='333326' [1][0] OK
C:[12/11/2012 09:06:34.50][190.121.238.171][1334] SELECT c_asigna FROM tblaca009 WHERE pensum='5' AND c_uni_ca='4' AND ((par_cod_asig1='300228') OR (par_cod_asig2='300228') OR (par_cod_asig3='300228'))  [1][0] OK
C:[12/11/2012 09:06:34.50][190.121.238.171][1346] SELECT c_asigna FROM dace004 WHERE exp_e='11-24037053' AND c_asigna='300218' AND status IN ('0','3','B') [1][0] OK
C:[12/11/2012 09:07:54.14][190.121.238.171][1219] SELECT pre_cod_asig1,pre_cod_asig2,pre_cod_asig3,pre_cod_asig4,pre_cod_asig5,pre_cod_asig6,pre_cod_asig7 FROM tblaca009 WHERE pensum='5' AND c_uni_ca='4' AND c_asigna='300228' [1][0] OK
C:[12/11/2012 09:07:54.14][190.121.238.171][1232] SELECT c_asigna FROM dace004 WHERE exp_e='11-24037053' AND c_asigna='300101' AND status IN ('0','3','B') [1][0] OK
C:[12/11/2012 09:07:54.14][190.121.238.171][1219] SELECT pre_cod_asig1,pre_cod_asig2,pre_cod_asig3,pre_cod_asig4,pre_cod_asig5,pre_cod_asig6,pre_cod_asig7 FROM tblaca009 WHERE pensum='5' AND c_uni_ca='4' AND c_asigna='300209' [1][0] OK
C:[12/11/2012 09:07:54.14][190.121.238.171][1232] SELECT c_asigna FROM dace004 WHERE exp_e='11-24037053' AND c_asigna='300101' AND status IN ('0','3','B') [1][0] OK
C:[12/11/2012 09:07:54.14][190.121.238.171][1219] SELECT pre_cod_asig1,pre_cod_asig2,pre_cod_asig3,pre_cod_asig4,pre_cod_asig5,pre_cod_asig6,pre_cod_asig7 FROM tblaca009 WHERE pensum='5' AND c_uni_ca='4' AND c_asigna='300213' [1][0] OK
C:[12/11/2012 09:07:54.14][190.121.238.171][1232] SELECT c_asigna FROM dace004 WHERE exp_e='11-24037053' AND c_asigna='300101' AND status IN ('0','3','B') [1][0] OK
C:[12/11/2012 09:07:54.14][190.121.238.171][1219] SELECT pre_cod_asig1,pre_cod_asig2,pre_cod_asig3,pre_cod_asig4,pre_cod_asig5,pre_cod_asig6,pre_cod_asig7 FROM tblaca009 WHERE pensum='5' AND c_uni_ca='4' AND c_asigna='330310' [1][0] OK
C:[12/11/2012 09:07:54.14][190.121.238.171][1232] SELECT c_asigna FROM dace004 WHERE exp_e='11-24037053' AND c_asigna='300013' AND status IN ('0','3','B') [1][0] OK
C:[12/11/2012 09:07:54.14][190.121.238.171][1232] SELECT c_asigna FROM dace004 WHERE exp_e='11-24037053' AND c_asigna='300113' AND status IN ('0','3','B') [1][0] OK
C:[12/11/2012 09:07:54.14][190.121.238.171][1219] SELECT pre_cod_asig1,pre_cod_asig2,pre_cod_asig3,pre_cod_asig4,pre_cod_asig5,pre_cod_asig6,pre_cod_asig7 FROM tblaca009 WHERE pensum='5' AND c_uni_ca='4' AND c_asigna='333326' [1][0] OK
C:[12/11/2012 09:07:54.39][190.121.238.171][1263] SELECT par_cod_asig1,par_cod_asig2,par_cod_asig3 FROM tblaca009 WHERE pensum='5' AND c_uni_ca='4' AND c_asigna='300228' [1][0] OK
C:[12/11/2012 09:07:54.39][190.121.238.171][1263] SELECT par_cod_asig1,par_cod_asig2,par_cod_asig3 FROM tblaca009 WHERE pensum='5' AND c_uni_ca='4' AND c_asigna='300209' [1][0] OK
C:[12/11/2012 09:07:54.39][190.121.238.171][1263] SELECT par_cod_asig1,par_cod_asig2,par_cod_asig3 FROM tblaca009 WHERE pensum='5' AND c_uni_ca='4' AND c_asigna='300213' [1][0] OK
C:[12/11/2012 09:07:54.39][190.121.238.171][1277] SELECT c_asigna FROM dace004 WHERE exp_e='11-24037053' AND c_asigna='300209' AND status IN ('0','3','B','C') [0][0] OK
C:[12/11/2012 09:07:54.39][190.121.238.171][1263] SELECT par_cod_asig1,par_cod_asig2,par_cod_asig3 FROM tblaca009 WHERE pensum='5' AND c_uni_ca='4' AND c_asigna='330310' [1][0] OK
C:[12/11/2012 09:07:54.39][190.121.238.171][1263] SELECT par_cod_asig1,par_cod_asig2,par_cod_asig3 FROM tblaca009 WHERE pensum='5' AND c_uni_ca='4' AND c_asigna='333326' [1][0] OK
C:[12/11/2012 09:16:38.66][190.202.228.142][1219] SELECT pre_cod_asig1,pre_cod_asig2,pre_cod_asig3,pre_cod_asig4,pre_cod_asig5,pre_cod_asig6,pre_cod_asig7 FROM tblaca009 WHERE pensum='5' AND c_uni_ca='2' AND c_asigna='300228' [1][0] OK
C:[12/11/2012 09:16:38.66][190.202.228.142][1232] SELECT c_asigna FROM dace004 WHERE exp_e='08-19093841' AND c_asigna='300101' AND status IN ('0','3','B') [1][0] OK
C:[12/11/2012 09:16:38.66][190.202.228.142][1219] SELECT pre_cod_asig1,pre_cod_asig2,pre_cod_asig3,pre_cod_asig4,pre_cod_asig5,pre_cod_asig6,pre_cod_asig7 FROM tblaca009 WHERE pensum='5' AND c_uni_ca='2' AND c_asigna='320311' [1][0] OK
C:[12/11/2012 09:16:38.66][190.202.228.142][1232] SELECT c_asigna FROM dace004 WHERE exp_e='08-19093841' AND c_asigna='300013' AND status IN ('0','3','B') [1][0] OK
C:[12/11/2012 09:16:38.66][190.202.228.142][1232] SELECT c_asigna FROM dace004 WHERE exp_e='08-19093841' AND c_asigna='300113' AND status IN ('0','3','B') [1][0] OK
C:[12/11/2012 09:16:38.29][190.202.228.142][1263] SELECT par_cod_asig1,par_cod_asig2,par_cod_asig3 FROM tblaca009 WHERE pensum='5' AND c_uni_ca='2' AND c_asigna='300228' [1][0] OK
C:[12/11/2012 09:16:38.29][190.202.228.142][1263] SELECT par_cod_asig1,par_cod_asig2,par_cod_asig3 FROM tblaca009 WHERE pensum='5' AND c_uni_ca='2' AND c_asigna='320311' [1][0] OK
C:[12/11/2012 10:51:43.23][172.16.12.37][1219] SELECT pre_cod_asig1,pre_cod_asig2,pre_cod_asig3,pre_cod_asig4,pre_cod_asig5,pre_cod_asig6,pre_cod_asig7 FROM tblaca009 WHERE pensum='5' AND c_uni_ca='6' AND c_asigna='342444' [1][0] OK
C:[12/11/2012 10:51:43.23][172.16.12.37][1232] SELECT c_asigna FROM dace004 WHERE exp_e='08-20703853' AND c_asigna='340323' AND status IN ('0','3','B') [1][0] OK
C:[12/11/2012 10:51:43.23][172.16.12.37][1219] SELECT pre_cod_asig1,pre_cod_asig2,pre_cod_asig3,pre_cod_asig4,pre_cod_asig5,pre_cod_asig6,pre_cod_asig7 FROM tblaca009 WHERE pensum='5' AND c_uni_ca='6' AND c_asigna='342559' [1][0] OK
C:[12/11/2012 10:51:43.23][172.16.12.37][1232] SELECT c_asigna FROM dace004 WHERE exp_e='08-20703853' AND c_asigna='342436' AND status IN ('0','3','B') [1][0] OK
C:[12/11/2012 10:51:43.23][172.16.12.37][1219] SELECT pre_cod_asig1,pre_cod_asig2,pre_cod_asig3,pre_cod_asig4,pre_cod_asig5,pre_cod_asig6,pre_cod_asig7 FROM tblaca009 WHERE pensum='5' AND c_uni_ca='6' AND c_asigna='344687' [1][0] OK
C:[12/11/2012 10:51:43.23][172.16.12.37][1232] SELECT c_asigna FROM dace004 WHERE exp_e='08-20703853' AND c_asigna='344565' AND status IN ('0','3','B') [1][0] OK
C:[12/11/2012 10:51:44.97][172.16.12.37][1263] SELECT par_cod_asig1,par_cod_asig2,par_cod_asig3 FROM tblaca009 WHERE pensum='5' AND c_uni_ca='6' AND c_asigna='342444' [1][0] OK
C:[12/11/2012 10:51:44.97][172.16.12.37][1263] SELECT par_cod_asig1,par_cod_asig2,par_cod_asig3 FROM tblaca009 WHERE pensum='5' AND c_uni_ca='6' AND c_asigna='342559' [1][0] OK
C:[12/11/2012 10:51:44.97][172.16.12.37][1263] SELECT par_cod_asig1,par_cod_asig2,par_cod_asig3 FROM tblaca009 WHERE pensum='5' AND c_uni_ca='6' AND c_asigna='344687' [1][0] OK
C:[12/11/2012 10:51:44.35][172.16.12.37][1334] SELECT c_asigna FROM tblaca009 WHERE pensum='5' AND c_uni_ca='6' AND ((par_cod_asig1='300422') OR (par_cod_asig2='300422') OR (par_cod_asig3='300422'))  [0][0] OK
C:[12/11/2012 11:46:05.79][190.37.174.251][1219] SELECT pre_cod_asig1,pre_cod_asig2,pre_cod_asig3,pre_cod_asig4,pre_cod_asig5,pre_cod_asig6,pre_cod_asig7 FROM tblaca009 WHERE pensum='5' AND c_uni_ca='6' AND c_asigna='340323' [1][0] OK
C:[12/11/2012 11:46:05.79][190.37.174.251][1232] SELECT c_asigna FROM dace004 WHERE exp_e='10-20808566' AND c_asigna='300228' AND status IN ('0','3','B') [1][0] OK
C:[12/11/2012 11:46:05.79][190.37.174.251][1232] SELECT c_asigna FROM dace004 WHERE exp_e='10-20808566' AND c_asigna='300207' AND status IN ('0','3','B') [1][0] OK
C:[12/11/2012 11:46:05.79][190.37.174.251][1219] SELECT pre_cod_asig1,pre_cod_asig2,pre_cod_asig3,pre_cod_asig4,pre_cod_asig5,pre_cod_asig6,pre_cod_asig7 FROM tblaca009 WHERE pensum='5' AND c_uni_ca='6' AND c_asigna='342559' [1][0] OK
C:[12/11/2012 11:46:05.79][190.37.174.251][1232] SELECT c_asigna FROM dace004 WHERE exp_e='10-20808566' AND c_asigna='342436' AND status IN ('0','3','B') [1][0] OK
C:[12/11/2012 11:46:05.79][190.37.174.251][1219] SELECT pre_cod_asig1,pre_cod_asig2,pre_cod_asig3,pre_cod_asig4,pre_cod_asig5,pre_cod_asig6,pre_cod_asig7 FROM tblaca009 WHERE pensum='5' AND c_uni_ca='6' AND c_asigna='343568' [1][0] OK
C:[12/11/2012 11:46:05.79][190.37.174.251][1232] SELECT c_asigna FROM dace004 WHERE exp_e='10-20808566' AND c_asigna='340327' AND status IN ('0','3','B') [1][0] OK
C:[12/11/2012 11:46:05.79][190.37.174.251][1219] SELECT pre_cod_asig1,pre_cod_asig2,pre_cod_asig3,pre_cod_asig4,pre_cod_asig5,pre_cod_asig6,pre_cod_asig7 FROM tblaca009 WHERE pensum='5' AND c_uni_ca='6' AND c_asigna='344445' [1][0] OK
C:[12/11/2012 11:46:05.79][190.37.174.251][1263] SELECT par_cod_asig1,par_cod_asig2,par_cod_asig3 FROM tblaca009 WHERE pensum='5' AND c_uni_ca='6' AND c_asigna='340323' [1][0] OK
C:[12/11/2012 11:46:05.79][190.37.174.251][1263] SELECT par_cod_asig1,par_cod_asig2,par_cod_asig3 FROM tblaca009 WHERE pensum='5' AND c_uni_ca='6' AND c_asigna='342559' [1][0] OK
C:[12/11/2012 11:46:05.79][190.37.174.251][1263] SELECT par_cod_asig1,par_cod_asig2,par_cod_asig3 FROM tblaca009 WHERE pensum='5' AND c_uni_ca='6' AND c_asigna='343568' [1][0] OK
C:[12/11/2012 11:46:05.79][190.37.174.251][1263] SELECT par_cod_asig1,par_cod_asig2,par_cod_asig3 FROM tblaca009 WHERE pensum='5' AND c_uni_ca='6' AND c_asigna='344445' [1][0] OK
C:[12/11/2012 11:46:05.29][190.37.174.251][1334] SELECT c_asigna FROM tblaca009 WHERE pensum='5' AND c_uni_ca='6' AND ((par_cod_asig1='300422') OR (par_cod_asig2='300422') OR (par_cod_asig3='300422'))  [0][0] OK
C:[12/11/2012 11:49:05.29][200.109.222.133][1219] SELECT pre_cod_asig1,pre_cod_asig2,pre_cod_asig3,pre_cod_asig4,pre_cod_asig5,pre_cod_asig6,pre_cod_asig7 FROM tblaca009 WHERE pensum='5' AND c_uni_ca='2' AND c_asigna='322033' [1][0] OK
C:[12/11/2012 11:49:05.29][200.109.222.133][1219] SELECT pre_cod_asig1,pre_cod_asig2,pre_cod_asig3,pre_cod_asig4,pre_cod_asig5,pre_cod_asig6,pre_cod_asig7 FROM tblaca009 WHERE pensum='5' AND c_uni_ca='2' AND c_asigna='322826' [1][0] OK
C:[12/11/2012 11:49:05.29][200.109.222.133][1232] SELECT c_asigna FROM dace004 WHERE exp_e='07-19911442' AND c_asigna='322702' AND status IN ('0','3','B') [1][0] OK
C:[12/11/2012 11:49:05.29][200.109.222.133][1219] SELECT pre_cod_asig1,pre_cod_asig2,pre_cod_asig3,pre_cod_asig4,pre_cod_asig5,pre_cod_asig6,pre_cod_asig7 FROM tblaca009 WHERE pensum='5' AND c_uni_ca='2' AND c_asigna='322827' [1][0] OK
C:[12/11/2012 11:49:05.29][200.109.222.133][1232] SELECT c_asigna FROM dace004 WHERE exp_e='07-19911442' AND c_asigna='322703' AND status IN ('0','3','B') [1][0] OK
C:[12/11/2012 11:49:05.29][200.109.222.133][1232] SELECT c_asigna FROM dace004 WHERE exp_e='07-19911442' AND c_asigna='322782' AND status IN ('0','3','B') [1][0] OK
C:[12/11/2012 11:49:05.29][200.109.222.133][1232] SELECT c_asigna FROM dace004 WHERE exp_e='07-19911442' AND c_asigna='322449' AND status IN ('0','3','B') [1][0] OK
C:[12/11/2012 11:49:05.17][200.109.222.133][1263] SELECT par_cod_asig1,par_cod_asig2,par_cod_asig3 FROM tblaca009 WHERE pensum='5' AND c_uni_ca='2' AND c_asigna='322033' [1][0] OK
C:[12/11/2012 11:49:05.17][200.109.222.133][1263] SELECT par_cod_asig1,par_cod_asig2,par_cod_asig3 FROM tblaca009 WHERE pensum='5' AND c_uni_ca='2' AND c_asigna='322826' [1][0] OK
C:[12/11/2012 11:49:05.17][200.109.222.133][1263] SELECT par_cod_asig1,par_cod_asig2,par_cod_asig3 FROM tblaca009 WHERE pensum='5' AND c_uni_ca='2' AND c_asigna='322827' [1][0] OK
C:[12/11/2012 11:49:05.54][200.109.222.133][1334] SELECT c_asigna FROM tblaca009 WHERE pensum='5' AND c_uni_ca='2' AND ((par_cod_asig1='300956') OR (par_cod_asig2='300956') OR (par_cod_asig3='300956'))  [1][0] OK
C:[12/11/2012 11:49:05.54][200.109.222.133][1346] SELECT c_asigna FROM dace004 WHERE exp_e='07-19911442' AND c_asigna='322939' AND status IN ('0','3','B') [0][0] OK
C:[12/11/2012 13:10:49.35][190.121.239.135][1219] SELECT pre_cod_asig1,pre_cod_asig2,pre_cod_asig3,pre_cod_asig4,pre_cod_asig5,pre_cod_asig6,pre_cod_asig7 FROM tblaca009 WHERE pensum='5' AND c_uni_ca='2' AND c_asigna='320437' [1][0] OK
C:[12/11/2012 13:10:49.35][190.121.239.135][1232] SELECT c_asigna FROM dace004 WHERE exp_e='07-18665939' AND c_asigna='300317' AND status IN ('0','3','B') [1][0] OK
C:[12/11/2012 13:10:49.35][190.121.239.135][1232] SELECT c_asigna FROM dace004 WHERE exp_e='07-18665939' AND c_asigna='300313' AND status IN ('0','3','B') [1][0] OK
C:[12/11/2012 13:10:49.35][190.121.239.135][1232] SELECT c_asigna FROM dace004 WHERE exp_e='07-18665939' AND c_asigna='300209' AND status IN ('0','3','B') [1][0] OK
C:[12/11/2012 13:10:49.35][190.121.239.135][1232] SELECT c_asigna FROM dace004 WHERE exp_e='07-18665939' AND c_asigna='300226' AND status IN ('0','3','B') [1][0] OK
C:[12/11/2012 13:10:49.35][190.121.239.135][1219] SELECT pre_cod_asig1,pre_cod_asig2,pre_cod_asig3,pre_cod_asig4,pre_cod_asig5,pre_cod_asig6,pre_cod_asig7 FROM tblaca009 WHERE pensum='5' AND c_uni_ca='2' AND c_asigna='322433' [1][0] OK
C:[12/11/2012 13:10:49.35][190.121.239.135][1232] SELECT c_asigna FROM dace004 WHERE exp_e='07-18665939' AND c_asigna='320323' AND status IN ('0','3','B') [1][0] OK
C:[12/11/2012 13:10:49.35][190.121.239.135][1232] SELECT c_asigna FROM dace004 WHERE exp_e='07-18665939' AND c_asigna='300209' AND status IN ('0','3','B') [1][0] OK
C:[12/11/2012 13:10:49.35][190.121.239.135][1219] SELECT pre_cod_asig1,pre_cod_asig2,pre_cod_asig3,pre_cod_asig4,pre_cod_asig5,pre_cod_asig6,pre_cod_asig7 FROM tblaca009 WHERE pensum='5' AND c_uni_ca='2' AND c_asigna='322436' [1][0] OK
C:[12/11/2012 13:10:49.35][190.121.239.135][1232] SELECT c_asigna FROM dace004 WHERE exp_e='07-18665939' AND c_asigna='300317' AND status IN ('0','3','B') [1][0] OK
C:[12/11/2012 13:10:49.35][190.121.239.135][1232] SELECT c_asigna FROM dace004 WHERE exp_e='07-18665939' AND c_asigna='320311' AND status IN ('0','3','B') [1][0] OK
C:[12/11/2012 13:10:49.35][190.121.239.135][1219] SELECT pre_cod_asig1,pre_cod_asig2,pre_cod_asig3,pre_cod_asig4,pre_cod_asig5,pre_cod_asig6,pre_cod_asig7 FROM tblaca009 WHERE pensum='5' AND c_uni_ca='2' AND c_asigna='322449' [1][0] OK
C:[12/11/2012 13:10:49.35][190.121.239.135][1232] SELECT c_asigna FROM dace004 WHERE exp_e='07-18665939' AND c_asigna='300222' AND status IN ('0','3','B') [1][0] OK
C:[12/11/2012 13:10:49.97][190.121.239.135][1263] SELECT par_cod_asig1,par_cod_asig2,par_cod_asig3 FROM tblaca009 WHERE pensum='5' AND c_uni_ca='2' AND c_asigna='320437' [1][0] OK
C:[12/11/2012 13:10:49.97][190.121.239.135][1263] SELECT par_cod_asig1,par_cod_asig2,par_cod_asig3 FROM tblaca009 WHERE pensum='5' AND c_uni_ca='2' AND c_asigna='322433' [1][0] OK
C:[12/11/2012 13:10:49.97][190.121.239.135][1263] SELECT par_cod_asig1,par_cod_asig2,par_cod_asig3 FROM tblaca009 WHERE pensum='5' AND c_uni_ca='2' AND c_asigna='322436' [1][0] OK
C:[12/11/2012 13:10:49.97][190.121.239.135][1263] SELECT par_cod_asig1,par_cod_asig2,par_cod_asig3 FROM tblaca009 WHERE pensum='5' AND c_uni_ca='2' AND c_asigna='322449' [1][0] OK
C:[12/11/2012 13:10:49.47][190.121.239.135][1334] SELECT c_asigna FROM tblaca009 WHERE pensum='5' AND c_uni_ca='2' AND ((par_cod_asig1='300422') OR (par_cod_asig2='300422') OR (par_cod_asig3='300422'))  [0][0] OK
C:[12/11/2012 13:55:47.76][190.37.199.169][1219] SELECT pre_cod_asig1,pre_cod_asig2,pre_cod_asig3,pre_cod_asig4,pre_cod_asig5,pre_cod_asig6,pre_cod_asig7 FROM tblaca009 WHERE pensum='5' AND c_uni_ca='2' AND c_asigna='322550' [1][0] OK
C:[12/11/2012 13:55:47.76][190.37.199.169][1232] SELECT c_asigna FROM dace004 WHERE exp_e='06-18288918' AND c_asigna='322433' AND status IN ('0','3','B') [1][0] OK
C:[12/11/2012 13:55:47.76][190.37.199.169][1219] SELECT pre_cod_asig1,pre_cod_asig2,pre_cod_asig3,pre_cod_asig4,pre_cod_asig5,pre_cod_asig6,pre_cod_asig7 FROM tblaca009 WHERE pensum='5' AND c_uni_ca='2' AND c_asigna='322559' [1][0] OK
C:[12/11/2012 13:55:47.76][190.37.199.169][1232] SELECT c_asigna FROM dace004 WHERE exp_e='06-18288918' AND c_asigna='300428' AND status IN ('0','3','B') [1][0] OK
C:[12/11/2012 13:55:47.76][190.37.199.169][1232] SELECT c_asigna FROM dace004 WHERE exp_e='06-18288918' AND c_asigna='322436' AND status IN ('0','3','B') [1][0] OK
C:[12/11/2012 13:55:47.76][190.37.199.169][1219] SELECT pre_cod_asig1,pre_cod_asig2,pre_cod_asig3,pre_cod_asig4,pre_cod_asig5,pre_cod_asig6,pre_cod_asig7 FROM tblaca009 WHERE pensum='5' AND c_uni_ca='2' AND c_asigna='322605' [1][0] OK
C:[12/11/2012 13:55:47.76][190.37.199.169][1232] SELECT c_asigna FROM dace004 WHERE exp_e='06-18288918' AND c_asigna='322436' AND status IN ('0','3','B') [1][0] OK
C:[12/11/2012 13:55:47.76][190.37.199.169][1219] SELECT pre_cod_asig1,pre_cod_asig2,pre_cod_asig3,pre_cod_asig4,pre_cod_asig5,pre_cod_asig6,pre_cod_asig7 FROM tblaca009 WHERE pensum='5' AND c_uni_ca='2' AND c_asigna='323528' [1][0] OK
C:[12/11/2012 13:55:48.77][190.37.199.169][1263] SELECT par_cod_asig1,par_cod_asig2,par_cod_asig3 FROM tblaca009 WHERE pensum='5' AND c_uni_ca='2' AND c_asigna='322550' [1][0] OK
C:[12/11/2012 13:55:48.77][190.37.199.169][1263] SELECT par_cod_asig1,par_cod_asig2,par_cod_asig3 FROM tblaca009 WHERE pensum='5' AND c_uni_ca='2' AND c_asigna='322559' [1][0] OK
C:[12/11/2012 13:55:48.77][190.37.199.169][1263] SELECT par_cod_asig1,par_cod_asig2,par_cod_asig3 FROM tblaca009 WHERE pensum='5' AND c_uni_ca='2' AND c_asigna='322605' [1][0] OK
C:[12/11/2012 13:55:48.77][190.37.199.169][1263] SELECT par_cod_asig1,par_cod_asig2,par_cod_asig3 FROM tblaca009 WHERE pensum='5' AND c_uni_ca='2' AND c_asigna='323528' [1][0] OK
C:[12/11/2012 13:55:48.26][190.37.199.169][1334] SELECT c_asigna FROM tblaca009 WHERE pensum='5' AND c_uni_ca='2' AND ((par_cod_asig1='300422') OR (par_cod_asig2='300422') OR (par_cod_asig3='300422'))  [0][0] OK
C:[12/11/2012 13:56:47.54][190.37.199.169][1219] SELECT pre_cod_asig1,pre_cod_asig2,pre_cod_asig3,pre_cod_asig4,pre_cod_asig5,pre_cod_asig6,pre_cod_asig7 FROM tblaca009 WHERE pensum='5' AND c_uni_ca='2' AND c_asigna='300422' [1][0] OK
C:[12/11/2012 13:56:47.54][190.37.199.169][1232] SELECT c_asigna FROM dace004 WHERE exp_e='06-18288918' AND c_asigna='300105' AND status IN ('0','3','B') [1][0] OK
C:[12/11/2012 13:56:47.54][190.37.199.169][1232] SELECT c_asigna FROM dace004 WHERE exp_e='06-18288918' AND c_asigna='300314' AND status IN ('0','3','B') [1][0] OK
C:[12/11/2012 13:56:47.54][190.37.199.169][1219] SELECT pre_cod_asig1,pre_cod_asig2,pre_cod_asig3,pre_cod_asig4,pre_cod_asig5,pre_cod_asig6,pre_cod_asig7 FROM tblaca009 WHERE pensum='5' AND c_uni_ca='2' AND c_asigna='322550' [1][0] OK
C:[12/11/2012 13:56:47.54][190.37.199.169][1232] SELECT c_asigna FROM dace004 WHERE exp_e='06-18288918' AND c_asigna='322433' AND status IN ('0','3','B') [1][0] OK
C:[12/11/2012 13:56:47.54][190.37.199.169][1219] SELECT pre_cod_asig1,pre_cod_asig2,pre_cod_asig3,pre_cod_asig4,pre_cod_asig5,pre_cod_asig6,pre_cod_asig7 FROM tblaca009 WHERE pensum='5' AND c_uni_ca='2' AND c_asigna='322559' [1][0] OK
C:[12/11/2012 13:56:47.54][190.37.199.169][1232] SELECT c_asigna FROM dace004 WHERE exp_e='06-18288918' AND c_asigna='300428' AND status IN ('0','3','B') [1][0] OK
C:[12/11/2012 13:56:47.54][190.37.199.169][1232] SELECT c_asigna FROM dace004 WHERE exp_e='06-18288918' AND c_asigna='322436' AND status IN ('0','3','B') [1][0] OK
C:[12/11/2012 13:56:47.54][190.37.199.169][1219] SELECT pre_cod_asig1,pre_cod_asig2,pre_cod_asig3,pre_cod_asig4,pre_cod_asig5,pre_cod_asig6,pre_cod_asig7 FROM tblaca009 WHERE pensum='5' AND c_uni_ca='2' AND c_asigna='322605' [1][0] OK
C:[12/11/2012 13:56:47.54][190.37.199.169][1232] SELECT c_asigna FROM dace004 WHERE exp_e='06-18288918' AND c_asigna='322436' AND status IN ('0','3','B') [1][0] OK
C:[12/11/2012 13:56:47.54][190.37.199.169][1219] SELECT pre_cod_asig1,pre_cod_asig2,pre_cod_asig3,pre_cod_asig4,pre_cod_asig5,pre_cod_asig6,pre_cod_asig7 FROM tblaca009 WHERE pensum='5' AND c_uni_ca='2' AND c_asigna='323528' [1][0] OK
C:[12/11/2012 13:56:47.92][190.37.199.169][1263] SELECT par_cod_asig1,par_cod_asig2,par_cod_asig3 FROM tblaca009 WHERE pensum='5' AND c_uni_ca='2' AND c_asigna='300422' [1][0] OK
C:[12/11/2012 13:56:47.92][190.37.199.169][1263] SELECT par_cod_asig1,par_cod_asig2,par_cod_asig3 FROM tblaca009 WHERE pensum='5' AND c_uni_ca='2' AND c_asigna='322550' [1][0] OK
C:[12/11/2012 13:56:47.92][190.37.199.169][1263] SELECT par_cod_asig1,par_cod_asig2,par_cod_asig3 FROM tblaca009 WHERE pensum='5' AND c_uni_ca='2' AND c_asigna='322559' [1][0] OK
C:[12/11/2012 13:56:47.92][190.37.199.169][1263] SELECT par_cod_asig1,par_cod_asig2,par_cod_asig3 FROM tblaca009 WHERE pensum='5' AND c_uni_ca='2' AND c_asigna='322605' [1][0] OK
C:[12/11/2012 13:56:47.92][190.37.199.169][1263] SELECT par_cod_asig1,par_cod_asig2,par_cod_asig3 FROM tblaca009 WHERE pensum='5' AND c_uni_ca='2' AND c_asigna='323528' [1][0] OK
C:[12/11/2012 13:58:07.32][190.37.199.169][1219] SELECT pre_cod_asig1,pre_cod_asig2,pre_cod_asig3,pre_cod_asig4,pre_cod_asig5,pre_cod_asig6,pre_cod_asig7 FROM tblaca009 WHERE pensum='5' AND c_uni_ca='2' AND c_asigna='300676' [1][0] OK
C:[12/11/2012 13:58:07.32][190.37.199.169][1219] SELECT pre_cod_asig1,pre_cod_asig2,pre_cod_asig3,pre_cod_asig4,pre_cod_asig5,pre_cod_asig6,pre_cod_asig7 FROM tblaca009 WHERE pensum='5' AND c_uni_ca='2' AND c_asigna='322550' [1][0] OK
C:[12/11/2012 13:58:07.32][190.37.199.169][1232] SELECT c_asigna FROM dace004 WHERE exp_e='06-17999021' AND c_asigna='322433' AND status IN ('0','3','B') [1][0] OK
C:[12/11/2012 13:58:07.32][190.37.199.169][1219] SELECT pre_cod_asig1,pre_cod_asig2,pre_cod_asig3,pre_cod_asig4,pre_cod_asig5,pre_cod_asig6,pre_cod_asig7 FROM tblaca009 WHERE pensum='5' AND c_uni_ca='2' AND c_asigna='322559' [1][0] OK
C:[12/11/2012 13:58:07.32][190.37.199.169][1232] SELECT c_asigna FROM dace004 WHERE exp_e='06-17999021' AND c_asigna='300428' AND status IN ('0','3','B') [1][0] OK
C:[12/11/2012 13:58:07.32][190.37.199.169][1232] SELECT c_asigna FROM dace004 WHERE exp_e='06-17999021' AND c_asigna='322436' AND status IN ('0','3','B') [1][0] OK
C:[12/11/2012 13:58:07.32][190.37.199.169][1219] SELECT pre_cod_asig1,pre_cod_asig2,pre_cod_asig3,pre_cod_asig4,pre_cod_asig5,pre_cod_asig6,pre_cod_asig7 FROM tblaca009 WHERE pensum='5' AND c_uni_ca='2' AND c_asigna='322605' [1][0] OK
C:[12/11/2012 13:58:07.32][190.37.199.169][1232] SELECT c_asigna FROM dace004 WHERE exp_e='06-17999021' AND c_asigna='322436' AND status IN ('0','3','B') [1][0] OK
C:[12/11/2012 13:58:07.32][190.37.199.169][1219] SELECT pre_cod_asig1,pre_cod_asig2,pre_cod_asig3,pre_cod_asig4,pre_cod_asig5,pre_cod_asig6,pre_cod_asig7 FROM tblaca009 WHERE pensum='5' AND c_uni_ca='2' AND c_asigna='322703' [1][0] OK
C:[12/11/2012 13:58:07.32][190.37.199.169][1232] SELECT c_asigna FROM dace004 WHERE exp_e='06-17999021' AND c_asigna='322669' AND status IN ('0','3','B') [1][0] OK
C:[12/11/2012 13:58:07.32][190.37.199.169][1219] SELECT pre_cod_asig1,pre_cod_asig2,pre_cod_asig3,pre_cod_asig4,pre_cod_asig5,pre_cod_asig6,pre_cod_asig7 FROM tblaca009 WHERE pensum='5' AND c_uni_ca='2' AND c_asigna='322728' [1][0] OK
C:[12/11/2012 13:58:07.32][190.37.199.169][1232] SELECT c_asigna FROM dace004 WHERE exp_e='06-17999021' AND c_asigna='311561' AND status IN ('0','3','B') [1][0] OK
C:[12/11/2012 13:58:07.32][190.37.199.169][1232] SELECT c_asigna FROM dace004 WHERE exp_e='06-17999021' AND c_asigna='322681' AND status IN ('0','3','B') [1][0] OK
C:[12/11/2012 13:58:07.95][190.37.199.169][1263] SELECT par_cod_asig1,par_cod_asig2,par_cod_asig3 FROM tblaca009 WHERE pensum='5' AND c_uni_ca='2' AND c_asigna='300676' [1][0] OK
C:[12/11/2012 13:58:07.95][190.37.199.169][1263] SELECT par_cod_asig1,par_cod_asig2,par_cod_asig3 FROM tblaca009 WHERE pensum='5' AND c_uni_ca='2' AND c_asigna='322550' [1][0] OK
C:[12/11/2012 13:58:07.95][190.37.199.169][1263] SELECT par_cod_asig1,par_cod_asig2,par_cod_asig3 FROM tblaca009 WHERE pensum='5' AND c_uni_ca='2' AND c_asigna='322559' [1][0] OK
C:[12/11/2012 13:58:07.95][190.37.199.169][1263] SELECT par_cod_asig1,par_cod_asig2,par_cod_asig3 FROM tblaca009 WHERE pensum='5' AND c_uni_ca='2' AND c_asigna='322605' [1][0] OK
C:[12/11/2012 13:58:07.95][190.37.199.169][1263] SELECT par_cod_asig1,par_cod_asig2,par_cod_asig3 FROM tblaca009 WHERE pensum='5' AND c_uni_ca='2' AND c_asigna='322703' [1][0] OK
C:[12/11/2012 13:58:07.95][190.37.199.169][1263] SELECT par_cod_asig1,par_cod_asig2,par_cod_asig3 FROM tblaca009 WHERE pensum='5' AND c_uni_ca='2' AND c_asigna='322728' [1][0] OK
C:[12/11/2012 13:58:07.70][190.37.199.169][1334] SELECT c_asigna FROM tblaca009 WHERE pensum='5' AND c_uni_ca='2' AND ((par_cod_asig1='300422') OR (par_cod_asig2='300422') OR (par_cod_asig3='300422'))  [0][0] OK
C:[12/11/2012 13:59:00.97][190.37.199.169][1219] SELECT pre_cod_asig1,pre_cod_asig2,pre_cod_asig3,pre_cod_asig4,pre_cod_asig5,pre_cod_asig6,pre_cod_asig7 FROM tblaca009 WHERE pensum='5' AND c_uni_ca='2' AND c_asigna='300422' [1][0] OK
C:[12/11/2012 13:59:00.97][190.37.199.169][1232] SELECT c_asigna FROM dace004 WHERE exp_e='06-17999021' AND c_asigna='300105' AND status IN ('0','3','B') [1][0] OK
C:[12/11/2012 13:59:00.97][190.37.199.169][1232] SELECT c_asigna FROM dace004 WHERE exp_e='06-17999021' AND c_asigna='300314' AND status IN ('0','3','B') [1][0] OK
C:[12/11/2012 13:59:00.97][190.37.199.169][1219] SELECT pre_cod_asig1,pre_cod_asig2,pre_cod_asig3,pre_cod_asig4,pre_cod_asig5,pre_cod_asig6,pre_cod_asig7 FROM tblaca009 WHERE pensum='5' AND c_uni_ca='2' AND c_asigna='300676' [1][0] OK
C:[12/11/2012 13:59:00.97][190.37.199.169][1219] SELECT pre_cod_asig1,pre_cod_asig2,pre_cod_asig3,pre_cod_asig4,pre_cod_asig5,pre_cod_asig6,pre_cod_asig7 FROM tblaca009 WHERE pensum='5' AND c_uni_ca='2' AND c_asigna='322550' [1][0] OK
C:[12/11/2012 13:59:00.97][190.37.199.169][1232] SELECT c_asigna FROM dace004 WHERE exp_e='06-17999021' AND c_asigna='322433' AND status IN ('0','3','B') [1][0] OK
C:[12/11/2012 13:59:00.97][190.37.199.169][1219] SELECT pre_cod_asig1,pre_cod_asig2,pre_cod_asig3,pre_cod_asig4,pre_cod_asig5,pre_cod_asig6,pre_cod_asig7 FROM tblaca009 WHERE pensum='5' AND c_uni_ca='2' AND c_asigna='322559' [1][0] OK
C:[12/11/2012 13:59:00.97][190.37.199.169][1232] SELECT c_asigna FROM dace004 WHERE exp_e='06-17999021' AND c_asigna='300428' AND status IN ('0','3','B') [1][0] OK
C:[12/11/2012 13:59:00.97][190.37.199.169][1232] SELECT c_asigna FROM dace004 WHERE exp_e='06-17999021' AND c_asigna='322436' AND status IN ('0','3','B') [1][0] OK
C:[12/11/2012 13:59:00.97][190.37.199.169][1219] SELECT pre_cod_asig1,pre_cod_asig2,pre_cod_asig3,pre_cod_asig4,pre_cod_asig5,pre_cod_asig6,pre_cod_asig7 FROM tblaca009 WHERE pensum='5' AND c_uni_ca='2' AND c_asigna='322605' [1][0] OK
C:[12/11/2012 13:59:00.97][190.37.199.169][1232] SELECT c_asigna FROM dace004 WHERE exp_e='06-17999021' AND c_asigna='322436' AND status IN ('0','3','B') [1][0] OK
C:[12/11/2012 13:59:00.97][190.37.199.169][1219] SELECT pre_cod_asig1,pre_cod_asig2,pre_cod_asig3,pre_cod_asig4,pre_cod_asig5,pre_cod_asig6,pre_cod_asig7 FROM tblaca009 WHERE pensum='5' AND c_uni_ca='2' AND c_asigna='322703' [1][0] OK
C:[12/11/2012 13:59:00.97][190.37.199.169][1232] SELECT c_asigna FROM dace004 WHERE exp_e='06-17999021' AND c_asigna='322669' AND status IN ('0','3','B') [1][0] OK
C:[12/11/2012 13:59:00.97][190.37.199.169][1219] SELECT pre_cod_asig1,pre_cod_asig2,pre_cod_asig3,pre_cod_asig4,pre_cod_asig5,pre_cod_asig6,pre_cod_asig7 FROM tblaca009 WHERE pensum='5' AND c_uni_ca='2' AND c_asigna='322728' [1][0] OK
C:[12/11/2012 13:59:00.97][190.37.199.169][1232] SELECT c_asigna FROM dace004 WHERE exp_e='06-17999021' AND c_asigna='311561' AND status IN ('0','3','B') [1][0] OK
C:[12/11/2012 13:59:00.97][190.37.199.169][1232] SELECT c_asigna FROM dace004 WHERE exp_e='06-17999021' AND c_asigna='322681' AND status IN ('0','3','B') [1][0] OK
C:[12/11/2012 13:59:00.97][190.37.199.169][1263] SELECT par_cod_asig1,par_cod_asig2,par_cod_asig3 FROM tblaca009 WHERE pensum='5' AND c_uni_ca='2' AND c_asigna='300422' [1][0] OK
C:[12/11/2012 13:59:00.97][190.37.199.169][1263] SELECT par_cod_asig1,par_cod_asig2,par_cod_asig3 FROM tblaca009 WHERE pensum='5' AND c_uni_ca='2' AND c_asigna='300676' [1][0] OK
C:[12/11/2012 13:59:00.97][190.37.199.169][1263] SELECT par_cod_asig1,par_cod_asig2,par_cod_asig3 FROM tblaca009 WHERE pensum='5' AND c_uni_ca='2' AND c_asigna='322550' [1][0] OK
C:[12/11/2012 13:59:00.97][190.37.199.169][1263] SELECT par_cod_asig1,par_cod_asig2,par_cod_asig3 FROM tblaca009 WHERE pensum='5' AND c_uni_ca='2' AND c_asigna='322559' [1][0] OK
C:[12/11/2012 13:59:00.97][190.37.199.169][1263] SELECT par_cod_asig1,par_cod_asig2,par_cod_asig3 FROM tblaca009 WHERE pensum='5' AND c_uni_ca='2' AND c_asigna='322605' [1][0] OK
C:[12/11/2012 13:59:00.97][190.37.199.169][1263] SELECT par_cod_asig1,par_cod_asig2,par_cod_asig3 FROM tblaca009 WHERE pensum='5' AND c_uni_ca='2' AND c_asigna='322703' [1][0] OK
C:[12/11/2012 13:59:00.97][190.37.199.169][1263] SELECT par_cod_asig1,par_cod_asig2,par_cod_asig3 FROM tblaca009 WHERE pensum='5' AND c_uni_ca='2' AND c_asigna='322728' [1][0] OK
C:[12/11/2012 15:24:33.12][172.16.8.247][1219] SELECT pre_cod_asig1,pre_cod_asig2,pre_cod_asig3,pre_cod_asig4,pre_cod_asig5,pre_cod_asig6,pre_cod_asig7 FROM tblaca009 WHERE pensum='5' AND c_uni_ca='3' AND c_asigna='300116' [1][0] OK
C:[12/11/2012 15:24:33.12][172.16.8.247][1219] SELECT pre_cod_asig1,pre_cod_asig2,pre_cod_asig3,pre_cod_asig4,pre_cod_asig5,pre_cod_asig6,pre_cod_asig7 FROM tblaca009 WHERE pensum='5' AND c_uni_ca='3' AND c_asigna='300213' [1][0] OK
C:[12/11/2012 15:24:33.12][172.16.8.247][1232] SELECT c_asigna FROM dace004 WHERE exp_e='09-24412210' AND c_asigna='300101' AND status IN ('0','3','B') [1][0] OK
C:[12/11/2012 15:24:33.12][172.16.8.247][1219] SELECT pre_cod_asig1,pre_cod_asig2,pre_cod_asig3,pre_cod_asig4,pre_cod_asig5,pre_cod_asig6,pre_cod_asig7 FROM tblaca009 WHERE pensum='5' AND c_uni_ca='3' AND c_asigna='300317' [1][0] OK
C:[12/11/2012 15:24:33.12][172.16.8.247][1232] SELECT c_asigna FROM dace004 WHERE exp_e='09-24412210' AND c_asigna='300207' AND status IN ('0','3','B') [1][0] OK
C:[12/11/2012 15:24:33.12][172.16.8.247][1232] SELECT c_asigna FROM dace004 WHERE exp_e='09-24412210' AND c_asigna='300209' AND status IN ('0','3','B') [1][0] OK
C:[12/11/2012 15:24:33.12][172.16.8.247][1219] SELECT pre_cod_asig1,pre_cod_asig2,pre_cod_asig3,pre_cod_asig4,pre_cod_asig5,pre_cod_asig6,pre_cod_asig7 FROM tblaca009 WHERE pensum='5' AND c_uni_ca='3' AND c_asigna='311320' [1][0] OK
C:[12/11/2012 15:24:33.12][172.16.8.247][1232] SELECT c_asigna FROM dace004 WHERE exp_e='09-24412210' AND c_asigna='300013' AND status IN ('0','3','B') [1][0] OK
C:[12/11/2012 15:24:33.12][172.16.8.247][1232] SELECT c_asigna FROM dace004 WHERE exp_e='09-24412210' AND c_asigna='300113' AND status IN ('0','3','B') [1][0] OK
C:[12/11/2012 15:24:33.12][172.16.8.247][1219] SELECT pre_cod_asig1,pre_cod_asig2,pre_cod_asig3,pre_cod_asig4,pre_cod_asig5,pre_cod_asig6,pre_cod_asig7 FROM tblaca009 WHERE pensum='5' AND c_uni_ca='3' AND c_asigna='312333' [1][0] OK
C:[12/11/2012 15:24:33.12][172.16.8.247][1232] SELECT c_asigna FROM dace004 WHERE exp_e='09-24412210' AND c_asigna='300228' AND status IN ('0','3','B') [1][0] OK
C:[12/11/2012 15:24:33.50][172.16.8.247][1263] SELECT par_cod_asig1,par_cod_asig2,par_cod_asig3 FROM tblaca009 WHERE pensum='5' AND c_uni_ca='3' AND c_asigna='300116' [1][0] OK
C:[12/11/2012 15:24:33.50][172.16.8.247][1263] SELECT par_cod_asig1,par_cod_asig2,par_cod_asig3 FROM tblaca009 WHERE pensum='5' AND c_uni_ca='3' AND c_asigna='300213' [1][0] OK
C:[12/11/2012 15:24:33.50][172.16.8.247][1277] SELECT c_asigna FROM dace004 WHERE exp_e='09-24412210' AND c_asigna='300209' AND status IN ('0','3','B','C') [1][0] OK
C:[12/11/2012 15:24:33.50][172.16.8.247][1263] SELECT par_cod_asig1,par_cod_asig2,par_cod_asig3 FROM tblaca009 WHERE pensum='5' AND c_uni_ca='3' AND c_asigna='300317' [1][0] OK
C:[12/11/2012 15:24:33.50][172.16.8.247][1263] SELECT par_cod_asig1,par_cod_asig2,par_cod_asig3 FROM tblaca009 WHERE pensum='5' AND c_uni_ca='3' AND c_asigna='311320' [1][0] OK
C:[12/11/2012 15:24:33.50][172.16.8.247][1263] SELECT par_cod_asig1,par_cod_asig2,par_cod_asig3 FROM tblaca009 WHERE pensum='5' AND c_uni_ca='3' AND c_asigna='312333' [1][0] OK
C:[12/11/2012 15:24:33.25][172.16.8.247][1334] SELECT c_asigna FROM tblaca009 WHERE pensum='5' AND c_uni_ca='3' AND ((par_cod_asig1='300218') OR (par_cod_asig2='300218') OR (par_cod_asig3='300218'))  [0][0] OK
C:[12/11/2012 15:27:36.07][172.16.8.247][1219] SELECT pre_cod_asig1,pre_cod_asig2,pre_cod_asig3,pre_cod_asig4,pre_cod_asig5,pre_cod_asig6,pre_cod_asig7 FROM tblaca009 WHERE pensum='5' AND c_uni_ca='3' AND c_asigna='300218' [1][0] OK
C:[12/11/2012 15:27:36.07][172.16.8.247][1219] SELECT pre_cod_asig1,pre_cod_asig2,pre_cod_asig3,pre_cod_asig4,pre_cod_asig5,pre_cod_asig6,pre_cod_asig7 FROM tblaca009 WHERE pensum='5' AND c_uni_ca='3' AND c_asigna='300116' [1][0] OK
C:[12/11/2012 15:27:36.07][172.16.8.247][1219] SELECT pre_cod_asig1,pre_cod_asig2,pre_cod_asig3,pre_cod_asig4,pre_cod_asig5,pre_cod_asig6,pre_cod_asig7 FROM tblaca009 WHERE pensum='5' AND c_uni_ca='3' AND c_asigna='300213' [1][0] OK
C:[12/11/2012 15:27:36.07][172.16.8.247][1232] SELECT c_asigna FROM dace004 WHERE exp_e='09-24412210' AND c_asigna='300101' AND status IN ('0','3','B') [1][0] OK
C:[12/11/2012 15:27:36.07][172.16.8.247][1219] SELECT pre_cod_asig1,pre_cod_asig2,pre_cod_asig3,pre_cod_asig4,pre_cod_asig5,pre_cod_asig6,pre_cod_asig7 FROM tblaca009 WHERE pensum='5' AND c_uni_ca='3' AND c_asigna='300317' [1][0] OK
C:[12/11/2012 15:27:36.07][172.16.8.247][1232] SELECT c_asigna FROM dace004 WHERE exp_e='09-24412210' AND c_asigna='300207' AND status IN ('0','3','B') [1][0] OK
C:[12/11/2012 15:27:36.07][172.16.8.247][1232] SELECT c_asigna FROM dace004 WHERE exp_e='09-24412210' AND c_asigna='300209' AND status IN ('0','3','B') [1][0] OK
C:[12/11/2012 15:27:36.07][172.16.8.247][1219] SELECT pre_cod_asig1,pre_cod_asig2,pre_cod_asig3,pre_cod_asig4,pre_cod_asig5,pre_cod_asig6,pre_cod_asig7 FROM tblaca009 WHERE pensum='5' AND c_uni_ca='3' AND c_asigna='311320' [1][0] OK
C:[12/11/2012 15:27:36.07][172.16.8.247][1232] SELECT c_asigna FROM dace004 WHERE exp_e='09-24412210' AND c_asigna='300013' AND status IN ('0','3','B') [1][0] OK
C:[12/11/2012 15:27:36.07][172.16.8.247][1232] SELECT c_asigna FROM dace004 WHERE exp_e='09-24412210' AND c_asigna='300113' AND status IN ('0','3','B') [1][0] OK
C:[12/11/2012 15:27:36.07][172.16.8.247][1219] SELECT pre_cod_asig1,pre_cod_asig2,pre_cod_asig3,pre_cod_asig4,pre_cod_asig5,pre_cod_asig6,pre_cod_asig7 FROM tblaca009 WHERE pensum='5' AND c_uni_ca='3' AND c_asigna='312333' [1][0] OK
C:[12/11/2012 15:27:36.07][172.16.8.247][1232] SELECT c_asigna FROM dace004 WHERE exp_e='09-24412210' AND c_asigna='300228' AND status IN ('0','3','B') [1][0] OK
C:[12/11/2012 15:27:37.57][172.16.8.247][1263] SELECT par_cod_asig1,par_cod_asig2,par_cod_asig3 FROM tblaca009 WHERE pensum='5' AND c_uni_ca='3' AND c_asigna='300218' [1][0] OK
C:[12/11/2012 15:27:37.57][172.16.8.247][1277] SELECT c_asigna FROM dace004 WHERE exp_e='09-24412210' AND c_asigna='300228' AND status IN ('0','3','B','C') [1][0] OK
C:[12/11/2012 15:27:37.57][172.16.8.247][1263] SELECT par_cod_asig1,par_cod_asig2,par_cod_asig3 FROM tblaca009 WHERE pensum='5' AND c_uni_ca='3' AND c_asigna='300116' [1][0] OK
C:[12/11/2012 15:27:37.57][172.16.8.247][1263] SELECT par_cod_asig1,par_cod_asig2,par_cod_asig3 FROM tblaca009 WHERE pensum='5' AND c_uni_ca='3' AND c_asigna='300213' [1][0] OK
C:[12/11/2012 15:27:37.57][172.16.8.247][1277] SELECT c_asigna FROM dace004 WHERE exp_e='09-24412210' AND c_asigna='300209' AND status IN ('0','3','B','C') [1][0] OK
C:[12/11/2012 15:27:37.57][172.16.8.247][1263] SELECT par_cod_asig1,par_cod_asig2,par_cod_asig3 FROM tblaca009 WHERE pensum='5' AND c_uni_ca='3' AND c_asigna='300317' [1][0] OK
C:[12/11/2012 15:27:37.57][172.16.8.247][1263] SELECT par_cod_asig1,par_cod_asig2,par_cod_asig3 FROM tblaca009 WHERE pensum='5' AND c_uni_ca='3' AND c_asigna='311320' [1][0] OK
C:[12/11/2012 15:27:37.57][172.16.8.247][1263] SELECT par_cod_asig1,par_cod_asig2,par_cod_asig3 FROM tblaca009 WHERE pensum='5' AND c_uni_ca='3' AND c_asigna='312333' [1][0] OK
C:[12/11/2012 16:35:14.67][190.37.47.106][1219] SELECT pre_cod_asig1,pre_cod_asig2,pre_cod_asig3,pre_cod_asig4,pre_cod_asig5,pre_cod_asig6,pre_cod_asig7 FROM tblaca009 WHERE pensum='5' AND c_uni_ca='2' AND c_asigna='322033' [1][0] OK
C:[12/11/2012 16:35:14.67][190.37.47.106][1219] SELECT pre_cod_asig1,pre_cod_asig2,pre_cod_asig3,pre_cod_asig4,pre_cod_asig5,pre_cod_asig6,pre_cod_asig7 FROM tblaca009 WHERE pensum='5' AND c_uni_ca='2' AND c_asigna='322782' [1][0] OK
C:[12/11/2012 16:35:14.67][190.37.47.106][1232] SELECT c_asigna FROM dace004 WHERE exp_e='05-18414120' AND c_asigna='322669' AND status IN ('0','3','B') [1][0] OK
C:[12/11/2012 16:35:14.67][190.37.47.106][1232] SELECT c_asigna FROM dace004 WHERE exp_e='05-18414120' AND c_asigna='322550' AND status IN ('0','3','B') [1][0] OK
C:[12/11/2012 16:35:14.16][190.37.47.106][1263] SELECT par_cod_asig1,par_cod_asig2,par_cod_asig3 FROM tblaca009 WHERE pensum='5' AND c_uni_ca='2' AND c_asigna='322033' [1][0] OK
C:[12/11/2012 16:35:14.16][190.37.47.106][1263] SELECT par_cod_asig1,par_cod_asig2,par_cod_asig3 FROM tblaca009 WHERE pensum='5' AND c_uni_ca='2' AND c_asigna='322782' [1][0] OK
C:[12/11/2012 16:35:14.42][190.37.47.106][1334] SELECT c_asigna FROM tblaca009 WHERE pensum='5' AND c_uni_ca='2' AND ((par_cod_asig1='300956') OR (par_cod_asig2='300956') OR (par_cod_asig3='300956'))  [1][0] OK
C:[12/11/2012 16:35:14.42][190.37.47.106][1346] SELECT c_asigna FROM dace004 WHERE exp_e='05-18414120' AND c_asigna='322939' AND status IN ('0','3','B') [0][0] OK
C:[12/11/2012 16:35:14.42][190.37.47.106][1334] SELECT c_asigna FROM tblaca009 WHERE pensum='5' AND c_uni_ca='2' AND ((par_cod_asig1='322936') OR (par_cod_asig2='322936') OR (par_cod_asig3='322936'))  [0][0] OK
C:[12/11/2012 16:56:07.57][190.37.174.251][1219] SELECT pre_cod_asig1,pre_cod_asig2,pre_cod_asig3,pre_cod_asig4,pre_cod_asig5,pre_cod_asig6,pre_cod_asig7 FROM tblaca009 WHERE pensum='5' AND c_uni_ca='3' AND c_asigna='300226' [1][0] OK
C:[12/11/2012 16:56:07.57][190.37.174.251][1232] SELECT c_asigna FROM dace004 WHERE exp_e='09-21261813' AND c_asigna='300116' AND status IN ('0','3','B') [1][0] OK
C:[12/11/2012 16:56:07.57][190.37.174.251][1219] SELECT pre_cod_asig1,pre_cod_asig2,pre_cod_asig3,pre_cod_asig4,pre_cod_asig5,pre_cod_asig6,pre_cod_asig7 FROM tblaca009 WHERE pensum='5' AND c_uni_ca='3' AND c_asigna='300317' [1][0] OK
C:[12/11/2012 16:56:07.57][190.37.174.251][1232] SELECT c_asigna FROM dace004 WHERE exp_e='09-21261813' AND c_asigna='300207' AND status IN ('0','3','B') [1][0] OK
C:[12/11/2012 16:56:07.57][190.37.174.251][1232] SELECT c_asigna FROM dace004 WHERE exp_e='09-21261813' AND c_asigna='300209' AND status IN ('0','3','B') [1][0] OK
C:[12/11/2012 16:56:07.57][190.37.174.251][1219] SELECT pre_cod_asig1,pre_cod_asig2,pre_cod_asig3,pre_cod_asig4,pre_cod_asig5,pre_cod_asig6,pre_cod_asig7 FROM tblaca009 WHERE pensum='5' AND c_uni_ca='3' AND c_asigna='311320' [1][0] OK
C:[12/11/2012 16:56:07.57][190.37.174.251][1232] SELECT c_asigna FROM dace004 WHERE exp_e='09-21261813' AND c_asigna='300013' AND status IN ('0','3','B') [1][0] OK
C:[12/11/2012 16:56:07.57][190.37.174.251][1232] SELECT c_asigna FROM dace004 WHERE exp_e='09-21261813' AND c_asigna='300113' AND status IN ('0','3','B') [1][0] OK
C:[12/11/2012 16:56:07.57][190.37.174.251][1263] SELECT par_cod_asig1,par_cod_asig2,par_cod_asig3 FROM tblaca009 WHERE pensum='5' AND c_uni_ca='3' AND c_asigna='300226' [1][0] OK
C:[12/11/2012 16:56:07.57][190.37.174.251][1263] SELECT par_cod_asig1,par_cod_asig2,par_cod_asig3 FROM tblaca009 WHERE pensum='5' AND c_uni_ca='3' AND c_asigna='300317' [1][0] OK
C:[12/11/2012 16:56:07.57][190.37.174.251][1263] SELECT par_cod_asig1,par_cod_asig2,par_cod_asig3 FROM tblaca009 WHERE pensum='5' AND c_uni_ca='3' AND c_asigna='311320' [1][0] OK
C:[12/11/2012 16:56:07.95][190.37.174.251][1334] SELECT c_asigna FROM tblaca009 WHERE pensum='5' AND c_uni_ca='3' AND ((par_cod_asig1='312333') OR (par_cod_asig2='312333') OR (par_cod_asig3='312333'))  [0][0] OK
C:[12/11/2012 17:08:09.04][190.37.47.106][1219] SELECT pre_cod_asig1,pre_cod_asig2,pre_cod_asig3,pre_cod_asig4,pre_cod_asig5,pre_cod_asig6,pre_cod_asig7 FROM tblaca009 WHERE pensum='5' AND c_uni_ca='2' AND c_asigna='322936' [1][0] OK
C:[12/11/2012 17:08:09.04][190.37.47.106][1232] SELECT c_asigna FROM dace004 WHERE exp_e='05-18414120' AND c_asigna='322801' AND status IN ('0','3','B') [1][0] OK
C:[12/11/2012 17:08:09.04][190.37.47.106][1219] SELECT pre_cod_asig1,pre_cod_asig2,pre_cod_asig3,pre_cod_asig4,pre_cod_asig5,pre_cod_asig6,pre_cod_asig7 FROM tblaca009 WHERE pensum='5' AND c_uni_ca='2' AND c_asigna='300956' [1][0] OK
C:[12/11/2012 17:08:09.04][190.37.47.106][1232] SELECT c_asigna FROM dace004 WHERE exp_e='05-18414120' AND c_asigna='300422' AND status IN ('0','3','B') [1][0] OK
C:[12/11/2012 17:08:09.04][190.37.47.106][1232] SELECT c_asigna FROM dace004 WHERE exp_e='05-18414120' AND c_asigna='300105' AND status IN ('0','3','B') [1][0] OK
C:[12/11/2012 17:08:09.04][190.37.47.106][1232] SELECT c_asigna FROM dace004 WHERE exp_e='05-18414120' AND c_asigna='300314' AND status IN ('0','3','B') [1][0] OK
C:[12/11/2012 17:08:09.04][190.37.47.106][1219] SELECT pre_cod_asig1,pre_cod_asig2,pre_cod_asig3,pre_cod_asig4,pre_cod_asig5,pre_cod_asig6,pre_cod_asig7 FROM tblaca009 WHERE pensum='5' AND c_uni_ca='2' AND c_asigna='322033' [1][0] OK
C:[12/11/2012 17:08:09.04][190.37.47.106][1219] SELECT pre_cod_asig1,pre_cod_asig2,pre_cod_asig3,pre_cod_asig4,pre_cod_asig5,pre_cod_asig6,pre_cod_asig7 FROM tblaca009 WHERE pensum='5' AND c_uni_ca='2' AND c_asigna='322782' [1][0] OK
C:[12/11/2012 17:08:09.04][190.37.47.106][1232] SELECT c_asigna FROM dace004 WHERE exp_e='05-18414120' AND c_asigna='322669' AND status IN ('0','3','B') [1][0] OK
C:[12/11/2012 17:08:09.04][190.37.47.106][1232] SELECT c_asigna FROM dace004 WHERE exp_e='05-18414120' AND c_asigna='322550' AND status IN ('0','3','B') [1][0] OK
C:[12/11/2012 17:08:09.04][190.37.47.106][1219] SELECT pre_cod_asig1,pre_cod_asig2,pre_cod_asig3,pre_cod_asig4,pre_cod_asig5,pre_cod_asig6,pre_cod_asig7 FROM tblaca009 WHERE pensum='5' AND c_uni_ca='2' AND c_asigna='322939' [1][0] OK
C:[12/11/2012 17:08:09.04][190.37.47.106][1232] SELECT c_asigna FROM dace004 WHERE exp_e='05-18414120' AND c_asigna='322728' AND status IN ('0','3','B') [1][0] OK
C:[12/11/2012 17:08:09.04][190.37.47.106][1232] SELECT c_asigna FROM dace004 WHERE exp_e='05-18414120' AND c_asigna='324862' AND status IN ('0','3','B') [1][0] OK
C:[12/11/2012 17:08:10.68][190.37.47.106][1263] SELECT par_cod_asig1,par_cod_asig2,par_cod_asig3 FROM tblaca009 WHERE pensum='5' AND c_uni_ca='2' AND c_asigna='322936' [1][0] OK
C:[12/11/2012 17:08:10.68][190.37.47.106][1263] SELECT par_cod_asig1,par_cod_asig2,par_cod_asig3 FROM tblaca009 WHERE pensum='5' AND c_uni_ca='2' AND c_asigna='300956' [1][0] OK
C:[12/11/2012 17:08:10.68][190.37.47.106][1263] SELECT par_cod_asig1,par_cod_asig2,par_cod_asig3 FROM tblaca009 WHERE pensum='5' AND c_uni_ca='2' AND c_asigna='322033' [1][0] OK
C:[12/11/2012 17:08:10.68][190.37.47.106][1263] SELECT par_cod_asig1,par_cod_asig2,par_cod_asig3 FROM tblaca009 WHERE pensum='5' AND c_uni_ca='2' AND c_asigna='322782' [1][0] OK
C:[12/11/2012 17:08:10.68][190.37.47.106][1263] SELECT par_cod_asig1,par_cod_asig2,par_cod_asig3 FROM tblaca009 WHERE pensum='5' AND c_uni_ca='2' AND c_asigna='322939' [1][0] OK
C:[12/11/2012 17:08:10.68][190.37.47.106][1277] SELECT c_asigna FROM dace004 WHERE exp_e='05-18414120' AND c_asigna='300956' AND status IN ('0','3','B','C') [0][0] OK
C:[12/11/2012 17:09:31.45][172.16.8.247][1219] SELECT pre_cod_asig1,pre_cod_asig2,pre_cod_asig3,pre_cod_asig4,pre_cod_asig5,pre_cod_asig6,pre_cod_asig7 FROM tblaca009 WHERE pensum='5' AND c_uni_ca='3' AND c_asigna='300317' [1][0] OK
C:[12/11/2012 17:09:31.45][172.16.8.247][1232] SELECT c_asigna FROM dace004 WHERE exp_e='10-22826158' AND c_asigna='300207' AND status IN ('0','3','B') [1][0] OK
C:[12/11/2012 17:09:31.45][172.16.8.247][1232] SELECT c_asigna FROM dace004 WHERE exp_e='10-22826158' AND c_asigna='300209' AND status IN ('0','3','B') [1][0] OK
C:[12/11/2012 17:09:31.45][172.16.8.247][1219] SELECT pre_cod_asig1,pre_cod_asig2,pre_cod_asig3,pre_cod_asig4,pre_cod_asig5,pre_cod_asig6,pre_cod_asig7 FROM tblaca009 WHERE pensum='5' AND c_uni_ca='3' AND c_asigna='300318' [1][0] OK
C:[12/11/2012 17:09:31.45][172.16.8.247][1232] SELECT c_asigna FROM dace004 WHERE exp_e='10-22826158' AND c_asigna='300228' AND status IN ('0','3','B') [1][0] OK
C:[12/11/2012 17:09:31.45][172.16.8.247][1232] SELECT c_asigna FROM dace004 WHERE exp_e='10-22826158' AND c_asigna='300207' AND status IN ('0','3','B') [1][0] OK
C:[12/11/2012 17:09:31.45][172.16.8.247][1232] SELECT c_asigna FROM dace004 WHERE exp_e='10-22826158' AND c_asigna='300218' AND status IN ('0','3','B') [1][0] OK
C:[12/11/2012 17:09:31.33][172.16.8.247][1263] SELECT par_cod_asig1,par_cod_asig2,par_cod_asig3 FROM tblaca009 WHERE pensum='5' AND c_uni_ca='3' AND c_asigna='300317' [1][0] OK
C:[12/11/2012 17:09:31.33][172.16.8.247][1263] SELECT par_cod_asig1,par_cod_asig2,par_cod_asig3 FROM tblaca009 WHERE pensum='5' AND c_uni_ca='3' AND c_asigna='300318' [1][0] OK
C:[12/11/2012 17:09:31.59][172.16.8.247][1334] SELECT c_asigna FROM tblaca009 WHERE pensum='5' AND c_uni_ca='3' AND ((par_cod_asig1='312333') OR (par_cod_asig2='312333') OR (par_cod_asig3='312333'))  [0][0] OK
C:[12/11/2012 17:18:07.46][190.37.174.251][1219] SELECT pre_cod_asig1,pre_cod_asig2,pre_cod_asig3,pre_cod_asig4,pre_cod_asig5,pre_cod_asig6,pre_cod_asig7 FROM tblaca009 WHERE pensum='5' AND c_uni_ca='6' AND c_asigna='342559' [1][0] OK
C:[12/11/2012 17:18:07.46][190.37.174.251][1232] SELECT c_asigna FROM dace004 WHERE exp_e='08-19622086' AND c_asigna='342436' AND status IN ('0','3','B') [1][0] OK
C:[12/11/2012 17:18:07.46][190.37.174.251][1219] SELECT pre_cod_asig1,pre_cod_asig2,pre_cod_asig3,pre_cod_asig4,pre_cod_asig5,pre_cod_asig6,pre_cod_asig7 FROM tblaca009 WHERE pensum='5' AND c_uni_ca='6' AND c_asigna='344565' [1][0] OK
C:[12/11/2012 17:18:07.46][190.37.174.251][1232] SELECT c_asigna FROM dace004 WHERE exp_e='08-19622086' AND c_asigna='344445' AND status IN ('0','3','B') [1][0] OK
C:[12/11/2012 17:18:07.46][190.37.174.251][1219] SELECT pre_cod_asig1,pre_cod_asig2,pre_cod_asig3,pre_cod_asig4,pre_cod_asig5,pre_cod_asig6,pre_cod_asig7 FROM tblaca009 WHERE pensum='5' AND c_uni_ca='6' AND c_asigna='344689' [1][0] OK
C:[12/11/2012 17:18:07.46][190.37.174.251][1232] SELECT c_asigna FROM dace004 WHERE exp_e='08-19622086' AND c_asigna='344566' AND status IN ('0','3','B') [1][0] OK
C:[12/11/2012 17:18:07.46][190.37.174.251][1232] SELECT c_asigna FROM dace004 WHERE exp_e='08-19622086' AND c_asigna='300313' AND status IN ('0','3','B') [0][0] OK
C:[12/11/2012 17:18:07.33][190.37.174.251][1263] SELECT par_cod_asig1,par_cod_asig2,par_cod_asig3 FROM tblaca009 WHERE pensum='5' AND c_uni_ca='6' AND c_asigna='342559' [1][0] OK
C:[12/11/2012 17:18:07.33][190.37.174.251][1263] SELECT par_cod_asig1,par_cod_asig2,par_cod_asig3 FROM tblaca009 WHERE pensum='5' AND c_uni_ca='6' AND c_asigna='344565' [1][0] OK
C:[12/11/2012 17:18:07.33][190.37.174.251][1263] SELECT par_cod_asig1,par_cod_asig2,par_cod_asig3 FROM tblaca009 WHERE pensum='5' AND c_uni_ca='6' AND c_asigna='344689' [1][0] OK
C:[12/11/2012 17:18:07.71][190.37.174.251][1334] SELECT c_asigna FROM tblaca009 WHERE pensum='5' AND c_uni_ca='6' AND ((par_cod_asig1='300422') OR (par_cod_asig2='300422') OR (par_cod_asig3='300422'))  [0][0] OK
C:[12/11/2012 19:02:48.38][190.36.23.142][1219] SELECT pre_cod_asig1,pre_cod_asig2,pre_cod_asig3,pre_cod_asig4,pre_cod_asig5,pre_cod_asig6,pre_cod_asig7 FROM tblaca009 WHERE pensum='5' AND c_uni_ca='6' AND c_asigna='342559' [1][0] OK
C:[12/11/2012 19:02:48.38][190.36.23.142][1232] SELECT c_asigna FROM dace004 WHERE exp_e='08-19622086' AND c_asigna='342436' AND status IN ('0','3','B') [1][0] OK
C:[12/11/2012 19:02:48.38][190.36.23.142][1219] SELECT pre_cod_asig1,pre_cod_asig2,pre_cod_asig3,pre_cod_asig4,pre_cod_asig5,pre_cod_asig6,pre_cod_asig7 FROM tblaca009 WHERE pensum='5' AND c_uni_ca='6' AND c_asigna='344565' [1][0] OK
C:[12/11/2012 19:02:48.38][190.36.23.142][1232] SELECT c_asigna FROM dace004 WHERE exp_e='08-19622086' AND c_asigna='344445' AND status IN ('0','3','B') [1][0] OK
C:[12/11/2012 19:02:48.38][190.36.23.142][1219] SELECT pre_cod_asig1,pre_cod_asig2,pre_cod_asig3,pre_cod_asig4,pre_cod_asig5,pre_cod_asig6,pre_cod_asig7 FROM tblaca009 WHERE pensum='5' AND c_uni_ca='6' AND c_asigna='344689' [1][0] OK
C:[12/11/2012 19:02:48.38][190.36.23.142][1232] SELECT c_asigna FROM dace004 WHERE exp_e='08-19622086' AND c_asigna='344566' AND status IN ('0','3','B') [1][0] OK
C:[12/11/2012 19:02:48.38][190.36.23.142][1232] SELECT c_asigna FROM dace004 WHERE exp_e='08-19622086' AND c_asigna='300313' AND status IN ('0','3','B') [0][0] OK
C:[12/11/2012 19:02:48.26][190.36.23.142][1263] SELECT par_cod_asig1,par_cod_asig2,par_cod_asig3 FROM tblaca009 WHERE pensum='5' AND c_uni_ca='6' AND c_asigna='342559' [1][0] OK
C:[12/11/2012 19:02:48.26][190.36.23.142][1263] SELECT par_cod_asig1,par_cod_asig2,par_cod_asig3 FROM tblaca009 WHERE pensum='5' AND c_uni_ca='6' AND c_asigna='344565' [1][0] OK
C:[12/11/2012 19:02:48.26][190.36.23.142][1263] SELECT par_cod_asig1,par_cod_asig2,par_cod_asig3 FROM tblaca009 WHERE pensum='5' AND c_uni_ca='6' AND c_asigna='344689' [1][0] OK
C:[12/11/2012 19:02:48.64][190.36.23.142][1334] SELECT c_asigna FROM tblaca009 WHERE pensum='5' AND c_uni_ca='6' AND ((par_cod_asig1='300422') OR (par_cod_asig2='300422') OR (par_cod_asig3='300422'))  [0][0] OK
C:[12/11/2012 19:03:56.84][190.36.23.142][1219] SELECT pre_cod_asig1,pre_cod_asig2,pre_cod_asig3,pre_cod_asig4,pre_cod_asig5,pre_cod_asig6,pre_cod_asig7 FROM tblaca009 WHERE pensum='5' AND c_uni_ca='6' AND c_asigna='342559' [1][0] OK
C:[12/11/2012 19:03:56.84][190.36.23.142][1232] SELECT c_asigna FROM dace004 WHERE exp_e='08-19622086' AND c_asigna='342436' AND status IN ('0','3','B') [1][0] OK
C:[12/11/2012 19:03:56.84][190.36.23.142][1219] SELECT pre_cod_asig1,pre_cod_asig2,pre_cod_asig3,pre_cod_asig4,pre_cod_asig5,pre_cod_asig6,pre_cod_asig7 FROM tblaca009 WHERE pensum='5' AND c_uni_ca='6' AND c_asigna='344565' [1][0] OK
C:[12/11/2012 19:03:56.84][190.36.23.142][1232] SELECT c_asigna FROM dace004 WHERE exp_e='08-19622086' AND c_asigna='344445' AND status IN ('0','3','B') [1][0] OK
C:[12/11/2012 19:03:56.84][190.36.23.142][1219] SELECT pre_cod_asig1,pre_cod_asig2,pre_cod_asig3,pre_cod_asig4,pre_cod_asig5,pre_cod_asig6,pre_cod_asig7 FROM tblaca009 WHERE pensum='5' AND c_uni_ca='6' AND c_asigna='344689' [1][0] OK
C:[12/11/2012 19:03:56.84][190.36.23.142][1232] SELECT c_asigna FROM dace004 WHERE exp_e='08-19622086' AND c_asigna='344566' AND status IN ('0','3','B') [1][0] OK
C:[12/11/2012 19:03:56.84][190.36.23.142][1232] SELECT c_asigna FROM dace004 WHERE exp_e='08-19622086' AND c_asigna='300313' AND status IN ('0','3','B') [0][0] OK
C:[12/11/2012 19:03:57.72][190.36.23.142][1263] SELECT par_cod_asig1,par_cod_asig2,par_cod_asig3 FROM tblaca009 WHERE pensum='5' AND c_uni_ca='6' AND c_asigna='342559' [1][0] OK
C:[12/11/2012 19:03:57.72][190.36.23.142][1263] SELECT par_cod_asig1,par_cod_asig2,par_cod_asig3 FROM tblaca009 WHERE pensum='5' AND c_uni_ca='6' AND c_asigna='344565' [1][0] OK
C:[12/11/2012 19:03:57.72][190.36.23.142][1263] SELECT par_cod_asig1,par_cod_asig2,par_cod_asig3 FROM tblaca009 WHERE pensum='5' AND c_uni_ca='6' AND c_asigna='344689' [1][0] OK
C:[12/11/2012 19:03:57.09][190.36.23.142][1334] SELECT c_asigna FROM tblaca009 WHERE pensum='5' AND c_uni_ca='6' AND ((par_cod_asig1='300422') OR (par_cod_asig2='300422') OR (par_cod_asig3='300422'))  [0][0] OK
C:[12/11/2012 19:06:10.15][190.36.23.142][1219] SELECT pre_cod_asig1,pre_cod_asig2,pre_cod_asig3,pre_cod_asig4,pre_cod_asig5,pre_cod_asig6,pre_cod_asig7 FROM tblaca009 WHERE pensum='5' AND c_uni_ca='6' AND c_asigna='342559' [1][0] OK
C:[12/11/2012 19:06:10.15][190.36.23.142][1232] SELECT c_asigna FROM dace004 WHERE exp_e='08-19622086' AND c_asigna='342436' AND status IN ('0','3','B') [1][0] OK
C:[12/11/2012 19:06:10.15][190.36.23.142][1219] SELECT pre_cod_asig1,pre_cod_asig2,pre_cod_asig3,pre_cod_asig4,pre_cod_asig5,pre_cod_asig6,pre_cod_asig7 FROM tblaca009 WHERE pensum='5' AND c_uni_ca='6' AND c_asigna='344565' [1][0] OK
C:[12/11/2012 19:06:10.15][190.36.23.142][1232] SELECT c_asigna FROM dace004 WHERE exp_e='08-19622086' AND c_asigna='344445' AND status IN ('0','3','B') [1][0] OK
C:[12/11/2012 19:06:10.15][190.36.23.142][1219] SELECT pre_cod_asig1,pre_cod_asig2,pre_cod_asig3,pre_cod_asig4,pre_cod_asig5,pre_cod_asig6,pre_cod_asig7 FROM tblaca009 WHERE pensum='5' AND c_uni_ca='6' AND c_asigna='344689' [1][0] OK
C:[12/11/2012 19:06:10.15][190.36.23.142][1232] SELECT c_asigna FROM dace004 WHERE exp_e='08-19622086' AND c_asigna='344566' AND status IN ('0','3','B') [1][0] OK
C:[12/11/2012 19:06:10.15][190.36.23.142][1232] SELECT c_asigna FROM dace004 WHERE exp_e='08-19622086' AND c_asigna='300313' AND status IN ('0','3','B') [0][0] OK
C:[12/11/2012 19:06:10.02][190.36.23.142][1263] SELECT par_cod_asig1,par_cod_asig2,par_cod_asig3 FROM tblaca009 WHERE pensum='5' AND c_uni_ca='6' AND c_asigna='342559' [1][0] OK
C:[12/11/2012 19:06:10.02][190.36.23.142][1263] SELECT par_cod_asig1,par_cod_asig2,par_cod_asig3 FROM tblaca009 WHERE pensum='5' AND c_uni_ca='6' AND c_asigna='344565' [1][0] OK
C:[12/11/2012 19:06:10.02][190.36.23.142][1263] SELECT par_cod_asig1,par_cod_asig2,par_cod_asig3 FROM tblaca009 WHERE pensum='5' AND c_uni_ca='6' AND c_asigna='344689' [1][0] OK
C:[12/11/2012 19:06:10.40][190.36.23.142][1334] SELECT c_asigna FROM tblaca009 WHERE pensum='5' AND c_uni_ca='6' AND ((par_cod_asig1='300422') OR (par_cod_asig2='300422') OR (par_cod_asig3='300422'))  [0][0] OK
C:[12/11/2012 19:14:45.57][190.36.23.142][1219] SELECT pre_cod_asig1,pre_cod_asig2,pre_cod_asig3,pre_cod_asig4,pre_cod_asig5,pre_cod_asig6,pre_cod_asig7 FROM tblaca009 WHERE pensum='5' AND c_uni_ca='6' AND c_asigna='342559' [1][0] OK
C:[12/11/2012 19:14:45.57][190.36.23.142][1232] SELECT c_asigna FROM dace004 WHERE exp_e='08-19622086' AND c_asigna='342436' AND status IN ('0','3','B') [1][0] OK
C:[12/11/2012 19:14:45.57][190.36.23.142][1219] SELECT pre_cod_asig1,pre_cod_asig2,pre_cod_asig3,pre_cod_asig4,pre_cod_asig5,pre_cod_asig6,pre_cod_asig7 FROM tblaca009 WHERE pensum='5' AND c_uni_ca='6' AND c_asigna='344565' [1][0] OK
C:[12/11/2012 19:14:45.57][190.36.23.142][1232] SELECT c_asigna FROM dace004 WHERE exp_e='08-19622086' AND c_asigna='344445' AND status IN ('0','3','B') [1][0] OK
C:[12/11/2012 19:14:45.57][190.36.23.142][1219] SELECT pre_cod_asig1,pre_cod_asig2,pre_cod_asig3,pre_cod_asig4,pre_cod_asig5,pre_cod_asig6,pre_cod_asig7 FROM tblaca009 WHERE pensum='5' AND c_uni_ca='6' AND c_asigna='344689' [1][0] OK
C:[12/11/2012 19:14:45.57][190.36.23.142][1232] SELECT c_asigna FROM dace004 WHERE exp_e='08-19622086' AND c_asigna='344566' AND status IN ('0','3','B') [1][0] OK
C:[12/11/2012 19:14:45.57][190.36.23.142][1232] SELECT c_asigna FROM dace004 WHERE exp_e='08-19622086' AND c_asigna='300313' AND status IN ('0','3','B') [0][0] OK
C:[12/11/2012 19:14:45.45][190.36.23.142][1263] SELECT par_cod_asig1,par_cod_asig2,par_cod_asig3 FROM tblaca009 WHERE pensum='5' AND c_uni_ca='6' AND c_asigna='342559' [1][0] OK
C:[12/11/2012 19:14:45.45][190.36.23.142][1263] SELECT par_cod_asig1,par_cod_asig2,par_cod_asig3 FROM tblaca009 WHERE pensum='5' AND c_uni_ca='6' AND c_asigna='344565' [1][0] OK
C:[12/11/2012 19:14:45.45][190.36.23.142][1263] SELECT par_cod_asig1,par_cod_asig2,par_cod_asig3 FROM tblaca009 WHERE pensum='5' AND c_uni_ca='6' AND c_asigna='344689' [1][0] OK
C:[12/11/2012 19:14:45.82][190.36.23.142][1334] SELECT c_asigna FROM tblaca009 WHERE pensum='5' AND c_uni_ca='6' AND ((par_cod_asig1='300422') OR (par_cod_asig2='300422') OR (par_cod_asig3='300422'))  [0][0] OK
C:[12/11/2012 19:31:13.29][186.90.201.145][1219] SELECT pre_cod_asig1,pre_cod_asig2,pre_cod_asig3,pre_cod_asig4,pre_cod_asig5,pre_cod_asig6,pre_cod_asig7 FROM tblaca009 WHERE pensum='5' AND c_uni_ca='5' AND c_asigna='354852' [1][0] OK
C:[12/11/2012 19:31:13.29][186.90.201.145][1219] SELECT pre_cod_asig1,pre_cod_asig2,pre_cod_asig3,pre_cod_asig4,pre_cod_asig5,pre_cod_asig6,pre_cod_asig7 FROM tblaca009 WHERE pensum='5' AND c_uni_ca='5' AND c_asigna='355720' [1][0] OK
C:[12/11/2012 19:31:13.29][186.90.201.145][1232] SELECT c_asigna FROM dace004 WHERE exp_e='08-20294555' AND c_asigna='355692' AND status IN ('0','3','B') [1][0] OK
C:[12/11/2012 19:31:13.29][186.90.201.145][1232] SELECT c_asigna FROM dace004 WHERE exp_e='08-20294555' AND c_asigna='355696' AND status IN ('0','3','B') [1][0] OK
C:[12/11/2012 19:31:13.29][186.90.201.145][1219] SELECT pre_cod_asig1,pre_cod_asig2,pre_cod_asig3,pre_cod_asig4,pre_cod_asig5,pre_cod_asig6,pre_cod_asig7 FROM tblaca009 WHERE pensum='5' AND c_uni_ca='5' AND c_asigna='355725' [1][0] OK
C:[12/11/2012 19:31:13.29][186.90.201.145][1232] SELECT c_asigna FROM dace004 WHERE exp_e='08-20294555' AND c_asigna='355693' AND status IN ('0','3','B') [1][0] OK
C:[12/11/2012 19:31:13.29][186.90.201.145][1232] SELECT c_asigna FROM dace004 WHERE exp_e='08-20294555' AND c_asigna='355692' AND status IN ('0','3','B') [1][0] OK
C:[12/11/2012 19:31:13.29][186.90.201.145][1219] SELECT pre_cod_asig1,pre_cod_asig2,pre_cod_asig3,pre_cod_asig4,pre_cod_asig5,pre_cod_asig6,pre_cod_asig7 FROM tblaca009 WHERE pensum='5' AND c_uni_ca='5' AND c_asigna='355833' [1][0] OK
C:[12/11/2012 19:31:13.29][186.90.201.145][1232] SELECT c_asigna FROM dace004 WHERE exp_e='08-20294555' AND c_asigna='355694' AND status IN ('0','3','B') [1][0] OK
C:[12/11/2012 19:31:13.29][186.90.201.145][1219] SELECT pre_cod_asig1,pre_cod_asig2,pre_cod_asig3,pre_cod_asig4,pre_cod_asig5,pre_cod_asig6,pre_cod_asig7 FROM tblaca009 WHERE pensum='5' AND c_uni_ca='5' AND c_asigna='355874' [1][0] OK
C:[12/11/2012 19:31:13.29][186.90.201.145][1232] SELECT c_asigna FROM dace004 WHERE exp_e='08-20294555' AND c_asigna='355448' AND status IN ('0','3','B') [1][0] OK
C:[12/11/2012 19:31:13.29][186.90.201.145][1219] SELECT pre_cod_asig1,pre_cod_asig2,pre_cod_asig3,pre_cod_asig4,pre_cod_asig5,pre_cod_asig6,pre_cod_asig7 FROM tblaca009 WHERE pensum='5' AND c_uni_ca='5' AND c_asigna='355953' [1][0] OK
C:[12/11/2012 19:31:13.29][186.90.201.145][1232] SELECT c_asigna FROM dace004 WHERE exp_e='08-20294555' AND c_asigna='355691' AND status IN ('0','3','B') [1][0] OK
C:[12/11/2012 19:31:13.91][186.90.201.145][1263] SELECT par_cod_asig1,par_cod_asig2,par_cod_asig3 FROM tblaca009 WHERE pensum='5' AND c_uni_ca='5' AND c_asigna='354852' [1][0] OK
C:[12/11/2012 19:31:13.91][186.90.201.145][1263] SELECT par_cod_asig1,par_cod_asig2,par_cod_asig3 FROM tblaca009 WHERE pensum='5' AND c_uni_ca='5' AND c_asigna='355720' [1][0] OK
C:[12/11/2012 19:31:13.91][186.90.201.145][1263] SELECT par_cod_asig1,par_cod_asig2,par_cod_asig3 FROM tblaca009 WHERE pensum='5' AND c_uni_ca='5' AND c_asigna='355725' [1][0] OK
C:[12/11/2012 19:31:13.91][186.90.201.145][1263] SELECT par_cod_asig1,par_cod_asig2,par_cod_asig3 FROM tblaca009 WHERE pensum='5' AND c_uni_ca='5' AND c_asigna='355833' [1][0] OK
C:[12/11/2012 19:31:13.91][186.90.201.145][1263] SELECT par_cod_asig1,par_cod_asig2,par_cod_asig3 FROM tblaca009 WHERE pensum='5' AND c_uni_ca='5' AND c_asigna='355874' [1][0] OK
C:[12/11/2012 19:31:13.91][186.90.201.145][1263] SELECT par_cod_asig1,par_cod_asig2,par_cod_asig3 FROM tblaca009 WHERE pensum='5' AND c_uni_ca='5' AND c_asigna='355953' [1][0] OK
C:[12/11/2012 19:31:13.66][186.90.201.145][1334] SELECT c_asigna FROM tblaca009 WHERE pensum='5' AND c_uni_ca='5' AND ((par_cod_asig1='355724') OR (par_cod_asig2='355724') OR (par_cod_asig3='355724'))  [0][0] OK
C:[12/11/2012 19:48:11.74][190.204.206.83][1219] SELECT pre_cod_asig1,pre_cod_asig2,pre_cod_asig3,pre_cod_asig4,pre_cod_asig5,pre_cod_asig6,pre_cod_asig7 FROM tblaca009 WHERE pensum='5' AND c_uni_ca='5' AND c_asigna='355725' [1][0] OK
C:[12/11/2012 19:48:11.74][190.204.206.83][1232] SELECT c_asigna FROM dace004 WHERE exp_e='08-19728672' AND c_asigna='355693' AND status IN ('0','3','B') [1][0] OK
C:[12/11/2012 19:48:11.74][190.204.206.83][1232] SELECT c_asigna FROM dace004 WHERE exp_e='08-19728672' AND c_asigna='355692' AND status IN ('0','3','B') [1][0] OK
C:[12/11/2012 19:48:11.74][190.204.206.83][1219] SELECT pre_cod_asig1,pre_cod_asig2,pre_cod_asig3,pre_cod_asig4,pre_cod_asig5,pre_cod_asig6,pre_cod_asig7 FROM tblaca009 WHERE pensum='5' AND c_uni_ca='5' AND c_asigna='355833' [1][0] OK
C:[12/11/2012 19:48:11.74][190.204.206.83][1232] SELECT c_asigna FROM dace004 WHERE exp_e='08-19728672' AND c_asigna='355694' AND status IN ('0','3','B') [1][0] OK
C:[12/11/2012 19:48:11.74][190.204.206.83][1219] SELECT pre_cod_asig1,pre_cod_asig2,pre_cod_asig3,pre_cod_asig4,pre_cod_asig5,pre_cod_asig6,pre_cod_asig7 FROM tblaca009 WHERE pensum='5' AND c_uni_ca='5' AND c_asigna='355834' [1][0] OK
C:[12/11/2012 19:48:11.74][190.204.206.83][1232] SELECT c_asigna FROM dace004 WHERE exp_e='08-19728672' AND c_asigna='355694' AND status IN ('0','3','B') [1][0] OK
C:[12/11/2012 19:48:11.62][190.204.206.83][1263] SELECT par_cod_asig1,par_cod_asig2,par_cod_asig3 FROM tblaca009 WHERE pensum='5' AND c_uni_ca='5' AND c_asigna='355725' [1][0] OK
C:[12/11/2012 19:48:11.62][190.204.206.83][1263] SELECT par_cod_asig1,par_cod_asig2,par_cod_asig3 FROM tblaca009 WHERE pensum='5' AND c_uni_ca='5' AND c_asigna='355833' [1][0] OK
C:[12/11/2012 19:48:11.62][190.204.206.83][1263] SELECT par_cod_asig1,par_cod_asig2,par_cod_asig3 FROM tblaca009 WHERE pensum='5' AND c_uni_ca='5' AND c_asigna='355834' [1][0] OK
C:[12/11/2012 19:48:11.00][190.204.206.83][1334] SELECT c_asigna FROM tblaca009 WHERE pensum='5' AND c_uni_ca='5' AND ((par_cod_asig1='355720') OR (par_cod_asig2='355720') OR (par_cod_asig3='355720'))  [0][0] OK
C:[12/11/2012 19:48:11.00][190.204.206.83][1334] SELECT c_asigna FROM tblaca009 WHERE pensum='5' AND c_uni_ca='5' AND ((par_cod_asig1='355724') OR (par_cod_asig2='355724') OR (par_cod_asig3='355724'))  [0][0] OK
C:[12/11/2012 20:38:08.83][200.90.127.99][1219] SELECT pre_cod_asig1,pre_cod_asig2,pre_cod_asig3,pre_cod_asig4,pre_cod_asig5,pre_cod_asig6,pre_cod_asig7 FROM tblaca009 WHERE pensum='5' AND c_uni_ca='5' AND c_asigna='355693' [1][0] OK
C:[12/11/2012 20:38:08.83][200.90.127.99][1232] SELECT c_asigna FROM dace004 WHERE exp_e='06-18452731' AND c_asigna='355572' AND status IN ('0','3','B') [1][0] OK
C:[12/11/2012 20:38:08.83][200.90.127.99][1232] SELECT c_asigna FROM dace004 WHERE exp_e='06-18452731' AND c_asigna='352440' AND status IN ('0','3','B') [1][0] OK
C:[12/11/2012 20:38:08.83][200.90.127.99][1232] SELECT c_asigna FROM dace004 WHERE exp_e='06-18452731' AND c_asigna='355573' AND status IN ('0','3','B') [1][0] OK
C:[12/11/2012 20:38:08.83][200.90.127.99][1232] SELECT c_asigna FROM dace004 WHERE exp_e='06-18452731' AND c_asigna='300226' AND status IN ('0','3','B') [1][0] OK
C:[12/11/2012 20:38:08.83][200.90.127.99][1232] SELECT c_asigna FROM dace004 WHERE exp_e='06-18452731' AND c_asigna='300222' AND status IN ('0','3','B') [1][0] OK
C:[12/11/2012 20:38:08.83][200.90.127.99][1232] SELECT c_asigna FROM dace004 WHERE exp_e='06-18452731' AND c_asigna='300013' AND status IN ('0','3','B') [1][0] OK
C:[12/11/2012 20:38:08.83][200.90.127.99][1232] SELECT c_asigna FROM dace004 WHERE exp_e='06-18452731' AND c_asigna='300113' AND status IN ('0','3','B') [1][0] OK
C:[12/11/2012 20:38:08.83][200.90.127.99][1219] SELECT pre_cod_asig1,pre_cod_asig2,pre_cod_asig3,pre_cod_asig4,pre_cod_asig5,pre_cod_asig6,pre_cod_asig7 FROM tblaca009 WHERE pensum='5' AND c_uni_ca='5' AND c_asigna='355694' [1][0] OK
C:[12/11/2012 20:38:08.83][200.90.127.99][1232] SELECT c_asigna FROM dace004 WHERE exp_e='06-18452731' AND c_asigna='355572' AND status IN ('0','3','B') [1][0] OK
C:[12/11/2012 20:38:08.83][200.90.127.99][1232] SELECT c_asigna FROM dace004 WHERE exp_e='06-18452731' AND c_asigna='355571' AND status IN ('0','3','B') [1][0] OK
C:[12/11/2012 20:38:08.83][200.90.127.99][1219] SELECT pre_cod_asig1,pre_cod_asig2,pre_cod_asig3,pre_cod_asig4,pre_cod_asig5,pre_cod_asig6,pre_cod_asig7 FROM tblaca009 WHERE pensum='5' AND c_uni_ca='5' AND c_asigna='355720' [1][0] OK
C:[12/11/2012 20:38:08.83][200.90.127.99][1232] SELECT c_asigna FROM dace004 WHERE exp_e='06-18452731' AND c_asigna='355692' AND status IN ('0','3','B') [1][0] OK
C:[12/11/2012 20:38:08.83][200.90.127.99][1232] SELECT c_asigna FROM dace004 WHERE exp_e='06-18452731' AND c_asigna='355696' AND status IN ('0','3','B') [1][0] OK
C:[12/11/2012 20:38:08.83][200.90.127.99][1219] SELECT pre_cod_asig1,pre_cod_asig2,pre_cod_asig3,pre_cod_asig4,pre_cod_asig5,pre_cod_asig6,pre_cod_asig7 FROM tblaca009 WHERE pensum='5' AND c_uni_ca='5' AND c_asigna='355835' [1][0] OK
C:[12/11/2012 20:38:08.83][200.90.127.99][1232] SELECT c_asigna FROM dace004 WHERE exp_e='06-18452731' AND c_asigna='355691' AND status IN ('0','3','B') [1][0] OK
C:[12/11/2012 20:38:08.83][200.90.127.99][1219] SELECT pre_cod_asig1,pre_cod_asig2,pre_cod_asig3,pre_cod_asig4,pre_cod_asig5,pre_cod_asig6,pre_cod_asig7 FROM tblaca009 WHERE pensum='5' AND c_uni_ca='5' AND c_asigna='355951' [1][0] OK
C:[12/11/2012 20:38:08.83][200.90.127.99][1232] SELECT c_asigna FROM dace004 WHERE exp_e='06-18452731' AND c_asigna='355691' AND status IN ('0','3','B') [1][0] OK
C:[12/11/2012 20:38:08.83][200.90.127.99][1219] SELECT pre_cod_asig1,pre_cod_asig2,pre_cod_asig3,pre_cod_asig4,pre_cod_asig5,pre_cod_asig6,pre_cod_asig7 FROM tblaca009 WHERE pensum='5' AND c_uni_ca='5' AND c_asigna='355953' [1][0] OK
C:[12/11/2012 20:38:08.83][200.90.127.99][1232] SELECT c_asigna FROM dace004 WHERE exp_e='06-18452731' AND c_asigna='355691' AND status IN ('0','3','B') [1][0] OK
C:[12/11/2012 20:38:09.33][200.90.127.99][1263] SELECT par_cod_asig1,par_cod_asig2,par_cod_asig3 FROM tblaca009 WHERE pensum='5' AND c_uni_ca='5' AND c_asigna='355693' [1][0] OK
C:[12/11/2012 20:38:09.33][200.90.127.99][1263] SELECT par_cod_asig1,par_cod_asig2,par_cod_asig3 FROM tblaca009 WHERE pensum='5' AND c_uni_ca='5' AND c_asigna='355694' [1][0] OK
C:[12/11/2012 20:38:09.33][200.90.127.99][1263] SELECT par_cod_asig1,par_cod_asig2,par_cod_asig3 FROM tblaca009 WHERE pensum='5' AND c_uni_ca='5' AND c_asigna='355720' [1][0] OK
C:[12/11/2012 20:38:09.33][200.90.127.99][1263] SELECT par_cod_asig1,par_cod_asig2,par_cod_asig3 FROM tblaca009 WHERE pensum='5' AND c_uni_ca='5' AND c_asigna='355835' [1][0] OK
C:[12/11/2012 20:38:09.33][200.90.127.99][1263] SELECT par_cod_asig1,par_cod_asig2,par_cod_asig3 FROM tblaca009 WHERE pensum='5' AND c_uni_ca='5' AND c_asigna='355951' [1][0] OK
C:[12/11/2012 20:38:09.33][200.90.127.99][1263] SELECT par_cod_asig1,par_cod_asig2,par_cod_asig3 FROM tblaca009 WHERE pensum='5' AND c_uni_ca='5' AND c_asigna='355953' [1][0] OK
C:[12/11/2012 20:38:09.08][200.90.127.99][1334] SELECT c_asigna FROM tblaca009 WHERE pensum='5' AND c_uni_ca='5' AND ((par_cod_asig1='355724') OR (par_cod_asig2='355724') OR (par_cod_asig3='355724'))  [0][0] OK
C:[12/11/2012 20:42:11.22][200.90.127.99][1219] SELECT pre_cod_asig1,pre_cod_asig2,pre_cod_asig3,pre_cod_asig4,pre_cod_asig5,pre_cod_asig6,pre_cod_asig7 FROM tblaca009 WHERE pensum='5' AND c_uni_ca='5' AND c_asigna='355693' [1][0] OK
C:[12/11/2012 20:42:11.22][200.90.127.99][1232] SELECT c_asigna FROM dace004 WHERE exp_e='06-18452731' AND c_asigna='355572' AND status IN ('0','3','B') [1][0] OK
C:[12/11/2012 20:42:11.22][200.90.127.99][1232] SELECT c_asigna FROM dace004 WHERE exp_e='06-18452731' AND c_asigna='352440' AND status IN ('0','3','B') [1][0] OK
C:[12/11/2012 20:42:11.22][200.90.127.99][1232] SELECT c_asigna FROM dace004 WHERE exp_e='06-18452731' AND c_asigna='355573' AND status IN ('0','3','B') [1][0] OK
C:[12/11/2012 20:42:11.22][200.90.127.99][1232] SELECT c_asigna FROM dace004 WHERE exp_e='06-18452731' AND c_asigna='300226' AND status IN ('0','3','B') [1][0] OK
C:[12/11/2012 20:42:11.22][200.90.127.99][1232] SELECT c_asigna FROM dace004 WHERE exp_e='06-18452731' AND c_asigna='300222' AND status IN ('0','3','B') [1][0] OK
C:[12/11/2012 20:42:11.22][200.90.127.99][1232] SELECT c_asigna FROM dace004 WHERE exp_e='06-18452731' AND c_asigna='300013' AND status IN ('0','3','B') [1][0] OK
C:[12/11/2012 20:42:11.22][200.90.127.99][1232] SELECT c_asigna FROM dace004 WHERE exp_e='06-18452731' AND c_asigna='300113' AND status IN ('0','3','B') [1][0] OK
C:[12/11/2012 20:42:11.22][200.90.127.99][1219] SELECT pre_cod_asig1,pre_cod_asig2,pre_cod_asig3,pre_cod_asig4,pre_cod_asig5,pre_cod_asig6,pre_cod_asig7 FROM tblaca009 WHERE pensum='5' AND c_uni_ca='5' AND c_asigna='355694' [1][0] OK
C:[12/11/2012 20:42:11.22][200.90.127.99][1232] SELECT c_asigna FROM dace004 WHERE exp_e='06-18452731' AND c_asigna='355572' AND status IN ('0','3','B') [1][0] OK
C:[12/11/2012 20:42:11.22][200.90.127.99][1232] SELECT c_asigna FROM dace004 WHERE exp_e='06-18452731' AND c_asigna='355571' AND status IN ('0','3','B') [1][0] OK
C:[12/11/2012 20:42:11.22][200.90.127.99][1219] SELECT pre_cod_asig1,pre_cod_asig2,pre_cod_asig3,pre_cod_asig4,pre_cod_asig5,pre_cod_asig6,pre_cod_asig7 FROM tblaca009 WHERE pensum='5' AND c_uni_ca='5' AND c_asigna='355720' [1][0] OK
C:[12/11/2012 20:42:11.22][200.90.127.99][1232] SELECT c_asigna FROM dace004 WHERE exp_e='06-18452731' AND c_asigna='355692' AND status IN ('0','3','B') [1][0] OK
C:[12/11/2012 20:42:11.22][200.90.127.99][1232] SELECT c_asigna FROM dace004 WHERE exp_e='06-18452731' AND c_asigna='355696' AND status IN ('0','3','B') [1][0] OK
C:[12/11/2012 20:42:11.22][200.90.127.99][1219] SELECT pre_cod_asig1,pre_cod_asig2,pre_cod_asig3,pre_cod_asig4,pre_cod_asig5,pre_cod_asig6,pre_cod_asig7 FROM tblaca009 WHERE pensum='5' AND c_uni_ca='5' AND c_asigna='355724' [1][0] OK
C:[12/11/2012 20:42:11.22][200.90.127.99][1232] SELECT c_asigna FROM dace004 WHERE exp_e='06-18452731' AND c_asigna='355692' AND status IN ('0','3','B') [1][0] OK
C:[12/11/2012 20:42:11.22][200.90.127.99][1219] SELECT pre_cod_asig1,pre_cod_asig2,pre_cod_asig3,pre_cod_asig4,pre_cod_asig5,pre_cod_asig6,pre_cod_asig7 FROM tblaca009 WHERE pensum='5' AND c_uni_ca='5' AND c_asigna='355835' [1][0] OK
C:[12/11/2012 20:42:11.22][200.90.127.99][1232] SELECT c_asigna FROM dace004 WHERE exp_e='06-18452731' AND c_asigna='355691' AND status IN ('0','3','B') [1][0] OK
C:[12/11/2012 20:42:11.22][200.90.127.99][1219] SELECT pre_cod_asig1,pre_cod_asig2,pre_cod_asig3,pre_cod_asig4,pre_cod_asig5,pre_cod_asig6,pre_cod_asig7 FROM tblaca009 WHERE pensum='5' AND c_uni_ca='5' AND c_asigna='355951' [1][0] OK
C:[12/11/2012 20:42:11.22][200.90.127.99][1232] SELECT c_asigna FROM dace004 WHERE exp_e='06-18452731' AND c_asigna='355691' AND status IN ('0','3','B') [1][0] OK
C:[12/11/2012 20:42:12.72][200.90.127.99][1263] SELECT par_cod_asig1,par_cod_asig2,par_cod_asig3 FROM tblaca009 WHERE pensum='5' AND c_uni_ca='5' AND c_asigna='355693' [1][0] OK
C:[12/11/2012 20:42:12.72][200.90.127.99][1263] SELECT par_cod_asig1,par_cod_asig2,par_cod_asig3 FROM tblaca009 WHERE pensum='5' AND c_uni_ca='5' AND c_asigna='355694' [1][0] OK
C:[12/11/2012 20:42:12.72][200.90.127.99][1263] SELECT par_cod_asig1,par_cod_asig2,par_cod_asig3 FROM tblaca009 WHERE pensum='5' AND c_uni_ca='5' AND c_asigna='355720' [1][0] OK
C:[12/11/2012 20:42:12.72][200.90.127.99][1263] SELECT par_cod_asig1,par_cod_asig2,par_cod_asig3 FROM tblaca009 WHERE pensum='5' AND c_uni_ca='5' AND c_asigna='355724' [1][0] OK
C:[12/11/2012 20:42:12.72][200.90.127.99][1263] SELECT par_cod_asig1,par_cod_asig2,par_cod_asig3 FROM tblaca009 WHERE pensum='5' AND c_uni_ca='5' AND c_asigna='355835' [1][0] OK
C:[12/11/2012 20:42:12.72][200.90.127.99][1263] SELECT par_cod_asig1,par_cod_asig2,par_cod_asig3 FROM tblaca009 WHERE pensum='5' AND c_uni_ca='5' AND c_asigna='355951' [1][0] OK
C:[12/11/2012 20:42:12.47][200.90.127.99][1334] SELECT c_asigna FROM tblaca009 WHERE pensum='5' AND c_uni_ca='5' AND ((par_cod_asig1='355953') OR (par_cod_asig2='355953') OR (par_cod_asig3='355953'))  [0][0] OK
C:[12/11/2012 20:43:23.74][200.90.127.99][1219] SELECT pre_cod_asig1,pre_cod_asig2,pre_cod_asig3,pre_cod_asig4,pre_cod_asig5,pre_cod_asig6,pre_cod_asig7 FROM tblaca009 WHERE pensum='5' AND c_uni_ca='5' AND c_asigna='355693' [1][0] OK
C:[12/11/2012 20:43:23.74][200.90.127.99][1232] SELECT c_asigna FROM dace004 WHERE exp_e='06-18452731' AND c_asigna='355572' AND status IN ('0','3','B') [1][0] OK
C:[12/11/2012 20:43:23.74][200.90.127.99][1232] SELECT c_asigna FROM dace004 WHERE exp_e='06-18452731' AND c_asigna='352440' AND status IN ('0','3','B') [1][0] OK
C:[12/11/2012 20:43:23.74][200.90.127.99][1232] SELECT c_asigna FROM dace004 WHERE exp_e='06-18452731' AND c_asigna='355573' AND status IN ('0','3','B') [1][0] OK
C:[12/11/2012 20:43:23.74][200.90.127.99][1232] SELECT c_asigna FROM dace004 WHERE exp_e='06-18452731' AND c_asigna='300226' AND status IN ('0','3','B') [1][0] OK
C:[12/11/2012 20:43:23.74][200.90.127.99][1232] SELECT c_asigna FROM dace004 WHERE exp_e='06-18452731' AND c_asigna='300222' AND status IN ('0','3','B') [1][0] OK
C:[12/11/2012 20:43:23.74][200.90.127.99][1232] SELECT c_asigna FROM dace004 WHERE exp_e='06-18452731' AND c_asigna='300013' AND status IN ('0','3','B') [1][0] OK
C:[12/11/2012 20:43:23.74][200.90.127.99][1232] SELECT c_asigna FROM dace004 WHERE exp_e='06-18452731' AND c_asigna='300113' AND status IN ('0','3','B') [1][0] OK
C:[12/11/2012 20:43:23.74][200.90.127.99][1219] SELECT pre_cod_asig1,pre_cod_asig2,pre_cod_asig3,pre_cod_asig4,pre_cod_asig5,pre_cod_asig6,pre_cod_asig7 FROM tblaca009 WHERE pensum='5' AND c_uni_ca='5' AND c_asigna='355694' [1][0] OK
C:[12/11/2012 20:43:23.74][200.90.127.99][1232] SELECT c_asigna FROM dace004 WHERE exp_e='06-18452731' AND c_asigna='355572' AND status IN ('0','3','B') [1][0] OK
C:[12/11/2012 20:43:23.74][200.90.127.99][1232] SELECT c_asigna FROM dace004 WHERE exp_e='06-18452731' AND c_asigna='355571' AND status IN ('0','3','B') [1][0] OK
C:[12/11/2012 20:43:23.74][200.90.127.99][1219] SELECT pre_cod_asig1,pre_cod_asig2,pre_cod_asig3,pre_cod_asig4,pre_cod_asig5,pre_cod_asig6,pre_cod_asig7 FROM tblaca009 WHERE pensum='5' AND c_uni_ca='5' AND c_asigna='355720' [1][0] OK
C:[12/11/2012 20:43:23.74][200.90.127.99][1232] SELECT c_asigna FROM dace004 WHERE exp_e='06-18452731' AND c_asigna='355692' AND status IN ('0','3','B') [1][0] OK
C:[12/11/2012 20:43:23.74][200.90.127.99][1232] SELECT c_asigna FROM dace004 WHERE exp_e='06-18452731' AND c_asigna='355696' AND status IN ('0','3','B') [1][0] OK
C:[12/11/2012 20:43:23.74][200.90.127.99][1219] SELECT pre_cod_asig1,pre_cod_asig2,pre_cod_asig3,pre_cod_asig4,pre_cod_asig5,pre_cod_asig6,pre_cod_asig7 FROM tblaca009 WHERE pensum='5' AND c_uni_ca='5' AND c_asigna='355724' [1][0] OK
C:[12/11/2012 20:43:23.74][200.90.127.99][1232] SELECT c_asigna FROM dace004 WHERE exp_e='06-18452731' AND c_asigna='355692' AND status IN ('0','3','B') [1][0] OK
C:[12/11/2012 20:43:23.74][200.90.127.99][1219] SELECT pre_cod_asig1,pre_cod_asig2,pre_cod_asig3,pre_cod_asig4,pre_cod_asig5,pre_cod_asig6,pre_cod_asig7 FROM tblaca009 WHERE pensum='5' AND c_uni_ca='5' AND c_asigna='355951' [1][0] OK
C:[12/11/2012 20:43:23.74][200.90.127.99][1232] SELECT c_asigna FROM dace004 WHERE exp_e='06-18452731' AND c_asigna='355691' AND status IN ('0','3','B') [1][0] OK
C:[12/11/2012 20:43:23.00][200.90.127.99][1263] SELECT par_cod_asig1,par_cod_asig2,par_cod_asig3 FROM tblaca009 WHERE pensum='5' AND c_uni_ca='5' AND c_asigna='355693' [1][0] OK
C:[12/11/2012 20:43:23.00][200.90.127.99][1263] SELECT par_cod_asig1,par_cod_asig2,par_cod_asig3 FROM tblaca009 WHERE pensum='5' AND c_uni_ca='5' AND c_asigna='355694' [1][0] OK
C:[12/11/2012 20:43:23.00][200.90.127.99][1263] SELECT par_cod_asig1,par_cod_asig2,par_cod_asig3 FROM tblaca009 WHERE pensum='5' AND c_uni_ca='5' AND c_asigna='355720' [1][0] OK
C:[12/11/2012 20:43:23.00][200.90.127.99][1263] SELECT par_cod_asig1,par_cod_asig2,par_cod_asig3 FROM tblaca009 WHERE pensum='5' AND c_uni_ca='5' AND c_asigna='355724' [1][0] OK
C:[12/11/2012 20:43:23.00][200.90.127.99][1263] SELECT par_cod_asig1,par_cod_asig2,par_cod_asig3 FROM tblaca009 WHERE pensum='5' AND c_uni_ca='5' AND c_asigna='355951' [1][0] OK
C:[12/11/2012 20:43:23.18][200.90.127.99][1334] SELECT c_asigna FROM tblaca009 WHERE pensum='5' AND c_uni_ca='5' AND ((par_cod_asig1='355835') OR (par_cod_asig2='355835') OR (par_cod_asig3='355835'))  [0][0] OK
C:[12/11/2012 20:44:44.97][200.90.104.175][1219] SELECT pre_cod_asig1,pre_cod_asig2,pre_cod_asig3,pre_cod_asig4,pre_cod_asig5,pre_cod_asig6,pre_cod_asig7 FROM tblaca009 WHERE pensum='5' AND c_uni_ca='2' AND c_asigna='300318' [1][0] OK
C:[12/11/2012 20:44:44.97][200.90.104.175][1232] SELECT c_asigna FROM dace004 WHERE exp_e='10-22826270' AND c_asigna='300228' AND status IN ('0','3','B') [1][0] OK
C:[12/11/2012 20:44:44.97][200.90.104.175][1232] SELECT c_asigna FROM dace004 WHERE exp_e='10-22826270' AND c_asigna='300207' AND status IN ('0','3','B') [1][0] OK
C:[12/11/2012 20:44:44.97][200.90.104.175][1232] SELECT c_asigna FROM dace004 WHERE exp_e='10-22826270' AND c_asigna='300218' AND status IN ('0','3','B') [1][0] OK
C:[12/11/2012 20:44:44.97][200.90.104.175][1219] SELECT pre_cod_asig1,pre_cod_asig2,pre_cod_asig3,pre_cod_asig4,pre_cod_asig5,pre_cod_asig6,pre_cod_asig7 FROM tblaca009 WHERE pensum='5' AND c_uni_ca='2' AND c_asigna='322433' [1][0] OK
C:[12/11/2012 20:44:44.97][200.90.104.175][1232] SELECT c_asigna FROM dace004 WHERE exp_e='10-22826270' AND c_asigna='320323' AND status IN ('0','3','B') [1][0] OK
C:[12/11/2012 20:44:44.97][200.90.104.175][1232] SELECT c_asigna FROM dace004 WHERE exp_e='10-22826270' AND c_asigna='300209' AND status IN ('0','3','B') [1][0] OK
C:[12/11/2012 20:44:44.97][200.90.104.175][1219] SELECT pre_cod_asig1,pre_cod_asig2,pre_cod_asig3,pre_cod_asig4,pre_cod_asig5,pre_cod_asig6,pre_cod_asig7 FROM tblaca009 WHERE pensum='5' AND c_uni_ca='2' AND c_asigna='322558' [1][0] OK
C:[12/11/2012 20:44:44.97][200.90.104.175][1232] SELECT c_asigna FROM dace004 WHERE exp_e='10-22826270' AND c_asigna='300428' AND status IN ('0','3','B') [1][0] OK
C:[12/11/2012 20:44:44.97][200.90.104.175][1232] SELECT c_asigna FROM dace004 WHERE exp_e='10-22826270' AND c_asigna='320323' AND status IN ('0','3','B') [1][0] OK
C:[12/11/2012 20:44:44.97][200.90.104.175][1219] SELECT pre_cod_asig1,pre_cod_asig2,pre_cod_asig3,pre_cod_asig4,pre_cod_asig5,pre_cod_asig6,pre_cod_asig7 FROM tblaca009 WHERE pensum='5' AND c_uni_ca='2' AND c_asigna='322559' [1][0] OK
C:[12/11/2012 20:44:44.97][200.90.104.175][1232] SELECT c_asigna FROM dace004 WHERE exp_e='10-22826270' AND c_asigna='300428' AND status IN ('0','3','B') [1][0] OK
C:[12/11/2012 20:44:44.97][200.90.104.175][1232] SELECT c_asigna FROM dace004 WHERE exp_e='10-22826270' AND c_asigna='322436' AND status IN ('0','3','B') [1][0] OK
C:[12/11/2012 20:44:45.59][200.90.104.175][1263] SELECT par_cod_asig1,par_cod_asig2,par_cod_asig3 FROM tblaca009 WHERE pensum='5' AND c_uni_ca='2' AND c_asigna='300318' [1][0] OK
C:[12/11/2012 20:44:45.59][200.90.104.175][1263] SELECT par_cod_asig1,par_cod_asig2,par_cod_asig3 FROM tblaca009 WHERE pensum='5' AND c_uni_ca='2' AND c_asigna='322433' [1][0] OK
C:[12/11/2012 20:44:45.59][200.90.104.175][1263] SELECT par_cod_asig1,par_cod_asig2,par_cod_asig3 FROM tblaca009 WHERE pensum='5' AND c_uni_ca='2' AND c_asigna='322558' [1][0] OK
C:[12/11/2012 20:44:45.59][200.90.104.175][1263] SELECT par_cod_asig1,par_cod_asig2,par_cod_asig3 FROM tblaca009 WHERE pensum='5' AND c_uni_ca='2' AND c_asigna='322559' [1][0] OK
C:[12/11/2012 20:44:45.09][200.90.104.175][1334] SELECT c_asigna FROM tblaca009 WHERE pensum='5' AND c_uni_ca='2' AND ((par_cod_asig1='300422') OR (par_cod_asig2='300422') OR (par_cod_asig3='300422'))  [0][0] OK
C:[12/11/2012 20:57:22.64][190.37.240.181][1219] SELECT pre_cod_asig1,pre_cod_asig2,pre_cod_asig3,pre_cod_asig4,pre_cod_asig5,pre_cod_asig6,pre_cod_asig7 FROM tblaca009 WHERE pensum='5' AND c_uni_ca='5' AND c_asigna='355693' [1][0] OK
C:[12/11/2012 20:57:22.64][190.37.240.181][1232] SELECT c_asigna FROM dace004 WHERE exp_e='09-20804323' AND c_asigna='355572' AND status IN ('0','3','B') [1][0] OK
C:[12/11/2012 20:57:22.64][190.37.240.181][1232] SELECT c_asigna FROM dace004 WHERE exp_e='09-20804323' AND c_asigna='352440' AND status IN ('0','3','B') [1][0] OK
C:[12/11/2012 20:57:22.64][190.37.240.181][1232] SELECT c_asigna FROM dace004 WHERE exp_e='09-20804323' AND c_asigna='355573' AND status IN ('0','3','B') [1][0] OK
C:[12/11/2012 20:57:22.64][190.37.240.181][1232] SELECT c_asigna FROM dace004 WHERE exp_e='09-20804323' AND c_asigna='300226' AND status IN ('0','3','B') [1][0] OK
C:[12/11/2012 20:57:22.64][190.37.240.181][1232] SELECT c_asigna FROM dace004 WHERE exp_e='09-20804323' AND c_asigna='300222' AND status IN ('0','3','B') [1][0] OK
C:[12/11/2012 20:57:22.64][190.37.240.181][1232] SELECT c_asigna FROM dace004 WHERE exp_e='09-20804323' AND c_asigna='300013' AND status IN ('0','3','B') [1][0] OK
C:[12/11/2012 20:57:22.64][190.37.240.181][1232] SELECT c_asigna FROM dace004 WHERE exp_e='09-20804323' AND c_asigna='300113' AND status IN ('0','3','B') [1][0] OK
C:[12/11/2012 20:57:22.64][190.37.240.181][1219] SELECT pre_cod_asig1,pre_cod_asig2,pre_cod_asig3,pre_cod_asig4,pre_cod_asig5,pre_cod_asig6,pre_cod_asig7 FROM tblaca009 WHERE pensum='5' AND c_uni_ca='5' AND c_asigna='355694' [1][0] OK
C:[12/11/2012 20:57:22.64][190.37.240.181][1232] SELECT c_asigna FROM dace004 WHERE exp_e='09-20804323' AND c_asigna='355572' AND status IN ('0','3','B') [1][0] OK
C:[12/11/2012 20:57:22.64][190.37.240.181][1232] SELECT c_asigna FROM dace004 WHERE exp_e='09-20804323' AND c_asigna='355571' AND status IN ('0','3','B') [1][0] OK
C:[12/11/2012 20:57:22.64][190.37.240.181][1219] SELECT pre_cod_asig1,pre_cod_asig2,pre_cod_asig3,pre_cod_asig4,pre_cod_asig5,pre_cod_asig6,pre_cod_asig7 FROM tblaca009 WHERE pensum='5' AND c_uni_ca='5' AND c_asigna='355696' [1][0] OK
C:[12/11/2012 20:57:22.64][190.37.240.181][1232] SELECT c_asigna FROM dace004 WHERE exp_e='09-20804323' AND c_asigna='355570' AND status IN ('0','3','B') [1][0] OK
C:[12/11/2012 20:57:22.64][190.37.240.181][1232] SELECT c_asigna FROM dace004 WHERE exp_e='09-20804323' AND c_asigna='355571' AND status IN ('0','3','B') [1][0] OK
C:[12/11/2012 20:57:22.64][190.37.240.181][1219] SELECT pre_cod_asig1,pre_cod_asig2,pre_cod_asig3,pre_cod_asig4,pre_cod_asig5,pre_cod_asig6,pre_cod_asig7 FROM tblaca009 WHERE pensum='5' AND c_uni_ca='5' AND c_asigna='355722' [1][0] OK
C:[12/11/2012 20:57:22.64][190.37.240.181][1232] SELECT c_asigna FROM dace004 WHERE exp_e='09-20804323' AND c_asigna='355691' AND status IN ('0','3','B') [1][0] OK
C:[12/11/2012 20:57:22.64][190.37.240.181][1232] SELECT c_asigna FROM dace004 WHERE exp_e='09-20804323' AND c_asigna='355595' AND status IN ('0','3','B') [1][0] OK
C:[12/11/2012 20:57:22.77][190.37.240.181][1263] SELECT par_cod_asig1,par_cod_asig2,par_cod_asig3 FROM tblaca009 WHERE pensum='5' AND c_uni_ca='5' AND c_asigna='355693' [1][0] OK
C:[12/11/2012 20:57:22.77][190.37.240.181][1263] SELECT par_cod_asig1,par_cod_asig2,par_cod_asig3 FROM tblaca009 WHERE pensum='5' AND c_uni_ca='5' AND c_asigna='355694' [1][0] OK
C:[12/11/2012 20:57:22.77][190.37.240.181][1263] SELECT par_cod_asig1,par_cod_asig2,par_cod_asig3 FROM tblaca009 WHERE pensum='5' AND c_uni_ca='5' AND c_asigna='355696' [1][0] OK
C:[12/11/2012 20:57:22.77][190.37.240.181][1263] SELECT par_cod_asig1,par_cod_asig2,par_cod_asig3 FROM tblaca009 WHERE pensum='5' AND c_uni_ca='5' AND c_asigna='355722' [1][0] OK
C:[12/11/2012 20:57:22.27][190.37.240.181][1334] SELECT c_asigna FROM tblaca009 WHERE pensum='5' AND c_uni_ca='5' AND ((par_cod_asig1='355835') OR (par_cod_asig2='355835') OR (par_cod_asig3='355835'))  [0][0] OK
C:[12/11/2012 21:14:03.12][201.243.202.211][1219] SELECT pre_cod_asig1,pre_cod_asig2,pre_cod_asig3,pre_cod_asig4,pre_cod_asig5,pre_cod_asig6,pre_cod_asig7 FROM tblaca009 WHERE pensum='5' AND c_uni_ca='5' AND c_asigna='300676' [1][0] OK
C:[12/11/2012 21:14:03.12][201.243.202.211][1219] SELECT pre_cod_asig1,pre_cod_asig2,pre_cod_asig3,pre_cod_asig4,pre_cod_asig5,pre_cod_asig6,pre_cod_asig7 FROM tblaca009 WHERE pensum='5' AND c_uni_ca='5' AND c_asigna='355720' [1][0] OK
C:[12/11/2012 21:14:03.12][201.243.202.211][1232] SELECT c_asigna FROM dace004 WHERE exp_e='08-20806076' AND c_asigna='355692' AND status IN ('0','3','B') [1][0] OK
C:[12/11/2012 21:14:03.12][201.243.202.211][1232] SELECT c_asigna FROM dace004 WHERE exp_e='08-20806076' AND c_asigna='355696' AND status IN ('0','3','B') [1][0] OK
C:[12/11/2012 21:14:03.12][201.243.202.211][1219] SELECT pre_cod_asig1,pre_cod_asig2,pre_cod_asig3,pre_cod_asig4,pre_cod_asig5,pre_cod_asig6,pre_cod_asig7 FROM tblaca009 WHERE pensum='5' AND c_uni_ca='5' AND c_asigna='355722' [1][0] OK
C:[12/11/2012 21:14:03.12][201.243.202.211][1232] SELECT c_asigna FROM dace004 WHERE exp_e='08-20806076' AND c_asigna='355691' AND status IN ('0','3','B') [1][0] OK
C:[12/11/2012 21:14:03.12][201.243.202.211][1232] SELECT c_asigna FROM dace004 WHERE exp_e='08-20806076' AND c_asigna='355595' AND status IN ('0','3','B') [1][0] OK
C:[12/11/2012 21:14:03.12][201.243.202.211][1219] SELECT pre_cod_asig1,pre_cod_asig2,pre_cod_asig3,pre_cod_asig4,pre_cod_asig5,pre_cod_asig6,pre_cod_asig7 FROM tblaca009 WHERE pensum='5' AND c_uni_ca='5' AND c_asigna='355832' [1][0] OK
C:[12/11/2012 21:14:03.12][201.243.202.211][1232] SELECT c_asigna FROM dace004 WHERE exp_e='08-20806076' AND c_asigna='355694' AND status IN ('0','3','B') [1][0] OK
C:[12/11/2012 21:14:03.12][201.243.202.211][1219] SELECT pre_cod_asig1,pre_cod_asig2,pre_cod_asig3,pre_cod_asig4,pre_cod_asig5,pre_cod_asig6,pre_cod_asig7 FROM tblaca009 WHERE pensum='5' AND c_uni_ca='5' AND c_asigna='355951' [1][0] OK
C:[12/11/2012 21:14:03.12][201.243.202.211][1232] SELECT c_asigna FROM dace004 WHERE exp_e='08-20806076' AND c_asigna='355691' AND status IN ('0','3','B') [1][0] OK
C:[12/11/2012 21:14:03.49][201.243.202.211][1263] SELECT par_cod_asig1,par_cod_asig2,par_cod_asig3 FROM tblaca009 WHERE pensum='5' AND c_uni_ca='5' AND c_asigna='300676' [1][0] OK
C:[12/11/2012 21:14:03.49][201.243.202.211][1263] SELECT par_cod_asig1,par_cod_asig2,par_cod_asig3 FROM tblaca009 WHERE pensum='5' AND c_uni_ca='5' AND c_asigna='355720' [1][0] OK
C:[12/11/2012 21:14:03.49][201.243.202.211][1263] SELECT par_cod_asig1,par_cod_asig2,par_cod_asig3 FROM tblaca009 WHERE pensum='5' AND c_uni_ca='5' AND c_asigna='355722' [1][0] OK
C:[12/11/2012 21:14:03.49][201.243.202.211][1263] SELECT par_cod_asig1,par_cod_asig2,par_cod_asig3 FROM tblaca009 WHERE pensum='5' AND c_uni_ca='5' AND c_asigna='355832' [1][0] OK
C:[12/11/2012 21:14:03.49][201.243.202.211][1263] SELECT par_cod_asig1,par_cod_asig2,par_cod_asig3 FROM tblaca009 WHERE pensum='5' AND c_uni_ca='5' AND c_asigna='355951' [1][0] OK
C:[12/11/2012 21:14:03.12][201.243.202.211][1334] SELECT c_asigna FROM tblaca009 WHERE pensum='5' AND c_uni_ca='5' AND ((par_cod_asig1='355724') OR (par_cod_asig2='355724') OR (par_cod_asig3='355724'))  [0][0] OK
C:[12/11/2012 21:34:05.08][201.243.202.211][1219] SELECT pre_cod_asig1,pre_cod_asig2,pre_cod_asig3,pre_cod_asig4,pre_cod_asig5,pre_cod_asig6,pre_cod_asig7 FROM tblaca009 WHERE pensum='5' AND c_uni_ca='5' AND c_asigna='300676' [1][0] OK
C:[12/11/2012 21:34:05.08][201.243.202.211][1219] SELECT pre_cod_asig1,pre_cod_asig2,pre_cod_asig3,pre_cod_asig4,pre_cod_asig5,pre_cod_asig6,pre_cod_asig7 FROM tblaca009 WHERE pensum='5' AND c_uni_ca='5' AND c_asigna='355572' [1][0] OK
C:[12/11/2012 21:34:05.08][201.243.202.211][1232] SELECT c_asigna FROM dace004 WHERE exp_e='06-19093086' AND c_asigna='300428' AND status IN ('0','3','B') [1][0] OK
C:[12/11/2012 21:34:05.08][201.243.202.211][1219] SELECT pre_cod_asig1,pre_cod_asig2,pre_cod_asig3,pre_cod_asig4,pre_cod_asig5,pre_cod_asig6,pre_cod_asig7 FROM tblaca009 WHERE pensum='5' AND c_uni_ca='5' AND c_asigna='355722' [1][0] OK
C:[12/11/2012 21:34:05.08][201.243.202.211][1232] SELECT c_asigna FROM dace004 WHERE exp_e='06-19093086' AND c_asigna='355691' AND status IN ('0','3','B') [1][0] OK
C:[12/11/2012 21:34:05.08][201.243.202.211][1232] SELECT c_asigna FROM dace004 WHERE exp_e='06-19093086' AND c_asigna='355595' AND status IN ('0','3','B') [1][0] OK
C:[12/11/2012 21:34:05.08][201.243.202.211][1219] SELECT pre_cod_asig1,pre_cod_asig2,pre_cod_asig3,pre_cod_asig4,pre_cod_asig5,pre_cod_asig6,pre_cod_asig7 FROM tblaca009 WHERE pensum='5' AND c_uni_ca='5' AND c_asigna='355724' [1][0] OK
C:[12/11/2012 21:34:05.08][201.243.202.211][1232] SELECT c_asigna FROM dace004 WHERE exp_e='06-19093086' AND c_asigna='355692' AND status IN ('0','3','B') [1][0] OK
C:[12/11/2012 21:34:05.08][201.243.202.211][1219] SELECT pre_cod_asig1,pre_cod_asig2,pre_cod_asig3,pre_cod_asig4,pre_cod_asig5,pre_cod_asig6,pre_cod_asig7 FROM tblaca009 WHERE pensum='5' AND c_uni_ca='5' AND c_asigna='355951' [1][0] OK
C:[12/11/2012 21:34:05.08][201.243.202.211][1232] SELECT c_asigna FROM dace004 WHERE exp_e='06-19093086' AND c_asigna='355691' AND status IN ('0','3','B') [1][0] OK
C:[12/11/2012 21:34:05.33][201.243.202.211][1263] SELECT par_cod_asig1,par_cod_asig2,par_cod_asig3 FROM tblaca009 WHERE pensum='5' AND c_uni_ca='5' AND c_asigna='300676' [1][0] OK
C:[12/11/2012 21:34:05.33][201.243.202.211][1263] SELECT par_cod_asig1,par_cod_asig2,par_cod_asig3 FROM tblaca009 WHERE pensum='5' AND c_uni_ca='5' AND c_asigna='355572' [1][0] OK
C:[12/11/2012 21:34:05.33][201.243.202.211][1263] SELECT par_cod_asig1,par_cod_asig2,par_cod_asig3 FROM tblaca009 WHERE pensum='5' AND c_uni_ca='5' AND c_asigna='355722' [1][0] OK
C:[12/11/2012 21:34:05.33][201.243.202.211][1263] SELECT par_cod_asig1,par_cod_asig2,par_cod_asig3 FROM tblaca009 WHERE pensum='5' AND c_uni_ca='5' AND c_asigna='355724' [1][0] OK
C:[12/11/2012 21:34:05.33][201.243.202.211][1263] SELECT par_cod_asig1,par_cod_asig2,par_cod_asig3 FROM tblaca009 WHERE pensum='5' AND c_uni_ca='5' AND c_asigna='355951' [1][0] OK
C:[12/11/2012 21:34:05.96][201.243.202.211][1334] SELECT c_asigna FROM tblaca009 WHERE pensum='5' AND c_uni_ca='5' AND ((par_cod_asig1='355835') OR (par_cod_asig2='355835') OR (par_cod_asig3='355835'))  [0][0] OK
C:[12/11/2012 21:52:20.07][190.204.202.64][1219] SELECT pre_cod_asig1,pre_cod_asig2,pre_cod_asig3,pre_cod_asig4,pre_cod_asig5,pre_cod_asig6,pre_cod_asig7 FROM tblaca009 WHERE pensum='5' AND c_uni_ca='5' AND c_asigna='355720' [1][0] OK
C:[12/11/2012 21:52:20.07][190.204.202.64][1232] SELECT c_asigna FROM dace004 WHERE exp_e='06-19910816' AND c_asigna='355692' AND status IN ('0','3','B') [1][0] OK
C:[12/11/2012 21:52:20.07][190.204.202.64][1232] SELECT c_asigna FROM dace004 WHERE exp_e='06-19910816' AND c_asigna='355696' AND status IN ('0','3','B') [1][0] OK
C:[12/11/2012 21:52:20.07][190.204.202.64][1219] SELECT pre_cod_asig1,pre_cod_asig2,pre_cod_asig3,pre_cod_asig4,pre_cod_asig5,pre_cod_asig6,pre_cod_asig7 FROM tblaca009 WHERE pensum='5' AND c_uni_ca='5' AND c_asigna='355721' [1][0] OK
C:[12/11/2012 21:52:20.07][190.204.202.64][1232] SELECT c_asigna FROM dace004 WHERE exp_e='06-19910816' AND c_asigna='355693' AND status IN ('0','3','B') [1][0] OK
C:[12/11/2012 21:52:20.07][190.204.202.64][1232] SELECT c_asigna FROM dace004 WHERE exp_e='06-19910816' AND c_asigna='355696' AND status IN ('0','3','B') [1][0] OK
C:[12/11/2012 21:52:20.07][190.204.202.64][1219] SELECT pre_cod_asig1,pre_cod_asig2,pre_cod_asig3,pre_cod_asig4,pre_cod_asig5,pre_cod_asig6,pre_cod_asig7 FROM tblaca009 WHERE pensum='5' AND c_uni_ca='5' AND c_asigna='355722' [1][0] OK
C:[12/11/2012 21:52:20.07][190.204.202.64][1232] SELECT c_asigna FROM dace004 WHERE exp_e='06-19910816' AND c_asigna='355691' AND status IN ('0','3','B') [1][0] OK
C:[12/11/2012 21:52:20.07][190.204.202.64][1232] SELECT c_asigna FROM dace004 WHERE exp_e='06-19910816' AND c_asigna='355595' AND status IN ('0','3','B') [1][0] OK
C:[12/11/2012 21:52:20.07][190.204.202.64][1219] SELECT pre_cod_asig1,pre_cod_asig2,pre_cod_asig3,pre_cod_asig4,pre_cod_asig5,pre_cod_asig6,pre_cod_asig7 FROM tblaca009 WHERE pensum='5' AND c_uni_ca='5' AND c_asigna='355725' [1][0] OK
C:[12/11/2012 21:52:20.07][190.204.202.64][1232] SELECT c_asigna FROM dace004 WHERE exp_e='06-19910816' AND c_asigna='355693' AND status IN ('0','3','B') [1][0] OK
C:[12/11/2012 21:52:20.07][190.204.202.64][1232] SELECT c_asigna FROM dace004 WHERE exp_e='06-19910816' AND c_asigna='355692' AND status IN ('0','3','B') [1][0] OK
C:[12/11/2012 21:52:20.56][190.204.202.64][1263] SELECT par_cod_asig1,par_cod_asig2,par_cod_asig3 FROM tblaca009 WHERE pensum='5' AND c_uni_ca='5' AND c_asigna='355720' [1][0] OK
C:[12/11/2012 21:52:20.56][190.204.202.64][1263] SELECT par_cod_asig1,par_cod_asig2,par_cod_asig3 FROM tblaca009 WHERE pensum='5' AND c_uni_ca='5' AND c_asigna='355721' [1][0] OK
C:[12/11/2012 21:52:20.56][190.204.202.64][1263] SELECT par_cod_asig1,par_cod_asig2,par_cod_asig3 FROM tblaca009 WHERE pensum='5' AND c_uni_ca='5' AND c_asigna='355722' [1][0] OK
C:[12/11/2012 21:52:20.56][190.204.202.64][1263] SELECT par_cod_asig1,par_cod_asig2,par_cod_asig3 FROM tblaca009 WHERE pensum='5' AND c_uni_ca='5' AND c_asigna='355725' [1][0] OK
C:[12/11/2012 21:52:20.06][190.204.202.64][1334] SELECT c_asigna FROM tblaca009 WHERE pensum='5' AND c_uni_ca='5' AND ((par_cod_asig1='355724') OR (par_cod_asig2='355724') OR (par_cod_asig3='355724'))  [0][0] OK
C:[12/11/2012 22:02:16.49][190.204.198.194][1219] SELECT pre_cod_asig1,pre_cod_asig2,pre_cod_asig3,pre_cod_asig4,pre_cod_asig5,pre_cod_asig6,pre_cod_asig7 FROM tblaca009 WHERE pensum='5' AND c_uni_ca='5' AND c_asigna='300676' [1][0] OK
C:[12/11/2012 22:02:16.49][190.204.198.194][1219] SELECT pre_cod_asig1,pre_cod_asig2,pre_cod_asig3,pre_cod_asig4,pre_cod_asig5,pre_cod_asig6,pre_cod_asig7 FROM tblaca009 WHERE pensum='5' AND c_uni_ca='5' AND c_asigna='355720' [1][0] OK
C:[12/11/2012 22:02:16.49][190.204.198.194][1232] SELECT c_asigna FROM dace004 WHERE exp_e='09-20035142' AND c_asigna='355692' AND status IN ('0','3','B') [1][0] OK
C:[12/11/2012 22:02:16.49][190.204.198.194][1232] SELECT c_asigna FROM dace004 WHERE exp_e='09-20035142' AND c_asigna='355696' AND status IN ('0','3','B') [1][0] OK
C:[12/11/2012 22:02:16.49][190.204.198.194][1219] SELECT pre_cod_asig1,pre_cod_asig2,pre_cod_asig3,pre_cod_asig4,pre_cod_asig5,pre_cod_asig6,pre_cod_asig7 FROM tblaca009 WHERE pensum='5' AND c_uni_ca='5' AND c_asigna='355721' [1][0] OK
C:[12/11/2012 22:02:16.49][190.204.198.194][1232] SELECT c_asigna FROM dace004 WHERE exp_e='09-20035142' AND c_asigna='355693' AND status IN ('0','3','B') [1][0] OK
C:[12/11/2012 22:02:16.49][190.204.198.194][1232] SELECT c_asigna FROM dace004 WHERE exp_e='09-20035142' AND c_asigna='355696' AND status IN ('0','3','B') [1][0] OK
C:[12/11/2012 22:02:16.49][190.204.198.194][1219] SELECT pre_cod_asig1,pre_cod_asig2,pre_cod_asig3,pre_cod_asig4,pre_cod_asig5,pre_cod_asig6,pre_cod_asig7 FROM tblaca009 WHERE pensum='5' AND c_uni_ca='5' AND c_asigna='355725' [1][0] OK
C:[12/11/2012 22:02:16.49][190.204.198.194][1232] SELECT c_asigna FROM dace004 WHERE exp_e='09-20035142' AND c_asigna='355693' AND status IN ('0','3','B') [1][0] OK
C:[12/11/2012 22:02:16.49][190.204.198.194][1232] SELECT c_asigna FROM dace004 WHERE exp_e='09-20035142' AND c_asigna='355692' AND status IN ('0','3','B') [1][0] OK
C:[12/11/2012 22:02:16.49][190.204.198.194][1219] SELECT pre_cod_asig1,pre_cod_asig2,pre_cod_asig3,pre_cod_asig4,pre_cod_asig5,pre_cod_asig6,pre_cod_asig7 FROM tblaca009 WHERE pensum='5' AND c_uni_ca='5' AND c_asigna='355835' [1][0] OK
C:[12/11/2012 22:02:16.49][190.204.198.194][1232] SELECT c_asigna FROM dace004 WHERE exp_e='09-20035142' AND c_asigna='355691' AND status IN ('0','3','B') [1][0] OK
C:[12/11/2012 22:02:16.49][190.204.198.194][1219] SELECT pre_cod_asig1,pre_cod_asig2,pre_cod_asig3,pre_cod_asig4,pre_cod_asig5,pre_cod_asig6,pre_cod_asig7 FROM tblaca009 WHERE pensum='5' AND c_uni_ca='5' AND c_asigna='355953' [1][0] OK
C:[12/11/2012 22:02:16.49][190.204.198.194][1232] SELECT c_asigna FROM dace004 WHERE exp_e='09-20035142' AND c_asigna='355691' AND status IN ('0','3','B') [1][0] OK
C:[12/11/2012 22:02:16.24][190.204.198.194][1263] SELECT par_cod_asig1,par_cod_asig2,par_cod_asig3 FROM tblaca009 WHERE pensum='5' AND c_uni_ca='5' AND c_asigna='300676' [1][0] OK
C:[12/11/2012 22:02:16.24][190.204.198.194][1263] SELECT par_cod_asig1,par_cod_asig2,par_cod_asig3 FROM tblaca009 WHERE pensum='5' AND c_uni_ca='5' AND c_asigna='355720' [1][0] OK
C:[12/11/2012 22:02:16.24][190.204.198.194][1263] SELECT par_cod_asig1,par_cod_asig2,par_cod_asig3 FROM tblaca009 WHERE pensum='5' AND c_uni_ca='5' AND c_asigna='355721' [1][0] OK
C:[12/11/2012 22:02:16.24][190.204.198.194][1263] SELECT par_cod_asig1,par_cod_asig2,par_cod_asig3 FROM tblaca009 WHERE pensum='5' AND c_uni_ca='5' AND c_asigna='355725' [1][0] OK
C:[12/11/2012 22:02:16.24][190.204.198.194][1263] SELECT par_cod_asig1,par_cod_asig2,par_cod_asig3 FROM tblaca009 WHERE pensum='5' AND c_uni_ca='5' AND c_asigna='355835' [1][0] OK
C:[12/11/2012 22:02:16.24][190.204.198.194][1263] SELECT par_cod_asig1,par_cod_asig2,par_cod_asig3 FROM tblaca009 WHERE pensum='5' AND c_uni_ca='5' AND c_asigna='355953' [1][0] OK
C:[12/11/2012 22:02:17.99][190.204.198.194][1334] SELECT c_asigna FROM tblaca009 WHERE pensum='5' AND c_uni_ca='5' AND ((par_cod_asig1='355724') OR (par_cod_asig2='355724') OR (par_cod_asig3='355724'))  [0][0] OK
C:[12/11/2012 22:04:25.22][190.37.166.32][1219] SELECT pre_cod_asig1,pre_cod_asig2,pre_cod_asig3,pre_cod_asig4,pre_cod_asig5,pre_cod_asig6,pre_cod_asig7 FROM tblaca009 WHERE pensum='5' AND c_uni_ca='5' AND c_asigna='355722' [1][0] OK
C:[12/11/2012 22:04:25.22][190.37.166.32][1232] SELECT c_asigna FROM dace004 WHERE exp_e='07-19858498' AND c_asigna='355691' AND status IN ('0','3','B') [1][0] OK
C:[12/11/2012 22:04:25.22][190.37.166.32][1232] SELECT c_asigna FROM dace004 WHERE exp_e='07-19858498' AND c_asigna='355595' AND status IN ('0','3','B') [1][0] OK
C:[12/11/2012 22:04:25.22][190.37.166.32][1219] SELECT pre_cod_asig1,pre_cod_asig2,pre_cod_asig3,pre_cod_asig4,pre_cod_asig5,pre_cod_asig6,pre_cod_asig7 FROM tblaca009 WHERE pensum='5' AND c_uni_ca='5' AND c_asigna='355723' [1][0] OK
C:[12/11/2012 22:04:25.22][190.37.166.32][1232] SELECT c_asigna FROM dace004 WHERE exp_e='07-19858498' AND c_asigna='355694' AND status IN ('0','3','B') [1][0] OK
C:[12/11/2012 22:04:25.22][190.37.166.32][1219] SELECT pre_cod_asig1,pre_cod_asig2,pre_cod_asig3,pre_cod_asig4,pre_cod_asig5,pre_cod_asig6,pre_cod_asig7 FROM tblaca009 WHERE pensum='5' AND c_uni_ca='5' AND c_asigna='355725' [1][0] OK
C:[12/11/2012 22:04:25.22][190.37.166.32][1232] SELECT c_asigna FROM dace004 WHERE exp_e='07-19858498' AND c_asigna='355693' AND status IN ('0','3','B') [1][0] OK
C:[12/11/2012 22:04:25.22][190.37.166.32][1232] SELECT c_asigna FROM dace004 WHERE exp_e='07-19858498' AND c_asigna='355692' AND status IN ('0','3','B') [1][0] OK
C:[12/11/2012 22:04:25.22][190.37.166.32][1219] SELECT pre_cod_asig1,pre_cod_asig2,pre_cod_asig3,pre_cod_asig4,pre_cod_asig5,pre_cod_asig6,pre_cod_asig7 FROM tblaca009 WHERE pensum='5' AND c_uni_ca='5' AND c_asigna='355874' [1][0] OK
C:[12/11/2012 22:04:25.22][190.37.166.32][1232] SELECT c_asigna FROM dace004 WHERE exp_e='07-19858498' AND c_asigna='355448' AND status IN ('0','3','B') [1][0] OK
C:[12/11/2012 22:04:26.47][190.37.166.32][1263] SELECT par_cod_asig1,par_cod_asig2,par_cod_asig3 FROM tblaca009 WHERE pensum='5' AND c_uni_ca='5' AND c_asigna='355722' [1][0] OK
C:[12/11/2012 22:04:26.47][190.37.166.32][1263] SELECT par_cod_asig1,par_cod_asig2,par_cod_asig3 FROM tblaca009 WHERE pensum='5' AND c_uni_ca='5' AND c_asigna='355723' [1][0] OK
C:[12/11/2012 22:04:26.47][190.37.166.32][1263] SELECT par_cod_asig1,par_cod_asig2,par_cod_asig3 FROM tblaca009 WHERE pensum='5' AND c_uni_ca='5' AND c_asigna='355725' [1][0] OK
C:[12/11/2012 22:04:26.47][190.37.166.32][1263] SELECT par_cod_asig1,par_cod_asig2,par_cod_asig3 FROM tblaca009 WHERE pensum='5' AND c_uni_ca='5' AND c_asigna='355874' [1][0] OK
C:[12/11/2012 22:04:26.97][190.37.166.32][1334] SELECT c_asigna FROM tblaca009 WHERE pensum='5' AND c_uni_ca='5' AND ((par_cod_asig1='355724') OR (par_cod_asig2='355724') OR (par_cod_asig3='355724'))  [0][0] OK
C:[12/11/2012 22:19:28.35][200.109.198.106][1219] SELECT pre_cod_asig1,pre_cod_asig2,pre_cod_asig3,pre_cod_asig4,pre_cod_asig5,pre_cod_asig6,pre_cod_asig7 FROM tblaca009 WHERE pensum='5' AND c_uni_ca='5' AND c_asigna='355691' [1][0] OK
C:[12/11/2012 22:19:28.35][200.109.198.106][1232] SELECT c_asigna FROM dace004 WHERE exp_e='08-18886775' AND c_asigna='355571' AND status IN ('0','3','B') [1][0] OK
C:[12/11/2012 22:19:28.35][200.109.198.106][1219] SELECT pre_cod_asig1,pre_cod_asig2,pre_cod_asig3,pre_cod_asig4,pre_cod_asig5,pre_cod_asig6,pre_cod_asig7 FROM tblaca009 WHERE pensum='5' AND c_uni_ca='5' AND c_asigna='355694' [1][0] OK
C:[12/11/2012 22:19:28.35][200.109.198.106][1232] SELECT c_asigna FROM dace004 WHERE exp_e='08-18886775' AND c_asigna='355572' AND status IN ('0','3','B') [1][0] OK
C:[12/11/2012 22:19:28.35][200.109.198.106][1232] SELECT c_asigna FROM dace004 WHERE exp_e='08-18886775' AND c_asigna='355571' AND status IN ('0','3','B') [1][0] OK
C:[12/11/2012 22:19:28.35][200.109.198.106][1219] SELECT pre_cod_asig1,pre_cod_asig2,pre_cod_asig3,pre_cod_asig4,pre_cod_asig5,pre_cod_asig6,pre_cod_asig7 FROM tblaca009 WHERE pensum='5' AND c_uni_ca='5' AND c_asigna='355696' [1][0] OK
C:[12/11/2012 22:19:28.35][200.109.198.106][1232] SELECT c_asigna FROM dace004 WHERE exp_e='08-18886775' AND c_asigna='355570' AND status IN ('0','3','B') [1][0] OK
C:[12/11/2012 22:19:28.35][200.109.198.106][1232] SELECT c_asigna FROM dace004 WHERE exp_e='08-18886775' AND c_asigna='355571' AND status IN ('0','3','B') [1][0] OK
C:[12/11/2012 22:19:28.35][200.109.198.106][1219] SELECT pre_cod_asig1,pre_cod_asig2,pre_cod_asig3,pre_cod_asig4,pre_cod_asig5,pre_cod_asig6,pre_cod_asig7 FROM tblaca009 WHERE pensum='5' AND c_uni_ca='5' AND c_asigna='355724' [1][0] OK
C:[12/11/2012 22:19:28.35][200.109.198.106][1232] SELECT c_asigna FROM dace004 WHERE exp_e='08-18886775' AND c_asigna='355692' AND status IN ('0','3','B') [1][0] OK
C:[12/11/2012 22:19:28.35][200.109.198.106][1219] SELECT pre_cod_asig1,pre_cod_asig2,pre_cod_asig3,pre_cod_asig4,pre_cod_asig5,pre_cod_asig6,pre_cod_asig7 FROM tblaca009 WHERE pensum='5' AND c_uni_ca='5' AND c_asigna='355725' [1][0] OK
C:[12/11/2012 22:19:28.35][200.109.198.106][1232] SELECT c_asigna FROM dace004 WHERE exp_e='08-18886775' AND c_asigna='355693' AND status IN ('0','3','B') [1][0] OK
C:[12/11/2012 22:19:28.35][200.109.198.106][1232] SELECT c_asigna FROM dace004 WHERE exp_e='08-18886775' AND c_asigna='355692' AND status IN ('0','3','B') [1][0] OK
C:[12/11/2012 22:19:28.10][200.109.198.106][1263] SELECT par_cod_asig1,par_cod_asig2,par_cod_asig3 FROM tblaca009 WHERE pensum='5' AND c_uni_ca='5' AND c_asigna='355691' [1][0] OK
C:[12/11/2012 22:19:28.10][200.109.198.106][1263] SELECT par_cod_asig1,par_cod_asig2,par_cod_asig3 FROM tblaca009 WHERE pensum='5' AND c_uni_ca='5' AND c_asigna='355694' [1][0] OK
C:[12/11/2012 22:19:28.10][200.109.198.106][1263] SELECT par_cod_asig1,par_cod_asig2,par_cod_asig3 FROM tblaca009 WHERE pensum='5' AND c_uni_ca='5' AND c_asigna='355696' [1][0] OK
C:[12/11/2012 22:19:28.10][200.109.198.106][1263] SELECT par_cod_asig1,par_cod_asig2,par_cod_asig3 FROM tblaca009 WHERE pensum='5' AND c_uni_ca='5' AND c_asigna='355724' [1][0] OK
C:[12/11/2012 22:19:28.10][200.109.198.106][1263] SELECT par_cod_asig1,par_cod_asig2,par_cod_asig3 FROM tblaca009 WHERE pensum='5' AND c_uni_ca='5' AND c_asigna='355725' [1][0] OK
C:[12/11/2012 22:30:05.69][200.90.127.99][1219] SELECT pre_cod_asig1,pre_cod_asig2,pre_cod_asig3,pre_cod_asig4,pre_cod_asig5,pre_cod_asig6,pre_cod_asig7 FROM tblaca009 WHERE pensum='5' AND c_uni_ca='5' AND c_asigna='300226' [1][0] OK
C:[12/11/2012 22:30:05.69][200.90.127.99][1232] SELECT c_asigna FROM dace004 WHERE exp_e='07-19748864' AND c_asigna='300116' AND status IN ('0','3','B') [1][0] OK
C:[12/11/2012 22:30:05.69][200.90.127.99][1219] SELECT pre_cod_asig1,pre_cod_asig2,pre_cod_asig3,pre_cod_asig4,pre_cod_asig5,pre_cod_asig6,pre_cod_asig7 FROM tblaca009 WHERE pensum='5' AND c_uni_ca='5' AND c_asigna='300422' [1][0] OK
C:[12/11/2012 22:30:05.69][200.90.127.99][1232] SELECT c_asigna FROM dace004 WHERE exp_e='07-19748864' AND c_asigna='300105' AND status IN ('0','3','B') [1][0] OK
C:[12/11/2012 22:30:05.69][200.90.127.99][1232] SELECT c_asigna FROM dace004 WHERE exp_e='07-19748864' AND c_asigna='300314' AND status IN ('0','3','B') [1][0] OK
C:[12/11/2012 22:30:05.69][200.90.127.99][1219] SELECT pre_cod_asig1,pre_cod_asig2,pre_cod_asig3,pre_cod_asig4,pre_cod_asig5,pre_cod_asig6,pre_cod_asig7 FROM tblaca009 WHERE pensum='5' AND c_uni_ca='5' AND c_asigna='300676' [1][0] OK
C:[12/11/2012 22:30:05.69][200.90.127.99][1219] SELECT pre_cod_asig1,pre_cod_asig2,pre_cod_asig3,pre_cod_asig4,pre_cod_asig5,pre_cod_asig6,pre_cod_asig7 FROM tblaca009 WHERE pensum='5' AND c_uni_ca='5' AND c_asigna='355595' [1][0] OK
C:[12/11/2012 22:30:05.69][200.90.127.99][1232] SELECT c_asigna FROM dace004 WHERE exp_e='07-19748864' AND c_asigna='351451' AND status IN ('0','3','B') [1][0] OK
C:[12/11/2012 22:30:05.69][200.90.127.99][1232] SELECT c_asigna FROM dace004 WHERE exp_e='07-19748864' AND c_asigna='355350' AND status IN ('0','3','B') [1][0] OK
C:[12/11/2012 22:30:05.69][200.90.127.99][1232] SELECT c_asigna FROM dace004 WHERE exp_e='07-19748864' AND c_asigna='300318' AND status IN ('0','3','B') [1][0] OK
C:[12/11/2012 22:30:05.69][200.90.127.99][1219] SELECT pre_cod_asig1,pre_cod_asig2,pre_cod_asig3,pre_cod_asig4,pre_cod_asig5,pre_cod_asig6,pre_cod_asig7 FROM tblaca009 WHERE pensum='5' AND c_uni_ca='5' AND c_asigna='355720' [1][0] OK
C:[12/11/2012 22:30:05.69][200.90.127.99][1232] SELECT c_asigna FROM dace004 WHERE exp_e='07-19748864' AND c_asigna='355692' AND status IN ('0','3','B') [1][0] OK
C:[12/11/2012 22:30:05.69][200.90.127.99][1232] SELECT c_asigna FROM dace004 WHERE exp_e='07-19748864' AND c_asigna='355696' AND status IN ('0','3','B') [1][0] OK
C:[12/11/2012 22:30:05.69][200.90.127.99][1219] SELECT pre_cod_asig1,pre_cod_asig2,pre_cod_asig3,pre_cod_asig4,pre_cod_asig5,pre_cod_asig6,pre_cod_asig7 FROM tblaca009 WHERE pensum='5' AND c_uni_ca='5' AND c_asigna='355723' [1][0] OK
C:[12/11/2012 22:30:05.69][200.90.127.99][1232] SELECT c_asigna FROM dace004 WHERE exp_e='07-19748864' AND c_asigna='355694' AND status IN ('0','3','B') [1][0] OK
C:[12/11/2012 22:30:05.57][200.90.127.99][1263] SELECT par_cod_asig1,par_cod_asig2,par_cod_asig3 FROM tblaca009 WHERE pensum='5' AND c_uni_ca='5' AND c_asigna='300226' [1][0] OK
C:[12/11/2012 22:30:05.57][200.90.127.99][1263] SELECT par_cod_asig1,par_cod_asig2,par_cod_asig3 FROM tblaca009 WHERE pensum='5' AND c_uni_ca='5' AND c_asigna='300422' [1][0] OK
C:[12/11/2012 22:30:05.57][200.90.127.99][1263] SELECT par_cod_asig1,par_cod_asig2,par_cod_asig3 FROM tblaca009 WHERE pensum='5' AND c_uni_ca='5' AND c_asigna='300676' [1][0] OK
C:[12/11/2012 22:30:05.57][200.90.127.99][1263] SELECT par_cod_asig1,par_cod_asig2,par_cod_asig3 FROM tblaca009 WHERE pensum='5' AND c_uni_ca='5' AND c_asigna='355595' [1][0] OK
C:[12/11/2012 22:30:05.57][200.90.127.99][1263] SELECT par_cod_asig1,par_cod_asig2,par_cod_asig3 FROM tblaca009 WHERE pensum='5' AND c_uni_ca='5' AND c_asigna='355720' [1][0] OK
C:[12/11/2012 22:30:05.57][200.90.127.99][1263] SELECT par_cod_asig1,par_cod_asig2,par_cod_asig3 FROM tblaca009 WHERE pensum='5' AND c_uni_ca='5' AND c_asigna='355723' [1][0] OK
C:[12/11/2012 22:30:06.33][200.90.127.99][1334] SELECT c_asigna FROM tblaca009 WHERE pensum='5' AND c_uni_ca='5' AND ((par_cod_asig1='355724') OR (par_cod_asig2='355724') OR (par_cod_asig3='355724'))  [0][0] OK
C:[12/11/2012 22:36:40.23][190.205.22.210][1219] SELECT pre_cod_asig1,pre_cod_asig2,pre_cod_asig3,pre_cod_asig4,pre_cod_asig5,pre_cod_asig6,pre_cod_asig7 FROM tblaca009 WHERE pensum='5' AND c_uni_ca='5' AND c_asigna='300676' [1][0] OK
C:[12/11/2012 22:36:40.23][190.205.22.210][1219] SELECT pre_cod_asig1,pre_cod_asig2,pre_cod_asig3,pre_cod_asig4,pre_cod_asig5,pre_cod_asig6,pre_cod_asig7 FROM tblaca009 WHERE pensum='5' AND c_uni_ca='5' AND c_asigna='355573' [1][0] OK
C:[12/11/2012 22:36:40.23][190.205.22.210][1232] SELECT c_asigna FROM dace004 WHERE exp_e='00-15632304' AND c_asigna='355448' AND status IN ('0','3','B') [1][0] OK
C:[12/11/2012 22:36:40.23][190.205.22.210][1219] SELECT pre_cod_asig1,pre_cod_asig2,pre_cod_asig3,pre_cod_asig4,pre_cod_asig5,pre_cod_asig6,pre_cod_asig7 FROM tblaca009 WHERE pensum='5' AND c_uni_ca='5' AND c_asigna='355595' [1][0] OK
C:[12/11/2012 22:36:40.23][190.205.22.210][1232] SELECT c_asigna FROM dace004 WHERE exp_e='00-15632304' AND c_asigna='351451' AND status IN ('0','3','B') [1][0] OK
C:[12/11/2012 22:36:40.23][190.205.22.210][1232] SELECT c_asigna FROM dace004 WHERE exp_e='00-15632304' AND c_asigna='355350' AND status IN ('0','3','B') [1][0] OK
C:[12/11/2012 22:36:40.23][190.205.22.210][1232] SELECT c_asigna FROM dace004 WHERE exp_e='00-15632304' AND c_asigna='300318' AND status IN ('0','3','B') [1][0] OK
C:[12/11/2012 22:36:40.23][190.205.22.210][1219] SELECT pre_cod_asig1,pre_cod_asig2,pre_cod_asig3,pre_cod_asig4,pre_cod_asig5,pre_cod_asig6,pre_cod_asig7 FROM tblaca009 WHERE pensum='5' AND c_uni_ca='5' AND c_asigna='355692' [1][0] OK
C:[12/11/2012 22:36:40.23][190.205.22.210][1232] SELECT c_asigna FROM dace004 WHERE exp_e='00-15632304' AND c_asigna='355448' AND status IN ('0','3','B') [1][0] OK
C:[12/11/2012 22:36:40.23][190.205.22.210][1232] SELECT c_asigna FROM dace004 WHERE exp_e='00-15632304' AND c_asigna='355570' AND status IN ('0','3','B') [1][0] OK
C:[12/11/2012 22:36:40.23][190.205.22.210][1219] SELECT pre_cod_asig1,pre_cod_asig2,pre_cod_asig3,pre_cod_asig4,pre_cod_asig5,pre_cod_asig6,pre_cod_asig7 FROM tblaca009 WHERE pensum='5' AND c_uni_ca='5' AND c_asigna='355951' [1][0] OK
C:[12/11/2012 22:36:40.23][190.205.22.210][1232] SELECT c_asigna FROM dace004 WHERE exp_e='00-15632304' AND c_asigna='355691' AND status IN ('0','3','B') [1][0] OK
C:[12/11/2012 22:36:40.74][190.205.22.210][1263] SELECT par_cod_asig1,par_cod_asig2,par_cod_asig3 FROM tblaca009 WHERE pensum='5' AND c_uni_ca='5' AND c_asigna='300676' [1][0] OK
C:[12/11/2012 22:36:40.74][190.205.22.210][1263] SELECT par_cod_asig1,par_cod_asig2,par_cod_asig3 FROM tblaca009 WHERE pensum='5' AND c_uni_ca='5' AND c_asigna='355573' [1][0] OK
C:[12/11/2012 22:36:40.74][190.205.22.210][1263] SELECT par_cod_asig1,par_cod_asig2,par_cod_asig3 FROM tblaca009 WHERE pensum='5' AND c_uni_ca='5' AND c_asigna='355595' [1][0] OK
C:[12/11/2012 22:36:40.74][190.205.22.210][1263] SELECT par_cod_asig1,par_cod_asig2,par_cod_asig3 FROM tblaca009 WHERE pensum='5' AND c_uni_ca='5' AND c_asigna='355692' [1][0] OK
C:[12/11/2012 22:36:40.74][190.205.22.210][1263] SELECT par_cod_asig1,par_cod_asig2,par_cod_asig3 FROM tblaca009 WHERE pensum='5' AND c_uni_ca='5' AND c_asigna='355951' [1][0] OK
C:[12/11/2012 22:36:40.36][190.205.22.210][1334] SELECT c_asigna FROM tblaca009 WHERE pensum='5' AND c_uni_ca='5' AND ((par_cod_asig1='355694') OR (par_cod_asig2='355694') OR (par_cod_asig3='355694'))  [0][0] OK
C:[12/11/2012 22:36:40.36][190.205.22.210][1334] SELECT c_asigna FROM tblaca009 WHERE pensum='5' AND c_uni_ca='5' AND ((par_cod_asig1='355835') OR (par_cod_asig2='355835') OR (par_cod_asig3='355835'))  [0][0] OK
C:[12/11/2012 22:41:03.24][190.205.22.210][1219] SELECT pre_cod_asig1,pre_cod_asig2,pre_cod_asig3,pre_cod_asig4,pre_cod_asig5,pre_cod_asig6,pre_cod_asig7 FROM tblaca009 WHERE pensum='5' AND c_uni_ca='5' AND c_asigna='355694' [1][0] OK
C:[12/11/2012 22:41:03.24][190.205.22.210][1232] SELECT c_asigna FROM dace004 WHERE exp_e='00-15632304' AND c_asigna='355572' AND status IN ('0','3','B') [1][0] OK
C:[12/11/2012 22:41:03.24][190.205.22.210][1232] SELECT c_asigna FROM dace004 WHERE exp_e='00-15632304' AND c_asigna='355571' AND status IN ('0','3','B') [1][0] OK
C:[12/11/2012 22:41:03.24][190.205.22.210][1219] SELECT pre_cod_asig1,pre_cod_asig2,pre_cod_asig3,pre_cod_asig4,pre_cod_asig5,pre_cod_asig6,pre_cod_asig7 FROM tblaca009 WHERE pensum='5' AND c_uni_ca='5' AND c_asigna='300676' [1][0] OK
C:[12/11/2012 22:41:03.24][190.205.22.210][1219] SELECT pre_cod_asig1,pre_cod_asig2,pre_cod_asig3,pre_cod_asig4,pre_cod_asig5,pre_cod_asig6,pre_cod_asig7 FROM tblaca009 WHERE pensum='5' AND c_uni_ca='5' AND c_asigna='355573' [1][0] OK
C:[12/11/2012 22:41:03.24][190.205.22.210][1232] SELECT c_asigna FROM dace004 WHERE exp_e='00-15632304' AND c_asigna='355448' AND status IN ('0','3','B') [1][0] OK
C:[12/11/2012 22:41:03.24][190.205.22.210][1219] SELECT pre_cod_asig1,pre_cod_asig2,pre_cod_asig3,pre_cod_asig4,pre_cod_asig5,pre_cod_asig6,pre_cod_asig7 FROM tblaca009 WHERE pensum='5' AND c_uni_ca='5' AND c_asigna='355595' [1][0] OK
C:[12/11/2012 22:41:03.24][190.205.22.210][1232] SELECT c_asigna FROM dace004 WHERE exp_e='00-15632304' AND c_asigna='351451' AND status IN ('0','3','B') [1][0] OK
C:[12/11/2012 22:41:03.24][190.205.22.210][1232] SELECT c_asigna FROM dace004 WHERE exp_e='00-15632304' AND c_asigna='355350' AND status IN ('0','3','B') [1][0] OK
C:[12/11/2012 22:41:03.24][190.205.22.210][1232] SELECT c_asigna FROM dace004 WHERE exp_e='00-15632304' AND c_asigna='300318' AND status IN ('0','3','B') [1][0] OK
C:[12/11/2012 22:41:03.24][190.205.22.210][1219] SELECT pre_cod_asig1,pre_cod_asig2,pre_cod_asig3,pre_cod_asig4,pre_cod_asig5,pre_cod_asig6,pre_cod_asig7 FROM tblaca009 WHERE pensum='5' AND c_uni_ca='5' AND c_asigna='355692' [1][0] OK
C:[12/11/2012 22:41:03.24][190.205.22.210][1232] SELECT c_asigna FROM dace004 WHERE exp_e='00-15632304' AND c_asigna='355448' AND status IN ('0','3','B') [1][0] OK
C:[12/11/2012 22:41:03.24][190.205.22.210][1232] SELECT c_asigna FROM dace004 WHERE exp_e='00-15632304' AND c_asigna='355570' AND status IN ('0','3','B') [1][0] OK
C:[12/11/2012 22:41:03.24][190.205.22.210][1219] SELECT pre_cod_asig1,pre_cod_asig2,pre_cod_asig3,pre_cod_asig4,pre_cod_asig5,pre_cod_asig6,pre_cod_asig7 FROM tblaca009 WHERE pensum='5' AND c_uni_ca='5' AND c_asigna='355835' [1][0] OK
C:[12/11/2012 22:41:03.24][190.205.22.210][1232] SELECT c_asigna FROM dace004 WHERE exp_e='00-15632304' AND c_asigna='355691' AND status IN ('0','3','B') [1][0] OK
C:[12/11/2012 22:41:03.24][190.205.22.210][1219] SELECT pre_cod_asig1,pre_cod_asig2,pre_cod_asig3,pre_cod_asig4,pre_cod_asig5,pre_cod_asig6,pre_cod_asig7 FROM tblaca009 WHERE pensum='5' AND c_uni_ca='5' AND c_asigna='355951' [1][0] OK
C:[12/11/2012 22:41:03.24][190.205.22.210][1232] SELECT c_asigna FROM dace004 WHERE exp_e='00-15632304' AND c_asigna='355691' AND status IN ('0','3','B') [1][0] OK
C:[12/11/2012 22:41:03.36][190.205.22.210][1263] SELECT par_cod_asig1,par_cod_asig2,par_cod_asig3 FROM tblaca009 WHERE pensum='5' AND c_uni_ca='5' AND c_asigna='355694' [1][0] OK
C:[12/11/2012 22:41:03.36][190.205.22.210][1263] SELECT par_cod_asig1,par_cod_asig2,par_cod_asig3 FROM tblaca009 WHERE pensum='5' AND c_uni_ca='5' AND c_asigna='300676' [1][0] OK
C:[12/11/2012 22:41:03.36][190.205.22.210][1263] SELECT par_cod_asig1,par_cod_asig2,par_cod_asig3 FROM tblaca009 WHERE pensum='5' AND c_uni_ca='5' AND c_asigna='355573' [1][0] OK
C:[12/11/2012 22:41:03.36][190.205.22.210][1263] SELECT par_cod_asig1,par_cod_asig2,par_cod_asig3 FROM tblaca009 WHERE pensum='5' AND c_uni_ca='5' AND c_asigna='355595' [1][0] OK
C:[12/11/2012 22:41:03.36][190.205.22.210][1263] SELECT par_cod_asig1,par_cod_asig2,par_cod_asig3 FROM tblaca009 WHERE pensum='5' AND c_uni_ca='5' AND c_asigna='355692' [1][0] OK
C:[12/11/2012 22:41:03.36][190.205.22.210][1263] SELECT par_cod_asig1,par_cod_asig2,par_cod_asig3 FROM tblaca009 WHERE pensum='5' AND c_uni_ca='5' AND c_asigna='355835' [1][0] OK
C:[12/11/2012 22:41:03.36][190.205.22.210][1263] SELECT par_cod_asig1,par_cod_asig2,par_cod_asig3 FROM tblaca009 WHERE pensum='5' AND c_uni_ca='5' AND c_asigna='355951' [1][0] OK
C:[12/11/2012 22:42:58.44][190.202.196.56][1219] SELECT pre_cod_asig1,pre_cod_asig2,pre_cod_asig3,pre_cod_asig4,pre_cod_asig5,pre_cod_asig6,pre_cod_asig7 FROM tblaca009 WHERE pensum='5' AND c_uni_ca='5' AND c_asigna='355720' [1][0] OK
C:[12/11/2012 22:42:58.44][190.202.196.56][1232] SELECT c_asigna FROM dace004 WHERE exp_e='07-20013276' AND c_asigna='355692' AND status IN ('0','3','B') [1][0] OK
C:[12/11/2012 22:42:58.44][190.202.196.56][1232] SELECT c_asigna FROM dace004 WHERE exp_e='07-20013276' AND c_asigna='355696' AND status IN ('0','3','B') [1][0] OK
C:[12/11/2012 22:42:58.44][190.202.196.56][1219] SELECT pre_cod_asig1,pre_cod_asig2,pre_cod_asig3,pre_cod_asig4,pre_cod_asig5,pre_cod_asig6,pre_cod_asig7 FROM tblaca009 WHERE pensum='5' AND c_uni_ca='5' AND c_asigna='355722' [1][0] OK
C:[12/11/2012 22:42:58.44][190.202.196.56][1232] SELECT c_asigna FROM dace004 WHERE exp_e='07-20013276' AND c_asigna='355691' AND status IN ('0','3','B') [1][0] OK
C:[12/11/2012 22:42:58.44][190.202.196.56][1232] SELECT c_asigna FROM dace004 WHERE exp_e='07-20013276' AND c_asigna='355595' AND status IN ('0','3','B') [1][0] OK
C:[12/11/2012 22:42:58.44][190.202.196.56][1219] SELECT pre_cod_asig1,pre_cod_asig2,pre_cod_asig3,pre_cod_asig4,pre_cod_asig5,pre_cod_asig6,pre_cod_asig7 FROM tblaca009 WHERE pensum='5' AND c_uni_ca='5' AND c_asigna='355723' [1][0] OK
C:[12/11/2012 22:42:58.44][190.202.196.56][1232] SELECT c_asigna FROM dace004 WHERE exp_e='07-20013276' AND c_asigna='355694' AND status IN ('0','3','B') [1][0] OK
C:[12/11/2012 22:42:58.44][190.202.196.56][1219] SELECT pre_cod_asig1,pre_cod_asig2,pre_cod_asig3,pre_cod_asig4,pre_cod_asig5,pre_cod_asig6,pre_cod_asig7 FROM tblaca009 WHERE pensum='5' AND c_uni_ca='5' AND c_asigna='355725' [1][0] OK
C:[12/11/2012 22:42:58.44][190.202.196.56][1232] SELECT c_asigna FROM dace004 WHERE exp_e='07-20013276' AND c_asigna='355693' AND status IN ('0','3','B') [1][0] OK
C:[12/11/2012 22:42:58.44][190.202.196.56][1232] SELECT c_asigna FROM dace004 WHERE exp_e='07-20013276' AND c_asigna='355692' AND status IN ('0','3','B') [1][0] OK
C:[12/11/2012 22:42:59.82][190.202.196.56][1263] SELECT par_cod_asig1,par_cod_asig2,par_cod_asig3 FROM tblaca009 WHERE pensum='5' AND c_uni_ca='5' AND c_asigna='355720' [1][0] OK
C:[12/11/2012 22:42:59.82][190.202.196.56][1263] SELECT par_cod_asig1,par_cod_asig2,par_cod_asig3 FROM tblaca009 WHERE pensum='5' AND c_uni_ca='5' AND c_asigna='355722' [1][0] OK
C:[12/11/2012 22:42:59.82][190.202.196.56][1263] SELECT par_cod_asig1,par_cod_asig2,par_cod_asig3 FROM tblaca009 WHERE pensum='5' AND c_uni_ca='5' AND c_asigna='355723' [1][0] OK
C:[12/11/2012 22:42:59.82][190.202.196.56][1263] SELECT par_cod_asig1,par_cod_asig2,par_cod_asig3 FROM tblaca009 WHERE pensum='5' AND c_uni_ca='5' AND c_asigna='355725' [1][0] OK
C:[12/11/2012 22:42:59.32][190.202.196.56][1334] SELECT c_asigna FROM tblaca009 WHERE pensum='5' AND c_uni_ca='5' AND ((par_cod_asig1='355724') OR (par_cod_asig2='355724') OR (par_cod_asig3='355724'))  [0][0] OK
C:[12/11/2012 22:45:28.34][190.202.196.56][1219] SELECT pre_cod_asig1,pre_cod_asig2,pre_cod_asig3,pre_cod_asig4,pre_cod_asig5,pre_cod_asig6,pre_cod_asig7 FROM tblaca009 WHERE pensum='5' AND c_uni_ca='5' AND c_asigna='355722' [1][0] OK
C:[12/11/2012 22:45:28.34][190.202.196.56][1232] SELECT c_asigna FROM dace004 WHERE exp_e='07-20013276' AND c_asigna='355691' AND status IN ('0','3','B') [1][0] OK
C:[12/11/2012 22:45:28.34][190.202.196.56][1232] SELECT c_asigna FROM dace004 WHERE exp_e='07-20013276' AND c_asigna='355595' AND status IN ('0','3','B') [1][0] OK
C:[12/11/2012 22:45:28.34][190.202.196.56][1219] SELECT pre_cod_asig1,pre_cod_asig2,pre_cod_asig3,pre_cod_asig4,pre_cod_asig5,pre_cod_asig6,pre_cod_asig7 FROM tblaca009 WHERE pensum='5' AND c_uni_ca='5' AND c_asigna='355723' [1][0] OK
C:[12/11/2012 22:45:28.34][190.202.196.56][1232] SELECT c_asigna FROM dace004 WHERE exp_e='07-20013276' AND c_asigna='355694' AND status IN ('0','3','B') [1][0] OK
C:[12/11/2012 22:45:28.34][190.202.196.56][1219] SELECT pre_cod_asig1,pre_cod_asig2,pre_cod_asig3,pre_cod_asig4,pre_cod_asig5,pre_cod_asig6,pre_cod_asig7 FROM tblaca009 WHERE pensum='5' AND c_uni_ca='5' AND c_asigna='355724' [1][0] OK
C:[12/11/2012 22:45:28.34][190.202.196.56][1232] SELECT c_asigna FROM dace004 WHERE exp_e='07-20013276' AND c_asigna='355692' AND status IN ('0','3','B') [1][0] OK
C:[12/11/2012 22:45:28.34][190.202.196.56][1219] SELECT pre_cod_asig1,pre_cod_asig2,pre_cod_asig3,pre_cod_asig4,pre_cod_asig5,pre_cod_asig6,pre_cod_asig7 FROM tblaca009 WHERE pensum='5' AND c_uni_ca='5' AND c_asigna='355725' [1][0] OK
C:[12/11/2012 22:45:28.34][190.202.196.56][1232] SELECT c_asigna FROM dace004 WHERE exp_e='07-20013276' AND c_asigna='355693' AND status IN ('0','3','B') [1][0] OK
C:[12/11/2012 22:45:28.34][190.202.196.56][1232] SELECT c_asigna FROM dace004 WHERE exp_e='07-20013276' AND c_asigna='355692' AND status IN ('0','3','B') [1][0] OK
C:[12/11/2012 22:45:28.60][190.202.196.56][1263] SELECT par_cod_asig1,par_cod_asig2,par_cod_asig3 FROM tblaca009 WHERE pensum='5' AND c_uni_ca='5' AND c_asigna='355722' [1][0] OK
C:[12/11/2012 22:45:28.60][190.202.196.56][1263] SELECT par_cod_asig1,par_cod_asig2,par_cod_asig3 FROM tblaca009 WHERE pensum='5' AND c_uni_ca='5' AND c_asigna='355723' [1][0] OK
C:[12/11/2012 22:45:28.60][190.202.196.56][1263] SELECT par_cod_asig1,par_cod_asig2,par_cod_asig3 FROM tblaca009 WHERE pensum='5' AND c_uni_ca='5' AND c_asigna='355724' [1][0] OK
C:[12/11/2012 22:45:28.60][190.202.196.56][1263] SELECT par_cod_asig1,par_cod_asig2,par_cod_asig3 FROM tblaca009 WHERE pensum='5' AND c_uni_ca='5' AND c_asigna='355725' [1][0] OK
C:[12/11/2012 22:45:28.10][190.202.196.56][1334] SELECT c_asigna FROM tblaca009 WHERE pensum='5' AND c_uni_ca='5' AND ((par_cod_asig1='355720') OR (par_cod_asig2='355720') OR (par_cod_asig3='355720'))  [0][0] OK
C:[12/11/2012 22:57:31.36][200.84.79.88][1219] SELECT pre_cod_asig1,pre_cod_asig2,pre_cod_asig3,pre_cod_asig4,pre_cod_asig5,pre_cod_asig6,pre_cod_asig7 FROM tblaca009 WHERE pensum='5' AND c_uni_ca='4' AND c_asigna='300428' [1][0] OK
C:[12/11/2012 22:57:31.36][200.84.79.88][1232] SELECT c_asigna FROM dace004 WHERE exp_e='10-24848204' AND c_asigna='300317' AND status IN ('0','3','B') [1][0] OK
C:[12/11/2012 22:57:31.36][200.84.79.88][1232] SELECT c_asigna FROM dace004 WHERE exp_e='10-24848204' AND c_asigna='300209' AND status IN ('0','3','B') [1][0] OK
C:[12/11/2012 22:57:31.36][200.84.79.88][1219] SELECT pre_cod_asig1,pre_cod_asig2,pre_cod_asig3,pre_cod_asig4,pre_cod_asig5,pre_cod_asig6,pre_cod_asig7 FROM tblaca009 WHERE pensum='5' AND c_uni_ca='4' AND c_asigna='330435' [1][0] OK
C:[12/11/2012 22:57:31.36][200.84.79.88][1232] SELECT c_asigna FROM dace004 WHERE exp_e='10-24848204' AND c_asigna='300318' AND status IN ('0','3','B') [1][0] OK
C:[12/11/2012 22:57:31.36][200.84.79.88][1219] SELECT pre_cod_asig1,pre_cod_asig2,pre_cod_asig3,pre_cod_asig4,pre_cod_asig5,pre_cod_asig6,pre_cod_asig7 FROM tblaca009 WHERE pensum='5' AND c_uni_ca='4' AND c_asigna='333440' [1][0] OK
C:[12/11/2012 22:57:31.36][200.84.79.88][1232] SELECT c_asigna FROM dace004 WHERE exp_e='10-24848204' AND c_asigna='300317' AND status IN ('0','3','B') [1][0] OK
C:[12/11/2012 22:57:31.36][200.84.79.88][1232] SELECT c_asigna FROM dace004 WHERE exp_e='10-24848204' AND c_asigna='330310' AND status IN ('0','3','B') [1][0] OK
C:[12/11/2012 22:57:31.36][200.84.79.88][1232] SELECT c_asigna FROM dace004 WHERE exp_e='10-24848204' AND c_asigna='300209' AND status IN ('0','3','B') [1][0] OK
C:[12/11/2012 22:57:31.36][200.84.79.88][1219] SELECT pre_cod_asig1,pre_cod_asig2,pre_cod_asig3,pre_cod_asig4,pre_cod_asig5,pre_cod_asig6,pre_cod_asig7 FROM tblaca009 WHERE pensum='5' AND c_uni_ca='4' AND c_asigna='333441' [1][0] OK
C:[12/11/2012 22:57:31.36][200.84.79.88][1232] SELECT c_asigna FROM dace004 WHERE exp_e='10-24848204' AND c_asigna='333326' AND status IN ('0','3','B') [1][0] OK
C:[12/11/2012 22:57:31.36][200.84.79.88][1232] SELECT c_asigna FROM dace004 WHERE exp_e='10-24848204' AND c_asigna='300317' AND status IN ('0','3','B') [1][0] OK
C:[12/11/2012 22:57:31.36][200.84.79.88][1232] SELECT c_asigna FROM dace004 WHERE exp_e='10-24848204' AND c_asigna='300209' AND status IN ('0','3','B') [1][0] OK
C:[12/11/2012 22:57:31.36][200.84.79.88][1219] SELECT pre_cod_asig1,pre_cod_asig2,pre_cod_asig3,pre_cod_asig4,pre_cod_asig5,pre_cod_asig6,pre_cod_asig7 FROM tblaca009 WHERE pensum='5' AND c_uni_ca='4' AND c_asigna='333442' [1][0] OK
C:[12/11/2012 22:57:31.36][200.84.79.88][1232] SELECT c_asigna FROM dace004 WHERE exp_e='10-24848204' AND c_asigna='330310' AND status IN ('0','3','B') [1][0] OK
C:[12/11/2012 22:57:31.36][200.84.79.88][1232] SELECT c_asigna FROM dace004 WHERE exp_e='10-24848204' AND c_asigna='333326' AND status IN ('0','3','B') [1][0] OK
C:[12/11/2012 22:57:31.36][200.84.79.88][1219] SELECT pre_cod_asig1,pre_cod_asig2,pre_cod_asig3,pre_cod_asig4,pre_cod_asig5,pre_cod_asig6,pre_cod_asig7 FROM tblaca009 WHERE pensum='5' AND c_uni_ca='4' AND c_asigna='333444' [1][0] OK
C:[12/11/2012 22:57:31.36][200.84.79.88][1232] SELECT c_asigna FROM dace004 WHERE exp_e='10-24848204' AND c_asigna='300317' AND status IN ('0','3','B') [1][0] OK
C:[12/11/2012 22:57:31.36][200.84.79.88][1232] SELECT c_asigna FROM dace004 WHERE exp_e='10-24848204' AND c_asigna='300313' AND status IN ('0','3','B') [1][0] OK
C:[12/11/2012 22:57:31.36][200.84.79.88][1232] SELECT c_asigna FROM dace004 WHERE exp_e='10-24848204' AND c_asigna='300209' AND status IN ('0','3','B') [1][0] OK
C:[12/11/2012 22:57:31.36][200.84.79.88][1232] SELECT c_asigna FROM dace004 WHERE exp_e='10-24848204' AND c_asigna='300222' AND status IN ('0','3','B') [1][0] OK
C:[12/11/2012 22:57:31.36][200.84.79.88][1232] SELECT c_asigna FROM dace004 WHERE exp_e='10-24848204' AND c_asigna='300226' AND status IN ('0','3','B') [1][0] OK
C:[12/11/2012 22:57:31.11][200.84.79.88][1263] SELECT par_cod_asig1,par_cod_asig2,par_cod_asig3 FROM tblaca009 WHERE pensum='5' AND c_uni_ca='4' AND c_asigna='300428' [1][0] OK
C:[12/11/2012 22:57:31.11][200.84.79.88][1263] SELECT par_cod_asig1,par_cod_asig2,par_cod_asig3 FROM tblaca009 WHERE pensum='5' AND c_uni_ca='4' AND c_asigna='330435' [1][0] OK
C:[12/11/2012 22:57:31.11][200.84.79.88][1263] SELECT par_cod_asig1,par_cod_asig2,par_cod_asig3 FROM tblaca009 WHERE pensum='5' AND c_uni_ca='4' AND c_asigna='333440' [1][0] OK
C:[12/11/2012 22:57:31.11][200.84.79.88][1277] SELECT c_asigna FROM dace004 WHERE exp_e='10-24848204' AND c_asigna='333441' AND status IN ('0','3','B','C') [0][0] OK
C:[12/11/2012 22:57:31.11][200.84.79.88][1263] SELECT par_cod_asig1,par_cod_asig2,par_cod_asig3 FROM tblaca009 WHERE pensum='5' AND c_uni_ca='4' AND c_asigna='333441' [1][0] OK
C:[12/11/2012 22:57:31.11][200.84.79.88][1263] SELECT par_cod_asig1,par_cod_asig2,par_cod_asig3 FROM tblaca009 WHERE pensum='5' AND c_uni_ca='4' AND c_asigna='333442' [1][0] OK
C:[12/11/2012 22:57:31.11][200.84.79.88][1263] SELECT par_cod_asig1,par_cod_asig2,par_cod_asig3 FROM tblaca009 WHERE pensum='5' AND c_uni_ca='4' AND c_asigna='333444' [1][0] OK
C:[12/11/2012 22:57:32.99][200.84.79.88][1334] SELECT c_asigna FROM tblaca009 WHERE pensum='5' AND c_uni_ca='4' AND ((par_cod_asig1='300422') OR (par_cod_asig2='300422') OR (par_cod_asig3='300422'))  [0][0] OK
C:[12/11/2012 23:00:11.54][200.90.127.99][1219] SELECT pre_cod_asig1,pre_cod_asig2,pre_cod_asig3,pre_cod_asig4,pre_cod_asig5,pre_cod_asig6,pre_cod_asig7 FROM tblaca009 WHERE pensum='5' AND c_uni_ca='5' AND c_asigna='355693' [1][0] OK
C:[12/11/2012 23:00:11.54][200.90.127.99][1232] SELECT c_asigna FROM dace004 WHERE exp_e='05-18452539' AND c_asigna='355572' AND status IN ('0','3','B') [1][0] OK
C:[12/11/2012 23:00:11.54][200.90.127.99][1232] SELECT c_asigna FROM dace004 WHERE exp_e='05-18452539' AND c_asigna='352440' AND status IN ('0','3','B') [1][0] OK
C:[12/11/2012 23:00:11.54][200.90.127.99][1232] SELECT c_asigna FROM dace004 WHERE exp_e='05-18452539' AND c_asigna='355573' AND status IN ('0','3','B') [1][0] OK
C:[12/11/2012 23:00:11.54][200.90.127.99][1232] SELECT c_asigna FROM dace004 WHERE exp_e='05-18452539' AND c_asigna='300226' AND status IN ('0','3','B') [1][0] OK
C:[12/11/2012 23:00:11.54][200.90.127.99][1232] SELECT c_asigna FROM dace004 WHERE exp_e='05-18452539' AND c_asigna='300222' AND status IN ('0','3','B') [1][0] OK
C:[12/11/2012 23:00:11.54][200.90.127.99][1232] SELECT c_asigna FROM dace004 WHERE exp_e='05-18452539' AND c_asigna='300013' AND status IN ('0','3','B') [1][0] OK
C:[12/11/2012 23:00:11.54][200.90.127.99][1232] SELECT c_asigna FROM dace004 WHERE exp_e='05-18452539' AND c_asigna='300113' AND status IN ('0','3','B') [1][0] OK
C:[12/11/2012 23:00:11.54][200.90.127.99][1219] SELECT pre_cod_asig1,pre_cod_asig2,pre_cod_asig3,pre_cod_asig4,pre_cod_asig5,pre_cod_asig6,pre_cod_asig7 FROM tblaca009 WHERE pensum='5' AND c_uni_ca='5' AND c_asigna='355720' [1][0] OK
C:[12/11/2012 23:00:11.54][200.90.127.99][1232] SELECT c_asigna FROM dace004 WHERE exp_e='05-18452539' AND c_asigna='355692' AND status IN ('0','3','B') [1][0] OK
C:[12/11/2012 23:00:11.54][200.90.127.99][1232] SELECT c_asigna FROM dace004 WHERE exp_e='05-18452539' AND c_asigna='355696' AND status IN ('0','3','B') [1][0] OK
C:[12/11/2012 23:00:11.54][200.90.127.99][1219] SELECT pre_cod_asig1,pre_cod_asig2,pre_cod_asig3,pre_cod_asig4,pre_cod_asig5,pre_cod_asig6,pre_cod_asig7 FROM tblaca009 WHERE pensum='5' AND c_uni_ca='5' AND c_asigna='355722' [1][0] OK
C:[12/11/2012 23:00:11.54][200.90.127.99][1232] SELECT c_asigna FROM dace004 WHERE exp_e='05-18452539' AND c_asigna='355691' AND status IN ('0','3','B') [1][0] OK
C:[12/11/2012 23:00:11.54][200.90.127.99][1232] SELECT c_asigna FROM dace004 WHERE exp_e='05-18452539' AND c_asigna='355595' AND status IN ('0','3','B') [1][0] OK
C:[12/11/2012 23:00:11.54][200.90.127.99][1219] SELECT pre_cod_asig1,pre_cod_asig2,pre_cod_asig3,pre_cod_asig4,pre_cod_asig5,pre_cod_asig6,pre_cod_asig7 FROM tblaca009 WHERE pensum='5' AND c_uni_ca='5' AND c_asigna='355724' [1][0] OK
C:[12/11/2012 23:00:11.54][200.90.127.99][1232] SELECT c_asigna FROM dace004 WHERE exp_e='05-18452539' AND c_asigna='355692' AND status IN ('0','3','B') [1][0] OK
C:[12/11/2012 23:00:11.54][200.90.127.99][1219] SELECT pre_cod_asig1,pre_cod_asig2,pre_cod_asig3,pre_cod_asig4,pre_cod_asig5,pre_cod_asig6,pre_cod_asig7 FROM tblaca009 WHERE pensum='5' AND c_uni_ca='5' AND c_asigna='355833' [1][0] OK
C:[12/11/2012 23:00:11.54][200.90.127.99][1232] SELECT c_asigna FROM dace004 WHERE exp_e='05-18452539' AND c_asigna='355694' AND status IN ('0','3','B') [1][0] OK
C:[12/11/2012 23:00:11.54][200.90.127.99][1219] SELECT pre_cod_asig1,pre_cod_asig2,pre_cod_asig3,pre_cod_asig4,pre_cod_asig5,pre_cod_asig6,pre_cod_asig7 FROM tblaca009 WHERE pensum='5' AND c_uni_ca='5' AND c_asigna='355834' [1][0] OK
C:[12/11/2012 23:00:11.54][200.90.127.99][1232] SELECT c_asigna FROM dace004 WHERE exp_e='05-18452539' AND c_asigna='355694' AND status IN ('0','3','B') [1][0] OK
C:[12/11/2012 23:00:12.04][200.90.127.99][1263] SELECT par_cod_asig1,par_cod_asig2,par_cod_asig3 FROM tblaca009 WHERE pensum='5' AND c_uni_ca='5' AND c_asigna='355693' [1][0] OK
C:[12/11/2012 23:00:12.04][200.90.127.99][1263] SELECT par_cod_asig1,par_cod_asig2,par_cod_asig3 FROM tblaca009 WHERE pensum='5' AND c_uni_ca='5' AND c_asigna='355720' [1][0] OK
C:[12/11/2012 23:00:12.04][200.90.127.99][1263] SELECT par_cod_asig1,par_cod_asig2,par_cod_asig3 FROM tblaca009 WHERE pensum='5' AND c_uni_ca='5' AND c_asigna='355722' [1][0] OK
C:[12/11/2012 23:00:12.04][200.90.127.99][1263] SELECT par_cod_asig1,par_cod_asig2,par_cod_asig3 FROM tblaca009 WHERE pensum='5' AND c_uni_ca='5' AND c_asigna='355724' [1][0] OK
C:[12/11/2012 23:00:12.04][200.90.127.99][1263] SELECT par_cod_asig1,par_cod_asig2,par_cod_asig3 FROM tblaca009 WHERE pensum='5' AND c_uni_ca='5' AND c_asigna='355833' [1][0] OK
C:[12/11/2012 23:00:12.04][200.90.127.99][1263] SELECT par_cod_asig1,par_cod_asig2,par_cod_asig3 FROM tblaca009 WHERE pensum='5' AND c_uni_ca='5' AND c_asigna='355834' [1][0] OK
C:[12/11/2012 23:00:12.79][200.90.127.99][1334] SELECT c_asigna FROM tblaca009 WHERE pensum='5' AND c_uni_ca='5' AND ((par_cod_asig1='355953') OR (par_cod_asig2='355953') OR (par_cod_asig3='355953'))  [0][0] OK
C:[13/11/2012 08:32:36.71][172.16.8.125][1219] SELECT pre_cod_asig1,pre_cod_asig2,pre_cod_asig3,pre_cod_asig4,pre_cod_asig5,pre_cod_asig6,pre_cod_asig7 FROM tblaca009 WHERE pensum='5' AND c_uni_ca='5' AND c_asigna='300222' [1][0] OK
C:[13/11/2012 08:32:36.71][172.16.8.125][1232] SELECT c_asigna FROM dace004 WHERE exp_e='09-20805689' AND c_asigna='300112' AND status IN ('0','3','B') [1][0] OK
C:[13/11/2012 08:32:36.71][172.16.8.125][1219] SELECT pre_cod_asig1,pre_cod_asig2,pre_cod_asig3,pre_cod_asig4,pre_cod_asig5,pre_cod_asig6,pre_cod_asig7 FROM tblaca009 WHERE pensum='5' AND c_uni_ca='5' AND c_asigna='352440' [1][0] OK
C:[13/11/2012 08:32:36.71][172.16.8.125][1232] SELECT c_asigna FROM dace004 WHERE exp_e='09-20805689' AND c_asigna='300317' AND status IN ('0','3','B') [1][0] OK
C:[13/11/2012 08:32:36.71][172.16.8.125][1232] SELECT c_asigna FROM dace004 WHERE exp_e='09-20805689' AND c_asigna='300013' AND status IN ('0','3','B') [1][0] OK
C:[13/11/2012 08:32:36.71][172.16.8.125][1232] SELECT c_asigna FROM dace004 WHERE exp_e='09-20805689' AND c_asigna='300113' AND status IN ('0','3','B') [1][0] OK
C:[13/11/2012 08:32:36.71][172.16.8.125][1219] SELECT pre_cod_asig1,pre_cod_asig2,pre_cod_asig3,pre_cod_asig4,pre_cod_asig5,pre_cod_asig6,pre_cod_asig7 FROM tblaca009 WHERE pensum='5' AND c_uni_ca='5' AND c_asigna='355572' [1][0] OK
C:[13/11/2012 08:32:36.71][172.16.8.125][1232] SELECT c_asigna FROM dace004 WHERE exp_e='09-20805689' AND c_asigna='300428' AND status IN ('0','3','B') [1][0] OK
C:[13/11/2012 08:32:36.71][172.16.8.125][1219] SELECT pre_cod_asig1,pre_cod_asig2,pre_cod_asig3,pre_cod_asig4,pre_cod_asig5,pre_cod_asig6,pre_cod_asig7 FROM tblaca009 WHERE pensum='5' AND c_uni_ca='5' AND c_asigna='355573' [1][0] OK
C:[13/11/2012 08:32:36.71][172.16.8.125][1232] SELECT c_asigna FROM dace004 WHERE exp_e='09-20805689' AND c_asigna='355448' AND status IN ('0','3','B') [1][0] OK
C:[13/11/2012 08:32:37.97][172.16.8.125][1263] SELECT par_cod_asig1,par_cod_asig2,par_cod_asig3 FROM tblaca009 WHERE pensum='5' AND c_uni_ca='5' AND c_asigna='300222' [1][0] OK
C:[13/11/2012 08:32:37.97][172.16.8.125][1263] SELECT par_cod_asig1,par_cod_asig2,par_cod_asig3 FROM tblaca009 WHERE pensum='5' AND c_uni_ca='5' AND c_asigna='352440' [1][0] OK
C:[13/11/2012 08:32:37.97][172.16.8.125][1263] SELECT par_cod_asig1,par_cod_asig2,par_cod_asig3 FROM tblaca009 WHERE pensum='5' AND c_uni_ca='5' AND c_asigna='355572' [1][0] OK
C:[13/11/2012 08:32:37.97][172.16.8.125][1263] SELECT par_cod_asig1,par_cod_asig2,par_cod_asig3 FROM tblaca009 WHERE pensum='5' AND c_uni_ca='5' AND c_asigna='355573' [1][0] OK
C:[13/11/2012 08:32:37.46][172.16.8.125][1334] SELECT c_asigna FROM tblaca009 WHERE pensum='5' AND c_uni_ca='5' AND ((par_cod_asig1='355570') OR (par_cod_asig2='355570') OR (par_cod_asig3='355570'))  [0][0] OK
C:[13/11/2012 08:43:17.06][190.37.175.6][1219] SELECT pre_cod_asig1,pre_cod_asig2,pre_cod_asig3,pre_cod_asig4,pre_cod_asig5,pre_cod_asig6,pre_cod_asig7 FROM tblaca009 WHERE pensum='5' AND c_uni_ca='6' AND c_asigna='342559' [1][0] OK
C:[13/11/2012 08:43:17.06][190.37.175.6][1232] SELECT c_asigna FROM dace004 WHERE exp_e='08-19622086' AND c_asigna='342436' AND status IN ('0','3','B') [1][0] OK
C:[13/11/2012 08:43:17.06][190.37.175.6][1219] SELECT pre_cod_asig1,pre_cod_asig2,pre_cod_asig3,pre_cod_asig4,pre_cod_asig5,pre_cod_asig6,pre_cod_asig7 FROM tblaca009 WHERE pensum='5' AND c_uni_ca='6' AND c_asigna='344565' [1][0] OK
C:[13/11/2012 08:43:17.06][190.37.175.6][1232] SELECT c_asigna FROM dace004 WHERE exp_e='08-19622086' AND c_asigna='344445' AND status IN ('0','3','B') [1][0] OK
C:[13/11/2012 08:43:17.06][190.37.175.6][1219] SELECT pre_cod_asig1,pre_cod_asig2,pre_cod_asig3,pre_cod_asig4,pre_cod_asig5,pre_cod_asig6,pre_cod_asig7 FROM tblaca009 WHERE pensum='5' AND c_uni_ca='6' AND c_asigna='344689' [1][0] OK
C:[13/11/2012 08:43:17.06][190.37.175.6][1232] SELECT c_asigna FROM dace004 WHERE exp_e='08-19622086' AND c_asigna='344566' AND status IN ('0','3','B') [1][0] OK
C:[13/11/2012 08:43:17.06][190.37.175.6][1232] SELECT c_asigna FROM dace004 WHERE exp_e='08-19622086' AND c_asigna='300313' AND status IN ('0','3','B') [0][0] OK
C:[13/11/2012 08:43:17.94][190.37.175.6][1263] SELECT par_cod_asig1,par_cod_asig2,par_cod_asig3 FROM tblaca009 WHERE pensum='5' AND c_uni_ca='6' AND c_asigna='342559' [1][0] OK
C:[13/11/2012 08:43:17.94][190.37.175.6][1263] SELECT par_cod_asig1,par_cod_asig2,par_cod_asig3 FROM tblaca009 WHERE pensum='5' AND c_uni_ca='6' AND c_asigna='344565' [1][0] OK
C:[13/11/2012 08:43:17.94][190.37.175.6][1263] SELECT par_cod_asig1,par_cod_asig2,par_cod_asig3 FROM tblaca009 WHERE pensum='5' AND c_uni_ca='6' AND c_asigna='344689' [1][0] OK
C:[13/11/2012 08:43:17.32][190.37.175.6][1334] SELECT c_asigna FROM tblaca009 WHERE pensum='5' AND c_uni_ca='6' AND ((par_cod_asig1='300422') OR (par_cod_asig2='300422') OR (par_cod_asig3='300422'))  [0][0] OK
C:[13/11/2012 08:45:06.88][190.37.175.6][1219] SELECT pre_cod_asig1,pre_cod_asig2,pre_cod_asig3,pre_cod_asig4,pre_cod_asig5,pre_cod_asig6,pre_cod_asig7 FROM tblaca009 WHERE pensum='5' AND c_uni_ca='6' AND c_asigna='342559' [1][0] OK
C:[13/11/2012 08:45:06.88][190.37.175.6][1232] SELECT c_asigna FROM dace004 WHERE exp_e='08-19622086' AND c_asigna='342436' AND status IN ('0','3','B') [1][0] OK
C:[13/11/2012 08:45:06.88][190.37.175.6][1219] SELECT pre_cod_asig1,pre_cod_asig2,pre_cod_asig3,pre_cod_asig4,pre_cod_asig5,pre_cod_asig6,pre_cod_asig7 FROM tblaca009 WHERE pensum='5' AND c_uni_ca='6' AND c_asigna='344565' [1][0] OK
C:[13/11/2012 08:45:06.88][190.37.175.6][1232] SELECT c_asigna FROM dace004 WHERE exp_e='08-19622086' AND c_asigna='344445' AND status IN ('0','3','B') [1][0] OK
C:[13/11/2012 08:45:06.88][190.37.175.6][1219] SELECT pre_cod_asig1,pre_cod_asig2,pre_cod_asig3,pre_cod_asig4,pre_cod_asig5,pre_cod_asig6,pre_cod_asig7 FROM tblaca009 WHERE pensum='5' AND c_uni_ca='6' AND c_asigna='344689' [1][0] OK
C:[13/11/2012 08:45:06.88][190.37.175.6][1232] SELECT c_asigna FROM dace004 WHERE exp_e='08-19622086' AND c_asigna='344566' AND status IN ('0','3','B') [1][0] OK
C:[13/11/2012 08:45:06.88][190.37.175.6][1232] SELECT c_asigna FROM dace004 WHERE exp_e='08-19622086' AND c_asigna='300313' AND status IN ('0','3','B') [0][0] OK
C:[13/11/2012 08:45:07.76][190.37.175.6][1263] SELECT par_cod_asig1,par_cod_asig2,par_cod_asig3 FROM tblaca009 WHERE pensum='5' AND c_uni_ca='6' AND c_asigna='342559' [1][0] OK
C:[13/11/2012 08:45:07.76][190.37.175.6][1263] SELECT par_cod_asig1,par_cod_asig2,par_cod_asig3 FROM tblaca009 WHERE pensum='5' AND c_uni_ca='6' AND c_asigna='344565' [1][0] OK
C:[13/11/2012 08:45:07.76][190.37.175.6][1263] SELECT par_cod_asig1,par_cod_asig2,par_cod_asig3 FROM tblaca009 WHERE pensum='5' AND c_uni_ca='6' AND c_asigna='344689' [1][0] OK
C:[13/11/2012 08:45:07.13][190.37.175.6][1334] SELECT c_asigna FROM tblaca009 WHERE pensum='5' AND c_uni_ca='6' AND ((par_cod_asig1='300422') OR (par_cod_asig2='300422') OR (par_cod_asig3='300422'))  [0][0] OK
C:[13/11/2012 08:53:20.77][172.16.9.3][1219] SELECT pre_cod_asig1,pre_cod_asig2,pre_cod_asig3,pre_cod_asig4,pre_cod_asig5,pre_cod_asig6,pre_cod_asig7 FROM tblaca009 WHERE pensum='5' AND c_uni_ca='3' AND c_asigna='310548' [1][0] OK
C:[13/11/2012 08:53:20.77][172.16.9.3][1232] SELECT c_asigna FROM dace004 WHERE exp_e='09-22031042' AND c_asigna='300428' AND status IN ('0','3','B') [1][0] OK
C:[13/11/2012 08:53:20.77][172.16.9.3][1232] SELECT c_asigna FROM dace004 WHERE exp_e='09-22031042' AND c_asigna='300313' AND status IN ('0','3','B') [1][0] OK
C:[13/11/2012 08:53:20.77][172.16.9.3][1232] SELECT c_asigna FROM dace004 WHERE exp_e='09-22031042' AND c_asigna='300222' AND status IN ('0','3','B') [1][0] OK
C:[13/11/2012 08:53:20.77][172.16.9.3][1232] SELECT c_asigna FROM dace004 WHERE exp_e='09-22031042' AND c_asigna='300226' AND status IN ('0','3','B') [1][0] OK
C:[13/11/2012 08:53:20.77][172.16.9.3][1232] SELECT c_asigna FROM dace004 WHERE exp_e='09-22031042' AND c_asigna='300209' AND status IN ('0','3','B') [1][0] OK
C:[13/11/2012 08:53:20.77][172.16.9.3][1219] SELECT pre_cod_asig1,pre_cod_asig2,pre_cod_asig3,pre_cod_asig4,pre_cod_asig5,pre_cod_asig6,pre_cod_asig7 FROM tblaca009 WHERE pensum='5' AND c_uni_ca='3' AND c_asigna='311430' [1][0] OK
C:[13/11/2012 08:53:20.77][172.16.9.3][1232] SELECT c_asigna FROM dace004 WHERE exp_e='09-22031042' AND c_asigna='300317' AND status IN ('0','3','B') [1][0] OK
C:[13/11/2012 08:53:20.77][172.16.9.3][1232] SELECT c_asigna FROM dace004 WHERE exp_e='09-22031042' AND c_asigna='300318' AND status IN ('0','3','B') [1][0] OK
C:[13/11/2012 08:53:20.77][172.16.9.3][1232] SELECT c_asigna FROM dace004 WHERE exp_e='09-22031042' AND c_asigna='300313' AND status IN ('0','3','B') [1][0] OK
C:[13/11/2012 08:53:20.77][172.16.9.3][1232] SELECT c_asigna FROM dace004 WHERE exp_e='09-22031042' AND c_asigna='300222' AND status IN ('0','3','B') [1][0] OK
C:[13/11/2012 08:53:20.77][172.16.9.3][1232] SELECT c_asigna FROM dace004 WHERE exp_e='09-22031042' AND c_asigna='300226' AND status IN ('0','3','B') [1][0] OK
C:[13/11/2012 08:53:20.77][172.16.9.3][1232] SELECT c_asigna FROM dace004 WHERE exp_e='09-22031042' AND c_asigna='300209' AND status IN ('0','3','B') [1][0] OK
C:[13/11/2012 08:53:20.77][172.16.9.3][1219] SELECT pre_cod_asig1,pre_cod_asig2,pre_cod_asig3,pre_cod_asig4,pre_cod_asig5,pre_cod_asig6,pre_cod_asig7 FROM tblaca009 WHERE pensum='5' AND c_uni_ca='3' AND c_asigna='311554' [1][0] OK
C:[13/11/2012 08:53:20.77][172.16.9.3][1232] SELECT c_asigna FROM dace004 WHERE exp_e='09-22031042' AND c_asigna='300318' AND status IN ('0','3','B') [1][0] OK
C:[13/11/2012 08:53:20.77][172.16.9.3][1232] SELECT c_asigna FROM dace004 WHERE exp_e='09-22031042' AND c_asigna='300428' AND status IN ('0','3','B') [1][0] OK
C:[13/11/2012 08:53:20.77][172.16.9.3][1219] SELECT pre_cod_asig1,pre_cod_asig2,pre_cod_asig3,pre_cod_asig4,pre_cod_asig5,pre_cod_asig6,pre_cod_asig7 FROM tblaca009 WHERE pensum='5' AND c_uni_ca='3' AND c_asigna='312444' [1][0] OK
C:[13/11/2012 08:53:20.77][172.16.9.3][1232] SELECT c_asigna FROM dace004 WHERE exp_e='09-22031042' AND c_asigna='312333' AND status IN ('0','3','B') [1][0] OK
C:[13/11/2012 08:53:20.77][172.16.9.3][1219] SELECT pre_cod_asig1,pre_cod_asig2,pre_cod_asig3,pre_cod_asig4,pre_cod_asig5,pre_cod_asig6,pre_cod_asig7 FROM tblaca009 WHERE pensum='5' AND c_uni_ca='3' AND c_asigna='314662' [1][0] OK
C:[13/11/2012 08:53:20.77][172.16.9.3][1232] SELECT c_asigna FROM dace004 WHERE exp_e='09-22031042' AND c_asigna='311552' AND status IN ('0','3','B') [1][0] OK
C:[13/11/2012 08:53:20.28][172.16.9.3][1263] SELECT par_cod_asig1,par_cod_asig2,par_cod_asig3 FROM tblaca009 WHERE pensum='5' AND c_uni_ca='3' AND c_asigna='310548' [1][0] OK
C:[13/11/2012 08:53:20.28][172.16.9.3][1263] SELECT par_cod_asig1,par_cod_asig2,par_cod_asig3 FROM tblaca009 WHERE pensum='5' AND c_uni_ca='3' AND c_asigna='311430' [1][0] OK
C:[13/11/2012 08:53:20.28][172.16.9.3][1263] SELECT par_cod_asig1,par_cod_asig2,par_cod_asig3 FROM tblaca009 WHERE pensum='5' AND c_uni_ca='3' AND c_asigna='311554' [1][0] OK
C:[13/11/2012 08:53:20.28][172.16.9.3][1263] SELECT par_cod_asig1,par_cod_asig2,par_cod_asig3 FROM tblaca009 WHERE pensum='5' AND c_uni_ca='3' AND c_asigna='312444' [1][0] OK
C:[13/11/2012 08:53:20.28][172.16.9.3][1263] SELECT par_cod_asig1,par_cod_asig2,par_cod_asig3 FROM tblaca009 WHERE pensum='5' AND c_uni_ca='3' AND c_asigna='314662' [1][0] OK
C:[13/11/2012 08:53:20.90][172.16.9.3][1334] SELECT c_asigna FROM tblaca009 WHERE pensum='5' AND c_uni_ca='3' AND ((par_cod_asig1='300422') OR (par_cod_asig2='300422') OR (par_cod_asig3='300422'))  [0][0] OK
C:[13/11/2012 08:56:23.71][172.16.8.247][1219] SELECT pre_cod_asig1,pre_cod_asig2,pre_cod_asig3,pre_cod_asig4,pre_cod_asig5,pre_cod_asig6,pre_cod_asig7 FROM tblaca009 WHERE pensum='5' AND c_uni_ca='6' AND c_asigna='342559' [1][0] OK
C:[13/11/2012 08:56:23.71][172.16.8.247][1232] SELECT c_asigna FROM dace004 WHERE exp_e='08-19622086' AND c_asigna='342436' AND status IN ('0','3','B') [1][0] OK
C:[13/11/2012 08:56:23.71][172.16.8.247][1219] SELECT pre_cod_asig1,pre_cod_asig2,pre_cod_asig3,pre_cod_asig4,pre_cod_asig5,pre_cod_asig6,pre_cod_asig7 FROM tblaca009 WHERE pensum='5' AND c_uni_ca='6' AND c_asigna='344565' [1][0] OK
C:[13/11/2012 08:56:23.71][172.16.8.247][1232] SELECT c_asigna FROM dace004 WHERE exp_e='08-19622086' AND c_asigna='344445' AND status IN ('0','3','B') [1][0] OK
C:[13/11/2012 08:56:23.71][172.16.8.247][1219] SELECT pre_cod_asig1,pre_cod_asig2,pre_cod_asig3,pre_cod_asig4,pre_cod_asig5,pre_cod_asig6,pre_cod_asig7 FROM tblaca009 WHERE pensum='5' AND c_uni_ca='6' AND c_asigna='344689' [1][0] OK
C:[13/11/2012 08:56:23.71][172.16.8.247][1232] SELECT c_asigna FROM dace004 WHERE exp_e='08-19622086' AND c_asigna='344566' AND status IN ('0','3','B') [1][0] OK
C:[13/11/2012 08:56:23.71][172.16.8.247][1232] SELECT c_asigna FROM dace004 WHERE exp_e='08-19622086' AND c_asigna='300313' AND status IN ('0','3','B') [0][0] OK
C:[13/11/2012 08:56:23.15][172.16.8.247][1263] SELECT par_cod_asig1,par_cod_asig2,par_cod_asig3 FROM tblaca009 WHERE pensum='5' AND c_uni_ca='6' AND c_asigna='342559' [1][0] OK
C:[13/11/2012 08:56:23.15][172.16.8.247][1263] SELECT par_cod_asig1,par_cod_asig2,par_cod_asig3 FROM tblaca009 WHERE pensum='5' AND c_uni_ca='6' AND c_asigna='344565' [1][0] OK
C:[13/11/2012 08:56:23.15][172.16.8.247][1263] SELECT par_cod_asig1,par_cod_asig2,par_cod_asig3 FROM tblaca009 WHERE pensum='5' AND c_uni_ca='6' AND c_asigna='344689' [1][0] OK
C:[13/11/2012 08:56:23.53][172.16.8.247][1334] SELECT c_asigna FROM tblaca009 WHERE pensum='5' AND c_uni_ca='6' AND ((par_cod_asig1='300422') OR (par_cod_asig2='300422') OR (par_cod_asig3='300422'))  [0][0] OK
C:[13/11/2012 09:00:33.52][172.16.8.125][1219] SELECT pre_cod_asig1,pre_cod_asig2,pre_cod_asig3,pre_cod_asig4,pre_cod_asig5,pre_cod_asig6,pre_cod_asig7 FROM tblaca009 WHERE pensum='5' AND c_uni_ca='5' AND c_asigna='355595' [1][0] OK
C:[13/11/2012 09:00:33.52][172.16.8.125][1232] SELECT c_asigna FROM dace004 WHERE exp_e='09-21248723' AND c_asigna='351451' AND status IN ('0','3','B') [1][0] OK
C:[13/11/2012 09:00:33.52][172.16.8.125][1232] SELECT c_asigna FROM dace004 WHERE exp_e='09-21248723' AND c_asigna='355350' AND status IN ('0','3','B') [1][0] OK
C:[13/11/2012 09:00:33.52][172.16.8.125][1232] SELECT c_asigna FROM dace004 WHERE exp_e='09-21248723' AND c_asigna='300318' AND status IN ('0','3','B') [1][0] OK
C:[13/11/2012 09:00:33.03][172.16.8.125][1263] SELECT par_cod_asig1,par_cod_asig2,par_cod_asig3 FROM tblaca009 WHERE pensum='5' AND c_uni_ca='5' AND c_asigna='355595' [1][0] OK
C:[13/11/2012 09:00:33.15][172.16.8.125][1334] SELECT c_asigna FROM tblaca009 WHERE pensum='5' AND c_uni_ca='5' AND ((par_cod_asig1='355570') OR (par_cod_asig2='355570') OR (par_cod_asig3='355570'))  [0][0] OK
C:[13/11/2012 09:00:33.15][172.16.8.125][1334] SELECT c_asigna FROM tblaca009 WHERE pensum='5' AND c_uni_ca='5' AND ((par_cod_asig1='355691') OR (par_cod_asig2='355691') OR (par_cod_asig3='355691'))  [0][0] OK
C:[13/11/2012 09:09:57.21][172.16.8.250][1219] SELECT pre_cod_asig1,pre_cod_asig2,pre_cod_asig3,pre_cod_asig4,pre_cod_asig5,pre_cod_asig6,pre_cod_asig7 FROM tblaca009 WHERE pensum='5' AND c_uni_ca='6' AND c_asigna='342559' [1][0] OK
C:[13/11/2012 09:09:57.21][172.16.8.250][1232] SELECT c_asigna FROM dace004 WHERE exp_e='08-19622086' AND c_asigna='342436' AND status IN ('0','3','B') [1][0] OK
C:[13/11/2012 09:09:57.21][172.16.8.250][1219] SELECT pre_cod_asig1,pre_cod_asig2,pre_cod_asig3,pre_cod_asig4,pre_cod_asig5,pre_cod_asig6,pre_cod_asig7 FROM tblaca009 WHERE pensum='5' AND c_uni_ca='6' AND c_asigna='344565' [1][0] OK
C:[13/11/2012 09:09:57.21][172.16.8.250][1232] SELECT c_asigna FROM dace004 WHERE exp_e='08-19622086' AND c_asigna='344445' AND status IN ('0','3','B') [1][0] OK
C:[13/11/2012 09:09:57.21][172.16.8.250][1219] SELECT pre_cod_asig1,pre_cod_asig2,pre_cod_asig3,pre_cod_asig4,pre_cod_asig5,pre_cod_asig6,pre_cod_asig7 FROM tblaca009 WHERE pensum='5' AND c_uni_ca='6' AND c_asigna='344689' [1][0] OK
C:[13/11/2012 09:09:57.21][172.16.8.250][1232] SELECT c_asigna FROM dace004 WHERE exp_e='08-19622086' AND c_asigna='344566' AND status IN ('0','3','B') [1][0] OK
C:[13/11/2012 09:09:57.21][172.16.8.250][1232] SELECT c_asigna FROM dace004 WHERE exp_e='08-19622086' AND c_asigna='300313' AND status IN ('0','3','B') [0][0] OK
C:[13/11/2012 09:09:57.10][172.16.8.250][1263] SELECT par_cod_asig1,par_cod_asig2,par_cod_asig3 FROM tblaca009 WHERE pensum='5' AND c_uni_ca='6' AND c_asigna='342559' [1][0] OK
C:[13/11/2012 09:09:57.10][172.16.8.250][1263] SELECT par_cod_asig1,par_cod_asig2,par_cod_asig3 FROM tblaca009 WHERE pensum='5' AND c_uni_ca='6' AND c_asigna='344565' [1][0] OK
C:[13/11/2012 09:09:57.10][172.16.8.250][1263] SELECT par_cod_asig1,par_cod_asig2,par_cod_asig3 FROM tblaca009 WHERE pensum='5' AND c_uni_ca='6' AND c_asigna='344689' [1][0] OK
C:[13/11/2012 09:09:57.03][172.16.8.250][1334] SELECT c_asigna FROM tblaca009 WHERE pensum='5' AND c_uni_ca='6' AND ((par_cod_asig1='300422') OR (par_cod_asig2='300422') OR (par_cod_asig3='300422'))  [0][0] OK
C:[13/11/2012 09:10:42.27][172.16.8.250][1219] SELECT pre_cod_asig1,pre_cod_asig2,pre_cod_asig3,pre_cod_asig4,pre_cod_asig5,pre_cod_asig6,pre_cod_asig7 FROM tblaca009 WHERE pensum='5' AND c_uni_ca='6' AND c_asigna='342559' [1][0] OK
C:[13/11/2012 09:10:42.27][172.16.8.250][1232] SELECT c_asigna FROM dace004 WHERE exp_e='08-19622086' AND c_asigna='342436' AND status IN ('0','3','B') [1][0] OK
C:[13/11/2012 09:10:42.27][172.16.8.250][1219] SELECT pre_cod_asig1,pre_cod_asig2,pre_cod_asig3,pre_cod_asig4,pre_cod_asig5,pre_cod_asig6,pre_cod_asig7 FROM tblaca009 WHERE pensum='5' AND c_uni_ca='6' AND c_asigna='344565' [1][0] OK
C:[13/11/2012 09:10:42.27][172.16.8.250][1232] SELECT c_asigna FROM dace004 WHERE exp_e='08-19622086' AND c_asigna='344445' AND status IN ('0','3','B') [1][0] OK
C:[13/11/2012 09:10:42.27][172.16.8.250][1219] SELECT pre_cod_asig1,pre_cod_asig2,pre_cod_asig3,pre_cod_asig4,pre_cod_asig5,pre_cod_asig6,pre_cod_asig7 FROM tblaca009 WHERE pensum='5' AND c_uni_ca='6' AND c_asigna='344689' [1][0] OK
C:[13/11/2012 09:10:42.27][172.16.8.250][1232] SELECT c_asigna FROM dace004 WHERE exp_e='08-19622086' AND c_asigna='344566' AND status IN ('0','3','B') [1][0] OK
C:[13/11/2012 09:10:42.27][172.16.8.250][1232] SELECT c_asigna FROM dace004 WHERE exp_e='08-19622086' AND c_asigna='300313' AND status IN ('0','3','B') [0][0] OK
C:[13/11/2012 09:10:42.14][172.16.8.250][1263] SELECT par_cod_asig1,par_cod_asig2,par_cod_asig3 FROM tblaca009 WHERE pensum='5' AND c_uni_ca='6' AND c_asigna='342559' [1][0] OK
C:[13/11/2012 09:10:42.14][172.16.8.250][1263] SELECT par_cod_asig1,par_cod_asig2,par_cod_asig3 FROM tblaca009 WHERE pensum='5' AND c_uni_ca='6' AND c_asigna='344565' [1][0] OK
C:[13/11/2012 09:10:42.14][172.16.8.250][1263] SELECT par_cod_asig1,par_cod_asig2,par_cod_asig3 FROM tblaca009 WHERE pensum='5' AND c_uni_ca='6' AND c_asigna='344689' [1][0] OK
C:[13/11/2012 09:10:43.51][172.16.8.250][1334] SELECT c_asigna FROM tblaca009 WHERE pensum='5' AND c_uni_ca='6' AND ((par_cod_asig1='300422') OR (par_cod_asig2='300422') OR (par_cod_asig3='300422'))  [0][0] OK
C:[13/11/2012 09:22:16.22][172.16.8.125][1219] SELECT pre_cod_asig1,pre_cod_asig2,pre_cod_asig3,pre_cod_asig4,pre_cod_asig5,pre_cod_asig6,pre_cod_asig7 FROM tblaca009 WHERE pensum='5' AND c_uni_ca='5' AND c_asigna='300870' [1][0] OK
C:[13/11/2012 09:22:16.22][172.16.8.125][1219] SELECT pre_cod_asig1,pre_cod_asig2,pre_cod_asig3,pre_cod_asig4,pre_cod_asig5,pre_cod_asig6,pre_cod_asig7 FROM tblaca009 WHERE pensum='5' AND c_uni_ca='5' AND c_asigna='354852' [1][0] OK
C:[13/11/2012 09:22:16.22][172.16.8.125][1219] SELECT pre_cod_asig1,pre_cod_asig2,pre_cod_asig3,pre_cod_asig4,pre_cod_asig5,pre_cod_asig6,pre_cod_asig7 FROM tblaca009 WHERE pensum='5' AND c_uni_ca='5' AND c_asigna='355573' [1][0] OK
C:[13/11/2012 09:22:16.22][172.16.8.125][1232] SELECT c_asigna FROM dace004 WHERE exp_e='07-20505743' AND c_asigna='355448' AND status IN ('0','3','B') [1][0] OK
C:[13/11/2012 09:22:16.72][172.16.8.125][1263] SELECT par_cod_asig1,par_cod_asig2,par_cod_asig3 FROM tblaca009 WHERE pensum='5' AND c_uni_ca='5' AND c_asigna='300870' [1][0] OK
C:[13/11/2012 09:22:16.72][172.16.8.125][1263] SELECT par_cod_asig1,par_cod_asig2,par_cod_asig3 FROM tblaca009 WHERE pensum='5' AND c_uni_ca='5' AND c_asigna='354852' [1][0] OK
C:[13/11/2012 09:22:16.72][172.16.8.125][1263] SELECT par_cod_asig1,par_cod_asig2,par_cod_asig3 FROM tblaca009 WHERE pensum='5' AND c_uni_ca='5' AND c_asigna='355573' [1][0] OK
C:[13/11/2012 09:22:16.10][172.16.8.125][1334] SELECT c_asigna FROM tblaca009 WHERE pensum='5' AND c_uni_ca='5' AND ((par_cod_asig1='300956') OR (par_cod_asig2='300956') OR (par_cod_asig3='300956'))  [1][0] OK
C:[13/11/2012 09:22:16.10][172.16.8.125][1346] SELECT c_asigna FROM dace004 WHERE exp_e='07-20505743' AND c_asigna='355959' AND status IN ('0','3','B') [0][0] OK
C:[13/11/2012 09:30:02.89][172.16.8.125][1219] SELECT pre_cod_asig1,pre_cod_asig2,pre_cod_asig3,pre_cod_asig4,pre_cod_asig5,pre_cod_asig6,pre_cod_asig7 FROM tblaca009 WHERE pensum='5' AND c_uni_ca='5' AND c_asigna='355959' [1][0] OK
C:[13/11/2012 09:30:02.89][172.16.8.125][1219] SELECT pre_cod_asig1,pre_cod_asig2,pre_cod_asig3,pre_cod_asig4,pre_cod_asig5,pre_cod_asig6,pre_cod_asig7 FROM tblaca009 WHERE pensum='5' AND c_uni_ca='5' AND c_asigna='300870' [1][0] OK
C:[13/11/2012 09:30:02.89][172.16.8.125][1219] SELECT pre_cod_asig1,pre_cod_asig2,pre_cod_asig3,pre_cod_asig4,pre_cod_asig5,pre_cod_asig6,pre_cod_asig7 FROM tblaca009 WHERE pensum='5' AND c_uni_ca='5' AND c_asigna='300956' [1][0] OK
C:[13/11/2012 09:30:02.89][172.16.8.125][1232] SELECT c_asigna FROM dace004 WHERE exp_e='07-20505743' AND c_asigna='300422' AND status IN ('0','3','B') [1][0] OK
C:[13/11/2012 09:30:02.89][172.16.8.125][1232] SELECT c_asigna FROM dace004 WHERE exp_e='07-20505743' AND c_asigna='300105' AND status IN ('0','3','B') [1][0] OK
C:[13/11/2012 09:30:02.89][172.16.8.125][1232] SELECT c_asigna FROM dace004 WHERE exp_e='07-20505743' AND c_asigna='300314' AND status IN ('0','3','B') [1][0] OK
C:[13/11/2012 09:30:02.89][172.16.8.125][1219] SELECT pre_cod_asig1,pre_cod_asig2,pre_cod_asig3,pre_cod_asig4,pre_cod_asig5,pre_cod_asig6,pre_cod_asig7 FROM tblaca009 WHERE pensum='5' AND c_uni_ca='5' AND c_asigna='354852' [1][0] OK
C:[13/11/2012 09:30:02.89][172.16.8.125][1219] SELECT pre_cod_asig1,pre_cod_asig2,pre_cod_asig3,pre_cod_asig4,pre_cod_asig5,pre_cod_asig6,pre_cod_asig7 FROM tblaca009 WHERE pensum='5' AND c_uni_ca='5' AND c_asigna='355573' [1][0] OK
C:[13/11/2012 09:30:02.89][172.16.8.125][1232] SELECT c_asigna FROM dace004 WHERE exp_e='07-20505743' AND c_asigna='355448' AND status IN ('0','3','B') [1][0] OK
C:[13/11/2012 09:30:03.01][172.16.8.125][1263] SELECT par_cod_asig1,par_cod_asig2,par_cod_asig3 FROM tblaca009 WHERE pensum='5' AND c_uni_ca='5' AND c_asigna='355959' [1][0] OK
C:[13/11/2012 09:30:03.01][172.16.8.125][1277] SELECT c_asigna FROM dace004 WHERE exp_e='07-20505743' AND c_asigna='300956' AND status IN ('0','3','B','C') [0][0] OK
C:[13/11/2012 09:30:03.01][172.16.8.125][1263] SELECT par_cod_asig1,par_cod_asig2,par_cod_asig3 FROM tblaca009 WHERE pensum='5' AND c_uni_ca='5' AND c_asigna='300870' [1][0] OK
C:[13/11/2012 09:30:03.01][172.16.8.125][1263] SELECT par_cod_asig1,par_cod_asig2,par_cod_asig3 FROM tblaca009 WHERE pensum='5' AND c_uni_ca='5' AND c_asigna='300956' [1][0] OK
C:[13/11/2012 09:30:03.01][172.16.8.125][1263] SELECT par_cod_asig1,par_cod_asig2,par_cod_asig3 FROM tblaca009 WHERE pensum='5' AND c_uni_ca='5' AND c_asigna='354852' [1][0] OK
C:[13/11/2012 09:30:03.01][172.16.8.125][1263] SELECT par_cod_asig1,par_cod_asig2,par_cod_asig3 FROM tblaca009 WHERE pensum='5' AND c_uni_ca='5' AND c_asigna='355573' [1][0] OK
C:[13/11/2012 09:31:06.65][172.16.8.250][1219] SELECT pre_cod_asig1,pre_cod_asig2,pre_cod_asig3,pre_cod_asig4,pre_cod_asig5,pre_cod_asig6,pre_cod_asig7 FROM tblaca009 WHERE pensum='5' AND c_uni_ca='6' AND c_asigna='342559' [1][0] OK
C:[13/11/2012 09:31:06.65][172.16.8.250][1232] SELECT c_asigna FROM dace004 WHERE exp_e='08-19622086' AND c_asigna='342436' AND status IN ('0','3','B') [1][0] OK
C:[13/11/2012 09:31:06.65][172.16.8.250][1219] SELECT pre_cod_asig1,pre_cod_asig2,pre_cod_asig3,pre_cod_asig4,pre_cod_asig5,pre_cod_asig6,pre_cod_asig7 FROM tblaca009 WHERE pensum='5' AND c_uni_ca='6' AND c_asigna='344565' [1][0] OK
C:[13/11/2012 09:31:06.65][172.16.8.250][1232] SELECT c_asigna FROM dace004 WHERE exp_e='08-19622086' AND c_asigna='344445' AND status IN ('0','3','B') [1][0] OK
C:[13/11/2012 09:31:06.65][172.16.8.250][1219] SELECT pre_cod_asig1,pre_cod_asig2,pre_cod_asig3,pre_cod_asig4,pre_cod_asig5,pre_cod_asig6,pre_cod_asig7 FROM tblaca009 WHERE pensum='5' AND c_uni_ca='6' AND c_asigna='344689' [1][0] OK
C:[13/11/2012 09:31:06.65][172.16.8.250][1232] SELECT c_asigna FROM dace004 WHERE exp_e='08-19622086' AND c_asigna='344566' AND status IN ('0','3','B') [1][0] OK
C:[13/11/2012 09:31:06.65][172.16.8.250][1232] SELECT c_asigna FROM dace004 WHERE exp_e='08-19622086' AND c_asigna='300313' AND status IN ('0','3','B') [0][0] OK
C:[13/11/2012 09:31:06.53][172.16.8.250][1263] SELECT par_cod_asig1,par_cod_asig2,par_cod_asig3 FROM tblaca009 WHERE pensum='5' AND c_uni_ca='6' AND c_asigna='342559' [1][0] OK
C:[13/11/2012 09:31:06.53][172.16.8.250][1263] SELECT par_cod_asig1,par_cod_asig2,par_cod_asig3 FROM tblaca009 WHERE pensum='5' AND c_uni_ca='6' AND c_asigna='344565' [1][0] OK
C:[13/11/2012 09:31:06.53][172.16.8.250][1263] SELECT par_cod_asig1,par_cod_asig2,par_cod_asig3 FROM tblaca009 WHERE pensum='5' AND c_uni_ca='6' AND c_asigna='344689' [1][0] OK
C:[13/11/2012 09:31:06.91][172.16.8.250][1334] SELECT c_asigna FROM tblaca009 WHERE pensum='5' AND c_uni_ca='6' AND ((par_cod_asig1='300422') OR (par_cod_asig2='300422') OR (par_cod_asig3='300422'))  [0][0] OK
C:[13/11/2012 09:32:32.82][172.16.8.250][1219] SELECT pre_cod_asig1,pre_cod_asig2,pre_cod_asig3,pre_cod_asig4,pre_cod_asig5,pre_cod_asig6,pre_cod_asig7 FROM tblaca009 WHERE pensum='5' AND c_uni_ca='6' AND c_asigna='342559' [1][0] OK
C:[13/11/2012 09:32:32.82][172.16.8.250][1232] SELECT c_asigna FROM dace004 WHERE exp_e='08-19622086' AND c_asigna='342436' AND status IN ('0','3','B') [1][0] OK
C:[13/11/2012 09:32:32.82][172.16.8.250][1219] SELECT pre_cod_asig1,pre_cod_asig2,pre_cod_asig3,pre_cod_asig4,pre_cod_asig5,pre_cod_asig6,pre_cod_asig7 FROM tblaca009 WHERE pensum='5' AND c_uni_ca='6' AND c_asigna='344565' [1][0] OK
C:[13/11/2012 09:32:32.82][172.16.8.250][1232] SELECT c_asigna FROM dace004 WHERE exp_e='08-19622086' AND c_asigna='344445' AND status IN ('0','3','B') [1][0] OK
C:[13/11/2012 09:32:32.82][172.16.8.250][1219] SELECT pre_cod_asig1,pre_cod_asig2,pre_cod_asig3,pre_cod_asig4,pre_cod_asig5,pre_cod_asig6,pre_cod_asig7 FROM tblaca009 WHERE pensum='5' AND c_uni_ca='6' AND c_asigna='344689' [1][0] OK
C:[13/11/2012 09:32:32.82][172.16.8.250][1232] SELECT c_asigna FROM dace004 WHERE exp_e='08-19622086' AND c_asigna='344566' AND status IN ('0','3','B') [1][0] OK
C:[13/11/2012 09:32:32.82][172.16.8.250][1232] SELECT c_asigna FROM dace004 WHERE exp_e='08-19622086' AND c_asigna='300313' AND status IN ('0','3','B') [0][0] OK
C:[13/11/2012 09:32:32.70][172.16.8.250][1263] SELECT par_cod_asig1,par_cod_asig2,par_cod_asig3 FROM tblaca009 WHERE pensum='5' AND c_uni_ca='6' AND c_asigna='342559' [1][0] OK
C:[13/11/2012 09:32:32.70][172.16.8.250][1263] SELECT par_cod_asig1,par_cod_asig2,par_cod_asig3 FROM tblaca009 WHERE pensum='5' AND c_uni_ca='6' AND c_asigna='344565' [1][0] OK
C:[13/11/2012 09:32:32.70][172.16.8.250][1263] SELECT par_cod_asig1,par_cod_asig2,par_cod_asig3 FROM tblaca009 WHERE pensum='5' AND c_uni_ca='6' AND c_asigna='344689' [1][0] OK
C:[13/11/2012 09:32:32.07][172.16.8.250][1334] SELECT c_asigna FROM tblaca009 WHERE pensum='5' AND c_uni_ca='6' AND ((par_cod_asig1='300422') OR (par_cod_asig2='300422') OR (par_cod_asig3='300422'))  [0][0] OK
C:[13/11/2012 09:52:23.55][172.16.8.247][1219] SELECT pre_cod_asig1,pre_cod_asig2,pre_cod_asig3,pre_cod_asig4,pre_cod_asig5,pre_cod_asig6,pre_cod_asig7 FROM tblaca009 WHERE pensum='5' AND c_uni_ca='2' AND c_asigna='300207' [1][0] OK
C:[13/11/2012 09:52:23.55][172.16.8.247][1232] SELECT c_asigna FROM dace004 WHERE exp_e='10-22588533' AND c_asigna='300101' AND status IN ('0','3','B') [1][0] OK
C:[13/11/2012 09:52:23.55][172.16.8.247][1219] SELECT pre_cod_asig1,pre_cod_asig2,pre_cod_asig3,pre_cod_asig4,pre_cod_asig5,pre_cod_asig6,pre_cod_asig7 FROM tblaca009 WHERE pensum='5' AND c_uni_ca='2' AND c_asigna='300013' [1][0] OK
C:[13/11/2012 09:52:23.55][172.16.8.247][1219] SELECT pre_cod_asig1,pre_cod_asig2,pre_cod_asig3,pre_cod_asig4,pre_cod_asig5,pre_cod_asig6,pre_cod_asig7 FROM tblaca009 WHERE pensum='5' AND c_uni_ca='2' AND c_asigna='300213' [1][0] OK
C:[13/11/2012 09:52:23.55][172.16.8.247][1232] SELECT c_asigna FROM dace004 WHERE exp_e='10-22588533' AND c_asigna='300101' AND status IN ('0','3','B') [1][0] OK
C:[13/11/2012 09:52:23.55][172.16.8.247][1219] SELECT pre_cod_asig1,pre_cod_asig2,pre_cod_asig3,pre_cod_asig4,pre_cod_asig5,pre_cod_asig6,pre_cod_asig7 FROM tblaca009 WHERE pensum='5' AND c_uni_ca='2' AND c_asigna='300218' [1][0] OK
C:[13/11/2012 09:52:23.55][172.16.8.247][1219] SELECT pre_cod_asig1,pre_cod_asig2,pre_cod_asig3,pre_cod_asig4,pre_cod_asig5,pre_cod_asig6,pre_cod_asig7 FROM tblaca009 WHERE pensum='5' AND c_uni_ca='2' AND c_asigna='300228' [1][0] OK
C:[13/11/2012 09:52:23.55][172.16.8.247][1232] SELECT c_asigna FROM dace004 WHERE exp_e='10-22588533' AND c_asigna='300101' AND status IN ('0','3','B') [1][0] OK
C:[13/11/2012 09:52:23.55][172.16.8.247][1219] SELECT pre_cod_asig1,pre_cod_asig2,pre_cod_asig3,pre_cod_asig4,pre_cod_asig5,pre_cod_asig6,pre_cod_asig7 FROM tblaca009 WHERE pensum='5' AND c_uni_ca='2' AND c_asigna='300314' [1][0] OK
C:[13/11/2012 09:52:23.55][172.16.8.247][1232] SELECT c_asigna FROM dace004 WHERE exp_e='10-22588533' AND c_asigna='300106' AND status IN ('0','3','B') [1][0] OK
C:[13/11/2012 09:52:23.37][172.16.8.247][1263] SELECT par_cod_asig1,par_cod_asig2,par_cod_asig3 FROM tblaca009 WHERE pensum='5' AND c_uni_ca='2' AND c_asigna='300207' [1][0] OK
C:[13/11/2012 09:52:23.37][172.16.8.247][1263] SELECT par_cod_asig1,par_cod_asig2,par_cod_asig3 FROM tblaca009 WHERE pensum='5' AND c_uni_ca='2' AND c_asigna='300013' [1][0] OK
C:[13/11/2012 09:52:23.37][172.16.8.247][1263] SELECT par_cod_asig1,par_cod_asig2,par_cod_asig3 FROM tblaca009 WHERE pensum='5' AND c_uni_ca='2' AND c_asigna='300213' [1][0] OK
C:[13/11/2012 09:52:23.37][172.16.8.247][1277] SELECT c_asigna FROM dace004 WHERE exp_e='10-22588533' AND c_asigna='300209' AND status IN ('0','3','B','C') [1][0] OK
C:[13/11/2012 09:52:23.37][172.16.8.247][1263] SELECT par_cod_asig1,par_cod_asig2,par_cod_asig3 FROM tblaca009 WHERE pensum='5' AND c_uni_ca='2' AND c_asigna='300218' [1][0] OK
C:[13/11/2012 09:52:23.37][172.16.8.247][1277] SELECT c_asigna FROM dace004 WHERE exp_e='10-22588533' AND c_asigna='300228' AND status IN ('0','3','B','C') [0][0] OK
C:[13/11/2012 09:52:23.37][172.16.8.247][1263] SELECT par_cod_asig1,par_cod_asig2,par_cod_asig3 FROM tblaca009 WHERE pensum='5' AND c_uni_ca='2' AND c_asigna='300228' [1][0] OK
C:[13/11/2012 09:52:23.37][172.16.8.247][1263] SELECT par_cod_asig1,par_cod_asig2,par_cod_asig3 FROM tblaca009 WHERE pensum='5' AND c_uni_ca='2' AND c_asigna='300314' [1][0] OK
C:[13/11/2012 10:08:55.62][172.16.9.4][1219] SELECT pre_cod_asig1,pre_cod_asig2,pre_cod_asig3,pre_cod_asig4,pre_cod_asig5,pre_cod_asig6,pre_cod_asig7 FROM tblaca009 WHERE pensum='5' AND c_uni_ca='3' AND c_asigna='300207' [1][0] OK
C:[13/11/2012 10:08:55.62][172.16.9.4][1232] SELECT c_asigna FROM dace004 WHERE exp_e='10-24179605' AND c_asigna='300101' AND status IN ('0','3','B') [1][0] OK
C:[13/11/2012 10:08:55.62][172.16.9.4][1219] SELECT pre_cod_asig1,pre_cod_asig2,pre_cod_asig3,pre_cod_asig4,pre_cod_asig5,pre_cod_asig6,pre_cod_asig7 FROM tblaca009 WHERE pensum='5' AND c_uni_ca='3' AND c_asigna='300209' [1][0] OK
C:[13/11/2012 10:08:55.62][172.16.9.4][1232] SELECT c_asigna FROM dace004 WHERE exp_e='10-24179605' AND c_asigna='300101' AND status IN ('0','3','B') [1][0] OK
C:[13/11/2012 10:08:55.62][172.16.9.4][1219] SELECT pre_cod_asig1,pre_cod_asig2,pre_cod_asig3,pre_cod_asig4,pre_cod_asig5,pre_cod_asig6,pre_cod_asig7 FROM tblaca009 WHERE pensum='5' AND c_uni_ca='3' AND c_asigna='300226' [1][0] OK
C:[13/11/2012 10:08:55.62][172.16.9.4][1232] SELECT c_asigna FROM dace004 WHERE exp_e='10-24179605' AND c_asigna='300116' AND status IN ('0','3','B') [1][0] OK
C:[13/11/2012 10:08:55.37][172.16.9.4][1263] SELECT par_cod_asig1,par_cod_asig2,par_cod_asig3 FROM tblaca009 WHERE pensum='5' AND c_uni_ca='3' AND c_asigna='300207' [1][0] OK
C:[13/11/2012 10:08:55.37][172.16.9.4][1263] SELECT par_cod_asig1,par_cod_asig2,par_cod_asig3 FROM tblaca009 WHERE pensum='5' AND c_uni_ca='3' AND c_asigna='300209' [1][0] OK
C:[13/11/2012 10:08:55.37][172.16.9.4][1263] SELECT par_cod_asig1,par_cod_asig2,par_cod_asig3 FROM tblaca009 WHERE pensum='5' AND c_uni_ca='3' AND c_asigna='300226' [1][0] OK
C:[13/11/2012 10:29:21.99][190.37.253.78][1219] SELECT pre_cod_asig1,pre_cod_asig2,pre_cod_asig3,pre_cod_asig4,pre_cod_asig5,pre_cod_asig6,pre_cod_asig7 FROM tblaca009 WHERE pensum='5' AND c_uni_ca='3' AND c_asigna='300116' [1][0] OK
C:[13/11/2012 10:29:21.12][190.37.253.78][1263] SELECT par_cod_asig1,par_cod_asig2,par_cod_asig3 FROM tblaca009 WHERE pensum='5' AND c_uni_ca='3' AND c_asigna='300116' [1][0] OK
C:[13/11/2012 10:29:21.24][190.37.253.78][1334] SELECT c_asigna FROM tblaca009 WHERE pensum='5' AND c_uni_ca='3' AND ((par_cod_asig1='312333') OR (par_cod_asig2='312333') OR (par_cod_asig3='312333'))  [0][0] OK
C:[13/11/2012 10:29:21.24][190.37.253.78][1334] SELECT c_asigna FROM tblaca009 WHERE pensum='5' AND c_uni_ca='3' AND ((par_cod_asig1='311552') OR (par_cod_asig2='311552') OR (par_cod_asig3='311552'))  [0][0] OK
C:[13/11/2012 10:45:10.98][172.16.8.247][1219] SELECT pre_cod_asig1,pre_cod_asig2,pre_cod_asig3,pre_cod_asig4,pre_cod_asig5,pre_cod_asig6,pre_cod_asig7 FROM tblaca009 WHERE pensum='5' AND c_uni_ca='6' AND c_asigna='300222' [1][0] OK
C:[13/11/2012 10:45:10.98][172.16.8.247][1232] SELECT c_asigna FROM dace004 WHERE exp_e='07-19332580' AND c_asigna='300112' AND status IN ('0','3','B') [1][0] OK
C:[13/11/2012 10:45:10.98][172.16.8.247][1219] SELECT pre_cod_asig1,pre_cod_asig2,pre_cod_asig3,pre_cod_asig4,pre_cod_asig5,pre_cod_asig6,pre_cod_asig7 FROM tblaca009 WHERE pensum='5' AND c_uni_ca='6' AND c_asigna='300677' [1][0] OK
C:[13/11/2012 10:45:10.98][172.16.8.247][1219] SELECT pre_cod_asig1,pre_cod_asig2,pre_cod_asig3,pre_cod_asig4,pre_cod_asig5,pre_cod_asig6,pre_cod_asig7 FROM tblaca009 WHERE pensum='5' AND c_uni_ca='6' AND c_asigna='343568' [1][0] OK
C:[13/11/2012 10:45:10.98][172.16.8.247][1232] SELECT c_asigna FROM dace004 WHERE exp_e='07-19332580' AND c_asigna='340327' AND status IN ('0','3','B') [1][0] OK
C:[13/11/2012 10:45:10.98][172.16.8.247][1219] SELECT pre_cod_asig1,pre_cod_asig2,pre_cod_asig3,pre_cod_asig4,pre_cod_asig5,pre_cod_asig6,pre_cod_asig7 FROM tblaca009 WHERE pensum='5' AND c_uni_ca='6' AND c_asigna='344687' [1][0] OK
C:[13/11/2012 10:45:10.98][172.16.8.247][1232] SELECT c_asigna FROM dace004 WHERE exp_e='07-19332580' AND c_asigna='344565' AND status IN ('0','3','B') [1][0] OK
C:[13/11/2012 10:45:10.98][172.16.8.247][1219] SELECT pre_cod_asig1,pre_cod_asig2,pre_cod_asig3,pre_cod_asig4,pre_cod_asig5,pre_cod_asig6,pre_cod_asig7 FROM tblaca009 WHERE pensum='5' AND c_uni_ca='6' AND c_asigna='344714' [1][0] OK
C:[13/11/2012 10:45:10.98][172.16.8.247][1232] SELECT c_asigna FROM dace004 WHERE exp_e='07-19332580' AND c_asigna='344689' AND status IN ('0','3','B') [1][0] OK
C:[13/11/2012 10:45:10.98][172.16.8.247][1232] SELECT c_asigna FROM dace004 WHERE exp_e='07-19332580' AND c_asigna='300313' AND status IN ('0','3','B') [0][0] OK
C:[13/11/2012 10:45:11.23][172.16.8.247][1263] SELECT par_cod_asig1,par_cod_asig2,par_cod_asig3 FROM tblaca009 WHERE pensum='5' AND c_uni_ca='6' AND c_asigna='300222' [1][0] OK
C:[13/11/2012 10:45:11.23][172.16.8.247][1263] SELECT par_cod_asig1,par_cod_asig2,par_cod_asig3 FROM tblaca009 WHERE pensum='5' AND c_uni_ca='6' AND c_asigna='300677' [1][0] OK
C:[13/11/2012 10:45:11.23][172.16.8.247][1263] SELECT par_cod_asig1,par_cod_asig2,par_cod_asig3 FROM tblaca009 WHERE pensum='5' AND c_uni_ca='6' AND c_asigna='343568' [1][0] OK
C:[13/11/2012 10:45:11.23][172.16.8.247][1263] SELECT par_cod_asig1,par_cod_asig2,par_cod_asig3 FROM tblaca009 WHERE pensum='5' AND c_uni_ca='6' AND c_asigna='344687' [1][0] OK
C:[13/11/2012 10:45:11.23][172.16.8.247][1263] SELECT par_cod_asig1,par_cod_asig2,par_cod_asig3 FROM tblaca009 WHERE pensum='5' AND c_uni_ca='6' AND c_asigna='344714' [1][0] OK
C:[13/11/2012 10:45:11.86][172.16.8.247][1334] SELECT c_asigna FROM tblaca009 WHERE pensum='5' AND c_uni_ca='6' AND ((par_cod_asig1='300422') OR (par_cod_asig2='300422') OR (par_cod_asig3='300422'))  [0][0] OK
C:[13/11/2012 10:49:18.69][172.16.9.4][1219] SELECT pre_cod_asig1,pre_cod_asig2,pre_cod_asig3,pre_cod_asig4,pre_cod_asig5,pre_cod_asig6,pre_cod_asig7 FROM tblaca009 WHERE pensum='5' AND c_uni_ca='5' AND c_asigna='354852' [1][0] OK
C:[13/11/2012 10:49:18.69][172.16.9.4][1219] SELECT pre_cod_asig1,pre_cod_asig2,pre_cod_asig3,pre_cod_asig4,pre_cod_asig5,pre_cod_asig6,pre_cod_asig7 FROM tblaca009 WHERE pensum='5' AND c_uni_ca='5' AND c_asigna='355721' [1][0] OK
C:[13/11/2012 10:49:18.69][172.16.9.4][1232] SELECT c_asigna FROM dace004 WHERE exp_e='94-12360569' AND c_asigna='355693' AND status IN ('0','3','B') [1][0] OK
C:[13/11/2012 10:49:18.69][172.16.9.4][1232] SELECT c_asigna FROM dace004 WHERE exp_e='94-12360569' AND c_asigna='355696' AND status IN ('0','3','B') [1][0] OK
C:[13/11/2012 10:49:18.69][172.16.9.4][1219] SELECT pre_cod_asig1,pre_cod_asig2,pre_cod_asig3,pre_cod_asig4,pre_cod_asig5,pre_cod_asig6,pre_cod_asig7 FROM tblaca009 WHERE pensum='5' AND c_uni_ca='5' AND c_asigna='355722' [1][0] OK
C:[13/11/2012 10:49:18.69][172.16.9.4][1232] SELECT c_asigna FROM dace004 WHERE exp_e='94-12360569' AND c_asigna='355691' AND status IN ('0','3','B') [1][0] OK
C:[13/11/2012 10:49:18.69][172.16.9.4][1232] SELECT c_asigna FROM dace004 WHERE exp_e='94-12360569' AND c_asigna='355595' AND status IN ('0','3','B') [1][0] OK
C:[13/11/2012 10:49:18.69][172.16.9.4][1219] SELECT pre_cod_asig1,pre_cod_asig2,pre_cod_asig3,pre_cod_asig4,pre_cod_asig5,pre_cod_asig6,pre_cod_asig7 FROM tblaca009 WHERE pensum='5' AND c_uni_ca='5' AND c_asigna='355953' [1][0] OK
C:[13/11/2012 10:49:18.69][172.16.9.4][1232] SELECT c_asigna FROM dace004 WHERE exp_e='94-12360569' AND c_asigna='355691' AND status IN ('0','3','B') [1][0] OK
C:[13/11/2012 10:49:19.82][172.16.9.4][1263] SELECT par_cod_asig1,par_cod_asig2,par_cod_asig3 FROM tblaca009 WHERE pensum='5' AND c_uni_ca='5' AND c_asigna='354852' [1][0] OK
C:[13/11/2012 10:49:19.82][172.16.9.4][1263] SELECT par_cod_asig1,par_cod_asig2,par_cod_asig3 FROM tblaca009 WHERE pensum='5' AND c_uni_ca='5' AND c_asigna='355721' [1][0] OK
C:[13/11/2012 10:49:19.82][172.16.9.4][1263] SELECT par_cod_asig1,par_cod_asig2,par_cod_asig3 FROM tblaca009 WHERE pensum='5' AND c_uni_ca='5' AND c_asigna='355722' [1][0] OK
C:[13/11/2012 10:49:19.82][172.16.9.4][1263] SELECT par_cod_asig1,par_cod_asig2,par_cod_asig3 FROM tblaca009 WHERE pensum='5' AND c_uni_ca='5' AND c_asigna='355953' [1][0] OK
C:[13/11/2012 10:59:11.81][172.16.8.125][1219] SELECT pre_cod_asig1,pre_cod_asig2,pre_cod_asig3,pre_cod_asig4,pre_cod_asig5,pre_cod_asig6,pre_cod_asig7 FROM tblaca009 WHERE pensum='5' AND c_uni_ca='5' AND c_asigna='351451' [1][0] OK
C:[13/11/2012 10:59:11.81][172.16.8.125][1232] SELECT c_asigna FROM dace004 WHERE exp_e='10-20994954' AND c_asigna='351330' AND status IN ('0','3','B') [1][0] OK
C:[13/11/2012 10:59:11.81][172.16.8.125][1232] SELECT c_asigna FROM dace004 WHERE exp_e='10-20994954' AND c_asigna='355350' AND status IN ('0','3','B') [1][0] OK
C:[13/11/2012 10:59:11.81][172.16.8.125][1232] SELECT c_asigna FROM dace004 WHERE exp_e='10-20994954' AND c_asigna='300318' AND status IN ('0','3','B') [1][0] OK
C:[13/11/2012 10:59:11.81][172.16.8.125][1232] SELECT c_asigna FROM dace004 WHERE exp_e='10-20994954' AND c_asigna='300209' AND status IN ('0','3','B') [1][0] OK
C:[13/11/2012 10:59:11.81][172.16.8.125][1232] SELECT c_asigna FROM dace004 WHERE exp_e='10-20994954' AND c_asigna='300222' AND status IN ('0','3','B') [1][0] OK
C:[13/11/2012 10:59:11.81][172.16.8.125][1219] SELECT pre_cod_asig1,pre_cod_asig2,pre_cod_asig3,pre_cod_asig4,pre_cod_asig5,pre_cod_asig6,pre_cod_asig7 FROM tblaca009 WHERE pensum='5' AND c_uni_ca='5' AND c_asigna='352440' [1][0] OK
C:[13/11/2012 10:59:11.81][172.16.8.125][1232] SELECT c_asigna FROM dace004 WHERE exp_e='10-20994954' AND c_asigna='300317' AND status IN ('0','3','B') [1][0] OK
C:[13/11/2012 10:59:11.81][172.16.8.125][1232] SELECT c_asigna FROM dace004 WHERE exp_e='10-20994954' AND c_asigna='300013' AND status IN ('0','3','B') [1][0] OK
C:[13/11/2012 10:59:11.81][172.16.8.125][1232] SELECT c_asigna FROM dace004 WHERE exp_e='10-20994954' AND c_asigna='300113' AND status IN ('0','3','B') [1][0] OK
C:[13/11/2012 10:59:11.81][172.16.8.125][1219] SELECT pre_cod_asig1,pre_cod_asig2,pre_cod_asig3,pre_cod_asig4,pre_cod_asig5,pre_cod_asig6,pre_cod_asig7 FROM tblaca009 WHERE pensum='5' AND c_uni_ca='5' AND c_asigna='355448' [1][0] OK
C:[13/11/2012 10:59:11.81][172.16.8.125][1232] SELECT c_asigna FROM dace004 WHERE exp_e='10-20994954' AND c_asigna='300313' AND status IN ('0','3','B') [1][0] OK
C:[13/11/2012 10:59:11.81][172.16.8.125][1232] SELECT c_asigna FROM dace004 WHERE exp_e='10-20994954' AND c_asigna='300209' AND status IN ('0','3','B') [1][0] OK
C:[13/11/2012 10:59:11.81][172.16.8.125][1232] SELECT c_asigna FROM dace004 WHERE exp_e='10-20994954' AND c_asigna='300226' AND status IN ('0','3','B') [1][0] OK
C:[13/11/2012 10:59:11.81][172.16.8.125][1232] SELECT c_asigna FROM dace004 WHERE exp_e='10-20994954' AND c_asigna='300222' AND status IN ('0','3','B') [1][0] OK
C:[13/11/2012 10:59:11.81][172.16.8.125][1219] SELECT pre_cod_asig1,pre_cod_asig2,pre_cod_asig3,pre_cod_asig4,pre_cod_asig5,pre_cod_asig6,pre_cod_asig7 FROM tblaca009 WHERE pensum='5' AND c_uni_ca='5' AND c_asigna='355572' [1][0] OK
C:[13/11/2012 10:59:11.81][172.16.8.125][1232] SELECT c_asigna FROM dace004 WHERE exp_e='10-20994954' AND c_asigna='300428' AND status IN ('0','3','B') [1][0] OK
C:[13/11/2012 10:59:12.94][172.16.8.125][1263] SELECT par_cod_asig1,par_cod_asig2,par_cod_asig3 FROM tblaca009 WHERE pensum='5' AND c_uni_ca='5' AND c_asigna='351451' [1][0] OK
C:[13/11/2012 10:59:12.94][172.16.8.125][1263] SELECT par_cod_asig1,par_cod_asig2,par_cod_asig3 FROM tblaca009 WHERE pensum='5' AND c_uni_ca='5' AND c_asigna='352440' [1][0] OK
C:[13/11/2012 10:59:12.94][172.16.8.125][1263] SELECT par_cod_asig1,par_cod_asig2,par_cod_asig3 FROM tblaca009 WHERE pensum='5' AND c_uni_ca='5' AND c_asigna='355448' [1][0] OK
C:[13/11/2012 10:59:12.94][172.16.8.125][1263] SELECT par_cod_asig1,par_cod_asig2,par_cod_asig3 FROM tblaca009 WHERE pensum='5' AND c_uni_ca='5' AND c_asigna='355572' [1][0] OK
C:[13/11/2012 10:59:12.00][172.16.8.125][1334] SELECT c_asigna FROM tblaca009 WHERE pensum='5' AND c_uni_ca='5' AND ((par_cod_asig1='300422') OR (par_cod_asig2='300422') OR (par_cod_asig3='300422'))  [0][0] OK
C:[13/11/2012 10:59:12.00][172.16.8.125][1334] SELECT c_asigna FROM tblaca009 WHERE pensum='5' AND c_uni_ca='5' AND ((par_cod_asig1='355447') OR (par_cod_asig2='355447') OR (par_cod_asig3='355447'))  [0][0] OK
C:[13/11/2012 11:22:11.67][172.16.9.3][1219] SELECT pre_cod_asig1,pre_cod_asig2,pre_cod_asig3,pre_cod_asig4,pre_cod_asig5,pre_cod_asig6,pre_cod_asig7 FROM tblaca009 WHERE pensum='5' AND c_uni_ca='5' AND c_asigna='351451' [1][0] OK
C:[13/11/2012 11:22:11.67][172.16.9.3][1232] SELECT c_asigna FROM dace004 WHERE exp_e='06-15090673' AND c_asigna='351330' AND status IN ('0','3','B') [1][0] OK
C:[13/11/2012 11:22:11.67][172.16.9.3][1232] SELECT c_asigna FROM dace004 WHERE exp_e='06-15090673' AND c_asigna='355350' AND status IN ('0','3','B') [1][0] OK
C:[13/11/2012 11:22:11.67][172.16.9.3][1232] SELECT c_asigna FROM dace004 WHERE exp_e='06-15090673' AND c_asigna='300318' AND status IN ('0','3','B') [1][0] OK
C:[13/11/2012 11:22:11.67][172.16.9.3][1232] SELECT c_asigna FROM dace004 WHERE exp_e='06-15090673' AND c_asigna='300209' AND status IN ('0','3','B') [1][0] OK
C:[13/11/2012 11:22:11.67][172.16.9.3][1232] SELECT c_asigna FROM dace004 WHERE exp_e='06-15090673' AND c_asigna='300222' AND status IN ('0','3','B') [1][0] OK
C:[13/11/2012 11:22:11.67][172.16.9.3][1219] SELECT pre_cod_asig1,pre_cod_asig2,pre_cod_asig3,pre_cod_asig4,pre_cod_asig5,pre_cod_asig6,pre_cod_asig7 FROM tblaca009 WHERE pensum='5' AND c_uni_ca='5' AND c_asigna='355448' [1][0] OK
C:[13/11/2012 11:22:11.67][172.16.9.3][1232] SELECT c_asigna FROM dace004 WHERE exp_e='06-15090673' AND c_asigna='300313' AND status IN ('0','3','B') [1][0] OK
C:[13/11/2012 11:22:11.67][172.16.9.3][1232] SELECT c_asigna FROM dace004 WHERE exp_e='06-15090673' AND c_asigna='300209' AND status IN ('0','3','B') [1][0] OK
C:[13/11/2012 11:22:11.67][172.16.9.3][1232] SELECT c_asigna FROM dace004 WHERE exp_e='06-15090673' AND c_asigna='300226' AND status IN ('0','3','B') [1][0] OK
C:[13/11/2012 11:22:11.67][172.16.9.3][1232] SELECT c_asigna FROM dace004 WHERE exp_e='06-15090673' AND c_asigna='300222' AND status IN ('0','3','B') [1][0] OK
C:[13/11/2012 11:22:11.67][172.16.9.3][1219] SELECT pre_cod_asig1,pre_cod_asig2,pre_cod_asig3,pre_cod_asig4,pre_cod_asig5,pre_cod_asig6,pre_cod_asig7 FROM tblaca009 WHERE pensum='5' AND c_uni_ca='5' AND c_asigna='355571' [1][0] OK
C:[13/11/2012 11:22:11.67][172.16.9.3][1232] SELECT c_asigna FROM dace004 WHERE exp_e='06-15090673' AND c_asigna='355447' AND status IN ('0','3','B') [1][0] OK
C:[13/11/2012 11:22:11.30][172.16.9.3][1263] SELECT par_cod_asig1,par_cod_asig2,par_cod_asig3 FROM tblaca009 WHERE pensum='5' AND c_uni_ca='5' AND c_asigna='351451' [1][0] OK
C:[13/11/2012 11:22:11.30][172.16.9.3][1263] SELECT par_cod_asig1,par_cod_asig2,par_cod_asig3 FROM tblaca009 WHERE pensum='5' AND c_uni_ca='5' AND c_asigna='355448' [1][0] OK
C:[13/11/2012 11:22:11.30][172.16.9.3][1263] SELECT par_cod_asig1,par_cod_asig2,par_cod_asig3 FROM tblaca009 WHERE pensum='5' AND c_uni_ca='5' AND c_asigna='355571' [1][0] OK
C:[13/11/2012 11:22:12.68][172.16.9.3][1334] SELECT c_asigna FROM tblaca009 WHERE pensum='5' AND c_uni_ca='5' AND ((par_cod_asig1='355570') OR (par_cod_asig2='355570') OR (par_cod_asig3='355570'))  [0][0] OK
C:[13/11/2012 11:28:52.08][172.16.8.125][1219] SELECT pre_cod_asig1,pre_cod_asig2,pre_cod_asig3,pre_cod_asig4,pre_cod_asig5,pre_cod_asig6,pre_cod_asig7 FROM tblaca009 WHERE pensum='5' AND c_uni_ca='5' AND c_asigna='351451' [1][0] OK
C:[13/11/2012 11:28:52.08][172.16.8.125][1232] SELECT c_asigna FROM dace004 WHERE exp_e='08-20374432' AND c_asigna='351330' AND status IN ('0','3','B') [1][0] OK
C:[13/11/2012 11:28:52.08][172.16.8.125][1232] SELECT c_asigna FROM dace004 WHERE exp_e='08-20374432' AND c_asigna='355350' AND status IN ('0','3','B') [1][0] OK
C:[13/11/2012 11:28:52.08][172.16.8.125][1232] SELECT c_asigna FROM dace004 WHERE exp_e='08-20374432' AND c_asigna='300318' AND status IN ('0','3','B') [1][0] OK
C:[13/11/2012 11:28:52.08][172.16.8.125][1232] SELECT c_asigna FROM dace004 WHERE exp_e='08-20374432' AND c_asigna='300209' AND status IN ('0','3','B') [1][0] OK
C:[13/11/2012 11:28:52.08][172.16.8.125][1232] SELECT c_asigna FROM dace004 WHERE exp_e='08-20374432' AND c_asigna='300222' AND status IN ('0','3','B') [1][0] OK
C:[13/11/2012 11:28:52.08][172.16.8.125][1219] SELECT pre_cod_asig1,pre_cod_asig2,pre_cod_asig3,pre_cod_asig4,pre_cod_asig5,pre_cod_asig6,pre_cod_asig7 FROM tblaca009 WHERE pensum='5' AND c_uni_ca='5' AND c_asigna='355570' [1][0] OK
C:[13/11/2012 11:28:52.08][172.16.8.125][1232] SELECT c_asigna FROM dace004 WHERE exp_e='08-20374432' AND c_asigna='355447' AND status IN ('0','3','B') [1][0] OK
C:[13/11/2012 11:28:52.08][172.16.8.125][1219] SELECT pre_cod_asig1,pre_cod_asig2,pre_cod_asig3,pre_cod_asig4,pre_cod_asig5,pre_cod_asig6,pre_cod_asig7 FROM tblaca009 WHERE pensum='5' AND c_uni_ca='5' AND c_asigna='355572' [1][0] OK
C:[13/11/2012 11:28:52.08][172.16.8.125][1232] SELECT c_asigna FROM dace004 WHERE exp_e='08-20374432' AND c_asigna='300428' AND status IN ('0','3','B') [1][0] OK
C:[13/11/2012 11:28:52.08][172.16.8.125][1219] SELECT pre_cod_asig1,pre_cod_asig2,pre_cod_asig3,pre_cod_asig4,pre_cod_asig5,pre_cod_asig6,pre_cod_asig7 FROM tblaca009 WHERE pensum='5' AND c_uni_ca='5' AND c_asigna='355573' [1][0] OK
C:[13/11/2012 11:28:52.08][172.16.8.125][1232] SELECT c_asigna FROM dace004 WHERE exp_e='08-20374432' AND c_asigna='355448' AND status IN ('0','3','B') [1][0] OK
C:[13/11/2012 11:28:53.58][172.16.8.125][1263] SELECT par_cod_asig1,par_cod_asig2,par_cod_asig3 FROM tblaca009 WHERE pensum='5' AND c_uni_ca='5' AND c_asigna='351451' [1][0] OK
C:[13/11/2012 11:28:53.58][172.16.8.125][1263] SELECT par_cod_asig1,par_cod_asig2,par_cod_asig3 FROM tblaca009 WHERE pensum='5' AND c_uni_ca='5' AND c_asigna='355570' [1][0] OK
C:[13/11/2012 11:28:53.58][172.16.8.125][1263] SELECT par_cod_asig1,par_cod_asig2,par_cod_asig3 FROM tblaca009 WHERE pensum='5' AND c_uni_ca='5' AND c_asigna='355572' [1][0] OK
C:[13/11/2012 11:28:53.58][172.16.8.125][1263] SELECT par_cod_asig1,par_cod_asig2,par_cod_asig3 FROM tblaca009 WHERE pensum='5' AND c_uni_ca='5' AND c_asigna='355573' [1][0] OK
C:[13/11/2012 11:28:53.09][172.16.8.125][1334] SELECT c_asigna FROM tblaca009 WHERE pensum='5' AND c_uni_ca='5' AND ((par_cod_asig1='355691') OR (par_cod_asig2='355691') OR (par_cod_asig3='355691'))  [0][0] OK
C:[13/11/2012 11:32:43.14][172.16.8.125][1219] SELECT pre_cod_asig1,pre_cod_asig2,pre_cod_asig3,pre_cod_asig4,pre_cod_asig5,pre_cod_asig6,pre_cod_asig7 FROM tblaca009 WHERE pensum='5' AND c_uni_ca='5' AND c_asigna='351451' [1][0] OK
C:[13/11/2012 11:32:43.14][172.16.8.125][1232] SELECT c_asigna FROM dace004 WHERE exp_e='09-22828498' AND c_asigna='351330' AND status IN ('0','3','B') [1][0] OK
C:[13/11/2012 11:32:43.14][172.16.8.125][1232] SELECT c_asigna FROM dace004 WHERE exp_e='09-22828498' AND c_asigna='355350' AND status IN ('0','3','B') [1][0] OK
C:[13/11/2012 11:32:43.14][172.16.8.125][1232] SELECT c_asigna FROM dace004 WHERE exp_e='09-22828498' AND c_asigna='300318' AND status IN ('0','3','B') [1][0] OK
C:[13/11/2012 11:32:43.14][172.16.8.125][1232] SELECT c_asigna FROM dace004 WHERE exp_e='09-22828498' AND c_asigna='300209' AND status IN ('0','3','B') [1][0] OK
C:[13/11/2012 11:32:43.14][172.16.8.125][1232] SELECT c_asigna FROM dace004 WHERE exp_e='09-22828498' AND c_asigna='300222' AND status IN ('0','3','B') [1][0] OK
C:[13/11/2012 11:32:43.14][172.16.8.125][1219] SELECT pre_cod_asig1,pre_cod_asig2,pre_cod_asig3,pre_cod_asig4,pre_cod_asig5,pre_cod_asig6,pre_cod_asig7 FROM tblaca009 WHERE pensum='5' AND c_uni_ca='5' AND c_asigna='355448' [1][0] OK
C:[13/11/2012 11:32:43.14][172.16.8.125][1232] SELECT c_asigna FROM dace004 WHERE exp_e='09-22828498' AND c_asigna='300313' AND status IN ('0','3','B') [1][0] OK
C:[13/11/2012 11:32:43.14][172.16.8.125][1232] SELECT c_asigna FROM dace004 WHERE exp_e='09-22828498' AND c_asigna='300209' AND status IN ('0','3','B') [1][0] OK
C:[13/11/2012 11:32:43.14][172.16.8.125][1232] SELECT c_asigna FROM dace004 WHERE exp_e='09-22828498' AND c_asigna='300226' AND status IN ('0','3','B') [1][0] OK
C:[13/11/2012 11:32:43.14][172.16.8.125][1232] SELECT c_asigna FROM dace004 WHERE exp_e='09-22828498' AND c_asigna='300222' AND status IN ('0','3','B') [1][0] OK
C:[13/11/2012 11:32:43.14][172.16.8.125][1219] SELECT pre_cod_asig1,pre_cod_asig2,pre_cod_asig3,pre_cod_asig4,pre_cod_asig5,pre_cod_asig6,pre_cod_asig7 FROM tblaca009 WHERE pensum='5' AND c_uni_ca='5' AND c_asigna='355572' [1][0] OK
C:[13/11/2012 11:32:43.14][172.16.8.125][1232] SELECT c_asigna FROM dace004 WHERE exp_e='09-22828498' AND c_asigna='300428' AND status IN ('0','3','B') [1][0] OK
C:[13/11/2012 11:32:43.14][172.16.8.125][1219] SELECT pre_cod_asig1,pre_cod_asig2,pre_cod_asig3,pre_cod_asig4,pre_cod_asig5,pre_cod_asig6,pre_cod_asig7 FROM tblaca009 WHERE pensum='5' AND c_uni_ca='5' AND c_asigna='355691' [1][0] OK
C:[13/11/2012 11:32:43.14][172.16.8.125][1232] SELECT c_asigna FROM dace004 WHERE exp_e='09-22828498' AND c_asigna='355571' AND status IN ('0','3','B') [1][0] OK
C:[13/11/2012 11:32:44.01][172.16.8.125][1263] SELECT par_cod_asig1,par_cod_asig2,par_cod_asig3 FROM tblaca009 WHERE pensum='5' AND c_uni_ca='5' AND c_asigna='351451' [1][0] OK
C:[13/11/2012 11:32:44.01][172.16.8.125][1263] SELECT par_cod_asig1,par_cod_asig2,par_cod_asig3 FROM tblaca009 WHERE pensum='5' AND c_uni_ca='5' AND c_asigna='355448' [1][0] OK
C:[13/11/2012 11:32:44.01][172.16.8.125][1263] SELECT par_cod_asig1,par_cod_asig2,par_cod_asig3 FROM tblaca009 WHERE pensum='5' AND c_uni_ca='5' AND c_asigna='355572' [1][0] OK
C:[13/11/2012 11:32:44.01][172.16.8.125][1263] SELECT par_cod_asig1,par_cod_asig2,par_cod_asig3 FROM tblaca009 WHERE pensum='5' AND c_uni_ca='5' AND c_asigna='355691' [1][0] OK
C:[13/11/2012 11:32:44.51][172.16.8.125][1334] SELECT c_asigna FROM tblaca009 WHERE pensum='5' AND c_uni_ca='5' AND ((par_cod_asig1='355570') OR (par_cod_asig2='355570') OR (par_cod_asig3='355570'))  [0][0] OK
C:[13/11/2012 11:40:17.56][190.206.241.79][1219] SELECT pre_cod_asig1,pre_cod_asig2,pre_cod_asig3,pre_cod_asig4,pre_cod_asig5,pre_cod_asig6,pre_cod_asig7 FROM tblaca009 WHERE pensum='5' AND c_uni_ca='3' AND c_asigna='310548' [1][0] OK
C:[13/11/2012 11:40:17.56][190.206.241.79][1232] SELECT c_asigna FROM dace004 WHERE exp_e='07-19703537' AND c_asigna='300428' AND status IN ('0','3','B') [1][0] OK
C:[13/11/2012 11:40:17.56][190.206.241.79][1232] SELECT c_asigna FROM dace004 WHERE exp_e='07-19703537' AND c_asigna='300313' AND status IN ('0','3','B') [1][0] OK
C:[13/11/2012 11:40:17.56][190.206.241.79][1232] SELECT c_asigna FROM dace004 WHERE exp_e='07-19703537' AND c_asigna='300222' AND status IN ('0','3','B') [1][0] OK
C:[13/11/2012 11:40:17.56][190.206.241.79][1232] SELECT c_asigna FROM dace004 WHERE exp_e='07-19703537' AND c_asigna='300226' AND status IN ('0','3','B') [1][0] OK
C:[13/11/2012 11:40:17.56][190.206.241.79][1232] SELECT c_asigna FROM dace004 WHERE exp_e='07-19703537' AND c_asigna='300209' AND status IN ('0','3','B') [1][0] OK
C:[13/11/2012 11:40:17.56][190.206.241.79][1219] SELECT pre_cod_asig1,pre_cod_asig2,pre_cod_asig3,pre_cod_asig4,pre_cod_asig5,pre_cod_asig6,pre_cod_asig7 FROM tblaca009 WHERE pensum='5' AND c_uni_ca='3' AND c_asigna='311430' [1][0] OK
C:[13/11/2012 11:40:17.56][190.206.241.79][1232] SELECT c_asigna FROM dace004 WHERE exp_e='07-19703537' AND c_asigna='300317' AND status IN ('0','3','B') [1][0] OK
C:[13/11/2012 11:40:17.56][190.206.241.79][1232] SELECT c_asigna FROM dace004 WHERE exp_e='07-19703537' AND c_asigna='300318' AND status IN ('0','3','B') [1][0] OK
C:[13/11/2012 11:40:17.56][190.206.241.79][1232] SELECT c_asigna FROM dace004 WHERE exp_e='07-19703537' AND c_asigna='300313' AND status IN ('0','3','B') [1][0] OK
C:[13/11/2012 11:40:17.56][190.206.241.79][1232] SELECT c_asigna FROM dace004 WHERE exp_e='07-19703537' AND c_asigna='300222' AND status IN ('0','3','B') [1][0] OK
C:[13/11/2012 11:40:17.56][190.206.241.79][1232] SELECT c_asigna FROM dace004 WHERE exp_e='07-19703537' AND c_asigna='300226' AND status IN ('0','3','B') [1][0] OK
C:[13/11/2012 11:40:17.56][190.206.241.79][1232] SELECT c_asigna FROM dace004 WHERE exp_e='07-19703537' AND c_asigna='300209' AND status IN ('0','3','B') [1][0] OK
C:[13/11/2012 11:40:17.56][190.206.241.79][1219] SELECT pre_cod_asig1,pre_cod_asig2,pre_cod_asig3,pre_cod_asig4,pre_cod_asig5,pre_cod_asig6,pre_cod_asig7 FROM tblaca009 WHERE pensum='5' AND c_uni_ca='3' AND c_asigna='311434' [1][0] OK
C:[13/11/2012 11:40:17.56][190.206.241.79][1232] SELECT c_asigna FROM dace004 WHERE exp_e='07-19703537' AND c_asigna='300222' AND status IN ('0','3','B') [1][0] OK
C:[13/11/2012 11:40:17.56][190.206.241.79][1232] SELECT c_asigna FROM dace004 WHERE exp_e='07-19703537' AND c_asigna='300226' AND status IN ('0','3','B') [1][0] OK
C:[13/11/2012 11:40:17.56][190.206.241.79][1232] SELECT c_asigna FROM dace004 WHERE exp_e='07-19703537' AND c_asigna='300209' AND status IN ('0','3','B') [1][0] OK
C:[13/11/2012 11:40:17.56][190.206.241.79][1219] SELECT pre_cod_asig1,pre_cod_asig2,pre_cod_asig3,pre_cod_asig4,pre_cod_asig5,pre_cod_asig6,pre_cod_asig7 FROM tblaca009 WHERE pensum='5' AND c_uni_ca='3' AND c_asigna='311552' [1][0] OK
C:[13/11/2012 11:40:17.56][190.206.241.79][1232] SELECT c_asigna FROM dace004 WHERE exp_e='07-19703537' AND c_asigna='300317' AND status IN ('0','3','B') [1][0] OK
C:[13/11/2012 11:40:17.56][190.206.241.79][1232] SELECT c_asigna FROM dace004 WHERE exp_e='07-19703537' AND c_asigna='300209' AND status IN ('0','3','B') [1][0] OK
C:[13/11/2012 11:40:17.56][190.206.241.79][1219] SELECT pre_cod_asig1,pre_cod_asig2,pre_cod_asig3,pre_cod_asig4,pre_cod_asig5,pre_cod_asig6,pre_cod_asig7 FROM tblaca009 WHERE pensum='5' AND c_uni_ca='3' AND c_asigna='311554' [1][0] OK
C:[13/11/2012 11:40:17.56][190.206.241.79][1232] SELECT c_asigna FROM dace004 WHERE exp_e='07-19703537' AND c_asigna='300318' AND status IN ('0','3','B') [1][0] OK
C:[13/11/2012 11:40:17.56][190.206.241.79][1232] SELECT c_asigna FROM dace004 WHERE exp_e='07-19703537' AND c_asigna='300428' AND status IN ('0','3','B') [1][0] OK
C:[13/11/2012 11:40:17.44][190.206.241.79][1263] SELECT par_cod_asig1,par_cod_asig2,par_cod_asig3 FROM tblaca009 WHERE pensum='5' AND c_uni_ca='3' AND c_asigna='310548' [1][0] OK
C:[13/11/2012 11:40:17.44][190.206.241.79][1263] SELECT par_cod_asig1,par_cod_asig2,par_cod_asig3 FROM tblaca009 WHERE pensum='5' AND c_uni_ca='3' AND c_asigna='311430' [1][0] OK
C:[13/11/2012 11:40:17.44][190.206.241.79][1263] SELECT par_cod_asig1,par_cod_asig2,par_cod_asig3 FROM tblaca009 WHERE pensum='5' AND c_uni_ca='3' AND c_asigna='311434' [1][0] OK
C:[13/11/2012 11:40:17.44][190.206.241.79][1277] SELECT c_asigna FROM dace004 WHERE exp_e='07-19703537' AND c_asigna='311431' AND status IN ('0','3','B','C') [1][0] OK
C:[13/11/2012 11:40:17.44][190.206.241.79][1263] SELECT par_cod_asig1,par_cod_asig2,par_cod_asig3 FROM tblaca009 WHERE pensum='5' AND c_uni_ca='3' AND c_asigna='311552' [1][0] OK
C:[13/11/2012 11:40:17.44][190.206.241.79][1263] SELECT par_cod_asig1,par_cod_asig2,par_cod_asig3 FROM tblaca009 WHERE pensum='5' AND c_uni_ca='3' AND c_asigna='311554' [1][0] OK
C:[13/11/2012 11:40:18.18][190.206.241.79][1334] SELECT c_asigna FROM tblaca009 WHERE pensum='5' AND c_uni_ca='3' AND ((par_cod_asig1='300422') OR (par_cod_asig2='300422') OR (par_cod_asig3='300422'))  [0][0] OK
C:[13/11/2012 12:01:10.46][190.94.234.25][1219] SELECT pre_cod_asig1,pre_cod_asig2,pre_cod_asig3,pre_cod_asig4,pre_cod_asig5,pre_cod_asig6,pre_cod_asig7 FROM tblaca009 WHERE pensum='5' AND c_uni_ca='5' AND c_asigna='300226' [1][0] OK
C:[13/11/2012 12:01:10.46][190.94.234.25][1232] SELECT c_asigna FROM dace004 WHERE exp_e='09-20556571' AND c_asigna='300116' AND status IN ('0','3','B') [1][0] OK
C:[13/11/2012 12:01:10.46][190.94.234.25][1219] SELECT pre_cod_asig1,pre_cod_asig2,pre_cod_asig3,pre_cod_asig4,pre_cod_asig5,pre_cod_asig6,pre_cod_asig7 FROM tblaca009 WHERE pensum='5' AND c_uni_ca='5' AND c_asigna='300676' [1][0] OK
C:[13/11/2012 12:01:10.46][190.94.234.25][1219] SELECT pre_cod_asig1,pre_cod_asig2,pre_cod_asig3,pre_cod_asig4,pre_cod_asig5,pre_cod_asig6,pre_cod_asig7 FROM tblaca009 WHERE pensum='5' AND c_uni_ca='5' AND c_asigna='355691' [1][0] OK
C:[13/11/2012 12:01:10.46][190.94.234.25][1232] SELECT c_asigna FROM dace004 WHERE exp_e='09-20556571' AND c_asigna='355571' AND status IN ('0','3','B') [1][0] OK
C:[13/11/2012 12:01:10.46][190.94.234.25][1219] SELECT pre_cod_asig1,pre_cod_asig2,pre_cod_asig3,pre_cod_asig4,pre_cod_asig5,pre_cod_asig6,pre_cod_asig7 FROM tblaca009 WHERE pensum='5' AND c_uni_ca='5' AND c_asigna='355694' [1][0] OK
C:[13/11/2012 12:01:10.46][190.94.234.25][1232] SELECT c_asigna FROM dace004 WHERE exp_e='09-20556571' AND c_asigna='355572' AND status IN ('0','3','B') [1][0] OK
C:[13/11/2012 12:01:10.46][190.94.234.25][1232] SELECT c_asigna FROM dace004 WHERE exp_e='09-20556571' AND c_asigna='355571' AND status IN ('0','3','B') [1][0] OK
C:[13/11/2012 12:01:10.46][190.94.234.25][1263] SELECT par_cod_asig1,par_cod_asig2,par_cod_asig3 FROM tblaca009 WHERE pensum='5' AND c_uni_ca='5' AND c_asigna='300226' [1][0] OK
C:[13/11/2012 12:01:10.46][190.94.234.25][1263] SELECT par_cod_asig1,par_cod_asig2,par_cod_asig3 FROM tblaca009 WHERE pensum='5' AND c_uni_ca='5' AND c_asigna='300676' [1][0] OK
C:[13/11/2012 12:01:10.46][190.94.234.25][1263] SELECT par_cod_asig1,par_cod_asig2,par_cod_asig3 FROM tblaca009 WHERE pensum='5' AND c_uni_ca='5' AND c_asigna='355691' [1][0] OK
C:[13/11/2012 12:01:10.46][190.94.234.25][1263] SELECT par_cod_asig1,par_cod_asig2,par_cod_asig3 FROM tblaca009 WHERE pensum='5' AND c_uni_ca='5' AND c_asigna='355694' [1][0] OK
C:[13/11/2012 12:01:10.96][190.94.234.25][1334] SELECT c_asigna FROM tblaca009 WHERE pensum='5' AND c_uni_ca='5' AND ((par_cod_asig1='355570') OR (par_cod_asig2='355570') OR (par_cod_asig3='355570'))  [0][0] OK
C:[13/11/2012 12:03:44.41][190.94.234.25][1219] SELECT pre_cod_asig1,pre_cod_asig2,pre_cod_asig3,pre_cod_asig4,pre_cod_asig5,pre_cod_asig6,pre_cod_asig7 FROM tblaca009 WHERE pensum='5' AND c_uni_ca='5' AND c_asigna='300422' [1][0] OK
C:[13/11/2012 12:03:44.41][190.94.234.25][1232] SELECT c_asigna FROM dace004 WHERE exp_e='09-19803385' AND c_asigna='300105' AND status IN ('0','3','B') [1][0] OK
C:[13/11/2012 12:03:44.41][190.94.234.25][1232] SELECT c_asigna FROM dace004 WHERE exp_e='09-19803385' AND c_asigna='300314' AND status IN ('0','3','B') [1][0] OK
C:[13/11/2012 12:03:44.41][190.94.234.25][1219] SELECT pre_cod_asig1,pre_cod_asig2,pre_cod_asig3,pre_cod_asig4,pre_cod_asig5,pre_cod_asig6,pre_cod_asig7 FROM tblaca009 WHERE pensum='5' AND c_uni_ca='5' AND c_asigna='355448' [1][0] OK
C:[13/11/2012 12:03:44.41][190.94.234.25][1232] SELECT c_asigna FROM dace004 WHERE exp_e='09-19803385' AND c_asigna='300313' AND status IN ('0','3','B') [1][0] OK
C:[13/11/2012 12:03:44.41][190.94.234.25][1232] SELECT c_asigna FROM dace004 WHERE exp_e='09-19803385' AND c_asigna='300209' AND status IN ('0','3','B') [1][0] OK
C:[13/11/2012 12:03:44.41][190.94.234.25][1232] SELECT c_asigna FROM dace004 WHERE exp_e='09-19803385' AND c_asigna='300226' AND status IN ('0','3','B') [1][0] OK
C:[13/11/2012 12:03:44.41][190.94.234.25][1232] SELECT c_asigna FROM dace004 WHERE exp_e='09-19803385' AND c_asigna='300222' AND status IN ('0','3','B') [1][0] OK
C:[13/11/2012 12:03:44.41][190.94.234.25][1219] SELECT pre_cod_asig1,pre_cod_asig2,pre_cod_asig3,pre_cod_asig4,pre_cod_asig5,pre_cod_asig6,pre_cod_asig7 FROM tblaca009 WHERE pensum='5' AND c_uni_ca='5' AND c_asigna='355572' [1][0] OK
C:[13/11/2012 12:03:44.41][190.94.234.25][1232] SELECT c_asigna FROM dace004 WHERE exp_e='09-19803385' AND c_asigna='300428' AND status IN ('0','3','B') [1][0] OK
C:[13/11/2012 12:03:44.41][190.94.234.25][1219] SELECT pre_cod_asig1,pre_cod_asig2,pre_cod_asig3,pre_cod_asig4,pre_cod_asig5,pre_cod_asig6,pre_cod_asig7 FROM tblaca009 WHERE pensum='5' AND c_uni_ca='5' AND c_asigna='355595' [1][0] OK
C:[13/11/2012 12:03:44.41][190.94.234.25][1232] SELECT c_asigna FROM dace004 WHERE exp_e='09-19803385' AND c_asigna='351451' AND status IN ('0','3','B') [1][0] OK
C:[13/11/2012 12:03:44.41][190.94.234.25][1232] SELECT c_asigna FROM dace004 WHERE exp_e='09-19803385' AND c_asigna='355350' AND status IN ('0','3','B') [1][0] OK
C:[13/11/2012 12:03:44.41][190.94.234.25][1232] SELECT c_asigna FROM dace004 WHERE exp_e='09-19803385' AND c_asigna='300318' AND status IN ('0','3','B') [1][0] OK
C:[13/11/2012 12:03:44.41][190.94.234.25][1219] SELECT pre_cod_asig1,pre_cod_asig2,pre_cod_asig3,pre_cod_asig4,pre_cod_asig5,pre_cod_asig6,pre_cod_asig7 FROM tblaca009 WHERE pensum='5' AND c_uni_ca='5' AND c_asigna='355691' [1][0] OK
C:[13/11/2012 12:03:44.41][190.94.234.25][1232] SELECT c_asigna FROM dace004 WHERE exp_e='09-19803385' AND c_asigna='355571' AND status IN ('0','3','B') [1][0] OK
C:[13/11/2012 12:03:45.41][190.94.234.25][1263] SELECT par_cod_asig1,par_cod_asig2,par_cod_asig3 FROM tblaca009 WHERE pensum='5' AND c_uni_ca='5' AND c_asigna='300422' [1][0] OK
C:[13/11/2012 12:03:45.41][190.94.234.25][1263] SELECT par_cod_asig1,par_cod_asig2,par_cod_asig3 FROM tblaca009 WHERE pensum='5' AND c_uni_ca='5' AND c_asigna='355448' [1][0] OK
C:[13/11/2012 12:03:45.41][190.94.234.25][1263] SELECT par_cod_asig1,par_cod_asig2,par_cod_asig3 FROM tblaca009 WHERE pensum='5' AND c_uni_ca='5' AND c_asigna='355572' [1][0] OK
C:[13/11/2012 12:03:45.41][190.94.234.25][1263] SELECT par_cod_asig1,par_cod_asig2,par_cod_asig3 FROM tblaca009 WHERE pensum='5' AND c_uni_ca='5' AND c_asigna='355595' [1][0] OK
C:[13/11/2012 12:03:45.41][190.94.234.25][1263] SELECT par_cod_asig1,par_cod_asig2,par_cod_asig3 FROM tblaca009 WHERE pensum='5' AND c_uni_ca='5' AND c_asigna='355691' [1][0] OK
C:[13/11/2012 12:03:45.60][190.94.234.25][1334] SELECT c_asigna FROM tblaca009 WHERE pensum='5' AND c_uni_ca='5' AND ((par_cod_asig1='355570') OR (par_cod_asig2='355570') OR (par_cod_asig3='355570'))  [0][0] OK
C:[13/11/2012 12:06:51.46][190.204.198.132][1219] SELECT pre_cod_asig1,pre_cod_asig2,pre_cod_asig3,pre_cod_asig4,pre_cod_asig5,pre_cod_asig6,pre_cod_asig7 FROM tblaca009 WHERE pensum='5' AND c_uni_ca='5' AND c_asigna='355691' [1][0] OK
C:[13/11/2012 12:06:51.46][190.204.198.132][1232] SELECT c_asigna FROM dace004 WHERE exp_e='09-23502461' AND c_asigna='355571' AND status IN ('0','3','B') [1][0] OK
C:[13/11/2012 12:06:51.70][190.204.198.132][1263] SELECT par_cod_asig1,par_cod_asig2,par_cod_asig3 FROM tblaca009 WHERE pensum='5' AND c_uni_ca='5' AND c_asigna='355691' [1][0] OK
C:[13/11/2012 12:06:51.83][190.204.198.132][1334] SELECT c_asigna FROM tblaca009 WHERE pensum='5' AND c_uni_ca='5' AND ((par_cod_asig1='355570') OR (par_cod_asig2='355570') OR (par_cod_asig3='355570'))  [0][0] OK
C:[13/11/2012 12:12:39.28][172.16.8.125][1219] SELECT pre_cod_asig1,pre_cod_asig2,pre_cod_asig3,pre_cod_asig4,pre_cod_asig5,pre_cod_asig6,pre_cod_asig7 FROM tblaca009 WHERE pensum='5' AND c_uni_ca='5' AND c_asigna='355572' [1][0] OK
C:[13/11/2012 12:12:39.28][172.16.8.125][1232] SELECT c_asigna FROM dace004 WHERE exp_e='04-17748631' AND c_asigna='300428' AND status IN ('0','3','B') [1][0] OK
C:[13/11/2012 12:12:39.54][172.16.8.125][1263] SELECT par_cod_asig1,par_cod_asig2,par_cod_asig3 FROM tblaca009 WHERE pensum='5' AND c_uni_ca='5' AND c_asigna='355572' [1][0] OK
C:[13/11/2012 12:12:39.66][172.16.8.125][1334] SELECT c_asigna FROM tblaca009 WHERE pensum='5' AND c_uni_ca='5' AND ((par_cod_asig1='355570') OR (par_cod_asig2='355570') OR (par_cod_asig3='355570'))  [0][0] OK
C:[13/11/2012 12:13:48.18][190.94.234.25][1219] SELECT pre_cod_asig1,pre_cod_asig2,pre_cod_asig3,pre_cod_asig4,pre_cod_asig5,pre_cod_asig6,pre_cod_asig7 FROM tblaca009 WHERE pensum='5' AND c_uni_ca='5' AND c_asigna='300677' [1][0] OK
C:[13/11/2012 12:13:48.18][190.94.234.25][1219] SELECT pre_cod_asig1,pre_cod_asig2,pre_cod_asig3,pre_cod_asig4,pre_cod_asig5,pre_cod_asig6,pre_cod_asig7 FROM tblaca009 WHERE pensum='5' AND c_uni_ca='5' AND c_asigna='352440' [1][0] OK
C:[13/11/2012 12:13:48.18][190.94.234.25][1232] SELECT c_asigna FROM dace004 WHERE exp_e='09-20263638' AND c_asigna='300317' AND status IN ('0','3','B') [1][0] OK
C:[13/11/2012 12:13:48.18][190.94.234.25][1232] SELECT c_asigna FROM dace004 WHERE exp_e='09-20263638' AND c_asigna='300013' AND status IN ('0','3','B') [1][0] OK
C:[13/11/2012 12:13:48.18][190.94.234.25][1232] SELECT c_asigna FROM dace004 WHERE exp_e='09-20263638' AND c_asigna='300113' AND status IN ('0','3','B') [1][0] OK
C:[13/11/2012 12:13:48.18][190.94.234.25][1219] SELECT pre_cod_asig1,pre_cod_asig2,pre_cod_asig3,pre_cod_asig4,pre_cod_asig5,pre_cod_asig6,pre_cod_asig7 FROM tblaca009 WHERE pensum='5' AND c_uni_ca='5' AND c_asigna='355572' [1][0] OK
C:[13/11/2012 12:13:48.18][190.94.234.25][1232] SELECT c_asigna FROM dace004 WHERE exp_e='09-20263638' AND c_asigna='300428' AND status IN ('0','3','B') [1][0] OK
C:[13/11/2012 12:13:48.18][190.94.234.25][1219] SELECT pre_cod_asig1,pre_cod_asig2,pre_cod_asig3,pre_cod_asig4,pre_cod_asig5,pre_cod_asig6,pre_cod_asig7 FROM tblaca009 WHERE pensum='5' AND c_uni_ca='5' AND c_asigna='355573' [1][0] OK
C:[13/11/2012 12:13:48.18][190.94.234.25][1232] SELECT c_asigna FROM dace004 WHERE exp_e='09-20263638' AND c_asigna='355448' AND status IN ('0','3','B') [1][0] OK
C:[13/11/2012 12:13:48.18][190.94.234.25][1219] SELECT pre_cod_asig1,pre_cod_asig2,pre_cod_asig3,pre_cod_asig4,pre_cod_asig5,pre_cod_asig6,pre_cod_asig7 FROM tblaca009 WHERE pensum='5' AND c_uni_ca='5' AND c_asigna='355691' [1][0] OK
C:[13/11/2012 12:13:48.18][190.94.234.25][1232] SELECT c_asigna FROM dace004 WHERE exp_e='09-20263638' AND c_asigna='355571' AND status IN ('0','3','B') [1][0] OK
C:[13/11/2012 12:13:48.55][190.94.234.25][1263] SELECT par_cod_asig1,par_cod_asig2,par_cod_asig3 FROM tblaca009 WHERE pensum='5' AND c_uni_ca='5' AND c_asigna='300677' [1][0] OK
C:[13/11/2012 12:13:48.55][190.94.234.25][1263] SELECT par_cod_asig1,par_cod_asig2,par_cod_asig3 FROM tblaca009 WHERE pensum='5' AND c_uni_ca='5' AND c_asigna='352440' [1][0] OK
C:[13/11/2012 12:13:48.55][190.94.234.25][1263] SELECT par_cod_asig1,par_cod_asig2,par_cod_asig3 FROM tblaca009 WHERE pensum='5' AND c_uni_ca='5' AND c_asigna='355572' [1][0] OK
C:[13/11/2012 12:13:48.55][190.94.234.25][1263] SELECT par_cod_asig1,par_cod_asig2,par_cod_asig3 FROM tblaca009 WHERE pensum='5' AND c_uni_ca='5' AND c_asigna='355573' [1][0] OK
C:[13/11/2012 12:13:48.55][190.94.234.25][1263] SELECT par_cod_asig1,par_cod_asig2,par_cod_asig3 FROM tblaca009 WHERE pensum='5' AND c_uni_ca='5' AND c_asigna='355691' [1][0] OK
C:[13/11/2012 12:13:48.18][190.94.234.25][1334] SELECT c_asigna FROM tblaca009 WHERE pensum='5' AND c_uni_ca='5' AND ((par_cod_asig1='355570') OR (par_cod_asig2='355570') OR (par_cod_asig3='355570'))  [0][0] OK
C:[13/11/2012 12:22:09.09][181.182.8.146][1219] SELECT pre_cod_asig1,pre_cod_asig2,pre_cod_asig3,pre_cod_asig4,pre_cod_asig5,pre_cod_asig6,pre_cod_asig7 FROM tblaca009 WHERE pensum='5' AND c_uni_ca='5' AND c_asigna='300676' [1][0] OK
C:[13/11/2012 12:22:09.09][181.182.8.146][1219] SELECT pre_cod_asig1,pre_cod_asig2,pre_cod_asig3,pre_cod_asig4,pre_cod_asig5,pre_cod_asig6,pre_cod_asig7 FROM tblaca009 WHERE pensum='5' AND c_uni_ca='5' AND c_asigna='355722' [1][0] OK
C:[13/11/2012 12:22:09.09][181.182.8.146][1232] SELECT c_asigna FROM dace004 WHERE exp_e='06-19093086' AND c_asigna='355691' AND status IN ('0','3','B') [1][0] OK
C:[13/11/2012 12:22:09.09][181.182.8.146][1232] SELECT c_asigna FROM dace004 WHERE exp_e='06-19093086' AND c_asigna='355595' AND status IN ('0','3','B') [1][0] OK
C:[13/11/2012 12:22:09.09][181.182.8.146][1219] SELECT pre_cod_asig1,pre_cod_asig2,pre_cod_asig3,pre_cod_asig4,pre_cod_asig5,pre_cod_asig6,pre_cod_asig7 FROM tblaca009 WHERE pensum='5' AND c_uni_ca='5' AND c_asigna='355724' [1][0] OK
C:[13/11/2012 12:22:09.09][181.182.8.146][1232] SELECT c_asigna FROM dace004 WHERE exp_e='06-19093086' AND c_asigna='355692' AND status IN ('0','3','B') [1][0] OK
C:[13/11/2012 12:22:09.09][181.182.8.146][1219] SELECT pre_cod_asig1,pre_cod_asig2,pre_cod_asig3,pre_cod_asig4,pre_cod_asig5,pre_cod_asig6,pre_cod_asig7 FROM tblaca009 WHERE pensum='5' AND c_uni_ca='5' AND c_asigna='355835' [1][0] OK
C:[13/11/2012 12:22:09.09][181.182.8.146][1232] SELECT c_asigna FROM dace004 WHERE exp_e='06-19093086' AND c_asigna='355691' AND status IN ('0','3','B') [1][0] OK
C:[13/11/2012 12:22:09.09][181.182.8.146][1219] SELECT pre_cod_asig1,pre_cod_asig2,pre_cod_asig3,pre_cod_asig4,pre_cod_asig5,pre_cod_asig6,pre_cod_asig7 FROM tblaca009 WHERE pensum='5' AND c_uni_ca='5' AND c_asigna='355951' [1][0] OK
C:[13/11/2012 12:22:09.09][181.182.8.146][1232] SELECT c_asigna FROM dace004 WHERE exp_e='06-19093086' AND c_asigna='355691' AND status IN ('0','3','B') [1][0] OK
C:[13/11/2012 12:22:10.35][181.182.8.146][1263] SELECT par_cod_asig1,par_cod_asig2,par_cod_asig3 FROM tblaca009 WHERE pensum='5' AND c_uni_ca='5' AND c_asigna='300676' [1][0] OK
C:[13/11/2012 12:22:10.35][181.182.8.146][1263] SELECT par_cod_asig1,par_cod_asig2,par_cod_asig3 FROM tblaca009 WHERE pensum='5' AND c_uni_ca='5' AND c_asigna='355722' [1][0] OK
C:[13/11/2012 12:22:10.35][181.182.8.146][1263] SELECT par_cod_asig1,par_cod_asig2,par_cod_asig3 FROM tblaca009 WHERE pensum='5' AND c_uni_ca='5' AND c_asigna='355724' [1][0] OK
C:[13/11/2012 12:22:10.35][181.182.8.146][1263] SELECT par_cod_asig1,par_cod_asig2,par_cod_asig3 FROM tblaca009 WHERE pensum='5' AND c_uni_ca='5' AND c_asigna='355835' [1][0] OK
C:[13/11/2012 12:22:10.35][181.182.8.146][1263] SELECT par_cod_asig1,par_cod_asig2,par_cod_asig3 FROM tblaca009 WHERE pensum='5' AND c_uni_ca='5' AND c_asigna='355951' [1][0] OK
C:[13/11/2012 12:22:10.97][181.182.8.146][1334] SELECT c_asigna FROM tblaca009 WHERE pensum='5' AND c_uni_ca='5' AND ((par_cod_asig1='355572') OR (par_cod_asig2='355572') OR (par_cod_asig3='355572'))  [0][0] OK
C:[13/11/2012 12:23:42.90][190.94.234.25][1219] SELECT pre_cod_asig1,pre_cod_asig2,pre_cod_asig3,pre_cod_asig4,pre_cod_asig5,pre_cod_asig6,pre_cod_asig7 FROM tblaca009 WHERE pensum='5' AND c_uni_ca='5' AND c_asigna='355571' [1][0] OK
C:[13/11/2012 12:23:42.90][190.94.234.25][1232] SELECT c_asigna FROM dace004 WHERE exp_e='08-20607964' AND c_asigna='355447' AND status IN ('0','3','B') [1][0] OK
C:[13/11/2012 12:23:42.90][190.94.234.25][1219] SELECT pre_cod_asig1,pre_cod_asig2,pre_cod_asig3,pre_cod_asig4,pre_cod_asig5,pre_cod_asig6,pre_cod_asig7 FROM tblaca009 WHERE pensum='5' AND c_uni_ca='5' AND c_asigna='355572' [1][0] OK
C:[13/11/2012 12:23:42.90][190.94.234.25][1232] SELECT c_asigna FROM dace004 WHERE exp_e='08-20607964' AND c_asigna='300428' AND status IN ('0','3','B') [1][0] OK
C:[13/11/2012 12:23:42.90][190.94.234.25][1219] SELECT pre_cod_asig1,pre_cod_asig2,pre_cod_asig3,pre_cod_asig4,pre_cod_asig5,pre_cod_asig6,pre_cod_asig7 FROM tblaca009 WHERE pensum='5' AND c_uni_ca='5' AND c_asigna='355573' [1][0] OK
C:[13/11/2012 12:23:42.90][190.94.234.25][1232] SELECT c_asigna FROM dace004 WHERE exp_e='08-20607964' AND c_asigna='355448' AND status IN ('0','3','B') [1][0] OK
C:[13/11/2012 12:23:42.90][190.94.234.25][1219] SELECT pre_cod_asig1,pre_cod_asig2,pre_cod_asig3,pre_cod_asig4,pre_cod_asig5,pre_cod_asig6,pre_cod_asig7 FROM tblaca009 WHERE pensum='5' AND c_uni_ca='5' AND c_asigna='355595' [1][0] OK
C:[13/11/2012 12:23:42.90][190.94.234.25][1232] SELECT c_asigna FROM dace004 WHERE exp_e='08-20607964' AND c_asigna='351451' AND status IN ('0','3','B') [1][0] OK
C:[13/11/2012 12:23:42.90][190.94.234.25][1232] SELECT c_asigna FROM dace004 WHERE exp_e='08-20607964' AND c_asigna='355350' AND status IN ('0','3','B') [1][0] OK
C:[13/11/2012 12:23:42.90][190.94.234.25][1232] SELECT c_asigna FROM dace004 WHERE exp_e='08-20607964' AND c_asigna='300318' AND status IN ('0','3','B') [1][0] OK
C:[13/11/2012 12:23:43.14][190.94.234.25][1263] SELECT par_cod_asig1,par_cod_asig2,par_cod_asig3 FROM tblaca009 WHERE pensum='5' AND c_uni_ca='5' AND c_asigna='355571' [1][0] OK
C:[13/11/2012 12:23:43.14][190.94.234.25][1263] SELECT par_cod_asig1,par_cod_asig2,par_cod_asig3 FROM tblaca009 WHERE pensum='5' AND c_uni_ca='5' AND c_asigna='355572' [1][0] OK
C:[13/11/2012 12:23:43.14][190.94.234.25][1263] SELECT par_cod_asig1,par_cod_asig2,par_cod_asig3 FROM tblaca009 WHERE pensum='5' AND c_uni_ca='5' AND c_asigna='355573' [1][0] OK
C:[13/11/2012 12:23:43.14][190.94.234.25][1263] SELECT par_cod_asig1,par_cod_asig2,par_cod_asig3 FROM tblaca009 WHERE pensum='5' AND c_uni_ca='5' AND c_asigna='355595' [1][0] OK
C:[13/11/2012 12:23:43.64][190.94.234.25][1334] SELECT c_asigna FROM tblaca009 WHERE pensum='5' AND c_uni_ca='5' AND ((par_cod_asig1='355570') OR (par_cod_asig2='355570') OR (par_cod_asig3='355570'))  [0][0] OK
C:[13/11/2012 12:27:53.38][190.94.234.25][1219] SELECT pre_cod_asig1,pre_cod_asig2,pre_cod_asig3,pre_cod_asig4,pre_cod_asig5,pre_cod_asig6,pre_cod_asig7 FROM tblaca009 WHERE pensum='5' AND c_uni_ca='5' AND c_asigna='300428' [1][0] OK
C:[13/11/2012 12:27:53.38][190.94.234.25][1232] SELECT c_asigna FROM dace004 WHERE exp_e='10-21248246' AND c_asigna='300317' AND status IN ('0','3','B') [1][0] OK
C:[13/11/2012 12:27:53.38][190.94.234.25][1232] SELECT c_asigna FROM dace004 WHERE exp_e='10-21248246' AND c_asigna='300209' AND status IN ('0','3','B') [1][0] OK
C:[13/11/2012 12:27:53.75][190.94.234.25][1263] SELECT par_cod_asig1,par_cod_asig2,par_cod_asig3 FROM tblaca009 WHERE pensum='5' AND c_uni_ca='5' AND c_asigna='300428' [1][0] OK
C:[13/11/2012 12:27:53.88][190.94.234.25][1334] SELECT c_asigna FROM tblaca009 WHERE pensum='5' AND c_uni_ca='5' AND ((par_cod_asig1='355570') OR (par_cod_asig2='355570') OR (par_cod_asig3='355570'))  [0][0] OK
C:[13/11/2012 12:30:32.32][190.121.239.151][1219] SELECT pre_cod_asig1,pre_cod_asig2,pre_cod_asig3,pre_cod_asig4,pre_cod_asig5,pre_cod_asig6,pre_cod_asig7 FROM tblaca009 WHERE pensum='5' AND c_uni_ca='6' AND c_asigna='344047' [1][0] OK
C:[13/11/2012 12:30:32.32][190.121.239.151][1232] SELECT c_asigna FROM dace004 WHERE exp_e='02-15908444' AND c_asigna='344715' AND status IN ('0','3','B') [1][0] OK
C:[13/11/2012 12:30:32.32][190.121.239.151][1232] SELECT c_asigna FROM dace004 WHERE exp_e='02-15908444' AND c_asigna='344843' AND status IN ('0','3','B') [1][0] OK
C:[13/11/2012 12:30:32.32][190.121.239.151][1232] SELECT c_asigna FROM dace004 WHERE exp_e='02-15908444' AND c_asigna='300313' AND status IN ('0','3','B') [0][0] OK
C:[13/11/2012 12:30:32.32][190.121.239.151][1219] SELECT pre_cod_asig1,pre_cod_asig2,pre_cod_asig3,pre_cod_asig4,pre_cod_asig5,pre_cod_asig6,pre_cod_asig7 FROM tblaca009 WHERE pensum='5' AND c_uni_ca='6' AND c_asigna='344732' [1][0] OK
C:[13/11/2012 12:30:32.32][190.121.239.151][1232] SELECT c_asigna FROM dace004 WHERE exp_e='02-15908444' AND c_asigna='344687' AND status IN ('0','3','B') [1][0] OK
C:[13/11/2012 12:30:32.32][190.121.239.151][1219] SELECT pre_cod_asig1,pre_cod_asig2,pre_cod_asig3,pre_cod_asig4,pre_cod_asig5,pre_cod_asig6,pre_cod_asig7 FROM tblaca009 WHERE pensum='5' AND c_uni_ca='6' AND c_asigna='344948' [1][0] OK
C:[13/11/2012 12:30:32.32][190.121.239.151][1219] SELECT pre_cod_asig1,pre_cod_asig2,pre_cod_asig3,pre_cod_asig4,pre_cod_asig5,pre_cod_asig6,pre_cod_asig7 FROM tblaca009 WHERE pensum='5' AND c_uni_ca='6' AND c_asigna='344951' [1][0] OK
C:[13/11/2012 12:30:32.32][190.121.239.151][1232] SELECT c_asigna FROM dace004 WHERE exp_e='02-15908444' AND c_asigna='344689' AND status IN ('0','3','B') [1][0] OK
C:[13/11/2012 12:30:32.32][190.121.239.151][1232] SELECT c_asigna FROM dace004 WHERE exp_e='02-15908444' AND c_asigna='344687' AND status IN ('0','3','B') [1][0] OK
C:[13/11/2012 12:30:32.32][190.121.239.151][1219] SELECT pre_cod_asig1,pre_cod_asig2,pre_cod_asig3,pre_cod_asig4,pre_cod_asig5,pre_cod_asig6,pre_cod_asig7 FROM tblaca009 WHERE pensum='5' AND c_uni_ca='6' AND c_asigna='344953' [1][0] OK
C:[13/11/2012 12:30:32.32][190.121.239.151][1219] SELECT pre_cod_asig1,pre_cod_asig2,pre_cod_asig3,pre_cod_asig4,pre_cod_asig5,pre_cod_asig6,pre_cod_asig7 FROM tblaca009 WHERE pensum='5' AND c_uni_ca='6' AND c_asigna='344963' [1][0] OK
C:[13/11/2012 12:30:32.82][190.121.239.151][1263] SELECT par_cod_asig1,par_cod_asig2,par_cod_asig3 FROM tblaca009 WHERE pensum='5' AND c_uni_ca='6' AND c_asigna='344047' [1][0] OK
C:[13/11/2012 12:30:32.82][190.121.239.151][1263] SELECT par_cod_asig1,par_cod_asig2,par_cod_asig3 FROM tblaca009 WHERE pensum='5' AND c_uni_ca='6' AND c_asigna='344732' [1][0] OK
C:[13/11/2012 12:30:32.82][190.121.239.151][1263] SELECT par_cod_asig1,par_cod_asig2,par_cod_asig3 FROM tblaca009 WHERE pensum='5' AND c_uni_ca='6' AND c_asigna='344948' [1][0] OK
C:[13/11/2012 12:30:32.82][190.121.239.151][1263] SELECT par_cod_asig1,par_cod_asig2,par_cod_asig3 FROM tblaca009 WHERE pensum='5' AND c_uni_ca='6' AND c_asigna='344951' [1][0] OK
C:[13/11/2012 12:30:32.82][190.121.239.151][1263] SELECT par_cod_asig1,par_cod_asig2,par_cod_asig3 FROM tblaca009 WHERE pensum='5' AND c_uni_ca='6' AND c_asigna='344953' [1][0] OK
C:[13/11/2012 12:30:32.82][190.121.239.151][1263] SELECT par_cod_asig1,par_cod_asig2,par_cod_asig3 FROM tblaca009 WHERE pensum='5' AND c_uni_ca='6' AND c_asigna='344963' [1][0] OK
C:[13/11/2012 12:35:04.69][190.200.25.171][1219] SELECT pre_cod_asig1,pre_cod_asig2,pre_cod_asig3,pre_cod_asig4,pre_cod_asig5,pre_cod_asig6,pre_cod_asig7 FROM tblaca009 WHERE pensum='5' AND c_uni_ca='5' AND c_asigna='355571' [1][0] OK
C:[13/11/2012 12:35:04.69][190.200.25.171][1232] SELECT c_asigna FROM dace004 WHERE exp_e='09-20222989' AND c_asigna='355447' AND status IN ('0','3','B') [1][0] OK
C:[13/11/2012 12:35:04.94][190.200.25.171][1263] SELECT par_cod_asig1,par_cod_asig2,par_cod_asig3 FROM tblaca009 WHERE pensum='5' AND c_uni_ca='5' AND c_asigna='355571' [1][0] OK
C:[13/11/2012 12:35:04.07][190.200.25.171][1334] SELECT c_asigna FROM tblaca009 WHERE pensum='5' AND c_uni_ca='5' AND ((par_cod_asig1='355570') OR (par_cod_asig2='355570') OR (par_cod_asig3='355570'))  [0][0] OK
C:[13/11/2012 13:18:28.76][190.94.234.25][1219] SELECT pre_cod_asig1,pre_cod_asig2,pre_cod_asig3,pre_cod_asig4,pre_cod_asig5,pre_cod_asig6,pre_cod_asig7 FROM tblaca009 WHERE pensum='5' AND c_uni_ca='5' AND c_asigna='300677' [1][0] OK
C:[13/11/2012 13:18:28.76][190.94.234.25][1219] SELECT pre_cod_asig1,pre_cod_asig2,pre_cod_asig3,pre_cod_asig4,pre_cod_asig5,pre_cod_asig6,pre_cod_asig7 FROM tblaca009 WHERE pensum='5' AND c_uni_ca='5' AND c_asigna='355572' [1][0] OK
C:[13/11/2012 13:18:28.76][190.94.234.25][1232] SELECT c_asigna FROM dace004 WHERE exp_e='09-20300145' AND c_asigna='300428' AND status IN ('0','3','B') [1][0] OK
C:[13/11/2012 13:18:28.76][190.94.234.25][1219] SELECT pre_cod_asig1,pre_cod_asig2,pre_cod_asig3,pre_cod_asig4,pre_cod_asig5,pre_cod_asig6,pre_cod_asig7 FROM tblaca009 WHERE pensum='5' AND c_uni_ca='5' AND c_asigna='355573' [1][0] OK
C:[13/11/2012 13:18:28.76][190.94.234.25][1232] SELECT c_asigna FROM dace004 WHERE exp_e='09-20300145' AND c_asigna='355448' AND status IN ('0','3','B') [1][0] OK
C:[13/11/2012 13:18:28.76][190.94.234.25][1219] SELECT pre_cod_asig1,pre_cod_asig2,pre_cod_asig3,pre_cod_asig4,pre_cod_asig5,pre_cod_asig6,pre_cod_asig7 FROM tblaca009 WHERE pensum='5' AND c_uni_ca='5' AND c_asigna='355691' [1][0] OK
C:[13/11/2012 13:18:28.76][190.94.234.25][1232] SELECT c_asigna FROM dace004 WHERE exp_e='09-20300145' AND c_asigna='355571' AND status IN ('0','3','B') [1][0] OK
C:[13/11/2012 13:18:28.64][190.94.234.25][1263] SELECT par_cod_asig1,par_cod_asig2,par_cod_asig3 FROM tblaca009 WHERE pensum='5' AND c_uni_ca='5' AND c_asigna='300677' [1][0] OK
C:[13/11/2012 13:18:28.64][190.94.234.25][1263] SELECT par_cod_asig1,par_cod_asig2,par_cod_asig3 FROM tblaca009 WHERE pensum='5' AND c_uni_ca='5' AND c_asigna='355572' [1][0] OK
C:[13/11/2012 13:18:28.64][190.94.234.25][1263] SELECT par_cod_asig1,par_cod_asig2,par_cod_asig3 FROM tblaca009 WHERE pensum='5' AND c_uni_ca='5' AND c_asigna='355573' [1][0] OK
C:[13/11/2012 13:18:28.64][190.94.234.25][1263] SELECT par_cod_asig1,par_cod_asig2,par_cod_asig3 FROM tblaca009 WHERE pensum='5' AND c_uni_ca='5' AND c_asigna='355691' [1][0] OK
C:[13/11/2012 13:18:28.14][190.94.234.25][1334] SELECT c_asigna FROM tblaca009 WHERE pensum='5' AND c_uni_ca='5' AND ((par_cod_asig1='355570') OR (par_cod_asig2='355570') OR (par_cod_asig3='355570'))  [0][0] OK
C:[13/11/2012 13:32:42.23][190.198.128.137][1219] SELECT pre_cod_asig1,pre_cod_asig2,pre_cod_asig3,pre_cod_asig4,pre_cod_asig5,pre_cod_asig6,pre_cod_asig7 FROM tblaca009 WHERE pensum='5' AND c_uni_ca='5' AND c_asigna='300222' [1][0] OK
C:[13/11/2012 13:32:42.23][190.198.128.137][1232] SELECT c_asigna FROM dace004 WHERE exp_e='09-21340588' AND c_asigna='300112' AND status IN ('0','3','B') [1][0] OK
C:[13/11/2012 13:32:42.23][190.198.128.137][1219] SELECT pre_cod_asig1,pre_cod_asig2,pre_cod_asig3,pre_cod_asig4,pre_cod_asig5,pre_cod_asig6,pre_cod_asig7 FROM tblaca009 WHERE pensum='5' AND c_uni_ca='5' AND c_asigna='352440' [1][0] OK
C:[13/11/2012 13:32:42.23][190.198.128.137][1232] SELECT c_asigna FROM dace004 WHERE exp_e='09-21340588' AND c_asigna='300317' AND status IN ('0','3','B') [1][0] OK
C:[13/11/2012 13:32:42.23][190.198.128.137][1232] SELECT c_asigna FROM dace004 WHERE exp_e='09-21340588' AND c_asigna='300013' AND status IN ('0','3','B') [1][0] OK
C:[13/11/2012 13:32:42.23][190.198.128.137][1232] SELECT c_asigna FROM dace004 WHERE exp_e='09-21340588' AND c_asigna='300113' AND status IN ('0','3','B') [1][0] OK
C:[13/11/2012 13:32:42.23][190.198.128.137][1219] SELECT pre_cod_asig1,pre_cod_asig2,pre_cod_asig3,pre_cod_asig4,pre_cod_asig5,pre_cod_asig6,pre_cod_asig7 FROM tblaca009 WHERE pensum='5' AND c_uni_ca='5' AND c_asigna='355571' [1][0] OK
C:[13/11/2012 13:32:42.23][190.198.128.137][1232] SELECT c_asigna FROM dace004 WHERE exp_e='09-21340588' AND c_asigna='355447' AND status IN ('0','3','B') [1][0] OK
C:[13/11/2012 13:32:42.23][190.198.128.137][1219] SELECT pre_cod_asig1,pre_cod_asig2,pre_cod_asig3,pre_cod_asig4,pre_cod_asig5,pre_cod_asig6,pre_cod_asig7 FROM tblaca009 WHERE pensum='5' AND c_uni_ca='5' AND c_asigna='355573' [1][0] OK
C:[13/11/2012 13:32:42.23][190.198.128.137][1232] SELECT c_asigna FROM dace004 WHERE exp_e='09-21340588' AND c_asigna='355448' AND status IN ('0','3','B') [1][0] OK
C:[13/11/2012 13:32:43.49][190.198.128.137][1263] SELECT par_cod_asig1,par_cod_asig2,par_cod_asig3 FROM tblaca009 WHERE pensum='5' AND c_uni_ca='5' AND c_asigna='300222' [1][0] OK
C:[13/11/2012 13:32:43.49][190.198.128.137][1263] SELECT par_cod_asig1,par_cod_asig2,par_cod_asig3 FROM tblaca009 WHERE pensum='5' AND c_uni_ca='5' AND c_asigna='352440' [1][0] OK
C:[13/11/2012 13:32:43.49][190.198.128.137][1263] SELECT par_cod_asig1,par_cod_asig2,par_cod_asig3 FROM tblaca009 WHERE pensum='5' AND c_uni_ca='5' AND c_asigna='355571' [1][0] OK
C:[13/11/2012 13:32:43.49][190.198.128.137][1263] SELECT par_cod_asig1,par_cod_asig2,par_cod_asig3 FROM tblaca009 WHERE pensum='5' AND c_uni_ca='5' AND c_asigna='355573' [1][0] OK
C:[13/11/2012 13:32:43.99][190.198.128.137][1334] SELECT c_asigna FROM tblaca009 WHERE pensum='5' AND c_uni_ca='5' AND ((par_cod_asig1='355570') OR (par_cod_asig2='355570') OR (par_cod_asig3='355570'))  [0][0] OK
C:[13/11/2012 14:15:39.19][190.37.175.6][1219] SELECT pre_cod_asig1,pre_cod_asig2,pre_cod_asig3,pre_cod_asig4,pre_cod_asig5,pre_cod_asig6,pre_cod_asig7 FROM tblaca009 WHERE pensum='5' AND c_uni_ca='5' AND c_asigna='300314' [1][0] OK
C:[13/11/2012 14:15:39.19][190.37.175.6][1232] SELECT c_asigna FROM dace004 WHERE exp_e='12-20505948' AND c_asigna='300106' AND status IN ('0','3','B') [1][0] OK
C:[13/11/2012 14:15:39.19][190.37.175.6][1219] SELECT pre_cod_asig1,pre_cod_asig2,pre_cod_asig3,pre_cod_asig4,pre_cod_asig5,pre_cod_asig6,pre_cod_asig7 FROM tblaca009 WHERE pensum='5' AND c_uni_ca='5' AND c_asigna='300222' [1][0] OK
C:[13/11/2012 14:15:39.19][190.37.175.6][1232] SELECT c_asigna FROM dace004 WHERE exp_e='12-20505948' AND c_asigna='300112' AND status IN ('0','3','B') [1][0] OK
C:[13/11/2012 14:15:39.19][190.37.175.6][1219] SELECT pre_cod_asig1,pre_cod_asig2,pre_cod_asig3,pre_cod_asig4,pre_cod_asig5,pre_cod_asig6,pre_cod_asig7 FROM tblaca009 WHERE pensum='5' AND c_uni_ca='5' AND c_asigna='300226' [1][0] OK
C:[13/11/2012 14:15:39.19][190.37.175.6][1232] SELECT c_asigna FROM dace004 WHERE exp_e='12-20505948' AND c_asigna='300116' AND status IN ('0','3','B') [1][0] OK
C:[13/11/2012 14:15:40.94][190.37.175.6][1263] SELECT par_cod_asig1,par_cod_asig2,par_cod_asig3 FROM tblaca009 WHERE pensum='5' AND c_uni_ca='5' AND c_asigna='300314' [1][0] OK
C:[13/11/2012 14:15:40.94][190.37.175.6][1263] SELECT par_cod_asig1,par_cod_asig2,par_cod_asig3 FROM tblaca009 WHERE pensum='5' AND c_uni_ca='5' AND c_asigna='300222' [1][0] OK
C:[13/11/2012 14:15:40.94][190.37.175.6][1263] SELECT par_cod_asig1,par_cod_asig2,par_cod_asig3 FROM tblaca009 WHERE pensum='5' AND c_uni_ca='5' AND c_asigna='300226' [1][0] OK
C:[13/11/2012 14:16:25.95][172.16.9.3][1219] SELECT pre_cod_asig1,pre_cod_asig2,pre_cod_asig3,pre_cod_asig4,pre_cod_asig5,pre_cod_asig6,pre_cod_asig7 FROM tblaca009 WHERE pensum='5' AND c_uni_ca='5' AND c_asigna='355724' [1][0] OK
C:[13/11/2012 14:16:25.95][172.16.9.3][1232] SELECT c_asigna FROM dace004 WHERE exp_e='05-18666425' AND c_asigna='355692' AND status IN ('0','3','B') [1][0] OK
C:[13/11/2012 14:16:25.95][172.16.9.3][1219] SELECT pre_cod_asig1,pre_cod_asig2,pre_cod_asig3,pre_cod_asig4,pre_cod_asig5,pre_cod_asig6,pre_cod_asig7 FROM tblaca009 WHERE pensum='5' AND c_uni_ca='5' AND c_asigna='355696' [1][0] OK
C:[13/11/2012 14:16:25.95][172.16.9.3][1232] SELECT c_asigna FROM dace004 WHERE exp_e='05-18666425' AND c_asigna='355570' AND status IN ('0','3','B') [1][0] OK
C:[13/11/2012 14:16:25.95][172.16.9.3][1232] SELECT c_asigna FROM dace004 WHERE exp_e='05-18666425' AND c_asigna='355571' AND status IN ('0','3','B') [1][0] OK
C:[13/11/2012 14:16:25.95][172.16.9.3][1219] SELECT pre_cod_asig1,pre_cod_asig2,pre_cod_asig3,pre_cod_asig4,pre_cod_asig5,pre_cod_asig6,pre_cod_asig7 FROM tblaca009 WHERE pensum='5' AND c_uni_ca='5' AND c_asigna='355725' [1][0] OK
C:[13/11/2012 14:16:25.95][172.16.9.3][1232] SELECT c_asigna FROM dace004 WHERE exp_e='05-18666425' AND c_asigna='355693' AND status IN ('0','3','B') [1][0] OK
C:[13/11/2012 14:16:25.95][172.16.9.3][1232] SELECT c_asigna FROM dace004 WHERE exp_e='05-18666425' AND c_asigna='355692' AND status IN ('0','3','B') [1][0] OK
C:[13/11/2012 14:16:25.95][172.16.9.3][1219] SELECT pre_cod_asig1,pre_cod_asig2,pre_cod_asig3,pre_cod_asig4,pre_cod_asig5,pre_cod_asig6,pre_cod_asig7 FROM tblaca009 WHERE pensum='5' AND c_uni_ca='5' AND c_asigna='355833' [1][0] OK
C:[13/11/2012 14:16:25.95][172.16.9.3][1232] SELECT c_asigna FROM dace004 WHERE exp_e='05-18666425' AND c_asigna='355694' AND status IN ('0','3','B') [1][0] OK
C:[13/11/2012 14:16:25.95][172.16.9.3][1219] SELECT pre_cod_asig1,pre_cod_asig2,pre_cod_asig3,pre_cod_asig4,pre_cod_asig5,pre_cod_asig6,pre_cod_asig7 FROM tblaca009 WHERE pensum='5' AND c_uni_ca='5' AND c_asigna='355953' [1][0] OK
C:[13/11/2012 14:16:25.95][172.16.9.3][1232] SELECT c_asigna FROM dace004 WHERE exp_e='05-18666425' AND c_asigna='355691' AND status IN ('0','3','B') [1][0] OK
C:[13/11/2012 14:16:25.45][172.16.9.3][1263] SELECT par_cod_asig1,par_cod_asig2,par_cod_asig3 FROM tblaca009 WHERE pensum='5' AND c_uni_ca='5' AND c_asigna='355724' [1][0] OK
C:[13/11/2012 14:16:25.45][172.16.9.3][1263] SELECT par_cod_asig1,par_cod_asig2,par_cod_asig3 FROM tblaca009 WHERE pensum='5' AND c_uni_ca='5' AND c_asigna='355696' [1][0] OK
C:[13/11/2012 14:16:25.45][172.16.9.3][1263] SELECT par_cod_asig1,par_cod_asig2,par_cod_asig3 FROM tblaca009 WHERE pensum='5' AND c_uni_ca='5' AND c_asigna='355725' [1][0] OK
C:[13/11/2012 14:16:25.45][172.16.9.3][1263] SELECT par_cod_asig1,par_cod_asig2,par_cod_asig3 FROM tblaca009 WHERE pensum='5' AND c_uni_ca='5' AND c_asigna='355833' [1][0] OK
C:[13/11/2012 14:16:25.45][172.16.9.3][1263] SELECT par_cod_asig1,par_cod_asig2,par_cod_asig3 FROM tblaca009 WHERE pensum='5' AND c_uni_ca='5' AND c_asigna='355953' [1][0] OK
C:[13/11/2012 14:21:53.74][172.16.9.4][1219] SELECT pre_cod_asig1,pre_cod_asig2,pre_cod_asig3,pre_cod_asig4,pre_cod_asig5,pre_cod_asig6,pre_cod_asig7 FROM tblaca009 WHERE pensum='5' AND c_uni_ca='5' AND c_asigna='355696' [1][0] OK
C:[13/11/2012 14:21:53.74][172.16.9.4][1232] SELECT c_asigna FROM dace004 WHERE exp_e='05-18666425' AND c_asigna='355570' AND status IN ('0','3','B') [1][0] OK
C:[13/11/2012 14:21:53.74][172.16.9.4][1232] SELECT c_asigna FROM dace004 WHERE exp_e='05-18666425' AND c_asigna='355571' AND status IN ('0','3','B') [1][0] OK
C:[13/11/2012 14:21:53.74][172.16.9.4][1219] SELECT pre_cod_asig1,pre_cod_asig2,pre_cod_asig3,pre_cod_asig4,pre_cod_asig5,pre_cod_asig6,pre_cod_asig7 FROM tblaca009 WHERE pensum='5' AND c_uni_ca='5' AND c_asigna='355724' [1][0] OK
C:[13/11/2012 14:21:53.74][172.16.9.4][1232] SELECT c_asigna FROM dace004 WHERE exp_e='05-18666425' AND c_asigna='355692' AND status IN ('0','3','B') [1][0] OK
C:[13/11/2012 14:21:53.74][172.16.9.4][1219] SELECT pre_cod_asig1,pre_cod_asig2,pre_cod_asig3,pre_cod_asig4,pre_cod_asig5,pre_cod_asig6,pre_cod_asig7 FROM tblaca009 WHERE pensum='5' AND c_uni_ca='5' AND c_asigna='355725' [1][0] OK
C:[13/11/2012 14:21:53.74][172.16.9.4][1232] SELECT c_asigna FROM dace004 WHERE exp_e='05-18666425' AND c_asigna='355693' AND status IN ('0','3','B') [1][0] OK
C:[13/11/2012 14:21:53.74][172.16.9.4][1232] SELECT c_asigna FROM dace004 WHERE exp_e='05-18666425' AND c_asigna='355692' AND status IN ('0','3','B') [1][0] OK
C:[13/11/2012 14:21:53.74][172.16.9.4][1219] SELECT pre_cod_asig1,pre_cod_asig2,pre_cod_asig3,pre_cod_asig4,pre_cod_asig5,pre_cod_asig6,pre_cod_asig7 FROM tblaca009 WHERE pensum='5' AND c_uni_ca='5' AND c_asigna='355833' [1][0] OK
C:[13/11/2012 14:21:53.74][172.16.9.4][1232] SELECT c_asigna FROM dace004 WHERE exp_e='05-18666425' AND c_asigna='355694' AND status IN ('0','3','B') [1][0] OK
C:[13/11/2012 14:21:53.74][172.16.9.4][1219] SELECT pre_cod_asig1,pre_cod_asig2,pre_cod_asig3,pre_cod_asig4,pre_cod_asig5,pre_cod_asig6,pre_cod_asig7 FROM tblaca009 WHERE pensum='5' AND c_uni_ca='5' AND c_asigna='355953' [1][0] OK
C:[13/11/2012 14:21:53.74][172.16.9.4][1232] SELECT c_asigna FROM dace004 WHERE exp_e='05-18666425' AND c_asigna='355691' AND status IN ('0','3','B') [1][0] OK
C:[13/11/2012 14:21:53.24][172.16.9.4][1263] SELECT par_cod_asig1,par_cod_asig2,par_cod_asig3 FROM tblaca009 WHERE pensum='5' AND c_uni_ca='5' AND c_asigna='355696' [1][0] OK
C:[13/11/2012 14:21:53.24][172.16.9.4][1263] SELECT par_cod_asig1,par_cod_asig2,par_cod_asig3 FROM tblaca009 WHERE pensum='5' AND c_uni_ca='5' AND c_asigna='355724' [1][0] OK
C:[13/11/2012 14:21:53.24][172.16.9.4][1263] SELECT par_cod_asig1,par_cod_asig2,par_cod_asig3 FROM tblaca009 WHERE pensum='5' AND c_uni_ca='5' AND c_asigna='355725' [1][0] OK
C:[13/11/2012 14:21:53.24][172.16.9.4][1263] SELECT par_cod_asig1,par_cod_asig2,par_cod_asig3 FROM tblaca009 WHERE pensum='5' AND c_uni_ca='5' AND c_asigna='355833' [1][0] OK
C:[13/11/2012 14:21:53.24][172.16.9.4][1263] SELECT par_cod_asig1,par_cod_asig2,par_cod_asig3 FROM tblaca009 WHERE pensum='5' AND c_uni_ca='5' AND c_asigna='355953' [1][0] OK
C:[13/11/2012 14:45:11.07][172.16.8.251][1219] SELECT pre_cod_asig1,pre_cod_asig2,pre_cod_asig3,pre_cod_asig4,pre_cod_asig5,pre_cod_asig6,pre_cod_asig7 FROM tblaca009 WHERE pensum='5' AND c_uni_ca='4' AND c_asigna='300209' [1][0] OK
C:[13/11/2012 14:45:11.07][172.16.8.251][1232] SELECT c_asigna FROM dace004 WHERE exp_e='11-25512466' AND c_asigna='300101' AND status IN ('0','3','B') [1][0] OK
C:[13/11/2012 14:45:11.07][172.16.8.251][1219] SELECT pre_cod_asig1,pre_cod_asig2,pre_cod_asig3,pre_cod_asig4,pre_cod_asig5,pre_cod_asig6,pre_cod_asig7 FROM tblaca009 WHERE pensum='5' AND c_uni_ca='4' AND c_asigna='300013' [1][0] OK
C:[13/11/2012 14:45:11.45][172.16.8.251][1263] SELECT par_cod_asig1,par_cod_asig2,par_cod_asig3 FROM tblaca009 WHERE pensum='5' AND c_uni_ca='4' AND c_asigna='300209' [1][0] OK
C:[13/11/2012 14:45:11.45][172.16.8.251][1263] SELECT par_cod_asig1,par_cod_asig2,par_cod_asig3 FROM tblaca009 WHERE pensum='5' AND c_uni_ca='4' AND c_asigna='300013' [1][0] OK
C:[13/11/2012 14:53:23.11][172.16.8.125][1219] SELECT pre_cod_asig1,pre_cod_asig2,pre_cod_asig3,pre_cod_asig4,pre_cod_asig5,pre_cod_asig6,pre_cod_asig7 FROM tblaca009 WHERE pensum='5' AND c_uni_ca='3' AND c_asigna='311551' [1][0] OK
C:[13/11/2012 14:53:23.11][172.16.8.125][1232] SELECT c_asigna FROM dace004 WHERE exp_e='09-20808341' AND c_asigna='311430' AND status IN ('0','3','B') [1][0] OK
C:[13/11/2012 14:53:23.11][172.16.8.125][1232] SELECT c_asigna FROM dace004 WHERE exp_e='09-20808341' AND c_asigna='311431' AND status IN ('0','3','B') [1][0] OK
C:[13/11/2012 14:53:23.11][172.16.8.125][1232] SELECT c_asigna FROM dace004 WHERE exp_e='09-20808341' AND c_asigna='300222' AND status IN ('0','3','B') [1][0] OK
C:[13/11/2012 14:53:23.11][172.16.8.125][1232] SELECT c_asigna FROM dace004 WHERE exp_e='09-20808341' AND c_asigna='300226' AND status IN ('0','3','B') [1][0] OK
C:[13/11/2012 14:53:23.11][172.16.8.125][1232] SELECT c_asigna FROM dace004 WHERE exp_e='09-20808341' AND c_asigna='300209' AND status IN ('0','3','B') [1][0] OK
C:[13/11/2012 14:53:23.11][172.16.8.125][1232] SELECT c_asigna FROM dace004 WHERE exp_e='09-20808341' AND c_asigna='311320' AND status IN ('0','3','B') [1][0] OK
C:[13/11/2012 14:53:23.11][172.16.8.125][1219] SELECT pre_cod_asig1,pre_cod_asig2,pre_cod_asig3,pre_cod_asig4,pre_cod_asig5,pre_cod_asig6,pre_cod_asig7 FROM tblaca009 WHERE pensum='5' AND c_uni_ca='3' AND c_asigna='311552' [1][0] OK
C:[13/11/2012 14:53:23.11][172.16.8.125][1232] SELECT c_asigna FROM dace004 WHERE exp_e='09-20808341' AND c_asigna='300317' AND status IN ('0','3','B') [1][0] OK
C:[13/11/2012 14:53:23.11][172.16.8.125][1232] SELECT c_asigna FROM dace004 WHERE exp_e='09-20808341' AND c_asigna='300209' AND status IN ('0','3','B') [1][0] OK
C:[13/11/2012 14:53:23.11][172.16.8.125][1219] SELECT pre_cod_asig1,pre_cod_asig2,pre_cod_asig3,pre_cod_asig4,pre_cod_asig5,pre_cod_asig6,pre_cod_asig7 FROM tblaca009 WHERE pensum='5' AND c_uni_ca='3' AND c_asigna='311554' [1][0] OK
C:[13/11/2012 14:53:23.11][172.16.8.125][1232] SELECT c_asigna FROM dace004 WHERE exp_e='09-20808341' AND c_asigna='300318' AND status IN ('0','3','B') [1][0] OK
C:[13/11/2012 14:53:23.11][172.16.8.125][1232] SELECT c_asigna FROM dace004 WHERE exp_e='09-20808341' AND c_asigna='300428' AND status IN ('0','3','B') [1][0] OK
C:[13/11/2012 14:53:23.11][172.16.8.125][1219] SELECT pre_cod_asig1,pre_cod_asig2,pre_cod_asig3,pre_cod_asig4,pre_cod_asig5,pre_cod_asig6,pre_cod_asig7 FROM tblaca009 WHERE pensum='5' AND c_uni_ca='3' AND c_asigna='312444' [1][0] OK
C:[13/11/2012 14:53:23.11][172.16.8.125][1232] SELECT c_asigna FROM dace004 WHERE exp_e='09-20808341' AND c_asigna='312333' AND status IN ('0','3','B') [1][0] OK
C:[13/11/2012 14:53:24.99][172.16.8.125][1263] SELECT par_cod_asig1,par_cod_asig2,par_cod_asig3 FROM tblaca009 WHERE pensum='5' AND c_uni_ca='3' AND c_asigna='311551' [1][0] OK
C:[13/11/2012 14:53:24.99][172.16.8.125][1263] SELECT par_cod_asig1,par_cod_asig2,par_cod_asig3 FROM tblaca009 WHERE pensum='5' AND c_uni_ca='3' AND c_asigna='311552' [1][0] OK
C:[13/11/2012 14:53:24.99][172.16.8.125][1263] SELECT par_cod_asig1,par_cod_asig2,par_cod_asig3 FROM tblaca009 WHERE pensum='5' AND c_uni_ca='3' AND c_asigna='311554' [1][0] OK
C:[13/11/2012 14:53:24.99][172.16.8.125][1263] SELECT par_cod_asig1,par_cod_asig2,par_cod_asig3 FROM tblaca009 WHERE pensum='5' AND c_uni_ca='3' AND c_asigna='312444' [1][0] OK
C:[13/11/2012 14:53:24.49][172.16.8.125][1334] SELECT c_asigna FROM tblaca009 WHERE pensum='5' AND c_uni_ca='3' AND ((par_cod_asig1='300422') OR (par_cod_asig2='300422') OR (par_cod_asig3='300422'))  [0][0] OK
C:[13/11/2012 14:53:24.49][172.16.8.125][1334] SELECT c_asigna FROM tblaca009 WHERE pensum='5' AND c_uni_ca='3' AND ((par_cod_asig1='310548') OR (par_cod_asig2='310548') OR (par_cod_asig3='310548'))  [0][0] OK
C:[13/11/2012 15:34:51.69][172.16.8.125][1219] SELECT pre_cod_asig1,pre_cod_asig2,pre_cod_asig3,pre_cod_asig4,pre_cod_asig5,pre_cod_asig6,pre_cod_asig7 FROM tblaca009 WHERE pensum='5' AND c_uni_ca='5' AND c_asigna='300222' [1][0] OK
C:[13/11/2012 15:34:51.69][172.16.8.125][1232] SELECT c_asigna FROM dace004 WHERE exp_e='07-20286358' AND c_asigna='300112' AND status IN ('0','3','B') [1][0] OK
C:[13/11/2012 15:34:51.69][172.16.8.125][1219] SELECT pre_cod_asig1,pre_cod_asig2,pre_cod_asig3,pre_cod_asig4,pre_cod_asig5,pre_cod_asig6,pre_cod_asig7 FROM tblaca009 WHERE pensum='5' AND c_uni_ca='5' AND c_asigna='355692' [1][0] OK
C:[13/11/2012 15:34:51.69][172.16.8.125][1232] SELECT c_asigna FROM dace004 WHERE exp_e='07-20286358' AND c_asigna='355448' AND status IN ('0','3','B') [1][0] OK
C:[13/11/2012 15:34:51.69][172.16.8.125][1232] SELECT c_asigna FROM dace004 WHERE exp_e='07-20286358' AND c_asigna='355570' AND status IN ('0','3','B') [1][0] OK
C:[13/11/2012 15:34:51.69][172.16.8.125][1219] SELECT pre_cod_asig1,pre_cod_asig2,pre_cod_asig3,pre_cod_asig4,pre_cod_asig5,pre_cod_asig6,pre_cod_asig7 FROM tblaca009 WHERE pensum='5' AND c_uni_ca='5' AND c_asigna='355694' [1][0] OK
C:[13/11/2012 15:34:51.69][172.16.8.125][1232] SELECT c_asigna FROM dace004 WHERE exp_e='07-20286358' AND c_asigna='355572' AND status IN ('0','3','B') [1][0] OK
C:[13/11/2012 15:34:51.69][172.16.8.125][1232] SELECT c_asigna FROM dace004 WHERE exp_e='07-20286358' AND c_asigna='355571' AND status IN ('0','3','B') [1][0] OK
C:[13/11/2012 15:34:51.69][172.16.8.125][1219] SELECT pre_cod_asig1,pre_cod_asig2,pre_cod_asig3,pre_cod_asig4,pre_cod_asig5,pre_cod_asig6,pre_cod_asig7 FROM tblaca009 WHERE pensum='5' AND c_uni_ca='5' AND c_asigna='355696' [1][0] OK
C:[13/11/2012 15:34:51.69][172.16.8.125][1232] SELECT c_asigna FROM dace004 WHERE exp_e='07-20286358' AND c_asigna='355570' AND status IN ('0','3','B') [1][0] OK
C:[13/11/2012 15:34:51.69][172.16.8.125][1232] SELECT c_asigna FROM dace004 WHERE exp_e='07-20286358' AND c_asigna='355571' AND status IN ('0','3','B') [1][0] OK
C:[13/11/2012 15:34:51.07][172.16.8.125][1263] SELECT par_cod_asig1,par_cod_asig2,par_cod_asig3 FROM tblaca009 WHERE pensum='5' AND c_uni_ca='5' AND c_asigna='300222' [1][0] OK
C:[13/11/2012 15:34:51.07][172.16.8.125][1263] SELECT par_cod_asig1,par_cod_asig2,par_cod_asig3 FROM tblaca009 WHERE pensum='5' AND c_uni_ca='5' AND c_asigna='355692' [1][0] OK
C:[13/11/2012 15:34:51.07][172.16.8.125][1263] SELECT par_cod_asig1,par_cod_asig2,par_cod_asig3 FROM tblaca009 WHERE pensum='5' AND c_uni_ca='5' AND c_asigna='355694' [1][0] OK
C:[13/11/2012 15:34:51.07][172.16.8.125][1263] SELECT par_cod_asig1,par_cod_asig2,par_cod_asig3 FROM tblaca009 WHERE pensum='5' AND c_uni_ca='5' AND c_asigna='355696' [1][0] OK
C:[13/11/2012 15:34:52.57][172.16.8.125][1334] SELECT c_asigna FROM tblaca009 WHERE pensum='5' AND c_uni_ca='5' AND ((par_cod_asig1='355691') OR (par_cod_asig2='355691') OR (par_cod_asig3='355691'))  [0][0] OK
C:[13/11/2012 16:19:42.39][190.37.175.6][1219] SELECT pre_cod_asig1,pre_cod_asig2,pre_cod_asig3,pre_cod_asig4,pre_cod_asig5,pre_cod_asig6,pre_cod_asig7 FROM tblaca009 WHERE pensum='5' AND c_uni_ca='3' AND c_asigna='300013' [1][0] OK
C:[13/11/2012 16:19:42.39][190.37.175.6][1219] SELECT pre_cod_asig1,pre_cod_asig2,pre_cod_asig3,pre_cod_asig4,pre_cod_asig5,pre_cod_asig6,pre_cod_asig7 FROM tblaca009 WHERE pensum='5' AND c_uni_ca='3' AND c_asigna='300113' [1][0] OK
C:[13/11/2012 16:19:42.39][190.37.175.6][1219] SELECT pre_cod_asig1,pre_cod_asig2,pre_cod_asig3,pre_cod_asig4,pre_cod_asig5,pre_cod_asig6,pre_cod_asig7 FROM tblaca009 WHERE pensum='5' AND c_uni_ca='3' AND c_asigna='300116' [1][0] OK
C:[13/11/2012 16:19:42.39][190.37.175.6][1219] SELECT pre_cod_asig1,pre_cod_asig2,pre_cod_asig3,pre_cod_asig4,pre_cod_asig5,pre_cod_asig6,pre_cod_asig7 FROM tblaca009 WHERE pensum='5' AND c_uni_ca='3' AND c_asigna='300207' [1][0] OK
C:[13/11/2012 16:19:42.39][190.37.175.6][1232] SELECT c_asigna FROM dace004 WHERE exp_e='11-23502725' AND c_asigna='300101' AND status IN ('0','3','B') [1][0] OK
C:[13/11/2012 16:19:42.39][190.37.175.6][1219] SELECT pre_cod_asig1,pre_cod_asig2,pre_cod_asig3,pre_cod_asig4,pre_cod_asig5,pre_cod_asig6,pre_cod_asig7 FROM tblaca009 WHERE pensum='5' AND c_uni_ca='3' AND c_asigna='300209' [1][0] OK
C:[13/11/2012 16:19:42.39][190.37.175.6][1232] SELECT c_asigna FROM dace004 WHERE exp_e='11-23502725' AND c_asigna='300101' AND status IN ('0','3','B') [1][0] OK
C:[13/11/2012 16:19:43.26][190.37.175.6][1263] SELECT par_cod_asig1,par_cod_asig2,par_cod_asig3 FROM tblaca009 WHERE pensum='5' AND c_uni_ca='3' AND c_asigna='300013' [1][0] OK
C:[13/11/2012 16:19:43.26][190.37.175.6][1263] SELECT par_cod_asig1,par_cod_asig2,par_cod_asig3 FROM tblaca009 WHERE pensum='5' AND c_uni_ca='3' AND c_asigna='300113' [1][0] OK
C:[13/11/2012 16:19:43.26][190.37.175.6][1277] SELECT c_asigna FROM dace004 WHERE exp_e='11-23502725' AND c_asigna='300013' AND status IN ('0','3','B','C') [0][0] OK
C:[13/11/2012 16:19:43.26][190.37.175.6][1263] SELECT par_cod_asig1,par_cod_asig2,par_cod_asig3 FROM tblaca009 WHERE pensum='5' AND c_uni_ca='3' AND c_asigna='300116' [1][0] OK
C:[13/11/2012 16:19:43.26][190.37.175.6][1263] SELECT par_cod_asig1,par_cod_asig2,par_cod_asig3 FROM tblaca009 WHERE pensum='5' AND c_uni_ca='3' AND c_asigna='300207' [1][0] OK
C:[13/11/2012 16:19:43.26][190.37.175.6][1263] SELECT par_cod_asig1,par_cod_asig2,par_cod_asig3 FROM tblaca009 WHERE pensum='5' AND c_uni_ca='3' AND c_asigna='300209' [1][0] OK
C:[13/11/2012 16:19:43.02][190.37.175.6][1334] SELECT c_asigna FROM tblaca009 WHERE pensum='5' AND c_uni_ca='3' AND ((par_cod_asig1='300213') OR (par_cod_asig2='300213') OR (par_cod_asig3='300213'))  [0][0] OK
C:[13/11/2012 16:20:32.70][190.37.175.6][1219] SELECT pre_cod_asig1,pre_cod_asig2,pre_cod_asig3,pre_cod_asig4,pre_cod_asig5,pre_cod_asig6,pre_cod_asig7 FROM tblaca009 WHERE pensum='5' AND c_uni_ca='3' AND c_asigna='300213' [1][0] OK
C:[13/11/2012 16:20:32.70][190.37.175.6][1232] SELECT c_asigna FROM dace004 WHERE exp_e='11-23502725' AND c_asigna='300101' AND status IN ('0','3','B') [1][0] OK
C:[13/11/2012 16:20:32.70][190.37.175.6][1219] SELECT pre_cod_asig1,pre_cod_asig2,pre_cod_asig3,pre_cod_asig4,pre_cod_asig5,pre_cod_asig6,pre_cod_asig7 FROM tblaca009 WHERE pensum='5' AND c_uni_ca='3' AND c_asigna='300013' [1][0] OK
C:[13/11/2012 16:20:32.70][190.37.175.6][1219] SELECT pre_cod_asig1,pre_cod_asig2,pre_cod_asig3,pre_cod_asig4,pre_cod_asig5,pre_cod_asig6,pre_cod_asig7 FROM tblaca009 WHERE pensum='5' AND c_uni_ca='3' AND c_asigna='300113' [1][0] OK
C:[13/11/2012 16:20:32.70][190.37.175.6][1219] SELECT pre_cod_asig1,pre_cod_asig2,pre_cod_asig3,pre_cod_asig4,pre_cod_asig5,pre_cod_asig6,pre_cod_asig7 FROM tblaca009 WHERE pensum='5' AND c_uni_ca='3' AND c_asigna='300116' [1][0] OK
C:[13/11/2012 16:20:32.70][190.37.175.6][1219] SELECT pre_cod_asig1,pre_cod_asig2,pre_cod_asig3,pre_cod_asig4,pre_cod_asig5,pre_cod_asig6,pre_cod_asig7 FROM tblaca009 WHERE pensum='5' AND c_uni_ca='3' AND c_asigna='300207' [1][0] OK
C:[13/11/2012 16:20:32.70][190.37.175.6][1232] SELECT c_asigna FROM dace004 WHERE exp_e='11-23502725' AND c_asigna='300101' AND status IN ('0','3','B') [1][0] OK
C:[13/11/2012 16:20:32.70][190.37.175.6][1219] SELECT pre_cod_asig1,pre_cod_asig2,pre_cod_asig3,pre_cod_asig4,pre_cod_asig5,pre_cod_asig6,pre_cod_asig7 FROM tblaca009 WHERE pensum='5' AND c_uni_ca='3' AND c_asigna='300209' [1][0] OK
C:[13/11/2012 16:20:32.70][190.37.175.6][1232] SELECT c_asigna FROM dace004 WHERE exp_e='11-23502725' AND c_asigna='300101' AND status IN ('0','3','B') [1][0] OK
C:[13/11/2012 16:20:32.83][190.37.175.6][1263] SELECT par_cod_asig1,par_cod_asig2,par_cod_asig3 FROM tblaca009 WHERE pensum='5' AND c_uni_ca='3' AND c_asigna='300213' [1][0] OK
C:[13/11/2012 16:20:32.83][190.37.175.6][1277] SELECT c_asigna FROM dace004 WHERE exp_e='11-23502725' AND c_asigna='300209' AND status IN ('0','3','B','C') [0][0] OK
C:[13/11/2012 16:20:32.83][190.37.175.6][1263] SELECT par_cod_asig1,par_cod_asig2,par_cod_asig3 FROM tblaca009 WHERE pensum='5' AND c_uni_ca='3' AND c_asigna='300013' [1][0] OK
C:[13/11/2012 16:20:32.83][190.37.175.6][1263] SELECT par_cod_asig1,par_cod_asig2,par_cod_asig3 FROM tblaca009 WHERE pensum='5' AND c_uni_ca='3' AND c_asigna='300113' [1][0] OK
C:[13/11/2012 16:20:32.83][190.37.175.6][1277] SELECT c_asigna FROM dace004 WHERE exp_e='11-23502725' AND c_asigna='300013' AND status IN ('0','3','B','C') [0][0] OK
C:[13/11/2012 16:20:32.83][190.37.175.6][1263] SELECT par_cod_asig1,par_cod_asig2,par_cod_asig3 FROM tblaca009 WHERE pensum='5' AND c_uni_ca='3' AND c_asigna='300116' [1][0] OK
C:[13/11/2012 16:20:32.83][190.37.175.6][1263] SELECT par_cod_asig1,par_cod_asig2,par_cod_asig3 FROM tblaca009 WHERE pensum='5' AND c_uni_ca='3' AND c_asigna='300207' [1][0] OK
C:[13/11/2012 16:20:32.83][190.37.175.6][1263] SELECT par_cod_asig1,par_cod_asig2,par_cod_asig3 FROM tblaca009 WHERE pensum='5' AND c_uni_ca='3' AND c_asigna='300209' [1][0] OK
C:[13/11/2012 16:25:19.13][172.16.12.250][1219] SELECT pre_cod_asig1,pre_cod_asig2,pre_cod_asig3,pre_cod_asig4,pre_cod_asig5,pre_cod_asig6,pre_cod_asig7 FROM tblaca009 WHERE pensum='5' AND c_uni_ca='6' AND c_asigna='300207' [1][0] OK
C:[13/11/2012 16:25:19.13][172.16.12.250][1232] SELECT c_asigna FROM dace004 WHERE exp_e='10-20807522' AND c_asigna='300101' AND status IN ('0','3','B') [1][0] OK
C:[13/11/2012 16:25:19.13][172.16.12.250][1219] SELECT pre_cod_asig1,pre_cod_asig2,pre_cod_asig3,pre_cod_asig4,pre_cod_asig5,pre_cod_asig6,pre_cod_asig7 FROM tblaca009 WHERE pensum='5' AND c_uni_ca='6' AND c_asigna='300209' [1][0] OK
C:[13/11/2012 16:25:19.13][172.16.12.250][1232] SELECT c_asigna FROM dace004 WHERE exp_e='10-20807522' AND c_asigna='300101' AND status IN ('0','3','B') [1][0] OK
C:[13/11/2012 16:25:19.13][172.16.12.250][1219] SELECT pre_cod_asig1,pre_cod_asig2,pre_cod_asig3,pre_cod_asig4,pre_cod_asig5,pre_cod_asig6,pre_cod_asig7 FROM tblaca009 WHERE pensum='5' AND c_uni_ca='6' AND c_asigna='300213' [1][0] OK
C:[13/11/2012 16:25:19.13][172.16.12.250][1232] SELECT c_asigna FROM dace004 WHERE exp_e='10-20807522' AND c_asigna='300101' AND status IN ('0','3','B') [1][0] OK
C:[13/11/2012 16:25:19.13][172.16.12.250][1219] SELECT pre_cod_asig1,pre_cod_asig2,pre_cod_asig3,pre_cod_asig4,pre_cod_asig5,pre_cod_asig6,pre_cod_asig7 FROM tblaca009 WHERE pensum='5' AND c_uni_ca='6' AND c_asigna='300218' [1][0] OK
C:[13/11/2012 16:25:19.13][172.16.12.250][1219] SELECT pre_cod_asig1,pre_cod_asig2,pre_cod_asig3,pre_cod_asig4,pre_cod_asig5,pre_cod_asig6,pre_cod_asig7 FROM tblaca009 WHERE pensum='5' AND c_uni_ca='6' AND c_asigna='300228' [1][0] OK
C:[13/11/2012 16:25:19.13][172.16.12.250][1232] SELECT c_asigna FROM dace004 WHERE exp_e='10-20807522' AND c_asigna='300101' AND status IN ('0','3','B') [1][0] OK
C:[13/11/2012 16:25:19.26][172.16.12.250][1263] SELECT par_cod_asig1,par_cod_asig2,par_cod_asig3 FROM tblaca009 WHERE pensum='5' AND c_uni_ca='6' AND c_asigna='300207' [1][0] OK
C:[13/11/2012 16:25:19.26][172.16.12.250][1263] SELECT par_cod_asig1,par_cod_asig2,par_cod_asig3 FROM tblaca009 WHERE pensum='5' AND c_uni_ca='6' AND c_asigna='300209' [1][0] OK
C:[13/11/2012 16:25:19.26][172.16.12.250][1263] SELECT par_cod_asig1,par_cod_asig2,par_cod_asig3 FROM tblaca009 WHERE pensum='5' AND c_uni_ca='6' AND c_asigna='300213' [1][0] OK
C:[13/11/2012 16:25:19.26][172.16.12.250][1277] SELECT c_asigna FROM dace004 WHERE exp_e='10-20807522' AND c_asigna='300209' AND status IN ('0','3','B','C') [0][0] OK
C:[13/11/2012 16:25:19.26][172.16.12.250][1263] SELECT par_cod_asig1,par_cod_asig2,par_cod_asig3 FROM tblaca009 WHERE pensum='5' AND c_uni_ca='6' AND c_asigna='300218' [1][0] OK
C:[13/11/2012 16:25:19.26][172.16.12.250][1277] SELECT c_asigna FROM dace004 WHERE exp_e='10-20807522' AND c_asigna='300228' AND status IN ('0','3','B','C') [0][0] OK
C:[13/11/2012 16:25:19.26][172.16.12.250][1263] SELECT par_cod_asig1,par_cod_asig2,par_cod_asig3 FROM tblaca009 WHERE pensum='5' AND c_uni_ca='6' AND c_asigna='300228' [1][0] OK
C:[13/11/2012 16:29:13.27][172.16.8.247][1219] SELECT pre_cod_asig1,pre_cod_asig2,pre_cod_asig3,pre_cod_asig4,pre_cod_asig5,pre_cod_asig6,pre_cod_asig7 FROM tblaca009 WHERE pensum='5' AND c_uni_ca='6' AND c_asigna='344714' [1][0] OK
C:[13/11/2012 16:29:13.27][172.16.8.247][1232] SELECT c_asigna FROM dace004 WHERE exp_e='06-17431166' AND c_asigna='344689' AND status IN ('0','3','B') [1][0] OK
C:[13/11/2012 16:29:13.27][172.16.8.247][1232] SELECT c_asigna FROM dace004 WHERE exp_e='06-17431166' AND c_asigna='300313' AND status IN ('0','3','B') [0][0] OK
C:[13/11/2012 16:29:13.27][172.16.8.247][1219] SELECT pre_cod_asig1,pre_cod_asig2,pre_cod_asig3,pre_cod_asig4,pre_cod_asig5,pre_cod_asig6,pre_cod_asig7 FROM tblaca009 WHERE pensum='5' AND c_uni_ca='6' AND c_asigna='300226' [1][0] OK
C:[13/11/2012 16:29:13.27][172.16.8.247][1232] SELECT c_asigna FROM dace004 WHERE exp_e='06-17431166' AND c_asigna='300116' AND status IN ('0','3','B') [1][0] OK
C:[13/11/2012 16:29:13.27][172.16.8.247][1219] SELECT pre_cod_asig1,pre_cod_asig2,pre_cod_asig3,pre_cod_asig4,pre_cod_asig5,pre_cod_asig6,pre_cod_asig7 FROM tblaca009 WHERE pensum='5' AND c_uni_ca='6' AND c_asigna='342679' [1][0] OK
C:[13/11/2012 16:29:13.27][172.16.8.247][1232] SELECT c_asigna FROM dace004 WHERE exp_e='06-17431166' AND c_asigna='342567' AND status IN ('0','3','B') [1][0] OK
C:[13/11/2012 16:29:13.27][172.16.8.247][1219] SELECT pre_cod_asig1,pre_cod_asig2,pre_cod_asig3,pre_cod_asig4,pre_cod_asig5,pre_cod_asig6,pre_cod_asig7 FROM tblaca009 WHERE pensum='5' AND c_uni_ca='6' AND c_asigna='344687' [1][0] OK
C:[13/11/2012 16:29:13.27][172.16.8.247][1232] SELECT c_asigna FROM dace004 WHERE exp_e='06-17431166' AND c_asigna='344565' AND status IN ('0','3','B') [1][0] OK
C:[13/11/2012 16:29:13.27][172.16.8.247][1219] SELECT pre_cod_asig1,pre_cod_asig2,pre_cod_asig3,pre_cod_asig4,pre_cod_asig5,pre_cod_asig6,pre_cod_asig7 FROM tblaca009 WHERE pensum='5' AND c_uni_ca='6' AND c_asigna='344688' [1][0] OK
C:[13/11/2012 16:29:13.27][172.16.8.247][1232] SELECT c_asigna FROM dace004 WHERE exp_e='06-17431166' AND c_asigna='342567' AND status IN ('0','3','B') [1][0] OK
C:[13/11/2012 16:29:13.27][172.16.8.247][1232] SELECT c_asigna FROM dace004 WHERE exp_e='06-17431166' AND c_asigna='344565' AND status IN ('0','3','B') [1][0] OK
C:[13/11/2012 16:29:13.77][172.16.8.247][1263] SELECT par_cod_asig1,par_cod_asig2,par_cod_asig3 FROM tblaca009 WHERE pensum='5' AND c_uni_ca='6' AND c_asigna='344714' [1][0] OK
C:[13/11/2012 16:29:13.77][172.16.8.247][1263] SELECT par_cod_asig1,par_cod_asig2,par_cod_asig3 FROM tblaca009 WHERE pensum='5' AND c_uni_ca='6' AND c_asigna='300226' [1][0] OK
C:[13/11/2012 16:29:13.77][172.16.8.247][1263] SELECT par_cod_asig1,par_cod_asig2,par_cod_asig3 FROM tblaca009 WHERE pensum='5' AND c_uni_ca='6' AND c_asigna='342679' [1][0] OK
C:[13/11/2012 16:29:13.77][172.16.8.247][1263] SELECT par_cod_asig1,par_cod_asig2,par_cod_asig3 FROM tblaca009 WHERE pensum='5' AND c_uni_ca='6' AND c_asigna='344687' [1][0] OK
C:[13/11/2012 16:29:13.77][172.16.8.247][1263] SELECT par_cod_asig1,par_cod_asig2,par_cod_asig3 FROM tblaca009 WHERE pensum='5' AND c_uni_ca='6' AND c_asigna='344688' [1][0] OK
C:[13/11/2012 16:39:22.55][172.16.8.125][1219] SELECT pre_cod_asig1,pre_cod_asig2,pre_cod_asig3,pre_cod_asig4,pre_cod_asig5,pre_cod_asig6,pre_cod_asig7 FROM tblaca009 WHERE pensum='5' AND c_uni_ca='4' AND c_asigna='333041' [1][0] OK
C:[13/11/2012 16:39:22.55][172.16.8.125][1219] SELECT pre_cod_asig1,pre_cod_asig2,pre_cod_asig3,pre_cod_asig4,pre_cod_asig5,pre_cod_asig6,pre_cod_asig7 FROM tblaca009 WHERE pensum='5' AND c_uni_ca='4' AND c_asigna='333053' [1][0] OK
C:[13/11/2012 16:39:22.55][172.16.8.125][1219] SELECT pre_cod_asig1,pre_cod_asig2,pre_cod_asig3,pre_cod_asig4,pre_cod_asig5,pre_cod_asig6,pre_cod_asig7 FROM tblaca009 WHERE pensum='5' AND c_uni_ca='4' AND c_asigna='333939' [1][0] OK
C:[13/11/2012 16:39:22.93][172.16.8.125][1263] SELECT par_cod_asig1,par_cod_asig2,par_cod_asig3 FROM tblaca009 WHERE pensum='5' AND c_uni_ca='4' AND c_asigna='333041' [1][0] OK
C:[13/11/2012 16:39:22.93][172.16.8.125][1263] SELECT par_cod_asig1,par_cod_asig2,par_cod_asig3 FROM tblaca009 WHERE pensum='5' AND c_uni_ca='4' AND c_asigna='333053' [1][0] OK
C:[13/11/2012 16:39:22.93][172.16.8.125][1263] SELECT par_cod_asig1,par_cod_asig2,par_cod_asig3 FROM tblaca009 WHERE pensum='5' AND c_uni_ca='4' AND c_asigna='333939' [1][0] OK
C:[13/11/2012 16:39:23.30][172.16.8.125][1334] SELECT c_asigna FROM tblaca009 WHERE pensum='5' AND c_uni_ca='4' AND ((par_cod_asig1='300956') OR (par_cod_asig2='300956') OR (par_cod_asig3='300956'))  [0][0] OK
C:[13/11/2012 17:37:01.80][172.16.8.125][1219] SELECT pre_cod_asig1,pre_cod_asig2,pre_cod_asig3,pre_cod_asig4,pre_cod_asig5,pre_cod_asig6,pre_cod_asig7 FROM tblaca009 WHERE pensum='5' AND c_uni_ca='4' AND c_asigna='300207' [1][0] OK
C:[13/11/2012 17:37:01.80][172.16.8.125][1232] SELECT c_asigna FROM dace004 WHERE exp_e='12-24179451' AND c_asigna='300101' AND status IN ('0','3','B') [1][0] OK
C:[13/11/2012 17:37:01.80][172.16.8.125][1219] SELECT pre_cod_asig1,pre_cod_asig2,pre_cod_asig3,pre_cod_asig4,pre_cod_asig5,pre_cod_asig6,pre_cod_asig7 FROM tblaca009 WHERE pensum='5' AND c_uni_ca='4' AND c_asigna='300209' [1][0] OK
C:[13/11/2012 17:37:01.80][172.16.8.125][1232] SELECT c_asigna FROM dace004 WHERE exp_e='12-24179451' AND c_asigna='300101' AND status IN ('0','3','B') [1][0] OK
C:[13/11/2012 17:37:01.80][172.16.8.125][1219] SELECT pre_cod_asig1,pre_cod_asig2,pre_cod_asig3,pre_cod_asig4,pre_cod_asig5,pre_cod_asig6,pre_cod_asig7 FROM tblaca009 WHERE pensum='5' AND c_uni_ca='4' AND c_asigna='300213' [1][0] OK
C:[13/11/2012 17:37:01.80][172.16.8.125][1232] SELECT c_asigna FROM dace004 WHERE exp_e='12-24179451' AND c_asigna='300101' AND status IN ('0','3','B') [1][0] OK
C:[13/11/2012 17:37:01.80][172.16.8.125][1219] SELECT pre_cod_asig1,pre_cod_asig2,pre_cod_asig3,pre_cod_asig4,pre_cod_asig5,pre_cod_asig6,pre_cod_asig7 FROM tblaca009 WHERE pensum='5' AND c_uni_ca='4' AND c_asigna='300218' [1][0] OK
C:[13/11/2012 17:37:01.80][172.16.8.125][1219] SELECT pre_cod_asig1,pre_cod_asig2,pre_cod_asig3,pre_cod_asig4,pre_cod_asig5,pre_cod_asig6,pre_cod_asig7 FROM tblaca009 WHERE pensum='5' AND c_uni_ca='4' AND c_asigna='300222' [1][0] OK
C:[13/11/2012 17:37:01.80][172.16.8.125][1232] SELECT c_asigna FROM dace004 WHERE exp_e='12-24179451' AND c_asigna='300112' AND status IN ('0','3','B') [1][0] OK
C:[13/11/2012 17:37:01.80][172.16.8.125][1219] SELECT pre_cod_asig1,pre_cod_asig2,pre_cod_asig3,pre_cod_asig4,pre_cod_asig5,pre_cod_asig6,pre_cod_asig7 FROM tblaca009 WHERE pensum='5' AND c_uni_ca='4' AND c_asigna='300226' [1][0] OK
C:[13/11/2012 17:37:01.80][172.16.8.125][1232] SELECT c_asigna FROM dace004 WHERE exp_e='12-24179451' AND c_asigna='300116' AND status IN ('0','3','B') [1][0] OK
C:[13/11/2012 17:37:01.80][172.16.8.125][1219] SELECT pre_cod_asig1,pre_cod_asig2,pre_cod_asig3,pre_cod_asig4,pre_cod_asig5,pre_cod_asig6,pre_cod_asig7 FROM tblaca009 WHERE pensum='5' AND c_uni_ca='4' AND c_asigna='300228' [1][0] OK
C:[13/11/2012 17:37:01.80][172.16.8.125][1232] SELECT c_asigna FROM dace004 WHERE exp_e='12-24179451' AND c_asigna='300101' AND status IN ('0','3','B') [1][0] OK
C:[13/11/2012 17:37:01.43][172.16.8.125][1263] SELECT par_cod_asig1,par_cod_asig2,par_cod_asig3 FROM tblaca009 WHERE pensum='5' AND c_uni_ca='4' AND c_asigna='300207' [1][0] OK
C:[13/11/2012 17:37:01.43][172.16.8.125][1263] SELECT par_cod_asig1,par_cod_asig2,par_cod_asig3 FROM tblaca009 WHERE pensum='5' AND c_uni_ca='4' AND c_asigna='300209' [1][0] OK
C:[13/11/2012 17:37:01.43][172.16.8.125][1263] SELECT par_cod_asig1,par_cod_asig2,par_cod_asig3 FROM tblaca009 WHERE pensum='5' AND c_uni_ca='4' AND c_asigna='300213' [1][0] OK
C:[13/11/2012 17:37:01.43][172.16.8.125][1277] SELECT c_asigna FROM dace004 WHERE exp_e='12-24179451' AND c_asigna='300209' AND status IN ('0','3','B','C') [0][0] OK
C:[13/11/2012 17:37:01.43][172.16.8.125][1263] SELECT par_cod_asig1,par_cod_asig2,par_cod_asig3 FROM tblaca009 WHERE pensum='5' AND c_uni_ca='4' AND c_asigna='300218' [1][0] OK
C:[13/11/2012 17:37:01.43][172.16.8.125][1277] SELECT c_asigna FROM dace004 WHERE exp_e='12-24179451' AND c_asigna='300228' AND status IN ('0','3','B','C') [0][0] OK
C:[13/11/2012 17:37:01.43][172.16.8.125][1263] SELECT par_cod_asig1,par_cod_asig2,par_cod_asig3 FROM tblaca009 WHERE pensum='5' AND c_uni_ca='4' AND c_asigna='300222' [1][0] OK
C:[13/11/2012 17:37:01.43][172.16.8.125][1263] SELECT par_cod_asig1,par_cod_asig2,par_cod_asig3 FROM tblaca009 WHERE pensum='5' AND c_uni_ca='4' AND c_asigna='300226' [1][0] OK
C:[13/11/2012 17:37:01.43][172.16.8.125][1263] SELECT par_cod_asig1,par_cod_asig2,par_cod_asig3 FROM tblaca009 WHERE pensum='5' AND c_uni_ca='4' AND c_asigna='300228' [1][0] OK
C:[13/11/2012 18:08:02.19][172.16.8.125][1219] SELECT pre_cod_asig1,pre_cod_asig2,pre_cod_asig3,pre_cod_asig4,pre_cod_asig5,pre_cod_asig6,pre_cod_asig7 FROM tblaca009 WHERE pensum='5' AND c_uni_ca='5' AND c_asigna='355570' [1][0] OK
C:[13/11/2012 18:08:02.19][172.16.8.125][1232] SELECT c_asigna FROM dace004 WHERE exp_e='07-19303263' AND c_asigna='355447' AND status IN ('0','3','B') [1][0] OK
C:[13/11/2012 18:08:02.19][172.16.8.125][1219] SELECT pre_cod_asig1,pre_cod_asig2,pre_cod_asig3,pre_cod_asig4,pre_cod_asig5,pre_cod_asig6,pre_cod_asig7 FROM tblaca009 WHERE pensum='5' AND c_uni_ca='5' AND c_asigna='355693' [1][0] OK
C:[13/11/2012 18:08:02.19][172.16.8.125][1232] SELECT c_asigna FROM dace004 WHERE exp_e='07-19303263' AND c_asigna='355572' AND status IN ('0','3','B') [1][0] OK
C:[13/11/2012 18:08:02.19][172.16.8.125][1232] SELECT c_asigna FROM dace004 WHERE exp_e='07-19303263' AND c_asigna='352440' AND status IN ('0','3','B') [1][0] OK
C:[13/11/2012 18:08:02.19][172.16.8.125][1232] SELECT c_asigna FROM dace004 WHERE exp_e='07-19303263' AND c_asigna='355573' AND status IN ('0','3','B') [1][0] OK
C:[13/11/2012 18:08:02.19][172.16.8.125][1232] SELECT c_asigna FROM dace004 WHERE exp_e='07-19303263' AND c_asigna='300226' AND status IN ('0','3','B') [1][0] OK
C:[13/11/2012 18:08:02.19][172.16.8.125][1232] SELECT c_asigna FROM dace004 WHERE exp_e='07-19303263' AND c_asigna='300222' AND status IN ('0','3','B') [1][0] OK
C:[13/11/2012 18:08:02.19][172.16.8.125][1232] SELECT c_asigna FROM dace004 WHERE exp_e='07-19303263' AND c_asigna='300013' AND status IN ('0','3','B') [1][0] OK
C:[13/11/2012 18:08:02.19][172.16.8.125][1232] SELECT c_asigna FROM dace004 WHERE exp_e='07-19303263' AND c_asigna='300113' AND status IN ('0','3','B') [1][0] OK
C:[13/11/2012 18:08:02.19][172.16.8.125][1219] SELECT pre_cod_asig1,pre_cod_asig2,pre_cod_asig3,pre_cod_asig4,pre_cod_asig5,pre_cod_asig6,pre_cod_asig7 FROM tblaca009 WHERE pensum='5' AND c_uni_ca='5' AND c_asigna='355694' [1][0] OK
C:[13/11/2012 18:08:02.19][172.16.8.125][1232] SELECT c_asigna FROM dace004 WHERE exp_e='07-19303263' AND c_asigna='355572' AND status IN ('0','3','B') [1][0] OK
C:[13/11/2012 18:08:02.19][172.16.8.125][1232] SELECT c_asigna FROM dace004 WHERE exp_e='07-19303263' AND c_asigna='355571' AND status IN ('0','3','B') [1][0] OK
C:[13/11/2012 18:08:02.82][172.16.8.125][1263] SELECT par_cod_asig1,par_cod_asig2,par_cod_asig3 FROM tblaca009 WHERE pensum='5' AND c_uni_ca='5' AND c_asigna='355570' [1][0] OK
C:[13/11/2012 18:08:02.82][172.16.8.125][1263] SELECT par_cod_asig1,par_cod_asig2,par_cod_asig3 FROM tblaca009 WHERE pensum='5' AND c_uni_ca='5' AND c_asigna='355693' [1][0] OK
C:[13/11/2012 18:08:02.82][172.16.8.125][1263] SELECT par_cod_asig1,par_cod_asig2,par_cod_asig3 FROM tblaca009 WHERE pensum='5' AND c_uni_ca='5' AND c_asigna='355694' [1][0] OK
C:[13/11/2012 18:08:02.20][172.16.8.125][1334] SELECT c_asigna FROM tblaca009 WHERE pensum='5' AND c_uni_ca='5' AND ((par_cod_asig1='355691') OR (par_cod_asig2='355691') OR (par_cod_asig3='355691'))  [0][0] OK
C:[13/11/2012 18:58:22.87][172.16.8.125][1219] SELECT pre_cod_asig1,pre_cod_asig2,pre_cod_asig3,pre_cod_asig4,pre_cod_asig5,pre_cod_asig6,pre_cod_asig7 FROM tblaca009 WHERE pensum='5' AND c_uni_ca='5' AND c_asigna='300422' [1][0] OK
C:[13/11/2012 18:58:22.87][172.16.8.125][1232] SELECT c_asigna FROM dace004 WHERE exp_e='06-18667385' AND c_asigna='300105' AND status IN ('0','3','B') [1][0] OK
C:[13/11/2012 18:58:22.87][172.16.8.125][1232] SELECT c_asigna FROM dace004 WHERE exp_e='06-18667385' AND c_asigna='300314' AND status IN ('0','3','B') [1][0] OK
C:[13/11/2012 18:58:22.87][172.16.8.125][1219] SELECT pre_cod_asig1,pre_cod_asig2,pre_cod_asig3,pre_cod_asig4,pre_cod_asig5,pre_cod_asig6,pre_cod_asig7 FROM tblaca009 WHERE pensum='5' AND c_uni_ca='5' AND c_asigna='355570' [1][0] OK
C:[13/11/2012 18:58:22.87][172.16.8.125][1232] SELECT c_asigna FROM dace004 WHERE exp_e='06-18667385' AND c_asigna='355447' AND status IN ('0','3','B') [1][0] OK
C:[13/11/2012 18:58:22.87][172.16.8.125][1219] SELECT pre_cod_asig1,pre_cod_asig2,pre_cod_asig3,pre_cod_asig4,pre_cod_asig5,pre_cod_asig6,pre_cod_asig7 FROM tblaca009 WHERE pensum='5' AND c_uni_ca='5' AND c_asigna='355595' [1][0] OK
C:[13/11/2012 18:58:22.87][172.16.8.125][1232] SELECT c_asigna FROM dace004 WHERE exp_e='06-18667385' AND c_asigna='351451' AND status IN ('0','3','B') [1][0] OK
C:[13/11/2012 18:58:22.87][172.16.8.125][1232] SELECT c_asigna FROM dace004 WHERE exp_e='06-18667385' AND c_asigna='355350' AND status IN ('0','3','B') [1][0] OK
C:[13/11/2012 18:58:22.87][172.16.8.125][1232] SELECT c_asigna FROM dace004 WHERE exp_e='06-18667385' AND c_asigna='300318' AND status IN ('0','3','B') [1][0] OK
C:[13/11/2012 18:58:22.87][172.16.8.125][1219] SELECT pre_cod_asig1,pre_cod_asig2,pre_cod_asig3,pre_cod_asig4,pre_cod_asig5,pre_cod_asig6,pre_cod_asig7 FROM tblaca009 WHERE pensum='5' AND c_uni_ca='5' AND c_asigna='355694' [1][0] OK
C:[13/11/2012 18:58:22.87][172.16.8.125][1232] SELECT c_asigna FROM dace004 WHERE exp_e='06-18667385' AND c_asigna='355572' AND status IN ('0','3','B') [1][0] OK
C:[13/11/2012 18:58:22.87][172.16.8.125][1232] SELECT c_asigna FROM dace004 WHERE exp_e='06-18667385' AND c_asigna='355571' AND status IN ('0','3','B') [1][0] OK
C:[13/11/2012 18:58:23.37][172.16.8.125][1263] SELECT par_cod_asig1,par_cod_asig2,par_cod_asig3 FROM tblaca009 WHERE pensum='5' AND c_uni_ca='5' AND c_asigna='300422' [1][0] OK
C:[13/11/2012 18:58:23.37][172.16.8.125][1263] SELECT par_cod_asig1,par_cod_asig2,par_cod_asig3 FROM tblaca009 WHERE pensum='5' AND c_uni_ca='5' AND c_asigna='355570' [1][0] OK
C:[13/11/2012 18:58:23.37][172.16.8.125][1263] SELECT par_cod_asig1,par_cod_asig2,par_cod_asig3 FROM tblaca009 WHERE pensum='5' AND c_uni_ca='5' AND c_asigna='355595' [1][0] OK
C:[13/11/2012 18:58:23.37][172.16.8.125][1263] SELECT par_cod_asig1,par_cod_asig2,par_cod_asig3 FROM tblaca009 WHERE pensum='5' AND c_uni_ca='5' AND c_asigna='355694' [1][0] OK
C:[13/11/2012 18:58:23.87][172.16.8.125][1334] SELECT c_asigna FROM tblaca009 WHERE pensum='5' AND c_uni_ca='5' AND ((par_cod_asig1='355691') OR (par_cod_asig2='355691') OR (par_cod_asig3='355691'))  [0][0] OK
C:[13/11/2012 20:42:11.14][186.94.89.253][1219] SELECT pre_cod_asig1,pre_cod_asig2,pre_cod_asig3,pre_cod_asig4,pre_cod_asig5,pre_cod_asig6,pre_cod_asig7 FROM tblaca009 WHERE pensum='5' AND c_uni_ca='6' AND c_asigna='300207' [1][0] OK
C:[13/11/2012 20:42:11.14][186.94.89.253][1232] SELECT c_asigna FROM dace004 WHERE exp_e='10-20807522' AND c_asigna='300101' AND status IN ('0','3','B') [1][0] OK
C:[13/11/2012 20:42:11.14][186.94.89.253][1219] SELECT pre_cod_asig1,pre_cod_asig2,pre_cod_asig3,pre_cod_asig4,pre_cod_asig5,pre_cod_asig6,pre_cod_asig7 FROM tblaca009 WHERE pensum='5' AND c_uni_ca='6' AND c_asigna='300209' [1][0] OK
C:[13/11/2012 20:42:11.14][186.94.89.253][1232] SELECT c_asigna FROM dace004 WHERE exp_e='10-20807522' AND c_asigna='300101' AND status IN ('0','3','B') [1][0] OK
C:[13/11/2012 20:42:11.14][186.94.89.253][1219] SELECT pre_cod_asig1,pre_cod_asig2,pre_cod_asig3,pre_cod_asig4,pre_cod_asig5,pre_cod_asig6,pre_cod_asig7 FROM tblaca009 WHERE pensum='5' AND c_uni_ca='6' AND c_asigna='300213' [1][0] OK
C:[13/11/2012 20:42:11.14][186.94.89.253][1232] SELECT c_asigna FROM dace004 WHERE exp_e='10-20807522' AND c_asigna='300101' AND status IN ('0','3','B') [1][0] OK
C:[13/11/2012 20:42:11.14][186.94.89.253][1219] SELECT pre_cod_asig1,pre_cod_asig2,pre_cod_asig3,pre_cod_asig4,pre_cod_asig5,pre_cod_asig6,pre_cod_asig7 FROM tblaca009 WHERE pensum='5' AND c_uni_ca='6' AND c_asigna='300218' [1][0] OK
C:[13/11/2012 20:42:11.14][186.94.89.253][1219] SELECT pre_cod_asig1,pre_cod_asig2,pre_cod_asig3,pre_cod_asig4,pre_cod_asig5,pre_cod_asig6,pre_cod_asig7 FROM tblaca009 WHERE pensum='5' AND c_uni_ca='6' AND c_asigna='300228' [1][0] OK
C:[13/11/2012 20:42:11.14][186.94.89.253][1232] SELECT c_asigna FROM dace004 WHERE exp_e='10-20807522' AND c_asigna='300101' AND status IN ('0','3','B') [1][0] OK
C:[13/11/2012 20:42:11.79][186.94.89.253][1263] SELECT par_cod_asig1,par_cod_asig2,par_cod_asig3 FROM tblaca009 WHERE pensum='5' AND c_uni_ca='6' AND c_asigna='300207' [1][0] OK
C:[13/11/2012 20:42:11.79][186.94.89.253][1263] SELECT par_cod_asig1,par_cod_asig2,par_cod_asig3 FROM tblaca009 WHERE pensum='5' AND c_uni_ca='6' AND c_asigna='300209' [1][0] OK
C:[13/11/2012 20:42:11.79][186.94.89.253][1263] SELECT par_cod_asig1,par_cod_asig2,par_cod_asig3 FROM tblaca009 WHERE pensum='5' AND c_uni_ca='6' AND c_asigna='300213' [1][0] OK
C:[13/11/2012 20:42:11.79][186.94.89.253][1277] SELECT c_asigna FROM dace004 WHERE exp_e='10-20807522' AND c_asigna='300209' AND status IN ('0','3','B','C') [0][0] OK
C:[13/11/2012 20:42:11.79][186.94.89.253][1263] SELECT par_cod_asig1,par_cod_asig2,par_cod_asig3 FROM tblaca009 WHERE pensum='5' AND c_uni_ca='6' AND c_asigna='300218' [1][0] OK
C:[13/11/2012 20:42:11.79][186.94.89.253][1277] SELECT c_asigna FROM dace004 WHERE exp_e='10-20807522' AND c_asigna='300228' AND status IN ('0','3','B','C') [0][0] OK
C:[13/11/2012 20:42:11.79][186.94.89.253][1263] SELECT par_cod_asig1,par_cod_asig2,par_cod_asig3 FROM tblaca009 WHERE pensum='5' AND c_uni_ca='6' AND c_asigna='300228' [1][0] OK
C:[13/11/2012 21:49:39.95][186.95.1.48][1219] SELECT pre_cod_asig1,pre_cod_asig2,pre_cod_asig3,pre_cod_asig4,pre_cod_asig5,pre_cod_asig6,pre_cod_asig7 FROM tblaca009 WHERE pensum='5' AND c_uni_ca='5' AND c_asigna='355694' [1][0] OK
C:[13/11/2012 21:49:39.95][186.95.1.48][1232] SELECT c_asigna FROM dace004 WHERE exp_e='08-21247373' AND c_asigna='355572' AND status IN ('0','3','B') [1][0] OK
C:[13/11/2012 21:49:39.95][186.95.1.48][1232] SELECT c_asigna FROM dace004 WHERE exp_e='08-21247373' AND c_asigna='355571' AND status IN ('0','3','B') [1][0] OK
C:[13/11/2012 21:49:39.95][186.95.1.48][1219] SELECT pre_cod_asig1,pre_cod_asig2,pre_cod_asig3,pre_cod_asig4,pre_cod_asig5,pre_cod_asig6,pre_cod_asig7 FROM tblaca009 WHERE pensum='5' AND c_uni_ca='5' AND c_asigna='355696' [1][0] OK
C:[13/11/2012 21:49:39.95][186.95.1.48][1232] SELECT c_asigna FROM dace004 WHERE exp_e='08-21247373' AND c_asigna='355570' AND status IN ('0','3','B') [1][0] OK
C:[13/11/2012 21:49:39.95][186.95.1.48][1232] SELECT c_asigna FROM dace004 WHERE exp_e='08-21247373' AND c_asigna='355571' AND status IN ('0','3','B') [1][0] OK
C:[13/11/2012 21:49:39.95][186.95.1.48][1219] SELECT pre_cod_asig1,pre_cod_asig2,pre_cod_asig3,pre_cod_asig4,pre_cod_asig5,pre_cod_asig6,pre_cod_asig7 FROM tblaca009 WHERE pensum='5' AND c_uni_ca='5' AND c_asigna='355724' [1][0] OK
C:[13/11/2012 21:49:39.95][186.95.1.48][1232] SELECT c_asigna FROM dace004 WHERE exp_e='08-21247373' AND c_asigna='355692' AND status IN ('0','3','B') [1][0] OK
C:[13/11/2012 21:49:39.95][186.95.1.48][1219] SELECT pre_cod_asig1,pre_cod_asig2,pre_cod_asig3,pre_cod_asig4,pre_cod_asig5,pre_cod_asig6,pre_cod_asig7 FROM tblaca009 WHERE pensum='5' AND c_uni_ca='5' AND c_asigna='355835' [1][0] OK
C:[13/11/2012 21:49:39.95][186.95.1.48][1232] SELECT c_asigna FROM dace004 WHERE exp_e='08-21247373' AND c_asigna='355691' AND status IN ('0','3','B') [1][0] OK
C:[13/11/2012 21:49:39.95][186.95.1.48][1219] SELECT pre_cod_asig1,pre_cod_asig2,pre_cod_asig3,pre_cod_asig4,pre_cod_asig5,pre_cod_asig6,pre_cod_asig7 FROM tblaca009 WHERE pensum='5' AND c_uni_ca='5' AND c_asigna='355951' [1][0] OK
C:[13/11/2012 21:49:39.95][186.95.1.48][1232] SELECT c_asigna FROM dace004 WHERE exp_e='08-21247373' AND c_asigna='355691' AND status IN ('0','3','B') [1][0] OK
C:[13/11/2012 21:49:39.46][186.95.1.48][1263] SELECT par_cod_asig1,par_cod_asig2,par_cod_asig3 FROM tblaca009 WHERE pensum='5' AND c_uni_ca='5' AND c_asigna='355694' [1][0] OK
C:[13/11/2012 21:49:39.46][186.95.1.48][1263] SELECT par_cod_asig1,par_cod_asig2,par_cod_asig3 FROM tblaca009 WHERE pensum='5' AND c_uni_ca='5' AND c_asigna='355696' [1][0] OK
C:[13/11/2012 21:49:39.46][186.95.1.48][1263] SELECT par_cod_asig1,par_cod_asig2,par_cod_asig3 FROM tblaca009 WHERE pensum='5' AND c_uni_ca='5' AND c_asigna='355724' [1][0] OK
C:[13/11/2012 21:49:39.46][186.95.1.48][1263] SELECT par_cod_asig1,par_cod_asig2,par_cod_asig3 FROM tblaca009 WHERE pensum='5' AND c_uni_ca='5' AND c_asigna='355835' [1][0] OK
C:[13/11/2012 21:49:39.46][186.95.1.48][1263] SELECT par_cod_asig1,par_cod_asig2,par_cod_asig3 FROM tblaca009 WHERE pensum='5' AND c_uni_ca='5' AND c_asigna='355951' [1][0] OK
C:[13/11/2012 21:49:39.08][186.95.1.48][1334] SELECT c_asigna FROM tblaca009 WHERE pensum='5' AND c_uni_ca='5' AND ((par_cod_asig1='355953') OR (par_cod_asig2='355953') OR (par_cod_asig3='355953'))  [0][0] OK
C:[13/11/2012 21:51:33.24][186.95.4.221][1219] SELECT pre_cod_asig1,pre_cod_asig2,pre_cod_asig3,pre_cod_asig4,pre_cod_asig5,pre_cod_asig6,pre_cod_asig7 FROM tblaca009 WHERE pensum='5' AND c_uni_ca='5' AND c_asigna='355693' [1][0] OK
C:[13/11/2012 21:51:33.24][186.95.4.221][1232] SELECT c_asigna FROM dace004 WHERE exp_e='08-25744115' AND c_asigna='355572' AND status IN ('0','3','B') [1][0] OK
C:[13/11/2012 21:51:33.24][186.95.4.221][1232] SELECT c_asigna FROM dace004 WHERE exp_e='08-25744115' AND c_asigna='352440' AND status IN ('0','3','B') [1][0] OK
C:[13/11/2012 21:51:33.24][186.95.4.221][1232] SELECT c_asigna FROM dace004 WHERE exp_e='08-25744115' AND c_asigna='355573' AND status IN ('0','3','B') [1][0] OK
C:[13/11/2012 21:51:33.24][186.95.4.221][1232] SELECT c_asigna FROM dace004 WHERE exp_e='08-25744115' AND c_asigna='300226' AND status IN ('0','3','B') [1][0] OK
C:[13/11/2012 21:51:33.24][186.95.4.221][1232] SELECT c_asigna FROM dace004 WHERE exp_e='08-25744115' AND c_asigna='300222' AND status IN ('0','3','B') [1][0] OK
C:[13/11/2012 21:51:33.24][186.95.4.221][1232] SELECT c_asigna FROM dace004 WHERE exp_e='08-25744115' AND c_asigna='300013' AND status IN ('0','3','B') [1][0] OK
C:[13/11/2012 21:51:33.24][186.95.4.221][1232] SELECT c_asigna FROM dace004 WHERE exp_e='08-25744115' AND c_asigna='300113' AND status IN ('0','3','B') [1][0] OK
C:[13/11/2012 21:51:33.24][186.95.4.221][1219] SELECT pre_cod_asig1,pre_cod_asig2,pre_cod_asig3,pre_cod_asig4,pre_cod_asig5,pre_cod_asig6,pre_cod_asig7 FROM tblaca009 WHERE pensum='5' AND c_uni_ca='5' AND c_asigna='355694' [1][0] OK
C:[13/11/2012 21:51:33.24][186.95.4.221][1232] SELECT c_asigna FROM dace004 WHERE exp_e='08-25744115' AND c_asigna='355572' AND status IN ('0','3','B') [1][0] OK
C:[13/11/2012 21:51:33.24][186.95.4.221][1232] SELECT c_asigna FROM dace004 WHERE exp_e='08-25744115' AND c_asigna='355571' AND status IN ('0','3','B') [1][0] OK
C:[13/11/2012 21:51:33.24][186.95.4.221][1219] SELECT pre_cod_asig1,pre_cod_asig2,pre_cod_asig3,pre_cod_asig4,pre_cod_asig5,pre_cod_asig6,pre_cod_asig7 FROM tblaca009 WHERE pensum='5' AND c_uni_ca='5' AND c_asigna='355696' [1][0] OK
C:[13/11/2012 21:51:33.24][186.95.4.221][1232] SELECT c_asigna FROM dace004 WHERE exp_e='08-25744115' AND c_asigna='355570' AND status IN ('0','3','B') [1][0] OK
C:[13/11/2012 21:51:33.24][186.95.4.221][1232] SELECT c_asigna FROM dace004 WHERE exp_e='08-25744115' AND c_asigna='355571' AND status IN ('0','3','B') [1][0] OK
C:[13/11/2012 21:51:33.24][186.95.4.221][1219] SELECT pre_cod_asig1,pre_cod_asig2,pre_cod_asig3,pre_cod_asig4,pre_cod_asig5,pre_cod_asig6,pre_cod_asig7 FROM tblaca009 WHERE pensum='5' AND c_uni_ca='5' AND c_asigna='355724' [1][0] OK
C:[13/11/2012 21:51:33.24][186.95.4.221][1232] SELECT c_asigna FROM dace004 WHERE exp_e='08-25744115' AND c_asigna='355692' AND status IN ('0','3','B') [1][0] OK
C:[13/11/2012 21:51:33.24][186.95.4.221][1219] SELECT pre_cod_asig1,pre_cod_asig2,pre_cod_asig3,pre_cod_asig4,pre_cod_asig5,pre_cod_asig6,pre_cod_asig7 FROM tblaca009 WHERE pensum='5' AND c_uni_ca='5' AND c_asigna='355874' [1][0] OK
C:[13/11/2012 21:51:33.24][186.95.4.221][1232] SELECT c_asigna FROM dace004 WHERE exp_e='08-25744115' AND c_asigna='355448' AND status IN ('0','3','B') [1][0] OK
C:[13/11/2012 21:51:33.24][186.95.4.221][1219] SELECT pre_cod_asig1,pre_cod_asig2,pre_cod_asig3,pre_cod_asig4,pre_cod_asig5,pre_cod_asig6,pre_cod_asig7 FROM tblaca009 WHERE pensum='5' AND c_uni_ca='5' AND c_asigna='355953' [1][0] OK
C:[13/11/2012 21:51:33.24][186.95.4.221][1232] SELECT c_asigna FROM dace004 WHERE exp_e='08-25744115' AND c_asigna='355691' AND status IN ('0','3','B') [1][0] OK
C:[13/11/2012 21:51:33.75][186.95.4.221][1263] SELECT par_cod_asig1,par_cod_asig2,par_cod_asig3 FROM tblaca009 WHERE pensum='5' AND c_uni_ca='5' AND c_asigna='355693' [1][0] OK
C:[13/11/2012 21:51:33.75][186.95.4.221][1263] SELECT par_cod_asig1,par_cod_asig2,par_cod_asig3 FROM tblaca009 WHERE pensum='5' AND c_uni_ca='5' AND c_asigna='355694' [1][0] OK
C:[13/11/2012 21:51:33.75][186.95.4.221][1263] SELECT par_cod_asig1,par_cod_asig2,par_cod_asig3 FROM tblaca009 WHERE pensum='5' AND c_uni_ca='5' AND c_asigna='355696' [1][0] OK
C:[13/11/2012 21:51:33.75][186.95.4.221][1263] SELECT par_cod_asig1,par_cod_asig2,par_cod_asig3 FROM tblaca009 WHERE pensum='5' AND c_uni_ca='5' AND c_asigna='355724' [1][0] OK
C:[13/11/2012 21:51:33.75][186.95.4.221][1263] SELECT par_cod_asig1,par_cod_asig2,par_cod_asig3 FROM tblaca009 WHERE pensum='5' AND c_uni_ca='5' AND c_asigna='355874' [1][0] OK
C:[13/11/2012 21:51:33.75][186.95.4.221][1263] SELECT par_cod_asig1,par_cod_asig2,par_cod_asig3 FROM tblaca009 WHERE pensum='5' AND c_uni_ca='5' AND c_asigna='355953' [1][0] OK
C:[13/11/2012 21:51:34.49][186.95.4.221][1334] SELECT c_asigna FROM tblaca009 WHERE pensum='5' AND c_uni_ca='5' AND ((par_cod_asig1='355835') OR (par_cod_asig2='355835') OR (par_cod_asig3='355835'))  [0][0] OK
C:[13/11/2012 21:52:47.52][186.95.1.48][1219] SELECT pre_cod_asig1,pre_cod_asig2,pre_cod_asig3,pre_cod_asig4,pre_cod_asig5,pre_cod_asig6,pre_cod_asig7 FROM tblaca009 WHERE pensum='5' AND c_uni_ca='5' AND c_asigna='355694' [1][0] OK
C:[13/11/2012 21:52:47.52][186.95.1.48][1232] SELECT c_asigna FROM dace004 WHERE exp_e='08-21247373' AND c_asigna='355572' AND status IN ('0','3','B') [1][0] OK
C:[13/11/2012 21:52:47.52][186.95.1.48][1232] SELECT c_asigna FROM dace004 WHERE exp_e='08-21247373' AND c_asigna='355571' AND status IN ('0','3','B') [1][0] OK
C:[13/11/2012 21:52:47.52][186.95.1.48][1219] SELECT pre_cod_asig1,pre_cod_asig2,pre_cod_asig3,pre_cod_asig4,pre_cod_asig5,pre_cod_asig6,pre_cod_asig7 FROM tblaca009 WHERE pensum='5' AND c_uni_ca='5' AND c_asigna='355696' [1][0] OK
C:[13/11/2012 21:52:47.52][186.95.1.48][1232] SELECT c_asigna FROM dace004 WHERE exp_e='08-21247373' AND c_asigna='355570' AND status IN ('0','3','B') [1][0] OK
C:[13/11/2012 21:52:47.52][186.95.1.48][1232] SELECT c_asigna FROM dace004 WHERE exp_e='08-21247373' AND c_asigna='355571' AND status IN ('0','3','B') [1][0] OK
C:[13/11/2012 21:52:47.52][186.95.1.48][1219] SELECT pre_cod_asig1,pre_cod_asig2,pre_cod_asig3,pre_cod_asig4,pre_cod_asig5,pre_cod_asig6,pre_cod_asig7 FROM tblaca009 WHERE pensum='5' AND c_uni_ca='5' AND c_asigna='355724' [1][0] OK
C:[13/11/2012 21:52:47.52][186.95.1.48][1232] SELECT c_asigna FROM dace004 WHERE exp_e='08-21247373' AND c_asigna='355692' AND status IN ('0','3','B') [1][0] OK
C:[13/11/2012 21:52:47.52][186.95.1.48][1219] SELECT pre_cod_asig1,pre_cod_asig2,pre_cod_asig3,pre_cod_asig4,pre_cod_asig5,pre_cod_asig6,pre_cod_asig7 FROM tblaca009 WHERE pensum='5' AND c_uni_ca='5' AND c_asigna='355951' [1][0] OK
C:[13/11/2012 21:52:47.52][186.95.1.48][1232] SELECT c_asigna FROM dace004 WHERE exp_e='08-21247373' AND c_asigna='355691' AND status IN ('0','3','B') [1][0] OK
C:[13/11/2012 21:52:47.52][186.95.1.48][1219] SELECT pre_cod_asig1,pre_cod_asig2,pre_cod_asig3,pre_cod_asig4,pre_cod_asig5,pre_cod_asig6,pre_cod_asig7 FROM tblaca009 WHERE pensum='5' AND c_uni_ca='5' AND c_asigna='355953' [1][0] OK
C:[13/11/2012 21:52:47.52][186.95.1.48][1232] SELECT c_asigna FROM dace004 WHERE exp_e='08-21247373' AND c_asigna='355691' AND status IN ('0','3','B') [1][0] OK
C:[13/11/2012 21:52:47.02][186.95.1.48][1263] SELECT par_cod_asig1,par_cod_asig2,par_cod_asig3 FROM tblaca009 WHERE pensum='5' AND c_uni_ca='5' AND c_asigna='355694' [1][0] OK
C:[13/11/2012 21:52:47.02][186.95.1.48][1263] SELECT par_cod_asig1,par_cod_asig2,par_cod_asig3 FROM tblaca009 WHERE pensum='5' AND c_uni_ca='5' AND c_asigna='355696' [1][0] OK
C:[13/11/2012 21:52:47.02][186.95.1.48][1263] SELECT par_cod_asig1,par_cod_asig2,par_cod_asig3 FROM tblaca009 WHERE pensum='5' AND c_uni_ca='5' AND c_asigna='355724' [1][0] OK
C:[13/11/2012 21:52:47.02][186.95.1.48][1263] SELECT par_cod_asig1,par_cod_asig2,par_cod_asig3 FROM tblaca009 WHERE pensum='5' AND c_uni_ca='5' AND c_asigna='355951' [1][0] OK
C:[13/11/2012 21:52:47.02][186.95.1.48][1263] SELECT par_cod_asig1,par_cod_asig2,par_cod_asig3 FROM tblaca009 WHERE pensum='5' AND c_uni_ca='5' AND c_asigna='355953' [1][0] OK
C:[13/11/2012 21:52:47.64][186.95.1.48][1334] SELECT c_asigna FROM tblaca009 WHERE pensum='5' AND c_uni_ca='5' AND ((par_cod_asig1='355835') OR (par_cod_asig2='355835') OR (par_cod_asig3='355835'))  [0][0] OK
C:[14/11/2012 07:37:25.39][190.37.102.65][1219] SELECT pre_cod_asig1,pre_cod_asig2,pre_cod_asig3,pre_cod_asig4,pre_cod_asig5,pre_cod_asig6,pre_cod_asig7 FROM tblaca009 WHERE pensum='5' AND c_uni_ca='4' AND c_asigna='333564' [1][0] OK
C:[14/11/2012 07:37:25.39][190.37.102.65][1232] SELECT c_asigna FROM dace004 WHERE exp_e='03-17538030' AND c_asigna='333441' AND status IN ('0','3','B') [1][0] OK
C:[14/11/2012 07:37:25.64][190.37.102.65][1263] SELECT par_cod_asig1,par_cod_asig2,par_cod_asig3 FROM tblaca009 WHERE pensum='5' AND c_uni_ca='4' AND c_asigna='333564' [1][0] OK
C:[14/11/2012 07:37:26.76][190.37.102.65][1334] SELECT c_asigna FROM tblaca009 WHERE pensum='5' AND c_uni_ca='4' AND ((par_cod_asig1='300428') OR (par_cod_asig2='300428') OR (par_cod_asig3='300428'))  [0][0] OK
C:[14/11/2012 08:43:28.68][190.206.33.161][1219] SELECT pre_cod_asig1,pre_cod_asig2,pre_cod_asig3,pre_cod_asig4,pre_cod_asig5,pre_cod_asig6,pre_cod_asig7 FROM tblaca009 WHERE pensum='5' AND c_uni_ca='3' AND c_asigna='311704' [1][0] OK
C:[14/11/2012 08:43:28.68][190.206.33.161][1232] SELECT c_asigna FROM dace004 WHERE exp_e='07-19622622' AND c_asigna='315671' AND status IN ('0','3','B') [1][0] OK
C:[14/11/2012 08:43:28.68][190.206.33.161][1219] SELECT pre_cod_asig1,pre_cod_asig2,pre_cod_asig3,pre_cod_asig4,pre_cod_asig5,pre_cod_asig6,pre_cod_asig7 FROM tblaca009 WHERE pensum='5' AND c_uni_ca='3' AND c_asigna='311822' [1][0] OK
C:[14/11/2012 08:43:28.68][190.206.33.161][1232] SELECT c_asigna FROM dace004 WHERE exp_e='07-19622622' AND c_asigna='311795' AND status IN ('0','3','B') [1][0] OK
C:[14/11/2012 08:43:28.68][190.206.33.161][1219] SELECT pre_cod_asig1,pre_cod_asig2,pre_cod_asig3,pre_cod_asig4,pre_cod_asig5,pre_cod_asig6,pre_cod_asig7 FROM tblaca009 WHERE pensum='5' AND c_uni_ca='3' AND c_asigna='311823' [1][0] OK
C:[14/11/2012 08:43:28.68][190.206.33.161][1232] SELECT c_asigna FROM dace004 WHERE exp_e='07-19622622' AND c_asigna='311795' AND status IN ('0','3','B') [1][0] OK
C:[14/11/2012 08:43:28.68][190.206.33.161][1219] SELECT pre_cod_asig1,pre_cod_asig2,pre_cod_asig3,pre_cod_asig4,pre_cod_asig5,pre_cod_asig6,pre_cod_asig7 FROM tblaca009 WHERE pensum='5' AND c_uni_ca='3' AND c_asigna='311825' [1][0] OK
C:[14/11/2012 08:43:28.68][190.206.33.161][1232] SELECT c_asigna FROM dace004 WHERE exp_e='07-19622622' AND c_asigna='311775' AND status IN ('0','3','B') [1][0] OK
C:[14/11/2012 08:43:28.68][190.206.33.161][1232] SELECT c_asigna FROM dace004 WHERE exp_e='07-19622622' AND c_asigna='311795' AND status IN ('0','3','B') [1][0] OK
C:[14/11/2012 08:43:28.68][190.206.33.161][1219] SELECT pre_cod_asig1,pre_cod_asig2,pre_cod_asig3,pre_cod_asig4,pre_cod_asig5,pre_cod_asig6,pre_cod_asig7 FROM tblaca009 WHERE pensum='5' AND c_uni_ca='3' AND c_asigna='311826' [1][0] OK
C:[14/11/2012 08:43:28.68][190.206.33.161][1232] SELECT c_asigna FROM dace004 WHERE exp_e='07-19622622' AND c_asigna='311799' AND status IN ('0','3','B') [1][0] OK
C:[14/11/2012 08:43:29.06][190.206.33.161][1263] SELECT par_cod_asig1,par_cod_asig2,par_cod_asig3 FROM tblaca009 WHERE pensum='5' AND c_uni_ca='3' AND c_asigna='311704' [1][0] OK
C:[14/11/2012 08:43:29.06][190.206.33.161][1263] SELECT par_cod_asig1,par_cod_asig2,par_cod_asig3 FROM tblaca009 WHERE pensum='5' AND c_uni_ca='3' AND c_asigna='311822' [1][0] OK
C:[14/11/2012 08:43:29.06][190.206.33.161][1263] SELECT par_cod_asig1,par_cod_asig2,par_cod_asig3 FROM tblaca009 WHERE pensum='5' AND c_uni_ca='3' AND c_asigna='311823' [1][0] OK
C:[14/11/2012 08:43:29.06][190.206.33.161][1263] SELECT par_cod_asig1,par_cod_asig2,par_cod_asig3 FROM tblaca009 WHERE pensum='5' AND c_uni_ca='3' AND c_asigna='311825' [1][0] OK
C:[14/11/2012 08:43:29.06][190.206.33.161][1263] SELECT par_cod_asig1,par_cod_asig2,par_cod_asig3 FROM tblaca009 WHERE pensum='5' AND c_uni_ca='3' AND c_asigna='311826' [1][0] OK
C:[14/11/2012 08:43:29.69][190.206.33.161][1334] SELECT c_asigna FROM tblaca009 WHERE pensum='5' AND c_uni_ca='3' AND ((par_cod_asig1='311824') OR (par_cod_asig2='311824') OR (par_cod_asig3='311824'))  [0][0] OK
C:[14/11/2012 08:45:25.24][190.206.33.161][1219] SELECT pre_cod_asig1,pre_cod_asig2,pre_cod_asig3,pre_cod_asig4,pre_cod_asig5,pre_cod_asig6,pre_cod_asig7 FROM tblaca009 WHERE pensum='5' AND c_uni_ca='3' AND c_asigna='311824' [1][0] OK
C:[14/11/2012 08:45:25.24][190.206.33.161][1232] SELECT c_asigna FROM dace004 WHERE exp_e='07-19622622' AND c_asigna='311796' AND status IN ('0','3','B') [1][0] OK
C:[14/11/2012 08:45:25.24][190.206.33.161][1219] SELECT pre_cod_asig1,pre_cod_asig2,pre_cod_asig3,pre_cod_asig4,pre_cod_asig5,pre_cod_asig6,pre_cod_asig7 FROM tblaca009 WHERE pensum='5' AND c_uni_ca='3' AND c_asigna='311704' [1][0] OK
C:[14/11/2012 08:45:25.24][190.206.33.161][1232] SELECT c_asigna FROM dace004 WHERE exp_e='07-19622622' AND c_asigna='315671' AND status IN ('0','3','B') [1][0] OK
C:[14/11/2012 08:45:25.24][190.206.33.161][1219] SELECT pre_cod_asig1,pre_cod_asig2,pre_cod_asig3,pre_cod_asig4,pre_cod_asig5,pre_cod_asig6,pre_cod_asig7 FROM tblaca009 WHERE pensum='5' AND c_uni_ca='3' AND c_asigna='311822' [1][0] OK
C:[14/11/2012 08:45:25.24][190.206.33.161][1232] SELECT c_asigna FROM dace004 WHERE exp_e='07-19622622' AND c_asigna='311795' AND status IN ('0','3','B') [1][0] OK
C:[14/11/2012 08:45:25.24][190.206.33.161][1219] SELECT pre_cod_asig1,pre_cod_asig2,pre_cod_asig3,pre_cod_asig4,pre_cod_asig5,pre_cod_asig6,pre_cod_asig7 FROM tblaca009 WHERE pensum='5' AND c_uni_ca='3' AND c_asigna='311823' [1][0] OK
C:[14/11/2012 08:45:25.24][190.206.33.161][1232] SELECT c_asigna FROM dace004 WHERE exp_e='07-19622622' AND c_asigna='311795' AND status IN ('0','3','B') [1][0] OK
C:[14/11/2012 08:45:25.24][190.206.33.161][1219] SELECT pre_cod_asig1,pre_cod_asig2,pre_cod_asig3,pre_cod_asig4,pre_cod_asig5,pre_cod_asig6,pre_cod_asig7 FROM tblaca009 WHERE pensum='5' AND c_uni_ca='3' AND c_asigna='311825' [1][0] OK
C:[14/11/2012 08:45:25.24][190.206.33.161][1232] SELECT c_asigna FROM dace004 WHERE exp_e='07-19622622' AND c_asigna='311775' AND status IN ('0','3','B') [1][0] OK
C:[14/11/2012 08:45:25.24][190.206.33.161][1232] SELECT c_asigna FROM dace004 WHERE exp_e='07-19622622' AND c_asigna='311795' AND status IN ('0','3','B') [1][0] OK
C:[14/11/2012 08:45:25.24][190.206.33.161][1219] SELECT pre_cod_asig1,pre_cod_asig2,pre_cod_asig3,pre_cod_asig4,pre_cod_asig5,pre_cod_asig6,pre_cod_asig7 FROM tblaca009 WHERE pensum='5' AND c_uni_ca='3' AND c_asigna='311826' [1][0] OK
C:[14/11/2012 08:45:25.24][190.206.33.161][1232] SELECT c_asigna FROM dace004 WHERE exp_e='07-19622622' AND c_asigna='311799' AND status IN ('0','3','B') [1][0] OK
C:[14/11/2012 08:45:26.86][190.206.33.161][1263] SELECT par_cod_asig1,par_cod_asig2,par_cod_asig3 FROM tblaca009 WHERE pensum='5' AND c_uni_ca='3' AND c_asigna='311824' [1][0] OK
C:[14/11/2012 08:45:26.86][190.206.33.161][1263] SELECT par_cod_asig1,par_cod_asig2,par_cod_asig3 FROM tblaca009 WHERE pensum='5' AND c_uni_ca='3' AND c_asigna='311704' [1][0] OK
C:[14/11/2012 08:45:26.86][190.206.33.161][1263] SELECT par_cod_asig1,par_cod_asig2,par_cod_asig3 FROM tblaca009 WHERE pensum='5' AND c_uni_ca='3' AND c_asigna='311822' [1][0] OK
C:[14/11/2012 08:45:26.86][190.206.33.161][1263] SELECT par_cod_asig1,par_cod_asig2,par_cod_asig3 FROM tblaca009 WHERE pensum='5' AND c_uni_ca='3' AND c_asigna='311823' [1][0] OK
C:[14/11/2012 08:45:26.86][190.206.33.161][1263] SELECT par_cod_asig1,par_cod_asig2,par_cod_asig3 FROM tblaca009 WHERE pensum='5' AND c_uni_ca='3' AND c_asigna='311825' [1][0] OK
C:[14/11/2012 08:45:26.86][190.206.33.161][1263] SELECT par_cod_asig1,par_cod_asig2,par_cod_asig3 FROM tblaca009 WHERE pensum='5' AND c_uni_ca='3' AND c_asigna='311826' [1][0] OK
C:[14/11/2012 09:18:01.43][172.16.8.125][1219] SELECT pre_cod_asig1,pre_cod_asig2,pre_cod_asig3,pre_cod_asig4,pre_cod_asig5,pre_cod_asig6,pre_cod_asig7 FROM tblaca009 WHERE pensum='5' AND c_uni_ca='5' AND c_asigna='300422' [1][0] OK
C:[14/11/2012 09:18:01.43][172.16.8.125][1232] SELECT c_asigna FROM dace004 WHERE exp_e='06-18667385' AND c_asigna='300105' AND status IN ('0','3','B') [1][0] OK
C:[14/11/2012 09:18:01.43][172.16.8.125][1232] SELECT c_asigna FROM dace004 WHERE exp_e='06-18667385' AND c_asigna='300314' AND status IN ('0','3','B') [1][0] OK
C:[14/11/2012 09:18:01.43][172.16.8.125][1219] SELECT pre_cod_asig1,pre_cod_asig2,pre_cod_asig3,pre_cod_asig4,pre_cod_asig5,pre_cod_asig6,pre_cod_asig7 FROM tblaca009 WHERE pensum='5' AND c_uni_ca='5' AND c_asigna='355595' [1][0] OK
C:[14/11/2012 09:18:01.43][172.16.8.125][1232] SELECT c_asigna FROM dace004 WHERE exp_e='06-18667385' AND c_asigna='351451' AND status IN ('0','3','B') [1][0] OK
C:[14/11/2012 09:18:01.43][172.16.8.125][1232] SELECT c_asigna FROM dace004 WHERE exp_e='06-18667385' AND c_asigna='355350' AND status IN ('0','3','B') [1][0] OK
C:[14/11/2012 09:18:01.43][172.16.8.125][1232] SELECT c_asigna FROM dace004 WHERE exp_e='06-18667385' AND c_asigna='300318' AND status IN ('0','3','B') [1][0] OK
C:[14/11/2012 09:18:01.43][172.16.8.125][1219] SELECT pre_cod_asig1,pre_cod_asig2,pre_cod_asig3,pre_cod_asig4,pre_cod_asig5,pre_cod_asig6,pre_cod_asig7 FROM tblaca009 WHERE pensum='5' AND c_uni_ca='5' AND c_asigna='355691' [1][0] OK
C:[14/11/2012 09:18:01.43][172.16.8.125][1232] SELECT c_asigna FROM dace004 WHERE exp_e='06-18667385' AND c_asigna='355571' AND status IN ('0','3','B') [1][0] OK
C:[14/11/2012 09:18:01.43][172.16.8.125][1219] SELECT pre_cod_asig1,pre_cod_asig2,pre_cod_asig3,pre_cod_asig4,pre_cod_asig5,pre_cod_asig6,pre_cod_asig7 FROM tblaca009 WHERE pensum='5' AND c_uni_ca='5' AND c_asigna='355694' [1][0] OK
C:[14/11/2012 09:18:01.43][172.16.8.125][1232] SELECT c_asigna FROM dace004 WHERE exp_e='06-18667385' AND c_asigna='355572' AND status IN ('0','3','B') [1][0] OK
C:[14/11/2012 09:18:01.43][172.16.8.125][1232] SELECT c_asigna FROM dace004 WHERE exp_e='06-18667385' AND c_asigna='355571' AND status IN ('0','3','B') [1][0] OK
C:[14/11/2012 09:18:02.93][172.16.8.125][1263] SELECT par_cod_asig1,par_cod_asig2,par_cod_asig3 FROM tblaca009 WHERE pensum='5' AND c_uni_ca='5' AND c_asigna='300422' [1][0] OK
C:[14/11/2012 09:18:02.93][172.16.8.125][1263] SELECT par_cod_asig1,par_cod_asig2,par_cod_asig3 FROM tblaca009 WHERE pensum='5' AND c_uni_ca='5' AND c_asigna='355595' [1][0] OK
C:[14/11/2012 09:18:02.93][172.16.8.125][1263] SELECT par_cod_asig1,par_cod_asig2,par_cod_asig3 FROM tblaca009 WHERE pensum='5' AND c_uni_ca='5' AND c_asigna='355691' [1][0] OK
C:[14/11/2012 09:18:02.93][172.16.8.125][1263] SELECT par_cod_asig1,par_cod_asig2,par_cod_asig3 FROM tblaca009 WHERE pensum='5' AND c_uni_ca='5' AND c_asigna='355694' [1][0] OK
C:[14/11/2012 09:18:02.43][172.16.8.125][1334] SELECT c_asigna FROM tblaca009 WHERE pensum='5' AND c_uni_ca='5' AND ((par_cod_asig1='355570') OR (par_cod_asig2='355570') OR (par_cod_asig3='355570'))  [0][0] OK
C:[14/11/2012 09:19:52.47][172.16.8.125][1219] SELECT pre_cod_asig1,pre_cod_asig2,pre_cod_asig3,pre_cod_asig4,pre_cod_asig5,pre_cod_asig6,pre_cod_asig7 FROM tblaca009 WHERE pensum='5' AND c_uni_ca='5' AND c_asigna='355720' [1][0] OK
C:[14/11/2012 09:19:52.47][172.16.8.125][1232] SELECT c_asigna FROM dace004 WHERE exp_e='09-20807886' AND c_asigna='355692' AND status IN ('0','3','B') [1][0] OK
C:[14/11/2012 09:19:52.47][172.16.8.125][1232] SELECT c_asigna FROM dace004 WHERE exp_e='09-20807886' AND c_asigna='355696' AND status IN ('0','3','B') [1][0] OK
C:[14/11/2012 09:19:52.47][172.16.8.125][1219] SELECT pre_cod_asig1,pre_cod_asig2,pre_cod_asig3,pre_cod_asig4,pre_cod_asig5,pre_cod_asig6,pre_cod_asig7 FROM tblaca009 WHERE pensum='5' AND c_uni_ca='5' AND c_asigna='355721' [1][0] OK
C:[14/11/2012 09:19:52.47][172.16.8.125][1232] SELECT c_asigna FROM dace004 WHERE exp_e='09-20807886' AND c_asigna='355693' AND status IN ('0','3','B') [1][0] OK
C:[14/11/2012 09:19:52.47][172.16.8.125][1232] SELECT c_asigna FROM dace004 WHERE exp_e='09-20807886' AND c_asigna='355696' AND status IN ('0','3','B') [1][0] OK
C:[14/11/2012 09:19:52.47][172.16.8.125][1219] SELECT pre_cod_asig1,pre_cod_asig2,pre_cod_asig3,pre_cod_asig4,pre_cod_asig5,pre_cod_asig6,pre_cod_asig7 FROM tblaca009 WHERE pensum='5' AND c_uni_ca='5' AND c_asigna='355724' [1][0] OK
C:[14/11/2012 09:19:52.47][172.16.8.125][1232] SELECT c_asigna FROM dace004 WHERE exp_e='09-20807886' AND c_asigna='355692' AND status IN ('0','3','B') [1][0] OK
C:[14/11/2012 09:19:52.47][172.16.8.125][1219] SELECT pre_cod_asig1,pre_cod_asig2,pre_cod_asig3,pre_cod_asig4,pre_cod_asig5,pre_cod_asig6,pre_cod_asig7 FROM tblaca009 WHERE pensum='5' AND c_uni_ca='5' AND c_asigna='355725' [1][0] OK
C:[14/11/2012 09:19:52.47][172.16.8.125][1232] SELECT c_asigna FROM dace004 WHERE exp_e='09-20807886' AND c_asigna='355693' AND status IN ('0','3','B') [1][0] OK
C:[14/11/2012 09:19:52.47][172.16.8.125][1232] SELECT c_asigna FROM dace004 WHERE exp_e='09-20807886' AND c_asigna='355692' AND status IN ('0','3','B') [1][0] OK
C:[14/11/2012 09:19:52.47][172.16.8.125][1219] SELECT pre_cod_asig1,pre_cod_asig2,pre_cod_asig3,pre_cod_asig4,pre_cod_asig5,pre_cod_asig6,pre_cod_asig7 FROM tblaca009 WHERE pensum='5' AND c_uni_ca='5' AND c_asigna='355834' [1][0] OK
C:[14/11/2012 09:19:52.47][172.16.8.125][1232] SELECT c_asigna FROM dace004 WHERE exp_e='09-20807886' AND c_asigna='355694' AND status IN ('0','3','B') [1][0] OK
C:[14/11/2012 09:19:52.47][172.16.8.125][1219] SELECT pre_cod_asig1,pre_cod_asig2,pre_cod_asig3,pre_cod_asig4,pre_cod_asig5,pre_cod_asig6,pre_cod_asig7 FROM tblaca009 WHERE pensum='5' AND c_uni_ca='5' AND c_asigna='355953' [1][0] OK
C:[14/11/2012 09:19:52.47][172.16.8.125][1232] SELECT c_asigna FROM dace004 WHERE exp_e='09-20807886' AND c_asigna='355691' AND status IN ('0','3','B') [1][0] OK
C:[14/11/2012 09:19:53.34][172.16.8.125][1263] SELECT par_cod_asig1,par_cod_asig2,par_cod_asig3 FROM tblaca009 WHERE pensum='5' AND c_uni_ca='5' AND c_asigna='355720' [1][0] OK
C:[14/11/2012 09:19:53.34][172.16.8.125][1263] SELECT par_cod_asig1,par_cod_asig2,par_cod_asig3 FROM tblaca009 WHERE pensum='5' AND c_uni_ca='5' AND c_asigna='355721' [1][0] OK
C:[14/11/2012 09:19:53.34][172.16.8.125][1263] SELECT par_cod_asig1,par_cod_asig2,par_cod_asig3 FROM tblaca009 WHERE pensum='5' AND c_uni_ca='5' AND c_asigna='355724' [1][0] OK
C:[14/11/2012 09:19:53.34][172.16.8.125][1263] SELECT par_cod_asig1,par_cod_asig2,par_cod_asig3 FROM tblaca009 WHERE pensum='5' AND c_uni_ca='5' AND c_asigna='355725' [1][0] OK
C:[14/11/2012 09:19:53.34][172.16.8.125][1263] SELECT par_cod_asig1,par_cod_asig2,par_cod_asig3 FROM tblaca009 WHERE pensum='5' AND c_uni_ca='5' AND c_asigna='355834' [1][0] OK
C:[14/11/2012 09:19:53.34][172.16.8.125][1263] SELECT par_cod_asig1,par_cod_asig2,par_cod_asig3 FROM tblaca009 WHERE pensum='5' AND c_uni_ca='5' AND c_asigna='355953' [1][0] OK
C:[14/11/2012 09:19:53.09][172.16.8.125][1334] SELECT c_asigna FROM tblaca009 WHERE pensum='5' AND c_uni_ca='5' AND ((par_cod_asig1='355835') OR (par_cod_asig2='355835') OR (par_cod_asig3='355835'))  [0][0] OK
C:[14/11/2012 09:30:58.14][172.16.8.125][1219] SELECT pre_cod_asig1,pre_cod_asig2,pre_cod_asig3,pre_cod_asig4,pre_cod_asig5,pre_cod_asig6,pre_cod_asig7 FROM tblaca009 WHERE pensum='5' AND c_uni_ca='5' AND c_asigna='355722' [1][0] OK
C:[14/11/2012 09:30:58.14][172.16.8.125][1232] SELECT c_asigna FROM dace004 WHERE exp_e='09-19512270' AND c_asigna='355691' AND status IN ('0','3','B') [1][0] OK
C:[14/11/2012 09:30:58.14][172.16.8.125][1232] SELECT c_asigna FROM dace004 WHERE exp_e='09-19512270' AND c_asigna='355595' AND status IN ('0','3','B') [1][0] OK
C:[14/11/2012 09:30:58.14][172.16.8.125][1219] SELECT pre_cod_asig1,pre_cod_asig2,pre_cod_asig3,pre_cod_asig4,pre_cod_asig5,pre_cod_asig6,pre_cod_asig7 FROM tblaca009 WHERE pensum='5' AND c_uni_ca='5' AND c_asigna='355724' [1][0] OK
C:[14/11/2012 09:30:58.14][172.16.8.125][1232] SELECT c_asigna FROM dace004 WHERE exp_e='09-19512270' AND c_asigna='355692' AND status IN ('0','3','B') [1][0] OK
C:[14/11/2012 09:30:58.14][172.16.8.125][1219] SELECT pre_cod_asig1,pre_cod_asig2,pre_cod_asig3,pre_cod_asig4,pre_cod_asig5,pre_cod_asig6,pre_cod_asig7 FROM tblaca009 WHERE pensum='5' AND c_uni_ca='5' AND c_asigna='355725' [1][0] OK
C:[14/11/2012 09:30:58.14][172.16.8.125][1232] SELECT c_asigna FROM dace004 WHERE exp_e='09-19512270' AND c_asigna='355693' AND status IN ('0','3','B') [1][0] OK
C:[14/11/2012 09:30:58.14][172.16.8.125][1232] SELECT c_asigna FROM dace004 WHERE exp_e='09-19512270' AND c_asigna='355692' AND status IN ('0','3','B') [1][0] OK
C:[14/11/2012 09:30:58.14][172.16.8.125][1219] SELECT pre_cod_asig1,pre_cod_asig2,pre_cod_asig3,pre_cod_asig4,pre_cod_asig5,pre_cod_asig6,pre_cod_asig7 FROM tblaca009 WHERE pensum='5' AND c_uni_ca='5' AND c_asigna='355832' [1][0] OK
C:[14/11/2012 09:30:58.14][172.16.8.125][1232] SELECT c_asigna FROM dace004 WHERE exp_e='09-19512270' AND c_asigna='355694' AND status IN ('0','3','B') [1][0] OK
C:[14/11/2012 09:30:58.39][172.16.8.125][1263] SELECT par_cod_asig1,par_cod_asig2,par_cod_asig3 FROM tblaca009 WHERE pensum='5' AND c_uni_ca='5' AND c_asigna='355722' [1][0] OK
C:[14/11/2012 09:30:58.39][172.16.8.125][1263] SELECT par_cod_asig1,par_cod_asig2,par_cod_asig3 FROM tblaca009 WHERE pensum='5' AND c_uni_ca='5' AND c_asigna='355724' [1][0] OK
C:[14/11/2012 09:30:58.39][172.16.8.125][1263] SELECT par_cod_asig1,par_cod_asig2,par_cod_asig3 FROM tblaca009 WHERE pensum='5' AND c_uni_ca='5' AND c_asigna='355725' [1][0] OK
C:[14/11/2012 09:30:58.39][172.16.8.125][1263] SELECT par_cod_asig1,par_cod_asig2,par_cod_asig3 FROM tblaca009 WHERE pensum='5' AND c_uni_ca='5' AND c_asigna='355832' [1][0] OK
C:[14/11/2012 09:30:58.89][172.16.8.125][1334] SELECT c_asigna FROM tblaca009 WHERE pensum='5' AND c_uni_ca='5' AND ((par_cod_asig1='355835') OR (par_cod_asig2='355835') OR (par_cod_asig3='355835'))  [0][0] OK
C:[14/11/2012 09:33:52.80][172.16.8.125][1219] SELECT pre_cod_asig1,pre_cod_asig2,pre_cod_asig3,pre_cod_asig4,pre_cod_asig5,pre_cod_asig6,pre_cod_asig7 FROM tblaca009 WHERE pensum='5' AND c_uni_ca='5' AND c_asigna='300676' [1][0] OK
C:[14/11/2012 09:33:52.80][172.16.8.125][1219] SELECT pre_cod_asig1,pre_cod_asig2,pre_cod_asig3,pre_cod_asig4,pre_cod_asig5,pre_cod_asig6,pre_cod_asig7 FROM tblaca009 WHERE pensum='5' AND c_uni_ca='5' AND c_asigna='355720' [1][0] OK
C:[14/11/2012 09:33:52.80][172.16.8.125][1232] SELECT c_asigna FROM dace004 WHERE exp_e='09-20035142' AND c_asigna='355692' AND status IN ('0','3','B') [1][0] OK
C:[14/11/2012 09:33:52.80][172.16.8.125][1232] SELECT c_asigna FROM dace004 WHERE exp_e='09-20035142' AND c_asigna='355696' AND status IN ('0','3','B') [1][0] OK
C:[14/11/2012 09:33:52.80][172.16.8.125][1219] SELECT pre_cod_asig1,pre_cod_asig2,pre_cod_asig3,pre_cod_asig4,pre_cod_asig5,pre_cod_asig6,pre_cod_asig7 FROM tblaca009 WHERE pensum='5' AND c_uni_ca='5' AND c_asigna='355721' [1][0] OK
C:[14/11/2012 09:33:52.80][172.16.8.125][1232] SELECT c_asigna FROM dace004 WHERE exp_e='09-20035142' AND c_asigna='355693' AND status IN ('0','3','B') [1][0] OK
C:[14/11/2012 09:33:52.80][172.16.8.125][1232] SELECT c_asigna FROM dace004 WHERE exp_e='09-20035142' AND c_asigna='355696' AND status IN ('0','3','B') [1][0] OK
C:[14/11/2012 09:33:52.80][172.16.8.125][1219] SELECT pre_cod_asig1,pre_cod_asig2,pre_cod_asig3,pre_cod_asig4,pre_cod_asig5,pre_cod_asig6,pre_cod_asig7 FROM tblaca009 WHERE pensum='5' AND c_uni_ca='5' AND c_asigna='355724' [1][0] OK
C:[14/11/2012 09:33:52.80][172.16.8.125][1232] SELECT c_asigna FROM dace004 WHERE exp_e='09-20035142' AND c_asigna='355692' AND status IN ('0','3','B') [1][0] OK
C:[14/11/2012 09:33:52.80][172.16.8.125][1219] SELECT pre_cod_asig1,pre_cod_asig2,pre_cod_asig3,pre_cod_asig4,pre_cod_asig5,pre_cod_asig6,pre_cod_asig7 FROM tblaca009 WHERE pensum='5' AND c_uni_ca='5' AND c_asigna='355725' [1][0] OK
C:[14/11/2012 09:33:52.80][172.16.8.125][1232] SELECT c_asigna FROM dace004 WHERE exp_e='09-20035142' AND c_asigna='355693' AND status IN ('0','3','B') [1][0] OK
C:[14/11/2012 09:33:52.80][172.16.8.125][1232] SELECT c_asigna FROM dace004 WHERE exp_e='09-20035142' AND c_asigna='355692' AND status IN ('0','3','B') [1][0] OK
C:[14/11/2012 09:33:52.80][172.16.8.125][1219] SELECT pre_cod_asig1,pre_cod_asig2,pre_cod_asig3,pre_cod_asig4,pre_cod_asig5,pre_cod_asig6,pre_cod_asig7 FROM tblaca009 WHERE pensum='5' AND c_uni_ca='5' AND c_asigna='355953' [1][0] OK
C:[14/11/2012 09:33:52.80][172.16.8.125][1232] SELECT c_asigna FROM dace004 WHERE exp_e='09-20035142' AND c_asigna='355691' AND status IN ('0','3','B') [1][0] OK
C:[14/11/2012 09:33:53.55][172.16.8.125][1263] SELECT par_cod_asig1,par_cod_asig2,par_cod_asig3 FROM tblaca009 WHERE pensum='5' AND c_uni_ca='5' AND c_asigna='300676' [1][0] OK
C:[14/11/2012 09:33:53.55][172.16.8.125][1263] SELECT par_cod_asig1,par_cod_asig2,par_cod_asig3 FROM tblaca009 WHERE pensum='5' AND c_uni_ca='5' AND c_asigna='355720' [1][0] OK
C:[14/11/2012 09:33:53.55][172.16.8.125][1263] SELECT par_cod_asig1,par_cod_asig2,par_cod_asig3 FROM tblaca009 WHERE pensum='5' AND c_uni_ca='5' AND c_asigna='355721' [1][0] OK
C:[14/11/2012 09:33:53.55][172.16.8.125][1263] SELECT par_cod_asig1,par_cod_asig2,par_cod_asig3 FROM tblaca009 WHERE pensum='5' AND c_uni_ca='5' AND c_asigna='355724' [1][0] OK
C:[14/11/2012 09:33:53.55][172.16.8.125][1263] SELECT par_cod_asig1,par_cod_asig2,par_cod_asig3 FROM tblaca009 WHERE pensum='5' AND c_uni_ca='5' AND c_asigna='355725' [1][0] OK
C:[14/11/2012 09:33:53.55][172.16.8.125][1263] SELECT par_cod_asig1,par_cod_asig2,par_cod_asig3 FROM tblaca009 WHERE pensum='5' AND c_uni_ca='5' AND c_asigna='355953' [1][0] OK
C:[14/11/2012 09:33:53.29][172.16.8.125][1334] SELECT c_asigna FROM tblaca009 WHERE pensum='5' AND c_uni_ca='5' AND ((par_cod_asig1='355835') OR (par_cod_asig2='355835') OR (par_cod_asig3='355835'))  [0][0] OK
C:[14/11/2012 10:12:09.92][172.16.9.3][1219] SELECT pre_cod_asig1,pre_cod_asig2,pre_cod_asig3,pre_cod_asig4,pre_cod_asig5,pre_cod_asig6,pre_cod_asig7 FROM tblaca009 WHERE pensum='5' AND c_uni_ca='5' AND c_asigna='355835' [1][0] OK
C:[14/11/2012 10:12:09.92][172.16.9.3][1232] SELECT c_asigna FROM dace004 WHERE exp_e='09-19419618' AND c_asigna='355691' AND status IN ('0','3','B') [1][0] OK
C:[14/11/2012 10:12:09.92][172.16.9.3][1219] SELECT pre_cod_asig1,pre_cod_asig2,pre_cod_asig3,pre_cod_asig4,pre_cod_asig5,pre_cod_asig6,pre_cod_asig7 FROM tblaca009 WHERE pensum='5' AND c_uni_ca='5' AND c_asigna='355720' [1][0] OK
C:[14/11/2012 10:12:09.92][172.16.9.3][1232] SELECT c_asigna FROM dace004 WHERE exp_e='09-19419618' AND c_asigna='355692' AND status IN ('0','3','B') [1][0] OK
C:[14/11/2012 10:12:09.92][172.16.9.3][1232] SELECT c_asigna FROM dace004 WHERE exp_e='09-19419618' AND c_asigna='355696' AND status IN ('0','3','B') [1][0] OK
C:[14/11/2012 10:12:09.92][172.16.9.3][1219] SELECT pre_cod_asig1,pre_cod_asig2,pre_cod_asig3,pre_cod_asig4,pre_cod_asig5,pre_cod_asig6,pre_cod_asig7 FROM tblaca009 WHERE pensum='5' AND c_uni_ca='5' AND c_asigna='355721' [1][0] OK
C:[14/11/2012 10:12:09.92][172.16.9.3][1232] SELECT c_asigna FROM dace004 WHERE exp_e='09-19419618' AND c_asigna='355693' AND status IN ('0','3','B') [1][0] OK
C:[14/11/2012 10:12:09.92][172.16.9.3][1232] SELECT c_asigna FROM dace004 WHERE exp_e='09-19419618' AND c_asigna='355696' AND status IN ('0','3','B') [1][0] OK
C:[14/11/2012 10:12:09.92][172.16.9.3][1219] SELECT pre_cod_asig1,pre_cod_asig2,pre_cod_asig3,pre_cod_asig4,pre_cod_asig5,pre_cod_asig6,pre_cod_asig7 FROM tblaca009 WHERE pensum='5' AND c_uni_ca='5' AND c_asigna='355724' [1][0] OK
C:[14/11/2012 10:12:09.92][172.16.9.3][1232] SELECT c_asigna FROM dace004 WHERE exp_e='09-19419618' AND c_asigna='355692' AND status IN ('0','3','B') [1][0] OK
C:[14/11/2012 10:12:09.92][172.16.9.3][1219] SELECT pre_cod_asig1,pre_cod_asig2,pre_cod_asig3,pre_cod_asig4,pre_cod_asig5,pre_cod_asig6,pre_cod_asig7 FROM tblaca009 WHERE pensum='5' AND c_uni_ca='5' AND c_asigna='355725' [1][0] OK
C:[14/11/2012 10:12:09.92][172.16.9.3][1232] SELECT c_asigna FROM dace004 WHERE exp_e='09-19419618' AND c_asigna='355693' AND status IN ('0','3','B') [1][0] OK
C:[14/11/2012 10:12:09.92][172.16.9.3][1232] SELECT c_asigna FROM dace004 WHERE exp_e='09-19419618' AND c_asigna='355692' AND status IN ('0','3','B') [1][0] OK
C:[14/11/2012 10:12:09.92][172.16.9.3][1219] SELECT pre_cod_asig1,pre_cod_asig2,pre_cod_asig3,pre_cod_asig4,pre_cod_asig5,pre_cod_asig6,pre_cod_asig7 FROM tblaca009 WHERE pensum='5' AND c_uni_ca='5' AND c_asigna='355953' [1][0] OK
C:[14/11/2012 10:12:09.92][172.16.9.3][1232] SELECT c_asigna FROM dace004 WHERE exp_e='09-19419618' AND c_asigna='355691' AND status IN ('0','3','B') [1][0] OK
C:[14/11/2012 10:12:09.80][172.16.9.3][1263] SELECT par_cod_asig1,par_cod_asig2,par_cod_asig3 FROM tblaca009 WHERE pensum='5' AND c_uni_ca='5' AND c_asigna='355835' [1][0] OK
C:[14/11/2012 10:12:09.80][172.16.9.3][1263] SELECT par_cod_asig1,par_cod_asig2,par_cod_asig3 FROM tblaca009 WHERE pensum='5' AND c_uni_ca='5' AND c_asigna='355720' [1][0] OK
C:[14/11/2012 10:12:09.80][172.16.9.3][1263] SELECT par_cod_asig1,par_cod_asig2,par_cod_asig3 FROM tblaca009 WHERE pensum='5' AND c_uni_ca='5' AND c_asigna='355721' [1][0] OK
C:[14/11/2012 10:12:09.80][172.16.9.3][1263] SELECT par_cod_asig1,par_cod_asig2,par_cod_asig3 FROM tblaca009 WHERE pensum='5' AND c_uni_ca='5' AND c_asigna='355724' [1][0] OK
C:[14/11/2012 10:12:09.80][172.16.9.3][1263] SELECT par_cod_asig1,par_cod_asig2,par_cod_asig3 FROM tblaca009 WHERE pensum='5' AND c_uni_ca='5' AND c_asigna='355725' [1][0] OK
C:[14/11/2012 10:12:09.80][172.16.9.3][1263] SELECT par_cod_asig1,par_cod_asig2,par_cod_asig3 FROM tblaca009 WHERE pensum='5' AND c_uni_ca='5' AND c_asigna='355953' [1][0] OK
C:[14/11/2012 10:42:26.02][190.198.179.142][1219] SELECT pre_cod_asig1,pre_cod_asig2,pre_cod_asig3,pre_cod_asig4,pre_cod_asig5,pre_cod_asig6,pre_cod_asig7 FROM tblaca009 WHERE pensum='5' AND c_uni_ca='3' AND c_asigna='300313' [1][0] OK
C:[14/11/2012 10:42:26.02][190.198.179.142][1232] SELECT c_asigna FROM dace004 WHERE exp_e='07-19159177' AND c_asigna='300213' AND status IN ('0','3','B') [1][0] OK
C:[14/11/2012 10:42:26.02][190.198.179.142][1232] SELECT c_asigna FROM dace004 WHERE exp_e='07-19159177' AND c_asigna='300226' AND status IN ('0','3','B') [1][0] OK
C:[14/11/2012 10:42:26.02][190.198.179.142][1232] SELECT c_asigna FROM dace004 WHERE exp_e='07-19159177' AND c_asigna='300222' AND status IN ('0','3','B') [1][0] OK
C:[14/11/2012 10:42:26.02][190.198.179.142][1232] SELECT c_asigna FROM dace004 WHERE exp_e='07-19159177' AND c_asigna='300209' AND status IN ('0','3','B') [1][0] OK
C:[14/11/2012 10:42:26.02][190.198.179.142][1219] SELECT pre_cod_asig1,pre_cod_asig2,pre_cod_asig3,pre_cod_asig4,pre_cod_asig5,pre_cod_asig6,pre_cod_asig7 FROM tblaca009 WHERE pensum='5' AND c_uni_ca='3' AND c_asigna='311554' [1][0] OK
C:[14/11/2012 10:42:26.02][190.198.179.142][1232] SELECT c_asigna FROM dace004 WHERE exp_e='07-19159177' AND c_asigna='300318' AND status IN ('0','3','B') [1][0] OK
C:[14/11/2012 10:42:26.02][190.198.179.142][1232] SELECT c_asigna FROM dace004 WHERE exp_e='07-19159177' AND c_asigna='300428' AND status IN ('0','3','B') [1][0] OK
C:[14/11/2012 10:42:26.02][190.198.179.142][1219] SELECT pre_cod_asig1,pre_cod_asig2,pre_cod_asig3,pre_cod_asig4,pre_cod_asig5,pre_cod_asig6,pre_cod_asig7 FROM tblaca009 WHERE pensum='5' AND c_uni_ca='3' AND c_asigna='314662' [1][0] OK
C:[14/11/2012 10:42:26.02][190.198.179.142][1232] SELECT c_asigna FROM dace004 WHERE exp_e='07-19159177' AND c_asigna='311552' AND status IN ('0','3','B') [1][0] OK
C:[14/11/2012 10:42:26.02][190.198.179.142][1219] SELECT pre_cod_asig1,pre_cod_asig2,pre_cod_asig3,pre_cod_asig4,pre_cod_asig5,pre_cod_asig6,pre_cod_asig7 FROM tblaca009 WHERE pensum='5' AND c_uni_ca='3' AND c_asigna='315552' [1][0] OK
C:[14/11/2012 10:42:26.02][190.198.179.142][1232] SELECT c_asigna FROM dace004 WHERE exp_e='07-19159177' AND c_asigna='311430' AND status IN ('0','3','B') [1][0] OK
C:[14/11/2012 10:42:26.02][190.198.179.142][1232] SELECT c_asigna FROM dace004 WHERE exp_e='07-19159177' AND c_asigna='300222' AND status IN ('0','3','B') [1][0] OK
C:[14/11/2012 10:42:26.02][190.198.179.142][1232] SELECT c_asigna FROM dace004 WHERE exp_e='07-19159177' AND c_asigna='300226' AND status IN ('0','3','B') [1][0] OK
C:[14/11/2012 10:42:26.02][190.198.179.142][1232] SELECT c_asigna FROM dace004 WHERE exp_e='07-19159177' AND c_asigna='300209' AND status IN ('0','3','B') [1][0] OK
C:[14/11/2012 10:42:27.90][190.198.179.142][1263] SELECT par_cod_asig1,par_cod_asig2,par_cod_asig3 FROM tblaca009 WHERE pensum='5' AND c_uni_ca='3' AND c_asigna='300313' [1][0] OK
C:[14/11/2012 10:42:27.90][190.198.179.142][1263] SELECT par_cod_asig1,par_cod_asig2,par_cod_asig3 FROM tblaca009 WHERE pensum='5' AND c_uni_ca='3' AND c_asigna='311554' [1][0] OK
C:[14/11/2012 10:42:27.90][190.198.179.142][1263] SELECT par_cod_asig1,par_cod_asig2,par_cod_asig3 FROM tblaca009 WHERE pensum='5' AND c_uni_ca='3' AND c_asigna='314662' [1][0] OK
C:[14/11/2012 10:42:27.90][190.198.179.142][1263] SELECT par_cod_asig1,par_cod_asig2,par_cod_asig3 FROM tblaca009 WHERE pensum='5' AND c_uni_ca='3' AND c_asigna='315552' [1][0] OK
C:[14/11/2012 10:42:27.96][190.198.179.142][1334] SELECT c_asigna FROM tblaca009 WHERE pensum='5' AND c_uni_ca='3' AND ((par_cod_asig1='300422') OR (par_cod_asig2='300422') OR (par_cod_asig3='300422'))  [0][0] OK
C:[14/11/2012 14:10:48.38][190.73.252.190][1219] SELECT pre_cod_asig1,pre_cod_asig2,pre_cod_asig3,pre_cod_asig4,pre_cod_asig5,pre_cod_asig6,pre_cod_asig7 FROM tblaca009 WHERE pensum='5' AND c_uni_ca='6' AND c_asigna='344948' [1][0] OK
C:[14/11/2012 14:10:48.51][190.73.252.190][1263] SELECT par_cod_asig1,par_cod_asig2,par_cod_asig3 FROM tblaca009 WHERE pensum='5' AND c_uni_ca='6' AND c_asigna='344948' [1][0] OK
C:[14/11/2012 14:10:48.63][190.73.252.190][1334] SELECT c_asigna FROM tblaca009 WHERE pensum='5' AND c_uni_ca='6' AND ((par_cod_asig1='344953') OR (par_cod_asig2='344953') OR (par_cod_asig3='344953'))  [0][0] OK
C:[14/11/2012 14:38:02.82][201.243.126.171][1219] SELECT pre_cod_asig1,pre_cod_asig2,pre_cod_asig3,pre_cod_asig4,pre_cod_asig5,pre_cod_asig6,pre_cod_asig7 FROM tblaca009 WHERE pensum='5' AND c_uni_ca='6' AND c_asigna='300101' [1][0] OK
C:[14/11/2012 14:38:02.94][201.243.126.171][1263] SELECT par_cod_asig1,par_cod_asig2,par_cod_asig3 FROM tblaca009 WHERE pensum='5' AND c_uni_ca='6' AND c_asigna='300101' [1][0] OK
C:[14/11/2012 15:05:10.25][172.16.8.247][1219] SELECT pre_cod_asig1,pre_cod_asig2,pre_cod_asig3,pre_cod_asig4,pre_cod_asig5,pre_cod_asig6,pre_cod_asig7 FROM tblaca009 WHERE pensum='5' AND c_uni_ca='6' AND c_asigna='300207' [1][0] OK
C:[14/11/2012 15:05:10.25][172.16.8.247][1232] SELECT c_asigna FROM dace004 WHERE exp_e='12-24412791' AND c_asigna='300101' AND status IN ('0','3','B') [1][0] OK
C:[14/11/2012 15:05:10.25][172.16.8.247][1219] SELECT pre_cod_asig1,pre_cod_asig2,pre_cod_asig3,pre_cod_asig4,pre_cod_asig5,pre_cod_asig6,pre_cod_asig7 FROM tblaca009 WHERE pensum='5' AND c_uni_ca='6' AND c_asigna='300209' [1][0] OK
C:[14/11/2012 15:05:10.25][172.16.8.247][1232] SELECT c_asigna FROM dace004 WHERE exp_e='12-24412791' AND c_asigna='300101' AND status IN ('0','3','B') [1][0] OK
C:[14/11/2012 15:05:10.25][172.16.8.247][1219] SELECT pre_cod_asig1,pre_cod_asig2,pre_cod_asig3,pre_cod_asig4,pre_cod_asig5,pre_cod_asig6,pre_cod_asig7 FROM tblaca009 WHERE pensum='5' AND c_uni_ca='6' AND c_asigna='300213' [1][0] OK
C:[14/11/2012 15:05:10.25][172.16.8.247][1232] SELECT c_asigna FROM dace004 WHERE exp_e='12-24412791' AND c_asigna='300101' AND status IN ('0','3','B') [1][0] OK
C:[14/11/2012 15:05:10.25][172.16.8.247][1219] SELECT pre_cod_asig1,pre_cod_asig2,pre_cod_asig3,pre_cod_asig4,pre_cod_asig5,pre_cod_asig6,pre_cod_asig7 FROM tblaca009 WHERE pensum='5' AND c_uni_ca='6' AND c_asigna='300222' [1][0] OK
C:[14/11/2012 15:05:10.25][172.16.8.247][1232] SELECT c_asigna FROM dace004 WHERE exp_e='12-24412791' AND c_asigna='300112' AND status IN ('0','3','B') [1][0] OK
C:[14/11/2012 15:05:10.25][172.16.8.247][1219] SELECT pre_cod_asig1,pre_cod_asig2,pre_cod_asig3,pre_cod_asig4,pre_cod_asig5,pre_cod_asig6,pre_cod_asig7 FROM tblaca009 WHERE pensum='5' AND c_uni_ca='6' AND c_asigna='300226' [1][0] OK
C:[14/11/2012 15:05:10.25][172.16.8.247][1232] SELECT c_asigna FROM dace004 WHERE exp_e='12-24412791' AND c_asigna='300116' AND status IN ('0','3','B') [1][0] OK
C:[14/11/2012 15:05:10.25][172.16.8.247][1219] SELECT pre_cod_asig1,pre_cod_asig2,pre_cod_asig3,pre_cod_asig4,pre_cod_asig5,pre_cod_asig6,pre_cod_asig7 FROM tblaca009 WHERE pensum='5' AND c_uni_ca='6' AND c_asigna='300228' [1][0] OK
C:[14/11/2012 15:05:10.25][172.16.8.247][1232] SELECT c_asigna FROM dace004 WHERE exp_e='12-24412791' AND c_asigna='300101' AND status IN ('0','3','B') [1][0] OK
C:[14/11/2012 15:05:10.75][172.16.8.247][1263] SELECT par_cod_asig1,par_cod_asig2,par_cod_asig3 FROM tblaca009 WHERE pensum='5' AND c_uni_ca='6' AND c_asigna='300207' [1][0] OK
C:[14/11/2012 15:05:10.75][172.16.8.247][1263] SELECT par_cod_asig1,par_cod_asig2,par_cod_asig3 FROM tblaca009 WHERE pensum='5' AND c_uni_ca='6' AND c_asigna='300209' [1][0] OK
C:[14/11/2012 15:05:10.75][172.16.8.247][1263] SELECT par_cod_asig1,par_cod_asig2,par_cod_asig3 FROM tblaca009 WHERE pensum='5' AND c_uni_ca='6' AND c_asigna='300213' [1][0] OK
C:[14/11/2012 15:05:10.75][172.16.8.247][1277] SELECT c_asigna FROM dace004 WHERE exp_e='12-24412791' AND c_asigna='300209' AND status IN ('0','3','B','C') [0][0] OK
C:[14/11/2012 15:05:10.75][172.16.8.247][1263] SELECT par_cod_asig1,par_cod_asig2,par_cod_asig3 FROM tblaca009 WHERE pensum='5' AND c_uni_ca='6' AND c_asigna='300222' [1][0] OK
C:[14/11/2012 15:05:10.75][172.16.8.247][1263] SELECT par_cod_asig1,par_cod_asig2,par_cod_asig3 FROM tblaca009 WHERE pensum='5' AND c_uni_ca='6' AND c_asigna='300226' [1][0] OK
C:[14/11/2012 15:05:10.75][172.16.8.247][1263] SELECT par_cod_asig1,par_cod_asig2,par_cod_asig3 FROM tblaca009 WHERE pensum='5' AND c_uni_ca='6' AND c_asigna='300228' [1][0] OK
C:[14/11/2012 15:05:10.62][172.16.8.247][1334] SELECT c_asigna FROM tblaca009 WHERE pensum='5' AND c_uni_ca='6' AND ((par_cod_asig1='300218') OR (par_cod_asig2='300218') OR (par_cod_asig3='300218'))  [0][0] OK
C:[14/11/2012 15:51:16.03][172.16.9.4][1219] SELECT pre_cod_asig1,pre_cod_asig2,pre_cod_asig3,pre_cod_asig4,pre_cod_asig5,pre_cod_asig6,pre_cod_asig7 FROM tblaca009 WHERE pensum='5' AND c_uni_ca='5' AND c_asigna='351451' [1][0] OK
C:[14/11/2012 15:51:16.03][172.16.9.4][1232] SELECT c_asigna FROM dace004 WHERE exp_e='08-19621182' AND c_asigna='351330' AND status IN ('0','3','B') [1][0] OK
C:[14/11/2012 15:51:16.03][172.16.9.4][1232] SELECT c_asigna FROM dace004 WHERE exp_e='08-19621182' AND c_asigna='355350' AND status IN ('0','3','B') [1][0] OK
C:[14/11/2012 15:51:16.03][172.16.9.4][1232] SELECT c_asigna FROM dace004 WHERE exp_e='08-19621182' AND c_asigna='300318' AND status IN ('0','3','B') [1][0] OK
C:[14/11/2012 15:51:16.03][172.16.9.4][1232] SELECT c_asigna FROM dace004 WHERE exp_e='08-19621182' AND c_asigna='300209' AND status IN ('0','3','B') [1][0] OK
C:[14/11/2012 15:51:16.03][172.16.9.4][1232] SELECT c_asigna FROM dace004 WHERE exp_e='08-19621182' AND c_asigna='300222' AND status IN ('0','3','B') [0][0] OK
C:[14/11/2012 15:51:16.03][172.16.9.4][1219] SELECT pre_cod_asig1,pre_cod_asig2,pre_cod_asig3,pre_cod_asig4,pre_cod_asig5,pre_cod_asig6,pre_cod_asig7 FROM tblaca009 WHERE pensum='5' AND c_uni_ca='5' AND c_asigna='300222' [1][0] OK
C:[14/11/2012 15:51:16.03][172.16.9.4][1232] SELECT c_asigna FROM dace004 WHERE exp_e='08-19621182' AND c_asigna='300112' AND status IN ('0','3','B') [1][0] OK
C:[14/11/2012 15:51:16.03][172.16.9.4][1219] SELECT pre_cod_asig1,pre_cod_asig2,pre_cod_asig3,pre_cod_asig4,pre_cod_asig5,pre_cod_asig6,pre_cod_asig7 FROM tblaca009 WHERE pensum='5' AND c_uni_ca='5' AND c_asigna='300422' [1][0] OK
C:[14/11/2012 15:51:16.03][172.16.9.4][1232] SELECT c_asigna FROM dace004 WHERE exp_e='08-19621182' AND c_asigna='300105' AND status IN ('0','3','B') [1][0] OK
C:[14/11/2012 15:51:16.03][172.16.9.4][1232] SELECT c_asigna FROM dace004 WHERE exp_e='08-19621182' AND c_asigna='300314' AND status IN ('0','3','B') [1][0] OK
C:[14/11/2012 15:51:16.03][172.16.9.4][1219] SELECT pre_cod_asig1,pre_cod_asig2,pre_cod_asig3,pre_cod_asig4,pre_cod_asig5,pre_cod_asig6,pre_cod_asig7 FROM tblaca009 WHERE pensum='5' AND c_uni_ca='5' AND c_asigna='355447' [1][0] OK
C:[14/11/2012 15:51:16.03][172.16.9.4][1232] SELECT c_asigna FROM dace004 WHERE exp_e='08-19621182' AND c_asigna='351330' AND status IN ('0','3','B') [1][0] OK
C:[14/11/2012 15:51:16.03][172.16.9.4][1219] SELECT pre_cod_asig1,pre_cod_asig2,pre_cod_asig3,pre_cod_asig4,pre_cod_asig5,pre_cod_asig6,pre_cod_asig7 FROM tblaca009 WHERE pensum='5' AND c_uni_ca='5' AND c_asigna='355573' [1][0] OK
C:[14/11/2012 15:51:16.03][172.16.9.4][1232] SELECT c_asigna FROM dace004 WHERE exp_e='08-19621182' AND c_asigna='355448' AND status IN ('0','3','B') [1][0] OK
C:[14/11/2012 15:51:17.90][172.16.9.4][1263] SELECT par_cod_asig1,par_cod_asig2,par_cod_asig3 FROM tblaca009 WHERE pensum='5' AND c_uni_ca='5' AND c_asigna='351451' [1][0] OK
C:[14/11/2012 15:51:17.90][172.16.9.4][1263] SELECT par_cod_asig1,par_cod_asig2,par_cod_asig3 FROM tblaca009 WHERE pensum='5' AND c_uni_ca='5' AND c_asigna='300222' [1][0] OK
C:[14/11/2012 15:51:17.90][172.16.9.4][1263] SELECT par_cod_asig1,par_cod_asig2,par_cod_asig3 FROM tblaca009 WHERE pensum='5' AND c_uni_ca='5' AND c_asigna='300422' [1][0] OK
C:[14/11/2012 15:51:17.90][172.16.9.4][1263] SELECT par_cod_asig1,par_cod_asig2,par_cod_asig3 FROM tblaca009 WHERE pensum='5' AND c_uni_ca='5' AND c_asigna='355447' [1][0] OK
C:[14/11/2012 15:51:17.90][172.16.9.4][1263] SELECT par_cod_asig1,par_cod_asig2,par_cod_asig3 FROM tblaca009 WHERE pensum='5' AND c_uni_ca='5' AND c_asigna='355573' [1][0] OK
C:[14/11/2012 15:52:23.51][172.16.9.64][1219] SELECT pre_cod_asig1,pre_cod_asig2,pre_cod_asig3,pre_cod_asig4,pre_cod_asig5,pre_cod_asig6,pre_cod_asig7 FROM tblaca009 WHERE pensum='5' AND c_uni_ca='5' AND c_asigna='300113' [1][0] OK
C:[14/11/2012 15:52:23.51][172.16.9.64][1219] SELECT pre_cod_asig1,pre_cod_asig2,pre_cod_asig3,pre_cod_asig4,pre_cod_asig5,pre_cod_asig6,pre_cod_asig7 FROM tblaca009 WHERE pensum='5' AND c_uni_ca='5' AND c_asigna='300422' [1][0] OK
C:[14/11/2012 15:52:23.51][172.16.9.64][1232] SELECT c_asigna FROM dace004 WHERE exp_e='06-18901509' AND c_asigna='300105' AND status IN ('0','3','B') [1][0] OK
C:[14/11/2012 15:52:23.51][172.16.9.64][1232] SELECT c_asigna FROM dace004 WHERE exp_e='06-18901509' AND c_asigna='300314' AND status IN ('0','3','B') [1][0] OK
C:[14/11/2012 15:52:23.51][172.16.9.64][1219] SELECT pre_cod_asig1,pre_cod_asig2,pre_cod_asig3,pre_cod_asig4,pre_cod_asig5,pre_cod_asig6,pre_cod_asig7 FROM tblaca009 WHERE pensum='5' AND c_uni_ca='5' AND c_asigna='355573' [1][0] OK
C:[14/11/2012 15:52:23.51][172.16.9.64][1232] SELECT c_asigna FROM dace004 WHERE exp_e='06-18901509' AND c_asigna='355448' AND status IN ('0','3','B') [1][0] OK
C:[14/11/2012 15:52:23.51][172.16.9.64][1219] SELECT pre_cod_asig1,pre_cod_asig2,pre_cod_asig3,pre_cod_asig4,pre_cod_asig5,pre_cod_asig6,pre_cod_asig7 FROM tblaca009 WHERE pensum='5' AND c_uni_ca='5' AND c_asigna='355874' [1][0] OK
C:[14/11/2012 15:52:23.51][172.16.9.64][1232] SELECT c_asigna FROM dace004 WHERE exp_e='06-18901509' AND c_asigna='355448' AND status IN ('0','3','B') [1][0] OK
C:[14/11/2012 15:52:24.51][172.16.9.64][1263] SELECT par_cod_asig1,par_cod_asig2,par_cod_asig3 FROM tblaca009 WHERE pensum='5' AND c_uni_ca='5' AND c_asigna='300113' [1][0] OK
C:[14/11/2012 15:52:24.51][172.16.9.64][1277] SELECT c_asigna FROM dace004 WHERE exp_e='06-18901509' AND c_asigna='300013' AND status IN ('0','3','B','C') [1][0] OK
C:[14/11/2012 15:52:24.51][172.16.9.64][1263] SELECT par_cod_asig1,par_cod_asig2,par_cod_asig3 FROM tblaca009 WHERE pensum='5' AND c_uni_ca='5' AND c_asigna='300422' [1][0] OK
C:[14/11/2012 15:52:24.51][172.16.9.64][1263] SELECT par_cod_asig1,par_cod_asig2,par_cod_asig3 FROM tblaca009 WHERE pensum='5' AND c_uni_ca='5' AND c_asigna='355573' [1][0] OK
C:[14/11/2012 15:52:24.51][172.16.9.64][1263] SELECT par_cod_asig1,par_cod_asig2,par_cod_asig3 FROM tblaca009 WHERE pensum='5' AND c_uni_ca='5' AND c_asigna='355874' [1][0] OK
C:[14/11/2012 15:52:24.14][172.16.9.64][1334] SELECT c_asigna FROM tblaca009 WHERE pensum='5' AND c_uni_ca='5' AND ((par_cod_asig1='355447') OR (par_cod_asig2='355447') OR (par_cod_asig3='355447'))  [0][0] OK
C:[14/11/2012 15:55:25.07][186.90.189.194][1219] SELECT pre_cod_asig1,pre_cod_asig2,pre_cod_asig3,pre_cod_asig4,pre_cod_asig5,pre_cod_asig6,pre_cod_asig7 FROM tblaca009 WHERE pensum='5' AND c_uni_ca='5' AND c_asigna='300313' [1][0] OK
C:[14/11/2012 15:55:25.07][186.90.189.194][1232] SELECT c_asigna FROM dace004 WHERE exp_e='09-20506101' AND c_asigna='300213' AND status IN ('0','3','B') [1][0] OK
C:[14/11/2012 15:55:25.07][186.90.189.194][1232] SELECT c_asigna FROM dace004 WHERE exp_e='09-20506101' AND c_asigna='300226' AND status IN ('0','3','B') [1][0] OK
C:[14/11/2012 15:55:25.07][186.90.189.194][1232] SELECT c_asigna FROM dace004 WHERE exp_e='09-20506101' AND c_asigna='300222' AND status IN ('0','3','B') [1][0] OK
C:[14/11/2012 15:55:25.07][186.90.189.194][1232] SELECT c_asigna FROM dace004 WHERE exp_e='09-20506101' AND c_asigna='300209' AND status IN ('0','3','B') [1][0] OK
C:[14/11/2012 15:55:25.07][186.90.189.194][1219] SELECT pre_cod_asig1,pre_cod_asig2,pre_cod_asig3,pre_cod_asig4,pre_cod_asig5,pre_cod_asig6,pre_cod_asig7 FROM tblaca009 WHERE pensum='5' AND c_uni_ca='5' AND c_asigna='351451' [1][0] OK
C:[14/11/2012 15:55:25.07][186.90.189.194][1232] SELECT c_asigna FROM dace004 WHERE exp_e='09-20506101' AND c_asigna='351330' AND status IN ('0','3','B') [1][0] OK
C:[14/11/2012 15:55:25.07][186.90.189.194][1232] SELECT c_asigna FROM dace004 WHERE exp_e='09-20506101' AND c_asigna='355350' AND status IN ('0','3','B') [1][0] OK
C:[14/11/2012 15:55:25.07][186.90.189.194][1232] SELECT c_asigna FROM dace004 WHERE exp_e='09-20506101' AND c_asigna='300318' AND status IN ('0','3','B') [1][0] OK
C:[14/11/2012 15:55:25.07][186.90.189.194][1232] SELECT c_asigna FROM dace004 WHERE exp_e='09-20506101' AND c_asigna='300209' AND status IN ('0','3','B') [1][0] OK
C:[14/11/2012 15:55:25.07][186.90.189.194][1232] SELECT c_asigna FROM dace004 WHERE exp_e='09-20506101' AND c_asigna='300222' AND status IN ('0','3','B') [1][0] OK
C:[14/11/2012 15:55:25.07][186.90.189.194][1219] SELECT pre_cod_asig1,pre_cod_asig2,pre_cod_asig3,pre_cod_asig4,pre_cod_asig5,pre_cod_asig6,pre_cod_asig7 FROM tblaca009 WHERE pensum='5' AND c_uni_ca='5' AND c_asigna='352440' [1][0] OK
C:[14/11/2012 15:55:25.07][186.90.189.194][1232] SELECT c_asigna FROM dace004 WHERE exp_e='09-20506101' AND c_asigna='300317' AND status IN ('0','3','B') [1][0] OK
C:[14/11/2012 15:55:25.07][186.90.189.194][1232] SELECT c_asigna FROM dace004 WHERE exp_e='09-20506101' AND c_asigna='300013' AND status IN ('0','3','B') [1][0] OK
C:[14/11/2012 15:55:25.07][186.90.189.194][1232] SELECT c_asigna FROM dace004 WHERE exp_e='09-20506101' AND c_asigna='300113' AND status IN ('0','3','B') [1][0] OK
C:[14/11/2012 15:55:25.07][186.90.189.194][1219] SELECT pre_cod_asig1,pre_cod_asig2,pre_cod_asig3,pre_cod_asig4,pre_cod_asig5,pre_cod_asig6,pre_cod_asig7 FROM tblaca009 WHERE pensum='5' AND c_uni_ca='5' AND c_asigna='355572' [1][0] OK
C:[14/11/2012 15:55:25.07][186.90.189.194][1232] SELECT c_asigna FROM dace004 WHERE exp_e='09-20506101' AND c_asigna='300428' AND status IN ('0','3','B') [1][0] OK
C:[14/11/2012 15:55:25.20][186.90.189.194][1263] SELECT par_cod_asig1,par_cod_asig2,par_cod_asig3 FROM tblaca009 WHERE pensum='5' AND c_uni_ca='5' AND c_asigna='300313' [1][0] OK
C:[14/11/2012 15:55:25.20][186.90.189.194][1263] SELECT par_cod_asig1,par_cod_asig2,par_cod_asig3 FROM tblaca009 WHERE pensum='5' AND c_uni_ca='5' AND c_asigna='351451' [1][0] OK
C:[14/11/2012 15:55:25.20][186.90.189.194][1263] SELECT par_cod_asig1,par_cod_asig2,par_cod_asig3 FROM tblaca009 WHERE pensum='5' AND c_uni_ca='5' AND c_asigna='352440' [1][0] OK
C:[14/11/2012 15:55:25.20][186.90.189.194][1263] SELECT par_cod_asig1,par_cod_asig2,par_cod_asig3 FROM tblaca009 WHERE pensum='5' AND c_uni_ca='5' AND c_asigna='355572' [1][0] OK
C:[14/11/2012 15:55:25.70][186.90.189.194][1334] SELECT c_asigna FROM tblaca009 WHERE pensum='5' AND c_uni_ca='5' AND ((par_cod_asig1='355447') OR (par_cod_asig2='355447') OR (par_cod_asig3='355447'))  [0][0] OK
C:[14/11/2012 15:58:41.27][172.16.12.160][1219] SELECT pre_cod_asig1,pre_cod_asig2,pre_cod_asig3,pre_cod_asig4,pre_cod_asig5,pre_cod_asig6,pre_cod_asig7 FROM tblaca009 WHERE pensum='5' AND c_uni_ca='5' AND c_asigna='354852' [1][0] OK
C:[14/11/2012 15:58:41.27][172.16.12.160][1219] SELECT pre_cod_asig1,pre_cod_asig2,pre_cod_asig3,pre_cod_asig4,pre_cod_asig5,pre_cod_asig6,pre_cod_asig7 FROM tblaca009 WHERE pensum='5' AND c_uni_ca='5' AND c_asigna='355721' [1][0] OK
C:[14/11/2012 15:58:41.27][172.16.12.160][1232] SELECT c_asigna FROM dace004 WHERE exp_e='94-12360569' AND c_asigna='355693' AND status IN ('0','3','B') [1][0] OK
C:[14/11/2012 15:58:41.27][172.16.12.160][1232] SELECT c_asigna FROM dace004 WHERE exp_e='94-12360569' AND c_asigna='355696' AND status IN ('0','3','B') [1][0] OK
C:[14/11/2012 15:58:41.27][172.16.12.160][1219] SELECT pre_cod_asig1,pre_cod_asig2,pre_cod_asig3,pre_cod_asig4,pre_cod_asig5,pre_cod_asig6,pre_cod_asig7 FROM tblaca009 WHERE pensum='5' AND c_uni_ca='5' AND c_asigna='355722' [1][0] OK
C:[14/11/2012 15:58:41.27][172.16.12.160][1232] SELECT c_asigna FROM dace004 WHERE exp_e='94-12360569' AND c_asigna='355691' AND status IN ('0','3','B') [1][0] OK
C:[14/11/2012 15:58:41.27][172.16.12.160][1232] SELECT c_asigna FROM dace004 WHERE exp_e='94-12360569' AND c_asigna='355595' AND status IN ('0','3','B') [1][0] OK
C:[14/11/2012 15:58:41.27][172.16.12.160][1219] SELECT pre_cod_asig1,pre_cod_asig2,pre_cod_asig3,pre_cod_asig4,pre_cod_asig5,pre_cod_asig6,pre_cod_asig7 FROM tblaca009 WHERE pensum='5' AND c_uni_ca='5' AND c_asigna='355953' [1][0] OK
C:[14/11/2012 15:58:41.27][172.16.12.160][1232] SELECT c_asigna FROM dace004 WHERE exp_e='94-12360569' AND c_asigna='355691' AND status IN ('0','3','B') [1][0] OK
C:[14/11/2012 15:58:41.39][172.16.12.160][1263] SELECT par_cod_asig1,par_cod_asig2,par_cod_asig3 FROM tblaca009 WHERE pensum='5' AND c_uni_ca='5' AND c_asigna='354852' [1][0] OK
C:[14/11/2012 15:58:41.39][172.16.12.160][1263] SELECT par_cod_asig1,par_cod_asig2,par_cod_asig3 FROM tblaca009 WHERE pensum='5' AND c_uni_ca='5' AND c_asigna='355721' [1][0] OK
C:[14/11/2012 15:58:41.39][172.16.12.160][1263] SELECT par_cod_asig1,par_cod_asig2,par_cod_asig3 FROM tblaca009 WHERE pensum='5' AND c_uni_ca='5' AND c_asigna='355722' [1][0] OK
C:[14/11/2012 15:58:41.39][172.16.12.160][1263] SELECT par_cod_asig1,par_cod_asig2,par_cod_asig3 FROM tblaca009 WHERE pensum='5' AND c_uni_ca='5' AND c_asigna='355953' [1][0] OK
C:[14/11/2012 16:30:47.02][172.16.8.247][1219] SELECT pre_cod_asig1,pre_cod_asig2,pre_cod_asig3,pre_cod_asig4,pre_cod_asig5,pre_cod_asig6,pre_cod_asig7 FROM tblaca009 WHERE pensum='5' AND c_uni_ca='3' AND c_asigna='312333' [1][0] OK
C:[14/11/2012 16:30:47.02][172.16.8.247][1232] SELECT c_asigna FROM dace004 WHERE exp_e='09-20808525' AND c_asigna='300228' AND status IN ('0','3','B') [1][0] OK
C:[14/11/2012 16:30:47.02][172.16.8.247][1219] SELECT pre_cod_asig1,pre_cod_asig2,pre_cod_asig3,pre_cod_asig4,pre_cod_asig5,pre_cod_asig6,pre_cod_asig7 FROM tblaca009 WHERE pensum='5' AND c_uni_ca='3' AND c_asigna='300313' [1][0] OK
C:[14/11/2012 16:30:47.02][172.16.8.247][1232] SELECT c_asigna FROM dace004 WHERE exp_e='09-20808525' AND c_asigna='300213' AND status IN ('0','3','B') [1][0] OK
C:[14/11/2012 16:30:47.02][172.16.8.247][1232] SELECT c_asigna FROM dace004 WHERE exp_e='09-20808525' AND c_asigna='300226' AND status IN ('0','3','B') [1][0] OK
C:[14/11/2012 16:30:47.02][172.16.8.247][1232] SELECT c_asigna FROM dace004 WHERE exp_e='09-20808525' AND c_asigna='300222' AND status IN ('0','3','B') [1][0] OK
C:[14/11/2012 16:30:47.02][172.16.8.247][1232] SELECT c_asigna FROM dace004 WHERE exp_e='09-20808525' AND c_asigna='300209' AND status IN ('0','3','B') [1][0] OK
C:[14/11/2012 16:30:47.02][172.16.8.247][1219] SELECT pre_cod_asig1,pre_cod_asig2,pre_cod_asig3,pre_cod_asig4,pre_cod_asig5,pre_cod_asig6,pre_cod_asig7 FROM tblaca009 WHERE pensum='5' AND c_uni_ca='3' AND c_asigna='300317' [1][0] OK
C:[14/11/2012 16:30:47.02][172.16.8.247][1232] SELECT c_asigna FROM dace004 WHERE exp_e='09-20808525' AND c_asigna='300207' AND status IN ('0','3','B') [1][0] OK
C:[14/11/2012 16:30:47.02][172.16.8.247][1232] SELECT c_asigna FROM dace004 WHERE exp_e='09-20808525' AND c_asigna='300209' AND status IN ('0','3','B') [1][0] OK
C:[14/11/2012 16:30:48.27][172.16.8.247][1263] SELECT par_cod_asig1,par_cod_asig2,par_cod_asig3 FROM tblaca009 WHERE pensum='5' AND c_uni_ca='3' AND c_asigna='312333' [1][0] OK
C:[14/11/2012 16:30:48.27][172.16.8.247][1263] SELECT par_cod_asig1,par_cod_asig2,par_cod_asig3 FROM tblaca009 WHERE pensum='5' AND c_uni_ca='3' AND c_asigna='300313' [1][0] OK
C:[14/11/2012 16:30:48.27][172.16.8.247][1263] SELECT par_cod_asig1,par_cod_asig2,par_cod_asig3 FROM tblaca009 WHERE pensum='5' AND c_uni_ca='3' AND c_asigna='300317' [1][0] OK
C:[14/11/2012 16:32:52.62][172.16.8.247][1219] SELECT pre_cod_asig1,pre_cod_asig2,pre_cod_asig3,pre_cod_asig4,pre_cod_asig5,pre_cod_asig6,pre_cod_asig7 FROM tblaca009 WHERE pensum='5' AND c_uni_ca='3' AND c_asigna='312333' [1][0] OK
C:[14/11/2012 16:32:52.62][172.16.8.247][1232] SELECT c_asigna FROM dace004 WHERE exp_e='10-20804192' AND c_asigna='300228' AND status IN ('0','3','B') [1][0] OK
C:[14/11/2012 16:32:52.62][172.16.8.247][1219] SELECT pre_cod_asig1,pre_cod_asig2,pre_cod_asig3,pre_cod_asig4,pre_cod_asig5,pre_cod_asig6,pre_cod_asig7 FROM tblaca009 WHERE pensum='5' AND c_uni_ca='3' AND c_asigna='300314' [1][0] OK
C:[14/11/2012 16:32:52.62][172.16.8.247][1232] SELECT c_asigna FROM dace004 WHERE exp_e='10-20804192' AND c_asigna='300106' AND status IN ('0','3','B') [1][0] OK
C:[14/11/2012 16:32:52.62][172.16.8.247][1219] SELECT pre_cod_asig1,pre_cod_asig2,pre_cod_asig3,pre_cod_asig4,pre_cod_asig5,pre_cod_asig6,pre_cod_asig7 FROM tblaca009 WHERE pensum='5' AND c_uni_ca='3' AND c_asigna='300317' [1][0] OK
C:[14/11/2012 16:32:52.62][172.16.8.247][1232] SELECT c_asigna FROM dace004 WHERE exp_e='10-20804192' AND c_asigna='300207' AND status IN ('0','3','B') [1][0] OK
C:[14/11/2012 16:32:52.62][172.16.8.247][1232] SELECT c_asigna FROM dace004 WHERE exp_e='10-20804192' AND c_asigna='300209' AND status IN ('0','3','B') [1][0] OK
C:[14/11/2012 16:32:52.62][172.16.8.247][1219] SELECT pre_cod_asig1,pre_cod_asig2,pre_cod_asig3,pre_cod_asig4,pre_cod_asig5,pre_cod_asig6,pre_cod_asig7 FROM tblaca009 WHERE pensum='5' AND c_uni_ca='3' AND c_asigna='300318' [1][0] OK
C:[14/11/2012 16:32:52.62][172.16.8.247][1232] SELECT c_asigna FROM dace004 WHERE exp_e='10-20804192' AND c_asigna='300228' AND status IN ('0','3','B') [1][0] OK
C:[14/11/2012 16:32:52.62][172.16.8.247][1232] SELECT c_asigna FROM dace004 WHERE exp_e='10-20804192' AND c_asigna='300207' AND status IN ('0','3','B') [1][0] OK
C:[14/11/2012 16:32:52.62][172.16.8.247][1232] SELECT c_asigna FROM dace004 WHERE exp_e='10-20804192' AND c_asigna='300218' AND status IN ('0','3','B') [1][0] OK
C:[14/11/2012 16:32:52.62][172.16.8.247][1219] SELECT pre_cod_asig1,pre_cod_asig2,pre_cod_asig3,pre_cod_asig4,pre_cod_asig5,pre_cod_asig6,pre_cod_asig7 FROM tblaca009 WHERE pensum='5' AND c_uni_ca='3' AND c_asigna='311320' [1][0] OK
C:[14/11/2012 16:32:52.62][172.16.8.247][1232] SELECT c_asigna FROM dace004 WHERE exp_e='10-20804192' AND c_asigna='300013' AND status IN ('0','3','B') [1][0] OK
C:[14/11/2012 16:32:52.62][172.16.8.247][1232] SELECT c_asigna FROM dace004 WHERE exp_e='10-20804192' AND c_asigna='300113' AND status IN ('0','3','B') [1][0] OK
C:[14/11/2012 16:32:52.37][172.16.8.247][1263] SELECT par_cod_asig1,par_cod_asig2,par_cod_asig3 FROM tblaca009 WHERE pensum='5' AND c_uni_ca='3' AND c_asigna='312333' [1][0] OK
C:[14/11/2012 16:32:52.37][172.16.8.247][1263] SELECT par_cod_asig1,par_cod_asig2,par_cod_asig3 FROM tblaca009 WHERE pensum='5' AND c_uni_ca='3' AND c_asigna='300314' [1][0] OK
C:[14/11/2012 16:32:52.37][172.16.8.247][1263] SELECT par_cod_asig1,par_cod_asig2,par_cod_asig3 FROM tblaca009 WHERE pensum='5' AND c_uni_ca='3' AND c_asigna='300317' [1][0] OK
C:[14/11/2012 16:32:52.37][172.16.8.247][1263] SELECT par_cod_asig1,par_cod_asig2,par_cod_asig3 FROM tblaca009 WHERE pensum='5' AND c_uni_ca='3' AND c_asigna='300318' [1][0] OK
C:[14/11/2012 16:32:52.37][172.16.8.247][1263] SELECT par_cod_asig1,par_cod_asig2,par_cod_asig3 FROM tblaca009 WHERE pensum='5' AND c_uni_ca='3' AND c_asigna='311320' [1][0] OK
C:[14/11/2012 16:39:01.83][172.16.12.160][1219] SELECT pre_cod_asig1,pre_cod_asig2,pre_cod_asig3,pre_cod_asig4,pre_cod_asig5,pre_cod_asig6,pre_cod_asig7 FROM tblaca009 WHERE pensum='5' AND c_uni_ca='6' AND c_asigna='343568' [1][0] OK
C:[14/11/2012 16:39:01.83][172.16.12.160][1232] SELECT c_asigna FROM dace004 WHERE exp_e='06-17632061' AND c_asigna='340327' AND status IN ('0','3','B') [1][0] OK
C:[14/11/2012 16:39:01.83][172.16.12.160][1219] SELECT pre_cod_asig1,pre_cod_asig2,pre_cod_asig3,pre_cod_asig4,pre_cod_asig5,pre_cod_asig6,pre_cod_asig7 FROM tblaca009 WHERE pensum='5' AND c_uni_ca='6' AND c_asigna='344687' [1][0] OK
C:[14/11/2012 16:39:01.83][172.16.12.160][1232] SELECT c_asigna FROM dace004 WHERE exp_e='06-17632061' AND c_asigna='344565' AND status IN ('0','3','B') [1][0] OK
C:[14/11/2012 16:39:01.83][172.16.12.160][1219] SELECT pre_cod_asig1,pre_cod_asig2,pre_cod_asig3,pre_cod_asig4,pre_cod_asig5,pre_cod_asig6,pre_cod_asig7 FROM tblaca009 WHERE pensum='5' AND c_uni_ca='6' AND c_asigna='344715' [1][0] OK
C:[14/11/2012 16:39:01.83][172.16.12.160][1232] SELECT c_asigna FROM dace004 WHERE exp_e='06-17632061' AND c_asigna='344688' AND status IN ('0','3','B') [1][0] OK
C:[14/11/2012 16:39:01.83][172.16.12.160][1232] SELECT c_asigna FROM dace004 WHERE exp_e='06-17632061' AND c_asigna='344613' AND status IN ('0','3','B') [1][0] OK
C:[14/11/2012 16:39:01.83][172.16.12.160][1219] SELECT pre_cod_asig1,pre_cod_asig2,pre_cod_asig3,pre_cod_asig4,pre_cod_asig5,pre_cod_asig6,pre_cod_asig7 FROM tblaca009 WHERE pensum='5' AND c_uni_ca='6' AND c_asigna='344716' [1][0] OK
C:[14/11/2012 16:39:01.83][172.16.12.160][1232] SELECT c_asigna FROM dace004 WHERE exp_e='06-17632061' AND c_asigna='344688' AND status IN ('0','3','B') [1][0] OK
C:[14/11/2012 16:39:01.83][172.16.12.160][1232] SELECT c_asigna FROM dace004 WHERE exp_e='06-17632061' AND c_asigna='342559' AND status IN ('0','3','B') [1][0] OK
C:[14/11/2012 16:39:01.83][172.16.12.160][1219] SELECT pre_cod_asig1,pre_cod_asig2,pre_cod_asig3,pre_cod_asig4,pre_cod_asig5,pre_cod_asig6,pre_cod_asig7 FROM tblaca009 WHERE pensum='5' AND c_uni_ca='6' AND c_asigna='344733' [1][0] OK
C:[14/11/2012 16:39:01.83][172.16.12.160][1219] SELECT pre_cod_asig1,pre_cod_asig2,pre_cod_asig3,pre_cod_asig4,pre_cod_asig5,pre_cod_asig6,pre_cod_asig7 FROM tblaca009 WHERE pensum='5' AND c_uni_ca='6' AND c_asigna='344742' [1][0] OK
C:[14/11/2012 16:39:01.83][172.16.12.160][1232] SELECT c_asigna FROM dace004 WHERE exp_e='06-17632061' AND c_asigna='344688' AND status IN ('0','3','B') [1][0] OK
C:[14/11/2012 16:39:01.83][172.16.12.160][1232] SELECT c_asigna FROM dace004 WHERE exp_e='06-17632061' AND c_asigna='342679' AND status IN ('0','3','B') [1][0] OK
C:[14/11/2012 16:39:02.58][172.16.12.160][1263] SELECT par_cod_asig1,par_cod_asig2,par_cod_asig3 FROM tblaca009 WHERE pensum='5' AND c_uni_ca='6' AND c_asigna='343568' [1][0] OK
C:[14/11/2012 16:39:02.58][172.16.12.160][1263] SELECT par_cod_asig1,par_cod_asig2,par_cod_asig3 FROM tblaca009 WHERE pensum='5' AND c_uni_ca='6' AND c_asigna='344687' [1][0] OK
C:[14/11/2012 16:39:02.58][172.16.12.160][1263] SELECT par_cod_asig1,par_cod_asig2,par_cod_asig3 FROM tblaca009 WHERE pensum='5' AND c_uni_ca='6' AND c_asigna='344715' [1][0] OK
C:[14/11/2012 16:39:02.58][172.16.12.160][1263] SELECT par_cod_asig1,par_cod_asig2,par_cod_asig3 FROM tblaca009 WHERE pensum='5' AND c_uni_ca='6' AND c_asigna='344716' [1][0] OK
C:[14/11/2012 16:39:02.58][172.16.12.160][1263] SELECT par_cod_asig1,par_cod_asig2,par_cod_asig3 FROM tblaca009 WHERE pensum='5' AND c_uni_ca='6' AND c_asigna='344733' [1][0] OK
C:[14/11/2012 16:39:02.58][172.16.12.160][1263] SELECT par_cod_asig1,par_cod_asig2,par_cod_asig3 FROM tblaca009 WHERE pensum='5' AND c_uni_ca='6' AND c_asigna='344742' [1][0] OK
C:[14/11/2012 16:39:02.33][172.16.12.160][1334] SELECT c_asigna FROM tblaca009 WHERE pensum='5' AND c_uni_ca='6' AND ((par_cod_asig1='300422') OR (par_cod_asig2='300422') OR (par_cod_asig3='300422'))  [0][0] OK
C:[14/11/2012 16:41:21.04][172.16.12.160][1219] SELECT pre_cod_asig1,pre_cod_asig2,pre_cod_asig3,pre_cod_asig4,pre_cod_asig5,pre_cod_asig6,pre_cod_asig7 FROM tblaca009 WHERE pensum='5' AND c_uni_ca='6' AND c_asigna='300422' [1][0] OK
C:[14/11/2012 16:41:21.04][172.16.12.160][1232] SELECT c_asigna FROM dace004 WHERE exp_e='06-17632061' AND c_asigna='300105' AND status IN ('0','3','B') [1][0] OK
C:[14/11/2012 16:41:21.04][172.16.12.160][1232] SELECT c_asigna FROM dace004 WHERE exp_e='06-17632061' AND c_asigna='300314' AND status IN ('0','3','B') [1][0] OK
C:[14/11/2012 16:41:21.04][172.16.12.160][1219] SELECT pre_cod_asig1,pre_cod_asig2,pre_cod_asig3,pre_cod_asig4,pre_cod_asig5,pre_cod_asig6,pre_cod_asig7 FROM tblaca009 WHERE pensum='5' AND c_uni_ca='6' AND c_asigna='343568' [1][0] OK
C:[14/11/2012 16:41:21.04][172.16.12.160][1232] SELECT c_asigna FROM dace004 WHERE exp_e='06-17632061' AND c_asigna='340327' AND status IN ('0','3','B') [1][0] OK
C:[14/11/2012 16:41:21.04][172.16.12.160][1219] SELECT pre_cod_asig1,pre_cod_asig2,pre_cod_asig3,pre_cod_asig4,pre_cod_asig5,pre_cod_asig6,pre_cod_asig7 FROM tblaca009 WHERE pensum='5' AND c_uni_ca='6' AND c_asigna='344687' [1][0] OK
C:[14/11/2012 16:41:21.04][172.16.12.160][1232] SELECT c_asigna FROM dace004 WHERE exp_e='06-17632061' AND c_asigna='344565' AND status IN ('0','3','B') [1][0] OK
C:[14/11/2012 16:41:21.04][172.16.12.160][1219] SELECT pre_cod_asig1,pre_cod_asig2,pre_cod_asig3,pre_cod_asig4,pre_cod_asig5,pre_cod_asig6,pre_cod_asig7 FROM tblaca009 WHERE pensum='5' AND c_uni_ca='6' AND c_asigna='344715' [1][0] OK
C:[14/11/2012 16:41:21.04][172.16.12.160][1232] SELECT c_asigna FROM dace004 WHERE exp_e='06-17632061' AND c_asigna='344688' AND status IN ('0','3','B') [1][0] OK
C:[14/11/2012 16:41:21.04][172.16.12.160][1232] SELECT c_asigna FROM dace004 WHERE exp_e='06-17632061' AND c_asigna='344613' AND status IN ('0','3','B') [1][0] OK
C:[14/11/2012 16:41:21.04][172.16.12.160][1219] SELECT pre_cod_asig1,pre_cod_asig2,pre_cod_asig3,pre_cod_asig4,pre_cod_asig5,pre_cod_asig6,pre_cod_asig7 FROM tblaca009 WHERE pensum='5' AND c_uni_ca='6' AND c_asigna='344716' [1][0] OK
C:[14/11/2012 16:41:21.04][172.16.12.160][1232] SELECT c_asigna FROM dace004 WHERE exp_e='06-17632061' AND c_asigna='344688' AND status IN ('0','3','B') [1][0] OK
C:[14/11/2012 16:41:21.04][172.16.12.160][1232] SELECT c_asigna FROM dace004 WHERE exp_e='06-17632061' AND c_asigna='342559' AND status IN ('0','3','B') [1][0] OK
C:[14/11/2012 16:41:21.04][172.16.12.160][1219] SELECT pre_cod_asig1,pre_cod_asig2,pre_cod_asig3,pre_cod_asig4,pre_cod_asig5,pre_cod_asig6,pre_cod_asig7 FROM tblaca009 WHERE pensum='5' AND c_uni_ca='6' AND c_asigna='344733' [1][0] OK
C:[14/11/2012 16:41:21.04][172.16.12.160][1219] SELECT pre_cod_asig1,pre_cod_asig2,pre_cod_asig3,pre_cod_asig4,pre_cod_asig5,pre_cod_asig6,pre_cod_asig7 FROM tblaca009 WHERE pensum='5' AND c_uni_ca='6' AND c_asigna='344742' [1][0] OK
C:[14/11/2012 16:41:21.04][172.16.12.160][1232] SELECT c_asigna FROM dace004 WHERE exp_e='06-17632061' AND c_asigna='344688' AND status IN ('0','3','B') [1][0] OK
C:[14/11/2012 16:41:21.04][172.16.12.160][1232] SELECT c_asigna FROM dace004 WHERE exp_e='06-17632061' AND c_asigna='342679' AND status IN ('0','3','B') [1][0] OK
C:[14/11/2012 16:41:21.17][172.16.12.160][1263] SELECT par_cod_asig1,par_cod_asig2,par_cod_asig3 FROM tblaca009 WHERE pensum='5' AND c_uni_ca='6' AND c_asigna='300422' [1][0] OK
C:[14/11/2012 16:41:21.17][172.16.12.160][1263] SELECT par_cod_asig1,par_cod_asig2,par_cod_asig3 FROM tblaca009 WHERE pensum='5' AND c_uni_ca='6' AND c_asigna='343568' [1][0] OK
C:[14/11/2012 16:41:21.17][172.16.12.160][1263] SELECT par_cod_asig1,par_cod_asig2,par_cod_asig3 FROM tblaca009 WHERE pensum='5' AND c_uni_ca='6' AND c_asigna='344687' [1][0] OK
C:[14/11/2012 16:41:21.17][172.16.12.160][1263] SELECT par_cod_asig1,par_cod_asig2,par_cod_asig3 FROM tblaca009 WHERE pensum='5' AND c_uni_ca='6' AND c_asigna='344715' [1][0] OK
C:[14/11/2012 16:41:21.17][172.16.12.160][1263] SELECT par_cod_asig1,par_cod_asig2,par_cod_asig3 FROM tblaca009 WHERE pensum='5' AND c_uni_ca='6' AND c_asigna='344716' [1][0] OK
C:[14/11/2012 16:41:21.17][172.16.12.160][1263] SELECT par_cod_asig1,par_cod_asig2,par_cod_asig3 FROM tblaca009 WHERE pensum='5' AND c_uni_ca='6' AND c_asigna='344733' [1][0] OK
C:[14/11/2012 16:41:21.17][172.16.12.160][1263] SELECT par_cod_asig1,par_cod_asig2,par_cod_asig3 FROM tblaca009 WHERE pensum='5' AND c_uni_ca='6' AND c_asigna='344742' [1][0] OK
C:[14/11/2012 16:59:23.70][172.16.8.247][1219] SELECT pre_cod_asig1,pre_cod_asig2,pre_cod_asig3,pre_cod_asig4,pre_cod_asig5,pre_cod_asig6,pre_cod_asig7 FROM tblaca009 WHERE pensum='5' AND c_uni_ca='3' AND c_asigna='300313' [1][0] OK
C:[14/11/2012 16:59:23.70][172.16.8.247][1232] SELECT c_asigna FROM dace004 WHERE exp_e='09-18477038' AND c_asigna='300213' AND status IN ('0','3','B') [1][0] OK
C:[14/11/2012 16:59:23.70][172.16.8.247][1232] SELECT c_asigna FROM dace004 WHERE exp_e='09-18477038' AND c_asigna='300226' AND status IN ('0','3','B') [1][0] OK
C:[14/11/2012 16:59:23.70][172.16.8.247][1232] SELECT c_asigna FROM dace004 WHERE exp_e='09-18477038' AND c_asigna='300222' AND status IN ('0','3','B') [1][0] OK
C:[14/11/2012 16:59:23.70][172.16.8.247][1232] SELECT c_asigna FROM dace004 WHERE exp_e='09-18477038' AND c_asigna='300209' AND status IN ('0','3','B') [1][0] OK
C:[14/11/2012 16:59:23.70][172.16.8.247][1219] SELECT pre_cod_asig1,pre_cod_asig2,pre_cod_asig3,pre_cod_asig4,pre_cod_asig5,pre_cod_asig6,pre_cod_asig7 FROM tblaca009 WHERE pensum='5' AND c_uni_ca='3' AND c_asigna='300428' [1][0] OK
C:[14/11/2012 16:59:23.70][172.16.8.247][1232] SELECT c_asigna FROM dace004 WHERE exp_e='09-18477038' AND c_asigna='300317' AND status IN ('0','3','B') [1][0] OK
C:[14/11/2012 16:59:23.70][172.16.8.247][1232] SELECT c_asigna FROM dace004 WHERE exp_e='09-18477038' AND c_asigna='300209' AND status IN ('0','3','B') [1][0] OK
C:[14/11/2012 16:59:23.70][172.16.8.247][1219] SELECT pre_cod_asig1,pre_cod_asig2,pre_cod_asig3,pre_cod_asig4,pre_cod_asig5,pre_cod_asig6,pre_cod_asig7 FROM tblaca009 WHERE pensum='5' AND c_uni_ca='3' AND c_asigna='311320' [1][0] OK
C:[14/11/2012 16:59:23.70][172.16.8.247][1232] SELECT c_asigna FROM dace004 WHERE exp_e='09-18477038' AND c_asigna='300013' AND status IN ('0','3','B') [1][0] OK
C:[14/11/2012 16:59:23.70][172.16.8.247][1232] SELECT c_asigna FROM dace004 WHERE exp_e='09-18477038' AND c_asigna='300113' AND status IN ('0','3','B') [1][0] OK
C:[14/11/2012 16:59:23.70][172.16.8.247][1219] SELECT pre_cod_asig1,pre_cod_asig2,pre_cod_asig3,pre_cod_asig4,pre_cod_asig5,pre_cod_asig6,pre_cod_asig7 FROM tblaca009 WHERE pensum='5' AND c_uni_ca='3' AND c_asigna='311552' [1][0] OK
C:[14/11/2012 16:59:23.70][172.16.8.247][1232] SELECT c_asigna FROM dace004 WHERE exp_e='09-18477038' AND c_asigna='300317' AND status IN ('0','3','B') [1][0] OK
C:[14/11/2012 16:59:23.70][172.16.8.247][1232] SELECT c_asigna FROM dace004 WHERE exp_e='09-18477038' AND c_asigna='300209' AND status IN ('0','3','B') [1][0] OK
C:[14/11/2012 16:59:23.70][172.16.8.247][1219] SELECT pre_cod_asig1,pre_cod_asig2,pre_cod_asig3,pre_cod_asig4,pre_cod_asig5,pre_cod_asig6,pre_cod_asig7 FROM tblaca009 WHERE pensum='5' AND c_uni_ca='3' AND c_asigna='312333' [1][0] OK
C:[14/11/2012 16:59:23.70][172.16.8.247][1232] SELECT c_asigna FROM dace004 WHERE exp_e='09-18477038' AND c_asigna='300228' AND status IN ('0','3','B') [1][0] OK
C:[14/11/2012 16:59:24.26][172.16.8.247][1263] SELECT par_cod_asig1,par_cod_asig2,par_cod_asig3 FROM tblaca009 WHERE pensum='5' AND c_uni_ca='3' AND c_asigna='300313' [1][0] OK
C:[14/11/2012 16:59:24.26][172.16.8.247][1263] SELECT par_cod_asig1,par_cod_asig2,par_cod_asig3 FROM tblaca009 WHERE pensum='5' AND c_uni_ca='3' AND c_asigna='300428' [1][0] OK
C:[14/11/2012 16:59:24.26][172.16.8.247][1263] SELECT par_cod_asig1,par_cod_asig2,par_cod_asig3 FROM tblaca009 WHERE pensum='5' AND c_uni_ca='3' AND c_asigna='311320' [1][0] OK
C:[14/11/2012 16:59:24.26][172.16.8.247][1263] SELECT par_cod_asig1,par_cod_asig2,par_cod_asig3 FROM tblaca009 WHERE pensum='5' AND c_uni_ca='3' AND c_asigna='311552' [1][0] OK
C:[14/11/2012 16:59:24.26][172.16.8.247][1263] SELECT par_cod_asig1,par_cod_asig2,par_cod_asig3 FROM tblaca009 WHERE pensum='5' AND c_uni_ca='3' AND c_asigna='312333' [1][0] OK
C:[14/11/2012 17:28:45.38][186.89.215.17][1219] SELECT pre_cod_asig1,pre_cod_asig2,pre_cod_asig3,pre_cod_asig4,pre_cod_asig5,pre_cod_asig6,pre_cod_asig7 FROM tblaca009 WHERE pensum='5' AND c_uni_ca='5' AND c_asigna='300317' [1][0] OK
C:[14/11/2012 17:28:45.38][186.89.215.17][1232] SELECT c_asigna FROM dace004 WHERE exp_e='08-19302437' AND c_asigna='300207' AND status IN ('0','3','B') [1][0] OK
C:[14/11/2012 17:28:45.38][186.89.215.17][1232] SELECT c_asigna FROM dace004 WHERE exp_e='08-19302437' AND c_asigna='300209' AND status IN ('0','3','B') [1][0] OK
C:[14/11/2012 17:28:45.76][186.89.215.17][1263] SELECT par_cod_asig1,par_cod_asig2,par_cod_asig3 FROM tblaca009 WHERE pensum='5' AND c_uni_ca='5' AND c_asigna='300317' [1][0] OK
C:[14/11/2012 17:28:45.88][186.89.215.17][1334] SELECT c_asigna FROM tblaca009 WHERE pensum='5' AND c_uni_ca='5' AND ((par_cod_asig1='355447') OR (par_cod_asig2='355447') OR (par_cod_asig3='355447'))  [0][0] OK
C:[14/11/2012 17:43:43.81][181.183.142.249][1219] SELECT pre_cod_asig1,pre_cod_asig2,pre_cod_asig3,pre_cod_asig4,pre_cod_asig5,pre_cod_asig6,pre_cod_asig7 FROM tblaca009 WHERE pensum='5' AND c_uni_ca='3' AND c_asigna='300422' [1][0] OK
C:[14/11/2012 17:43:43.81][181.183.142.249][1232] SELECT c_asigna FROM dace004 WHERE exp_e='09-20505115' AND c_asigna='300105' AND status IN ('0','3','B') [1][0] OK
C:[14/11/2012 17:43:43.81][181.183.142.249][1232] SELECT c_asigna FROM dace004 WHERE exp_e='09-20505115' AND c_asigna='300314' AND status IN ('0','3','B') [1][0] OK
C:[14/11/2012 17:43:43.81][181.183.142.249][1219] SELECT pre_cod_asig1,pre_cod_asig2,pre_cod_asig3,pre_cod_asig4,pre_cod_asig5,pre_cod_asig6,pre_cod_asig7 FROM tblaca009 WHERE pensum='5' AND c_uni_ca='3' AND c_asigna='300677' [1][0] OK
C:[14/11/2012 17:43:43.81][181.183.142.249][1219] SELECT pre_cod_asig1,pre_cod_asig2,pre_cod_asig3,pre_cod_asig4,pre_cod_asig5,pre_cod_asig6,pre_cod_asig7 FROM tblaca009 WHERE pensum='5' AND c_uni_ca='3' AND c_asigna='310548' [1][0] OK
C:[14/11/2012 17:43:43.81][181.183.142.249][1232] SELECT c_asigna FROM dace004 WHERE exp_e='09-20505115' AND c_asigna='300428' AND status IN ('0','3','B') [1][0] OK
C:[14/11/2012 17:43:43.81][181.183.142.249][1232] SELECT c_asigna FROM dace004 WHERE exp_e='09-20505115' AND c_asigna='300313' AND status IN ('0','3','B') [1][0] OK
C:[14/11/2012 17:43:43.81][181.183.142.249][1232] SELECT c_asigna FROM dace004 WHERE exp_e='09-20505115' AND c_asigna='300222' AND status IN ('0','3','B') [1][0] OK
C:[14/11/2012 17:43:43.81][181.183.142.249][1232] SELECT c_asigna FROM dace004 WHERE exp_e='09-20505115' AND c_asigna='300226' AND status IN ('0','3','B') [1][0] OK
C:[14/11/2012 17:43:43.81][181.183.142.249][1232] SELECT c_asigna FROM dace004 WHERE exp_e='09-20505115' AND c_asigna='300209' AND status IN ('0','3','B') [1][0] OK
C:[14/11/2012 17:43:43.81][181.183.142.249][1219] SELECT pre_cod_asig1,pre_cod_asig2,pre_cod_asig3,pre_cod_asig4,pre_cod_asig5,pre_cod_asig6,pre_cod_asig7 FROM tblaca009 WHERE pensum='5' AND c_uni_ca='3' AND c_asigna='311430' [1][0] OK
C:[14/11/2012 17:43:43.81][181.183.142.249][1232] SELECT c_asigna FROM dace004 WHERE exp_e='09-20505115' AND c_asigna='300317' AND status IN ('0','3','B') [1][0] OK
C:[14/11/2012 17:43:43.81][181.183.142.249][1232] SELECT c_asigna FROM dace004 WHERE exp_e='09-20505115' AND c_asigna='300318' AND status IN ('0','3','B') [1][0] OK
C:[14/11/2012 17:43:43.81][181.183.142.249][1232] SELECT c_asigna FROM dace004 WHERE exp_e='09-20505115' AND c_asigna='300313' AND status IN ('0','3','B') [1][0] OK
C:[14/11/2012 17:43:43.81][181.183.142.249][1232] SELECT c_asigna FROM dace004 WHERE exp_e='09-20505115' AND c_asigna='300222' AND status IN ('0','3','B') [1][0] OK
C:[14/11/2012 17:43:43.81][181.183.142.249][1232] SELECT c_asigna FROM dace004 WHERE exp_e='09-20505115' AND c_asigna='300226' AND status IN ('0','3','B') [1][0] OK
C:[14/11/2012 17:43:43.81][181.183.142.249][1232] SELECT c_asigna FROM dace004 WHERE exp_e='09-20505115' AND c_asigna='300209' AND status IN ('0','3','B') [1][0] OK
C:[14/11/2012 17:43:43.81][181.183.142.249][1219] SELECT pre_cod_asig1,pre_cod_asig2,pre_cod_asig3,pre_cod_asig4,pre_cod_asig5,pre_cod_asig6,pre_cod_asig7 FROM tblaca009 WHERE pensum='5' AND c_uni_ca='3' AND c_asigna='314787' [1][0] OK
C:[14/11/2012 17:43:43.81][181.183.142.249][1232] SELECT c_asigna FROM dace004 WHERE exp_e='09-20505115' AND c_asigna='314662' AND status IN ('0','3','B') [1][0] OK
C:[14/11/2012 17:43:44.18][181.183.142.249][1263] SELECT par_cod_asig1,par_cod_asig2,par_cod_asig3 FROM tblaca009 WHERE pensum='5' AND c_uni_ca='3' AND c_asigna='300422' [1][0] OK
C:[14/11/2012 17:43:44.18][181.183.142.249][1263] SELECT par_cod_asig1,par_cod_asig2,par_cod_asig3 FROM tblaca009 WHERE pensum='5' AND c_uni_ca='3' AND c_asigna='300677' [1][0] OK
C:[14/11/2012 17:43:44.18][181.183.142.249][1263] SELECT par_cod_asig1,par_cod_asig2,par_cod_asig3 FROM tblaca009 WHERE pensum='5' AND c_uni_ca='3' AND c_asigna='310548' [1][0] OK
C:[14/11/2012 17:43:44.18][181.183.142.249][1263] SELECT par_cod_asig1,par_cod_asig2,par_cod_asig3 FROM tblaca009 WHERE pensum='5' AND c_uni_ca='3' AND c_asigna='311430' [1][0] OK
C:[14/11/2012 17:43:44.18][181.183.142.249][1263] SELECT par_cod_asig1,par_cod_asig2,par_cod_asig3 FROM tblaca009 WHERE pensum='5' AND c_uni_ca='3' AND c_asigna='314787' [1][0] OK
C:[14/11/2012 17:48:45.30][181.183.142.249][1219] SELECT pre_cod_asig1,pre_cod_asig2,pre_cod_asig3,pre_cod_asig4,pre_cod_asig5,pre_cod_asig6,pre_cod_asig7 FROM tblaca009 WHERE pensum='5' AND c_uni_ca='3' AND c_asigna='300422' [1][0] OK
C:[14/11/2012 17:48:45.30][181.183.142.249][1232] SELECT c_asigna FROM dace004 WHERE exp_e='09-20505115' AND c_asigna='300105' AND status IN ('0','3','B') [1][0] OK
C:[14/11/2012 17:48:45.30][181.183.142.249][1232] SELECT c_asigna FROM dace004 WHERE exp_e='09-20505115' AND c_asigna='300314' AND status IN ('0','3','B') [1][0] OK
C:[14/11/2012 17:48:45.30][181.183.142.249][1219] SELECT pre_cod_asig1,pre_cod_asig2,pre_cod_asig3,pre_cod_asig4,pre_cod_asig5,pre_cod_asig6,pre_cod_asig7 FROM tblaca009 WHERE pensum='5' AND c_uni_ca='3' AND c_asigna='300677' [1][0] OK
C:[14/11/2012 17:48:45.30][181.183.142.249][1219] SELECT pre_cod_asig1,pre_cod_asig2,pre_cod_asig3,pre_cod_asig4,pre_cod_asig5,pre_cod_asig6,pre_cod_asig7 FROM tblaca009 WHERE pensum='5' AND c_uni_ca='3' AND c_asigna='310548' [1][0] OK
C:[14/11/2012 17:48:45.30][181.183.142.249][1232] SELECT c_asigna FROM dace004 WHERE exp_e='09-20505115' AND c_asigna='300428' AND status IN ('0','3','B') [1][0] OK
C:[14/11/2012 17:48:45.30][181.183.142.249][1232] SELECT c_asigna FROM dace004 WHERE exp_e='09-20505115' AND c_asigna='300313' AND status IN ('0','3','B') [1][0] OK
C:[14/11/2012 17:48:45.30][181.183.142.249][1232] SELECT c_asigna FROM dace004 WHERE exp_e='09-20505115' AND c_asigna='300222' AND status IN ('0','3','B') [1][0] OK
C:[14/11/2012 17:48:45.30][181.183.142.249][1232] SELECT c_asigna FROM dace004 WHERE exp_e='09-20505115' AND c_asigna='300226' AND status IN ('0','3','B') [1][0] OK
C:[14/11/2012 17:48:45.30][181.183.142.249][1232] SELECT c_asigna FROM dace004 WHERE exp_e='09-20505115' AND c_asigna='300209' AND status IN ('0','3','B') [1][0] OK
C:[14/11/2012 17:48:45.30][181.183.142.249][1219] SELECT pre_cod_asig1,pre_cod_asig2,pre_cod_asig3,pre_cod_asig4,pre_cod_asig5,pre_cod_asig6,pre_cod_asig7 FROM tblaca009 WHERE pensum='5' AND c_uni_ca='3' AND c_asigna='311430' [1][0] OK
C:[14/11/2012 17:48:45.30][181.183.142.249][1232] SELECT c_asigna FROM dace004 WHERE exp_e='09-20505115' AND c_asigna='300317' AND status IN ('0','3','B') [1][0] OK
C:[14/11/2012 17:48:45.30][181.183.142.249][1232] SELECT c_asigna FROM dace004 WHERE exp_e='09-20505115' AND c_asigna='300318' AND status IN ('0','3','B') [1][0] OK
C:[14/11/2012 17:48:45.30][181.183.142.249][1232] SELECT c_asigna FROM dace004 WHERE exp_e='09-20505115' AND c_asigna='300313' AND status IN ('0','3','B') [1][0] OK
C:[14/11/2012 17:48:45.30][181.183.142.249][1232] SELECT c_asigna FROM dace004 WHERE exp_e='09-20505115' AND c_asigna='300222' AND status IN ('0','3','B') [1][0] OK
C:[14/11/2012 17:48:45.30][181.183.142.249][1232] SELECT c_asigna FROM dace004 WHERE exp_e='09-20505115' AND c_asigna='300226' AND status IN ('0','3','B') [1][0] OK
C:[14/11/2012 17:48:45.30][181.183.142.249][1232] SELECT c_asigna FROM dace004 WHERE exp_e='09-20505115' AND c_asigna='300209' AND status IN ('0','3','B') [1][0] OK
C:[14/11/2012 17:48:45.30][181.183.142.249][1219] SELECT pre_cod_asig1,pre_cod_asig2,pre_cod_asig3,pre_cod_asig4,pre_cod_asig5,pre_cod_asig6,pre_cod_asig7 FROM tblaca009 WHERE pensum='5' AND c_uni_ca='3' AND c_asigna='314787' [1][0] OK
C:[14/11/2012 17:48:45.30][181.183.142.249][1232] SELECT c_asigna FROM dace004 WHERE exp_e='09-20505115' AND c_asigna='314662' AND status IN ('0','3','B') [1][0] OK
C:[14/11/2012 17:48:45.68][181.183.142.249][1263] SELECT par_cod_asig1,par_cod_asig2,par_cod_asig3 FROM tblaca009 WHERE pensum='5' AND c_uni_ca='3' AND c_asigna='300422' [1][0] OK
C:[14/11/2012 17:48:45.68][181.183.142.249][1263] SELECT par_cod_asig1,par_cod_asig2,par_cod_asig3 FROM tblaca009 WHERE pensum='5' AND c_uni_ca='3' AND c_asigna='300677' [1][0] OK
C:[14/11/2012 17:48:45.68][181.183.142.249][1263] SELECT par_cod_asig1,par_cod_asig2,par_cod_asig3 FROM tblaca009 WHERE pensum='5' AND c_uni_ca='3' AND c_asigna='310548' [1][0] OK
C:[14/11/2012 17:48:45.68][181.183.142.249][1263] SELECT par_cod_asig1,par_cod_asig2,par_cod_asig3 FROM tblaca009 WHERE pensum='5' AND c_uni_ca='3' AND c_asigna='311430' [1][0] OK
C:[14/11/2012 17:48:45.68][181.183.142.249][1263] SELECT par_cod_asig1,par_cod_asig2,par_cod_asig3 FROM tblaca009 WHERE pensum='5' AND c_uni_ca='3' AND c_asigna='314787' [1][0] OK
C:[14/11/2012 22:14:53.20][190.202.209.43][1219] SELECT pre_cod_asig1,pre_cod_asig2,pre_cod_asig3,pre_cod_asig4,pre_cod_asig5,pre_cod_asig6,pre_cod_asig7 FROM tblaca009 WHERE pensum='5' AND c_uni_ca='6' AND c_asigna='300218' [1][0] OK
C:[14/11/2012 22:14:53.20][190.202.209.43][1219] SELECT pre_cod_asig1,pre_cod_asig2,pre_cod_asig3,pre_cod_asig4,pre_cod_asig5,pre_cod_asig6,pre_cod_asig7 FROM tblaca009 WHERE pensum='5' AND c_uni_ca='6' AND c_asigna='300317' [1][0] OK
C:[14/11/2012 22:14:53.20][190.202.209.43][1232] SELECT c_asigna FROM dace004 WHERE exp_e='08-20808723' AND c_asigna='300207' AND status IN ('0','3','B') [1][0] OK
C:[14/11/2012 22:14:53.20][190.202.209.43][1232] SELECT c_asigna FROM dace004 WHERE exp_e='08-20808723' AND c_asigna='300209' AND status IN ('0','3','B') [1][0] OK
C:[14/11/2012 22:14:53.20][190.202.209.43][1219] SELECT pre_cod_asig1,pre_cod_asig2,pre_cod_asig3,pre_cod_asig4,pre_cod_asig5,pre_cod_asig6,pre_cod_asig7 FROM tblaca009 WHERE pensum='5' AND c_uni_ca='6' AND c_asigna='340323' [1][0] OK
C:[14/11/2012 22:14:53.20][190.202.209.43][1232] SELECT c_asigna FROM dace004 WHERE exp_e='08-20808723' AND c_asigna='300228' AND status IN ('0','3','B') [1][0] OK
C:[14/11/2012 22:14:53.20][190.202.209.43][1232] SELECT c_asigna FROM dace004 WHERE exp_e='08-20808723' AND c_asigna='300207' AND status IN ('0','3','B') [1][0] OK
C:[14/11/2012 22:14:53.20][190.202.209.43][1219] SELECT pre_cod_asig1,pre_cod_asig2,pre_cod_asig3,pre_cod_asig4,pre_cod_asig5,pre_cod_asig6,pre_cod_asig7 FROM tblaca009 WHERE pensum='5' AND c_uni_ca='6' AND c_asigna='340327' [1][0] OK
C:[14/11/2012 22:14:53.20][190.202.209.43][1232] SELECT c_asigna FROM dace004 WHERE exp_e='08-20808723' AND c_asigna='300013' AND status IN ('0','3','B') [1][0] OK
C:[14/11/2012 22:14:53.20][190.202.209.43][1232] SELECT c_asigna FROM dace004 WHERE exp_e='08-20808723' AND c_asigna='300113' AND status IN ('0','3','B') [1][0] OK
C:[14/11/2012 22:14:53.01][190.202.209.43][1263] SELECT par_cod_asig1,par_cod_asig2,par_cod_asig3 FROM tblaca009 WHERE pensum='5' AND c_uni_ca='6' AND c_asigna='300218' [1][0] OK
C:[14/11/2012 22:14:53.01][190.202.209.43][1277] SELECT c_asigna FROM dace004 WHERE exp_e='08-20808723' AND c_asigna='300228' AND status IN ('0','3','B','C') [1][0] OK
C:[14/11/2012 22:14:53.01][190.202.209.43][1263] SELECT par_cod_asig1,par_cod_asig2,par_cod_asig3 FROM tblaca009 WHERE pensum='5' AND c_uni_ca='6' AND c_asigna='300317' [1][0] OK
C:[14/11/2012 22:14:53.01][190.202.209.43][1263] SELECT par_cod_asig1,par_cod_asig2,par_cod_asig3 FROM tblaca009 WHERE pensum='5' AND c_uni_ca='6' AND c_asigna='340323' [1][0] OK
C:[14/11/2012 22:14:53.01][190.202.209.43][1263] SELECT par_cod_asig1,par_cod_asig2,par_cod_asig3 FROM tblaca009 WHERE pensum='5' AND c_uni_ca='6' AND c_asigna='340327' [1][0] OK
C:[14/11/2012 22:14:53.64][190.202.209.43][1334] SELECT c_asigna FROM tblaca009 WHERE pensum='5' AND c_uni_ca='6' AND ((par_cod_asig1='300313') OR (par_cod_asig2='300313') OR (par_cod_asig3='300313'))  [0][0] OK
C:[14/11/2012 22:58:18.22][190.205.22.213][1219] SELECT pre_cod_asig1,pre_cod_asig2,pre_cod_asig3,pre_cod_asig4,pre_cod_asig5,pre_cod_asig6,pre_cod_asig7 FROM tblaca009 WHERE pensum='5' AND c_uni_ca='6' AND c_asigna='300956' [1][0] OK
C:[14/11/2012 22:58:18.22][190.205.22.213][1232] SELECT c_asigna FROM dace004 WHERE exp_e='04-17041597' AND c_asigna='300422' AND status IN ('0','3','B') [1][0] OK
C:[14/11/2012 22:58:18.22][190.205.22.213][1232] SELECT c_asigna FROM dace004 WHERE exp_e='04-17041597' AND c_asigna='300105' AND status IN ('0','3','B') [1][0] OK
C:[14/11/2012 22:58:18.22][190.205.22.213][1232] SELECT c_asigna FROM dace004 WHERE exp_e='04-17041597' AND c_asigna='300314' AND status IN ('0','3','B') [1][0] OK
C:[14/11/2012 22:58:18.22][190.205.22.213][1219] SELECT pre_cod_asig1,pre_cod_asig2,pre_cod_asig3,pre_cod_asig4,pre_cod_asig5,pre_cod_asig6,pre_cod_asig7 FROM tblaca009 WHERE pensum='5' AND c_uni_ca='6' AND c_asigna='344046' [1][0] OK
C:[14/11/2012 22:58:18.22][190.205.22.213][1232] SELECT c_asigna FROM dace004 WHERE exp_e='04-17041597' AND c_asigna='344834' AND status IN ('0','3','B') [1][0] OK
C:[14/11/2012 22:58:18.22][190.205.22.213][1232] SELECT c_asigna FROM dace004 WHERE exp_e='04-17041597' AND c_asigna='344732' AND status IN ('0','3','B') [1][0] OK
C:[14/11/2012 22:58:18.22][190.205.22.213][1219] SELECT pre_cod_asig1,pre_cod_asig2,pre_cod_asig3,pre_cod_asig4,pre_cod_asig5,pre_cod_asig6,pre_cod_asig7 FROM tblaca009 WHERE pensum='5' AND c_uni_ca='6' AND c_asigna='344939' [1][0] OK
C:[14/11/2012 22:58:18.22][190.205.22.213][1232] SELECT c_asigna FROM dace004 WHERE exp_e='04-17041597' AND c_asigna='344834' AND status IN ('0','3','B') [1][0] OK
C:[14/11/2012 22:58:18.22][190.205.22.213][1232] SELECT c_asigna FROM dace004 WHERE exp_e='04-17041597' AND c_asigna='344812' AND status IN ('0','3','B') [1][0] OK
C:[14/11/2012 22:58:18.22][190.205.22.213][1219] SELECT pre_cod_asig1,pre_cod_asig2,pre_cod_asig3,pre_cod_asig4,pre_cod_asig5,pre_cod_asig6,pre_cod_asig7 FROM tblaca009 WHERE pensum='5' AND c_uni_ca='6' AND c_asigna='344948' [1][0] OK
C:[14/11/2012 22:58:18.60][190.205.22.213][1263] SELECT par_cod_asig1,par_cod_asig2,par_cod_asig3 FROM tblaca009 WHERE pensum='5' AND c_uni_ca='6' AND c_asigna='300956' [1][0] OK
C:[14/11/2012 22:58:18.60][190.205.22.213][1263] SELECT par_cod_asig1,par_cod_asig2,par_cod_asig3 FROM tblaca009 WHERE pensum='5' AND c_uni_ca='6' AND c_asigna='344046' [1][0] OK
C:[14/11/2012 22:58:18.60][190.205.22.213][1263] SELECT par_cod_asig1,par_cod_asig2,par_cod_asig3 FROM tblaca009 WHERE pensum='5' AND c_uni_ca='6' AND c_asigna='344939' [1][0] OK
C:[14/11/2012 22:58:18.60][190.205.22.213][1263] SELECT par_cod_asig1,par_cod_asig2,par_cod_asig3 FROM tblaca009 WHERE pensum='5' AND c_uni_ca='6' AND c_asigna='344948' [1][0] OK
C:[14/11/2012 22:58:18.10][190.205.22.213][1334] SELECT c_asigna FROM tblaca009 WHERE pensum='5' AND c_uni_ca='6' AND ((par_cod_asig1='344953') OR (par_cod_asig2='344953') OR (par_cod_asig3='344953'))  [0][0] OK
C:[14/11/2012 23:02:30.07][190.76.5.196][1219] SELECT pre_cod_asig1,pre_cod_asig2,pre_cod_asig3,pre_cod_asig4,pre_cod_asig5,pre_cod_asig6,pre_cod_asig7 FROM tblaca009 WHERE pensum='5' AND c_uni_ca='5' AND c_asigna='355693' [1][0] OK
C:[14/11/2012 23:02:30.07][190.76.5.196][1232] SELECT c_asigna FROM dace004 WHERE exp_e='08-19871046' AND c_asigna='355572' AND status IN ('0','3','B') [1][0] OK
C:[14/11/2012 23:02:30.07][190.76.5.196][1232] SELECT c_asigna FROM dace004 WHERE exp_e='08-19871046' AND c_asigna='352440' AND status IN ('0','3','B') [1][0] OK
C:[14/11/2012 23:02:30.07][190.76.5.196][1232] SELECT c_asigna FROM dace004 WHERE exp_e='08-19871046' AND c_asigna='355573' AND status IN ('0','3','B') [1][0] OK
C:[14/11/2012 23:02:30.07][190.76.5.196][1232] SELECT c_asigna FROM dace004 WHERE exp_e='08-19871046' AND c_asigna='300226' AND status IN ('0','3','B') [1][0] OK
C:[14/11/2012 23:02:30.07][190.76.5.196][1232] SELECT c_asigna FROM dace004 WHERE exp_e='08-19871046' AND c_asigna='300222' AND status IN ('0','3','B') [1][0] OK
C:[14/11/2012 23:02:30.07][190.76.5.196][1232] SELECT c_asigna FROM dace004 WHERE exp_e='08-19871046' AND c_asigna='300013' AND status IN ('0','3','B') [1][0] OK
C:[14/11/2012 23:02:30.07][190.76.5.196][1232] SELECT c_asigna FROM dace004 WHERE exp_e='08-19871046' AND c_asigna='300113' AND status IN ('0','3','B') [1][0] OK
C:[14/11/2012 23:02:30.07][190.76.5.196][1219] SELECT pre_cod_asig1,pre_cod_asig2,pre_cod_asig3,pre_cod_asig4,pre_cod_asig5,pre_cod_asig6,pre_cod_asig7 FROM tblaca009 WHERE pensum='5' AND c_uni_ca='5' AND c_asigna='355694' [1][0] OK
C:[14/11/2012 23:02:30.07][190.76.5.196][1232] SELECT c_asigna FROM dace004 WHERE exp_e='08-19871046' AND c_asigna='355572' AND status IN ('0','3','B') [1][0] OK
C:[14/11/2012 23:02:30.07][190.76.5.196][1232] SELECT c_asigna FROM dace004 WHERE exp_e='08-19871046' AND c_asigna='355571' AND status IN ('0','3','B') [1][0] OK
C:[14/11/2012 23:02:30.07][190.76.5.196][1219] SELECT pre_cod_asig1,pre_cod_asig2,pre_cod_asig3,pre_cod_asig4,pre_cod_asig5,pre_cod_asig6,pre_cod_asig7 FROM tblaca009 WHERE pensum='5' AND c_uni_ca='5' AND c_asigna='355874' [1][0] OK
C:[14/11/2012 23:02:30.07][190.76.5.196][1232] SELECT c_asigna FROM dace004 WHERE exp_e='08-19871046' AND c_asigna='355448' AND status IN ('0','3','B') [1][0] OK
C:[14/11/2012 23:02:30.70][190.76.5.196][1263] SELECT par_cod_asig1,par_cod_asig2,par_cod_asig3 FROM tblaca009 WHERE pensum='5' AND c_uni_ca='5' AND c_asigna='355693' [1][0] OK
C:[14/11/2012 23:02:30.70][190.76.5.196][1263] SELECT par_cod_asig1,par_cod_asig2,par_cod_asig3 FROM tblaca009 WHERE pensum='5' AND c_uni_ca='5' AND c_asigna='355694' [1][0] OK
C:[14/11/2012 23:02:30.70][190.76.5.196][1263] SELECT par_cod_asig1,par_cod_asig2,par_cod_asig3 FROM tblaca009 WHERE pensum='5' AND c_uni_ca='5' AND c_asigna='355874' [1][0] OK
C:[14/11/2012 23:02:30.07][190.76.5.196][1334] SELECT c_asigna FROM tblaca009 WHERE pensum='5' AND c_uni_ca='5' AND ((par_cod_asig1='300422') OR (par_cod_asig2='300422') OR (par_cod_asig3='300422'))  [0][0] OK
C:[14/11/2012 23:02:30.07][190.76.5.196][1334] SELECT c_asigna FROM tblaca009 WHERE pensum='5' AND c_uni_ca='5' AND ((par_cod_asig1='355570') OR (par_cod_asig2='355570') OR (par_cod_asig3='355570'))  [0][0] OK
C:[14/11/2012 23:02:30.07][190.76.5.196][1334] SELECT c_asigna FROM tblaca009 WHERE pensum='5' AND c_uni_ca='5' AND ((par_cod_asig1='355691') OR (par_cod_asig2='355691') OR (par_cod_asig3='355691'))  [0][0] OK
C:[14/11/2012 23:35:23.23][200.109.205.184][1219] SELECT pre_cod_asig1,pre_cod_asig2,pre_cod_asig3,pre_cod_asig4,pre_cod_asig5,pre_cod_asig6,pre_cod_asig7 FROM tblaca009 WHERE pensum='5' AND c_uni_ca='5' AND c_asigna='354852' [1][0] OK
C:[14/11/2012 23:35:23.23][200.109.205.184][1219] SELECT pre_cod_asig1,pre_cod_asig2,pre_cod_asig3,pre_cod_asig4,pre_cod_asig5,pre_cod_asig6,pre_cod_asig7 FROM tblaca009 WHERE pensum='5' AND c_uni_ca='5' AND c_asigna='355692' [1][0] OK
C:[14/11/2012 23:35:23.23][200.109.205.184][1232] SELECT c_asigna FROM dace004 WHERE exp_e='94-12360569' AND c_asigna='355448' AND status IN ('0','3','B') [1][0] OK
C:[14/11/2012 23:35:23.23][200.109.205.184][1232] SELECT c_asigna FROM dace004 WHERE exp_e='94-12360569' AND c_asigna='355570' AND status IN ('0','3','B') [2][0] OK
C:[14/11/2012 23:35:23.23][200.109.205.184][1219] SELECT pre_cod_asig1,pre_cod_asig2,pre_cod_asig3,pre_cod_asig4,pre_cod_asig5,pre_cod_asig6,pre_cod_asig7 FROM tblaca009 WHERE pensum='5' AND c_uni_ca='5' AND c_asigna='355721' [1][0] OK
C:[14/11/2012 23:35:23.23][200.109.205.184][1232] SELECT c_asigna FROM dace004 WHERE exp_e='94-12360569' AND c_asigna='355693' AND status IN ('0','3','B') [1][0] OK
C:[14/11/2012 23:35:23.23][200.109.205.184][1232] SELECT c_asigna FROM dace004 WHERE exp_e='94-12360569' AND c_asigna='355696' AND status IN ('0','3','B') [1][0] OK
C:[14/11/2012 23:35:23.23][200.109.205.184][1219] SELECT pre_cod_asig1,pre_cod_asig2,pre_cod_asig3,pre_cod_asig4,pre_cod_asig5,pre_cod_asig6,pre_cod_asig7 FROM tblaca009 WHERE pensum='5' AND c_uni_ca='5' AND c_asigna='355722' [1][0] OK
C:[14/11/2012 23:35:23.23][200.109.205.184][1232] SELECT c_asigna FROM dace004 WHERE exp_e='94-12360569' AND c_asigna='355691' AND status IN ('0','3','B') [1][0] OK
C:[14/11/2012 23:35:23.23][200.109.205.184][1232] SELECT c_asigna FROM dace004 WHERE exp_e='94-12360569' AND c_asigna='355595' AND status IN ('0','3','B') [1][0] OK
C:[14/11/2012 23:35:23.23][200.109.205.184][1219] SELECT pre_cod_asig1,pre_cod_asig2,pre_cod_asig3,pre_cod_asig4,pre_cod_asig5,pre_cod_asig6,pre_cod_asig7 FROM tblaca009 WHERE pensum='5' AND c_uni_ca='5' AND c_asigna='355953' [1][0] OK
C:[14/11/2012 23:35:23.23][200.109.205.184][1232] SELECT c_asigna FROM dace004 WHERE exp_e='94-12360569' AND c_asigna='355691' AND status IN ('0','3','B') [1][0] OK
C:[14/11/2012 23:35:24.73][200.109.205.184][1263] SELECT par_cod_asig1,par_cod_asig2,par_cod_asig3 FROM tblaca009 WHERE pensum='5' AND c_uni_ca='5' AND c_asigna='354852' [1][0] OK
C:[14/11/2012 23:35:24.73][200.109.205.184][1263] SELECT par_cod_asig1,par_cod_asig2,par_cod_asig3 FROM tblaca009 WHERE pensum='5' AND c_uni_ca='5' AND c_asigna='355692' [1][0] OK
C:[14/11/2012 23:35:24.73][200.109.205.184][1263] SELECT par_cod_asig1,par_cod_asig2,par_cod_asig3 FROM tblaca009 WHERE pensum='5' AND c_uni_ca='5' AND c_asigna='355721' [1][0] OK
C:[14/11/2012 23:35:24.73][200.109.205.184][1263] SELECT par_cod_asig1,par_cod_asig2,par_cod_asig3 FROM tblaca009 WHERE pensum='5' AND c_uni_ca='5' AND c_asigna='355722' [1][0] OK
C:[14/11/2012 23:35:24.73][200.109.205.184][1263] SELECT par_cod_asig1,par_cod_asig2,par_cod_asig3 FROM tblaca009 WHERE pensum='5' AND c_uni_ca='5' AND c_asigna='355953' [1][0] OK
C:[14/11/2012 23:38:18.34][190.121.238.141][1219] SELECT pre_cod_asig1,pre_cod_asig2,pre_cod_asig3,pre_cod_asig4,pre_cod_asig5,pre_cod_asig6,pre_cod_asig7 FROM tblaca009 WHERE pensum='5' AND c_uni_ca='5' AND c_asigna='300113' [1][0] OK
C:[14/11/2012 23:38:18.34][190.121.238.141][1219] SELECT pre_cod_asig1,pre_cod_asig2,pre_cod_asig3,pre_cod_asig4,pre_cod_asig5,pre_cod_asig6,pre_cod_asig7 FROM tblaca009 WHERE pensum='5' AND c_uni_ca='5' AND c_asigna='355350' [1][0] OK
C:[14/11/2012 23:38:18.34][190.121.238.141][1232] SELECT c_asigna FROM dace004 WHERE exp_e='08-20772360' AND c_asigna='300207' AND status IN ('0','3','B') [1][0] OK
C:[14/11/2012 23:38:18.34][190.121.238.141][1232] SELECT c_asigna FROM dace004 WHERE exp_e='08-20772360' AND c_asigna='300228' AND status IN ('0','3','B') [1][0] OK
C:[14/11/2012 23:38:18.84][190.121.238.141][1263] SELECT par_cod_asig1,par_cod_asig2,par_cod_asig3 FROM tblaca009 WHERE pensum='5' AND c_uni_ca='5' AND c_asigna='300113' [1][0] OK
C:[14/11/2012 23:38:18.84][190.121.238.141][1277] SELECT c_asigna FROM dace004 WHERE exp_e='08-20772360' AND c_asigna='300013' AND status IN ('0','3','B','C') [1][0] OK
C:[14/11/2012 23:38:18.84][190.121.238.141][1263] SELECT par_cod_asig1,par_cod_asig2,par_cod_asig3 FROM tblaca009 WHERE pensum='5' AND c_uni_ca='5' AND c_asigna='355350' [1][0] OK
C:[14/11/2012 23:38:18.22][190.121.238.141][1334] SELECT c_asigna FROM tblaca009 WHERE pensum='5' AND c_uni_ca='5' AND ((par_cod_asig1='355447') OR (par_cod_asig2='355447') OR (par_cod_asig3='355447'))  [0][0] OK
C:[15/11/2012 01:09:05.44][190.37.97.216][1219] SELECT pre_cod_asig1,pre_cod_asig2,pre_cod_asig3,pre_cod_asig4,pre_cod_asig5,pre_cod_asig6,pre_cod_asig7 FROM tblaca009 WHERE pensum='5' AND c_uni_ca='3' AND c_asigna='300313' [1][0] OK
C:[15/11/2012 01:09:05.44][190.37.97.216][1232] SELECT c_asigna FROM dace004 WHERE exp_e='08-20507158' AND c_asigna='300213' AND status IN ('0','3','B') [1][0] OK
C:[15/11/2012 01:09:05.44][190.37.97.216][1232] SELECT c_asigna FROM dace004 WHERE exp_e='08-20507158' AND c_asigna='300226' AND status IN ('0','3','B') [1][0] OK
C:[15/11/2012 01:09:05.44][190.37.97.216][1232] SELECT c_asigna FROM dace004 WHERE exp_e='08-20507158' AND c_asigna='300222' AND status IN ('0','3','B') [1][0] OK
C:[15/11/2012 01:09:05.44][190.37.97.216][1232] SELECT c_asigna FROM dace004 WHERE exp_e='08-20507158' AND c_asigna='300209' AND status IN ('0','3','B') [1][0] OK
C:[15/11/2012 01:09:05.44][190.37.97.216][1219] SELECT pre_cod_asig1,pre_cod_asig2,pre_cod_asig3,pre_cod_asig4,pre_cod_asig5,pre_cod_asig6,pre_cod_asig7 FROM tblaca009 WHERE pensum='5' AND c_uni_ca='3' AND c_asigna='300314' [1][0] OK
C:[15/11/2012 01:09:05.44][190.37.97.216][1232] SELECT c_asigna FROM dace004 WHERE exp_e='08-20507158' AND c_asigna='300106' AND status IN ('0','3','B') [1][0] OK
C:[15/11/2012 01:09:05.44][190.37.97.216][1219] SELECT pre_cod_asig1,pre_cod_asig2,pre_cod_asig3,pre_cod_asig4,pre_cod_asig5,pre_cod_asig6,pre_cod_asig7 FROM tblaca009 WHERE pensum='5' AND c_uni_ca='3' AND c_asigna='300428' [1][0] OK
C:[15/11/2012 01:09:05.44][190.37.97.216][1232] SELECT c_asigna FROM dace004 WHERE exp_e='08-20507158' AND c_asigna='300317' AND status IN ('0','3','B') [1][0] OK
C:[15/11/2012 01:09:05.44][190.37.97.216][1232] SELECT c_asigna FROM dace004 WHERE exp_e='08-20507158' AND c_asigna='300209' AND status IN ('0','3','B') [1][0] OK
C:[15/11/2012 01:09:05.70][190.37.97.216][1263] SELECT par_cod_asig1,par_cod_asig2,par_cod_asig3 FROM tblaca009 WHERE pensum='5' AND c_uni_ca='3' AND c_asigna='300313' [1][0] OK
C:[15/11/2012 01:09:05.70][190.37.97.216][1263] SELECT par_cod_asig1,par_cod_asig2,par_cod_asig3 FROM tblaca009 WHERE pensum='5' AND c_uni_ca='3' AND c_asigna='300314' [1][0] OK
C:[15/11/2012 01:09:05.70][190.37.97.216][1263] SELECT par_cod_asig1,par_cod_asig2,par_cod_asig3 FROM tblaca009 WHERE pensum='5' AND c_uni_ca='3' AND c_asigna='300428' [1][0] OK
C:[15/11/2012 01:09:05.07][190.37.97.216][1334] SELECT c_asigna FROM tblaca009 WHERE pensum='5' AND c_uni_ca='3' AND ((par_cod_asig1='312444') OR (par_cod_asig2='312444') OR (par_cod_asig3='312444'))  [0][0] OK
C:[15/11/2012 07:45:53.65][190.73.252.190][1219] SELECT pre_cod_asig1,pre_cod_asig2,pre_cod_asig3,pre_cod_asig4,pre_cod_asig5,pre_cod_asig6,pre_cod_asig7 FROM tblaca009 WHERE pensum='5' AND c_uni_ca='6' AND c_asigna='300226' [1][0] OK
C:[15/11/2012 07:45:53.65][190.73.252.190][1232] SELECT c_asigna FROM dace004 WHERE exp_e='05-18521100' AND c_asigna='300116' AND status IN ('0','3','B') [1][0] OK
C:[15/11/2012 07:45:53.65][190.73.252.190][1219] SELECT pre_cod_asig1,pre_cod_asig2,pre_cod_asig3,pre_cod_asig4,pre_cod_asig5,pre_cod_asig6,pre_cod_asig7 FROM tblaca009 WHERE pensum='5' AND c_uni_ca='6' AND c_asigna='344948' [1][0] OK
C:[15/11/2012 07:45:53.02][190.73.252.190][1263] SELECT par_cod_asig1,par_cod_asig2,par_cod_asig3 FROM tblaca009 WHERE pensum='5' AND c_uni_ca='6' AND c_asigna='300226' [1][0] OK
C:[15/11/2012 07:45:53.02][190.73.252.190][1263] SELECT par_cod_asig1,par_cod_asig2,par_cod_asig3 FROM tblaca009 WHERE pensum='5' AND c_uni_ca='6' AND c_asigna='344948' [1][0] OK
C:[15/11/2012 08:21:23.59][190.37.215.137][1219] SELECT pre_cod_asig1,pre_cod_asig2,pre_cod_asig3,pre_cod_asig4,pre_cod_asig5,pre_cod_asig6,pre_cod_asig7 FROM tblaca009 WHERE pensum='5' AND c_uni_ca='5' AND c_asigna='300677' [1][0] OK
C:[15/11/2012 08:21:23.59][190.37.215.137][1219] SELECT pre_cod_asig1,pre_cod_asig2,pre_cod_asig3,pre_cod_asig4,pre_cod_asig5,pre_cod_asig6,pre_cod_asig7 FROM tblaca009 WHERE pensum='5' AND c_uni_ca='5' AND c_asigna='355691' [1][0] OK
C:[15/11/2012 08:21:23.59][190.37.215.137][1232] SELECT c_asigna FROM dace004 WHERE exp_e='08-20160479' AND c_asigna='355571' AND status IN ('0','3','B') [1][0] OK
C:[15/11/2012 08:21:23.59][190.37.215.137][1219] SELECT pre_cod_asig1,pre_cod_asig2,pre_cod_asig3,pre_cod_asig4,pre_cod_asig5,pre_cod_asig6,pre_cod_asig7 FROM tblaca009 WHERE pensum='5' AND c_uni_ca='5' AND c_asigna='355693' [1][0] OK
C:[15/11/2012 08:21:23.59][190.37.215.137][1232] SELECT c_asigna FROM dace004 WHERE exp_e='08-20160479' AND c_asigna='355572' AND status IN ('0','3','B') [1][0] OK
C:[15/11/2012 08:21:23.59][190.37.215.137][1232] SELECT c_asigna FROM dace004 WHERE exp_e='08-20160479' AND c_asigna='352440' AND status IN ('0','3','B') [1][0] OK
C:[15/11/2012 08:21:23.59][190.37.215.137][1232] SELECT c_asigna FROM dace004 WHERE exp_e='08-20160479' AND c_asigna='355573' AND status IN ('0','3','B') [1][0] OK
C:[15/11/2012 08:21:23.59][190.37.215.137][1232] SELECT c_asigna FROM dace004 WHERE exp_e='08-20160479' AND c_asigna='300226' AND status IN ('0','3','B') [1][0] OK
C:[15/11/2012 08:21:23.59][190.37.215.137][1232] SELECT c_asigna FROM dace004 WHERE exp_e='08-20160479' AND c_asigna='300222' AND status IN ('0','3','B') [1][0] OK
C:[15/11/2012 08:21:23.59][190.37.215.137][1232] SELECT c_asigna FROM dace004 WHERE exp_e='08-20160479' AND c_asigna='300013' AND status IN ('0','3','B') [1][0] OK
C:[15/11/2012 08:21:23.59][190.37.215.137][1232] SELECT c_asigna FROM dace004 WHERE exp_e='08-20160479' AND c_asigna='300113' AND status IN ('0','3','B') [1][0] OK
C:[15/11/2012 08:21:23.59][190.37.215.137][1219] SELECT pre_cod_asig1,pre_cod_asig2,pre_cod_asig3,pre_cod_asig4,pre_cod_asig5,pre_cod_asig6,pre_cod_asig7 FROM tblaca009 WHERE pensum='5' AND c_uni_ca='5' AND c_asigna='355694' [1][0] OK
C:[15/11/2012 08:21:23.59][190.37.215.137][1232] SELECT c_asigna FROM dace004 WHERE exp_e='08-20160479' AND c_asigna='355572' AND status IN ('0','3','B') [1][0] OK
C:[15/11/2012 08:21:23.59][190.37.215.137][1232] SELECT c_asigna FROM dace004 WHERE exp_e='08-20160479' AND c_asigna='355571' AND status IN ('0','3','B') [1][0] OK
C:[15/11/2012 08:21:23.34][190.37.215.137][1263] SELECT par_cod_asig1,par_cod_asig2,par_cod_asig3 FROM tblaca009 WHERE pensum='5' AND c_uni_ca='5' AND c_asigna='300677' [1][0] OK
C:[15/11/2012 08:21:23.34][190.37.215.137][1263] SELECT par_cod_asig1,par_cod_asig2,par_cod_asig3 FROM tblaca009 WHERE pensum='5' AND c_uni_ca='5' AND c_asigna='355691' [1][0] OK
C:[15/11/2012 08:21:23.34][190.37.215.137][1263] SELECT par_cod_asig1,par_cod_asig2,par_cod_asig3 FROM tblaca009 WHERE pensum='5' AND c_uni_ca='5' AND c_asigna='355693' [1][0] OK
C:[15/11/2012 08:21:23.34][190.37.215.137][1263] SELECT par_cod_asig1,par_cod_asig2,par_cod_asig3 FROM tblaca009 WHERE pensum='5' AND c_uni_ca='5' AND c_asigna='355694' [1][0] OK
C:[15/11/2012 08:21:24.84][190.37.215.137][1334] SELECT c_asigna FROM tblaca009 WHERE pensum='5' AND c_uni_ca='5' AND ((par_cod_asig1='355874') OR (par_cod_asig2='355874') OR (par_cod_asig3='355874'))  [0][0] OK
C:[15/11/2012 11:25:44.00][200.90.104.175][1219] SELECT pre_cod_asig1,pre_cod_asig2,pre_cod_asig3,pre_cod_asig4,pre_cod_asig5,pre_cod_asig6,pre_cod_asig7 FROM tblaca009 WHERE pensum='5' AND c_uni_ca='2' AND c_asigna='300318' [1][0] OK
C:[15/11/2012 11:25:44.00][200.90.104.175][1232] SELECT c_asigna FROM dace004 WHERE exp_e='10-22826270' AND c_asigna='300228' AND status IN ('0','3','B') [1][0] OK
C:[15/11/2012 11:25:44.00][200.90.104.175][1232] SELECT c_asigna FROM dace004 WHERE exp_e='10-22826270' AND c_asigna='300207' AND status IN ('0','3','B') [1][0] OK
C:[15/11/2012 11:25:44.00][200.90.104.175][1232] SELECT c_asigna FROM dace004 WHERE exp_e='10-22826270' AND c_asigna='300218' AND status IN ('0','3','B') [1][0] OK
C:[15/11/2012 11:25:44.00][200.90.104.175][1219] SELECT pre_cod_asig1,pre_cod_asig2,pre_cod_asig3,pre_cod_asig4,pre_cod_asig5,pre_cod_asig6,pre_cod_asig7 FROM tblaca009 WHERE pensum='5' AND c_uni_ca='2' AND c_asigna='322558' [1][0] OK
C:[15/11/2012 11:25:44.00][200.90.104.175][1232] SELECT c_asigna FROM dace004 WHERE exp_e='10-22826270' AND c_asigna='300428' AND status IN ('0','3','B') [1][0] OK
C:[15/11/2012 11:25:44.00][200.90.104.175][1232] SELECT c_asigna FROM dace004 WHERE exp_e='10-22826270' AND c_asigna='320323' AND status IN ('0','3','B') [1][0] OK
C:[15/11/2012 11:25:44.00][200.90.104.175][1219] SELECT pre_cod_asig1,pre_cod_asig2,pre_cod_asig3,pre_cod_asig4,pre_cod_asig5,pre_cod_asig6,pre_cod_asig7 FROM tblaca009 WHERE pensum='5' AND c_uni_ca='2' AND c_asigna='322559' [1][0] OK
C:[15/11/2012 11:25:44.00][200.90.104.175][1232] SELECT c_asigna FROM dace004 WHERE exp_e='10-22826270' AND c_asigna='300428' AND status IN ('0','3','B') [1][0] OK
C:[15/11/2012 11:25:44.00][200.90.104.175][1232] SELECT c_asigna FROM dace004 WHERE exp_e='10-22826270' AND c_asigna='322436' AND status IN ('0','3','B') [1][0] OK
C:[15/11/2012 11:25:44.25][200.90.104.175][1263] SELECT par_cod_asig1,par_cod_asig2,par_cod_asig3 FROM tblaca009 WHERE pensum='5' AND c_uni_ca='2' AND c_asigna='300318' [1][0] OK
C:[15/11/2012 11:25:44.25][200.90.104.175][1263] SELECT par_cod_asig1,par_cod_asig2,par_cod_asig3 FROM tblaca009 WHERE pensum='5' AND c_uni_ca='2' AND c_asigna='322558' [1][0] OK
C:[15/11/2012 11:25:44.25][200.90.104.175][1263] SELECT par_cod_asig1,par_cod_asig2,par_cod_asig3 FROM tblaca009 WHERE pensum='5' AND c_uni_ca='2' AND c_asigna='322559' [1][0] OK
C:[15/11/2012 11:25:44.63][200.90.104.175][1334] SELECT c_asigna FROM tblaca009 WHERE pensum='5' AND c_uni_ca='2' AND ((par_cod_asig1='322433') OR (par_cod_asig2='322433') OR (par_cod_asig3='322433'))  [0][0] OK
C:[15/11/2012 16:57:57.34][190.204.206.165][1219] SELECT pre_cod_asig1,pre_cod_asig2,pre_cod_asig3,pre_cod_asig4,pre_cod_asig5,pre_cod_asig6,pre_cod_asig7 FROM tblaca009 WHERE pensum='5' AND c_uni_ca='6' AND c_asigna='300956' [1][0] OK
C:[15/11/2012 16:57:57.34][190.204.206.165][1232] SELECT c_asigna FROM dace004 WHERE exp_e='06-19302821' AND c_asigna='300422' AND status IN ('0','3','B') [1][0] OK
C:[15/11/2012 16:57:57.34][190.204.206.165][1232] SELECT c_asigna FROM dace004 WHERE exp_e='06-19302821' AND c_asigna='300105' AND status IN ('0','3','B') [1][0] OK
C:[15/11/2012 16:57:57.34][190.204.206.165][1232] SELECT c_asigna FROM dace004 WHERE exp_e='06-19302821' AND c_asigna='300314' AND status IN ('0','3','B') [1][0] OK
C:[15/11/2012 16:57:57.34][190.204.206.165][1219] SELECT pre_cod_asig1,pre_cod_asig2,pre_cod_asig3,pre_cod_asig4,pre_cod_asig5,pre_cod_asig6,pre_cod_asig7 FROM tblaca009 WHERE pensum='5' AND c_uni_ca='6' AND c_asigna='344046' [1][0] OK
C:[15/11/2012 16:57:57.34][190.204.206.165][1232] SELECT c_asigna FROM dace004 WHERE exp_e='06-19302821' AND c_asigna='344834' AND status IN ('0','3','B') [1][0] OK
C:[15/11/2012 16:57:57.34][190.204.206.165][1232] SELECT c_asigna FROM dace004 WHERE exp_e='06-19302821' AND c_asigna='344732' AND status IN ('0','3','B') [1][0] OK
C:[15/11/2012 16:57:57.34][190.204.206.165][1219] SELECT pre_cod_asig1,pre_cod_asig2,pre_cod_asig3,pre_cod_asig4,pre_cod_asig5,pre_cod_asig6,pre_cod_asig7 FROM tblaca009 WHERE pensum='5' AND c_uni_ca='6' AND c_asigna='344843' [1][0] OK
C:[15/11/2012 16:57:57.34][190.204.206.165][1232] SELECT c_asigna FROM dace004 WHERE exp_e='06-19302821' AND c_asigna='344714' AND status IN ('0','3','B') [1][0] OK
C:[15/11/2012 16:57:57.34][190.204.206.165][1232] SELECT c_asigna FROM dace004 WHERE exp_e='06-19302821' AND c_asigna='344715' AND status IN ('0','3','B') [1][0] OK
C:[15/11/2012 16:57:57.34][190.204.206.165][1232] SELECT c_asigna FROM dace004 WHERE exp_e='06-19302821' AND c_asigna='300313' AND status IN ('0','3','B') [0][0] OK
C:[15/11/2012 16:57:57.34][190.204.206.165][1219] SELECT pre_cod_asig1,pre_cod_asig2,pre_cod_asig3,pre_cod_asig4,pre_cod_asig5,pre_cod_asig6,pre_cod_asig7 FROM tblaca009 WHERE pensum='5' AND c_uni_ca='6' AND c_asigna='344948' [1][0] OK
C:[15/11/2012 16:57:58.84][190.204.206.165][1263] SELECT par_cod_asig1,par_cod_asig2,par_cod_asig3 FROM tblaca009 WHERE pensum='5' AND c_uni_ca='6' AND c_asigna='300956' [1][0] OK
C:[15/11/2012 16:57:58.84][190.204.206.165][1263] SELECT par_cod_asig1,par_cod_asig2,par_cod_asig3 FROM tblaca009 WHERE pensum='5' AND c_uni_ca='6' AND c_asigna='344046' [1][0] OK
C:[15/11/2012 16:57:58.84][190.204.206.165][1263] SELECT par_cod_asig1,par_cod_asig2,par_cod_asig3 FROM tblaca009 WHERE pensum='5' AND c_uni_ca='6' AND c_asigna='344843' [1][0] OK
C:[15/11/2012 16:57:58.84][190.204.206.165][1263] SELECT par_cod_asig1,par_cod_asig2,par_cod_asig3 FROM tblaca009 WHERE pensum='5' AND c_uni_ca='6' AND c_asigna='344948' [1][0] OK
C:[15/11/2012 16:57:58.34][190.204.206.165][1334] SELECT c_asigna FROM tblaca009 WHERE pensum='5' AND c_uni_ca='6' AND ((par_cod_asig1='344953') OR (par_cod_asig2='344953') OR (par_cod_asig3='344953'))  [0][0] OK
C:[16/11/2012 07:55:47.43][172.16.8.125][1219] SELECT pre_cod_asig1,pre_cod_asig2,pre_cod_asig3,pre_cod_asig4,pre_cod_asig5,pre_cod_asig6,pre_cod_asig7 FROM tblaca009 WHERE pensum='5' AND c_uni_ca='6' AND c_asigna='300218' [1][0] OK
C:[16/11/2012 07:55:47.43][172.16.8.125][1219] SELECT pre_cod_asig1,pre_cod_asig2,pre_cod_asig3,pre_cod_asig4,pre_cod_asig5,pre_cod_asig6,pre_cod_asig7 FROM tblaca009 WHERE pensum='5' AND c_uni_ca='6' AND c_asigna='300207' [1][0] OK
C:[16/11/2012 07:55:47.43][172.16.8.125][1232] SELECT c_asigna FROM dace004 WHERE exp_e='12-21326364' AND c_asigna='300101' AND status IN ('0','3','B') [1][0] OK
C:[16/11/2012 07:55:47.43][172.16.8.125][1219] SELECT pre_cod_asig1,pre_cod_asig2,pre_cod_asig3,pre_cod_asig4,pre_cod_asig5,pre_cod_asig6,pre_cod_asig7 FROM tblaca009 WHERE pensum='5' AND c_uni_ca='6' AND c_asigna='300209' [1][0] OK
C:[16/11/2012 07:55:47.43][172.16.8.125][1232] SELECT c_asigna FROM dace004 WHERE exp_e='12-21326364' AND c_asigna='300101' AND status IN ('0','3','B') [1][0] OK
C:[16/11/2012 07:55:47.43][172.16.8.125][1219] SELECT pre_cod_asig1,pre_cod_asig2,pre_cod_asig3,pre_cod_asig4,pre_cod_asig5,pre_cod_asig6,pre_cod_asig7 FROM tblaca009 WHERE pensum='5' AND c_uni_ca='6' AND c_asigna='300213' [1][0] OK
C:[16/11/2012 07:55:47.43][172.16.8.125][1232] SELECT c_asigna FROM dace004 WHERE exp_e='12-21326364' AND c_asigna='300101' AND status IN ('0','3','B') [1][0] OK
C:[16/11/2012 07:55:47.43][172.16.8.125][1219] SELECT pre_cod_asig1,pre_cod_asig2,pre_cod_asig3,pre_cod_asig4,pre_cod_asig5,pre_cod_asig6,pre_cod_asig7 FROM tblaca009 WHERE pensum='5' AND c_uni_ca='6' AND c_asigna='300222' [1][0] OK
C:[16/11/2012 07:55:47.43][172.16.8.125][1232] SELECT c_asigna FROM dace004 WHERE exp_e='12-21326364' AND c_asigna='300112' AND status IN ('0','3','B') [1][0] OK
C:[16/11/2012 07:55:47.43][172.16.8.125][1219] SELECT pre_cod_asig1,pre_cod_asig2,pre_cod_asig3,pre_cod_asig4,pre_cod_asig5,pre_cod_asig6,pre_cod_asig7 FROM tblaca009 WHERE pensum='5' AND c_uni_ca='6' AND c_asigna='300228' [1][0] OK
C:[16/11/2012 07:55:47.43][172.16.8.125][1232] SELECT c_asigna FROM dace004 WHERE exp_e='12-21326364' AND c_asigna='300101' AND status IN ('0','3','B') [1][0] OK
C:[16/11/2012 07:55:47.43][172.16.8.125][1219] SELECT pre_cod_asig1,pre_cod_asig2,pre_cod_asig3,pre_cod_asig4,pre_cod_asig5,pre_cod_asig6,pre_cod_asig7 FROM tblaca009 WHERE pensum='5' AND c_uni_ca='6' AND c_asigna='300314' [1][0] OK
C:[16/11/2012 07:55:47.43][172.16.8.125][1232] SELECT c_asigna FROM dace004 WHERE exp_e='12-21326364' AND c_asigna='300106' AND status IN ('0','3','B') [1][0] OK
C:[16/11/2012 07:55:48.06][172.16.8.125][1263] SELECT par_cod_asig1,par_cod_asig2,par_cod_asig3 FROM tblaca009 WHERE pensum='5' AND c_uni_ca='6' AND c_asigna='300218' [1][0] OK
C:[16/11/2012 07:55:48.06][172.16.8.125][1277] SELECT c_asigna FROM dace004 WHERE exp_e='12-21326364' AND c_asigna='300228' AND status IN ('0','3','B','C') [0][0] OK
C:[16/11/2012 07:55:48.06][172.16.8.125][1263] SELECT par_cod_asig1,par_cod_asig2,par_cod_asig3 FROM tblaca009 WHERE pensum='5' AND c_uni_ca='6' AND c_asigna='300207' [1][0] OK
C:[16/11/2012 07:55:48.06][172.16.8.125][1263] SELECT par_cod_asig1,par_cod_asig2,par_cod_asig3 FROM tblaca009 WHERE pensum='5' AND c_uni_ca='6' AND c_asigna='300209' [1][0] OK
C:[16/11/2012 07:55:48.06][172.16.8.125][1263] SELECT par_cod_asig1,par_cod_asig2,par_cod_asig3 FROM tblaca009 WHERE pensum='5' AND c_uni_ca='6' AND c_asigna='300213' [1][0] OK
C:[16/11/2012 07:55:48.06][172.16.8.125][1277] SELECT c_asigna FROM dace004 WHERE exp_e='12-21326364' AND c_asigna='300209' AND status IN ('0','3','B','C') [0][0] OK
C:[16/11/2012 07:55:48.06][172.16.8.125][1263] SELECT par_cod_asig1,par_cod_asig2,par_cod_asig3 FROM tblaca009 WHERE pensum='5' AND c_uni_ca='6' AND c_asigna='300222' [1][0] OK
C:[16/11/2012 07:55:48.06][172.16.8.125][1263] SELECT par_cod_asig1,par_cod_asig2,par_cod_asig3 FROM tblaca009 WHERE pensum='5' AND c_uni_ca='6' AND c_asigna='300228' [1][0] OK
C:[16/11/2012 07:55:48.06][172.16.8.125][1263] SELECT par_cod_asig1,par_cod_asig2,par_cod_asig3 FROM tblaca009 WHERE pensum='5' AND c_uni_ca='6' AND c_asigna='300314' [1][0] OK
C:[16/11/2012 09:45:42.07][172.16.8.247][1219] SELECT pre_cod_asig1,pre_cod_asig2,pre_cod_asig3,pre_cod_asig4,pre_cod_asig5,pre_cod_asig6,pre_cod_asig7 FROM tblaca009 WHERE pensum='5' AND c_uni_ca='5' AND c_asigna='354852' [1][0] OK
C:[16/11/2012 09:45:42.07][172.16.8.247][1219] SELECT pre_cod_asig1,pre_cod_asig2,pre_cod_asig3,pre_cod_asig4,pre_cod_asig5,pre_cod_asig6,pre_cod_asig7 FROM tblaca009 WHERE pensum='5' AND c_uni_ca='5' AND c_asigna='355692' [1][0] OK
C:[16/11/2012 09:45:42.07][172.16.8.247][1232] SELECT c_asigna FROM dace004 WHERE exp_e='94-12360569' AND c_asigna='355448' AND status IN ('0','3','B') [1][0] OK
C:[16/11/2012 09:45:42.07][172.16.8.247][1232] SELECT c_asigna FROM dace004 WHERE exp_e='94-12360569' AND c_asigna='355570' AND status IN ('0','3','B') [2][0] OK
C:[16/11/2012 09:45:42.07][172.16.8.247][1219] SELECT pre_cod_asig1,pre_cod_asig2,pre_cod_asig3,pre_cod_asig4,pre_cod_asig5,pre_cod_asig6,pre_cod_asig7 FROM tblaca009 WHERE pensum='5' AND c_uni_ca='5' AND c_asigna='355721' [1][0] OK
C:[16/11/2012 09:45:42.07][172.16.8.247][1232] SELECT c_asigna FROM dace004 WHERE exp_e='94-12360569' AND c_asigna='355693' AND status IN ('0','3','B') [1][0] OK
C:[16/11/2012 09:45:42.07][172.16.8.247][1232] SELECT c_asigna FROM dace004 WHERE exp_e='94-12360569' AND c_asigna='355696' AND status IN ('0','3','B') [1][0] OK
C:[16/11/2012 09:45:42.07][172.16.8.247][1219] SELECT pre_cod_asig1,pre_cod_asig2,pre_cod_asig3,pre_cod_asig4,pre_cod_asig5,pre_cod_asig6,pre_cod_asig7 FROM tblaca009 WHERE pensum='5' AND c_uni_ca='5' AND c_asigna='355722' [1][0] OK
C:[16/11/2012 09:45:42.07][172.16.8.247][1232] SELECT c_asigna FROM dace004 WHERE exp_e='94-12360569' AND c_asigna='355691' AND status IN ('0','3','B') [1][0] OK
C:[16/11/2012 09:45:42.07][172.16.8.247][1232] SELECT c_asigna FROM dace004 WHERE exp_e='94-12360569' AND c_asigna='355595' AND status IN ('0','3','B') [1][0] OK
C:[16/11/2012 09:45:42.07][172.16.8.247][1219] SELECT pre_cod_asig1,pre_cod_asig2,pre_cod_asig3,pre_cod_asig4,pre_cod_asig5,pre_cod_asig6,pre_cod_asig7 FROM tblaca009 WHERE pensum='5' AND c_uni_ca='5' AND c_asigna='355953' [1][0] OK
C:[16/11/2012 09:45:42.07][172.16.8.247][1232] SELECT c_asigna FROM dace004 WHERE exp_e='94-12360569' AND c_asigna='355691' AND status IN ('0','3','B') [1][0] OK
C:[16/11/2012 09:45:43.58][172.16.8.247][1263] SELECT par_cod_asig1,par_cod_asig2,par_cod_asig3 FROM tblaca009 WHERE pensum='5' AND c_uni_ca='5' AND c_asigna='354852' [1][0] OK
C:[16/11/2012 09:45:43.58][172.16.8.247][1263] SELECT par_cod_asig1,par_cod_asig2,par_cod_asig3 FROM tblaca009 WHERE pensum='5' AND c_uni_ca='5' AND c_asigna='355692' [1][0] OK
C:[16/11/2012 09:45:43.58][172.16.8.247][1263] SELECT par_cod_asig1,par_cod_asig2,par_cod_asig3 FROM tblaca009 WHERE pensum='5' AND c_uni_ca='5' AND c_asigna='355721' [1][0] OK
C:[16/11/2012 09:45:43.58][172.16.8.247][1263] SELECT par_cod_asig1,par_cod_asig2,par_cod_asig3 FROM tblaca009 WHERE pensum='5' AND c_uni_ca='5' AND c_asigna='355722' [1][0] OK
C:[16/11/2012 09:45:43.58][172.16.8.247][1263] SELECT par_cod_asig1,par_cod_asig2,par_cod_asig3 FROM tblaca009 WHERE pensum='5' AND c_uni_ca='5' AND c_asigna='355953' [1][0] OK
C:[16/11/2012 09:59:31.60][172.16.8.247][1219] SELECT pre_cod_asig1,pre_cod_asig2,pre_cod_asig3,pre_cod_asig4,pre_cod_asig5,pre_cod_asig6,pre_cod_asig7 FROM tblaca009 WHERE pensum='5' AND c_uni_ca='2' AND c_asigna='300314' [1][0] OK
C:[16/11/2012 09:59:31.60][172.16.8.247][1232] SELECT c_asigna FROM dace004 WHERE exp_e='11-22574644' AND c_asigna='300106' AND status IN ('0','3','B') [1][0] OK
C:[16/11/2012 09:59:31.60][172.16.8.247][1219] SELECT pre_cod_asig1,pre_cod_asig2,pre_cod_asig3,pre_cod_asig4,pre_cod_asig5,pre_cod_asig6,pre_cod_asig7 FROM tblaca009 WHERE pensum='5' AND c_uni_ca='2' AND c_asigna='300318' [1][0] OK
C:[16/11/2012 09:59:31.60][172.16.8.247][1232] SELECT c_asigna FROM dace004 WHERE exp_e='11-22574644' AND c_asigna='300228' AND status IN ('0','3','B') [1][0] OK
C:[16/11/2012 09:59:31.60][172.16.8.247][1232] SELECT c_asigna FROM dace004 WHERE exp_e='11-22574644' AND c_asigna='300207' AND status IN ('0','3','B') [1][0] OK
C:[16/11/2012 09:59:31.60][172.16.8.247][1232] SELECT c_asigna FROM dace004 WHERE exp_e='11-22574644' AND c_asigna='300218' AND status IN ('0','3','B') [1][0] OK
C:[16/11/2012 09:59:31.60][172.16.8.247][1219] SELECT pre_cod_asig1,pre_cod_asig2,pre_cod_asig3,pre_cod_asig4,pre_cod_asig5,pre_cod_asig6,pre_cod_asig7 FROM tblaca009 WHERE pensum='5' AND c_uni_ca='2' AND c_asigna='320311' [1][0] OK
C:[16/11/2012 09:59:31.60][172.16.8.247][1232] SELECT c_asigna FROM dace004 WHERE exp_e='11-22574644' AND c_asigna='300013' AND status IN ('0','3','B') [1][0] OK
C:[16/11/2012 09:59:31.60][172.16.8.247][1232] SELECT c_asigna FROM dace004 WHERE exp_e='11-22574644' AND c_asigna='300113' AND status IN ('0','3','B') [1][0] OK
C:[16/11/2012 09:59:31.60][172.16.8.247][1219] SELECT pre_cod_asig1,pre_cod_asig2,pre_cod_asig3,pre_cod_asig4,pre_cod_asig5,pre_cod_asig6,pre_cod_asig7 FROM tblaca009 WHERE pensum='5' AND c_uni_ca='2' AND c_asigna='320323' [1][0] OK
C:[16/11/2012 09:59:31.60][172.16.8.247][1232] SELECT c_asigna FROM dace004 WHERE exp_e='11-22574644' AND c_asigna='300228' AND status IN ('0','3','B') [1][0] OK
C:[16/11/2012 09:59:31.60][172.16.8.247][1232] SELECT c_asigna FROM dace004 WHERE exp_e='11-22574644' AND c_asigna='300218' AND status IN ('0','3','B') [1][0] OK
C:[16/11/2012 09:59:31.60][172.16.8.247][1219] SELECT pre_cod_asig1,pre_cod_asig2,pre_cod_asig3,pre_cod_asig4,pre_cod_asig5,pre_cod_asig6,pre_cod_asig7 FROM tblaca009 WHERE pensum='5' AND c_uni_ca='2' AND c_asigna='322449' [1][0] OK
C:[16/11/2012 09:59:31.60][172.16.8.247][1232] SELECT c_asigna FROM dace004 WHERE exp_e='11-22574644' AND c_asigna='300222' AND status IN ('0','3','B') [1][0] OK
C:[16/11/2012 09:59:32.35][172.16.8.247][1263] SELECT par_cod_asig1,par_cod_asig2,par_cod_asig3 FROM tblaca009 WHERE pensum='5' AND c_uni_ca='2' AND c_asigna='300314' [1][0] OK
C:[16/11/2012 09:59:32.35][172.16.8.247][1263] SELECT par_cod_asig1,par_cod_asig2,par_cod_asig3 FROM tblaca009 WHERE pensum='5' AND c_uni_ca='2' AND c_asigna='300318' [1][0] OK
C:[16/11/2012 09:59:32.35][172.16.8.247][1263] SELECT par_cod_asig1,par_cod_asig2,par_cod_asig3 FROM tblaca009 WHERE pensum='5' AND c_uni_ca='2' AND c_asigna='320311' [1][0] OK
C:[16/11/2012 09:59:32.35][172.16.8.247][1263] SELECT par_cod_asig1,par_cod_asig2,par_cod_asig3 FROM tblaca009 WHERE pensum='5' AND c_uni_ca='2' AND c_asigna='320323' [1][0] OK
C:[16/11/2012 09:59:32.35][172.16.8.247][1263] SELECT par_cod_asig1,par_cod_asig2,par_cod_asig3 FROM tblaca009 WHERE pensum='5' AND c_uni_ca='2' AND c_asigna='322449' [1][0] OK
C:[16/11/2012 11:21:03.55][172.16.8.125][1219] SELECT pre_cod_asig1,pre_cod_asig2,pre_cod_asig3,pre_cod_asig4,pre_cod_asig5,pre_cod_asig6,pre_cod_asig7 FROM tblaca009 WHERE pensum='5' AND c_uni_ca='5' AND c_asigna='300226' [1][0] OK
C:[16/11/2012 11:21:03.55][172.16.8.125][1232] SELECT c_asigna FROM dace004 WHERE exp_e='05-18371650' AND c_asigna='300116' AND status IN ('0','3','B') [1][0] OK
C:[16/11/2012 11:21:03.55][172.16.8.125][1219] SELECT pre_cod_asig1,pre_cod_asig2,pre_cod_asig3,pre_cod_asig4,pre_cod_asig5,pre_cod_asig6,pre_cod_asig7 FROM tblaca009 WHERE pensum='5' AND c_uni_ca='5' AND c_asigna='355723' [1][0] OK
C:[16/11/2012 11:21:03.55][172.16.8.125][1232] SELECT c_asigna FROM dace004 WHERE exp_e='05-18371650' AND c_asigna='355694' AND status IN ('0','3','B') [1][0] OK
C:[16/11/2012 11:21:03.55][172.16.8.125][1219] SELECT pre_cod_asig1,pre_cod_asig2,pre_cod_asig3,pre_cod_asig4,pre_cod_asig5,pre_cod_asig6,pre_cod_asig7 FROM tblaca009 WHERE pensum='5' AND c_uni_ca='5' AND c_asigna='355832' [1][0] OK
C:[16/11/2012 11:21:03.55][172.16.8.125][1232] SELECT c_asigna FROM dace004 WHERE exp_e='05-18371650' AND c_asigna='355694' AND status IN ('0','3','B') [1][0] OK
C:[16/11/2012 11:21:03.55][172.16.8.125][1219] SELECT pre_cod_asig1,pre_cod_asig2,pre_cod_asig3,pre_cod_asig4,pre_cod_asig5,pre_cod_asig6,pre_cod_asig7 FROM tblaca009 WHERE pensum='5' AND c_uni_ca='5' AND c_asigna='355833' [1][0] OK
C:[16/11/2012 11:21:03.55][172.16.8.125][1232] SELECT c_asigna FROM dace004 WHERE exp_e='05-18371650' AND c_asigna='355694' AND status IN ('0','3','B') [1][0] OK
C:[16/11/2012 11:21:03.55][172.16.8.125][1219] SELECT pre_cod_asig1,pre_cod_asig2,pre_cod_asig3,pre_cod_asig4,pre_cod_asig5,pre_cod_asig6,pre_cod_asig7 FROM tblaca009 WHERE pensum='5' AND c_uni_ca='5' AND c_asigna='355834' [1][0] OK
C:[16/11/2012 11:21:03.55][172.16.8.125][1232] SELECT c_asigna FROM dace004 WHERE exp_e='05-18371650' AND c_asigna='355694' AND status IN ('0','3','B') [1][0] OK
C:[16/11/2012 11:21:03.55][172.16.8.125][1219] SELECT pre_cod_asig1,pre_cod_asig2,pre_cod_asig3,pre_cod_asig4,pre_cod_asig5,pre_cod_asig6,pre_cod_asig7 FROM tblaca009 WHERE pensum='5' AND c_uni_ca='5' AND c_asigna='355953' [1][0] OK
C:[16/11/2012 11:21:03.55][172.16.8.125][1232] SELECT c_asigna FROM dace004 WHERE exp_e='05-18371650' AND c_asigna='355691' AND status IN ('0','3','B') [1][0] OK
C:[16/11/2012 11:21:04.05][172.16.8.125][1263] SELECT par_cod_asig1,par_cod_asig2,par_cod_asig3 FROM tblaca009 WHERE pensum='5' AND c_uni_ca='5' AND c_asigna='300226' [1][0] OK
C:[16/11/2012 11:21:04.05][172.16.8.125][1263] SELECT par_cod_asig1,par_cod_asig2,par_cod_asig3 FROM tblaca009 WHERE pensum='5' AND c_uni_ca='5' AND c_asigna='355723' [1][0] OK
C:[16/11/2012 11:21:04.05][172.16.8.125][1263] SELECT par_cod_asig1,par_cod_asig2,par_cod_asig3 FROM tblaca009 WHERE pensum='5' AND c_uni_ca='5' AND c_asigna='355832' [1][0] OK
C:[16/11/2012 11:21:04.05][172.16.8.125][1263] SELECT par_cod_asig1,par_cod_asig2,par_cod_asig3 FROM tblaca009 WHERE pensum='5' AND c_uni_ca='5' AND c_asigna='355833' [1][0] OK
C:[16/11/2012 11:21:04.05][172.16.8.125][1263] SELECT par_cod_asig1,par_cod_asig2,par_cod_asig3 FROM tblaca009 WHERE pensum='5' AND c_uni_ca='5' AND c_asigna='355834' [1][0] OK
C:[16/11/2012 11:21:04.05][172.16.8.125][1263] SELECT par_cod_asig1,par_cod_asig2,par_cod_asig3 FROM tblaca009 WHERE pensum='5' AND c_uni_ca='5' AND c_asigna='355953' [1][0] OK
C:[16/11/2012 11:21:04.80][172.16.8.125][1334] SELECT c_asigna FROM tblaca009 WHERE pensum='5' AND c_uni_ca='5' AND ((par_cod_asig1='355720') OR (par_cod_asig2='355720') OR (par_cod_asig3='355720'))  [0][0] OK
C:[16/11/2012 12:18:19.16][200.90.108.71][1219] SELECT pre_cod_asig1,pre_cod_asig2,pre_cod_asig3,pre_cod_asig4,pre_cod_asig5,pre_cod_asig6,pre_cod_asig7 FROM tblaca009 WHERE pensum='5' AND c_uni_ca='5' AND c_asigna='300313' [1][0] OK
C:[16/11/2012 12:18:19.16][200.90.108.71][1232] SELECT c_asigna FROM dace004 WHERE exp_e='09-20806038' AND c_asigna='300213' AND status IN ('0','3','B') [1][0] OK
C:[16/11/2012 12:18:19.16][200.90.108.71][1232] SELECT c_asigna FROM dace004 WHERE exp_e='09-20806038' AND c_asigna='300226' AND status IN ('0','3','B') [1][0] OK
C:[16/11/2012 12:18:19.16][200.90.108.71][1232] SELECT c_asigna FROM dace004 WHERE exp_e='09-20806038' AND c_asigna='300222' AND status IN ('0','3','B') [1][0] OK
C:[16/11/2012 12:18:19.16][200.90.108.71][1232] SELECT c_asigna FROM dace004 WHERE exp_e='09-20806038' AND c_asigna='300209' AND status IN ('0','3','B') [1][0] OK
C:[16/11/2012 12:18:19.16][200.90.108.71][1219] SELECT pre_cod_asig1,pre_cod_asig2,pre_cod_asig3,pre_cod_asig4,pre_cod_asig5,pre_cod_asig6,pre_cod_asig7 FROM tblaca009 WHERE pensum='5' AND c_uni_ca='5' AND c_asigna='300318' [1][0] OK
C:[16/11/2012 12:18:19.16][200.90.108.71][1232] SELECT c_asigna FROM dace004 WHERE exp_e='09-20806038' AND c_asigna='300228' AND status IN ('0','3','B') [1][0] OK
C:[16/11/2012 12:18:19.16][200.90.108.71][1232] SELECT c_asigna FROM dace004 WHERE exp_e='09-20806038' AND c_asigna='300207' AND status IN ('0','3','B') [1][0] OK
C:[16/11/2012 12:18:19.16][200.90.108.71][1232] SELECT c_asigna FROM dace004 WHERE exp_e='09-20806038' AND c_asigna='300218' AND status IN ('0','3','B') [1][0] OK
C:[16/11/2012 12:18:19.16][200.90.108.71][1219] SELECT pre_cod_asig1,pre_cod_asig2,pre_cod_asig3,pre_cod_asig4,pre_cod_asig5,pre_cod_asig6,pre_cod_asig7 FROM tblaca009 WHERE pensum='5' AND c_uni_ca='5' AND c_asigna='352440' [1][0] OK
C:[16/11/2012 12:18:19.16][200.90.108.71][1232] SELECT c_asigna FROM dace004 WHERE exp_e='09-20806038' AND c_asigna='300317' AND status IN ('0','3','B') [1][0] OK
C:[16/11/2012 12:18:19.16][200.90.108.71][1232] SELECT c_asigna FROM dace004 WHERE exp_e='09-20806038' AND c_asigna='300013' AND status IN ('0','3','B') [1][0] OK
C:[16/11/2012 12:18:19.16][200.90.108.71][1232] SELECT c_asigna FROM dace004 WHERE exp_e='09-20806038' AND c_asigna='300113' AND status IN ('0','3','B') [1][0] OK
C:[16/11/2012 12:18:20.79][200.90.108.71][1263] SELECT par_cod_asig1,par_cod_asig2,par_cod_asig3 FROM tblaca009 WHERE pensum='5' AND c_uni_ca='5' AND c_asigna='300313' [1][0] OK
C:[16/11/2012 12:18:20.79][200.90.108.71][1263] SELECT par_cod_asig1,par_cod_asig2,par_cod_asig3 FROM tblaca009 WHERE pensum='5' AND c_uni_ca='5' AND c_asigna='300318' [1][0] OK
C:[16/11/2012 12:18:20.79][200.90.108.71][1263] SELECT par_cod_asig1,par_cod_asig2,par_cod_asig3 FROM tblaca009 WHERE pensum='5' AND c_uni_ca='5' AND c_asigna='352440' [1][0] OK
C:[16/11/2012 12:18:20.17][200.90.108.71][1334] SELECT c_asigna FROM tblaca009 WHERE pensum='5' AND c_uni_ca='5' AND ((par_cod_asig1='355447') OR (par_cod_asig2='355447') OR (par_cod_asig3='355447'))  [0][0] OK
C:[16/11/2012 13:51:04.59][190.206.54.118][1219] SELECT pre_cod_asig1,pre_cod_asig2,pre_cod_asig3,pre_cod_asig4,pre_cod_asig5,pre_cod_asig6,pre_cod_asig7 FROM tblaca009 WHERE pensum='5' AND c_uni_ca='2' AND c_asigna='322550' [1][0] OK
C:[16/11/2012 13:51:04.59][190.206.54.118][1232] SELECT c_asigna FROM dace004 WHERE exp_e='10-19302292' AND c_asigna='322433' AND status IN ('0','3','B') [1][0] OK
C:[16/11/2012 13:51:04.59][190.206.54.118][1219] SELECT pre_cod_asig1,pre_cod_asig2,pre_cod_asig3,pre_cod_asig4,pre_cod_asig5,pre_cod_asig6,pre_cod_asig7 FROM tblaca009 WHERE pensum='5' AND c_uni_ca='2' AND c_asigna='322560' [1][0] OK
C:[16/11/2012 13:51:04.59][190.206.54.118][1219] SELECT pre_cod_asig1,pre_cod_asig2,pre_cod_asig3,pre_cod_asig4,pre_cod_asig5,pre_cod_asig6,pre_cod_asig7 FROM tblaca009 WHERE pensum='5' AND c_uni_ca='2' AND c_asigna='322605' [1][0] OK
C:[16/11/2012 13:51:04.59][190.206.54.118][1232] SELECT c_asigna FROM dace004 WHERE exp_e='10-19302292' AND c_asigna='322436' AND status IN ('0','3','B') [1][0] OK
C:[16/11/2012 13:51:04.59][190.206.54.118][1219] SELECT pre_cod_asig1,pre_cod_asig2,pre_cod_asig3,pre_cod_asig4,pre_cod_asig5,pre_cod_asig6,pre_cod_asig7 FROM tblaca009 WHERE pensum='5' AND c_uni_ca='2' AND c_asigna='322681' [1][0] OK
C:[16/11/2012 13:51:04.59][190.206.54.118][1232] SELECT c_asigna FROM dace004 WHERE exp_e='10-19302292' AND c_asigna='320437' AND status IN ('0','3','B') [1][0] OK
C:[16/11/2012 13:51:04.59][190.206.54.118][1232] SELECT c_asigna FROM dace004 WHERE exp_e='10-19302292' AND c_asigna='322449' AND status IN ('0','3','B') [1][0] OK
C:[16/11/2012 13:51:04.59][190.206.54.118][1232] SELECT c_asigna FROM dace004 WHERE exp_e='10-19302292' AND c_asigna='300313' AND status IN ('0','3','B') [1][0] OK
C:[16/11/2012 13:51:04.59][190.206.54.118][1232] SELECT c_asigna FROM dace004 WHERE exp_e='10-19302292' AND c_asigna='300209' AND status IN ('0','3','B') [1][0] OK
C:[16/11/2012 13:51:04.59][190.206.54.118][1232] SELECT c_asigna FROM dace004 WHERE exp_e='10-19302292' AND c_asigna='300226' AND status IN ('0','3','B') [1][0] OK
C:[16/11/2012 13:51:04.59][190.206.54.118][1219] SELECT pre_cod_asig1,pre_cod_asig2,pre_cod_asig3,pre_cod_asig4,pre_cod_asig5,pre_cod_asig6,pre_cod_asig7 FROM tblaca009 WHERE pensum='5' AND c_uni_ca='2' AND c_asigna='323528' [1][0] OK
C:[16/11/2012 13:51:04.10][190.206.54.118][1263] SELECT par_cod_asig1,par_cod_asig2,par_cod_asig3 FROM tblaca009 WHERE pensum='5' AND c_uni_ca='2' AND c_asigna='322550' [1][0] OK
C:[16/11/2012 13:51:04.10][190.206.54.118][1263] SELECT par_cod_asig1,par_cod_asig2,par_cod_asig3 FROM tblaca009 WHERE pensum='5' AND c_uni_ca='2' AND c_asigna='322560' [1][0] OK
C:[16/11/2012 13:51:04.10][190.206.54.118][1277] SELECT c_asigna FROM dace004 WHERE exp_e='10-19302292' AND c_asigna='323528' AND status IN ('0','3','B','C') [0][0] OK
C:[16/11/2012 13:51:04.10][190.206.54.118][1263] SELECT par_cod_asig1,par_cod_asig2,par_cod_asig3 FROM tblaca009 WHERE pensum='5' AND c_uni_ca='2' AND c_asigna='322605' [1][0] OK
C:[16/11/2012 13:51:04.10][190.206.54.118][1263] SELECT par_cod_asig1,par_cod_asig2,par_cod_asig3 FROM tblaca009 WHERE pensum='5' AND c_uni_ca='2' AND c_asigna='322681' [1][0] OK
C:[16/11/2012 13:51:04.10][190.206.54.118][1263] SELECT par_cod_asig1,par_cod_asig2,par_cod_asig3 FROM tblaca009 WHERE pensum='5' AND c_uni_ca='2' AND c_asigna='323528' [1][0] OK
C:[16/11/2012 14:04:47.32][172.16.12.37][1219] SELECT pre_cod_asig1,pre_cod_asig2,pre_cod_asig3,pre_cod_asig4,pre_cod_asig5,pre_cod_asig6,pre_cod_asig7 FROM tblaca009 WHERE pensum='5' AND c_uni_ca='2' AND c_asigna='300112' [1][0] OK
C:[16/11/2012 14:04:47.32][172.16.12.37][1219] SELECT pre_cod_asig1,pre_cod_asig2,pre_cod_asig3,pre_cod_asig4,pre_cod_asig5,pre_cod_asig6,pre_cod_asig7 FROM tblaca009 WHERE pensum='5' AND c_uni_ca='2' AND c_asigna='300226' [1][0] OK
C:[16/11/2012 14:04:47.32][172.16.12.37][1232] SELECT c_asigna FROM dace004 WHERE exp_e='11-20882894' AND c_asigna='300116' AND status IN ('0','3','B') [1][0] OK
C:[16/11/2012 14:04:47.32][172.16.12.37][1219] SELECT pre_cod_asig1,pre_cod_asig2,pre_cod_asig3,pre_cod_asig4,pre_cod_asig5,pre_cod_asig6,pre_cod_asig7 FROM tblaca009 WHERE pensum='5' AND c_uni_ca='2' AND c_asigna='300314' [1][0] OK
C:[16/11/2012 14:04:47.32][172.16.12.37][1232] SELECT c_asigna FROM dace004 WHERE exp_e='11-20882894' AND c_asigna='300106' AND status IN ('0','3','B') [1][0] OK
C:[16/11/2012 14:04:47.95][172.16.12.37][1263] SELECT par_cod_asig1,par_cod_asig2,par_cod_asig3 FROM tblaca009 WHERE pensum='5' AND c_uni_ca='2' AND c_asigna='300112' [1][0] OK
C:[16/11/2012 14:04:47.95][172.16.12.37][1263] SELECT par_cod_asig1,par_cod_asig2,par_cod_asig3 FROM tblaca009 WHERE pensum='5' AND c_uni_ca='2' AND c_asigna='300226' [1][0] OK
C:[16/11/2012 14:04:47.95][172.16.12.37][1263] SELECT par_cod_asig1,par_cod_asig2,par_cod_asig3 FROM tblaca009 WHERE pensum='5' AND c_uni_ca='2' AND c_asigna='300314' [1][0] OK
C:[16/11/2012 14:04:47.32][172.16.12.37][1334] SELECT c_asigna FROM tblaca009 WHERE pensum='5' AND c_uni_ca='2' AND ((par_cod_asig1='320311') OR (par_cod_asig2='320311') OR (par_cod_asig3='320311'))  [0][0] OK
C:[16/11/2012 14:07:09.42][172.16.12.37][1219] SELECT pre_cod_asig1,pre_cod_asig2,pre_cod_asig3,pre_cod_asig4,pre_cod_asig5,pre_cod_asig6,pre_cod_asig7 FROM tblaca009 WHERE pensum='5' AND c_uni_ca='2' AND c_asigna='320311' [1][0] OK
C:[16/11/2012 14:07:09.42][172.16.12.37][1232] SELECT c_asigna FROM dace004 WHERE exp_e='11-20882894' AND c_asigna='300013' AND status IN ('0','3','B') [1][0] OK
C:[16/11/2012 14:07:09.42][172.16.12.37][1232] SELECT c_asigna FROM dace004 WHERE exp_e='11-20882894' AND c_asigna='300113' AND status IN ('0','3','B') [1][0] OK
C:[16/11/2012 14:07:09.42][172.16.12.37][1219] SELECT pre_cod_asig1,pre_cod_asig2,pre_cod_asig3,pre_cod_asig4,pre_cod_asig5,pre_cod_asig6,pre_cod_asig7 FROM tblaca009 WHERE pensum='5' AND c_uni_ca='2' AND c_asigna='300112' [1][0] OK
C:[16/11/2012 14:07:09.42][172.16.12.37][1219] SELECT pre_cod_asig1,pre_cod_asig2,pre_cod_asig3,pre_cod_asig4,pre_cod_asig5,pre_cod_asig6,pre_cod_asig7 FROM tblaca009 WHERE pensum='5' AND c_uni_ca='2' AND c_asigna='300226' [1][0] OK
C:[16/11/2012 14:07:09.42][172.16.12.37][1232] SELECT c_asigna FROM dace004 WHERE exp_e='11-20882894' AND c_asigna='300116' AND status IN ('0','3','B') [1][0] OK
C:[16/11/2012 14:07:09.42][172.16.12.37][1219] SELECT pre_cod_asig1,pre_cod_asig2,pre_cod_asig3,pre_cod_asig4,pre_cod_asig5,pre_cod_asig6,pre_cod_asig7 FROM tblaca009 WHERE pensum='5' AND c_uni_ca='2' AND c_asigna='300314' [1][0] OK
C:[16/11/2012 14:07:09.42][172.16.12.37][1232] SELECT c_asigna FROM dace004 WHERE exp_e='11-20882894' AND c_asigna='300106' AND status IN ('0','3','B') [1][0] OK
C:[16/11/2012 14:07:09.42][172.16.12.37][1263] SELECT par_cod_asig1,par_cod_asig2,par_cod_asig3 FROM tblaca009 WHERE pensum='5' AND c_uni_ca='2' AND c_asigna='320311' [1][0] OK
C:[16/11/2012 14:07:09.42][172.16.12.37][1263] SELECT par_cod_asig1,par_cod_asig2,par_cod_asig3 FROM tblaca009 WHERE pensum='5' AND c_uni_ca='2' AND c_asigna='300112' [1][0] OK
C:[16/11/2012 14:07:09.42][172.16.12.37][1263] SELECT par_cod_asig1,par_cod_asig2,par_cod_asig3 FROM tblaca009 WHERE pensum='5' AND c_uni_ca='2' AND c_asigna='300226' [1][0] OK
C:[16/11/2012 14:07:09.42][172.16.12.37][1263] SELECT par_cod_asig1,par_cod_asig2,par_cod_asig3 FROM tblaca009 WHERE pensum='5' AND c_uni_ca='2' AND c_asigna='300314' [1][0] OK
C:[16/11/2012 14:56:49.75][172.16.12.2][1219] SELECT pre_cod_asig1,pre_cod_asig2,pre_cod_asig3,pre_cod_asig4,pre_cod_asig5,pre_cod_asig6,pre_cod_asig7 FROM tblaca009 WHERE pensum='5' AND c_uni_ca='5' AND c_asigna='300222' [1][0] OK
C:[16/11/2012 14:56:49.75][172.16.12.2][1232] SELECT c_asigna FROM dace004 WHERE exp_e='07-19157780' AND c_asigna='300112' AND status IN ('0','3','B') [1][0] OK
C:[16/11/2012 14:56:49.75][172.16.12.2][1219] SELECT pre_cod_asig1,pre_cod_asig2,pre_cod_asig3,pre_cod_asig4,pre_cod_asig5,pre_cod_asig6,pre_cod_asig7 FROM tblaca009 WHERE pensum='5' AND c_uni_ca='5' AND c_asigna='351330' [1][0] OK
C:[16/11/2012 14:56:49.75][172.16.12.2][1232] SELECT c_asigna FROM dace004 WHERE exp_e='07-19157780' AND c_asigna='300218' AND status IN ('0','3','B') [1][0] OK
C:[16/11/2012 14:56:49.23][172.16.12.2][1263] SELECT par_cod_asig1,par_cod_asig2,par_cod_asig3 FROM tblaca009 WHERE pensum='5' AND c_uni_ca='5' AND c_asigna='300222' [1][0] OK
C:[16/11/2012 14:56:49.23][172.16.12.2][1263] SELECT par_cod_asig1,par_cod_asig2,par_cod_asig3 FROM tblaca009 WHERE pensum='5' AND c_uni_ca='5' AND c_asigna='351330' [1][0] OK
C:[16/11/2012 14:56:49.23][172.16.12.2][1277] SELECT c_asigna FROM dace004 WHERE exp_e='07-19157780' AND c_asigna='300318' AND status IN ('0','3','B','C') [1][0] OK
C:[16/11/2012 14:56:49.23][172.16.12.2][1277] SELECT c_asigna FROM dace004 WHERE exp_e='07-19157780' AND c_asigna='300317' AND status IN ('0','3','B','C') [1][0] OK
C:[16/11/2012 18:18:06.47][186.88.107.32][1219] SELECT pre_cod_asig1,pre_cod_asig2,pre_cod_asig3,pre_cod_asig4,pre_cod_asig5,pre_cod_asig6,pre_cod_asig7 FROM tblaca009 WHERE pensum='5' AND c_uni_ca='6' AND c_asigna='300422' [1][0] OK
C:[16/11/2012 18:18:06.47][186.88.107.32][1232] SELECT c_asigna FROM dace004 WHERE exp_e='09-21197533' AND c_asigna='300105' AND status IN ('0','3','B') [1][0] OK
C:[16/11/2012 18:18:06.47][186.88.107.32][1232] SELECT c_asigna FROM dace004 WHERE exp_e='09-21197533' AND c_asigna='300314' AND status IN ('0','3','B') [1][0] OK
C:[16/11/2012 18:18:06.47][186.88.107.32][1219] SELECT pre_cod_asig1,pre_cod_asig2,pre_cod_asig3,pre_cod_asig4,pre_cod_asig5,pre_cod_asig6,pre_cod_asig7 FROM tblaca009 WHERE pensum='5' AND c_uni_ca='6' AND c_asigna='344613' [1][0] OK
C:[16/11/2012 18:18:06.47][186.88.107.32][1232] SELECT c_asigna FROM dace004 WHERE exp_e='09-21197533' AND c_asigna='344566' AND status IN ('0','3','B') [1][0] OK
C:[16/11/2012 18:18:06.47][186.88.107.32][1232] SELECT c_asigna FROM dace004 WHERE exp_e='09-21197533' AND c_asigna='300209' AND status IN ('0','3','B') [1][0] OK
C:[16/11/2012 18:18:06.47][186.88.107.32][1232] SELECT c_asigna FROM dace004 WHERE exp_e='09-21197533' AND c_asigna='300222' AND status IN ('0','3','B') [1][0] OK
C:[16/11/2012 18:18:06.47][186.88.107.32][1232] SELECT c_asigna FROM dace004 WHERE exp_e='09-21197533' AND c_asigna='300226' AND status IN ('0','3','B') [1][0] OK
C:[16/11/2012 18:18:06.47][186.88.107.32][1232] SELECT c_asigna FROM dace004 WHERE exp_e='09-21197533' AND c_asigna='300313' AND status IN ('0','3','B') [1][0] OK
C:[16/11/2012 18:18:06.47][186.88.107.32][1232] SELECT c_asigna FROM dace004 WHERE exp_e='09-21197533' AND c_asigna='300428' AND status IN ('0','3','B') [1][0] OK
C:[16/11/2012 18:18:06.47][186.88.107.32][1232] SELECT c_asigna FROM dace004 WHERE exp_e='09-21197533' AND c_asigna='300317' AND status IN ('0','3','B') [1][0] OK
C:[16/11/2012 18:18:06.47][186.88.107.32][1219] SELECT pre_cod_asig1,pre_cod_asig2,pre_cod_asig3,pre_cod_asig4,pre_cod_asig5,pre_cod_asig6,pre_cod_asig7 FROM tblaca009 WHERE pensum='5' AND c_uni_ca='6' AND c_asigna='344689' [1][0] OK
C:[16/11/2012 18:18:06.47][186.88.107.32][1232] SELECT c_asigna FROM dace004 WHERE exp_e='09-21197533' AND c_asigna='344566' AND status IN ('0','3','B') [1][0] OK
C:[16/11/2012 18:18:06.47][186.88.107.32][1232] SELECT c_asigna FROM dace004 WHERE exp_e='09-21197533' AND c_asigna='300313' AND status IN ('0','3','B') [1][0] OK
C:[16/11/2012 18:18:06.47][186.88.107.32][1219] SELECT pre_cod_asig1,pre_cod_asig2,pre_cod_asig3,pre_cod_asig4,pre_cod_asig5,pre_cod_asig6,pre_cod_asig7 FROM tblaca009 WHERE pensum='5' AND c_uni_ca='6' AND c_asigna='344716' [1][0] OK
C:[16/11/2012 18:18:06.47][186.88.107.32][1232] SELECT c_asigna FROM dace004 WHERE exp_e='09-21197533' AND c_asigna='344688' AND status IN ('0','3','B') [1][0] OK
C:[16/11/2012 18:18:06.47][186.88.107.32][1232] SELECT c_asigna FROM dace004 WHERE exp_e='09-21197533' AND c_asigna='342559' AND status IN ('0','3','B') [1][0] OK
C:[16/11/2012 18:18:06.47][186.88.107.32][1219] SELECT pre_cod_asig1,pre_cod_asig2,pre_cod_asig3,pre_cod_asig4,pre_cod_asig5,pre_cod_asig6,pre_cod_asig7 FROM tblaca009 WHERE pensum='5' AND c_uni_ca='6' AND c_asigna='344733' [1][0] OK
C:[16/11/2012 18:18:06.47][186.88.107.32][1219] SELECT pre_cod_asig1,pre_cod_asig2,pre_cod_asig3,pre_cod_asig4,pre_cod_asig5,pre_cod_asig6,pre_cod_asig7 FROM tblaca009 WHERE pensum='5' AND c_uni_ca='6' AND c_asigna='344742' [1][0] OK
C:[16/11/2012 18:18:06.47][186.88.107.32][1232] SELECT c_asigna FROM dace004 WHERE exp_e='09-21197533' AND c_asigna='344688' AND status IN ('0','3','B') [1][0] OK
C:[16/11/2012 18:18:06.47][186.88.107.32][1232] SELECT c_asigna FROM dace004 WHERE exp_e='09-21197533' AND c_asigna='342679' AND status IN ('0','3','B') [1][0] OK
C:[16/11/2012 18:18:07.66][186.88.107.32][1263] SELECT par_cod_asig1,par_cod_asig2,par_cod_asig3 FROM tblaca009 WHERE pensum='5' AND c_uni_ca='6' AND c_asigna='300422' [1][0] OK
C:[16/11/2012 18:18:07.66][186.88.107.32][1263] SELECT par_cod_asig1,par_cod_asig2,par_cod_asig3 FROM tblaca009 WHERE pensum='5' AND c_uni_ca='6' AND c_asigna='344613' [1][0] OK
C:[16/11/2012 18:18:07.66][186.88.107.32][1263] SELECT par_cod_asig1,par_cod_asig2,par_cod_asig3 FROM tblaca009 WHERE pensum='5' AND c_uni_ca='6' AND c_asigna='344689' [1][0] OK
C:[16/11/2012 18:18:07.66][186.88.107.32][1263] SELECT par_cod_asig1,par_cod_asig2,par_cod_asig3 FROM tblaca009 WHERE pensum='5' AND c_uni_ca='6' AND c_asigna='344716' [1][0] OK
C:[16/11/2012 18:18:07.66][186.88.107.32][1263] SELECT par_cod_asig1,par_cod_asig2,par_cod_asig3 FROM tblaca009 WHERE pensum='5' AND c_uni_ca='6' AND c_asigna='344733' [1][0] OK
C:[16/11/2012 18:18:07.66][186.88.107.32][1263] SELECT par_cod_asig1,par_cod_asig2,par_cod_asig3 FROM tblaca009 WHERE pensum='5' AND c_uni_ca='6' AND c_asigna='344742' [1][0] OK
C:[16/11/2012 18:18:07.41][186.88.107.32][1334] SELECT c_asigna FROM tblaca009 WHERE pensum='5' AND c_uni_ca='6' AND ((par_cod_asig1='344732') OR (par_cod_asig2='344732') OR (par_cod_asig3='344732'))  [0][0] OK
C:[16/11/2012 18:29:12.11][190.38.116.132][1219] SELECT pre_cod_asig1,pre_cod_asig2,pre_cod_asig3,pre_cod_asig4,pre_cod_asig5,pre_cod_asig6,pre_cod_asig7 FROM tblaca009 WHERE pensum='5' AND c_uni_ca='5' AND c_asigna='300213' [1][0] OK
C:[16/11/2012 18:29:12.11][190.38.116.132][1232] SELECT c_asigna FROM dace004 WHERE exp_e='10-24855473' AND c_asigna='300101' AND status IN ('0','3','B') [1][0] OK
C:[16/11/2012 18:29:12.11][190.38.116.132][1219] SELECT pre_cod_asig1,pre_cod_asig2,pre_cod_asig3,pre_cod_asig4,pre_cod_asig5,pre_cod_asig6,pre_cod_asig7 FROM tblaca009 WHERE pensum='5' AND c_uni_ca='5' AND c_asigna='300209' [1][0] OK
C:[16/11/2012 18:29:12.11][190.38.116.132][1232] SELECT c_asigna FROM dace004 WHERE exp_e='10-24855473' AND c_asigna='300101' AND status IN ('0','3','B') [1][0] OK
C:[16/11/2012 18:29:12.11][190.38.116.132][1219] SELECT pre_cod_asig1,pre_cod_asig2,pre_cod_asig3,pre_cod_asig4,pre_cod_asig5,pre_cod_asig6,pre_cod_asig7 FROM tblaca009 WHERE pensum='5' AND c_uni_ca='5' AND c_asigna='300218' [1][0] OK
C:[16/11/2012 18:29:12.11][190.38.116.132][1219] SELECT pre_cod_asig1,pre_cod_asig2,pre_cod_asig3,pre_cod_asig4,pre_cod_asig5,pre_cod_asig6,pre_cod_asig7 FROM tblaca009 WHERE pensum='5' AND c_uni_ca='5' AND c_asigna='300228' [1][0] OK
C:[16/11/2012 18:29:12.11][190.38.116.132][1232] SELECT c_asigna FROM dace004 WHERE exp_e='10-24855473' AND c_asigna='300101' AND status IN ('0','3','B') [1][0] OK
C:[16/11/2012 18:29:12.99][190.38.116.132][1263] SELECT par_cod_asig1,par_cod_asig2,par_cod_asig3 FROM tblaca009 WHERE pensum='5' AND c_uni_ca='5' AND c_asigna='300213' [1][0] OK
C:[16/11/2012 18:29:12.99][190.38.116.132][1277] SELECT c_asigna FROM dace004 WHERE exp_e='10-24855473' AND c_asigna='300209' AND status IN ('0','3','B','C') [0][0] OK
C:[16/11/2012 18:29:12.99][190.38.116.132][1263] SELECT par_cod_asig1,par_cod_asig2,par_cod_asig3 FROM tblaca009 WHERE pensum='5' AND c_uni_ca='5' AND c_asigna='300209' [1][0] OK
C:[16/11/2012 18:29:12.99][190.38.116.132][1263] SELECT par_cod_asig1,par_cod_asig2,par_cod_asig3 FROM tblaca009 WHERE pensum='5' AND c_uni_ca='5' AND c_asigna='300218' [1][0] OK
C:[16/11/2012 18:29:12.99][190.38.116.132][1277] SELECT c_asigna FROM dace004 WHERE exp_e='10-24855473' AND c_asigna='300228' AND status IN ('0','3','B','C') [0][0] OK
C:[16/11/2012 18:29:12.99][190.38.116.132][1263] SELECT par_cod_asig1,par_cod_asig2,par_cod_asig3 FROM tblaca009 WHERE pensum='5' AND c_uni_ca='5' AND c_asigna='300228' [1][0] OK
C:[17/11/2012 10:22:03.85][190.94.250.214][1219] SELECT pre_cod_asig1,pre_cod_asig2,pre_cod_asig3,pre_cod_asig4,pre_cod_asig5,pre_cod_asig6,pre_cod_asig7 FROM tblaca009 WHERE pensum='5' AND c_uni_ca='5' AND c_asigna='355693' [1][0] OK
C:[17/11/2012 10:22:03.85][190.94.250.214][1232] SELECT c_asigna FROM dace004 WHERE exp_e='05-18452539' AND c_asigna='355572' AND status IN ('0','3','B') [1][0] OK
C:[17/11/2012 10:22:03.85][190.94.250.214][1232] SELECT c_asigna FROM dace004 WHERE exp_e='05-18452539' AND c_asigna='352440' AND status IN ('0','3','B') [1][0] OK
C:[17/11/2012 10:22:03.85][190.94.250.214][1232] SELECT c_asigna FROM dace004 WHERE exp_e='05-18452539' AND c_asigna='355573' AND status IN ('0','3','B') [1][0] OK
C:[17/11/2012 10:22:03.85][190.94.250.214][1232] SELECT c_asigna FROM dace004 WHERE exp_e='05-18452539' AND c_asigna='300226' AND status IN ('0','3','B') [1][0] OK
C:[17/11/2012 10:22:03.85][190.94.250.214][1232] SELECT c_asigna FROM dace004 WHERE exp_e='05-18452539' AND c_asigna='300222' AND status IN ('0','3','B') [1][0] OK
C:[17/11/2012 10:22:03.85][190.94.250.214][1232] SELECT c_asigna FROM dace004 WHERE exp_e='05-18452539' AND c_asigna='300013' AND status IN ('0','3','B') [1][0] OK
C:[17/11/2012 10:22:03.85][190.94.250.214][1232] SELECT c_asigna FROM dace004 WHERE exp_e='05-18452539' AND c_asigna='300113' AND status IN ('0','3','B') [1][0] OK
C:[17/11/2012 10:22:03.85][190.94.250.214][1219] SELECT pre_cod_asig1,pre_cod_asig2,pre_cod_asig3,pre_cod_asig4,pre_cod_asig5,pre_cod_asig6,pre_cod_asig7 FROM tblaca009 WHERE pensum='5' AND c_uni_ca='5' AND c_asigna='355722' [1][0] OK
C:[17/11/2012 10:22:03.85][190.94.250.214][1232] SELECT c_asigna FROM dace004 WHERE exp_e='05-18452539' AND c_asigna='355691' AND status IN ('0','3','B') [1][0] OK
C:[17/11/2012 10:22:03.85][190.94.250.214][1232] SELECT c_asigna FROM dace004 WHERE exp_e='05-18452539' AND c_asigna='355595' AND status IN ('0','3','B') [1][0] OK
C:[17/11/2012 10:22:03.85][190.94.250.214][1219] SELECT pre_cod_asig1,pre_cod_asig2,pre_cod_asig3,pre_cod_asig4,pre_cod_asig5,pre_cod_asig6,pre_cod_asig7 FROM tblaca009 WHERE pensum='5' AND c_uni_ca='5' AND c_asigna='355724' [1][0] OK
C:[17/11/2012 10:22:03.85][190.94.250.214][1232] SELECT c_asigna FROM dace004 WHERE exp_e='05-18452539' AND c_asigna='355692' AND status IN ('0','3','B') [1][0] OK
C:[17/11/2012 10:22:03.85][190.94.250.214][1219] SELECT pre_cod_asig1,pre_cod_asig2,pre_cod_asig3,pre_cod_asig4,pre_cod_asig5,pre_cod_asig6,pre_cod_asig7 FROM tblaca009 WHERE pensum='5' AND c_uni_ca='5' AND c_asigna='355833' [1][0] OK
C:[17/11/2012 10:22:03.85][190.94.250.214][1232] SELECT c_asigna FROM dace004 WHERE exp_e='05-18452539' AND c_asigna='355694' AND status IN ('0','3','B') [1][0] OK
C:[17/11/2012 10:22:03.85][190.94.250.214][1219] SELECT pre_cod_asig1,pre_cod_asig2,pre_cod_asig3,pre_cod_asig4,pre_cod_asig5,pre_cod_asig6,pre_cod_asig7 FROM tblaca009 WHERE pensum='5' AND c_uni_ca='5' AND c_asigna='355834' [1][0] OK
C:[17/11/2012 10:22:03.85][190.94.250.214][1232] SELECT c_asigna FROM dace004 WHERE exp_e='05-18452539' AND c_asigna='355694' AND status IN ('0','3','B') [1][0] OK
C:[17/11/2012 10:22:03.85][190.94.250.214][1219] SELECT pre_cod_asig1,pre_cod_asig2,pre_cod_asig3,pre_cod_asig4,pre_cod_asig5,pre_cod_asig6,pre_cod_asig7 FROM tblaca009 WHERE pensum='5' AND c_uni_ca='5' AND c_asigna='355953' [1][0] OK
C:[17/11/2012 10:22:03.85][190.94.250.214][1232] SELECT c_asigna FROM dace004 WHERE exp_e='05-18452539' AND c_asigna='355691' AND status IN ('0','3','B') [1][0] OK
C:[17/11/2012 10:22:03.23][190.94.250.214][1263] SELECT par_cod_asig1,par_cod_asig2,par_cod_asig3 FROM tblaca009 WHERE pensum='5' AND c_uni_ca='5' AND c_asigna='355693' [1][0] OK
C:[17/11/2012 10:22:03.23][190.94.250.214][1263] SELECT par_cod_asig1,par_cod_asig2,par_cod_asig3 FROM tblaca009 WHERE pensum='5' AND c_uni_ca='5' AND c_asigna='355722' [1][0] OK
C:[17/11/2012 10:22:03.23][190.94.250.214][1263] SELECT par_cod_asig1,par_cod_asig2,par_cod_asig3 FROM tblaca009 WHERE pensum='5' AND c_uni_ca='5' AND c_asigna='355724' [1][0] OK
C:[17/11/2012 10:22:03.23][190.94.250.214][1263] SELECT par_cod_asig1,par_cod_asig2,par_cod_asig3 FROM tblaca009 WHERE pensum='5' AND c_uni_ca='5' AND c_asigna='355833' [1][0] OK
C:[17/11/2012 10:22:03.23][190.94.250.214][1263] SELECT par_cod_asig1,par_cod_asig2,par_cod_asig3 FROM tblaca009 WHERE pensum='5' AND c_uni_ca='5' AND c_asigna='355834' [1][0] OK
C:[17/11/2012 10:22:03.23][190.94.250.214][1263] SELECT par_cod_asig1,par_cod_asig2,par_cod_asig3 FROM tblaca009 WHERE pensum='5' AND c_uni_ca='5' AND c_asigna='355953' [1][0] OK
C:[17/11/2012 10:22:03.98][190.94.250.214][1334] SELECT c_asigna FROM tblaca009 WHERE pensum='5' AND c_uni_ca='5' AND ((par_cod_asig1='355720') OR (par_cod_asig2='355720') OR (par_cod_asig3='355720'))  [0][0] OK
C:[17/11/2012 10:41:12.14][190.204.202.64][1219] SELECT pre_cod_asig1,pre_cod_asig2,pre_cod_asig3,pre_cod_asig4,pre_cod_asig5,pre_cod_asig6,pre_cod_asig7 FROM tblaca009 WHERE pensum='5' AND c_uni_ca='5' AND c_asigna='355721' [1][0] OK
C:[17/11/2012 10:41:12.14][190.204.202.64][1232] SELECT c_asigna FROM dace004 WHERE exp_e='06-19910816' AND c_asigna='355693' AND status IN ('0','3','B') [1][0] OK
C:[17/11/2012 10:41:12.14][190.204.202.64][1232] SELECT c_asigna FROM dace004 WHERE exp_e='06-19910816' AND c_asigna='355696' AND status IN ('0','3','B') [1][0] OK
C:[17/11/2012 10:41:12.14][190.204.202.64][1219] SELECT pre_cod_asig1,pre_cod_asig2,pre_cod_asig3,pre_cod_asig4,pre_cod_asig5,pre_cod_asig6,pre_cod_asig7 FROM tblaca009 WHERE pensum='5' AND c_uni_ca='5' AND c_asigna='355722' [1][0] OK
C:[17/11/2012 10:41:12.14][190.204.202.64][1232] SELECT c_asigna FROM dace004 WHERE exp_e='06-19910816' AND c_asigna='355691' AND status IN ('0','3','B') [1][0] OK
C:[17/11/2012 10:41:12.14][190.204.202.64][1232] SELECT c_asigna FROM dace004 WHERE exp_e='06-19910816' AND c_asigna='355595' AND status IN ('0','3','B') [1][0] OK
C:[17/11/2012 10:41:12.14][190.204.202.64][1219] SELECT pre_cod_asig1,pre_cod_asig2,pre_cod_asig3,pre_cod_asig4,pre_cod_asig5,pre_cod_asig6,pre_cod_asig7 FROM tblaca009 WHERE pensum='5' AND c_uni_ca='5' AND c_asigna='355724' [1][0] OK
C:[17/11/2012 10:41:12.14][190.204.202.64][1232] SELECT c_asigna FROM dace004 WHERE exp_e='06-19910816' AND c_asigna='355692' AND status IN ('0','3','B') [1][0] OK
C:[17/11/2012 10:41:12.14][190.204.202.64][1219] SELECT pre_cod_asig1,pre_cod_asig2,pre_cod_asig3,pre_cod_asig4,pre_cod_asig5,pre_cod_asig6,pre_cod_asig7 FROM tblaca009 WHERE pensum='5' AND c_uni_ca='5' AND c_asigna='355725' [1][0] OK
C:[17/11/2012 10:41:12.14][190.204.202.64][1232] SELECT c_asigna FROM dace004 WHERE exp_e='06-19910816' AND c_asigna='355693' AND status IN ('0','3','B') [1][0] OK
C:[17/11/2012 10:41:12.14][190.204.202.64][1232] SELECT c_asigna FROM dace004 WHERE exp_e='06-19910816' AND c_asigna='355692' AND status IN ('0','3','B') [1][0] OK
C:[17/11/2012 10:41:12.51][190.204.202.64][1263] SELECT par_cod_asig1,par_cod_asig2,par_cod_asig3 FROM tblaca009 WHERE pensum='5' AND c_uni_ca='5' AND c_asigna='355721' [1][0] OK
C:[17/11/2012 10:41:12.51][190.204.202.64][1263] SELECT par_cod_asig1,par_cod_asig2,par_cod_asig3 FROM tblaca009 WHERE pensum='5' AND c_uni_ca='5' AND c_asigna='355722' [1][0] OK
C:[17/11/2012 10:41:12.51][190.204.202.64][1263] SELECT par_cod_asig1,par_cod_asig2,par_cod_asig3 FROM tblaca009 WHERE pensum='5' AND c_uni_ca='5' AND c_asigna='355724' [1][0] OK
C:[17/11/2012 10:41:12.51][190.204.202.64][1263] SELECT par_cod_asig1,par_cod_asig2,par_cod_asig3 FROM tblaca009 WHERE pensum='5' AND c_uni_ca='5' AND c_asigna='355725' [1][0] OK
C:[17/11/2012 10:41:12.01][190.204.202.64][1334] SELECT c_asigna FROM tblaca009 WHERE pensum='5' AND c_uni_ca='5' AND ((par_cod_asig1='355720') OR (par_cod_asig2='355720') OR (par_cod_asig3='355720'))  [0][0] OK
C:[17/11/2012 12:23:34.79][200.8.94.192][1219] SELECT pre_cod_asig1,pre_cod_asig2,pre_cod_asig3,pre_cod_asig4,pre_cod_asig5,pre_cod_asig6,pre_cod_asig7 FROM tblaca009 WHERE pensum='5' AND c_uni_ca='5' AND c_asigna='300226' [1][0] OK
C:[17/11/2012 12:23:34.79][200.8.94.192][1232] SELECT c_asigna FROM dace004 WHERE exp_e='07-19748864' AND c_asigna='300116' AND status IN ('0','3','B') [1][0] OK
C:[17/11/2012 12:23:34.79][200.8.94.192][1219] SELECT pre_cod_asig1,pre_cod_asig2,pre_cod_asig3,pre_cod_asig4,pre_cod_asig5,pre_cod_asig6,pre_cod_asig7 FROM tblaca009 WHERE pensum='5' AND c_uni_ca='5' AND c_asigna='300422' [1][0] OK
C:[17/11/2012 12:23:34.79][200.8.94.192][1232] SELECT c_asigna FROM dace004 WHERE exp_e='07-19748864' AND c_asigna='300105' AND status IN ('0','3','B') [1][0] OK
C:[17/11/2012 12:23:34.79][200.8.94.192][1232] SELECT c_asigna FROM dace004 WHERE exp_e='07-19748864' AND c_asigna='300314' AND status IN ('0','3','B') [1][0] OK
C:[17/11/2012 12:23:34.79][200.8.94.192][1219] SELECT pre_cod_asig1,pre_cod_asig2,pre_cod_asig3,pre_cod_asig4,pre_cod_asig5,pre_cod_asig6,pre_cod_asig7 FROM tblaca009 WHERE pensum='5' AND c_uni_ca='5' AND c_asigna='300676' [1][0] OK
C:[17/11/2012 12:23:34.79][200.8.94.192][1219] SELECT pre_cod_asig1,pre_cod_asig2,pre_cod_asig3,pre_cod_asig4,pre_cod_asig5,pre_cod_asig6,pre_cod_asig7 FROM tblaca009 WHERE pensum='5' AND c_uni_ca='5' AND c_asigna='355595' [1][0] OK
C:[17/11/2012 12:23:34.79][200.8.94.192][1232] SELECT c_asigna FROM dace004 WHERE exp_e='07-19748864' AND c_asigna='351451' AND status IN ('0','3','B') [1][0] OK
C:[17/11/2012 12:23:34.79][200.8.94.192][1232] SELECT c_asigna FROM dace004 WHERE exp_e='07-19748864' AND c_asigna='355350' AND status IN ('0','3','B') [1][0] OK
C:[17/11/2012 12:23:34.79][200.8.94.192][1232] SELECT c_asigna FROM dace004 WHERE exp_e='07-19748864' AND c_asigna='300318' AND status IN ('0','3','B') [1][0] OK
C:[17/11/2012 12:23:34.79][200.8.94.192][1219] SELECT pre_cod_asig1,pre_cod_asig2,pre_cod_asig3,pre_cod_asig4,pre_cod_asig5,pre_cod_asig6,pre_cod_asig7 FROM tblaca009 WHERE pensum='5' AND c_uni_ca='5' AND c_asigna='355723' [1][0] OK
C:[17/11/2012 12:23:34.79][200.8.94.192][1232] SELECT c_asigna FROM dace004 WHERE exp_e='07-19748864' AND c_asigna='355694' AND status IN ('0','3','B') [1][0] OK
C:[17/11/2012 12:23:35.29][200.8.94.192][1263] SELECT par_cod_asig1,par_cod_asig2,par_cod_asig3 FROM tblaca009 WHERE pensum='5' AND c_uni_ca='5' AND c_asigna='300226' [1][0] OK
C:[17/11/2012 12:23:35.29][200.8.94.192][1263] SELECT par_cod_asig1,par_cod_asig2,par_cod_asig3 FROM tblaca009 WHERE pensum='5' AND c_uni_ca='5' AND c_asigna='300422' [1][0] OK
C:[17/11/2012 12:23:35.29][200.8.94.192][1263] SELECT par_cod_asig1,par_cod_asig2,par_cod_asig3 FROM tblaca009 WHERE pensum='5' AND c_uni_ca='5' AND c_asigna='300676' [1][0] OK
C:[17/11/2012 12:23:35.29][200.8.94.192][1263] SELECT par_cod_asig1,par_cod_asig2,par_cod_asig3 FROM tblaca009 WHERE pensum='5' AND c_uni_ca='5' AND c_asigna='355595' [1][0] OK
C:[17/11/2012 12:23:35.29][200.8.94.192][1263] SELECT par_cod_asig1,par_cod_asig2,par_cod_asig3 FROM tblaca009 WHERE pensum='5' AND c_uni_ca='5' AND c_asigna='355723' [1][0] OK
C:[17/11/2012 12:23:35.92][200.8.94.192][1334] SELECT c_asigna FROM tblaca009 WHERE pensum='5' AND c_uni_ca='5' AND ((par_cod_asig1='355720') OR (par_cod_asig2='355720') OR (par_cod_asig3='355720'))  [0][0] OK
C:[17/11/2012 12:26:33.60][190.36.6.164][1219] SELECT pre_cod_asig1,pre_cod_asig2,pre_cod_asig3,pre_cod_asig4,pre_cod_asig5,pre_cod_asig6,pre_cod_asig7 FROM tblaca009 WHERE pensum='5' AND c_uni_ca='5' AND c_asigna='351451' [1][0] OK
C:[17/11/2012 12:26:33.60][190.36.6.164][1232] SELECT c_asigna FROM dace004 WHERE exp_e='05-18896126' AND c_asigna='351330' AND status IN ('0','3','B') [1][0] OK
C:[17/11/2012 12:26:33.60][190.36.6.164][1232] SELECT c_asigna FROM dace004 WHERE exp_e='05-18896126' AND c_asigna='355350' AND status IN ('0','3','B') [1][0] OK
C:[17/11/2012 12:26:33.60][190.36.6.164][1232] SELECT c_asigna FROM dace004 WHERE exp_e='05-18896126' AND c_asigna='300318' AND status IN ('0','3','B') [1][0] OK
C:[17/11/2012 12:26:33.60][190.36.6.164][1232] SELECT c_asigna FROM dace004 WHERE exp_e='05-18896126' AND c_asigna='300209' AND status IN ('0','3','B') [1][0] OK
C:[17/11/2012 12:26:33.60][190.36.6.164][1232] SELECT c_asigna FROM dace004 WHERE exp_e='05-18896126' AND c_asigna='300222' AND status IN ('0','3','B') [1][0] OK
C:[17/11/2012 12:26:33.60][190.36.6.164][1219] SELECT pre_cod_asig1,pre_cod_asig2,pre_cod_asig3,pre_cod_asig4,pre_cod_asig5,pre_cod_asig6,pre_cod_asig7 FROM tblaca009 WHERE pensum='5' AND c_uni_ca='5' AND c_asigna='355573' [1][0] OK
C:[17/11/2012 12:26:33.60][190.36.6.164][1232] SELECT c_asigna FROM dace004 WHERE exp_e='05-18896126' AND c_asigna='355448' AND status IN ('0','3','B') [1][0] OK
C:[17/11/2012 12:26:33.60][190.36.6.164][1219] SELECT pre_cod_asig1,pre_cod_asig2,pre_cod_asig3,pre_cod_asig4,pre_cod_asig5,pre_cod_asig6,pre_cod_asig7 FROM tblaca009 WHERE pensum='5' AND c_uni_ca='5' AND c_asigna='355694' [1][0] OK
C:[17/11/2012 12:26:33.60][190.36.6.164][1232] SELECT c_asigna FROM dace004 WHERE exp_e='05-18896126' AND c_asigna='355572' AND status IN ('0','3','B') [1][0] OK
C:[17/11/2012 12:26:33.60][190.36.6.164][1232] SELECT c_asigna FROM dace004 WHERE exp_e='05-18896126' AND c_asigna='355571' AND status IN ('0','3','B') [1][0] OK
C:[17/11/2012 12:26:33.60][190.36.6.164][1219] SELECT pre_cod_asig1,pre_cod_asig2,pre_cod_asig3,pre_cod_asig4,pre_cod_asig5,pre_cod_asig6,pre_cod_asig7 FROM tblaca009 WHERE pensum='5' AND c_uni_ca='5' AND c_asigna='355724' [1][0] OK
C:[17/11/2012 12:26:33.60][190.36.6.164][1232] SELECT c_asigna FROM dace004 WHERE exp_e='05-18896126' AND c_asigna='355692' AND status IN ('0','3','B') [1][0] OK
C:[17/11/2012 12:26:33.23][190.36.6.164][1263] SELECT par_cod_asig1,par_cod_asig2,par_cod_asig3 FROM tblaca009 WHERE pensum='5' AND c_uni_ca='5' AND c_asigna='351451' [1][0] OK
C:[17/11/2012 12:26:33.23][190.36.6.164][1263] SELECT par_cod_asig1,par_cod_asig2,par_cod_asig3 FROM tblaca009 WHERE pensum='5' AND c_uni_ca='5' AND c_asigna='355573' [1][0] OK
C:[17/11/2012 12:26:33.23][190.36.6.164][1263] SELECT par_cod_asig1,par_cod_asig2,par_cod_asig3 FROM tblaca009 WHERE pensum='5' AND c_uni_ca='5' AND c_asigna='355694' [1][0] OK
C:[17/11/2012 12:26:33.23][190.36.6.164][1263] SELECT par_cod_asig1,par_cod_asig2,par_cod_asig3 FROM tblaca009 WHERE pensum='5' AND c_uni_ca='5' AND c_asigna='355724' [1][0] OK
C:[17/11/2012 12:26:33.73][190.36.6.164][1334] SELECT c_asigna FROM tblaca009 WHERE pensum='5' AND c_uni_ca='5' AND ((par_cod_asig1='355720') OR (par_cod_asig2='355720') OR (par_cod_asig3='355720'))  [0][0] OK
C:[19/11/2012 08:58:13.75][172.16.8.247][1219] SELECT pre_cod_asig1,pre_cod_asig2,pre_cod_asig3,pre_cod_asig4,pre_cod_asig5,pre_cod_asig6,pre_cod_asig7 FROM tblaca009 WHERE pensum='5' AND c_uni_ca='2' AND c_asigna='300218' [1][0] OK
C:[19/11/2012 08:58:13.75][172.16.8.247][1219] SELECT pre_cod_asig1,pre_cod_asig2,pre_cod_asig3,pre_cod_asig4,pre_cod_asig5,pre_cod_asig6,pre_cod_asig7 FROM tblaca009 WHERE pensum='5' AND c_uni_ca='2' AND c_asigna='300105' [1][0] OK
C:[19/11/2012 08:58:13.75][172.16.8.247][1219] SELECT pre_cod_asig1,pre_cod_asig2,pre_cod_asig3,pre_cod_asig4,pre_cod_asig5,pre_cod_asig6,pre_cod_asig7 FROM tblaca009 WHERE pensum='5' AND c_uni_ca='2' AND c_asigna='300317' [1][0] OK
C:[19/11/2012 08:58:13.75][172.16.8.247][1232] SELECT c_asigna FROM dace004 WHERE exp_e='08-20224276' AND c_asigna='300207' AND status IN ('0','3','B') [1][0] OK
C:[19/11/2012 08:58:13.75][172.16.8.247][1232] SELECT c_asigna FROM dace004 WHERE exp_e='08-20224276' AND c_asigna='300209' AND status IN ('0','3','B') [1][0] OK
C:[19/11/2012 08:58:13.75][172.16.8.247][1219] SELECT pre_cod_asig1,pre_cod_asig2,pre_cod_asig3,pre_cod_asig4,pre_cod_asig5,pre_cod_asig6,pre_cod_asig7 FROM tblaca009 WHERE pensum='5' AND c_uni_ca='2' AND c_asigna='320311' [1][0] OK
C:[19/11/2012 08:58:13.75][172.16.8.247][1232] SELECT c_asigna FROM dace004 WHERE exp_e='08-20224276' AND c_asigna='300013' AND status IN ('0','3','B') [1][0] OK
C:[19/11/2012 08:58:13.75][172.16.8.247][1232] SELECT c_asigna FROM dace004 WHERE exp_e='08-20224276' AND c_asigna='300113' AND status IN ('0','3','B') [1][0] OK
C:[19/11/2012 08:58:13.75][172.16.8.247][1263] SELECT par_cod_asig1,par_cod_asig2,par_cod_asig3 FROM tblaca009 WHERE pensum='5' AND c_uni_ca='2' AND c_asigna='300218' [1][0] OK
C:[19/11/2012 08:58:13.75][172.16.8.247][1277] SELECT c_asigna FROM dace004 WHERE exp_e='08-20224276' AND c_asigna='300228' AND status IN ('0','3','B','C') [1][0] OK
C:[19/11/2012 08:58:13.75][172.16.8.247][1263] SELECT par_cod_asig1,par_cod_asig2,par_cod_asig3 FROM tblaca009 WHERE pensum='5' AND c_uni_ca='2' AND c_asigna='300105' [1][0] OK
C:[19/11/2012 08:58:13.75][172.16.8.247][1263] SELECT par_cod_asig1,par_cod_asig2,par_cod_asig3 FROM tblaca009 WHERE pensum='5' AND c_uni_ca='2' AND c_asigna='300317' [1][0] OK
C:[19/11/2012 08:58:13.75][172.16.8.247][1263] SELECT par_cod_asig1,par_cod_asig2,par_cod_asig3 FROM tblaca009 WHERE pensum='5' AND c_uni_ca='2' AND c_asigna='320311' [1][0] OK
C:[19/11/2012 09:12:34.79][172.16.8.125][1219] SELECT pre_cod_asig1,pre_cod_asig2,pre_cod_asig3,pre_cod_asig4,pre_cod_asig5,pre_cod_asig6,pre_cod_asig7 FROM tblaca009 WHERE pensum='5' AND c_uni_ca='3' AND c_asigna='310548' [1][0] OK
C:[19/11/2012 09:12:34.79][172.16.8.125][1232] SELECT c_asigna FROM dace004 WHERE exp_e='10-24035763' AND c_asigna='300428' AND status IN ('0','3','B') [1][0] OK
C:[19/11/2012 09:12:34.79][172.16.8.125][1232] SELECT c_asigna FROM dace004 WHERE exp_e='10-24035763' AND c_asigna='300313' AND status IN ('0','3','B') [1][0] OK
C:[19/11/2012 09:12:34.79][172.16.8.125][1232] SELECT c_asigna FROM dace004 WHERE exp_e='10-24035763' AND c_asigna='300222' AND status IN ('0','3','B') [1][0] OK
C:[19/11/2012 09:12:34.79][172.16.8.125][1232] SELECT c_asigna FROM dace004 WHERE exp_e='10-24035763' AND c_asigna='300226' AND status IN ('0','3','B') [1][0] OK
C:[19/11/2012 09:12:34.79][172.16.8.125][1232] SELECT c_asigna FROM dace004 WHERE exp_e='10-24035763' AND c_asigna='300209' AND status IN ('0','3','B') [1][0] OK
C:[19/11/2012 09:12:34.79][172.16.8.125][1219] SELECT pre_cod_asig1,pre_cod_asig2,pre_cod_asig3,pre_cod_asig4,pre_cod_asig5,pre_cod_asig6,pre_cod_asig7 FROM tblaca009 WHERE pensum='5' AND c_uni_ca='3' AND c_asigna='311430' [1][0] OK
C:[19/11/2012 09:12:34.79][172.16.8.125][1232] SELECT c_asigna FROM dace004 WHERE exp_e='10-24035763' AND c_asigna='300317' AND status IN ('0','3','B') [1][0] OK
C:[19/11/2012 09:12:34.79][172.16.8.125][1232] SELECT c_asigna FROM dace004 WHERE exp_e='10-24035763' AND c_asigna='300318' AND status IN ('0','3','B') [1][0] OK
C:[19/11/2012 09:12:34.79][172.16.8.125][1232] SELECT c_asigna FROM dace004 WHERE exp_e='10-24035763' AND c_asigna='300313' AND status IN ('0','3','B') [1][0] OK
C:[19/11/2012 09:12:34.79][172.16.8.125][1232] SELECT c_asigna FROM dace004 WHERE exp_e='10-24035763' AND c_asigna='300222' AND status IN ('0','3','B') [1][0] OK
C:[19/11/2012 09:12:34.79][172.16.8.125][1232] SELECT c_asigna FROM dace004 WHERE exp_e='10-24035763' AND c_asigna='300226' AND status IN ('0','3','B') [1][0] OK
C:[19/11/2012 09:12:34.79][172.16.8.125][1232] SELECT c_asigna FROM dace004 WHERE exp_e='10-24035763' AND c_asigna='300209' AND status IN ('0','3','B') [1][0] OK
C:[19/11/2012 09:12:34.79][172.16.8.125][1219] SELECT pre_cod_asig1,pre_cod_asig2,pre_cod_asig3,pre_cod_asig4,pre_cod_asig5,pre_cod_asig6,pre_cod_asig7 FROM tblaca009 WHERE pensum='5' AND c_uni_ca='3' AND c_asigna='311431' [1][0] OK
C:[19/11/2012 09:12:34.79][172.16.8.125][1232] SELECT c_asigna FROM dace004 WHERE exp_e='10-24035763' AND c_asigna='311320' AND status IN ('0','3','B') [1][0] OK
C:[19/11/2012 09:12:34.79][172.16.8.125][1232] SELECT c_asigna FROM dace004 WHERE exp_e='10-24035763' AND c_asigna='300013' AND status IN ('0','3','B') [1][0] OK
C:[19/11/2012 09:12:34.79][172.16.8.125][1232] SELECT c_asigna FROM dace004 WHERE exp_e='10-24035763' AND c_asigna='300113' AND status IN ('0','3','B') [1][0] OK
C:[19/11/2012 09:12:34.79][172.16.8.125][1232] SELECT c_asigna FROM dace004 WHERE exp_e='10-24035763' AND c_asigna='300222' AND status IN ('0','3','B') [1][0] OK
C:[19/11/2012 09:12:34.79][172.16.8.125][1232] SELECT c_asigna FROM dace004 WHERE exp_e='10-24035763' AND c_asigna='300226' AND status IN ('0','3','B') [1][0] OK
C:[19/11/2012 09:12:34.79][172.16.8.125][1232] SELECT c_asigna FROM dace004 WHERE exp_e='10-24035763' AND c_asigna='300209' AND status IN ('0','3','B') [1][0] OK
C:[19/11/2012 09:12:34.79][172.16.8.125][1219] SELECT pre_cod_asig1,pre_cod_asig2,pre_cod_asig3,pre_cod_asig4,pre_cod_asig5,pre_cod_asig6,pre_cod_asig7 FROM tblaca009 WHERE pensum='5' AND c_uni_ca='3' AND c_asigna='311434' [1][0] OK
C:[19/11/2012 09:12:34.79][172.16.8.125][1232] SELECT c_asigna FROM dace004 WHERE exp_e='10-24035763' AND c_asigna='300222' AND status IN ('0','3','B') [1][0] OK
C:[19/11/2012 09:12:34.79][172.16.8.125][1232] SELECT c_asigna FROM dace004 WHERE exp_e='10-24035763' AND c_asigna='300226' AND status IN ('0','3','B') [1][0] OK
C:[19/11/2012 09:12:34.79][172.16.8.125][1232] SELECT c_asigna FROM dace004 WHERE exp_e='10-24035763' AND c_asigna='300209' AND status IN ('0','3','B') [1][0] OK
C:[19/11/2012 09:12:34.79][172.16.8.125][1219] SELECT pre_cod_asig1,pre_cod_asig2,pre_cod_asig3,pre_cod_asig4,pre_cod_asig5,pre_cod_asig6,pre_cod_asig7 FROM tblaca009 WHERE pensum='5' AND c_uni_ca='3' AND c_asigna='312444' [1][0] OK
C:[19/11/2012 09:12:34.79][172.16.8.125][1232] SELECT c_asigna FROM dace004 WHERE exp_e='10-24035763' AND c_asigna='312333' AND status IN ('0','3','B') [1][0] OK
C:[19/11/2012 09:12:34.79][172.16.8.125][1219] SELECT pre_cod_asig1,pre_cod_asig2,pre_cod_asig3,pre_cod_asig4,pre_cod_asig5,pre_cod_asig6,pre_cod_asig7 FROM tblaca009 WHERE pensum='5' AND c_uni_ca='3' AND c_asigna='314662' [1][0] OK
C:[19/11/2012 09:12:34.79][172.16.8.125][1232] SELECT c_asigna FROM dace004 WHERE exp_e='10-24035763' AND c_asigna='311552' AND status IN ('0','3','B') [1][0] OK
C:[19/11/2012 09:12:35.29][172.16.8.125][1263] SELECT par_cod_asig1,par_cod_asig2,par_cod_asig3 FROM tblaca009 WHERE pensum='5' AND c_uni_ca='3' AND c_asigna='310548' [1][0] OK
C:[19/11/2012 09:12:35.29][172.16.8.125][1263] SELECT par_cod_asig1,par_cod_asig2,par_cod_asig3 FROM tblaca009 WHERE pensum='5' AND c_uni_ca='3' AND c_asigna='311430' [1][0] OK
C:[19/11/2012 09:12:35.29][172.16.8.125][1263] SELECT par_cod_asig1,par_cod_asig2,par_cod_asig3 FROM tblaca009 WHERE pensum='5' AND c_uni_ca='3' AND c_asigna='311431' [1][0] OK
C:[19/11/2012 09:12:35.29][172.16.8.125][1277] SELECT c_asigna FROM dace004 WHERE exp_e='10-24035763' AND c_asigna='311430' AND status IN ('0','3','B','C') [0][0] OK
C:[19/11/2012 09:12:35.29][172.16.8.125][1263] SELECT par_cod_asig1,par_cod_asig2,par_cod_asig3 FROM tblaca009 WHERE pensum='5' AND c_uni_ca='3' AND c_asigna='311434' [1][0] OK
C:[19/11/2012 09:12:35.29][172.16.8.125][1277] SELECT c_asigna FROM dace004 WHERE exp_e='10-24035763' AND c_asigna='311431' AND status IN ('0','3','B','C') [0][0] OK
C:[19/11/2012 09:12:35.29][172.16.8.125][1263] SELECT par_cod_asig1,par_cod_asig2,par_cod_asig3 FROM tblaca009 WHERE pensum='5' AND c_uni_ca='3' AND c_asigna='312444' [1][0] OK
C:[19/11/2012 09:12:35.29][172.16.8.125][1263] SELECT par_cod_asig1,par_cod_asig2,par_cod_asig3 FROM tblaca009 WHERE pensum='5' AND c_uni_ca='3' AND c_asigna='314662' [1][0] OK
C:[19/11/2012 09:12:35.29][172.16.8.125][1334] SELECT c_asigna FROM tblaca009 WHERE pensum='5' AND c_uni_ca='3' AND ((par_cod_asig1='300422') OR (par_cod_asig2='300422') OR (par_cod_asig3='300422'))  [0][0] OK
C:[19/11/2012 09:17:55.49][172.16.8.250][1219] SELECT pre_cod_asig1,pre_cod_asig2,pre_cod_asig3,pre_cod_asig4,pre_cod_asig5,pre_cod_asig6,pre_cod_asig7 FROM tblaca009 WHERE pensum='5' AND c_uni_ca='5' AND c_asigna='300314' [1][0] OK
C:[19/11/2012 09:17:55.49][172.16.8.250][1232] SELECT c_asigna FROM dace004 WHERE exp_e='10-23552713' AND c_asigna='300106' AND status IN ('0','3','B') [1][0] OK
C:[19/11/2012 09:17:55.49][172.16.8.250][1219] SELECT pre_cod_asig1,pre_cod_asig2,pre_cod_asig3,pre_cod_asig4,pre_cod_asig5,pre_cod_asig6,pre_cod_asig7 FROM tblaca009 WHERE pensum='5' AND c_uni_ca='5' AND c_asigna='355571' [1][0] OK
C:[19/11/2012 09:17:55.49][172.16.8.250][1232] SELECT c_asigna FROM dace004 WHERE exp_e='10-23552713' AND c_asigna='355447' AND status IN ('0','3','B') [1][0] OK
C:[19/11/2012 09:17:55.49][172.16.8.250][1219] SELECT pre_cod_asig1,pre_cod_asig2,pre_cod_asig3,pre_cod_asig4,pre_cod_asig5,pre_cod_asig6,pre_cod_asig7 FROM tblaca009 WHERE pensum='5' AND c_uni_ca='5' AND c_asigna='355572' [1][0] OK
C:[19/11/2012 09:17:55.49][172.16.8.250][1232] SELECT c_asigna FROM dace004 WHERE exp_e='10-23552713' AND c_asigna='300428' AND status IN ('0','3','B') [1][0] OK
C:[19/11/2012 09:17:55.49][172.16.8.250][1219] SELECT pre_cod_asig1,pre_cod_asig2,pre_cod_asig3,pre_cod_asig4,pre_cod_asig5,pre_cod_asig6,pre_cod_asig7 FROM tblaca009 WHERE pensum='5' AND c_uni_ca='5' AND c_asigna='355595' [1][0] OK
C:[19/11/2012 09:17:55.49][172.16.8.250][1232] SELECT c_asigna FROM dace004 WHERE exp_e='10-23552713' AND c_asigna='351451' AND status IN ('0','3','B') [1][0] OK
C:[19/11/2012 09:17:55.49][172.16.8.250][1232] SELECT c_asigna FROM dace004 WHERE exp_e='10-23552713' AND c_asigna='355350' AND status IN ('0','3','B') [1][0] OK
C:[19/11/2012 09:17:55.49][172.16.8.250][1232] SELECT c_asigna FROM dace004 WHERE exp_e='10-23552713' AND c_asigna='300318' AND status IN ('0','3','B') [1][0] OK
C:[19/11/2012 09:17:56.77][172.16.8.250][1263] SELECT par_cod_asig1,par_cod_asig2,par_cod_asig3 FROM tblaca009 WHERE pensum='5' AND c_uni_ca='5' AND c_asigna='300314' [1][0] OK
C:[19/11/2012 09:17:56.77][172.16.8.250][1263] SELECT par_cod_asig1,par_cod_asig2,par_cod_asig3 FROM tblaca009 WHERE pensum='5' AND c_uni_ca='5' AND c_asigna='355571' [1][0] OK
C:[19/11/2012 09:17:56.77][172.16.8.250][1263] SELECT par_cod_asig1,par_cod_asig2,par_cod_asig3 FROM tblaca009 WHERE pensum='5' AND c_uni_ca='5' AND c_asigna='355572' [1][0] OK
C:[19/11/2012 09:17:56.77][172.16.8.250][1263] SELECT par_cod_asig1,par_cod_asig2,par_cod_asig3 FROM tblaca009 WHERE pensum='5' AND c_uni_ca='5' AND c_asigna='355595' [1][0] OK
C:[19/11/2012 09:17:56.29][172.16.8.250][1334] SELECT c_asigna FROM tblaca009 WHERE pensum='5' AND c_uni_ca='5' AND ((par_cod_asig1='355570') OR (par_cod_asig2='355570') OR (par_cod_asig3='355570'))  [0][0] OK
C:[19/11/2012 09:21:12.22][190.37.199.250][1219] SELECT pre_cod_asig1,pre_cod_asig2,pre_cod_asig3,pre_cod_asig4,pre_cod_asig5,pre_cod_asig6,pre_cod_asig7 FROM tblaca009 WHERE pensum='5' AND c_uni_ca='6' AND c_asigna='300218' [1][0] OK
C:[19/11/2012 09:21:12.22][190.37.199.250][1219] SELECT pre_cod_asig1,pre_cod_asig2,pre_cod_asig3,pre_cod_asig4,pre_cod_asig5,pre_cod_asig6,pre_cod_asig7 FROM tblaca009 WHERE pensum='5' AND c_uni_ca='6' AND c_asigna='300213' [1][0] OK
C:[19/11/2012 09:21:12.22][190.37.199.250][1232] SELECT c_asigna FROM dace004 WHERE exp_e='07-20223102' AND c_asigna='300101' AND status IN ('0','3','B') [1][0] OK
C:[19/11/2012 09:21:12.59][190.37.199.250][1263] SELECT par_cod_asig1,par_cod_asig2,par_cod_asig3 FROM tblaca009 WHERE pensum='5' AND c_uni_ca='6' AND c_asigna='300218' [1][0] OK
C:[19/11/2012 09:21:12.59][190.37.199.250][1277] SELECT c_asigna FROM dace004 WHERE exp_e='07-20223102' AND c_asigna='300228' AND status IN ('0','3','B','C') [1][0] OK
C:[19/11/2012 09:21:12.59][190.37.199.250][1263] SELECT par_cod_asig1,par_cod_asig2,par_cod_asig3 FROM tblaca009 WHERE pensum='5' AND c_uni_ca='6' AND c_asigna='300213' [1][0] OK
C:[19/11/2012 09:21:12.59][190.37.199.250][1277] SELECT c_asigna FROM dace004 WHERE exp_e='07-20223102' AND c_asigna='300209' AND status IN ('0','3','B','C') [1][0] OK
C:[19/11/2012 09:41:18.55][181.183.221.71][1219] SELECT pre_cod_asig1,pre_cod_asig2,pre_cod_asig3,pre_cod_asig4,pre_cod_asig5,pre_cod_asig6,pre_cod_asig7 FROM tblaca009 WHERE pensum='5' AND c_uni_ca='5' AND c_asigna='300422' [1][0] OK
C:[19/11/2012 09:41:18.55][181.183.221.71][1232] SELECT c_asigna FROM dace004 WHERE exp_e='07-18337438' AND c_asigna='300105' AND status IN ('0','3','B') [1][0] OK
C:[19/11/2012 09:41:18.55][181.183.221.71][1232] SELECT c_asigna FROM dace004 WHERE exp_e='07-18337438' AND c_asigna='300314' AND status IN ('0','3','B') [1][0] OK
C:[19/11/2012 09:41:18.93][181.183.221.71][1263] SELECT par_cod_asig1,par_cod_asig2,par_cod_asig3 FROM tblaca009 WHERE pensum='5' AND c_uni_ca='5' AND c_asigna='300422' [1][0] OK
C:[19/11/2012 09:41:18.05][181.183.221.71][1334] SELECT c_asigna FROM tblaca009 WHERE pensum='5' AND c_uni_ca='5' AND ((par_cod_asig1='355570') OR (par_cod_asig2='355570') OR (par_cod_asig3='355570'))  [0][0] OK
C:[19/11/2012 09:41:18.05][181.183.221.71][1334] SELECT c_asigna FROM tblaca009 WHERE pensum='5' AND c_uni_ca='5' AND ((par_cod_asig1='355691') OR (par_cod_asig2='355691') OR (par_cod_asig3='355691'))  [0][0] OK
C:[19/11/2012 09:45:19.51][181.183.221.71][1219] SELECT pre_cod_asig1,pre_cod_asig2,pre_cod_asig3,pre_cod_asig4,pre_cod_asig5,pre_cod_asig6,pre_cod_asig7 FROM tblaca009 WHERE pensum='5' AND c_uni_ca='5' AND c_asigna='355570' [1][0] OK
C:[19/11/2012 09:45:19.51][181.183.221.71][1232] SELECT c_asigna FROM dace004 WHERE exp_e='07-18337438' AND c_asigna='355447' AND status IN ('0','3','B') [1][0] OK
C:[19/11/2012 09:45:19.76][181.183.221.71][1263] SELECT par_cod_asig1,par_cod_asig2,par_cod_asig3 FROM tblaca009 WHERE pensum='5' AND c_uni_ca='5' AND c_asigna='355570' [1][0] OK
C:[19/11/2012 09:45:19.89][181.183.221.71][1334] SELECT c_asigna FROM tblaca009 WHERE pensum='5' AND c_uni_ca='5' AND ((par_cod_asig1='300422') OR (par_cod_asig2='300422') OR (par_cod_asig3='300422'))  [0][0] OK
C:[19/11/2012 10:30:27.12][172.16.8.125][1219] SELECT pre_cod_asig1,pre_cod_asig2,pre_cod_asig3,pre_cod_asig4,pre_cod_asig5,pre_cod_asig6,pre_cod_asig7 FROM tblaca009 WHERE pensum='5' AND c_uni_ca='5' AND c_asigna='351451' [1][0] OK
C:[19/11/2012 10:30:27.12][172.16.8.125][1232] SELECT c_asigna FROM dace004 WHERE exp_e='08-20374432' AND c_asigna='351330' AND status IN ('0','3','B') [1][0] OK
C:[19/11/2012 10:30:27.12][172.16.8.125][1232] SELECT c_asigna FROM dace004 WHERE exp_e='08-20374432' AND c_asigna='355350' AND status IN ('0','3','B') [1][0] OK
C:[19/11/2012 10:30:27.12][172.16.8.125][1232] SELECT c_asigna FROM dace004 WHERE exp_e='08-20374432' AND c_asigna='300318' AND status IN ('0','3','B') [1][0] OK
C:[19/11/2012 10:30:27.12][172.16.8.125][1232] SELECT c_asigna FROM dace004 WHERE exp_e='08-20374432' AND c_asigna='300209' AND status IN ('0','3','B') [1][0] OK
C:[19/11/2012 10:30:27.12][172.16.8.125][1232] SELECT c_asigna FROM dace004 WHERE exp_e='08-20374432' AND c_asigna='300222' AND status IN ('0','3','B') [1][0] OK
C:[19/11/2012 10:30:27.12][172.16.8.125][1219] SELECT pre_cod_asig1,pre_cod_asig2,pre_cod_asig3,pre_cod_asig4,pre_cod_asig5,pre_cod_asig6,pre_cod_asig7 FROM tblaca009 WHERE pensum='5' AND c_uni_ca='5' AND c_asigna='355572' [1][0] OK
C:[19/11/2012 10:30:27.12][172.16.8.125][1232] SELECT c_asigna FROM dace004 WHERE exp_e='08-20374432' AND c_asigna='300428' AND status IN ('0','3','B') [1][0] OK
C:[19/11/2012 10:30:27.12][172.16.8.125][1219] SELECT pre_cod_asig1,pre_cod_asig2,pre_cod_asig3,pre_cod_asig4,pre_cod_asig5,pre_cod_asig6,pre_cod_asig7 FROM tblaca009 WHERE pensum='5' AND c_uni_ca='5' AND c_asigna='355573' [1][0] OK
C:[19/11/2012 10:30:27.12][172.16.8.125][1232] SELECT c_asigna FROM dace004 WHERE exp_e='08-20374432' AND c_asigna='355448' AND status IN ('0','3','B') [1][0] OK
C:[19/11/2012 10:30:27.12][172.16.8.125][1219] SELECT pre_cod_asig1,pre_cod_asig2,pre_cod_asig3,pre_cod_asig4,pre_cod_asig5,pre_cod_asig6,pre_cod_asig7 FROM tblaca009 WHERE pensum='5' AND c_uni_ca='5' AND c_asigna='355691' [1][0] OK
C:[19/11/2012 10:30:27.12][172.16.8.125][1232] SELECT c_asigna FROM dace004 WHERE exp_e='08-20374432' AND c_asigna='355571' AND status IN ('0','3','B') [1][0] OK
C:[19/11/2012 10:30:27.62][172.16.8.125][1263] SELECT par_cod_asig1,par_cod_asig2,par_cod_asig3 FROM tblaca009 WHERE pensum='5' AND c_uni_ca='5' AND c_asigna='351451' [1][0] OK
C:[19/11/2012 10:30:27.62][172.16.8.125][1263] SELECT par_cod_asig1,par_cod_asig2,par_cod_asig3 FROM tblaca009 WHERE pensum='5' AND c_uni_ca='5' AND c_asigna='355572' [1][0] OK
C:[19/11/2012 10:30:27.62][172.16.8.125][1263] SELECT par_cod_asig1,par_cod_asig2,par_cod_asig3 FROM tblaca009 WHERE pensum='5' AND c_uni_ca='5' AND c_asigna='355573' [1][0] OK
C:[19/11/2012 10:30:27.62][172.16.8.125][1263] SELECT par_cod_asig1,par_cod_asig2,par_cod_asig3 FROM tblaca009 WHERE pensum='5' AND c_uni_ca='5' AND c_asigna='355691' [1][0] OK
C:[19/11/2012 10:30:28.12][172.16.8.125][1334] SELECT c_asigna FROM tblaca009 WHERE pensum='5' AND c_uni_ca='5' AND ((par_cod_asig1='355570') OR (par_cod_asig2='355570') OR (par_cod_asig3='355570'))  [0][0] OK
C:[19/11/2012 10:40:00.40][172.16.8.125][1219] SELECT pre_cod_asig1,pre_cod_asig2,pre_cod_asig3,pre_cod_asig4,pre_cod_asig5,pre_cod_asig6,pre_cod_asig7 FROM tblaca009 WHERE pensum='5' AND c_uni_ca='5' AND c_asigna='355691' [1][0] OK
C:[19/11/2012 10:40:00.40][172.16.8.125][1232] SELECT c_asigna FROM dace004 WHERE exp_e='07-19303263' AND c_asigna='355571' AND status IN ('0','3','B') [1][0] OK
C:[19/11/2012 10:40:00.40][172.16.8.125][1219] SELECT pre_cod_asig1,pre_cod_asig2,pre_cod_asig3,pre_cod_asig4,pre_cod_asig5,pre_cod_asig6,pre_cod_asig7 FROM tblaca009 WHERE pensum='5' AND c_uni_ca='5' AND c_asigna='355693' [1][0] OK
C:[19/11/2012 10:40:00.40][172.16.8.125][1232] SELECT c_asigna FROM dace004 WHERE exp_e='07-19303263' AND c_asigna='355572' AND status IN ('0','3','B') [1][0] OK
C:[19/11/2012 10:40:00.40][172.16.8.125][1232] SELECT c_asigna FROM dace004 WHERE exp_e='07-19303263' AND c_asigna='352440' AND status IN ('0','3','B') [1][0] OK
C:[19/11/2012 10:40:00.40][172.16.8.125][1232] SELECT c_asigna FROM dace004 WHERE exp_e='07-19303263' AND c_asigna='355573' AND status IN ('0','3','B') [1][0] OK
C:[19/11/2012 10:40:00.40][172.16.8.125][1232] SELECT c_asigna FROM dace004 WHERE exp_e='07-19303263' AND c_asigna='300226' AND status IN ('0','3','B') [1][0] OK
C:[19/11/2012 10:40:00.40][172.16.8.125][1232] SELECT c_asigna FROM dace004 WHERE exp_e='07-19303263' AND c_asigna='300222' AND status IN ('0','3','B') [1][0] OK
C:[19/11/2012 10:40:00.40][172.16.8.125][1232] SELECT c_asigna FROM dace004 WHERE exp_e='07-19303263' AND c_asigna='300013' AND status IN ('0','3','B') [1][0] OK
C:[19/11/2012 10:40:00.40][172.16.8.125][1232] SELECT c_asigna FROM dace004 WHERE exp_e='07-19303263' AND c_asigna='300113' AND status IN ('0','3','B') [1][0] OK
C:[19/11/2012 10:40:00.40][172.16.8.125][1219] SELECT pre_cod_asig1,pre_cod_asig2,pre_cod_asig3,pre_cod_asig4,pre_cod_asig5,pre_cod_asig6,pre_cod_asig7 FROM tblaca009 WHERE pensum='5' AND c_uni_ca='5' AND c_asigna='355694' [1][0] OK
C:[19/11/2012 10:40:00.40][172.16.8.125][1232] SELECT c_asigna FROM dace004 WHERE exp_e='07-19303263' AND c_asigna='355572' AND status IN ('0','3','B') [1][0] OK
C:[19/11/2012 10:40:00.40][172.16.8.125][1232] SELECT c_asigna FROM dace004 WHERE exp_e='07-19303263' AND c_asigna='355571' AND status IN ('0','3','B') [1][0] OK
C:[19/11/2012 10:40:00.02][172.16.8.125][1263] SELECT par_cod_asig1,par_cod_asig2,par_cod_asig3 FROM tblaca009 WHERE pensum='5' AND c_uni_ca='5' AND c_asigna='355691' [1][0] OK
C:[19/11/2012 10:40:00.02][172.16.8.125][1263] SELECT par_cod_asig1,par_cod_asig2,par_cod_asig3 FROM tblaca009 WHERE pensum='5' AND c_uni_ca='5' AND c_asigna='355693' [1][0] OK
C:[19/11/2012 10:40:00.02][172.16.8.125][1263] SELECT par_cod_asig1,par_cod_asig2,par_cod_asig3 FROM tblaca009 WHERE pensum='5' AND c_uni_ca='5' AND c_asigna='355694' [1][0] OK
C:[19/11/2012 10:40:00.40][172.16.8.125][1334] SELECT c_asigna FROM tblaca009 WHERE pensum='5' AND c_uni_ca='5' AND ((par_cod_asig1='355570') OR (par_cod_asig2='355570') OR (par_cod_asig3='355570'))  [0][0] OK
C:[19/11/2012 11:02:51.08][190.121.238.173][1219] SELECT pre_cod_asig1,pre_cod_asig2,pre_cod_asig3,pre_cod_asig4,pre_cod_asig5,pre_cod_asig6,pre_cod_asig7 FROM tblaca009 WHERE pensum='5' AND c_uni_ca='6' AND c_asigna='300317' [1][0] OK
C:[19/11/2012 11:02:51.08][190.121.238.173][1232] SELECT c_asigna FROM dace004 WHERE exp_e='10-21234263' AND c_asigna='300207' AND status IN ('0','3','B') [1][0] OK
C:[19/11/2012 11:02:51.08][190.121.238.173][1232] SELECT c_asigna FROM dace004 WHERE exp_e='10-21234263' AND c_asigna='300209' AND status IN ('0','3','B') [1][0] OK
C:[19/11/2012 11:02:51.08][190.121.238.173][1219] SELECT pre_cod_asig1,pre_cod_asig2,pre_cod_asig3,pre_cod_asig4,pre_cod_asig5,pre_cod_asig6,pre_cod_asig7 FROM tblaca009 WHERE pensum='5' AND c_uni_ca='6' AND c_asigna='300314' [1][0] OK
C:[19/11/2012 11:02:51.08][190.121.238.173][1232] SELECT c_asigna FROM dace004 WHERE exp_e='10-21234263' AND c_asigna='300106' AND status IN ('0','3','B') [1][0] OK
C:[19/11/2012 11:02:51.08][190.121.238.173][1219] SELECT pre_cod_asig1,pre_cod_asig2,pre_cod_asig3,pre_cod_asig4,pre_cod_asig5,pre_cod_asig6,pre_cod_asig7 FROM tblaca009 WHERE pensum='5' AND c_uni_ca='6' AND c_asigna='300318' [1][0] OK
C:[19/11/2012 11:02:51.08][190.121.238.173][1232] SELECT c_asigna FROM dace004 WHERE exp_e='10-21234263' AND c_asigna='300228' AND status IN ('0','3','B') [1][0] OK
C:[19/11/2012 11:02:51.08][190.121.238.173][1232] SELECT c_asigna FROM dace004 WHERE exp_e='10-21234263' AND c_asigna='300207' AND status IN ('0','3','B') [1][0] OK
C:[19/11/2012 11:02:51.08][190.121.238.173][1232] SELECT c_asigna FROM dace004 WHERE exp_e='10-21234263' AND c_asigna='300218' AND status IN ('0','3','B') [1][0] OK
C:[19/11/2012 11:02:51.08][190.121.238.173][1219] SELECT pre_cod_asig1,pre_cod_asig2,pre_cod_asig3,pre_cod_asig4,pre_cod_asig5,pre_cod_asig6,pre_cod_asig7 FROM tblaca009 WHERE pensum='5' AND c_uni_ca='6' AND c_asigna='340323' [1][0] OK
C:[19/11/2012 11:02:51.08][190.121.238.173][1232] SELECT c_asigna FROM dace004 WHERE exp_e='10-21234263' AND c_asigna='300228' AND status IN ('0','3','B') [1][0] OK
C:[19/11/2012 11:02:51.08][190.121.238.173][1232] SELECT c_asigna FROM dace004 WHERE exp_e='10-21234263' AND c_asigna='300207' AND status IN ('0','3','B') [1][0] OK
C:[19/11/2012 11:02:51.57][190.121.238.173][1263] SELECT par_cod_asig1,par_cod_asig2,par_cod_asig3 FROM tblaca009 WHERE pensum='5' AND c_uni_ca='6' AND c_asigna='300317' [1][0] OK
C:[19/11/2012 11:02:51.57][190.121.238.173][1263] SELECT par_cod_asig1,par_cod_asig2,par_cod_asig3 FROM tblaca009 WHERE pensum='5' AND c_uni_ca='6' AND c_asigna='300314' [1][0] OK
C:[19/11/2012 11:02:51.57][190.121.238.173][1263] SELECT par_cod_asig1,par_cod_asig2,par_cod_asig3 FROM tblaca009 WHERE pensum='5' AND c_uni_ca='6' AND c_asigna='300318' [1][0] OK
C:[19/11/2012 11:02:51.57][190.121.238.173][1263] SELECT par_cod_asig1,par_cod_asig2,par_cod_asig3 FROM tblaca009 WHERE pensum='5' AND c_uni_ca='6' AND c_asigna='340323' [1][0] OK
C:[19/11/2012 14:28:30.17][172.16.8.125][1219] SELECT pre_cod_asig1,pre_cod_asig2,pre_cod_asig3,pre_cod_asig4,pre_cod_asig5,pre_cod_asig6,pre_cod_asig7 FROM tblaca009 WHERE pensum='5' AND c_uni_ca='5' AND c_asigna='351451' [1][0] OK
C:[19/11/2012 14:28:30.17][172.16.8.125][1232] SELECT c_asigna FROM dace004 WHERE exp_e='09-20035852' AND c_asigna='351330' AND status IN ('0','3','B') [1][0] OK
C:[19/11/2012 14:28:30.17][172.16.8.125][1232] SELECT c_asigna FROM dace004 WHERE exp_e='09-20035852' AND c_asigna='355350' AND status IN ('0','3','B') [1][0] OK
C:[19/11/2012 14:28:30.17][172.16.8.125][1232] SELECT c_asigna FROM dace004 WHERE exp_e='09-20035852' AND c_asigna='300318' AND status IN ('0','3','B') [1][0] OK
C:[19/11/2012 14:28:30.17][172.16.8.125][1232] SELECT c_asigna FROM dace004 WHERE exp_e='09-20035852' AND c_asigna='300209' AND status IN ('0','3','B') [1][0] OK
C:[19/11/2012 14:28:30.17][172.16.8.125][1232] SELECT c_asigna FROM dace004 WHERE exp_e='09-20035852' AND c_asigna='300222' AND status IN ('0','3','B') [1][0] OK
C:[19/11/2012 14:28:30.17][172.16.8.125][1219] SELECT pre_cod_asig1,pre_cod_asig2,pre_cod_asig3,pre_cod_asig4,pre_cod_asig5,pre_cod_asig6,pre_cod_asig7 FROM tblaca009 WHERE pensum='5' AND c_uni_ca='5' AND c_asigna='352440' [1][0] OK
C:[19/11/2012 14:28:30.17][172.16.8.125][1232] SELECT c_asigna FROM dace004 WHERE exp_e='09-20035852' AND c_asigna='300317' AND status IN ('0','3','B') [1][0] OK
C:[19/11/2012 14:28:30.17][172.16.8.125][1232] SELECT c_asigna FROM dace004 WHERE exp_e='09-20035852' AND c_asigna='300013' AND status IN ('0','3','B') [1][0] OK
C:[19/11/2012 14:28:30.17][172.16.8.125][1232] SELECT c_asigna FROM dace004 WHERE exp_e='09-20035852' AND c_asigna='300113' AND status IN ('0','3','B') [1][0] OK
C:[19/11/2012 14:28:30.17][172.16.8.125][1219] SELECT pre_cod_asig1,pre_cod_asig2,pre_cod_asig3,pre_cod_asig4,pre_cod_asig5,pre_cod_asig6,pre_cod_asig7 FROM tblaca009 WHERE pensum='5' AND c_uni_ca='5' AND c_asigna='355448' [1][0] OK
C:[19/11/2012 14:28:30.17][172.16.8.125][1232] SELECT c_asigna FROM dace004 WHERE exp_e='09-20035852' AND c_asigna='300313' AND status IN ('0','3','B') [1][0] OK
C:[19/11/2012 14:28:30.17][172.16.8.125][1232] SELECT c_asigna FROM dace004 WHERE exp_e='09-20035852' AND c_asigna='300209' AND status IN ('0','3','B') [1][0] OK
C:[19/11/2012 14:28:30.17][172.16.8.125][1232] SELECT c_asigna FROM dace004 WHERE exp_e='09-20035852' AND c_asigna='300226' AND status IN ('0','3','B') [1][0] OK
C:[19/11/2012 14:28:30.17][172.16.8.125][1232] SELECT c_asigna FROM dace004 WHERE exp_e='09-20035852' AND c_asigna='300222' AND status IN ('0','3','B') [1][0] OK
C:[19/11/2012 14:28:31.05][172.16.8.125][1263] SELECT par_cod_asig1,par_cod_asig2,par_cod_asig3 FROM tblaca009 WHERE pensum='5' AND c_uni_ca='5' AND c_asigna='351451' [1][0] OK
C:[19/11/2012 14:28:31.05][172.16.8.125][1263] SELECT par_cod_asig1,par_cod_asig2,par_cod_asig3 FROM tblaca009 WHERE pensum='5' AND c_uni_ca='5' AND c_asigna='352440' [1][0] OK
C:[19/11/2012 14:28:31.05][172.16.8.125][1263] SELECT par_cod_asig1,par_cod_asig2,par_cod_asig3 FROM tblaca009 WHERE pensum='5' AND c_uni_ca='5' AND c_asigna='355448' [1][0] OK
C:[19/11/2012 14:28:31.43][172.16.8.125][1334] SELECT c_asigna FROM tblaca009 WHERE pensum='5' AND c_uni_ca='5' AND ((par_cod_asig1='355447') OR (par_cod_asig2='355447') OR (par_cod_asig3='355447'))  [0][0] OK
C:[19/11/2012 14:43:48.27][172.16.8.125][1219] SELECT pre_cod_asig1,pre_cod_asig2,pre_cod_asig3,pre_cod_asig4,pre_cod_asig5,pre_cod_asig6,pre_cod_asig7 FROM tblaca009 WHERE pensum='5' AND c_uni_ca='5' AND c_asigna='351451' [1][0] OK
C:[19/11/2012 14:43:48.27][172.16.8.125][1232] SELECT c_asigna FROM dace004 WHERE exp_e='09-19159238' AND c_asigna='351330' AND status IN ('0','3','B') [1][0] OK
C:[19/11/2012 14:43:48.27][172.16.8.125][1232] SELECT c_asigna FROM dace004 WHERE exp_e='09-19159238' AND c_asigna='355350' AND status IN ('0','3','B') [1][0] OK
C:[19/11/2012 14:43:48.27][172.16.8.125][1232] SELECT c_asigna FROM dace004 WHERE exp_e='09-19159238' AND c_asigna='300318' AND status IN ('0','3','B') [1][0] OK
C:[19/11/2012 14:43:48.27][172.16.8.125][1232] SELECT c_asigna FROM dace004 WHERE exp_e='09-19159238' AND c_asigna='300209' AND status IN ('0','3','B') [1][0] OK
C:[19/11/2012 14:43:48.27][172.16.8.125][1232] SELECT c_asigna FROM dace004 WHERE exp_e='09-19159238' AND c_asigna='300222' AND status IN ('0','3','B') [1][0] OK
C:[19/11/2012 14:43:48.27][172.16.8.125][1219] SELECT pre_cod_asig1,pre_cod_asig2,pre_cod_asig3,pre_cod_asig4,pre_cod_asig5,pre_cod_asig6,pre_cod_asig7 FROM tblaca009 WHERE pensum='5' AND c_uni_ca='5' AND c_asigna='352440' [1][0] OK
C:[19/11/2012 14:43:48.27][172.16.8.125][1232] SELECT c_asigna FROM dace004 WHERE exp_e='09-19159238' AND c_asigna='300317' AND status IN ('0','3','B') [1][0] OK
C:[19/11/2012 14:43:48.27][172.16.8.125][1232] SELECT c_asigna FROM dace004 WHERE exp_e='09-19159238' AND c_asigna='300013' AND status IN ('0','3','B') [1][0] OK
C:[19/11/2012 14:43:48.27][172.16.8.125][1232] SELECT c_asigna FROM dace004 WHERE exp_e='09-19159238' AND c_asigna='300113' AND status IN ('0','3','B') [1][0] OK
C:[19/11/2012 14:43:48.27][172.16.8.125][1219] SELECT pre_cod_asig1,pre_cod_asig2,pre_cod_asig3,pre_cod_asig4,pre_cod_asig5,pre_cod_asig6,pre_cod_asig7 FROM tblaca009 WHERE pensum='5' AND c_uni_ca='5' AND c_asigna='355447' [1][0] OK
C:[19/11/2012 14:43:48.27][172.16.8.125][1232] SELECT c_asigna FROM dace004 WHERE exp_e='09-19159238' AND c_asigna='351330' AND status IN ('0','3','B') [1][0] OK
C:[19/11/2012 14:43:48.27][172.16.8.125][1219] SELECT pre_cod_asig1,pre_cod_asig2,pre_cod_asig3,pre_cod_asig4,pre_cod_asig5,pre_cod_asig6,pre_cod_asig7 FROM tblaca009 WHERE pensum='5' AND c_uni_ca='5' AND c_asigna='355448' [1][0] OK
C:[19/11/2012 14:43:48.27][172.16.8.125][1232] SELECT c_asigna FROM dace004 WHERE exp_e='09-19159238' AND c_asigna='300313' AND status IN ('0','3','B') [1][0] OK
C:[19/11/2012 14:43:48.27][172.16.8.125][1232] SELECT c_asigna FROM dace004 WHERE exp_e='09-19159238' AND c_asigna='300209' AND status IN ('0','3','B') [1][0] OK
C:[19/11/2012 14:43:48.27][172.16.8.125][1232] SELECT c_asigna FROM dace004 WHERE exp_e='09-19159238' AND c_asigna='300226' AND status IN ('0','3','B') [1][0] OK
C:[19/11/2012 14:43:48.27][172.16.8.125][1232] SELECT c_asigna FROM dace004 WHERE exp_e='09-19159238' AND c_asigna='300222' AND status IN ('0','3','B') [1][0] OK
C:[19/11/2012 14:43:49.96][172.16.8.125][1263] SELECT par_cod_asig1,par_cod_asig2,par_cod_asig3 FROM tblaca009 WHERE pensum='5' AND c_uni_ca='5' AND c_asigna='351451' [1][0] OK
C:[19/11/2012 14:43:49.96][172.16.8.125][1263] SELECT par_cod_asig1,par_cod_asig2,par_cod_asig3 FROM tblaca009 WHERE pensum='5' AND c_uni_ca='5' AND c_asigna='352440' [1][0] OK
C:[19/11/2012 14:43:49.96][172.16.8.125][1263] SELECT par_cod_asig1,par_cod_asig2,par_cod_asig3 FROM tblaca009 WHERE pensum='5' AND c_uni_ca='5' AND c_asigna='355447' [1][0] OK
C:[19/11/2012 14:43:49.96][172.16.8.125][1263] SELECT par_cod_asig1,par_cod_asig2,par_cod_asig3 FROM tblaca009 WHERE pensum='5' AND c_uni_ca='5' AND c_asigna='355448' [1][0] OK
C:[19/11/2012 14:43:49.47][172.16.8.125][1334] SELECT c_asigna FROM tblaca009 WHERE pensum='5' AND c_uni_ca='5' AND ((par_cod_asig1='300422') OR (par_cod_asig2='300422') OR (par_cod_asig3='300422'))  [0][0] OK
C:[19/11/2012 14:49:54.52][172.16.8.125][1219] SELECT pre_cod_asig1,pre_cod_asig2,pre_cod_asig3,pre_cod_asig4,pre_cod_asig5,pre_cod_asig6,pre_cod_asig7 FROM tblaca009 WHERE pensum='5' AND c_uni_ca='5' AND c_asigna='300226' [1][0] OK
C:[19/11/2012 14:49:54.52][172.16.8.125][1232] SELECT c_asigna FROM dace004 WHERE exp_e='09-20556571' AND c_asigna='300116' AND status IN ('0','3','B') [1][0] OK
C:[19/11/2012 14:49:54.52][172.16.8.125][1219] SELECT pre_cod_asig1,pre_cod_asig2,pre_cod_asig3,pre_cod_asig4,pre_cod_asig5,pre_cod_asig6,pre_cod_asig7 FROM tblaca009 WHERE pensum='5' AND c_uni_ca='5' AND c_asigna='300676' [1][0] OK
C:[19/11/2012 14:49:54.52][172.16.8.125][1219] SELECT pre_cod_asig1,pre_cod_asig2,pre_cod_asig3,pre_cod_asig4,pre_cod_asig5,pre_cod_asig6,pre_cod_asig7 FROM tblaca009 WHERE pensum='5' AND c_uni_ca='5' AND c_asigna='355570' [1][0] OK
C:[19/11/2012 14:49:54.52][172.16.8.125][1232] SELECT c_asigna FROM dace004 WHERE exp_e='09-20556571' AND c_asigna='355447' AND status IN ('0','3','B') [1][0] OK
C:[19/11/2012 14:49:54.52][172.16.8.125][1219] SELECT pre_cod_asig1,pre_cod_asig2,pre_cod_asig3,pre_cod_asig4,pre_cod_asig5,pre_cod_asig6,pre_cod_asig7 FROM tblaca009 WHERE pensum='5' AND c_uni_ca='5' AND c_asigna='355694' [1][0] OK
C:[19/11/2012 14:49:54.52][172.16.8.125][1232] SELECT c_asigna FROM dace004 WHERE exp_e='09-20556571' AND c_asigna='355572' AND status IN ('0','3','B') [1][0] OK
C:[19/11/2012 14:49:54.52][172.16.8.125][1232] SELECT c_asigna FROM dace004 WHERE exp_e='09-20556571' AND c_asigna='355571' AND status IN ('0','3','B') [1][0] OK
C:[19/11/2012 14:49:54.52][172.16.8.125][1263] SELECT par_cod_asig1,par_cod_asig2,par_cod_asig3 FROM tblaca009 WHERE pensum='5' AND c_uni_ca='5' AND c_asigna='300226' [1][0] OK
C:[19/11/2012 14:49:54.52][172.16.8.125][1263] SELECT par_cod_asig1,par_cod_asig2,par_cod_asig3 FROM tblaca009 WHERE pensum='5' AND c_uni_ca='5' AND c_asigna='300676' [1][0] OK
C:[19/11/2012 14:49:54.52][172.16.8.125][1263] SELECT par_cod_asig1,par_cod_asig2,par_cod_asig3 FROM tblaca009 WHERE pensum='5' AND c_uni_ca='5' AND c_asigna='355570' [1][0] OK
C:[19/11/2012 14:49:54.52][172.16.8.125][1263] SELECT par_cod_asig1,par_cod_asig2,par_cod_asig3 FROM tblaca009 WHERE pensum='5' AND c_uni_ca='5' AND c_asigna='355694' [1][0] OK
C:[19/11/2012 14:49:54.02][172.16.8.125][1334] SELECT c_asigna FROM tblaca009 WHERE pensum='5' AND c_uni_ca='5' AND ((par_cod_asig1='355691') OR (par_cod_asig2='355691') OR (par_cod_asig3='355691'))  [0][0] OK
C:[19/11/2012 15:03:34.30][172.16.8.247][1219] SELECT pre_cod_asig1,pre_cod_asig2,pre_cod_asig3,pre_cod_asig4,pre_cod_asig5,pre_cod_asig6,pre_cod_asig7 FROM tblaca009 WHERE pensum='5' AND c_uni_ca='3' AND c_asigna='311552' [1][0] OK
C:[19/11/2012 15:03:34.30][172.16.8.247][1232] SELECT c_asigna FROM dace004 WHERE exp_e='08-13521027' AND c_asigna='300317' AND status IN ('0','3','B') [1][0] OK
C:[19/11/2012 15:03:34.30][172.16.8.247][1232] SELECT c_asigna FROM dace004 WHERE exp_e='08-13521027' AND c_asigna='300209' AND status IN ('0','3','B') [1][0] OK
C:[19/11/2012 15:03:34.30][172.16.8.247][1219] SELECT pre_cod_asig1,pre_cod_asig2,pre_cod_asig3,pre_cod_asig4,pre_cod_asig5,pre_cod_asig6,pre_cod_asig7 FROM tblaca009 WHERE pensum='5' AND c_uni_ca='3' AND c_asigna='300676' [1][0] OK
C:[19/11/2012 15:03:34.30][172.16.8.247][1219] SELECT pre_cod_asig1,pre_cod_asig2,pre_cod_asig3,pre_cod_asig4,pre_cod_asig5,pre_cod_asig6,pre_cod_asig7 FROM tblaca009 WHERE pensum='5' AND c_uni_ca='3' AND c_asigna='311655' [1][0] OK
C:[19/11/2012 15:03:34.30][172.16.8.247][1232] SELECT c_asigna FROM dace004 WHERE exp_e='08-13521027' AND c_asigna='311556' AND status IN ('0','3','B') [1][0] OK
C:[19/11/2012 15:03:34.30][172.16.8.247][1219] SELECT pre_cod_asig1,pre_cod_asig2,pre_cod_asig3,pre_cod_asig4,pre_cod_asig5,pre_cod_asig6,pre_cod_asig7 FROM tblaca009 WHERE pensum='5' AND c_uni_ca='3' AND c_asigna='311799' [1][0] OK
C:[19/11/2012 15:03:34.30][172.16.8.247][1232] SELECT c_asigna FROM dace004 WHERE exp_e='08-13521027' AND c_asigna='311673' AND status IN ('0','3','B') [1][0] OK
C:[19/11/2012 15:03:34.30][172.16.8.247][1263] SELECT par_cod_asig1,par_cod_asig2,par_cod_asig3 FROM tblaca009 WHERE pensum='5' AND c_uni_ca='3' AND c_asigna='311552' [1][0] OK
C:[19/11/2012 15:03:34.30][172.16.8.247][1263] SELECT par_cod_asig1,par_cod_asig2,par_cod_asig3 FROM tblaca009 WHERE pensum='5' AND c_uni_ca='3' AND c_asigna='300676' [1][0] OK
C:[19/11/2012 15:03:34.30][172.16.8.247][1263] SELECT par_cod_asig1,par_cod_asig2,par_cod_asig3 FROM tblaca009 WHERE pensum='5' AND c_uni_ca='3' AND c_asigna='311655' [1][0] OK
C:[19/11/2012 15:03:34.30][172.16.8.247][1263] SELECT par_cod_asig1,par_cod_asig2,par_cod_asig3 FROM tblaca009 WHERE pensum='5' AND c_uni_ca='3' AND c_asigna='311799' [1][0] OK
C:[19/11/2012 15:31:24.07][172.16.8.251][1219] SELECT pre_cod_asig1,pre_cod_asig2,pre_cod_asig3,pre_cod_asig4,pre_cod_asig5,pre_cod_asig6,pre_cod_asig7 FROM tblaca009 WHERE pensum='5' AND c_uni_ca='2' AND c_asigna='300209' [1][0] OK
C:[19/11/2012 15:31:24.07][172.16.8.251][1232] SELECT c_asigna FROM dace004 WHERE exp_e='10-19803407' AND c_asigna='300101' AND status IN ('0','3','B') [1][0] OK
C:[19/11/2012 15:31:24.07][172.16.8.251][1219] SELECT pre_cod_asig1,pre_cod_asig2,pre_cod_asig3,pre_cod_asig4,pre_cod_asig5,pre_cod_asig6,pre_cod_asig7 FROM tblaca009 WHERE pensum='5' AND c_uni_ca='2' AND c_asigna='300207' [1][0] OK
C:[19/11/2012 15:31:24.07][172.16.8.251][1232] SELECT c_asigna FROM dace004 WHERE exp_e='10-19803407' AND c_asigna='300101' AND status IN ('0','3','B') [1][0] OK
C:[19/11/2012 15:31:24.58][172.16.8.251][1263] SELECT par_cod_asig1,par_cod_asig2,par_cod_asig3 FROM tblaca009 WHERE pensum='5' AND c_uni_ca='2' AND c_asigna='300209' [1][0] OK
C:[19/11/2012 15:31:24.58][172.16.8.251][1263] SELECT par_cod_asig1,par_cod_asig2,par_cod_asig3 FROM tblaca009 WHERE pensum='5' AND c_uni_ca='2' AND c_asigna='300207' [1][0] OK
C:[19/11/2012 15:37:28.94][172.16.8.251][1219] SELECT pre_cod_asig1,pre_cod_asig2,pre_cod_asig3,pre_cod_asig4,pre_cod_asig5,pre_cod_asig6,pre_cod_asig7 FROM tblaca009 WHERE pensum='5' AND c_uni_ca='3' AND c_asigna='300207' [1][0] OK
C:[19/11/2012 15:37:28.94][172.16.8.251][1232] SELECT c_asigna FROM dace004 WHERE exp_e='11-22820428' AND c_asigna='300101' AND status IN ('0','3','B') [1][0] OK
C:[19/11/2012 15:37:28.94][172.16.8.251][1219] SELECT pre_cod_asig1,pre_cod_asig2,pre_cod_asig3,pre_cod_asig4,pre_cod_asig5,pre_cod_asig6,pre_cod_asig7 FROM tblaca009 WHERE pensum='5' AND c_uni_ca='3' AND c_asigna='300116' [1][0] OK
C:[19/11/2012 15:37:28.94][172.16.8.251][1219] SELECT pre_cod_asig1,pre_cod_asig2,pre_cod_asig3,pre_cod_asig4,pre_cod_asig5,pre_cod_asig6,pre_cod_asig7 FROM tblaca009 WHERE pensum='5' AND c_uni_ca='3' AND c_asigna='300209' [1][0] OK
C:[19/11/2012 15:37:28.94][172.16.8.251][1232] SELECT c_asigna FROM dace004 WHERE exp_e='11-22820428' AND c_asigna='300101' AND status IN ('0','3','B') [1][0] OK
C:[19/11/2012 15:37:28.94][172.16.8.251][1219] SELECT pre_cod_asig1,pre_cod_asig2,pre_cod_asig3,pre_cod_asig4,pre_cod_asig5,pre_cod_asig6,pre_cod_asig7 FROM tblaca009 WHERE pensum='5' AND c_uni_ca='3' AND c_asigna='300213' [1][0] OK
C:[19/11/2012 15:37:28.94][172.16.8.251][1232] SELECT c_asigna FROM dace004 WHERE exp_e='11-22820428' AND c_asigna='300101' AND status IN ('0','3','B') [1][0] OK
C:[19/11/2012 15:37:28.81][172.16.8.251][1263] SELECT par_cod_asig1,par_cod_asig2,par_cod_asig3 FROM tblaca009 WHERE pensum='5' AND c_uni_ca='3' AND c_asigna='300207' [1][0] OK
C:[19/11/2012 15:37:28.81][172.16.8.251][1263] SELECT par_cod_asig1,par_cod_asig2,par_cod_asig3 FROM tblaca009 WHERE pensum='5' AND c_uni_ca='3' AND c_asigna='300116' [1][0] OK
C:[19/11/2012 15:37:28.81][172.16.8.251][1263] SELECT par_cod_asig1,par_cod_asig2,par_cod_asig3 FROM tblaca009 WHERE pensum='5' AND c_uni_ca='3' AND c_asigna='300209' [1][0] OK
C:[19/11/2012 15:37:28.81][172.16.8.251][1263] SELECT par_cod_asig1,par_cod_asig2,par_cod_asig3 FROM tblaca009 WHERE pensum='5' AND c_uni_ca='3' AND c_asigna='300213' [1][0] OK
C:[19/11/2012 15:37:28.81][172.16.8.251][1277] SELECT c_asigna FROM dace004 WHERE exp_e='11-22820428' AND c_asigna='300209' AND status IN ('0','3','B','C') [0][0] OK
C:[19/11/2012 16:29:54.97][190.204.206.165][1219] SELECT pre_cod_asig1,pre_cod_asig2,pre_cod_asig3,pre_cod_asig4,pre_cod_asig5,pre_cod_asig6,pre_cod_asig7 FROM tblaca009 WHERE pensum='5' AND c_uni_ca='6' AND c_asigna='300956' [1][0] OK
C:[19/11/2012 16:29:54.97][190.204.206.165][1232] SELECT c_asigna FROM dace004 WHERE exp_e='06-19302821' AND c_asigna='300422' AND status IN ('0','3','B') [1][0] OK
C:[19/11/2012 16:29:54.97][190.204.206.165][1232] SELECT c_asigna FROM dace004 WHERE exp_e='06-19302821' AND c_asigna='300105' AND status IN ('0','3','B') [1][0] OK
C:[19/11/2012 16:29:54.97][190.204.206.165][1232] SELECT c_asigna FROM dace004 WHERE exp_e='06-19302821' AND c_asigna='300314' AND status IN ('0','3','B') [1][0] OK
C:[19/11/2012 16:29:54.97][190.204.206.165][1219] SELECT pre_cod_asig1,pre_cod_asig2,pre_cod_asig3,pre_cod_asig4,pre_cod_asig5,pre_cod_asig6,pre_cod_asig7 FROM tblaca009 WHERE pensum='5' AND c_uni_ca='6' AND c_asigna='344046' [1][0] OK
C:[19/11/2012 16:29:54.97][190.204.206.165][1232] SELECT c_asigna FROM dace004 WHERE exp_e='06-19302821' AND c_asigna='344834' AND status IN ('0','3','B') [1][0] OK
C:[19/11/2012 16:29:54.97][190.204.206.165][1232] SELECT c_asigna FROM dace004 WHERE exp_e='06-19302821' AND c_asigna='344732' AND status IN ('0','3','B') [1][0] OK
C:[19/11/2012 16:29:54.97][190.204.206.165][1219] SELECT pre_cod_asig1,pre_cod_asig2,pre_cod_asig3,pre_cod_asig4,pre_cod_asig5,pre_cod_asig6,pre_cod_asig7 FROM tblaca009 WHERE pensum='5' AND c_uni_ca='6' AND c_asigna='344843' [1][0] OK
C:[19/11/2012 16:29:54.97][190.204.206.165][1232] SELECT c_asigna FROM dace004 WHERE exp_e='06-19302821' AND c_asigna='344714' AND status IN ('0','3','B') [1][0] OK
C:[19/11/2012 16:29:54.97][190.204.206.165][1232] SELECT c_asigna FROM dace004 WHERE exp_e='06-19302821' AND c_asigna='344715' AND status IN ('0','3','B') [1][0] OK
C:[19/11/2012 16:29:54.97][190.204.206.165][1232] SELECT c_asigna FROM dace004 WHERE exp_e='06-19302821' AND c_asigna='300313' AND status IN ('0','3','B') [0][0] OK
C:[19/11/2012 16:29:54.97][190.204.206.165][1219] SELECT pre_cod_asig1,pre_cod_asig2,pre_cod_asig3,pre_cod_asig4,pre_cod_asig5,pre_cod_asig6,pre_cod_asig7 FROM tblaca009 WHERE pensum='5' AND c_uni_ca='6' AND c_asigna='344948' [1][0] OK
C:[19/11/2012 16:29:54.47][190.204.206.165][1263] SELECT par_cod_asig1,par_cod_asig2,par_cod_asig3 FROM tblaca009 WHERE pensum='5' AND c_uni_ca='6' AND c_asigna='300956' [1][0] OK
C:[19/11/2012 16:29:54.47][190.204.206.165][1263] SELECT par_cod_asig1,par_cod_asig2,par_cod_asig3 FROM tblaca009 WHERE pensum='5' AND c_uni_ca='6' AND c_asigna='344046' [1][0] OK
C:[19/11/2012 16:29:54.47][190.204.206.165][1263] SELECT par_cod_asig1,par_cod_asig2,par_cod_asig3 FROM tblaca009 WHERE pensum='5' AND c_uni_ca='6' AND c_asigna='344843' [1][0] OK
C:[19/11/2012 16:29:54.47][190.204.206.165][1263] SELECT par_cod_asig1,par_cod_asig2,par_cod_asig3 FROM tblaca009 WHERE pensum='5' AND c_uni_ca='6' AND c_asigna='344948' [1][0] OK
C:[19/11/2012 16:29:54.97][190.204.206.165][1334] SELECT c_asigna FROM tblaca009 WHERE pensum='5' AND c_uni_ca='6' AND ((par_cod_asig1='344953') OR (par_cod_asig2='344953') OR (par_cod_asig3='344953'))  [0][0] OK
C:[19/11/2012 20:07:51.02][190.206.33.29][1219] SELECT pre_cod_asig1,pre_cod_asig2,pre_cod_asig3,pre_cod_asig4,pre_cod_asig5,pre_cod_asig6,pre_cod_asig7 FROM tblaca009 WHERE pensum='5' AND c_uni_ca='2' AND c_asigna='311561' [1][0] OK
C:[19/11/2012 20:07:51.02][190.206.33.29][1232] SELECT c_asigna FROM dace004 WHERE exp_e='08-22620523' AND c_asigna='300318' AND status IN ('0','3','B') [1][0] OK
C:[19/11/2012 20:07:51.02][190.206.33.29][1219] SELECT pre_cod_asig1,pre_cod_asig2,pre_cod_asig3,pre_cod_asig4,pre_cod_asig5,pre_cod_asig6,pre_cod_asig7 FROM tblaca009 WHERE pensum='5' AND c_uni_ca='2' AND c_asigna='322433' [1][0] OK
C:[19/11/2012 20:07:51.02][190.206.33.29][1232] SELECT c_asigna FROM dace004 WHERE exp_e='08-22620523' AND c_asigna='320323' AND status IN ('0','3','B') [1][0] OK
C:[19/11/2012 20:07:51.02][190.206.33.29][1232] SELECT c_asigna FROM dace004 WHERE exp_e='08-22620523' AND c_asigna='300209' AND status IN ('0','3','B') [1][0] OK
C:[19/11/2012 20:07:51.02][190.206.33.29][1219] SELECT pre_cod_asig1,pre_cod_asig2,pre_cod_asig3,pre_cod_asig4,pre_cod_asig5,pre_cod_asig6,pre_cod_asig7 FROM tblaca009 WHERE pensum='5' AND c_uni_ca='2' AND c_asigna='322558' [1][0] OK
C:[19/11/2012 20:07:51.02][190.206.33.29][1232] SELECT c_asigna FROM dace004 WHERE exp_e='08-22620523' AND c_asigna='300428' AND status IN ('0','3','B') [1][0] OK
C:[19/11/2012 20:07:51.02][190.206.33.29][1232] SELECT c_asigna FROM dace004 WHERE exp_e='08-22620523' AND c_asigna='320323' AND status IN ('0','3','B') [1][0] OK
C:[19/11/2012 20:07:51.02][190.206.33.29][1219] SELECT pre_cod_asig1,pre_cod_asig2,pre_cod_asig3,pre_cod_asig4,pre_cod_asig5,pre_cod_asig6,pre_cod_asig7 FROM tblaca009 WHERE pensum='5' AND c_uni_ca='2' AND c_asigna='322560' [1][0] OK
C:[19/11/2012 20:07:51.02][190.206.33.29][1219] SELECT pre_cod_asig1,pre_cod_asig2,pre_cod_asig3,pre_cod_asig4,pre_cod_asig5,pre_cod_asig6,pre_cod_asig7 FROM tblaca009 WHERE pensum='5' AND c_uni_ca='2' AND c_asigna='323528' [1][0] OK
C:[19/11/2012 20:07:52.27][190.206.33.29][1263] SELECT par_cod_asig1,par_cod_asig2,par_cod_asig3 FROM tblaca009 WHERE pensum='5' AND c_uni_ca='2' AND c_asigna='311561' [1][0] OK
C:[19/11/2012 20:07:52.27][190.206.33.29][1263] SELECT par_cod_asig1,par_cod_asig2,par_cod_asig3 FROM tblaca009 WHERE pensum='5' AND c_uni_ca='2' AND c_asigna='322433' [1][0] OK
C:[19/11/2012 20:07:52.27][190.206.33.29][1263] SELECT par_cod_asig1,par_cod_asig2,par_cod_asig3 FROM tblaca009 WHERE pensum='5' AND c_uni_ca='2' AND c_asigna='322558' [1][0] OK
C:[19/11/2012 20:07:52.27][190.206.33.29][1263] SELECT par_cod_asig1,par_cod_asig2,par_cod_asig3 FROM tblaca009 WHERE pensum='5' AND c_uni_ca='2' AND c_asigna='322560' [1][0] OK
C:[19/11/2012 20:07:52.27][190.206.33.29][1277] SELECT c_asigna FROM dace004 WHERE exp_e='08-22620523' AND c_asigna='323528' AND status IN ('0','3','B','C') [0][0] OK
C:[19/11/2012 20:07:52.27][190.206.33.29][1263] SELECT par_cod_asig1,par_cod_asig2,par_cod_asig3 FROM tblaca009 WHERE pensum='5' AND c_uni_ca='2' AND c_asigna='323528' [1][0] OK
C:[19/11/2012 20:07:52.02][190.206.33.29][1334] SELECT c_asigna FROM tblaca009 WHERE pensum='5' AND c_uni_ca='2' AND ((par_cod_asig1='300422') OR (par_cod_asig2='300422') OR (par_cod_asig3='300422'))  [0][0] OK
C:[19/11/2012 20:29:50.66][200.84.79.88][1219] SELECT pre_cod_asig1,pre_cod_asig2,pre_cod_asig3,pre_cod_asig4,pre_cod_asig5,pre_cod_asig6,pre_cod_asig7 FROM tblaca009 WHERE pensum='5' AND c_uni_ca='4' AND c_asigna='300422' [1][0] OK
C:[19/11/2012 20:29:50.66][200.84.79.88][1232] SELECT c_asigna FROM dace004 WHERE exp_e='10-24848204' AND c_asigna='300105' AND status IN ('0','3','B') [1][0] OK
C:[19/11/2012 20:29:50.66][200.84.79.88][1232] SELECT c_asigna FROM dace004 WHERE exp_e='10-24848204' AND c_asigna='300314' AND status IN ('0','3','B') [1][0] OK
C:[19/11/2012 20:29:50.66][200.84.79.88][1219] SELECT pre_cod_asig1,pre_cod_asig2,pre_cod_asig3,pre_cod_asig4,pre_cod_asig5,pre_cod_asig6,pre_cod_asig7 FROM tblaca009 WHERE pensum='5' AND c_uni_ca='4' AND c_asigna='300428' [1][0] OK
C:[19/11/2012 20:29:50.66][200.84.79.88][1232] SELECT c_asigna FROM dace004 WHERE exp_e='10-24848204' AND c_asigna='300317' AND status IN ('0','3','B') [1][0] OK
C:[19/11/2012 20:29:50.66][200.84.79.88][1232] SELECT c_asigna FROM dace004 WHERE exp_e='10-24848204' AND c_asigna='300209' AND status IN ('0','3','B') [1][0] OK
C:[19/11/2012 20:29:50.66][200.84.79.88][1219] SELECT pre_cod_asig1,pre_cod_asig2,pre_cod_asig3,pre_cod_asig4,pre_cod_asig5,pre_cod_asig6,pre_cod_asig7 FROM tblaca009 WHERE pensum='5' AND c_uni_ca='4' AND c_asigna='330435' [1][0] OK
C:[19/11/2012 20:29:50.66][200.84.79.88][1232] SELECT c_asigna FROM dace004 WHERE exp_e='10-24848204' AND c_asigna='300318' AND status IN ('0','3','B') [1][0] OK
C:[19/11/2012 20:29:50.66][200.84.79.88][1219] SELECT pre_cod_asig1,pre_cod_asig2,pre_cod_asig3,pre_cod_asig4,pre_cod_asig5,pre_cod_asig6,pre_cod_asig7 FROM tblaca009 WHERE pensum='5' AND c_uni_ca='4' AND c_asigna='333440' [1][0] OK
C:[19/11/2012 20:29:50.66][200.84.79.88][1232] SELECT c_asigna FROM dace004 WHERE exp_e='10-24848204' AND c_asigna='300317' AND status IN ('0','3','B') [1][0] OK
C:[19/11/2012 20:29:50.66][200.84.79.88][1232] SELECT c_asigna FROM dace004 WHERE exp_e='10-24848204' AND c_asigna='330310' AND status IN ('0','3','B') [1][0] OK
C:[19/11/2012 20:29:50.66][200.84.79.88][1232] SELECT c_asigna FROM dace004 WHERE exp_e='10-24848204' AND c_asigna='300209' AND status IN ('0','3','B') [1][0] OK
C:[19/11/2012 20:29:50.66][200.84.79.88][1219] SELECT pre_cod_asig1,pre_cod_asig2,pre_cod_asig3,pre_cod_asig4,pre_cod_asig5,pre_cod_asig6,pre_cod_asig7 FROM tblaca009 WHERE pensum='5' AND c_uni_ca='4' AND c_asigna='333441' [1][0] OK
C:[19/11/2012 20:29:50.66][200.84.79.88][1232] SELECT c_asigna FROM dace004 WHERE exp_e='10-24848204' AND c_asigna='333326' AND status IN ('0','3','B') [1][0] OK
C:[19/11/2012 20:29:50.66][200.84.79.88][1232] SELECT c_asigna FROM dace004 WHERE exp_e='10-24848204' AND c_asigna='300317' AND status IN ('0','3','B') [1][0] OK
C:[19/11/2012 20:29:50.66][200.84.79.88][1232] SELECT c_asigna FROM dace004 WHERE exp_e='10-24848204' AND c_asigna='300209' AND status IN ('0','3','B') [1][0] OK
C:[19/11/2012 20:29:50.66][200.84.79.88][1219] SELECT pre_cod_asig1,pre_cod_asig2,pre_cod_asig3,pre_cod_asig4,pre_cod_asig5,pre_cod_asig6,pre_cod_asig7 FROM tblaca009 WHERE pensum='5' AND c_uni_ca='4' AND c_asigna='333442' [1][0] OK
C:[19/11/2012 20:29:50.66][200.84.79.88][1232] SELECT c_asigna FROM dace004 WHERE exp_e='10-24848204' AND c_asigna='330310' AND status IN ('0','3','B') [1][0] OK
C:[19/11/2012 20:29:50.66][200.84.79.88][1232] SELECT c_asigna FROM dace004 WHERE exp_e='10-24848204' AND c_asigna='333326' AND status IN ('0','3','B') [1][0] OK
C:[19/11/2012 20:29:50.66][200.84.79.88][1219] SELECT pre_cod_asig1,pre_cod_asig2,pre_cod_asig3,pre_cod_asig4,pre_cod_asig5,pre_cod_asig6,pre_cod_asig7 FROM tblaca009 WHERE pensum='5' AND c_uni_ca='4' AND c_asigna='333444' [1][0] OK
C:[19/11/2012 20:29:50.66][200.84.79.88][1232] SELECT c_asigna FROM dace004 WHERE exp_e='10-24848204' AND c_asigna='300317' AND status IN ('0','3','B') [1][0] OK
C:[19/11/2012 20:29:50.66][200.84.79.88][1232] SELECT c_asigna FROM dace004 WHERE exp_e='10-24848204' AND c_asigna='300313' AND status IN ('0','3','B') [1][0] OK
C:[19/11/2012 20:29:50.66][200.84.79.88][1232] SELECT c_asigna FROM dace004 WHERE exp_e='10-24848204' AND c_asigna='300209' AND status IN ('0','3','B') [1][0] OK
C:[19/11/2012 20:29:50.66][200.84.79.88][1232] SELECT c_asigna FROM dace004 WHERE exp_e='10-24848204' AND c_asigna='300222' AND status IN ('0','3','B') [1][0] OK
C:[19/11/2012 20:29:50.66][200.84.79.88][1232] SELECT c_asigna FROM dace004 WHERE exp_e='10-24848204' AND c_asigna='300226' AND status IN ('0','3','B') [1][0] OK
C:[19/11/2012 20:29:51.78][200.84.79.88][1263] SELECT par_cod_asig1,par_cod_asig2,par_cod_asig3 FROM tblaca009 WHERE pensum='5' AND c_uni_ca='4' AND c_asigna='300422' [1][0] OK
C:[19/11/2012 20:29:51.78][200.84.79.88][1263] SELECT par_cod_asig1,par_cod_asig2,par_cod_asig3 FROM tblaca009 WHERE pensum='5' AND c_uni_ca='4' AND c_asigna='300428' [1][0] OK
C:[19/11/2012 20:29:51.78][200.84.79.88][1263] SELECT par_cod_asig1,par_cod_asig2,par_cod_asig3 FROM tblaca009 WHERE pensum='5' AND c_uni_ca='4' AND c_asigna='330435' [1][0] OK
C:[19/11/2012 20:29:51.78][200.84.79.88][1263] SELECT par_cod_asig1,par_cod_asig2,par_cod_asig3 FROM tblaca009 WHERE pensum='5' AND c_uni_ca='4' AND c_asigna='333440' [1][0] OK
C:[19/11/2012 20:29:51.78][200.84.79.88][1277] SELECT c_asigna FROM dace004 WHERE exp_e='10-24848204' AND c_asigna='333441' AND status IN ('0','3','B','C') [0][0] OK
C:[19/11/2012 20:29:51.78][200.84.79.88][1263] SELECT par_cod_asig1,par_cod_asig2,par_cod_asig3 FROM tblaca009 WHERE pensum='5' AND c_uni_ca='4' AND c_asigna='333441' [1][0] OK
C:[19/11/2012 20:29:51.78][200.84.79.88][1263] SELECT par_cod_asig1,par_cod_asig2,par_cod_asig3 FROM tblaca009 WHERE pensum='5' AND c_uni_ca='4' AND c_asigna='333442' [1][0] OK
C:[19/11/2012 20:29:51.78][200.84.79.88][1263] SELECT par_cod_asig1,par_cod_asig2,par_cod_asig3 FROM tblaca009 WHERE pensum='5' AND c_uni_ca='4' AND c_asigna='333444' [1][0] OK
C:[20/11/2012 08:21:19.57][190.78.172.206][1219] SELECT pre_cod_asig1,pre_cod_asig2,pre_cod_asig3,pre_cod_asig4,pre_cod_asig5,pre_cod_asig6,pre_cod_asig7 FROM tblaca009 WHERE pensum='5' AND c_uni_ca='4' AND c_asigna='300207' [1][0] OK
C:[20/11/2012 08:21:19.57][190.78.172.206][1232] SELECT c_asigna FROM dace004 WHERE exp_e='08-21249304' AND c_asigna='300101' AND status IN ('0','3','B') [1][0] OK
C:[20/11/2012 08:21:19.57][190.78.172.206][1219] SELECT pre_cod_asig1,pre_cod_asig2,pre_cod_asig3,pre_cod_asig4,pre_cod_asig5,pre_cod_asig6,pre_cod_asig7 FROM tblaca009 WHERE pensum='5' AND c_uni_ca='4' AND c_asigna='300209' [1][0] OK
C:[20/11/2012 08:21:19.57][190.78.172.206][1232] SELECT c_asigna FROM dace004 WHERE exp_e='08-21249304' AND c_asigna='300101' AND status IN ('0','3','B') [1][0] OK
C:[20/11/2012 08:21:19.07][190.78.172.206][1263] SELECT par_cod_asig1,par_cod_asig2,par_cod_asig3 FROM tblaca009 WHERE pensum='5' AND c_uni_ca='4' AND c_asigna='300207' [1][0] OK
C:[20/11/2012 08:21:19.07][190.78.172.206][1263] SELECT par_cod_asig1,par_cod_asig2,par_cod_asig3 FROM tblaca009 WHERE pensum='5' AND c_uni_ca='4' AND c_asigna='300209' [1][0] OK
C:[20/11/2012 08:21:19.32][190.78.172.206][1334] SELECT c_asigna FROM tblaca009 WHERE pensum='5' AND c_uni_ca='4' AND ((par_cod_asig1='300218') OR (par_cod_asig2='300218') OR (par_cod_asig3='300218'))  [0][0] OK
C:[20/11/2012 12:15:08.85][190.94.236.42][1219] SELECT pre_cod_asig1,pre_cod_asig2,pre_cod_asig3,pre_cod_asig4,pre_cod_asig5,pre_cod_asig6,pre_cod_asig7 FROM tblaca009 WHERE pensum='5' AND c_uni_ca='5' AND c_asigna='355570' [1][0] OK
C:[20/11/2012 12:15:08.85][190.94.236.42][1232] SELECT c_asigna FROM dace004 WHERE exp_e='06-18667385' AND c_asigna='355447' AND status IN ('0','3','B') [1][0] OK
C:[20/11/2012 12:15:08.85][190.94.236.42][1219] SELECT pre_cod_asig1,pre_cod_asig2,pre_cod_asig3,pre_cod_asig4,pre_cod_asig5,pre_cod_asig6,pre_cod_asig7 FROM tblaca009 WHERE pensum='5' AND c_uni_ca='5' AND c_asigna='355595' [1][0] OK
C:[20/11/2012 12:15:08.85][190.94.236.42][1232] SELECT c_asigna FROM dace004 WHERE exp_e='06-18667385' AND c_asigna='351451' AND status IN ('0','3','B') [1][0] OK
C:[20/11/2012 12:15:08.85][190.94.236.42][1232] SELECT c_asigna FROM dace004 WHERE exp_e='06-18667385' AND c_asigna='355350' AND status IN ('0','3','B') [1][0] OK
C:[20/11/2012 12:15:08.85][190.94.236.42][1232] SELECT c_asigna FROM dace004 WHERE exp_e='06-18667385' AND c_asigna='300318' AND status IN ('0','3','B') [1][0] OK
C:[20/11/2012 12:15:08.85][190.94.236.42][1219] SELECT pre_cod_asig1,pre_cod_asig2,pre_cod_asig3,pre_cod_asig4,pre_cod_asig5,pre_cod_asig6,pre_cod_asig7 FROM tblaca009 WHERE pensum='5' AND c_uni_ca='5' AND c_asigna='355691' [1][0] OK
C:[20/11/2012 12:15:08.85][190.94.236.42][1232] SELECT c_asigna FROM dace004 WHERE exp_e='06-18667385' AND c_asigna='355571' AND status IN ('0','3','B') [1][0] OK
C:[20/11/2012 12:15:08.85][190.94.236.42][1219] SELECT pre_cod_asig1,pre_cod_asig2,pre_cod_asig3,pre_cod_asig4,pre_cod_asig5,pre_cod_asig6,pre_cod_asig7 FROM tblaca009 WHERE pensum='5' AND c_uni_ca='5' AND c_asigna='355694' [1][0] OK
C:[20/11/2012 12:15:08.85][190.94.236.42][1232] SELECT c_asigna FROM dace004 WHERE exp_e='06-18667385' AND c_asigna='355572' AND status IN ('0','3','B') [1][0] OK
C:[20/11/2012 12:15:08.85][190.94.236.42][1232] SELECT c_asigna FROM dace004 WHERE exp_e='06-18667385' AND c_asigna='355571' AND status IN ('0','3','B') [1][0] OK
C:[20/11/2012 12:15:08.22][190.94.236.42][1263] SELECT par_cod_asig1,par_cod_asig2,par_cod_asig3 FROM tblaca009 WHERE pensum='5' AND c_uni_ca='5' AND c_asigna='355570' [1][0] OK
C:[20/11/2012 12:15:08.22][190.94.236.42][1263] SELECT par_cod_asig1,par_cod_asig2,par_cod_asig3 FROM tblaca009 WHERE pensum='5' AND c_uni_ca='5' AND c_asigna='355595' [1][0] OK
C:[20/11/2012 12:15:08.22][190.94.236.42][1263] SELECT par_cod_asig1,par_cod_asig2,par_cod_asig3 FROM tblaca009 WHERE pensum='5' AND c_uni_ca='5' AND c_asigna='355691' [1][0] OK
C:[20/11/2012 12:15:08.22][190.94.236.42][1263] SELECT par_cod_asig1,par_cod_asig2,par_cod_asig3 FROM tblaca009 WHERE pensum='5' AND c_uni_ca='5' AND c_asigna='355694' [1][0] OK
C:[20/11/2012 12:15:08.73][190.94.236.42][1334] SELECT c_asigna FROM tblaca009 WHERE pensum='5' AND c_uni_ca='5' AND ((par_cod_asig1='300422') OR (par_cod_asig2='300422') OR (par_cod_asig3='300422'))  [0][0] OK
C:[20/11/2012 12:37:01.45][201.243.101.2][1219] SELECT pre_cod_asig1,pre_cod_asig2,pre_cod_asig3,pre_cod_asig4,pre_cod_asig5,pre_cod_asig6,pre_cod_asig7 FROM tblaca009 WHERE pensum='5' AND c_uni_ca='2' AND c_asigna='300013' [1][0] OK
C:[20/11/2012 12:37:01.45][201.243.101.2][1219] SELECT pre_cod_asig1,pre_cod_asig2,pre_cod_asig3,pre_cod_asig4,pre_cod_asig5,pre_cod_asig6,pre_cod_asig7 FROM tblaca009 WHERE pensum='5' AND c_uni_ca='2' AND c_asigna='300207' [1][0] OK
C:[20/11/2012 12:37:01.45][201.243.101.2][1232] SELECT c_asigna FROM dace004 WHERE exp_e='12-25445278' AND c_asigna='300101' AND status IN ('0','3','B') [1][0] OK
C:[20/11/2012 12:37:01.45][201.243.101.2][1219] SELECT pre_cod_asig1,pre_cod_asig2,pre_cod_asig3,pre_cod_asig4,pre_cod_asig5,pre_cod_asig6,pre_cod_asig7 FROM tblaca009 WHERE pensum='5' AND c_uni_ca='2' AND c_asigna='300209' [1][0] OK
C:[20/11/2012 12:37:01.45][201.243.101.2][1232] SELECT c_asigna FROM dace004 WHERE exp_e='12-25445278' AND c_asigna='300101' AND status IN ('0','3','B') [1][0] OK
C:[20/11/2012 12:37:01.45][201.243.101.2][1219] SELECT pre_cod_asig1,pre_cod_asig2,pre_cod_asig3,pre_cod_asig4,pre_cod_asig5,pre_cod_asig6,pre_cod_asig7 FROM tblaca009 WHERE pensum='5' AND c_uni_ca='2' AND c_asigna='300218' [1][0] OK
C:[20/11/2012 12:37:01.45][201.243.101.2][1219] SELECT pre_cod_asig1,pre_cod_asig2,pre_cod_asig3,pre_cod_asig4,pre_cod_asig5,pre_cod_asig6,pre_cod_asig7 FROM tblaca009 WHERE pensum='5' AND c_uni_ca='2' AND c_asigna='300228' [1][0] OK
C:[20/11/2012 12:37:01.45][201.243.101.2][1232] SELECT c_asigna FROM dace004 WHERE exp_e='12-25445278' AND c_asigna='300101' AND status IN ('0','3','B') [1][0] OK
C:[20/11/2012 12:37:01.45][201.243.101.2][1263] SELECT par_cod_asig1,par_cod_asig2,par_cod_asig3 FROM tblaca009 WHERE pensum='5' AND c_uni_ca='2' AND c_asigna='300013' [1][0] OK
C:[20/11/2012 12:37:01.45][201.243.101.2][1263] SELECT par_cod_asig1,par_cod_asig2,par_cod_asig3 FROM tblaca009 WHERE pensum='5' AND c_uni_ca='2' AND c_asigna='300207' [1][0] OK
C:[20/11/2012 12:37:01.45][201.243.101.2][1263] SELECT par_cod_asig1,par_cod_asig2,par_cod_asig3 FROM tblaca009 WHERE pensum='5' AND c_uni_ca='2' AND c_asigna='300209' [1][0] OK
C:[20/11/2012 12:37:01.45][201.243.101.2][1263] SELECT par_cod_asig1,par_cod_asig2,par_cod_asig3 FROM tblaca009 WHERE pensum='5' AND c_uni_ca='2' AND c_asigna='300218' [1][0] OK
C:[20/11/2012 12:37:01.45][201.243.101.2][1277] SELECT c_asigna FROM dace004 WHERE exp_e='12-25445278' AND c_asigna='300228' AND status IN ('0','3','B','C') [0][0] OK
C:[20/11/2012 12:37:01.45][201.243.101.2][1263] SELECT par_cod_asig1,par_cod_asig2,par_cod_asig3 FROM tblaca009 WHERE pensum='5' AND c_uni_ca='2' AND c_asigna='300228' [1][0] OK
C:[20/11/2012 13:08:33.20][190.204.198.234][1219] SELECT pre_cod_asig1,pre_cod_asig2,pre_cod_asig3,pre_cod_asig4,pre_cod_asig5,pre_cod_asig6,pre_cod_asig7 FROM tblaca009 WHERE pensum='5' AND c_uni_ca='3' AND c_asigna='300218' [1][0] OK
C:[20/11/2012 13:08:33.33][190.204.198.234][1263] SELECT par_cod_asig1,par_cod_asig2,par_cod_asig3 FROM tblaca009 WHERE pensum='5' AND c_uni_ca='3' AND c_asigna='300218' [1][0] OK
C:[20/11/2012 13:08:33.33][190.204.198.234][1277] SELECT c_asigna FROM dace004 WHERE exp_e='07-19804846' AND c_asigna='300228' AND status IN ('0','3','B','C') [1][0] OK
C:[20/11/2012 13:08:33.57][190.204.198.234][1334] SELECT c_asigna FROM tblaca009 WHERE pensum='5' AND c_uni_ca='3' AND ((par_cod_asig1='300116') OR (par_cod_asig2='300116') OR (par_cod_asig3='300116'))  [0][0] OK
C:[20/11/2012 13:15:04.39][190.204.198.234][1219] SELECT pre_cod_asig1,pre_cod_asig2,pre_cod_asig3,pre_cod_asig4,pre_cod_asig5,pre_cod_asig6,pre_cod_asig7 FROM tblaca009 WHERE pensum='5' AND c_uni_ca='3' AND c_asigna='300116' [1][0] OK
C:[20/11/2012 13:15:04.39][190.204.198.234][1219] SELECT pre_cod_asig1,pre_cod_asig2,pre_cod_asig3,pre_cod_asig4,pre_cod_asig5,pre_cod_asig6,pre_cod_asig7 FROM tblaca009 WHERE pensum='5' AND c_uni_ca='3' AND c_asigna='300218' [1][0] OK
C:[20/11/2012 13:15:04.64][190.204.198.234][1263] SELECT par_cod_asig1,par_cod_asig2,par_cod_asig3 FROM tblaca009 WHERE pensum='5' AND c_uni_ca='3' AND c_asigna='300116' [1][0] OK
C:[20/11/2012 13:15:04.64][190.204.198.234][1263] SELECT par_cod_asig1,par_cod_asig2,par_cod_asig3 FROM tblaca009 WHERE pensum='5' AND c_uni_ca='3' AND c_asigna='300218' [1][0] OK
C:[20/11/2012 13:15:04.64][190.204.198.234][1277] SELECT c_asigna FROM dace004 WHERE exp_e='07-19804846' AND c_asigna='300228' AND status IN ('0','3','B','C') [1][0] OK
C:[20/11/2012 13:19:59.69][190.204.198.194][1219] SELECT pre_cod_asig1,pre_cod_asig2,pre_cod_asig3,pre_cod_asig4,pre_cod_asig5,pre_cod_asig6,pre_cod_asig7 FROM tblaca009 WHERE pensum='5' AND c_uni_ca='5' AND c_asigna='300676' [1][0] OK
C:[20/11/2012 13:19:59.69][190.204.198.194][1219] SELECT pre_cod_asig1,pre_cod_asig2,pre_cod_asig3,pre_cod_asig4,pre_cod_asig5,pre_cod_asig6,pre_cod_asig7 FROM tblaca009 WHERE pensum='5' AND c_uni_ca='5' AND c_asigna='355721' [1][0] OK
C:[20/11/2012 13:19:59.69][190.204.198.194][1232] SELECT c_asigna FROM dace004 WHERE exp_e='09-20035142' AND c_asigna='355693' AND status IN ('0','3','B') [1][0] OK
C:[20/11/2012 13:19:59.69][190.204.198.194][1232] SELECT c_asigna FROM dace004 WHERE exp_e='09-20035142' AND c_asigna='355696' AND status IN ('0','3','B') [1][0] OK
C:[20/11/2012 13:19:59.69][190.204.198.194][1219] SELECT pre_cod_asig1,pre_cod_asig2,pre_cod_asig3,pre_cod_asig4,pre_cod_asig5,pre_cod_asig6,pre_cod_asig7 FROM tblaca009 WHERE pensum='5' AND c_uni_ca='5' AND c_asigna='355724' [1][0] OK
C:[20/11/2012 13:19:59.69][190.204.198.194][1232] SELECT c_asigna FROM dace004 WHERE exp_e='09-20035142' AND c_asigna='355692' AND status IN ('0','3','B') [1][0] OK
C:[20/11/2012 13:19:59.69][190.204.198.194][1219] SELECT pre_cod_asig1,pre_cod_asig2,pre_cod_asig3,pre_cod_asig4,pre_cod_asig5,pre_cod_asig6,pre_cod_asig7 FROM tblaca009 WHERE pensum='5' AND c_uni_ca='5' AND c_asigna='355725' [1][0] OK
C:[20/11/2012 13:19:59.69][190.204.198.194][1232] SELECT c_asigna FROM dace004 WHERE exp_e='09-20035142' AND c_asigna='355693' AND status IN ('0','3','B') [1][0] OK
C:[20/11/2012 13:19:59.69][190.204.198.194][1232] SELECT c_asigna FROM dace004 WHERE exp_e='09-20035142' AND c_asigna='355692' AND status IN ('0','3','B') [1][0] OK
C:[20/11/2012 13:19:59.69][190.204.198.194][1219] SELECT pre_cod_asig1,pre_cod_asig2,pre_cod_asig3,pre_cod_asig4,pre_cod_asig5,pre_cod_asig6,pre_cod_asig7 FROM tblaca009 WHERE pensum='5' AND c_uni_ca='5' AND c_asigna='355835' [1][0] OK
C:[20/11/2012 13:19:59.69][190.204.198.194][1232] SELECT c_asigna FROM dace004 WHERE exp_e='09-20035142' AND c_asigna='355691' AND status IN ('0','3','B') [1][0] OK
C:[20/11/2012 13:19:59.69][190.204.198.194][1219] SELECT pre_cod_asig1,pre_cod_asig2,pre_cod_asig3,pre_cod_asig4,pre_cod_asig5,pre_cod_asig6,pre_cod_asig7 FROM tblaca009 WHERE pensum='5' AND c_uni_ca='5' AND c_asigna='355953' [1][0] OK
C:[20/11/2012 13:19:59.69][190.204.198.194][1232] SELECT c_asigna FROM dace004 WHERE exp_e='09-20035142' AND c_asigna='355691' AND status IN ('0','3','B') [1][0] OK
C:[20/11/2012 13:19:59.32][190.204.198.194][1263] SELECT par_cod_asig1,par_cod_asig2,par_cod_asig3 FROM tblaca009 WHERE pensum='5' AND c_uni_ca='5' AND c_asigna='300676' [1][0] OK
C:[20/11/2012 13:19:59.32][190.204.198.194][1263] SELECT par_cod_asig1,par_cod_asig2,par_cod_asig3 FROM tblaca009 WHERE pensum='5' AND c_uni_ca='5' AND c_asigna='355721' [1][0] OK
C:[20/11/2012 13:19:59.32][190.204.198.194][1263] SELECT par_cod_asig1,par_cod_asig2,par_cod_asig3 FROM tblaca009 WHERE pensum='5' AND c_uni_ca='5' AND c_asigna='355724' [1][0] OK
C:[20/11/2012 13:19:59.32][190.204.198.194][1263] SELECT par_cod_asig1,par_cod_asig2,par_cod_asig3 FROM tblaca009 WHERE pensum='5' AND c_uni_ca='5' AND c_asigna='355725' [1][0] OK
C:[20/11/2012 13:19:59.32][190.204.198.194][1263] SELECT par_cod_asig1,par_cod_asig2,par_cod_asig3 FROM tblaca009 WHERE pensum='5' AND c_uni_ca='5' AND c_asigna='355835' [1][0] OK
C:[20/11/2012 13:19:59.32][190.204.198.194][1263] SELECT par_cod_asig1,par_cod_asig2,par_cod_asig3 FROM tblaca009 WHERE pensum='5' AND c_uni_ca='5' AND c_asigna='355953' [1][0] OK
C:[20/11/2012 13:19:59.07][190.204.198.194][1334] SELECT c_asigna FROM tblaca009 WHERE pensum='5' AND c_uni_ca='5' AND ((par_cod_asig1='355720') OR (par_cod_asig2='355720') OR (par_cod_asig3='355720'))  [0][0] OK
C:[20/11/2012 13:24:30.64][190.121.239.168][1219] SELECT pre_cod_asig1,pre_cod_asig2,pre_cod_asig3,pre_cod_asig4,pre_cod_asig5,pre_cod_asig6,pre_cod_asig7 FROM tblaca009 WHERE pensum='5' AND c_uni_ca='3' AND c_asigna='300676' [1][0] OK
C:[20/11/2012 13:24:30.64][190.121.239.168][1219] SELECT pre_cod_asig1,pre_cod_asig2,pre_cod_asig3,pre_cod_asig4,pre_cod_asig5,pre_cod_asig6,pre_cod_asig7 FROM tblaca009 WHERE pensum='5' AND c_uni_ca='3' AND c_asigna='310548' [1][0] OK
C:[20/11/2012 13:24:30.64][190.121.239.168][1232] SELECT c_asigna FROM dace004 WHERE exp_e='07-20223231' AND c_asigna='300428' AND status IN ('0','3','B') [1][0] OK
C:[20/11/2012 13:24:30.64][190.121.239.168][1232] SELECT c_asigna FROM dace004 WHERE exp_e='07-20223231' AND c_asigna='300313' AND status IN ('0','3','B') [1][0] OK
C:[20/11/2012 13:24:30.64][190.121.239.168][1232] SELECT c_asigna FROM dace004 WHERE exp_e='07-20223231' AND c_asigna='300222' AND status IN ('0','3','B') [1][0] OK
C:[20/11/2012 13:24:30.64][190.121.239.168][1232] SELECT c_asigna FROM dace004 WHERE exp_e='07-20223231' AND c_asigna='300226' AND status IN ('0','3','B') [1][0] OK
C:[20/11/2012 13:24:30.64][190.121.239.168][1232] SELECT c_asigna FROM dace004 WHERE exp_e='07-20223231' AND c_asigna='300209' AND status IN ('0','3','B') [1][0] OK
C:[20/11/2012 13:24:30.64][190.121.239.168][1219] SELECT pre_cod_asig1,pre_cod_asig2,pre_cod_asig3,pre_cod_asig4,pre_cod_asig5,pre_cod_asig6,pre_cod_asig7 FROM tblaca009 WHERE pensum='5' AND c_uni_ca='3' AND c_asigna='311551' [1][0] OK
C:[20/11/2012 13:24:30.64][190.121.239.168][1232] SELECT c_asigna FROM dace004 WHERE exp_e='07-20223231' AND c_asigna='311430' AND status IN ('0','3','B') [1][0] OK
C:[20/11/2012 13:24:30.64][190.121.239.168][1232] SELECT c_asigna FROM dace004 WHERE exp_e='07-20223231' AND c_asigna='311431' AND status IN ('0','3','B') [1][0] OK
C:[20/11/2012 13:24:30.64][190.121.239.168][1232] SELECT c_asigna FROM dace004 WHERE exp_e='07-20223231' AND c_asigna='300222' AND status IN ('0','3','B') [1][0] OK
C:[20/11/2012 13:24:30.64][190.121.239.168][1232] SELECT c_asigna FROM dace004 WHERE exp_e='07-20223231' AND c_asigna='300226' AND status IN ('0','3','B') [1][0] OK
C:[20/11/2012 13:24:30.64][190.121.239.168][1232] SELECT c_asigna FROM dace004 WHERE exp_e='07-20223231' AND c_asigna='300209' AND status IN ('0','3','B') [1][0] OK
C:[20/11/2012 13:24:30.64][190.121.239.168][1232] SELECT c_asigna FROM dace004 WHERE exp_e='07-20223231' AND c_asigna='311320' AND status IN ('0','3','B') [1][0] OK
C:[20/11/2012 13:24:30.64][190.121.239.168][1219] SELECT pre_cod_asig1,pre_cod_asig2,pre_cod_asig3,pre_cod_asig4,pre_cod_asig5,pre_cod_asig6,pre_cod_asig7 FROM tblaca009 WHERE pensum='5' AND c_uni_ca='3' AND c_asigna='314787' [1][0] OK
C:[20/11/2012 13:24:30.64][190.121.239.168][1232] SELECT c_asigna FROM dace004 WHERE exp_e='07-20223231' AND c_asigna='314662' AND status IN ('0','3','B') [1][0] OK
C:[20/11/2012 13:24:30.64][190.121.239.168][1219] SELECT pre_cod_asig1,pre_cod_asig2,pre_cod_asig3,pre_cod_asig4,pre_cod_asig5,pre_cod_asig6,pre_cod_asig7 FROM tblaca009 WHERE pensum='5' AND c_uni_ca='3' AND c_asigna='315671' [1][0] OK
C:[20/11/2012 13:24:30.64][190.121.239.168][1232] SELECT c_asigna FROM dace004 WHERE exp_e='07-20223231' AND c_asigna='315552' AND status IN ('0','3','B') [1][0] OK
C:[20/11/2012 13:24:31.89][190.121.239.168][1263] SELECT par_cod_asig1,par_cod_asig2,par_cod_asig3 FROM tblaca009 WHERE pensum='5' AND c_uni_ca='3' AND c_asigna='300676' [1][0] OK
C:[20/11/2012 13:24:31.89][190.121.239.168][1263] SELECT par_cod_asig1,par_cod_asig2,par_cod_asig3 FROM tblaca009 WHERE pensum='5' AND c_uni_ca='3' AND c_asigna='310548' [1][0] OK
C:[20/11/2012 13:24:31.89][190.121.239.168][1263] SELECT par_cod_asig1,par_cod_asig2,par_cod_asig3 FROM tblaca009 WHERE pensum='5' AND c_uni_ca='3' AND c_asigna='311551' [1][0] OK
C:[20/11/2012 13:24:31.89][190.121.239.168][1263] SELECT par_cod_asig1,par_cod_asig2,par_cod_asig3 FROM tblaca009 WHERE pensum='5' AND c_uni_ca='3' AND c_asigna='314787' [1][0] OK
C:[20/11/2012 13:24:31.89][190.121.239.168][1263] SELECT par_cod_asig1,par_cod_asig2,par_cod_asig3 FROM tblaca009 WHERE pensum='5' AND c_uni_ca='3' AND c_asigna='315671' [1][0] OK
C:[20/11/2012 13:24:31.52][190.121.239.168][1334] SELECT c_asigna FROM tblaca009 WHERE pensum='5' AND c_uni_ca='3' AND ((par_cod_asig1='311655') OR (par_cod_asig2='311655') OR (par_cod_asig3='311655'))  [0][0] OK
C:[20/11/2012 15:02:06.76][172.16.8.247][1219] SELECT pre_cod_asig1,pre_cod_asig2,pre_cod_asig3,pre_cod_asig4,pre_cod_asig5,pre_cod_asig6,pre_cod_asig7 FROM tblaca009 WHERE pensum='5' AND c_uni_ca='3' AND c_asigna='300428' [1][0] OK
C:[20/11/2012 15:02:06.76][172.16.8.247][1232] SELECT c_asigna FROM dace004 WHERE exp_e='10-22813080' AND c_asigna='300317' AND status IN ('0','3','B') [1][0] OK
C:[20/11/2012 15:02:06.76][172.16.8.247][1232] SELECT c_asigna FROM dace004 WHERE exp_e='10-22813080' AND c_asigna='300209' AND status IN ('0','3','B') [1][0] OK
C:[20/11/2012 15:02:06.76][172.16.8.247][1219] SELECT pre_cod_asig1,pre_cod_asig2,pre_cod_asig3,pre_cod_asig4,pre_cod_asig5,pre_cod_asig6,pre_cod_asig7 FROM tblaca009 WHERE pensum='5' AND c_uni_ca='3' AND c_asigna='311430' [1][0] OK
C:[20/11/2012 15:02:06.76][172.16.8.247][1232] SELECT c_asigna FROM dace004 WHERE exp_e='10-22813080' AND c_asigna='300317' AND status IN ('0','3','B') [1][0] OK
C:[20/11/2012 15:02:06.76][172.16.8.247][1232] SELECT c_asigna FROM dace004 WHERE exp_e='10-22813080' AND c_asigna='300318' AND status IN ('0','3','B') [1][0] OK
C:[20/11/2012 15:02:06.76][172.16.8.247][1232] SELECT c_asigna FROM dace004 WHERE exp_e='10-22813080' AND c_asigna='300313' AND status IN ('0','3','B') [1][0] OK
C:[20/11/2012 15:02:06.76][172.16.8.247][1232] SELECT c_asigna FROM dace004 WHERE exp_e='10-22813080' AND c_asigna='300222' AND status IN ('0','3','B') [1][0] OK
C:[20/11/2012 15:02:06.76][172.16.8.247][1232] SELECT c_asigna FROM dace004 WHERE exp_e='10-22813080' AND c_asigna='300226' AND status IN ('0','3','B') [1][0] OK
C:[20/11/2012 15:02:06.76][172.16.8.247][1232] SELECT c_asigna FROM dace004 WHERE exp_e='10-22813080' AND c_asigna='300209' AND status IN ('0','3','B') [1][0] OK
C:[20/11/2012 15:02:06.76][172.16.8.247][1219] SELECT pre_cod_asig1,pre_cod_asig2,pre_cod_asig3,pre_cod_asig4,pre_cod_asig5,pre_cod_asig6,pre_cod_asig7 FROM tblaca009 WHERE pensum='5' AND c_uni_ca='3' AND c_asigna='311431' [1][0] OK
C:[20/11/2012 15:02:06.76][172.16.8.247][1232] SELECT c_asigna FROM dace004 WHERE exp_e='10-22813080' AND c_asigna='311320' AND status IN ('0','3','B') [1][0] OK
C:[20/11/2012 15:02:06.76][172.16.8.247][1232] SELECT c_asigna FROM dace004 WHERE exp_e='10-22813080' AND c_asigna='300013' AND status IN ('0','3','B') [1][0] OK
C:[20/11/2012 15:02:06.76][172.16.8.247][1232] SELECT c_asigna FROM dace004 WHERE exp_e='10-22813080' AND c_asigna='300113' AND status IN ('0','3','B') [1][0] OK
C:[20/11/2012 15:02:06.76][172.16.8.247][1232] SELECT c_asigna FROM dace004 WHERE exp_e='10-22813080' AND c_asigna='300222' AND status IN ('0','3','B') [1][0] OK
C:[20/11/2012 15:02:06.76][172.16.8.247][1232] SELECT c_asigna FROM dace004 WHERE exp_e='10-22813080' AND c_asigna='300226' AND status IN ('0','3','B') [1][0] OK
C:[20/11/2012 15:02:06.76][172.16.8.247][1232] SELECT c_asigna FROM dace004 WHERE exp_e='10-22813080' AND c_asigna='300209' AND status IN ('0','3','B') [1][0] OK
C:[20/11/2012 15:02:06.76][172.16.8.247][1219] SELECT pre_cod_asig1,pre_cod_asig2,pre_cod_asig3,pre_cod_asig4,pre_cod_asig5,pre_cod_asig6,pre_cod_asig7 FROM tblaca009 WHERE pensum='5' AND c_uni_ca='3' AND c_asigna='311434' [1][0] OK
C:[20/11/2012 15:02:06.76][172.16.8.247][1232] SELECT c_asigna FROM dace004 WHERE exp_e='10-22813080' AND c_asigna='300222' AND status IN ('0','3','B') [1][0] OK
C:[20/11/2012 15:02:06.76][172.16.8.247][1232] SELECT c_asigna FROM dace004 WHERE exp_e='10-22813080' AND c_asigna='300226' AND status IN ('0','3','B') [1][0] OK
C:[20/11/2012 15:02:06.76][172.16.8.247][1232] SELECT c_asigna FROM dace004 WHERE exp_e='10-22813080' AND c_asigna='300209' AND status IN ('0','3','B') [1][0] OK
C:[20/11/2012 15:02:06.76][172.16.8.247][1219] SELECT pre_cod_asig1,pre_cod_asig2,pre_cod_asig3,pre_cod_asig4,pre_cod_asig5,pre_cod_asig6,pre_cod_asig7 FROM tblaca009 WHERE pensum='5' AND c_uni_ca='3' AND c_asigna='311552' [1][0] OK
C:[20/11/2012 15:02:06.76][172.16.8.247][1232] SELECT c_asigna FROM dace004 WHERE exp_e='10-22813080' AND c_asigna='300317' AND status IN ('0','3','B') [1][0] OK
C:[20/11/2012 15:02:06.76][172.16.8.247][1232] SELECT c_asigna FROM dace004 WHERE exp_e='10-22813080' AND c_asigna='300209' AND status IN ('0','3','B') [1][0] OK
C:[20/11/2012 15:02:06.76][172.16.8.247][1219] SELECT pre_cod_asig1,pre_cod_asig2,pre_cod_asig3,pre_cod_asig4,pre_cod_asig5,pre_cod_asig6,pre_cod_asig7 FROM tblaca009 WHERE pensum='5' AND c_uni_ca='3' AND c_asigna='312444' [1][0] OK
C:[20/11/2012 15:02:06.76][172.16.8.247][1232] SELECT c_asigna FROM dace004 WHERE exp_e='10-22813080' AND c_asigna='312333' AND status IN ('0','3','B') [1][0] OK
C:[20/11/2012 15:02:07.02][172.16.8.247][1263] SELECT par_cod_asig1,par_cod_asig2,par_cod_asig3 FROM tblaca009 WHERE pensum='5' AND c_uni_ca='3' AND c_asigna='300428' [1][0] OK
C:[20/11/2012 15:02:07.02][172.16.8.247][1263] SELECT par_cod_asig1,par_cod_asig2,par_cod_asig3 FROM tblaca009 WHERE pensum='5' AND c_uni_ca='3' AND c_asigna='311430' [1][0] OK
C:[20/11/2012 15:02:07.02][172.16.8.247][1263] SELECT par_cod_asig1,par_cod_asig2,par_cod_asig3 FROM tblaca009 WHERE pensum='5' AND c_uni_ca='3' AND c_asigna='311431' [1][0] OK
C:[20/11/2012 15:02:07.02][172.16.8.247][1277] SELECT c_asigna FROM dace004 WHERE exp_e='10-22813080' AND c_asigna='311430' AND status IN ('0','3','B','C') [0][0] OK
C:[20/11/2012 15:02:07.02][172.16.8.247][1263] SELECT par_cod_asig1,par_cod_asig2,par_cod_asig3 FROM tblaca009 WHERE pensum='5' AND c_uni_ca='3' AND c_asigna='311434' [1][0] OK
C:[20/11/2012 15:02:07.02][172.16.8.247][1277] SELECT c_asigna FROM dace004 WHERE exp_e='10-22813080' AND c_asigna='311431' AND status IN ('0','3','B','C') [0][0] OK
C:[20/11/2012 15:02:07.02][172.16.8.247][1263] SELECT par_cod_asig1,par_cod_asig2,par_cod_asig3 FROM tblaca009 WHERE pensum='5' AND c_uni_ca='3' AND c_asigna='311552' [1][0] OK
C:[20/11/2012 15:02:07.02][172.16.8.247][1263] SELECT par_cod_asig1,par_cod_asig2,par_cod_asig3 FROM tblaca009 WHERE pensum='5' AND c_uni_ca='3' AND c_asigna='312444' [1][0] OK
C:[20/11/2012 15:02:08.02][172.16.8.247][1334] SELECT c_asigna FROM tblaca009 WHERE pensum='5' AND c_uni_ca='3' AND ((par_cod_asig1='300422') OR (par_cod_asig2='300422') OR (par_cod_asig3='300422'))  [0][0] OK
C:[20/11/2012 15:15:13.22][172.16.8.125][1219] SELECT pre_cod_asig1,pre_cod_asig2,pre_cod_asig3,pre_cod_asig4,pre_cod_asig5,pre_cod_asig6,pre_cod_asig7 FROM tblaca009 WHERE pensum='5' AND c_uni_ca='3' AND c_asigna='300314' [1][0] OK
C:[20/11/2012 15:15:13.22][172.16.8.125][1232] SELECT c_asigna FROM dace004 WHERE exp_e='83-08525172' AND c_asigna='300106' AND status IN ('0','3','B') [1][0] OK
C:[20/11/2012 15:15:13.22][172.16.8.125][1219] SELECT pre_cod_asig1,pre_cod_asig2,pre_cod_asig3,pre_cod_asig4,pre_cod_asig5,pre_cod_asig6,pre_cod_asig7 FROM tblaca009 WHERE pensum='5' AND c_uni_ca='3' AND c_asigna='311094' [1][0] OK
C:[20/11/2012 15:15:13.22][172.16.8.125][1232] SELECT c_asigna FROM dace004 WHERE exp_e='83-08525172' AND c_asigna='311822' AND status IN ('0','3','B') [1][0] OK
C:[20/11/2012 15:15:13.22][172.16.8.125][1232] SELECT c_asigna FROM dace004 WHERE exp_e='83-08525172' AND c_asigna='311823' AND status IN ('0','3','B') [1][0] OK
C:[20/11/2012 15:15:13.84][172.16.8.125][1263] SELECT par_cod_asig1,par_cod_asig2,par_cod_asig3 FROM tblaca009 WHERE pensum='5' AND c_uni_ca='3' AND c_asigna='300314' [1][0] OK
C:[20/11/2012 15:15:13.84][172.16.8.125][1263] SELECT par_cod_asig1,par_cod_asig2,par_cod_asig3 FROM tblaca009 WHERE pensum='5' AND c_uni_ca='3' AND c_asigna='311094' [1][0] OK
C:[20/11/2012 16:46:38.80][200.84.64.154][1219] SELECT pre_cod_asig1,pre_cod_asig2,pre_cod_asig3,pre_cod_asig4,pre_cod_asig5,pre_cod_asig6,pre_cod_asig7 FROM tblaca009 WHERE pensum='5' AND c_uni_ca='5' AND c_asigna='355447' [1][0] OK
C:[20/11/2012 16:46:38.80][200.84.64.154][1232] SELECT c_asigna FROM dace004 WHERE exp_e='04-18158205' AND c_asigna='351330' AND status IN ('0','3','B') [1][0] OK
C:[20/11/2012 16:46:38.80][200.84.64.154][1219] SELECT pre_cod_asig1,pre_cod_asig2,pre_cod_asig3,pre_cod_asig4,pre_cod_asig5,pre_cod_asig6,pre_cod_asig7 FROM tblaca009 WHERE pensum='5' AND c_uni_ca='5' AND c_asigna='355350' [1][0] OK
C:[20/11/2012 16:46:38.80][200.84.64.154][1232] SELECT c_asigna FROM dace004 WHERE exp_e='04-18158205' AND c_asigna='300207' AND status IN ('0','3','B') [1][0] OK
C:[20/11/2012 16:46:38.80][200.84.64.154][1232] SELECT c_asigna FROM dace004 WHERE exp_e='04-18158205' AND c_asigna='300228' AND status IN ('0','3','B') [1][0] OK
C:[20/11/2012 16:46:38.42][200.84.64.154][1263] SELECT par_cod_asig1,par_cod_asig2,par_cod_asig3 FROM tblaca009 WHERE pensum='5' AND c_uni_ca='5' AND c_asigna='355447' [1][0] OK
C:[20/11/2012 16:46:38.42][200.84.64.154][1263] SELECT par_cod_asig1,par_cod_asig2,par_cod_asig3 FROM tblaca009 WHERE pensum='5' AND c_uni_ca='5' AND c_asigna='355350' [1][0] OK
C:[20/11/2012 16:46:38.68][200.84.64.154][1334] SELECT c_asigna FROM tblaca009 WHERE pensum='5' AND c_uni_ca='5' AND ((par_cod_asig1='300013') OR (par_cod_asig2='300013') OR (par_cod_asig3='300013'))  [1][0] OK
C:[20/11/2012 16:46:38.68][200.84.64.154][1346] SELECT c_asigna FROM dace004 WHERE exp_e='04-18158205' AND c_asigna='300113' AND status IN ('0','3','B') [0][0] OK
C:[20/11/2012 16:47:50.89][200.84.64.154][1219] SELECT pre_cod_asig1,pre_cod_asig2,pre_cod_asig3,pre_cod_asig4,pre_cod_asig5,pre_cod_asig6,pre_cod_asig7 FROM tblaca009 WHERE pensum='5' AND c_uni_ca='5' AND c_asigna='355350' [1][0] OK
C:[20/11/2012 16:47:50.89][200.84.64.154][1232] SELECT c_asigna FROM dace004 WHERE exp_e='04-18158205' AND c_asigna='300207' AND status IN ('0','3','B') [1][0] OK
C:[20/11/2012 16:47:50.89][200.84.64.154][1232] SELECT c_asigna FROM dace004 WHERE exp_e='04-18158205' AND c_asigna='300228' AND status IN ('0','3','B') [1][0] OK
C:[20/11/2012 16:47:50.25][200.84.64.154][1263] SELECT par_cod_asig1,par_cod_asig2,par_cod_asig3 FROM tblaca009 WHERE pensum='5' AND c_uni_ca='5' AND c_asigna='355350' [1][0] OK
C:[20/11/2012 16:47:50.39][200.84.64.154][1334] SELECT c_asigna FROM tblaca009 WHERE pensum='5' AND c_uni_ca='5' AND ((par_cod_asig1='300013') OR (par_cod_asig2='300013') OR (par_cod_asig3='300013'))  [1][0] OK
C:[20/11/2012 16:47:50.39][200.84.64.154][1346] SELECT c_asigna FROM dace004 WHERE exp_e='04-18158205' AND c_asigna='300113' AND status IN ('0','3','B') [0][0] OK
C:[02/05/2013 09:17:51.65][172.16.12.160][1219] SELECT pre_cod_asig1,pre_cod_asig2,pre_cod_asig3,pre_cod_asig4,pre_cod_asig5,pre_cod_asig6,pre_cod_asig7 FROM tblaca009 WHERE pensum='5' AND c_uni_ca='2' AND c_asigna='300318' [1][0] OK
C:[02/05/2013 09:17:51.65][172.16.12.160][1232] SELECT c_asigna FROM dace004 WHERE exp_e='11-24560927' AND c_asigna='300228' AND status IN ('0','3','B') [1][0] OK
C:[02/05/2013 09:17:51.65][172.16.12.160][1232] SELECT c_asigna FROM dace004 WHERE exp_e='11-24560927' AND c_asigna='300207' AND status IN ('0','3','B') [1][0] OK
C:[02/05/2013 09:17:51.65][172.16.12.160][1232] SELECT c_asigna FROM dace004 WHERE exp_e='11-24560927' AND c_asigna='300218' AND status IN ('0','3','B') [1][0] OK
C:[02/05/2013 09:17:51.65][172.16.12.160][1219] SELECT pre_cod_asig1,pre_cod_asig2,pre_cod_asig3,pre_cod_asig4,pre_cod_asig5,pre_cod_asig6,pre_cod_asig7 FROM tblaca009 WHERE pensum='5' AND c_uni_ca='2' AND c_asigna='320323' [1][0] OK
C:[02/05/2013 09:17:51.65][172.16.12.160][1232] SELECT c_asigna FROM dace004 WHERE exp_e='11-24560927' AND c_asigna='300228' AND status IN ('0','3','B') [1][0] OK
C:[02/05/2013 09:17:51.65][172.16.12.160][1232] SELECT c_asigna FROM dace004 WHERE exp_e='11-24560927' AND c_asigna='300218' AND status IN ('0','3','B') [1][0] OK
C:[02/05/2013 09:17:51.65][172.16.12.160][1219] SELECT pre_cod_asig1,pre_cod_asig2,pre_cod_asig3,pre_cod_asig4,pre_cod_asig5,pre_cod_asig6,pre_cod_asig7 FROM tblaca009 WHERE pensum='5' AND c_uni_ca='2' AND c_asigna='300428' [1][0] OK
C:[02/05/2013 09:17:51.65][172.16.12.160][1232] SELECT c_asigna FROM dace004 WHERE exp_e='11-24560927' AND c_asigna='300317' AND status IN ('0','3','B') [1][0] OK
C:[02/05/2013 09:17:51.65][172.16.12.160][1232] SELECT c_asigna FROM dace004 WHERE exp_e='11-24560927' AND c_asigna='300209' AND status IN ('0','3','B') [1][0] OK
C:[02/05/2013 09:17:51.65][172.16.12.160][1219] SELECT pre_cod_asig1,pre_cod_asig2,pre_cod_asig3,pre_cod_asig4,pre_cod_asig5,pre_cod_asig6,pre_cod_asig7 FROM tblaca009 WHERE pensum='5' AND c_uni_ca='2' AND c_asigna='320437' [1][0] OK
C:[02/05/2013 09:17:51.65][172.16.12.160][1232] SELECT c_asigna FROM dace004 WHERE exp_e='11-24560927' AND c_asigna='300317' AND status IN ('0','3','B') [1][0] OK
C:[02/05/2013 09:17:51.65][172.16.12.160][1232] SELECT c_asigna FROM dace004 WHERE exp_e='11-24560927' AND c_asigna='300313' AND status IN ('0','3','B') [1][0] OK
C:[02/05/2013 09:17:51.65][172.16.12.160][1232] SELECT c_asigna FROM dace004 WHERE exp_e='11-24560927' AND c_asigna='300209' AND status IN ('0','3','B') [1][0] OK
C:[02/05/2013 09:17:51.65][172.16.12.160][1232] SELECT c_asigna FROM dace004 WHERE exp_e='11-24560927' AND c_asigna='300226' AND status IN ('0','3','B') [1][0] OK
C:[02/05/2013 09:17:51.65][172.16.12.160][1219] SELECT pre_cod_asig1,pre_cod_asig2,pre_cod_asig3,pre_cod_asig4,pre_cod_asig5,pre_cod_asig6,pre_cod_asig7 FROM tblaca009 WHERE pensum='5' AND c_uni_ca='2' AND c_asigna='322436' [1][0] OK
C:[02/05/2013 09:17:51.65][172.16.12.160][1232] SELECT c_asigna FROM dace004 WHERE exp_e='11-24560927' AND c_asigna='300317' AND status IN ('0','3','B') [1][0] OK
C:[02/05/2013 09:17:51.65][172.16.12.160][1232] SELECT c_asigna FROM dace004 WHERE exp_e='11-24560927' AND c_asigna='320311' AND status IN ('0','3','B') [1][0] OK
C:[02/05/2013 09:17:51.89][172.16.12.160][1263] SELECT par_cod_asig1,par_cod_asig2,par_cod_asig3 FROM tblaca009 WHERE pensum='5' AND c_uni_ca='2' AND c_asigna='300318' [1][0] OK
C:[02/05/2013 09:17:51.89][172.16.12.160][1263] SELECT par_cod_asig1,par_cod_asig2,par_cod_asig3 FROM tblaca009 WHERE pensum='5' AND c_uni_ca='2' AND c_asigna='320323' [1][0] OK
C:[02/05/2013 09:17:51.89][172.16.12.160][1263] SELECT par_cod_asig1,par_cod_asig2,par_cod_asig3 FROM tblaca009 WHERE pensum='5' AND c_uni_ca='2' AND c_asigna='300428' [1][0] OK
C:[02/05/2013 09:17:51.89][172.16.12.160][1263] SELECT par_cod_asig1,par_cod_asig2,par_cod_asig3 FROM tblaca009 WHERE pensum='5' AND c_uni_ca='2' AND c_asigna='320437' [1][0] OK
C:[02/05/2013 09:17:51.89][172.16.12.160][1263] SELECT par_cod_asig1,par_cod_asig2,par_cod_asig3 FROM tblaca009 WHERE pensum='5' AND c_uni_ca='2' AND c_asigna='322436' [1][0] OK
C:[02/05/2013 10:27:16.73][190.77.255.248][1219] SELECT pre_cod_asig1,pre_cod_asig2,pre_cod_asig3,pre_cod_asig4,pre_cod_asig5,pre_cod_asig6,pre_cod_asig7 FROM tblaca009 WHERE pensum='5' AND c_uni_ca='5' AND c_asigna='355722' [1][0] OK
C:[02/05/2013 10:27:16.73][190.77.255.248][1232] SELECT c_asigna FROM dace004 WHERE exp_e='06-18170149' AND c_asigna='355691' AND status IN ('0','3','B') [1][0] OK
C:[02/05/2013 10:27:16.73][190.77.255.248][1232] SELECT c_asigna FROM dace004 WHERE exp_e='06-18170149' AND c_asigna='355595' AND status IN ('0','3','B') [1][0] OK
C:[02/05/2013 10:27:16.73][190.77.255.248][1219] SELECT pre_cod_asig1,pre_cod_asig2,pre_cod_asig3,pre_cod_asig4,pre_cod_asig5,pre_cod_asig6,pre_cod_asig7 FROM tblaca009 WHERE pensum='5' AND c_uni_ca='5' AND c_asigna='300956' [1][0] OK
C:[02/05/2013 10:27:16.73][190.77.255.248][1232] SELECT c_asigna FROM dace004 WHERE exp_e='06-18170149' AND c_asigna='300422' AND status IN ('0','3','B') [1][0] OK
C:[02/05/2013 10:27:16.73][190.77.255.248][1232] SELECT c_asigna FROM dace004 WHERE exp_e='06-18170149' AND c_asigna='300105' AND status IN ('0','3','B') [1][0] OK
C:[02/05/2013 10:27:16.73][190.77.255.248][1232] SELECT c_asigna FROM dace004 WHERE exp_e='06-18170149' AND c_asigna='300314' AND status IN ('0','3','B') [1][0] OK
C:[02/05/2013 10:27:16.60][190.77.255.248][1263] SELECT par_cod_asig1,par_cod_asig2,par_cod_asig3 FROM tblaca009 WHERE pensum='5' AND c_uni_ca='5' AND c_asigna='355722' [1][0] OK
C:[02/05/2013 10:27:16.60][190.77.255.248][1263] SELECT par_cod_asig1,par_cod_asig2,par_cod_asig3 FROM tblaca009 WHERE pensum='5' AND c_uni_ca='5' AND c_asigna='300956' [1][0] OK
C:[02/05/2013 11:02:38.97][172.16.12.240][1219] SELECT pre_cod_asig1,pre_cod_asig2,pre_cod_asig3,pre_cod_asig4,pre_cod_asig5,pre_cod_asig6,pre_cod_asig7 FROM tblaca009 WHERE pensum='5' AND c_uni_ca='3' AND c_asigna='311431' [1][0] OK
C:[02/05/2013 11:02:38.97][172.16.12.240][1232] SELECT c_asigna FROM dace004 WHERE exp_e='08-17114727' AND c_asigna='311320' AND status IN ('0','3','B') [1][0] OK
C:[02/05/2013 11:02:38.97][172.16.12.240][1232] SELECT c_asigna FROM dace004 WHERE exp_e='08-17114727' AND c_asigna='300013' AND status IN ('0','3','B') [1][0] OK
C:[02/05/2013 11:02:38.97][172.16.12.240][1232] SELECT c_asigna FROM dace004 WHERE exp_e='08-17114727' AND c_asigna='300113' AND status IN ('0','3','B') [1][0] OK
C:[02/05/2013 11:02:38.97][172.16.12.240][1232] SELECT c_asigna FROM dace004 WHERE exp_e='08-17114727' AND c_asigna='300222' AND status IN ('0','3','B') [1][0] OK
C:[02/05/2013 11:02:38.97][172.16.12.240][1232] SELECT c_asigna FROM dace004 WHERE exp_e='08-17114727' AND c_asigna='300226' AND status IN ('0','3','B') [1][0] OK
C:[02/05/2013 11:02:38.97][172.16.12.240][1232] SELECT c_asigna FROM dace004 WHERE exp_e='08-17114727' AND c_asigna='300209' AND status IN ('0','3','B') [1][0] OK
C:[02/05/2013 11:02:38.97][172.16.12.240][1219] SELECT pre_cod_asig1,pre_cod_asig2,pre_cod_asig3,pre_cod_asig4,pre_cod_asig5,pre_cod_asig6,pre_cod_asig7 FROM tblaca009 WHERE pensum='5' AND c_uni_ca='3' AND c_asigna='300677' [1][0] OK
C:[02/05/2013 11:02:38.97][172.16.12.240][1219] SELECT pre_cod_asig1,pre_cod_asig2,pre_cod_asig3,pre_cod_asig4,pre_cod_asig5,pre_cod_asig6,pre_cod_asig7 FROM tblaca009 WHERE pensum='5' AND c_uni_ca='3' AND c_asigna='314787' [1][0] OK
C:[02/05/2013 11:02:38.97][172.16.12.240][1232] SELECT c_asigna FROM dace004 WHERE exp_e='08-17114727' AND c_asigna='314662' AND status IN ('0','3','B') [1][0] OK
C:[02/05/2013 11:02:38.97][172.16.12.240][1219] SELECT pre_cod_asig1,pre_cod_asig2,pre_cod_asig3,pre_cod_asig4,pre_cod_asig5,pre_cod_asig6,pre_cod_asig7 FROM tblaca009 WHERE pensum='5' AND c_uni_ca='3' AND c_asigna='311430' [1][0] OK
C:[02/05/2013 11:02:38.97][172.16.12.240][1232] SELECT c_asigna FROM dace004 WHERE exp_e='08-17114727' AND c_asigna='300317' AND status IN ('0','3','B') [1][0] OK
C:[02/05/2013 11:02:38.97][172.16.12.240][1232] SELECT c_asigna FROM dace004 WHERE exp_e='08-17114727' AND c_asigna='300318' AND status IN ('0','3','B') [1][0] OK
C:[02/05/2013 11:02:38.97][172.16.12.240][1232] SELECT c_asigna FROM dace004 WHERE exp_e='08-17114727' AND c_asigna='300313' AND status IN ('0','3','B') [1][0] OK
C:[02/05/2013 11:02:38.97][172.16.12.240][1232] SELECT c_asigna FROM dace004 WHERE exp_e='08-17114727' AND c_asigna='300222' AND status IN ('0','3','B') [1][0] OK
C:[02/05/2013 11:02:38.97][172.16.12.240][1232] SELECT c_asigna FROM dace004 WHERE exp_e='08-17114727' AND c_asigna='300226' AND status IN ('0','3','B') [1][0] OK
C:[02/05/2013 11:02:38.97][172.16.12.240][1232] SELECT c_asigna FROM dace004 WHERE exp_e='08-17114727' AND c_asigna='300209' AND status IN ('0','3','B') [1][0] OK
C:[02/05/2013 11:02:38.09][172.16.12.240][1263] SELECT par_cod_asig1,par_cod_asig2,par_cod_asig3 FROM tblaca009 WHERE pensum='5' AND c_uni_ca='3' AND c_asigna='311431' [1][0] OK
C:[02/05/2013 11:02:38.09][172.16.12.240][1277] SELECT c_asigna FROM dace004 WHERE exp_e='08-17114727' AND c_asigna='311430' AND status IN ('0','3','B','C') [0][0] OK
C:[02/05/2013 11:02:38.09][172.16.12.240][1263] SELECT par_cod_asig1,par_cod_asig2,par_cod_asig3 FROM tblaca009 WHERE pensum='5' AND c_uni_ca='3' AND c_asigna='300677' [1][0] OK
C:[02/05/2013 11:02:38.09][172.16.12.240][1263] SELECT par_cod_asig1,par_cod_asig2,par_cod_asig3 FROM tblaca009 WHERE pensum='5' AND c_uni_ca='3' AND c_asigna='314787' [1][0] OK
C:[02/05/2013 11:02:38.09][172.16.12.240][1263] SELECT par_cod_asig1,par_cod_asig2,par_cod_asig3 FROM tblaca009 WHERE pensum='5' AND c_uni_ca='3' AND c_asigna='311430' [1][0] OK
C:[02/05/2013 11:03:40.66][172.16.12.240][1219] SELECT pre_cod_asig1,pre_cod_asig2,pre_cod_asig3,pre_cod_asig4,pre_cod_asig5,pre_cod_asig6,pre_cod_asig7 FROM tblaca009 WHERE pensum='5' AND c_uni_ca='3' AND c_asigna='311431' [1][0] OK
C:[02/05/2013 11:03:40.66][172.16.12.240][1232] SELECT c_asigna FROM dace004 WHERE exp_e='08-19621779' AND c_asigna='311320' AND status IN ('0','3','B') [1][0] OK
C:[02/05/2013 11:03:40.66][172.16.12.240][1232] SELECT c_asigna FROM dace004 WHERE exp_e='08-19621779' AND c_asigna='300013' AND status IN ('0','3','B') [1][0] OK
C:[02/05/2013 11:03:40.66][172.16.12.240][1232] SELECT c_asigna FROM dace004 WHERE exp_e='08-19621779' AND c_asigna='300113' AND status IN ('0','3','B') [1][0] OK
C:[02/05/2013 11:03:40.66][172.16.12.240][1232] SELECT c_asigna FROM dace004 WHERE exp_e='08-19621779' AND c_asigna='300222' AND status IN ('0','3','B') [1][0] OK
C:[02/05/2013 11:03:40.66][172.16.12.240][1232] SELECT c_asigna FROM dace004 WHERE exp_e='08-19621779' AND c_asigna='300226' AND status IN ('0','3','B') [1][0] OK
C:[02/05/2013 11:03:40.66][172.16.12.240][1232] SELECT c_asigna FROM dace004 WHERE exp_e='08-19621779' AND c_asigna='300209' AND status IN ('0','3','B') [1][0] OK
C:[02/05/2013 11:03:40.66][172.16.12.240][1219] SELECT pre_cod_asig1,pre_cod_asig2,pre_cod_asig3,pre_cod_asig4,pre_cod_asig5,pre_cod_asig6,pre_cod_asig7 FROM tblaca009 WHERE pensum='5' AND c_uni_ca='3' AND c_asigna='311430' [1][0] OK
C:[02/05/2013 11:03:40.66][172.16.12.240][1232] SELECT c_asigna FROM dace004 WHERE exp_e='08-19621779' AND c_asigna='300317' AND status IN ('0','3','B') [1][0] OK
C:[02/05/2013 11:03:40.66][172.16.12.240][1232] SELECT c_asigna FROM dace004 WHERE exp_e='08-19621779' AND c_asigna='300318' AND status IN ('0','3','B') [1][0] OK
C:[02/05/2013 11:03:40.66][172.16.12.240][1232] SELECT c_asigna FROM dace004 WHERE exp_e='08-19621779' AND c_asigna='300313' AND status IN ('0','3','B') [1][0] OK
C:[02/05/2013 11:03:40.66][172.16.12.240][1232] SELECT c_asigna FROM dace004 WHERE exp_e='08-19621779' AND c_asigna='300222' AND status IN ('0','3','B') [1][0] OK
C:[02/05/2013 11:03:40.66][172.16.12.240][1232] SELECT c_asigna FROM dace004 WHERE exp_e='08-19621779' AND c_asigna='300226' AND status IN ('0','3','B') [1][0] OK
C:[02/05/2013 11:03:40.66][172.16.12.240][1232] SELECT c_asigna FROM dace004 WHERE exp_e='08-19621779' AND c_asigna='300209' AND status IN ('0','3','B') [1][0] OK
C:[02/05/2013 11:03:40.66][172.16.12.240][1219] SELECT pre_cod_asig1,pre_cod_asig2,pre_cod_asig3,pre_cod_asig4,pre_cod_asig5,pre_cod_asig6,pre_cod_asig7 FROM tblaca009 WHERE pensum='5' AND c_uni_ca='3' AND c_asigna='300422' [1][0] OK
C:[02/05/2013 11:03:40.66][172.16.12.240][1232] SELECT c_asigna FROM dace004 WHERE exp_e='08-19621779' AND c_asigna='300105' AND status IN ('0','3','B') [1][0] OK
C:[02/05/2013 11:03:40.66][172.16.12.240][1232] SELECT c_asigna FROM dace004 WHERE exp_e='08-19621779' AND c_asigna='300314' AND status IN ('0','3','B') [1][0] OK
C:[02/05/2013 11:03:40.66][172.16.12.240][1219] SELECT pre_cod_asig1,pre_cod_asig2,pre_cod_asig3,pre_cod_asig4,pre_cod_asig5,pre_cod_asig6,pre_cod_asig7 FROM tblaca009 WHERE pensum='5' AND c_uni_ca='3' AND c_asigna='314662' [1][0] OK
C:[02/05/2013 11:03:40.66][172.16.12.240][1232] SELECT c_asigna FROM dace004 WHERE exp_e='08-19621779' AND c_asigna='311552' AND status IN ('0','3','B') [1][0] OK
C:[02/05/2013 11:03:41.03][172.16.12.240][1263] SELECT par_cod_asig1,par_cod_asig2,par_cod_asig3 FROM tblaca009 WHERE pensum='5' AND c_uni_ca='3' AND c_asigna='311431' [1][0] OK
C:[02/05/2013 11:03:41.03][172.16.12.240][1277] SELECT c_asigna FROM dace004 WHERE exp_e='08-19621779' AND c_asigna='311430' AND status IN ('0','3','B','C') [0][0] OK
C:[02/05/2013 11:03:41.03][172.16.12.240][1263] SELECT par_cod_asig1,par_cod_asig2,par_cod_asig3 FROM tblaca009 WHERE pensum='5' AND c_uni_ca='3' AND c_asigna='311430' [1][0] OK
C:[02/05/2013 11:03:41.03][172.16.12.240][1263] SELECT par_cod_asig1,par_cod_asig2,par_cod_asig3 FROM tblaca009 WHERE pensum='5' AND c_uni_ca='3' AND c_asigna='300422' [1][0] OK
C:[02/05/2013 11:03:41.03][172.16.12.240][1263] SELECT par_cod_asig1,par_cod_asig2,par_cod_asig3 FROM tblaca009 WHERE pensum='5' AND c_uni_ca='3' AND c_asigna='314662' [1][0] OK
C:[02/05/2013 13:45:24.67][190.77.255.248][1219] SELECT pre_cod_asig1,pre_cod_asig2,pre_cod_asig3,pre_cod_asig4,pre_cod_asig5,pre_cod_asig6,pre_cod_asig7 FROM tblaca009 WHERE pensum='5' AND c_uni_ca='3' AND c_asigna='300213' [1][0] OK
C:[02/05/2013 13:45:24.67][190.77.255.248][1232] SELECT c_asigna FROM dace004 WHERE exp_e='09-21082433' AND c_asigna='300101' AND status IN ('0','3','B') [1][0] OK
C:[02/05/2013 13:45:24.67][190.77.255.248][1219] SELECT pre_cod_asig1,pre_cod_asig2,pre_cod_asig3,pre_cod_asig4,pre_cod_asig5,pre_cod_asig6,pre_cod_asig7 FROM tblaca009 WHERE pensum='5' AND c_uni_ca='3' AND c_asigna='300222' [1][0] OK
C:[02/05/2013 13:45:24.67][190.77.255.248][1232] SELECT c_asigna FROM dace004 WHERE exp_e='09-21082433' AND c_asigna='300112' AND status IN ('0','3','B') [1][0] OK
C:[02/05/2013 13:45:24.17][190.77.255.248][1263] SELECT par_cod_asig1,par_cod_asig2,par_cod_asig3 FROM tblaca009 WHERE pensum='5' AND c_uni_ca='3' AND c_asigna='300213' [1][0] OK
C:[02/05/2013 13:45:24.17][190.77.255.248][1277] SELECT c_asigna FROM dace004 WHERE exp_e='09-21082433' AND c_asigna='300209' AND status IN ('0','3','B','C') [1][0] OK
C:[02/05/2013 13:45:24.17][190.77.255.248][1263] SELECT par_cod_asig1,par_cod_asig2,par_cod_asig3 FROM tblaca009 WHERE pensum='5' AND c_uni_ca='3' AND c_asigna='300222' [1][0] OK
C:[02/05/2013 13:47:27.64][190.77.255.248][1219] SELECT pre_cod_asig1,pre_cod_asig2,pre_cod_asig3,pre_cod_asig4,pre_cod_asig5,pre_cod_asig6,pre_cod_asig7 FROM tblaca009 WHERE pensum='5' AND c_uni_ca='3' AND c_asigna='300213' [1][0] OK
C:[02/05/2013 13:47:27.64][190.77.255.248][1232] SELECT c_asigna FROM dace004 WHERE exp_e='09-21082433' AND c_asigna='300101' AND status IN ('0','3','B') [1][0] OK
C:[02/05/2013 13:47:27.64][190.77.255.248][1219] SELECT pre_cod_asig1,pre_cod_asig2,pre_cod_asig3,pre_cod_asig4,pre_cod_asig5,pre_cod_asig6,pre_cod_asig7 FROM tblaca009 WHERE pensum='5' AND c_uni_ca='3' AND c_asigna='300222' [1][0] OK
C:[02/05/2013 13:47:27.64][190.77.255.248][1232] SELECT c_asigna FROM dace004 WHERE exp_e='09-21082433' AND c_asigna='300112' AND status IN ('0','3','B') [1][0] OK
C:[02/05/2013 13:47:27.15][190.77.255.248][1263] SELECT par_cod_asig1,par_cod_asig2,par_cod_asig3 FROM tblaca009 WHERE pensum='5' AND c_uni_ca='3' AND c_asigna='300213' [1][0] OK
C:[02/05/2013 13:47:27.15][190.77.255.248][1277] SELECT c_asigna FROM dace004 WHERE exp_e='09-21082433' AND c_asigna='300209' AND status IN ('0','3','B','C') [1][0] OK
C:[02/05/2013 13:47:27.15][190.77.255.248][1263] SELECT par_cod_asig1,par_cod_asig2,par_cod_asig3 FROM tblaca009 WHERE pensum='5' AND c_uni_ca='3' AND c_asigna='300222' [1][0] OK
C:[02/05/2013 13:49:55.27][190.77.255.248][1219] SELECT pre_cod_asig1,pre_cod_asig2,pre_cod_asig3,pre_cod_asig4,pre_cod_asig5,pre_cod_asig6,pre_cod_asig7 FROM tblaca009 WHERE pensum='5' AND c_uni_ca='3' AND c_asigna='300213' [1][0] OK
C:[02/05/2013 13:49:55.27][190.77.255.248][1232] SELECT c_asigna FROM dace004 WHERE exp_e='09-21082433' AND c_asigna='300101' AND status IN ('0','3','B') [1][0] OK
C:[02/05/2013 13:49:55.27][190.77.255.248][1219] SELECT pre_cod_asig1,pre_cod_asig2,pre_cod_asig3,pre_cod_asig4,pre_cod_asig5,pre_cod_asig6,pre_cod_asig7 FROM tblaca009 WHERE pensum='5' AND c_uni_ca='3' AND c_asigna='300222' [1][0] OK
C:[02/05/2013 13:49:55.27][190.77.255.248][1232] SELECT c_asigna FROM dace004 WHERE exp_e='09-21082433' AND c_asigna='300112' AND status IN ('0','3','B') [1][0] OK
C:[02/05/2013 13:49:55.77][190.77.255.248][1263] SELECT par_cod_asig1,par_cod_asig2,par_cod_asig3 FROM tblaca009 WHERE pensum='5' AND c_uni_ca='3' AND c_asigna='300213' [1][0] OK
C:[02/05/2013 13:49:55.77][190.77.255.248][1277] SELECT c_asigna FROM dace004 WHERE exp_e='09-21082433' AND c_asigna='300209' AND status IN ('0','3','B','C') [1][0] OK
C:[02/05/2013 13:49:55.77][190.77.255.248][1263] SELECT par_cod_asig1,par_cod_asig2,par_cod_asig3 FROM tblaca009 WHERE pensum='5' AND c_uni_ca='3' AND c_asigna='300222' [1][0] OK
C:[02/05/2013 14:13:53.66][190.37.218.178][1219] SELECT pre_cod_asig1,pre_cod_asig2,pre_cod_asig3,pre_cod_asig4,pre_cod_asig5,pre_cod_asig6,pre_cod_asig7 FROM tblaca009 WHERE pensum='5' AND c_uni_ca='5' AND c_asigna='300317' [1][0] OK
C:[02/05/2013 14:13:53.66][190.37.218.178][1232] SELECT c_asigna FROM dace004 WHERE exp_e='10-20286212' AND c_asigna='300207' AND status IN ('0','3','B') [1][0] OK
C:[02/05/2013 14:13:53.66][190.37.218.178][1232] SELECT c_asigna FROM dace004 WHERE exp_e='10-20286212' AND c_asigna='300209' AND status IN ('0','3','B') [1][0] OK
C:[02/05/2013 14:13:53.66][190.37.218.178][1219] SELECT pre_cod_asig1,pre_cod_asig2,pre_cod_asig3,pre_cod_asig4,pre_cod_asig5,pre_cod_asig6,pre_cod_asig7 FROM tblaca009 WHERE pensum='5' AND c_uni_ca='5' AND c_asigna='300213' [1][0] OK
C:[02/05/2013 14:13:53.66][190.37.218.178][1232] SELECT c_asigna FROM dace004 WHERE exp_e='10-20286212' AND c_asigna='300101' AND status IN ('0','3','B') [1][0] OK
C:[02/05/2013 14:13:54.28][190.37.218.178][1263] SELECT par_cod_asig1,par_cod_asig2,par_cod_asig3 FROM tblaca009 WHERE pensum='5' AND c_uni_ca='5' AND c_asigna='300317' [1][0] OK
C:[02/05/2013 14:13:54.28][190.37.218.178][1263] SELECT par_cod_asig1,par_cod_asig2,par_cod_asig3 FROM tblaca009 WHERE pensum='5' AND c_uni_ca='5' AND c_asigna='300213' [1][0] OK
C:[02/05/2013 14:13:54.28][190.37.218.178][1277] SELECT c_asigna FROM dace004 WHERE exp_e='10-20286212' AND c_asigna='300209' AND status IN ('0','3','B','C') [1][0] OK
C:[02/05/2013 18:04:47.49][172.16.11.38][1219] SELECT pre_cod_asig1,pre_cod_asig2,pre_cod_asig3,pre_cod_asig4,pre_cod_asig5,pre_cod_asig6,pre_cod_asig7 FROM tblaca009 WHERE pensum='5' AND c_uni_ca='4' AND c_asigna='300314' [1][0] OK
C:[02/05/2013 18:04:47.49][172.16.11.38][1232] SELECT c_asigna FROM dace004 WHERE exp_e='12-25097753' AND c_asigna='300106' AND status IN ('0','3','B') [1][0] OK
C:[02/05/2013 18:04:47.49][172.16.11.38][1219] SELECT pre_cod_asig1,pre_cod_asig2,pre_cod_asig3,pre_cod_asig4,pre_cod_asig5,pre_cod_asig6,pre_cod_asig7 FROM tblaca009 WHERE pensum='5' AND c_uni_ca='4' AND c_asigna='300101' [1][0] OK
C:[02/05/2013 18:04:47.49][172.16.11.38][1219] SELECT pre_cod_asig1,pre_cod_asig2,pre_cod_asig3,pre_cod_asig4,pre_cod_asig5,pre_cod_asig6,pre_cod_asig7 FROM tblaca009 WHERE pensum='5' AND c_uni_ca='4' AND c_asigna='300222' [1][0] OK
C:[02/05/2013 18:04:47.49][172.16.11.38][1232] SELECT c_asigna FROM dace004 WHERE exp_e='12-25097753' AND c_asigna='300112' AND status IN ('0','3','B') [1][0] OK
C:[02/05/2013 18:04:47.49][172.16.11.38][1219] SELECT pre_cod_asig1,pre_cod_asig2,pre_cod_asig3,pre_cod_asig4,pre_cod_asig5,pre_cod_asig6,pre_cod_asig7 FROM tblaca009 WHERE pensum='5' AND c_uni_ca='4' AND c_asigna='300226' [1][0] OK
C:[02/05/2013 18:04:47.49][172.16.11.38][1232] SELECT c_asigna FROM dace004 WHERE exp_e='12-25097753' AND c_asigna='300116' AND status IN ('0','3','B') [1][0] OK
C:[02/05/2013 18:04:47.37][172.16.11.38][1263] SELECT par_cod_asig1,par_cod_asig2,par_cod_asig3 FROM tblaca009 WHERE pensum='5' AND c_uni_ca='4' AND c_asigna='300314' [1][0] OK
C:[02/05/2013 18:04:47.37][172.16.11.38][1263] SELECT par_cod_asig1,par_cod_asig2,par_cod_asig3 FROM tblaca009 WHERE pensum='5' AND c_uni_ca='4' AND c_asigna='300101' [1][0] OK
C:[02/05/2013 18:04:47.37][172.16.11.38][1263] SELECT par_cod_asig1,par_cod_asig2,par_cod_asig3 FROM tblaca009 WHERE pensum='5' AND c_uni_ca='4' AND c_asigna='300222' [1][0] OK
C:[02/05/2013 18:04:47.37][172.16.11.38][1263] SELECT par_cod_asig1,par_cod_asig2,par_cod_asig3 FROM tblaca009 WHERE pensum='5' AND c_uni_ca='4' AND c_asigna='300226' [1][0] OK
C:[02/05/2013 18:49:31.94][190.200.29.208][1219] SELECT pre_cod_asig1,pre_cod_asig2,pre_cod_asig3,pre_cod_asig4,pre_cod_asig5,pre_cod_asig6,pre_cod_asig7 FROM tblaca009 WHERE pensum='5' AND c_uni_ca='5' AND c_asigna='300222' [1][0] OK
C:[02/05/2013 18:49:31.94][190.200.29.208][1232] SELECT c_asigna FROM dace004 WHERE exp_e='03-17441373' AND c_asigna='300112' AND status IN ('0','3','B') [1][0] OK
C:[02/05/2013 18:49:31.94][190.200.29.208][1219] SELECT pre_cod_asig1,pre_cod_asig2,pre_cod_asig3,pre_cod_asig4,pre_cod_asig5,pre_cod_asig6,pre_cod_asig7 FROM tblaca009 WHERE pensum='5' AND c_uni_ca='5' AND c_asigna='355692' [1][0] OK
C:[02/05/2013 18:49:31.94][190.200.29.208][1232] SELECT c_asigna FROM dace004 WHERE exp_e='03-17441373' AND c_asigna='355448' AND status IN ('0','3','B') [1][0] OK
C:[02/05/2013 18:49:31.94][190.200.29.208][1232] SELECT c_asigna FROM dace004 WHERE exp_e='03-17441373' AND c_asigna='355570' AND status IN ('0','3','B') [1][0] OK
C:[02/05/2013 18:49:31.94][190.200.29.208][1219] SELECT pre_cod_asig1,pre_cod_asig2,pre_cod_asig3,pre_cod_asig4,pre_cod_asig5,pre_cod_asig6,pre_cod_asig7 FROM tblaca009 WHERE pensum='5' AND c_uni_ca='5' AND c_asigna='355951' [1][0] OK
C:[02/05/2013 18:49:31.94][190.200.29.208][1232] SELECT c_asigna FROM dace004 WHERE exp_e='03-17441373' AND c_asigna='355691' AND status IN ('0','3','B') [1][0] OK
C:[02/05/2013 18:49:31.94][190.200.29.208][1219] SELECT pre_cod_asig1,pre_cod_asig2,pre_cod_asig3,pre_cod_asig4,pre_cod_asig5,pre_cod_asig6,pre_cod_asig7 FROM tblaca009 WHERE pensum='5' AND c_uni_ca='5' AND c_asigna='355953' [1][0] OK
C:[02/05/2013 18:49:31.94][190.200.29.208][1232] SELECT c_asigna FROM dace004 WHERE exp_e='03-17441373' AND c_asigna='355691' AND status IN ('0','3','B') [1][0] OK
C:[02/05/2013 18:49:31.62][190.200.29.208][1263] SELECT par_cod_asig1,par_cod_asig2,par_cod_asig3 FROM tblaca009 WHERE pensum='5' AND c_uni_ca='5' AND c_asigna='300222' [1][0] OK
C:[02/05/2013 18:49:31.62][190.200.29.208][1263] SELECT par_cod_asig1,par_cod_asig2,par_cod_asig3 FROM tblaca009 WHERE pensum='5' AND c_uni_ca='5' AND c_asigna='355692' [1][0] OK
C:[02/05/2013 18:49:31.62][190.200.29.208][1263] SELECT par_cod_asig1,par_cod_asig2,par_cod_asig3 FROM tblaca009 WHERE pensum='5' AND c_uni_ca='5' AND c_asigna='355951' [1][0] OK
C:[02/05/2013 18:49:31.62][190.200.29.208][1263] SELECT par_cod_asig1,par_cod_asig2,par_cod_asig3 FROM tblaca009 WHERE pensum='5' AND c_uni_ca='5' AND c_asigna='355953' [1][0] OK
C:[02/05/2013 19:04:47.04][190.200.29.208][1219] SELECT pre_cod_asig1,pre_cod_asig2,pre_cod_asig3,pre_cod_asig4,pre_cod_asig5,pre_cod_asig6,pre_cod_asig7 FROM tblaca009 WHERE pensum='5' AND c_uni_ca='5' AND c_asigna='300222' [1][0] OK
C:[02/05/2013 19:04:47.04][190.200.29.208][1232] SELECT c_asigna FROM dace004 WHERE exp_e='03-17441373' AND c_asigna='300112' AND status IN ('0','3','B') [1][0] OK
C:[02/05/2013 19:04:47.04][190.200.29.208][1219] SELECT pre_cod_asig1,pre_cod_asig2,pre_cod_asig3,pre_cod_asig4,pre_cod_asig5,pre_cod_asig6,pre_cod_asig7 FROM tblaca009 WHERE pensum='5' AND c_uni_ca='5' AND c_asigna='355692' [1][0] OK
C:[02/05/2013 19:04:47.04][190.200.29.208][1232] SELECT c_asigna FROM dace004 WHERE exp_e='03-17441373' AND c_asigna='355448' AND status IN ('0','3','B') [1][0] OK
C:[02/05/2013 19:04:47.04][190.200.29.208][1232] SELECT c_asigna FROM dace004 WHERE exp_e='03-17441373' AND c_asigna='355570' AND status IN ('0','3','B') [1][0] OK
C:[02/05/2013 19:04:47.04][190.200.29.208][1219] SELECT pre_cod_asig1,pre_cod_asig2,pre_cod_asig3,pre_cod_asig4,pre_cod_asig5,pre_cod_asig6,pre_cod_asig7 FROM tblaca009 WHERE pensum='5' AND c_uni_ca='5' AND c_asigna='355951' [1][0] OK
C:[02/05/2013 19:04:47.04][190.200.29.208][1232] SELECT c_asigna FROM dace004 WHERE exp_e='03-17441373' AND c_asigna='355691' AND status IN ('0','3','B') [1][0] OK
C:[02/05/2013 19:04:47.04][190.200.29.208][1219] SELECT pre_cod_asig1,pre_cod_asig2,pre_cod_asig3,pre_cod_asig4,pre_cod_asig5,pre_cod_asig6,pre_cod_asig7 FROM tblaca009 WHERE pensum='5' AND c_uni_ca='5' AND c_asigna='355953' [1][0] OK
C:[02/05/2013 19:04:47.04][190.200.29.208][1232] SELECT c_asigna FROM dace004 WHERE exp_e='03-17441373' AND c_asigna='355691' AND status IN ('0','3','B') [1][0] OK
C:[02/05/2013 19:04:48.17][190.200.29.208][1263] SELECT par_cod_asig1,par_cod_asig2,par_cod_asig3 FROM tblaca009 WHERE pensum='5' AND c_uni_ca='5' AND c_asigna='300222' [1][0] OK
C:[02/05/2013 19:04:48.17][190.200.29.208][1263] SELECT par_cod_asig1,par_cod_asig2,par_cod_asig3 FROM tblaca009 WHERE pensum='5' AND c_uni_ca='5' AND c_asigna='355692' [1][0] OK
C:[02/05/2013 19:04:48.17][190.200.29.208][1263] SELECT par_cod_asig1,par_cod_asig2,par_cod_asig3 FROM tblaca009 WHERE pensum='5' AND c_uni_ca='5' AND c_asigna='355951' [1][0] OK
C:[02/05/2013 19:04:48.17][190.200.29.208][1263] SELECT par_cod_asig1,par_cod_asig2,par_cod_asig3 FROM tblaca009 WHERE pensum='5' AND c_uni_ca='5' AND c_asigna='355953' [1][0] OK
C:[02/05/2013 19:21:31.40][186.95.19.236][1219] SELECT pre_cod_asig1,pre_cod_asig2,pre_cod_asig3,pre_cod_asig4,pre_cod_asig5,pre_cod_asig6,pre_cod_asig7 FROM tblaca009 WHERE pensum='5' AND c_uni_ca='5' AND c_asigna='355723' [1][0] OK
C:[02/05/2013 19:21:31.40][186.95.19.236][1232] SELECT c_asigna FROM dace004 WHERE exp_e='08-25744115' AND c_asigna='355694' AND status IN ('0','3','B') [1][0] OK
C:[02/05/2013 19:21:31.40][186.95.19.236][1219] SELECT pre_cod_asig1,pre_cod_asig2,pre_cod_asig3,pre_cod_asig4,pre_cod_asig5,pre_cod_asig6,pre_cod_asig7 FROM tblaca009 WHERE pensum='5' AND c_uni_ca='5' AND c_asigna='355595' [1][0] OK
C:[02/05/2013 19:21:31.40][186.95.19.236][1232] SELECT c_asigna FROM dace004 WHERE exp_e='08-25744115' AND c_asigna='351451' AND status IN ('0','3','B') [1][0] OK
C:[02/05/2013 19:21:31.40][186.95.19.236][1232] SELECT c_asigna FROM dace004 WHERE exp_e='08-25744115' AND c_asigna='355350' AND status IN ('0','3','B') [1][0] OK
C:[02/05/2013 19:21:31.40][186.95.19.236][1232] SELECT c_asigna FROM dace004 WHERE exp_e='08-25744115' AND c_asigna='300318' AND status IN ('0','3','B') [1][0] OK
C:[02/05/2013 19:21:31.40][186.95.19.236][1219] SELECT pre_cod_asig1,pre_cod_asig2,pre_cod_asig3,pre_cod_asig4,pre_cod_asig5,pre_cod_asig6,pre_cod_asig7 FROM tblaca009 WHERE pensum='5' AND c_uni_ca='5' AND c_asigna='355696' [1][0] OK
C:[02/05/2013 19:21:31.40][186.95.19.236][1232] SELECT c_asigna FROM dace004 WHERE exp_e='08-25744115' AND c_asigna='355570' AND status IN ('0','3','B') [1][0] OK
C:[02/05/2013 19:21:31.40][186.95.19.236][1232] SELECT c_asigna FROM dace004 WHERE exp_e='08-25744115' AND c_asigna='355571' AND status IN ('0','3','B') [1][0] OK
C:[02/05/2013 19:21:31.40][186.95.19.236][1219] SELECT pre_cod_asig1,pre_cod_asig2,pre_cod_asig3,pre_cod_asig4,pre_cod_asig5,pre_cod_asig6,pre_cod_asig7 FROM tblaca009 WHERE pensum='5' AND c_uni_ca='5' AND c_asigna='355725' [1][0] OK
C:[02/05/2013 19:21:31.40][186.95.19.236][1232] SELECT c_asigna FROM dace004 WHERE exp_e='08-25744115' AND c_asigna='355693' AND status IN ('0','3','B') [1][0] OK
C:[02/05/2013 19:21:31.40][186.95.19.236][1232] SELECT c_asigna FROM dace004 WHERE exp_e='08-25744115' AND c_asigna='355692' AND status IN ('0','3','B') [1][0] OK
C:[02/05/2013 19:21:31.40][186.95.19.236][1219] SELECT pre_cod_asig1,pre_cod_asig2,pre_cod_asig3,pre_cod_asig4,pre_cod_asig5,pre_cod_asig6,pre_cod_asig7 FROM tblaca009 WHERE pensum='5' AND c_uni_ca='5' AND c_asigna='355951' [1][0] OK
C:[02/05/2013 19:21:31.40][186.95.19.236][1232] SELECT c_asigna FROM dace004 WHERE exp_e='08-25744115' AND c_asigna='355691' AND status IN ('0','3','B') [1][0] OK
C:[02/05/2013 19:21:31.40][186.95.19.236][1219] SELECT pre_cod_asig1,pre_cod_asig2,pre_cod_asig3,pre_cod_asig4,pre_cod_asig5,pre_cod_asig6,pre_cod_asig7 FROM tblaca009 WHERE pensum='5' AND c_uni_ca='5' AND c_asigna='300422' [1][0] OK
C:[02/05/2013 19:21:31.40][186.95.19.236][1232] SELECT c_asigna FROM dace004 WHERE exp_e='08-25744115' AND c_asigna='300105' AND status IN ('0','3','B') [1][0] OK
C:[02/05/2013 19:21:31.40][186.95.19.236][1232] SELECT c_asigna FROM dace004 WHERE exp_e='08-25744115' AND c_asigna='300314' AND status IN ('0','3','B') [1][0] OK
C:[02/05/2013 19:21:31.77][186.95.19.236][1263] SELECT par_cod_asig1,par_cod_asig2,par_cod_asig3 FROM tblaca009 WHERE pensum='5' AND c_uni_ca='5' AND c_asigna='355723' [1][0] OK
C:[02/05/2013 19:21:31.77][186.95.19.236][1263] SELECT par_cod_asig1,par_cod_asig2,par_cod_asig3 FROM tblaca009 WHERE pensum='5' AND c_uni_ca='5' AND c_asigna='355595' [1][0] OK
C:[02/05/2013 19:21:31.77][186.95.19.236][1263] SELECT par_cod_asig1,par_cod_asig2,par_cod_asig3 FROM tblaca009 WHERE pensum='5' AND c_uni_ca='5' AND c_asigna='355696' [1][0] OK
C:[02/05/2013 19:21:31.77][186.95.19.236][1263] SELECT par_cod_asig1,par_cod_asig2,par_cod_asig3 FROM tblaca009 WHERE pensum='5' AND c_uni_ca='5' AND c_asigna='355725' [1][0] OK
C:[02/05/2013 19:21:31.77][186.95.19.236][1263] SELECT par_cod_asig1,par_cod_asig2,par_cod_asig3 FROM tblaca009 WHERE pensum='5' AND c_uni_ca='5' AND c_asigna='355951' [1][0] OK
C:[02/05/2013 19:21:31.77][186.95.19.236][1263] SELECT par_cod_asig1,par_cod_asig2,par_cod_asig3 FROM tblaca009 WHERE pensum='5' AND c_uni_ca='5' AND c_asigna='300422' [1][0] OK
C:[02/05/2013 19:23:41.19][186.95.19.236][1219] SELECT pre_cod_asig1,pre_cod_asig2,pre_cod_asig3,pre_cod_asig4,pre_cod_asig5,pre_cod_asig6,pre_cod_asig7 FROM tblaca009 WHERE pensum='5' AND c_uni_ca='5' AND c_asigna='355723' [1][0] OK
C:[02/05/2013 19:23:41.19][186.95.19.236][1232] SELECT c_asigna FROM dace004 WHERE exp_e='08-21247373' AND c_asigna='355694' AND status IN ('0','3','B') [1][0] OK
C:[02/05/2013 19:23:41.19][186.95.19.236][1219] SELECT pre_cod_asig1,pre_cod_asig2,pre_cod_asig3,pre_cod_asig4,pre_cod_asig5,pre_cod_asig6,pre_cod_asig7 FROM tblaca009 WHERE pensum='5' AND c_uni_ca='5' AND c_asigna='355595' [1][0] OK
C:[02/05/2013 19:23:41.19][186.95.19.236][1232] SELECT c_asigna FROM dace004 WHERE exp_e='08-21247373' AND c_asigna='351451' AND status IN ('0','3','B') [1][0] OK
C:[02/05/2013 19:23:41.19][186.95.19.236][1232] SELECT c_asigna FROM dace004 WHERE exp_e='08-21247373' AND c_asigna='355350' AND status IN ('0','3','B') [1][0] OK
C:[02/05/2013 19:23:41.19][186.95.19.236][1232] SELECT c_asigna FROM dace004 WHERE exp_e='08-21247373' AND c_asigna='300318' AND status IN ('0','3','B') [1][0] OK
C:[02/05/2013 19:23:41.19][186.95.19.236][1219] SELECT pre_cod_asig1,pre_cod_asig2,pre_cod_asig3,pre_cod_asig4,pre_cod_asig5,pre_cod_asig6,pre_cod_asig7 FROM tblaca009 WHERE pensum='5' AND c_uni_ca='5' AND c_asigna='355696' [1][0] OK
C:[02/05/2013 19:23:41.19][186.95.19.236][1232] SELECT c_asigna FROM dace004 WHERE exp_e='08-21247373' AND c_asigna='355570' AND status IN ('0','3','B') [1][0] OK
C:[02/05/2013 19:23:41.19][186.95.19.236][1232] SELECT c_asigna FROM dace004 WHERE exp_e='08-21247373' AND c_asigna='355571' AND status IN ('0','3','B') [1][0] OK
C:[02/05/2013 19:23:41.19][186.95.19.236][1219] SELECT pre_cod_asig1,pre_cod_asig2,pre_cod_asig3,pre_cod_asig4,pre_cod_asig5,pre_cod_asig6,pre_cod_asig7 FROM tblaca009 WHERE pensum='5' AND c_uni_ca='5' AND c_asigna='355832' [1][0] OK
C:[02/05/2013 19:23:41.19][186.95.19.236][1232] SELECT c_asigna FROM dace004 WHERE exp_e='08-21247373' AND c_asigna='355694' AND status IN ('0','3','B') [1][0] OK
C:[02/05/2013 19:23:41.19][186.95.19.236][1219] SELECT pre_cod_asig1,pre_cod_asig2,pre_cod_asig3,pre_cod_asig4,pre_cod_asig5,pre_cod_asig6,pre_cod_asig7 FROM tblaca009 WHERE pensum='5' AND c_uni_ca='5' AND c_asigna='355951' [1][0] OK
C:[02/05/2013 19:23:41.19][186.95.19.236][1232] SELECT c_asigna FROM dace004 WHERE exp_e='08-21247373' AND c_asigna='355691' AND status IN ('0','3','B') [1][0] OK
C:[02/05/2013 19:23:41.81][186.95.19.236][1263] SELECT par_cod_asig1,par_cod_asig2,par_cod_asig3 FROM tblaca009 WHERE pensum='5' AND c_uni_ca='5' AND c_asigna='355723' [1][0] OK
C:[02/05/2013 19:23:41.81][186.95.19.236][1263] SELECT par_cod_asig1,par_cod_asig2,par_cod_asig3 FROM tblaca009 WHERE pensum='5' AND c_uni_ca='5' AND c_asigna='355595' [1][0] OK
C:[02/05/2013 19:23:41.81][186.95.19.236][1263] SELECT par_cod_asig1,par_cod_asig2,par_cod_asig3 FROM tblaca009 WHERE pensum='5' AND c_uni_ca='5' AND c_asigna='355696' [1][0] OK
C:[02/05/2013 19:23:41.81][186.95.19.236][1263] SELECT par_cod_asig1,par_cod_asig2,par_cod_asig3 FROM tblaca009 WHERE pensum='5' AND c_uni_ca='5' AND c_asigna='355832' [1][0] OK
C:[02/05/2013 19:23:41.81][186.95.19.236][1263] SELECT par_cod_asig1,par_cod_asig2,par_cod_asig3 FROM tblaca009 WHERE pensum='5' AND c_uni_ca='5' AND c_asigna='355951' [1][0] OK
C:[02/05/2013 22:46:49.64][190.205.131.2][1219] SELECT pre_cod_asig1,pre_cod_asig2,pre_cod_asig3,pre_cod_asig4,pre_cod_asig5,pre_cod_asig6,pre_cod_asig7 FROM tblaca009 WHERE pensum='5' AND c_uni_ca='3' AND c_asigna='300428' [1][0] OK
C:[02/05/2013 22:46:49.64][190.205.131.2][1232] SELECT c_asigna FROM dace004 WHERE exp_e='07-19094946' AND c_asigna='300317' AND status IN ('0','3','B') [1][0] OK
C:[02/05/2013 22:46:49.64][190.205.131.2][1232] SELECT c_asigna FROM dace004 WHERE exp_e='07-19094946' AND c_asigna='300209' AND status IN ('0','3','B') [1][0] OK
C:[02/05/2013 22:46:49.64][190.205.131.2][1219] SELECT pre_cod_asig1,pre_cod_asig2,pre_cod_asig3,pre_cod_asig4,pre_cod_asig5,pre_cod_asig6,pre_cod_asig7 FROM tblaca009 WHERE pensum='5' AND c_uni_ca='3' AND c_asigna='300112' [1][0] OK
C:[02/05/2013 22:46:49.13][190.205.131.2][1263] SELECT par_cod_asig1,par_cod_asig2,par_cod_asig3 FROM tblaca009 WHERE pensum='5' AND c_uni_ca='3' AND c_asigna='300428' [1][0] OK
C:[02/05/2013 22:46:49.13][190.205.131.2][1263] SELECT par_cod_asig1,par_cod_asig2,par_cod_asig3 FROM tblaca009 WHERE pensum='5' AND c_uni_ca='3' AND c_asigna='300112' [1][0] OK
C:[03/05/2013 09:20:17.95][190.121.238.133][1219] SELECT pre_cod_asig1,pre_cod_asig2,pre_cod_asig3,pre_cod_asig4,pre_cod_asig5,pre_cod_asig6,pre_cod_asig7 FROM tblaca009 WHERE pensum='5' AND c_uni_ca='4' AND c_asigna='300106' [1][0] OK
C:[03/05/2013 09:20:17.95][190.121.238.133][1219] SELECT pre_cod_asig1,pre_cod_asig2,pre_cod_asig3,pre_cod_asig4,pre_cod_asig5,pre_cod_asig6,pre_cod_asig7 FROM tblaca009 WHERE pensum='5' AND c_uni_ca='4' AND c_asigna='333326' [1][0] OK
C:[03/05/2013 09:20:17.95][190.121.238.133][1219] SELECT pre_cod_asig1,pre_cod_asig2,pre_cod_asig3,pre_cod_asig4,pre_cod_asig5,pre_cod_asig6,pre_cod_asig7 FROM tblaca009 WHERE pensum='5' AND c_uni_ca='4' AND c_asigna='300112' [1][0] OK
C:[03/05/2013 09:20:17.32][190.121.238.133][1263] SELECT par_cod_asig1,par_cod_asig2,par_cod_asig3 FROM tblaca009 WHERE pensum='5' AND c_uni_ca='4' AND c_asigna='300106' [1][0] OK
C:[03/05/2013 09:20:17.32][190.121.238.133][1263] SELECT par_cod_asig1,par_cod_asig2,par_cod_asig3 FROM tblaca009 WHERE pensum='5' AND c_uni_ca='4' AND c_asigna='333326' [1][0] OK
C:[03/05/2013 09:20:17.32][190.121.238.133][1263] SELECT par_cod_asig1,par_cod_asig2,par_cod_asig3 FROM tblaca009 WHERE pensum='5' AND c_uni_ca='4' AND c_asigna='300112' [1][0] OK
C:[03/05/2013 09:20:17.70][190.121.238.133][1334] SELECT c_asigna FROM tblaca009 WHERE pensum='5' AND c_uni_ca='4' AND ((par_cod_asig1='300013') OR (par_cod_asig2='300013') OR (par_cod_asig3='300013'))  [1][0] OK
C:[03/05/2013 09:20:17.70][190.121.238.133][1346] SELECT c_asigna FROM dace004 WHERE exp_e='12-25329412' AND c_asigna='300113' AND status IN ('0','3','B') [0][0] OK
C:[03/05/2013 09:20:17.70][190.121.238.133][1334] SELECT c_asigna FROM tblaca009 WHERE pensum='5' AND c_uni_ca='4' AND ((par_cod_asig1='300101') OR (par_cod_asig2='300101') OR (par_cod_asig3='300101'))  [0][0] OK
C:[03/05/2013 10:02:48.19][190.121.238.133][1219] SELECT pre_cod_asig1,pre_cod_asig2,pre_cod_asig3,pre_cod_asig4,pre_cod_asig5,pre_cod_asig6,pre_cod_asig7 FROM tblaca009 WHERE pensum='5' AND c_uni_ca='4' AND c_asigna='300013' [1][0] OK
C:[03/05/2013 10:02:48.19][190.121.238.133][1219] SELECT pre_cod_asig1,pre_cod_asig2,pre_cod_asig3,pre_cod_asig4,pre_cod_asig5,pre_cod_asig6,pre_cod_asig7 FROM tblaca009 WHERE pensum='5' AND c_uni_ca='4' AND c_asigna='300106' [1][0] OK
C:[03/05/2013 10:02:48.19][190.121.238.133][1219] SELECT pre_cod_asig1,pre_cod_asig2,pre_cod_asig3,pre_cod_asig4,pre_cod_asig5,pre_cod_asig6,pre_cod_asig7 FROM tblaca009 WHERE pensum='5' AND c_uni_ca='4' AND c_asigna='333326' [1][0] OK
C:[03/05/2013 10:02:48.19][190.121.238.133][1219] SELECT pre_cod_asig1,pre_cod_asig2,pre_cod_asig3,pre_cod_asig4,pre_cod_asig5,pre_cod_asig6,pre_cod_asig7 FROM tblaca009 WHERE pensum='5' AND c_uni_ca='4' AND c_asigna='300112' [1][0] OK
C:[03/05/2013 10:02:48.19][190.121.238.133][1219] SELECT pre_cod_asig1,pre_cod_asig2,pre_cod_asig3,pre_cod_asig4,pre_cod_asig5,pre_cod_asig6,pre_cod_asig7 FROM tblaca009 WHERE pensum='5' AND c_uni_ca='4' AND c_asigna='300101' [1][0] OK
C:[03/05/2013 10:02:48.94][190.121.238.133][1263] SELECT par_cod_asig1,par_cod_asig2,par_cod_asig3 FROM tblaca009 WHERE pensum='5' AND c_uni_ca='4' AND c_asigna='300013' [1][0] OK
C:[03/05/2013 10:02:48.94][190.121.238.133][1263] SELECT par_cod_asig1,par_cod_asig2,par_cod_asig3 FROM tblaca009 WHERE pensum='5' AND c_uni_ca='4' AND c_asigna='300106' [1][0] OK
C:[03/05/2013 10:02:48.94][190.121.238.133][1263] SELECT par_cod_asig1,par_cod_asig2,par_cod_asig3 FROM tblaca009 WHERE pensum='5' AND c_uni_ca='4' AND c_asigna='333326' [1][0] OK
C:[03/05/2013 10:02:48.94][190.121.238.133][1263] SELECT par_cod_asig1,par_cod_asig2,par_cod_asig3 FROM tblaca009 WHERE pensum='5' AND c_uni_ca='4' AND c_asigna='300112' [1][0] OK
C:[03/05/2013 10:02:48.94][190.121.238.133][1263] SELECT par_cod_asig1,par_cod_asig2,par_cod_asig3 FROM tblaca009 WHERE pensum='5' AND c_uni_ca='4' AND c_asigna='300101' [1][0] OK
C:[03/05/2013 12:43:05.59][190.37.41.130][1219] SELECT pre_cod_asig1,pre_cod_asig2,pre_cod_asig3,pre_cod_asig4,pre_cod_asig5,pre_cod_asig6,pre_cod_asig7 FROM tblaca009 WHERE pensum='5' AND c_uni_ca='3' AND c_asigna='300317' [1][0] OK
C:[03/05/2013 12:43:05.59][190.37.41.130][1232] SELECT c_asigna FROM dace004 WHERE exp_e='10-20704091' AND c_asigna='300207' AND status IN ('0','3','B') [1][0] OK
C:[03/05/2013 12:43:05.59][190.37.41.130][1232] SELECT c_asigna FROM dace004 WHERE exp_e='10-20704091' AND c_asigna='300209' AND status IN ('0','3','B') [1][0] OK
C:[03/05/2013 12:43:05.59][190.37.41.130][1219] SELECT pre_cod_asig1,pre_cod_asig2,pre_cod_asig3,pre_cod_asig4,pre_cod_asig5,pre_cod_asig6,pre_cod_asig7 FROM tblaca009 WHERE pensum='5' AND c_uni_ca='3' AND c_asigna='300213' [1][0] OK
C:[03/05/2013 12:43:05.59][190.37.41.130][1232] SELECT c_asigna FROM dace004 WHERE exp_e='10-20704091' AND c_asigna='300101' AND status IN ('0','3','B') [1][0] OK
C:[03/05/2013 12:43:05.21][190.37.41.130][1263] SELECT par_cod_asig1,par_cod_asig2,par_cod_asig3 FROM tblaca009 WHERE pensum='5' AND c_uni_ca='3' AND c_asigna='300317' [1][0] OK
C:[03/05/2013 12:43:05.21][190.37.41.130][1263] SELECT par_cod_asig1,par_cod_asig2,par_cod_asig3 FROM tblaca009 WHERE pensum='5' AND c_uni_ca='3' AND c_asigna='300213' [1][0] OK
C:[03/05/2013 12:43:05.21][190.37.41.130][1277] SELECT c_asigna FROM dace004 WHERE exp_e='10-20704091' AND c_asigna='300209' AND status IN ('0','3','B','C') [1][0] OK
C:[03/05/2013 13:03:31.39][172.16.10.239][1219] SELECT pre_cod_asig1,pre_cod_asig2,pre_cod_asig3,pre_cod_asig4,pre_cod_asig5,pre_cod_asig6,pre_cod_asig7 FROM tblaca009 WHERE pensum='5' AND c_uni_ca='2' AND c_asigna='300013' [1][0] OK
C:[03/05/2013 13:03:31.39][172.16.10.239][1219] SELECT pre_cod_asig1,pre_cod_asig2,pre_cod_asig3,pre_cod_asig4,pre_cod_asig5,pre_cod_asig6,pre_cod_asig7 FROM tblaca009 WHERE pensum='5' AND c_uni_ca='2' AND c_asigna='300101' [1][0] OK
C:[03/05/2013 13:03:31.65][172.16.10.239][1263] SELECT par_cod_asig1,par_cod_asig2,par_cod_asig3 FROM tblaca009 WHERE pensum='5' AND c_uni_ca='2' AND c_asigna='300013' [1][0] OK
C:[03/05/2013 13:03:31.65][172.16.10.239][1263] SELECT par_cod_asig1,par_cod_asig2,par_cod_asig3 FROM tblaca009 WHERE pensum='5' AND c_uni_ca='2' AND c_asigna='300101' [1][0] OK
C:[03/05/2013 13:05:16.67][172.16.10.239][1219] SELECT pre_cod_asig1,pre_cod_asig2,pre_cod_asig3,pre_cod_asig4,pre_cod_asig5,pre_cod_asig6,pre_cod_asig7 FROM tblaca009 WHERE pensum='5' AND c_uni_ca='6' AND c_asigna='300013' [1][0] OK
C:[03/05/2013 13:05:16.67][172.16.10.239][1219] SELECT pre_cod_asig1,pre_cod_asig2,pre_cod_asig3,pre_cod_asig4,pre_cod_asig5,pre_cod_asig6,pre_cod_asig7 FROM tblaca009 WHERE pensum='5' AND c_uni_ca='6' AND c_asigna='300101' [1][0] OK
C:[03/05/2013 13:05:16.91][172.16.10.239][1263] SELECT par_cod_asig1,par_cod_asig2,par_cod_asig3 FROM tblaca009 WHERE pensum='5' AND c_uni_ca='6' AND c_asigna='300013' [1][0] OK
C:[03/05/2013 13:05:16.91][172.16.10.239][1263] SELECT par_cod_asig1,par_cod_asig2,par_cod_asig3 FROM tblaca009 WHERE pensum='5' AND c_uni_ca='6' AND c_asigna='300101' [1][0] OK
C:[03/05/2013 13:11:29.59][190.37.35.191][1219] SELECT pre_cod_asig1,pre_cod_asig2,pre_cod_asig3,pre_cod_asig4,pre_cod_asig5,pre_cod_asig6,pre_cod_asig7 FROM tblaca009 WHERE pensum='5' AND c_uni_ca='3' AND c_asigna='300317' [1][0] OK
C:[03/05/2013 13:11:29.59][190.37.35.191][1232] SELECT c_asigna FROM dace004 WHERE exp_e='10-20224539' AND c_asigna='300207' AND status IN ('0','3','B') [1][0] OK
C:[03/05/2013 13:11:29.59][190.37.35.191][1232] SELECT c_asigna FROM dace004 WHERE exp_e='10-20224539' AND c_asigna='300209' AND status IN ('0','3','B') [1][0] OK
C:[03/05/2013 13:11:29.59][190.37.35.191][1219] SELECT pre_cod_asig1,pre_cod_asig2,pre_cod_asig3,pre_cod_asig4,pre_cod_asig5,pre_cod_asig6,pre_cod_asig7 FROM tblaca009 WHERE pensum='5' AND c_uni_ca='3' AND c_asigna='300112' [1][0] OK
C:[03/05/2013 13:11:29.59][190.37.35.191][1219] SELECT pre_cod_asig1,pre_cod_asig2,pre_cod_asig3,pre_cod_asig4,pre_cod_asig5,pre_cod_asig6,pre_cod_asig7 FROM tblaca009 WHERE pensum='5' AND c_uni_ca='3' AND c_asigna='300226' [1][0] OK
C:[03/05/2013 13:11:29.59][190.37.35.191][1232] SELECT c_asigna FROM dace004 WHERE exp_e='10-20224539' AND c_asigna='300116' AND status IN ('0','3','B') [1][0] OK
C:[03/05/2013 13:11:29.59][190.37.35.191][1219] SELECT pre_cod_asig1,pre_cod_asig2,pre_cod_asig3,pre_cod_asig4,pre_cod_asig5,pre_cod_asig6,pre_cod_asig7 FROM tblaca009 WHERE pensum='5' AND c_uni_ca='3' AND c_asigna='300318' [1][0] OK
C:[03/05/2013 13:11:29.59][190.37.35.191][1232] SELECT c_asigna FROM dace004 WHERE exp_e='10-20224539' AND c_asigna='300228' AND status IN ('0','3','B') [1][0] OK
C:[03/05/2013 13:11:29.59][190.37.35.191][1232] SELECT c_asigna FROM dace004 WHERE exp_e='10-20224539' AND c_asigna='300207' AND status IN ('0','3','B') [1][0] OK
C:[03/05/2013 13:11:29.59][190.37.35.191][1232] SELECT c_asigna FROM dace004 WHERE exp_e='10-20224539' AND c_asigna='300218' AND status IN ('0','3','B') [1][0] OK
C:[03/05/2013 13:11:30.84][190.37.35.191][1263] SELECT par_cod_asig1,par_cod_asig2,par_cod_asig3 FROM tblaca009 WHERE pensum='5' AND c_uni_ca='3' AND c_asigna='300317' [1][0] OK
C:[03/05/2013 13:11:30.84][190.37.35.191][1263] SELECT par_cod_asig1,par_cod_asig2,par_cod_asig3 FROM tblaca009 WHERE pensum='5' AND c_uni_ca='3' AND c_asigna='300112' [1][0] OK
C:[03/05/2013 13:11:30.84][190.37.35.191][1263] SELECT par_cod_asig1,par_cod_asig2,par_cod_asig3 FROM tblaca009 WHERE pensum='5' AND c_uni_ca='3' AND c_asigna='300226' [1][0] OK
C:[03/05/2013 13:11:30.84][190.37.35.191][1263] SELECT par_cod_asig1,par_cod_asig2,par_cod_asig3 FROM tblaca009 WHERE pensum='5' AND c_uni_ca='3' AND c_asigna='300318' [1][0] OK
C:[03/05/2013 18:44:23.41][190.36.21.233][1219] SELECT pre_cod_asig1,pre_cod_asig2,pre_cod_asig3,pre_cod_asig4,pre_cod_asig5,pre_cod_asig6,pre_cod_asig7 FROM tblaca009 WHERE pensum='5' AND c_uni_ca='5' AND c_asigna='300105' [1][0] OK
C:[03/05/2013 18:44:23.53][190.36.21.233][1263] SELECT par_cod_asig1,par_cod_asig2,par_cod_asig3 FROM tblaca009 WHERE pensum='5' AND c_uni_ca='5' AND c_asigna='300105' [1][0] OK
C:[03/05/2013 18:44:23.66][190.36.21.233][1334] SELECT c_asigna FROM tblaca009 WHERE pensum='5' AND c_uni_ca='5' AND ((par_cod_asig1='300013') OR (par_cod_asig2='300013') OR (par_cod_asig3='300013'))  [1][0] OK
C:[03/05/2013 18:44:23.66][190.36.21.233][1346] SELECT c_asigna FROM dace004 WHERE exp_e='09-21327005' AND c_asigna='300113' AND status IN ('0','3','B') [0][0] OK
C:[04/05/2013 17:56:25.68][190.201.175.205][1219] SELECT pre_cod_asig1,pre_cod_asig2,pre_cod_asig3,pre_cod_asig4,pre_cod_asig5,pre_cod_asig6,pre_cod_asig7 FROM tblaca009 WHERE pensum='5' AND c_uni_ca='3' AND c_asigna='300207' [1][0] OK
C:[04/05/2013 17:56:25.68][190.201.175.205][1232] SELECT c_asigna FROM dace004 WHERE exp_e='07-18982938' AND c_asigna='300101' AND status IN ('0','3','B') [1][0] OK
C:[04/05/2013 17:56:25.68][190.201.175.205][1219] SELECT pre_cod_asig1,pre_cod_asig2,pre_cod_asig3,pre_cod_asig4,pre_cod_asig5,pre_cod_asig6,pre_cod_asig7 FROM tblaca009 WHERE pensum='5' AND c_uni_ca='3' AND c_asigna='300226' [1][0] OK
C:[04/05/2013 17:56:25.68][190.201.175.205][1232] SELECT c_asigna FROM dace004 WHERE exp_e='07-18982938' AND c_asigna='300116' AND status IN ('0','3','B') [1][0] OK
C:[04/05/2013 17:56:25.68][190.201.175.205][1219] SELECT pre_cod_asig1,pre_cod_asig2,pre_cod_asig3,pre_cod_asig4,pre_cod_asig5,pre_cod_asig6,pre_cod_asig7 FROM tblaca009 WHERE pensum='5' AND c_uni_ca='3' AND c_asigna='300213' [1][0] OK
C:[04/05/2013 17:56:25.68][190.201.175.205][1232] SELECT c_asigna FROM dace004 WHERE exp_e='07-18982938' AND c_asigna='300101' AND status IN ('0','3','B') [1][0] OK
C:[04/05/2013 17:56:25.68][190.201.175.205][1219] SELECT pre_cod_asig1,pre_cod_asig2,pre_cod_asig3,pre_cod_asig4,pre_cod_asig5,pre_cod_asig6,pre_cod_asig7 FROM tblaca009 WHERE pensum='5' AND c_uni_ca='3' AND c_asigna='312333' [1][0] OK
C:[04/05/2013 17:56:25.68][190.201.175.205][1232] SELECT c_asigna FROM dace004 WHERE exp_e='07-18982938' AND c_asigna='300228' AND status IN ('0','3','B') [1][0] OK
C:[04/05/2013 17:56:25.81][190.201.175.205][1263] SELECT par_cod_asig1,par_cod_asig2,par_cod_asig3 FROM tblaca009 WHERE pensum='5' AND c_uni_ca='3' AND c_asigna='300207' [1][0] OK
C:[04/05/2013 17:56:25.81][190.201.175.205][1263] SELECT par_cod_asig1,par_cod_asig2,par_cod_asig3 FROM tblaca009 WHERE pensum='5' AND c_uni_ca='3' AND c_asigna='300226' [1][0] OK
C:[04/05/2013 17:56:25.81][190.201.175.205][1263] SELECT par_cod_asig1,par_cod_asig2,par_cod_asig3 FROM tblaca009 WHERE pensum='5' AND c_uni_ca='3' AND c_asigna='300213' [1][0] OK
C:[04/05/2013 17:56:25.81][190.201.175.205][1277] SELECT c_asigna FROM dace004 WHERE exp_e='07-18982938' AND c_asigna='300209' AND status IN ('0','3','B','C') [1][0] OK
C:[04/05/2013 17:56:25.81][190.201.175.205][1263] SELECT par_cod_asig1,par_cod_asig2,par_cod_asig3 FROM tblaca009 WHERE pensum='5' AND c_uni_ca='3' AND c_asigna='312333' [1][0] OK
C:[04/05/2013 23:14:51.63][186.89.158.222][1219] SELECT pre_cod_asig1,pre_cod_asig2,pre_cod_asig3,pre_cod_asig4,pre_cod_asig5,pre_cod_asig6,pre_cod_asig7 FROM tblaca009 WHERE pensum='5' AND c_uni_ca='6' AND c_asigna='300207' [1][0] OK
C:[04/05/2013 23:14:51.63][186.89.158.222][1232] SELECT c_asigna FROM dace004 WHERE exp_e='10-21248263' AND c_asigna='300101' AND status IN ('0','3','B') [1][0] OK
C:[04/05/2013 23:14:51.63][186.89.158.222][1219] SELECT pre_cod_asig1,pre_cod_asig2,pre_cod_asig3,pre_cod_asig4,pre_cod_asig5,pre_cod_asig6,pre_cod_asig7 FROM tblaca009 WHERE pensum='5' AND c_uni_ca='6' AND c_asigna='300213' [1][0] OK
C:[04/05/2013 23:14:51.63][186.89.158.222][1232] SELECT c_asigna FROM dace004 WHERE exp_e='10-21248263' AND c_asigna='300101' AND status IN ('0','3','B') [1][0] OK
C:[04/05/2013 23:14:51.12][186.89.158.222][1263] SELECT par_cod_asig1,par_cod_asig2,par_cod_asig3 FROM tblaca009 WHERE pensum='5' AND c_uni_ca='6' AND c_asigna='300207' [1][0] OK
C:[04/05/2013 23:14:51.12][186.89.158.222][1263] SELECT par_cod_asig1,par_cod_asig2,par_cod_asig3 FROM tblaca009 WHERE pensum='5' AND c_uni_ca='6' AND c_asigna='300213' [1][0] OK
C:[04/05/2013 23:14:51.12][186.89.158.222][1277] SELECT c_asigna FROM dace004 WHERE exp_e='10-21248263' AND c_asigna='300209' AND status IN ('0','3','B','C') [1][0] OK
C:[04/05/2013 23:16:19.76][186.89.158.222][1219] SELECT pre_cod_asig1,pre_cod_asig2,pre_cod_asig3,pre_cod_asig4,pre_cod_asig5,pre_cod_asig6,pre_cod_asig7 FROM tblaca009 WHERE pensum='5' AND c_uni_ca='4' AND c_asigna='300207' [1][0] OK
C:[04/05/2013 23:16:19.76][186.89.158.222][1232] SELECT c_asigna FROM dace004 WHERE exp_e='10-23500944' AND c_asigna='300101' AND status IN ('0','3','B') [1][0] OK
C:[04/05/2013 23:16:19.01][186.89.158.222][1263] SELECT par_cod_asig1,par_cod_asig2,par_cod_asig3 FROM tblaca009 WHERE pensum='5' AND c_uni_ca='4' AND c_asigna='300207' [1][0] OK
C:[04/05/2013 23:20:02.92][186.89.158.222][1219] SELECT pre_cod_asig1,pre_cod_asig2,pre_cod_asig3,pre_cod_asig4,pre_cod_asig5,pre_cod_asig6,pre_cod_asig7 FROM tblaca009 WHERE pensum='5' AND c_uni_ca='3' AND c_asigna='300207' [1][0] OK
C:[04/05/2013 23:20:02.92][186.89.158.222][1232] SELECT c_asigna FROM dace004 WHERE exp_e='11-26138169' AND c_asigna='300101' AND status IN ('0','3','B') [1][0] OK
C:[04/05/2013 23:20:02.92][186.89.158.222][1219] SELECT pre_cod_asig1,pre_cod_asig2,pre_cod_asig3,pre_cod_asig4,pre_cod_asig5,pre_cod_asig6,pre_cod_asig7 FROM tblaca009 WHERE pensum='5' AND c_uni_ca='3' AND c_asigna='300013' [1][0] OK
C:[04/05/2013 23:20:02.29][186.89.158.222][1263] SELECT par_cod_asig1,par_cod_asig2,par_cod_asig3 FROM tblaca009 WHERE pensum='5' AND c_uni_ca='3' AND c_asigna='300207' [1][0] OK
C:[04/05/2013 23:20:02.29][186.89.158.222][1263] SELECT par_cod_asig1,par_cod_asig2,par_cod_asig3 FROM tblaca009 WHERE pensum='5' AND c_uni_ca='3' AND c_asigna='300013' [1][0] OK
C:[04/05/2013 23:36:23.56][190.39.28.125][1219] SELECT pre_cod_asig1,pre_cod_asig2,pre_cod_asig3,pre_cod_asig4,pre_cod_asig5,pre_cod_asig6,pre_cod_asig7 FROM tblaca009 WHERE pensum='5' AND c_uni_ca='3' AND c_asigna='300013' [1][0] OK
C:[04/05/2013 23:36:23.68][190.39.28.125][1263] SELECT par_cod_asig1,par_cod_asig2,par_cod_asig3 FROM tblaca009 WHERE pensum='5' AND c_uni_ca='3' AND c_asigna='300013' [1][0] OK
C:[04/05/2013 23:36:23.81][190.39.28.125][1334] SELECT c_asigna FROM tblaca009 WHERE pensum='5' AND c_uni_ca='3' AND ((par_cod_asig1='300207') OR (par_cod_asig2='300207') OR (par_cod_asig3='300207'))  [0][0] OK
C:[04/05/2013 23:37:34.89][190.39.28.125][1219] SELECT pre_cod_asig1,pre_cod_asig2,pre_cod_asig3,pre_cod_asig4,pre_cod_asig5,pre_cod_asig6,pre_cod_asig7 FROM tblaca009 WHERE pensum='5' AND c_uni_ca='3' AND c_asigna='300207' [1][0] OK
C:[04/05/2013 23:37:34.89][190.39.28.125][1232] SELECT c_asigna FROM dace004 WHERE exp_e='11-26138169' AND c_asigna='300101' AND status IN ('0','3','B') [1][0] OK
C:[04/05/2013 23:37:34.89][190.39.28.125][1219] SELECT pre_cod_asig1,pre_cod_asig2,pre_cod_asig3,pre_cod_asig4,pre_cod_asig5,pre_cod_asig6,pre_cod_asig7 FROM tblaca009 WHERE pensum='5' AND c_uni_ca='3' AND c_asigna='300013' [1][0] OK
C:[04/05/2013 23:37:34.27][190.39.28.125][1263] SELECT par_cod_asig1,par_cod_asig2,par_cod_asig3 FROM tblaca009 WHERE pensum='5' AND c_uni_ca='3' AND c_asigna='300207' [1][0] OK
C:[04/05/2013 23:37:34.27][190.39.28.125][1263] SELECT par_cod_asig1,par_cod_asig2,par_cod_asig3 FROM tblaca009 WHERE pensum='5' AND c_uni_ca='3' AND c_asigna='300013' [1][0] OK
C:[05/05/2013 16:14:37.34][190.202.214.5][1219] SELECT pre_cod_asig1,pre_cod_asig2,pre_cod_asig3,pre_cod_asig4,pre_cod_asig5,pre_cod_asig6,pre_cod_asig7 FROM tblaca009 WHERE pensum='5' AND c_uni_ca='6' AND c_asigna='300013' [1][0] OK
C:[05/05/2013 16:14:37.34][190.202.214.5][1219] SELECT pre_cod_asig1,pre_cod_asig2,pre_cod_asig3,pre_cod_asig4,pre_cod_asig5,pre_cod_asig6,pre_cod_asig7 FROM tblaca009 WHERE pensum='5' AND c_uni_ca='6' AND c_asigna='300101' [1][0] OK
C:[05/05/2013 16:14:37.34][190.202.214.5][1219] SELECT pre_cod_asig1,pre_cod_asig2,pre_cod_asig3,pre_cod_asig4,pre_cod_asig5,pre_cod_asig6,pre_cod_asig7 FROM tblaca009 WHERE pensum='5' AND c_uni_ca='6' AND c_asigna='300106' [1][0] OK
C:[05/05/2013 16:14:37.34][190.202.214.5][1219] SELECT pre_cod_asig1,pre_cod_asig2,pre_cod_asig3,pre_cod_asig4,pre_cod_asig5,pre_cod_asig6,pre_cod_asig7 FROM tblaca009 WHERE pensum='5' AND c_uni_ca='6' AND c_asigna='300112' [1][0] OK
C:[05/05/2013 16:14:37.34][190.202.214.5][1219] SELECT pre_cod_asig1,pre_cod_asig2,pre_cod_asig3,pre_cod_asig4,pre_cod_asig5,pre_cod_asig6,pre_cod_asig7 FROM tblaca009 WHERE pensum='5' AND c_uni_ca='6' AND c_asigna='300116' [1][0] OK
C:[05/05/2013 16:14:37.96][190.202.214.5][1263] SELECT par_cod_asig1,par_cod_asig2,par_cod_asig3 FROM tblaca009 WHERE pensum='5' AND c_uni_ca='6' AND c_asigna='300013' [1][0] OK
C:[05/05/2013 16:14:37.96][190.202.214.5][1263] SELECT par_cod_asig1,par_cod_asig2,par_cod_asig3 FROM tblaca009 WHERE pensum='5' AND c_uni_ca='6' AND c_asigna='300101' [1][0] OK
C:[05/05/2013 16:14:37.96][190.202.214.5][1263] SELECT par_cod_asig1,par_cod_asig2,par_cod_asig3 FROM tblaca009 WHERE pensum='5' AND c_uni_ca='6' AND c_asigna='300106' [1][0] OK
C:[05/05/2013 16:14:37.96][190.202.214.5][1263] SELECT par_cod_asig1,par_cod_asig2,par_cod_asig3 FROM tblaca009 WHERE pensum='5' AND c_uni_ca='6' AND c_asigna='300112' [1][0] OK
C:[05/05/2013 16:14:37.96][190.202.214.5][1263] SELECT par_cod_asig1,par_cod_asig2,par_cod_asig3 FROM tblaca009 WHERE pensum='5' AND c_uni_ca='6' AND c_asigna='300116' [1][0] OK
C:[05/05/2013 16:14:37.58][190.202.214.5][1334] SELECT c_asigna FROM tblaca009 WHERE pensum='5' AND c_uni_ca='6' AND ((par_cod_asig1='300113') OR (par_cod_asig2='300113') OR (par_cod_asig3='300113'))  [0][0] OK
C:[05/05/2013 19:54:05.36][190.201.9.69][1219] SELECT pre_cod_asig1,pre_cod_asig2,pre_cod_asig3,pre_cod_asig4,pre_cod_asig5,pre_cod_asig6,pre_cod_asig7 FROM tblaca009 WHERE pensum='5' AND c_uni_ca='5' AND c_asigna='300207' [1][0] OK
C:[05/05/2013 19:54:05.36][190.201.9.69][1232] SELECT c_asigna FROM dace004 WHERE exp_e='11-20804173' AND c_asigna='300101' AND status IN ('0','3','B') [1][0] OK
C:[05/05/2013 19:54:05.36][190.201.9.69][1219] SELECT pre_cod_asig1,pre_cod_asig2,pre_cod_asig3,pre_cod_asig4,pre_cod_asig5,pre_cod_asig6,pre_cod_asig7 FROM tblaca009 WHERE pensum='5' AND c_uni_ca='5' AND c_asigna='300112' [1][0] OK
C:[05/05/2013 19:54:05.74][190.201.9.69][1263] SELECT par_cod_asig1,par_cod_asig2,par_cod_asig3 FROM tblaca009 WHERE pensum='5' AND c_uni_ca='5' AND c_asigna='300207' [1][0] OK
C:[05/05/2013 19:54:05.74][190.201.9.69][1263] SELECT par_cod_asig1,par_cod_asig2,par_cod_asig3 FROM tblaca009 WHERE pensum='5' AND c_uni_ca='5' AND c_asigna='300112' [1][0] OK
C:[05/05/2013 20:14:27.56][190.201.9.69][1219] SELECT pre_cod_asig1,pre_cod_asig2,pre_cod_asig3,pre_cod_asig4,pre_cod_asig5,pre_cod_asig6,pre_cod_asig7 FROM tblaca009 WHERE pensum='5' AND c_uni_ca='6' AND c_asigna='300207' [1][0] OK
C:[05/05/2013 20:14:27.56][190.201.9.69][1232] SELECT c_asigna FROM dace004 WHERE exp_e='11-25393601' AND c_asigna='300101' AND status IN ('0','3','B') [1][0] OK
C:[05/05/2013 20:14:27.56][190.201.9.69][1219] SELECT pre_cod_asig1,pre_cod_asig2,pre_cod_asig3,pre_cod_asig4,pre_cod_asig5,pre_cod_asig6,pre_cod_asig7 FROM tblaca009 WHERE pensum='5' AND c_uni_ca='6' AND c_asigna='300222' [1][0] OK
C:[05/05/2013 20:14:27.56][190.201.9.69][1232] SELECT c_asigna FROM dace004 WHERE exp_e='11-25393601' AND c_asigna='300112' AND status IN ('0','3','B') [1][0] OK
C:[05/05/2013 20:14:27.06][190.201.9.69][1263] SELECT par_cod_asig1,par_cod_asig2,par_cod_asig3 FROM tblaca009 WHERE pensum='5' AND c_uni_ca='6' AND c_asigna='300207' [1][0] OK
C:[05/05/2013 20:14:27.06][190.201.9.69][1263] SELECT par_cod_asig1,par_cod_asig2,par_cod_asig3 FROM tblaca009 WHERE pensum='5' AND c_uni_ca='6' AND c_asigna='300222' [1][0] OK
C:[05/05/2013 22:55:50.09][201.243.99.62][1219] SELECT pre_cod_asig1,pre_cod_asig2,pre_cod_asig3,pre_cod_asig4,pre_cod_asig5,pre_cod_asig6,pre_cod_asig7 FROM tblaca009 WHERE pensum='5' AND c_uni_ca='3' AND c_asigna='300428' [1][0] OK
C:[05/05/2013 22:55:50.09][201.243.99.62][1232] SELECT c_asigna FROM dace004 WHERE exp_e='09-20286428' AND c_asigna='300317' AND status IN ('0','3','B') [1][0] OK
C:[05/05/2013 22:55:50.09][201.243.99.62][1232] SELECT c_asigna FROM dace004 WHERE exp_e='09-20286428' AND c_asigna='300209' AND status IN ('0','3','B') [1][0] OK
C:[05/05/2013 22:55:50.09][201.243.99.62][1219] SELECT pre_cod_asig1,pre_cod_asig2,pre_cod_asig3,pre_cod_asig4,pre_cod_asig5,pre_cod_asig6,pre_cod_asig7 FROM tblaca009 WHERE pensum='5' AND c_uni_ca='3' AND c_asigna='300226' [1][0] OK
C:[05/05/2013 22:55:50.09][201.243.99.62][1232] SELECT c_asigna FROM dace004 WHERE exp_e='09-20286428' AND c_asigna='300116' AND status IN ('0','3','B') [1][0] OK
C:[05/05/2013 22:55:50.09][201.243.99.62][1219] SELECT pre_cod_asig1,pre_cod_asig2,pre_cod_asig3,pre_cod_asig4,pre_cod_asig5,pre_cod_asig6,pre_cod_asig7 FROM tblaca009 WHERE pensum='5' AND c_uni_ca='3' AND c_asigna='315671' [1][0] OK
C:[05/05/2013 22:55:50.09][201.243.99.62][1232] SELECT c_asigna FROM dace004 WHERE exp_e='09-20286428' AND c_asigna='315552' AND status IN ('0','3','B') [1][0] OK
C:[05/05/2013 22:55:50.09][201.243.99.62][1219] SELECT pre_cod_asig1,pre_cod_asig2,pre_cod_asig3,pre_cod_asig4,pre_cod_asig5,pre_cod_asig6,pre_cod_asig7 FROM tblaca009 WHERE pensum='5' AND c_uni_ca='3' AND c_asigna='314787' [1][0] OK
C:[05/05/2013 22:55:50.09][201.243.99.62][1232] SELECT c_asigna FROM dace004 WHERE exp_e='09-20286428' AND c_asigna='314662' AND status IN ('0','3','B') [1][0] OK
C:[05/05/2013 22:55:50.21][201.243.99.62][1263] SELECT par_cod_asig1,par_cod_asig2,par_cod_asig3 FROM tblaca009 WHERE pensum='5' AND c_uni_ca='3' AND c_asigna='300428' [1][0] OK
C:[05/05/2013 22:55:50.21][201.243.99.62][1263] SELECT par_cod_asig1,par_cod_asig2,par_cod_asig3 FROM tblaca009 WHERE pensum='5' AND c_uni_ca='3' AND c_asigna='300226' [1][0] OK
C:[05/05/2013 22:55:50.21][201.243.99.62][1263] SELECT par_cod_asig1,par_cod_asig2,par_cod_asig3 FROM tblaca009 WHERE pensum='5' AND c_uni_ca='3' AND c_asigna='315671' [1][0] OK
C:[05/05/2013 22:55:50.21][201.243.99.62][1263] SELECT par_cod_asig1,par_cod_asig2,par_cod_asig3 FROM tblaca009 WHERE pensum='5' AND c_uni_ca='3' AND c_asigna='314787' [1][0] OK
C:[06/05/2013 09:16:02.61][172.16.8.247][1219] SELECT pre_cod_asig1,pre_cod_asig2,pre_cod_asig3,pre_cod_asig4,pre_cod_asig5,pre_cod_asig6,pre_cod_asig7 FROM tblaca009 WHERE pensum='5' AND c_uni_ca='6' AND c_asigna='300428' [1][0] OK
C:[06/05/2013 09:16:02.61][172.16.8.247][1232] SELECT c_asigna FROM dace004 WHERE exp_e='11-20975242' AND c_asigna='300317' AND status IN ('0','3','B') [1][0] OK
C:[06/05/2013 09:16:02.61][172.16.8.247][1232] SELECT c_asigna FROM dace004 WHERE exp_e='11-20975242' AND c_asigna='300209' AND status IN ('0','3','B') [1][0] OK
C:[06/05/2013 09:16:02.61][172.16.8.247][1219] SELECT pre_cod_asig1,pre_cod_asig2,pre_cod_asig3,pre_cod_asig4,pre_cod_asig5,pre_cod_asig6,pre_cod_asig7 FROM tblaca009 WHERE pensum='5' AND c_uni_ca='6' AND c_asigna='300422' [1][0] OK
C:[06/05/2013 09:16:02.61][172.16.8.247][1232] SELECT c_asigna FROM dace004 WHERE exp_e='11-20975242' AND c_asigna='300105' AND status IN ('0','3','B') [1][0] OK
C:[06/05/2013 09:16:02.61][172.16.8.247][1232] SELECT c_asigna FROM dace004 WHERE exp_e='11-20975242' AND c_asigna='300314' AND status IN ('0','3','B') [1][0] OK
C:[06/05/2013 09:16:02.61][172.16.8.247][1219] SELECT pre_cod_asig1,pre_cod_asig2,pre_cod_asig3,pre_cod_asig4,pre_cod_asig5,pre_cod_asig6,pre_cod_asig7 FROM tblaca009 WHERE pensum='5' AND c_uni_ca='6' AND c_asigna='342436' [1][0] OK
C:[06/05/2013 09:16:02.61][172.16.8.247][1232] SELECT c_asigna FROM dace004 WHERE exp_e='11-20975242' AND c_asigna='300318' AND status IN ('0','3','B') [1][0] OK
C:[06/05/2013 09:16:02.61][172.16.8.247][1232] SELECT c_asigna FROM dace004 WHERE exp_e='11-20975242' AND c_asigna='300317' AND status IN ('0','3','B') [1][0] OK
C:[06/05/2013 09:16:02.61][172.16.8.247][1219] SELECT pre_cod_asig1,pre_cod_asig2,pre_cod_asig3,pre_cod_asig4,pre_cod_asig5,pre_cod_asig6,pre_cod_asig7 FROM tblaca009 WHERE pensum='5' AND c_uni_ca='6' AND c_asigna='342444' [1][0] OK
C:[06/05/2013 09:16:02.61][172.16.8.247][1232] SELECT c_asigna FROM dace004 WHERE exp_e='11-20975242' AND c_asigna='340323' AND status IN ('0','3','B') [1][0] OK
C:[06/05/2013 09:16:02.61][172.16.8.247][1219] SELECT pre_cod_asig1,pre_cod_asig2,pre_cod_asig3,pre_cod_asig4,pre_cod_asig5,pre_cod_asig6,pre_cod_asig7 FROM tblaca009 WHERE pensum='5' AND c_uni_ca='6' AND c_asigna='344445' [1][0] OK
C:[06/05/2013 09:16:02.61][172.16.8.247][1219] SELECT pre_cod_asig1,pre_cod_asig2,pre_cod_asig3,pre_cod_asig4,pre_cod_asig5,pre_cod_asig6,pre_cod_asig7 FROM tblaca009 WHERE pensum='5' AND c_uni_ca='6' AND c_asigna='344446' [1][0] OK
C:[06/05/2013 09:16:02.61][172.16.8.247][1232] SELECT c_asigna FROM dace004 WHERE exp_e='11-20975242' AND c_asigna='300317' AND status IN ('0','3','B') [1][0] OK
C:[06/05/2013 09:16:02.61][172.16.8.247][1232] SELECT c_asigna FROM dace004 WHERE exp_e='11-20975242' AND c_asigna='300313' AND status IN ('0','3','B') [1][0] OK
C:[06/05/2013 09:16:02.61][172.16.8.247][1232] SELECT c_asigna FROM dace004 WHERE exp_e='11-20975242' AND c_asigna='300209' AND status IN ('0','3','B') [1][0] OK
C:[06/05/2013 09:16:02.61][172.16.8.247][1232] SELECT c_asigna FROM dace004 WHERE exp_e='11-20975242' AND c_asigna='300222' AND status IN ('0','3','B') [1][0] OK
C:[06/05/2013 09:16:02.61][172.16.8.247][1232] SELECT c_asigna FROM dace004 WHERE exp_e='11-20975242' AND c_asigna='300226' AND status IN ('0','3','B') [1][0] OK
C:[06/05/2013 09:16:03.86][172.16.8.247][1263] SELECT par_cod_asig1,par_cod_asig2,par_cod_asig3 FROM tblaca009 WHERE pensum='5' AND c_uni_ca='6' AND c_asigna='300428' [1][0] OK
C:[06/05/2013 09:16:03.86][172.16.8.247][1263] SELECT par_cod_asig1,par_cod_asig2,par_cod_asig3 FROM tblaca009 WHERE pensum='5' AND c_uni_ca='6' AND c_asigna='300422' [1][0] OK
C:[06/05/2013 09:16:03.86][172.16.8.247][1263] SELECT par_cod_asig1,par_cod_asig2,par_cod_asig3 FROM tblaca009 WHERE pensum='5' AND c_uni_ca='6' AND c_asigna='342436' [1][0] OK
C:[06/05/2013 09:16:03.86][172.16.8.247][1263] SELECT par_cod_asig1,par_cod_asig2,par_cod_asig3 FROM tblaca009 WHERE pensum='5' AND c_uni_ca='6' AND c_asigna='342444' [1][0] OK
C:[06/05/2013 09:16:03.86][172.16.8.247][1263] SELECT par_cod_asig1,par_cod_asig2,par_cod_asig3 FROM tblaca009 WHERE pensum='5' AND c_uni_ca='6' AND c_asigna='344445' [1][0] OK
C:[06/05/2013 09:16:03.86][172.16.8.247][1263] SELECT par_cod_asig1,par_cod_asig2,par_cod_asig3 FROM tblaca009 WHERE pensum='5' AND c_uni_ca='6' AND c_asigna='344446' [1][0] OK
C:[06/05/2013 09:21:12.17][172.16.8.247][1219] SELECT pre_cod_asig1,pre_cod_asig2,pre_cod_asig3,pre_cod_asig4,pre_cod_asig5,pre_cod_asig6,pre_cod_asig7 FROM tblaca009 WHERE pensum='5' AND c_uni_ca='3' AND c_asigna='311431' [1][0] OK
C:[06/05/2013 09:21:12.17][172.16.8.247][1232] SELECT c_asigna FROM dace004 WHERE exp_e='11-20804519' AND c_asigna='311320' AND status IN ('0','3','B') [1][0] OK
C:[06/05/2013 09:21:12.17][172.16.8.247][1232] SELECT c_asigna FROM dace004 WHERE exp_e='11-20804519' AND c_asigna='300013' AND status IN ('0','3','B') [1][0] OK
C:[06/05/2013 09:21:12.17][172.16.8.247][1232] SELECT c_asigna FROM dace004 WHERE exp_e='11-20804519' AND c_asigna='300113' AND status IN ('0','3','B') [1][0] OK
C:[06/05/2013 09:21:12.17][172.16.8.247][1232] SELECT c_asigna FROM dace004 WHERE exp_e='11-20804519' AND c_asigna='300222' AND status IN ('0','3','B') [1][0] OK
C:[06/05/2013 09:21:12.17][172.16.8.247][1232] SELECT c_asigna FROM dace004 WHERE exp_e='11-20804519' AND c_asigna='300226' AND status IN ('0','3','B') [1][0] OK
C:[06/05/2013 09:21:12.17][172.16.8.247][1232] SELECT c_asigna FROM dace004 WHERE exp_e='11-20804519' AND c_asigna='300209' AND status IN ('0','3','B') [1][0] OK
C:[06/05/2013 09:21:12.17][172.16.8.247][1219] SELECT pre_cod_asig1,pre_cod_asig2,pre_cod_asig3,pre_cod_asig4,pre_cod_asig5,pre_cod_asig6,pre_cod_asig7 FROM tblaca009 WHERE pensum='5' AND c_uni_ca='3' AND c_asigna='300317' [1][0] OK
C:[06/05/2013 09:21:12.17][172.16.8.247][1232] SELECT c_asigna FROM dace004 WHERE exp_e='11-20804519' AND c_asigna='300207' AND status IN ('0','3','B') [1][0] OK
C:[06/05/2013 09:21:12.17][172.16.8.247][1232] SELECT c_asigna FROM dace004 WHERE exp_e='11-20804519' AND c_asigna='300209' AND status IN ('0','3','B') [1][0] OK
C:[06/05/2013 09:21:12.42][172.16.8.247][1263] SELECT par_cod_asig1,par_cod_asig2,par_cod_asig3 FROM tblaca009 WHERE pensum='5' AND c_uni_ca='3' AND c_asigna='311431' [1][0] OK
C:[06/05/2013 09:21:12.42][172.16.8.247][1277] SELECT c_asigna FROM dace004 WHERE exp_e='11-20804519' AND c_asigna='311430' AND status IN ('0','3','B','C') [0][0] OK
C:[06/05/2013 09:21:12.42][172.16.8.247][1263] SELECT par_cod_asig1,par_cod_asig2,par_cod_asig3 FROM tblaca009 WHERE pensum='5' AND c_uni_ca='3' AND c_asigna='300317' [1][0] OK
C:[06/05/2013 09:39:02.98][172.16.8.247][1219] SELECT pre_cod_asig1,pre_cod_asig2,pre_cod_asig3,pre_cod_asig4,pre_cod_asig5,pre_cod_asig6,pre_cod_asig7 FROM tblaca009 WHERE pensum='5' AND c_uni_ca='3' AND c_asigna='311430' [1][0] OK
C:[06/05/2013 09:39:02.98][172.16.8.247][1232] SELECT c_asigna FROM dace004 WHERE exp_e='10-20507917' AND c_asigna='300317' AND status IN ('0','3','B') [1][0] OK
C:[06/05/2013 09:39:02.98][172.16.8.247][1232] SELECT c_asigna FROM dace004 WHERE exp_e='10-20507917' AND c_asigna='300318' AND status IN ('0','3','B') [1][0] OK
C:[06/05/2013 09:39:02.98][172.16.8.247][1232] SELECT c_asigna FROM dace004 WHERE exp_e='10-20507917' AND c_asigna='300313' AND status IN ('0','3','B') [1][0] OK
C:[06/05/2013 09:39:02.98][172.16.8.247][1232] SELECT c_asigna FROM dace004 WHERE exp_e='10-20507917' AND c_asigna='300222' AND status IN ('0','3','B') [1][0] OK
C:[06/05/2013 09:39:02.98][172.16.8.247][1232] SELECT c_asigna FROM dace004 WHERE exp_e='10-20507917' AND c_asigna='300226' AND status IN ('0','3','B') [1][0] OK
C:[06/05/2013 09:39:02.98][172.16.8.247][1232] SELECT c_asigna FROM dace004 WHERE exp_e='10-20507917' AND c_asigna='300209' AND status IN ('0','3','B') [1][0] OK
C:[06/05/2013 09:39:02.98][172.16.8.247][1219] SELECT pre_cod_asig1,pre_cod_asig2,pre_cod_asig3,pre_cod_asig4,pre_cod_asig5,pre_cod_asig6,pre_cod_asig7 FROM tblaca009 WHERE pensum='5' AND c_uni_ca='3' AND c_asigna='314662' [1][0] OK
C:[06/05/2013 09:39:02.98][172.16.8.247][1232] SELECT c_asigna FROM dace004 WHERE exp_e='10-20507917' AND c_asigna='311552' AND status IN ('0','3','B') [1][0] OK
C:[06/05/2013 09:39:02.98][172.16.8.247][1219] SELECT pre_cod_asig1,pre_cod_asig2,pre_cod_asig3,pre_cod_asig4,pre_cod_asig5,pre_cod_asig6,pre_cod_asig7 FROM tblaca009 WHERE pensum='5' AND c_uni_ca='3' AND c_asigna='312333' [1][0] OK
C:[06/05/2013 09:39:02.98][172.16.8.247][1232] SELECT c_asigna FROM dace004 WHERE exp_e='10-20507917' AND c_asigna='300228' AND status IN ('0','3','B') [1][0] OK
C:[06/05/2013 09:39:02.98][172.16.8.247][1219] SELECT pre_cod_asig1,pre_cod_asig2,pre_cod_asig3,pre_cod_asig4,pre_cod_asig5,pre_cod_asig6,pre_cod_asig7 FROM tblaca009 WHERE pensum='5' AND c_uni_ca='3' AND c_asigna='300422' [1][0] OK
C:[06/05/2013 09:39:02.98][172.16.8.247][1232] SELECT c_asigna FROM dace004 WHERE exp_e='10-20507917' AND c_asigna='300105' AND status IN ('0','3','B') [1][0] OK
C:[06/05/2013 09:39:02.98][172.16.8.247][1232] SELECT c_asigna FROM dace004 WHERE exp_e='10-20507917' AND c_asigna='300314' AND status IN ('0','3','B') [1][0] OK
C:[06/05/2013 09:39:02.98][172.16.8.247][1219] SELECT pre_cod_asig1,pre_cod_asig2,pre_cod_asig3,pre_cod_asig4,pre_cod_asig5,pre_cod_asig6,pre_cod_asig7 FROM tblaca009 WHERE pensum='5' AND c_uni_ca='3' AND c_asigna='310548' [1][0] OK
C:[06/05/2013 09:39:02.98][172.16.8.247][1232] SELECT c_asigna FROM dace004 WHERE exp_e='10-20507917' AND c_asigna='300428' AND status IN ('0','3','B') [1][0] OK
C:[06/05/2013 09:39:02.98][172.16.8.247][1232] SELECT c_asigna FROM dace004 WHERE exp_e='10-20507917' AND c_asigna='300313' AND status IN ('0','3','B') [1][0] OK
C:[06/05/2013 09:39:02.98][172.16.8.247][1232] SELECT c_asigna FROM dace004 WHERE exp_e='10-20507917' AND c_asigna='300222' AND status IN ('0','3','B') [1][0] OK
C:[06/05/2013 09:39:02.98][172.16.8.247][1232] SELECT c_asigna FROM dace004 WHERE exp_e='10-20507917' AND c_asigna='300226' AND status IN ('0','3','B') [1][0] OK
C:[06/05/2013 09:39:02.98][172.16.8.247][1232] SELECT c_asigna FROM dace004 WHERE exp_e='10-20507917' AND c_asigna='300209' AND status IN ('0','3','B') [1][0] OK
C:[06/05/2013 09:39:02.98][172.16.8.247][1219] SELECT pre_cod_asig1,pre_cod_asig2,pre_cod_asig3,pre_cod_asig4,pre_cod_asig5,pre_cod_asig6,pre_cod_asig7 FROM tblaca009 WHERE pensum='5' AND c_uni_ca='3' AND c_asigna='311554' [1][0] OK
C:[06/05/2013 09:39:02.98][172.16.8.247][1232] SELECT c_asigna FROM dace004 WHERE exp_e='10-20507917' AND c_asigna='300318' AND status IN ('0','3','B') [1][0] OK
C:[06/05/2013 09:39:02.98][172.16.8.247][1232] SELECT c_asigna FROM dace004 WHERE exp_e='10-20507917' AND c_asigna='300428' AND status IN ('0','3','B') [1][0] OK
C:[06/05/2013 09:39:03.41][172.16.8.247][1263] SELECT par_cod_asig1,par_cod_asig2,par_cod_asig3 FROM tblaca009 WHERE pensum='5' AND c_uni_ca='3' AND c_asigna='311430' [1][0] OK
C:[06/05/2013 09:39:03.41][172.16.8.247][1263] SELECT par_cod_asig1,par_cod_asig2,par_cod_asig3 FROM tblaca009 WHERE pensum='5' AND c_uni_ca='3' AND c_asigna='314662' [1][0] OK
C:[06/05/2013 09:39:03.41][172.16.8.247][1263] SELECT par_cod_asig1,par_cod_asig2,par_cod_asig3 FROM tblaca009 WHERE pensum='5' AND c_uni_ca='3' AND c_asigna='312333' [1][0] OK
C:[06/05/2013 09:39:03.41][172.16.8.247][1263] SELECT par_cod_asig1,par_cod_asig2,par_cod_asig3 FROM tblaca009 WHERE pensum='5' AND c_uni_ca='3' AND c_asigna='300422' [1][0] OK
C:[06/05/2013 09:39:03.41][172.16.8.247][1263] SELECT par_cod_asig1,par_cod_asig2,par_cod_asig3 FROM tblaca009 WHERE pensum='5' AND c_uni_ca='3' AND c_asigna='310548' [1][0] OK
C:[06/05/2013 09:39:03.41][172.16.8.247][1263] SELECT par_cod_asig1,par_cod_asig2,par_cod_asig3 FROM tblaca009 WHERE pensum='5' AND c_uni_ca='3' AND c_asigna='311554' [1][0] OK
C:[06/05/2013 10:01:59.97][172.16.12.240][1219] SELECT pre_cod_asig1,pre_cod_asig2,pre_cod_asig3,pre_cod_asig4,pre_cod_asig5,pre_cod_asig6,pre_cod_asig7 FROM tblaca009 WHERE pensum='5' AND c_uni_ca='5' AND c_asigna='300213' [1][0] OK
C:[06/05/2013 10:01:59.97][172.16.12.240][1232] SELECT c_asigna FROM dace004 WHERE exp_e='10-20804007' AND c_asigna='300101' AND status IN ('0','3','B') [1][0] OK
C:[06/05/2013 10:01:59.97][172.16.12.240][1219] SELECT pre_cod_asig1,pre_cod_asig2,pre_cod_asig3,pre_cod_asig4,pre_cod_asig5,pre_cod_asig6,pre_cod_asig7 FROM tblaca009 WHERE pensum='5' AND c_uni_ca='5' AND c_asigna='300226' [1][0] OK
C:[06/05/2013 10:01:59.97][172.16.12.240][1232] SELECT c_asigna FROM dace004 WHERE exp_e='10-20804007' AND c_asigna='300116' AND status IN ('0','3','B') [1][0] OK
C:[06/05/2013 10:01:59.47][172.16.12.240][1263] SELECT par_cod_asig1,par_cod_asig2,par_cod_asig3 FROM tblaca009 WHERE pensum='5' AND c_uni_ca='5' AND c_asigna='300213' [1][0] OK
C:[06/05/2013 10:01:59.47][172.16.12.240][1277] SELECT c_asigna FROM dace004 WHERE exp_e='10-20804007' AND c_asigna='300209' AND status IN ('0','3','B','C') [1][0] OK
C:[06/05/2013 10:01:59.47][172.16.12.240][1263] SELECT par_cod_asig1,par_cod_asig2,par_cod_asig3 FROM tblaca009 WHERE pensum='5' AND c_uni_ca='5' AND c_asigna='300226' [1][0] OK
C:[06/05/2013 11:57:27.75][190.207.43.16][1219] SELECT pre_cod_asig1,pre_cod_asig2,pre_cod_asig3,pre_cod_asig4,pre_cod_asig5,pre_cod_asig6,pre_cod_asig7 FROM tblaca009 WHERE pensum='5' AND c_uni_ca='6' AND c_asigna='300318' [1][0] OK
C:[06/05/2013 11:57:27.75][190.207.43.16][1232] SELECT c_asigna FROM dace004 WHERE exp_e='09-19302286' AND c_asigna='300228' AND status IN ('0','3','B') [1][0] OK
C:[06/05/2013 11:57:27.75][190.207.43.16][1232] SELECT c_asigna FROM dace004 WHERE exp_e='09-19302286' AND c_asigna='300207' AND status IN ('0','3','B') [1][0] OK
C:[06/05/2013 11:57:27.75][190.207.43.16][1232] SELECT c_asigna FROM dace004 WHERE exp_e='09-19302286' AND c_asigna='300218' AND status IN ('0','3','B') [1][0] OK
C:[06/05/2013 11:57:27.75][190.207.43.16][1219] SELECT pre_cod_asig1,pre_cod_asig2,pre_cod_asig3,pre_cod_asig4,pre_cod_asig5,pre_cod_asig6,pre_cod_asig7 FROM tblaca009 WHERE pensum='5' AND c_uni_ca='6' AND c_asigna='300313' [1][0] OK
C:[06/05/2013 11:57:27.75][190.207.43.16][1232] SELECT c_asigna FROM dace004 WHERE exp_e='09-19302286' AND c_asigna='300213' AND status IN ('0','3','B') [1][0] OK
C:[06/05/2013 11:57:27.75][190.207.43.16][1232] SELECT c_asigna FROM dace004 WHERE exp_e='09-19302286' AND c_asigna='300226' AND status IN ('0','3','B') [1][0] OK
C:[06/05/2013 11:57:27.75][190.207.43.16][1232] SELECT c_asigna FROM dace004 WHERE exp_e='09-19302286' AND c_asigna='300222' AND status IN ('0','3','B') [1][0] OK
C:[06/05/2013 11:57:27.75][190.207.43.16][1232] SELECT c_asigna FROM dace004 WHERE exp_e='09-19302286' AND c_asigna='300209' AND status IN ('0','3','B') [1][0] OK
C:[06/05/2013 11:57:27.75][190.207.43.16][1219] SELECT pre_cod_asig1,pre_cod_asig2,pre_cod_asig3,pre_cod_asig4,pre_cod_asig5,pre_cod_asig6,pre_cod_asig7 FROM tblaca009 WHERE pensum='5' AND c_uni_ca='6' AND c_asigna='342444' [1][0] OK
C:[06/05/2013 11:57:27.75][190.207.43.16][1232] SELECT c_asigna FROM dace004 WHERE exp_e='09-19302286' AND c_asigna='340323' AND status IN ('0','3','B') [1][0] OK
C:[06/05/2013 11:57:27.75][190.207.43.16][1219] SELECT pre_cod_asig1,pre_cod_asig2,pre_cod_asig3,pre_cod_asig4,pre_cod_asig5,pre_cod_asig6,pre_cod_asig7 FROM tblaca009 WHERE pensum='5' AND c_uni_ca='6' AND c_asigna='344445' [1][0] OK
C:[06/05/2013 11:57:27.25][190.207.43.16][1263] SELECT par_cod_asig1,par_cod_asig2,par_cod_asig3 FROM tblaca009 WHERE pensum='5' AND c_uni_ca='6' AND c_asigna='300318' [1][0] OK
C:[06/05/2013 11:57:27.25][190.207.43.16][1263] SELECT par_cod_asig1,par_cod_asig2,par_cod_asig3 FROM tblaca009 WHERE pensum='5' AND c_uni_ca='6' AND c_asigna='300313' [1][0] OK
C:[06/05/2013 11:57:27.25][190.207.43.16][1263] SELECT par_cod_asig1,par_cod_asig2,par_cod_asig3 FROM tblaca009 WHERE pensum='5' AND c_uni_ca='6' AND c_asigna='342444' [1][0] OK
C:[06/05/2013 11:57:27.25][190.207.43.16][1263] SELECT par_cod_asig1,par_cod_asig2,par_cod_asig3 FROM tblaca009 WHERE pensum='5' AND c_uni_ca='6' AND c_asigna='344445' [1][0] OK
C:[06/05/2013 13:48:11.95][190.37.37.233][1219] SELECT pre_cod_asig1,pre_cod_asig2,pre_cod_asig3,pre_cod_asig4,pre_cod_asig5,pre_cod_asig6,pre_cod_asig7 FROM tblaca009 WHERE pensum='5' AND c_uni_ca='3' AND c_asigna='300317' [1][0] OK
C:[06/05/2013 13:48:11.95][190.37.37.233][1232] SELECT c_asigna FROM dace004 WHERE exp_e='11-20804413' AND c_asigna='300207' AND status IN ('0','3','B') [1][0] OK
C:[06/05/2013 13:48:11.95][190.37.37.233][1232] SELECT c_asigna FROM dace004 WHERE exp_e='11-20804413' AND c_asigna='300209' AND status IN ('0','3','B') [1][0] OK
C:[06/05/2013 13:48:11.95][190.37.37.233][1219] SELECT pre_cod_asig1,pre_cod_asig2,pre_cod_asig3,pre_cod_asig4,pre_cod_asig5,pre_cod_asig6,pre_cod_asig7 FROM tblaca009 WHERE pensum='5' AND c_uni_ca='3' AND c_asigna='300313' [1][0] OK
C:[06/05/2013 13:48:11.95][190.37.37.233][1232] SELECT c_asigna FROM dace004 WHERE exp_e='11-20804413' AND c_asigna='300213' AND status IN ('0','3','B') [1][0] OK
C:[06/05/2013 13:48:11.95][190.37.37.233][1232] SELECT c_asigna FROM dace004 WHERE exp_e='11-20804413' AND c_asigna='300226' AND status IN ('0','3','B') [1][0] OK
C:[06/05/2013 13:48:11.95][190.37.37.233][1232] SELECT c_asigna FROM dace004 WHERE exp_e='11-20804413' AND c_asigna='300222' AND status IN ('0','3','B') [1][0] OK
C:[06/05/2013 13:48:11.95][190.37.37.233][1232] SELECT c_asigna FROM dace004 WHERE exp_e='11-20804413' AND c_asigna='300209' AND status IN ('0','3','B') [1][0] OK
C:[06/05/2013 13:48:11.95][190.37.37.233][1219] SELECT pre_cod_asig1,pre_cod_asig2,pre_cod_asig3,pre_cod_asig4,pre_cod_asig5,pre_cod_asig6,pre_cod_asig7 FROM tblaca009 WHERE pensum='5' AND c_uni_ca='3' AND c_asigna='300318' [1][0] OK
C:[06/05/2013 13:48:11.95][190.37.37.233][1232] SELECT c_asigna FROM dace004 WHERE exp_e='11-20804413' AND c_asigna='300228' AND status IN ('0','3','B') [1][0] OK
C:[06/05/2013 13:48:11.95][190.37.37.233][1232] SELECT c_asigna FROM dace004 WHERE exp_e='11-20804413' AND c_asigna='300207' AND status IN ('0','3','B') [1][0] OK
C:[06/05/2013 13:48:11.95][190.37.37.233][1232] SELECT c_asigna FROM dace004 WHERE exp_e='11-20804413' AND c_asigna='300218' AND status IN ('0','3','B') [1][0] OK
C:[06/05/2013 13:48:11.95][190.37.37.233][1219] SELECT pre_cod_asig1,pre_cod_asig2,pre_cod_asig3,pre_cod_asig4,pre_cod_asig5,pre_cod_asig6,pre_cod_asig7 FROM tblaca009 WHERE pensum='5' AND c_uni_ca='3' AND c_asigna='312333' [1][0] OK
C:[06/05/2013 13:48:11.95][190.37.37.233][1232] SELECT c_asigna FROM dace004 WHERE exp_e='11-20804413' AND c_asigna='300228' AND status IN ('0','3','B') [1][0] OK
C:[06/05/2013 13:48:11.69][190.37.37.233][1263] SELECT par_cod_asig1,par_cod_asig2,par_cod_asig3 FROM tblaca009 WHERE pensum='5' AND c_uni_ca='3' AND c_asigna='300317' [1][0] OK
C:[06/05/2013 13:48:11.69][190.37.37.233][1263] SELECT par_cod_asig1,par_cod_asig2,par_cod_asig3 FROM tblaca009 WHERE pensum='5' AND c_uni_ca='3' AND c_asigna='300313' [1][0] OK
C:[06/05/2013 13:48:11.69][190.37.37.233][1263] SELECT par_cod_asig1,par_cod_asig2,par_cod_asig3 FROM tblaca009 WHERE pensum='5' AND c_uni_ca='3' AND c_asigna='300318' [1][0] OK
C:[06/05/2013 13:48:11.69][190.37.37.233][1263] SELECT par_cod_asig1,par_cod_asig2,par_cod_asig3 FROM tblaca009 WHERE pensum='5' AND c_uni_ca='3' AND c_asigna='312333' [1][0] OK
C:[06/05/2013 14:27:34.77][186.90.202.225][1219] SELECT pre_cod_asig1,pre_cod_asig2,pre_cod_asig3,pre_cod_asig4,pre_cod_asig5,pre_cod_asig6,pre_cod_asig7 FROM tblaca009 WHERE pensum='5' AND c_uni_ca='5' AND c_asigna='300314' [1][0] OK
C:[06/05/2013 14:27:34.77][186.90.202.225][1232] SELECT c_asigna FROM dace004 WHERE exp_e='10-22587759' AND c_asigna='300106' AND status IN ('0','3','B') [1][0] OK
C:[06/05/2013 14:27:34.77][186.90.202.225][1219] SELECT pre_cod_asig1,pre_cod_asig2,pre_cod_asig3,pre_cod_asig4,pre_cod_asig5,pre_cod_asig6,pre_cod_asig7 FROM tblaca009 WHERE pensum='5' AND c_uni_ca='5' AND c_asigna='355350' [1][0] OK
C:[06/05/2013 14:27:34.77][186.90.202.225][1232] SELECT c_asigna FROM dace004 WHERE exp_e='10-22587759' AND c_asigna='300207' AND status IN ('0','3','B') [1][0] OK
C:[06/05/2013 14:27:34.77][186.90.202.225][1232] SELECT c_asigna FROM dace004 WHERE exp_e='10-22587759' AND c_asigna='300228' AND status IN ('0','3','B') [1][0] OK
C:[06/05/2013 14:27:34.77][186.90.202.225][1219] SELECT pre_cod_asig1,pre_cod_asig2,pre_cod_asig3,pre_cod_asig4,pre_cod_asig5,pre_cod_asig6,pre_cod_asig7 FROM tblaca009 WHERE pensum='5' AND c_uni_ca='5' AND c_asigna='300013' [1][0] OK
C:[06/05/2013 14:27:34.77][186.90.202.225][1219] SELECT pre_cod_asig1,pre_cod_asig2,pre_cod_asig3,pre_cod_asig4,pre_cod_asig5,pre_cod_asig6,pre_cod_asig7 FROM tblaca009 WHERE pensum='5' AND c_uni_ca='5' AND c_asigna='300113' [1][0] OK
C:[06/05/2013 14:27:34.77][186.90.202.225][1219] SELECT pre_cod_asig1,pre_cod_asig2,pre_cod_asig3,pre_cod_asig4,pre_cod_asig5,pre_cod_asig6,pre_cod_asig7 FROM tblaca009 WHERE pensum='5' AND c_uni_ca='5' AND c_asigna='300226' [1][0] OK
C:[06/05/2013 14:27:34.77][186.90.202.225][1232] SELECT c_asigna FROM dace004 WHERE exp_e='10-22587759' AND c_asigna='300116' AND status IN ('0','3','B') [1][0] OK
C:[06/05/2013 14:27:34.89][186.90.202.225][1263] SELECT par_cod_asig1,par_cod_asig2,par_cod_asig3 FROM tblaca009 WHERE pensum='5' AND c_uni_ca='5' AND c_asigna='300314' [1][0] OK
C:[06/05/2013 14:27:34.89][186.90.202.225][1263] SELECT par_cod_asig1,par_cod_asig2,par_cod_asig3 FROM tblaca009 WHERE pensum='5' AND c_uni_ca='5' AND c_asigna='355350' [1][0] OK
C:[06/05/2013 14:27:34.89][186.90.202.225][1263] SELECT par_cod_asig1,par_cod_asig2,par_cod_asig3 FROM tblaca009 WHERE pensum='5' AND c_uni_ca='5' AND c_asigna='300013' [1][0] OK
C:[06/05/2013 14:27:34.89][186.90.202.225][1263] SELECT par_cod_asig1,par_cod_asig2,par_cod_asig3 FROM tblaca009 WHERE pensum='5' AND c_uni_ca='5' AND c_asigna='300113' [1][0] OK
C:[06/05/2013 14:27:34.89][186.90.202.225][1277] SELECT c_asigna FROM dace004 WHERE exp_e='10-22587759' AND c_asigna='300013' AND status IN ('0','3','B','C') [0][0] OK
C:[06/05/2013 14:27:34.89][186.90.202.225][1263] SELECT par_cod_asig1,par_cod_asig2,par_cod_asig3 FROM tblaca009 WHERE pensum='5' AND c_uni_ca='5' AND c_asigna='300226' [1][0] OK
C:[06/05/2013 14:45:03.32][190.207.43.16][1219] SELECT pre_cod_asig1,pre_cod_asig2,pre_cod_asig3,pre_cod_asig4,pre_cod_asig5,pre_cod_asig6,pre_cod_asig7 FROM tblaca009 WHERE pensum='5' AND c_uni_ca='6' AND c_asigna='300317' [1][0] OK
C:[06/05/2013 14:45:03.32][190.207.43.16][1232] SELECT c_asigna FROM dace004 WHERE exp_e='11-19896705' AND c_asigna='300207' AND status IN ('0','3','B') [1][0] OK
C:[06/05/2013 14:45:03.32][190.207.43.16][1232] SELECT c_asigna FROM dace004 WHERE exp_e='11-19896705' AND c_asigna='300209' AND status IN ('0','3','B') [1][0] OK
C:[06/05/2013 14:45:03.32][190.207.43.16][1219] SELECT pre_cod_asig1,pre_cod_asig2,pre_cod_asig3,pre_cod_asig4,pre_cod_asig5,pre_cod_asig6,pre_cod_asig7 FROM tblaca009 WHERE pensum='5' AND c_uni_ca='6' AND c_asigna='340323' [1][0] OK
C:[06/05/2013 14:45:03.32][190.207.43.16][1232] SELECT c_asigna FROM dace004 WHERE exp_e='11-19896705' AND c_asigna='300228' AND status IN ('0','3','B') [1][0] OK
C:[06/05/2013 14:45:03.32][190.207.43.16][1232] SELECT c_asigna FROM dace004 WHERE exp_e='11-19896705' AND c_asigna='300207' AND status IN ('0','3','B') [1][0] OK
C:[06/05/2013 14:45:03.07][190.207.43.16][1263] SELECT par_cod_asig1,par_cod_asig2,par_cod_asig3 FROM tblaca009 WHERE pensum='5' AND c_uni_ca='6' AND c_asigna='300317' [1][0] OK
C:[06/05/2013 14:45:03.07][190.207.43.16][1263] SELECT par_cod_asig1,par_cod_asig2,par_cod_asig3 FROM tblaca009 WHERE pensum='5' AND c_uni_ca='6' AND c_asigna='340323' [1][0] OK
C:[06/05/2013 15:11:55.92][172.16.12.244][1219] SELECT pre_cod_asig1,pre_cod_asig2,pre_cod_asig3,pre_cod_asig4,pre_cod_asig5,pre_cod_asig6,pre_cod_asig7 FROM tblaca009 WHERE pensum='5' AND c_uni_ca='2' AND c_asigna='300317' [1][0] OK
C:[06/05/2013 15:11:55.92][172.16.12.244][1232] SELECT c_asigna FROM dace004 WHERE exp_e='08-20224276' AND c_asigna='300207' AND status IN ('0','3','B') [1][0] OK
C:[06/05/2013 15:11:55.92][172.16.12.244][1232] SELECT c_asigna FROM dace004 WHERE exp_e='08-20224276' AND c_asigna='300209' AND status IN ('0','3','B') [1][0] OK
C:[06/05/2013 15:11:55.92][172.16.12.244][1219] SELECT pre_cod_asig1,pre_cod_asig2,pre_cod_asig3,pre_cod_asig4,pre_cod_asig5,pre_cod_asig6,pre_cod_asig7 FROM tblaca009 WHERE pensum='5' AND c_uni_ca='2' AND c_asigna='320323' [1][0] OK
C:[06/05/2013 15:11:55.92][172.16.12.244][1232] SELECT c_asigna FROM dace004 WHERE exp_e='08-20224276' AND c_asigna='300228' AND status IN ('0','3','B') [1][0] OK
C:[06/05/2013 15:11:55.92][172.16.12.244][1232] SELECT c_asigna FROM dace004 WHERE exp_e='08-20224276' AND c_asigna='300218' AND status IN ('0','3','B') [1][0] OK
C:[06/05/2013 15:11:55.92][172.16.12.244][1219] SELECT pre_cod_asig1,pre_cod_asig2,pre_cod_asig3,pre_cod_asig4,pre_cod_asig5,pre_cod_asig6,pre_cod_asig7 FROM tblaca009 WHERE pensum='5' AND c_uni_ca='2' AND c_asigna='322449' [1][0] OK
C:[06/05/2013 15:11:55.92][172.16.12.244][1232] SELECT c_asigna FROM dace004 WHERE exp_e='08-20224276' AND c_asigna='300222' AND status IN ('0','3','B') [1][0] OK
C:[06/05/2013 15:11:55.92][172.16.12.244][1219] SELECT pre_cod_asig1,pre_cod_asig2,pre_cod_asig3,pre_cod_asig4,pre_cod_asig5,pre_cod_asig6,pre_cod_asig7 FROM tblaca009 WHERE pensum='5' AND c_uni_ca='2' AND c_asigna='300318' [1][0] OK
C:[06/05/2013 15:11:55.92][172.16.12.244][1232] SELECT c_asigna FROM dace004 WHERE exp_e='08-20224276' AND c_asigna='300228' AND status IN ('0','3','B') [1][0] OK
C:[06/05/2013 15:11:55.92][172.16.12.244][1232] SELECT c_asigna FROM dace004 WHERE exp_e='08-20224276' AND c_asigna='300207' AND status IN ('0','3','B') [1][0] OK
C:[06/05/2013 15:11:55.92][172.16.12.244][1232] SELECT c_asigna FROM dace004 WHERE exp_e='08-20224276' AND c_asigna='300218' AND status IN ('0','3','B') [1][0] OK
C:[06/05/2013 15:11:55.11][172.16.12.244][1263] SELECT par_cod_asig1,par_cod_asig2,par_cod_asig3 FROM tblaca009 WHERE pensum='5' AND c_uni_ca='2' AND c_asigna='300317' [1][0] OK
C:[06/05/2013 15:11:55.11][172.16.12.244][1263] SELECT par_cod_asig1,par_cod_asig2,par_cod_asig3 FROM tblaca009 WHERE pensum='5' AND c_uni_ca='2' AND c_asigna='320323' [1][0] OK
C:[06/05/2013 15:11:55.11][172.16.12.244][1263] SELECT par_cod_asig1,par_cod_asig2,par_cod_asig3 FROM tblaca009 WHERE pensum='5' AND c_uni_ca='2' AND c_asigna='322449' [1][0] OK
C:[06/05/2013 15:11:55.11][172.16.12.244][1263] SELECT par_cod_asig1,par_cod_asig2,par_cod_asig3 FROM tblaca009 WHERE pensum='5' AND c_uni_ca='2' AND c_asigna='300318' [1][0] OK
C:[06/05/2013 15:29:21.99][190.38.164.105][1219] SELECT pre_cod_asig1,pre_cod_asig2,pre_cod_asig3,pre_cod_asig4,pre_cod_asig5,pre_cod_asig6,pre_cod_asig7 FROM tblaca009 WHERE pensum='5' AND c_uni_ca='3' AND c_asigna='300207' [1][0] OK
C:[06/05/2013 15:29:21.99][190.38.164.105][1232] SELECT c_asigna FROM dace004 WHERE exp_e='08-19095314' AND c_asigna='300101' AND status IN ('0','3','B') [1][0] OK
C:[06/05/2013 15:29:21.99][190.38.164.105][1219] SELECT pre_cod_asig1,pre_cod_asig2,pre_cod_asig3,pre_cod_asig4,pre_cod_asig5,pre_cod_asig6,pre_cod_asig7 FROM tblaca009 WHERE pensum='5' AND c_uni_ca='3' AND c_asigna='300113' [1][0] OK
C:[06/05/2013 15:29:22.36][190.38.164.105][1263] SELECT par_cod_asig1,par_cod_asig2,par_cod_asig3 FROM tblaca009 WHERE pensum='5' AND c_uni_ca='3' AND c_asigna='300207' [1][0] OK
C:[06/05/2013 15:29:22.36][190.38.164.105][1263] SELECT par_cod_asig1,par_cod_asig2,par_cod_asig3 FROM tblaca009 WHERE pensum='5' AND c_uni_ca='3' AND c_asigna='300113' [1][0] OK
C:[06/05/2013 15:29:22.36][190.38.164.105][1277] SELECT c_asigna FROM dace004 WHERE exp_e='08-19095314' AND c_asigna='300013' AND status IN ('0','3','B','C') [1][0] OK
C:[06/05/2013 16:57:39.70][190.207.43.16][1219] SELECT pre_cod_asig1,pre_cod_asig2,pre_cod_asig3,pre_cod_asig4,pre_cod_asig5,pre_cod_asig6,pre_cod_asig7 FROM tblaca009 WHERE pensum='5' AND c_uni_ca='5' AND c_asigna='300228' [1][0] OK
C:[06/05/2013 16:57:39.70][190.207.43.16][1232] SELECT c_asigna FROM dace004 WHERE exp_e='09-21248513' AND c_asigna='300101' AND status IN ('0','3','B') [1][0] OK
C:[06/05/2013 16:57:39.70][190.207.43.16][1219] SELECT pre_cod_asig1,pre_cod_asig2,pre_cod_asig3,pre_cod_asig4,pre_cod_asig5,pre_cod_asig6,pre_cod_asig7 FROM tblaca009 WHERE pensum='5' AND c_uni_ca='5' AND c_asigna='300207' [1][0] OK
C:[06/05/2013 16:57:39.70][190.207.43.16][1232] SELECT c_asigna FROM dace004 WHERE exp_e='09-21248513' AND c_asigna='300101' AND status IN ('0','3','B') [1][0] OK
C:[06/05/2013 16:57:39.30][190.207.43.16][1263] SELECT par_cod_asig1,par_cod_asig2,par_cod_asig3 FROM tblaca009 WHERE pensum='5' AND c_uni_ca='5' AND c_asigna='300228' [1][0] OK
C:[06/05/2013 16:57:39.30][190.207.43.16][1263] SELECT par_cod_asig1,par_cod_asig2,par_cod_asig3 FROM tblaca009 WHERE pensum='5' AND c_uni_ca='5' AND c_asigna='300207' [1][0] OK
C:[06/05/2013 17:01:30.79][190.207.43.16][1219] SELECT pre_cod_asig1,pre_cod_asig2,pre_cod_asig3,pre_cod_asig4,pre_cod_asig5,pre_cod_asig6,pre_cod_asig7 FROM tblaca009 WHERE pensum='5' AND c_uni_ca='5' AND c_asigna='300228' [1][0] OK
C:[06/05/2013 17:01:30.79][190.207.43.16][1232] SELECT c_asigna FROM dace004 WHERE exp_e='09-21248513' AND c_asigna='300101' AND status IN ('0','3','B') [1][0] OK
C:[06/05/2013 17:01:30.79][190.207.43.16][1219] SELECT pre_cod_asig1,pre_cod_asig2,pre_cod_asig3,pre_cod_asig4,pre_cod_asig5,pre_cod_asig6,pre_cod_asig7 FROM tblaca009 WHERE pensum='5' AND c_uni_ca='5' AND c_asigna='300207' [1][0] OK
C:[06/05/2013 17:01:30.79][190.207.43.16][1232] SELECT c_asigna FROM dace004 WHERE exp_e='09-21248513' AND c_asigna='300101' AND status IN ('0','3','B') [1][0] OK
C:[06/05/2013 17:01:31.28][190.207.43.16][1263] SELECT par_cod_asig1,par_cod_asig2,par_cod_asig3 FROM tblaca009 WHERE pensum='5' AND c_uni_ca='5' AND c_asigna='300228' [1][0] OK
C:[06/05/2013 17:01:31.28][190.207.43.16][1263] SELECT par_cod_asig1,par_cod_asig2,par_cod_asig3 FROM tblaca009 WHERE pensum='5' AND c_uni_ca='5' AND c_asigna='300207' [1][0] OK
C:[06/05/2013 17:21:47.76][190.207.43.16][1219] SELECT pre_cod_asig1,pre_cod_asig2,pre_cod_asig3,pre_cod_asig4,pre_cod_asig5,pre_cod_asig6,pre_cod_asig7 FROM tblaca009 WHERE pensum='5' AND c_uni_ca='6' AND c_asigna='300112' [1][0] OK
C:[06/05/2013 17:21:47.87][190.207.43.16][1263] SELECT par_cod_asig1,par_cod_asig2,par_cod_asig3 FROM tblaca009 WHERE pensum='5' AND c_uni_ca='6' AND c_asigna='300112' [1][0] OK
C:[06/05/2013 17:21:47.04][190.207.43.16][1334] SELECT c_asigna FROM tblaca009 WHERE pensum='5' AND c_uni_ca='6' AND ((par_cod_asig1='300013') OR (par_cod_asig2='300013') OR (par_cod_asig3='300013'))  [1][0] OK
C:[06/05/2013 17:21:47.04][190.207.43.16][1346] SELECT c_asigna FROM dace004 WHERE exp_e='12-22908415' AND c_asigna='300113' AND status IN ('0','3','B') [1][0] OK
C:[06/05/2013 20:52:43.27][190.76.107.159][1219] SELECT pre_cod_asig1,pre_cod_asig2,pre_cod_asig3,pre_cod_asig4,pre_cod_asig5,pre_cod_asig6,pre_cod_asig7 FROM tblaca009 WHERE pensum='5' AND c_uni_ca='5' AND c_asigna='300222' [1][0] OK
C:[06/05/2013 20:52:43.27][190.76.107.159][1232] SELECT c_asigna FROM dace004 WHERE exp_e='07-16024064' AND c_asigna='300112' AND status IN ('0','3','B') [1][0] OK
C:[06/05/2013 20:52:43.27][190.76.107.159][1219] SELECT pre_cod_asig1,pre_cod_asig2,pre_cod_asig3,pre_cod_asig4,pre_cod_asig5,pre_cod_asig6,pre_cod_asig7 FROM tblaca009 WHERE pensum='5' AND c_uni_ca='5' AND c_asigna='300207' [1][0] OK
C:[06/05/2013 20:52:43.27][190.76.107.159][1232] SELECT c_asigna FROM dace004 WHERE exp_e='07-16024064' AND c_asigna='300101' AND status IN ('0','3','B') [1][0] OK
C:[06/05/2013 20:52:43.77][190.76.107.159][1263] SELECT par_cod_asig1,par_cod_asig2,par_cod_asig3 FROM tblaca009 WHERE pensum='5' AND c_uni_ca='5' AND c_asigna='300222' [1][0] OK
C:[06/05/2013 20:52:43.77][190.76.107.159][1263] SELECT par_cod_asig1,par_cod_asig2,par_cod_asig3 FROM tblaca009 WHERE pensum='5' AND c_uni_ca='5' AND c_asigna='300207' [1][0] OK
C:[06/05/2013 21:05:48.59][190.204.206.91][1219] SELECT pre_cod_asig1,pre_cod_asig2,pre_cod_asig3,pre_cod_asig4,pre_cod_asig5,pre_cod_asig6,pre_cod_asig7 FROM tblaca009 WHERE pensum='5' AND c_uni_ca='5' AND c_asigna='355722' [1][0] OK
C:[06/05/2013 21:05:48.59][190.204.206.91][1232] SELECT c_asigna FROM dace004 WHERE exp_e='94-12360569' AND c_asigna='355691' AND status IN ('0','3','B') [1][0] OK
C:[06/05/2013 21:05:48.59][190.204.206.91][1232] SELECT c_asigna FROM dace004 WHERE exp_e='94-12360569' AND c_asigna='355595' AND status IN ('0','3','B') [1][0] OK
C:[06/05/2013 21:05:48.59][190.204.206.91][1219] SELECT pre_cod_asig1,pre_cod_asig2,pre_cod_asig3,pre_cod_asig4,pre_cod_asig5,pre_cod_asig6,pre_cod_asig7 FROM tblaca009 WHERE pensum='5' AND c_uni_ca='5' AND c_asigna='355835' [1][0] OK
C:[06/05/2013 21:05:48.59][190.204.206.91][1232] SELECT c_asigna FROM dace004 WHERE exp_e='94-12360569' AND c_asigna='355691' AND status IN ('0','3','B') [1][0] OK
C:[06/05/2013 21:05:48.59][190.204.206.91][1219] SELECT pre_cod_asig1,pre_cod_asig2,pre_cod_asig3,pre_cod_asig4,pre_cod_asig5,pre_cod_asig6,pre_cod_asig7 FROM tblaca009 WHERE pensum='5' AND c_uni_ca='5' AND c_asigna='355951' [1][0] OK
C:[06/05/2013 21:05:48.59][190.204.206.91][1232] SELECT c_asigna FROM dace004 WHERE exp_e='94-12360569' AND c_asigna='355691' AND status IN ('0','3','B') [1][0] OK
C:[06/05/2013 21:05:48.59][190.204.206.91][1219] SELECT pre_cod_asig1,pre_cod_asig2,pre_cod_asig3,pre_cod_asig4,pre_cod_asig5,pre_cod_asig6,pre_cod_asig7 FROM tblaca009 WHERE pensum='5' AND c_uni_ca='5' AND c_asigna='355692' [1][0] OK
C:[06/05/2013 21:05:48.59][190.204.206.91][1232] SELECT c_asigna FROM dace004 WHERE exp_e='94-12360569' AND c_asigna='355448' AND status IN ('0','3','B') [1][0] OK
C:[06/05/2013 21:05:48.59][190.204.206.91][1232] SELECT c_asigna FROM dace004 WHERE exp_e='94-12360569' AND c_asigna='355570' AND status IN ('0','3','B') [2][0] OK
C:[06/05/2013 21:05:48.84][190.204.206.91][1263] SELECT par_cod_asig1,par_cod_asig2,par_cod_asig3 FROM tblaca009 WHERE pensum='5' AND c_uni_ca='5' AND c_asigna='355722' [1][0] OK
C:[06/05/2013 21:05:48.84][190.204.206.91][1263] SELECT par_cod_asig1,par_cod_asig2,par_cod_asig3 FROM tblaca009 WHERE pensum='5' AND c_uni_ca='5' AND c_asigna='355835' [1][0] OK
C:[06/05/2013 21:05:48.84][190.204.206.91][1263] SELECT par_cod_asig1,par_cod_asig2,par_cod_asig3 FROM tblaca009 WHERE pensum='5' AND c_uni_ca='5' AND c_asigna='355951' [1][0] OK
C:[06/05/2013 21:05:48.84][190.204.206.91][1263] SELECT par_cod_asig1,par_cod_asig2,par_cod_asig3 FROM tblaca009 WHERE pensum='5' AND c_uni_ca='5' AND c_asigna='355692' [1][0] OK
C:[06/05/2013 21:17:39.23][68.171.231.82][1219] SELECT pre_cod_asig1,pre_cod_asig2,pre_cod_asig3,pre_cod_asig4,pre_cod_asig5,pre_cod_asig6,pre_cod_asig7 FROM tblaca009 WHERE pensum='5' AND c_uni_ca='5' AND c_asigna='300428' [1][0] OK
C:[06/05/2013 21:17:39.23][68.171.231.82][1232] SELECT c_asigna FROM dace004 WHERE exp_e='10-20804763' AND c_asigna='300317' AND status IN ('0','3','B') [1][0] OK
C:[06/05/2013 21:17:39.23][68.171.231.82][1232] SELECT c_asigna FROM dace004 WHERE exp_e='10-20804763' AND c_asigna='300209' AND status IN ('0','3','B') [1][0] OK
C:[06/05/2013 21:17:39.23][68.171.231.82][1219] SELECT pre_cod_asig1,pre_cod_asig2,pre_cod_asig3,pre_cod_asig4,pre_cod_asig5,pre_cod_asig6,pre_cod_asig7 FROM tblaca009 WHERE pensum='5' AND c_uni_ca='5' AND c_asigna='300222' [1][0] OK
C:[06/05/2013 21:17:39.23][68.171.231.82][1232] SELECT c_asigna FROM dace004 WHERE exp_e='10-20804763' AND c_asigna='300112' AND status IN ('0','3','B') [1][0] OK
C:[06/05/2013 21:17:39.23][68.171.231.82][1219] SELECT pre_cod_asig1,pre_cod_asig2,pre_cod_asig3,pre_cod_asig4,pre_cod_asig5,pre_cod_asig6,pre_cod_asig7 FROM tblaca009 WHERE pensum='5' AND c_uni_ca='5' AND c_asigna='300226' [1][0] OK
C:[06/05/2013 21:17:39.23][68.171.231.82][1232] SELECT c_asigna FROM dace004 WHERE exp_e='10-20804763' AND c_asigna='300116' AND status IN ('0','3','B') [1][0] OK
C:[06/05/2013 21:17:39.23][68.171.231.82][1219] SELECT pre_cod_asig1,pre_cod_asig2,pre_cod_asig3,pre_cod_asig4,pre_cod_asig5,pre_cod_asig6,pre_cod_asig7 FROM tblaca009 WHERE pensum='5' AND c_uni_ca='5' AND c_asigna='351330' [1][0] OK
C:[06/05/2013 21:17:39.23][68.171.231.82][1232] SELECT c_asigna FROM dace004 WHERE exp_e='10-20804763' AND c_asigna='300218' AND status IN ('0','3','B') [1][0] OK
C:[06/05/2013 21:17:39.23][68.171.231.82][1219] SELECT pre_cod_asig1,pre_cod_asig2,pre_cod_asig3,pre_cod_asig4,pre_cod_asig5,pre_cod_asig6,pre_cod_asig7 FROM tblaca009 WHERE pensum='5' AND c_uni_ca='5' AND c_asigna='352440' [1][0] OK
C:[06/05/2013 21:17:39.23][68.171.231.82][1232] SELECT c_asigna FROM dace004 WHERE exp_e='10-20804763' AND c_asigna='300317' AND status IN ('0','3','B') [1][0] OK
C:[06/05/2013 21:17:39.23][68.171.231.82][1232] SELECT c_asigna FROM dace004 WHERE exp_e='10-20804763' AND c_asigna='300013' AND status IN ('0','3','B') [1][0] OK
C:[06/05/2013 21:17:39.23][68.171.231.82][1232] SELECT c_asigna FROM dace004 WHERE exp_e='10-20804763' AND c_asigna='300113' AND status IN ('0','3','B') [1][0] OK
C:[06/05/2013 21:17:39.84][68.171.231.82][1263] SELECT par_cod_asig1,par_cod_asig2,par_cod_asig3 FROM tblaca009 WHERE pensum='5' AND c_uni_ca='5' AND c_asigna='300428' [1][0] OK
C:[06/05/2013 21:17:39.84][68.171.231.82][1263] SELECT par_cod_asig1,par_cod_asig2,par_cod_asig3 FROM tblaca009 WHERE pensum='5' AND c_uni_ca='5' AND c_asigna='300222' [1][0] OK
C:[06/05/2013 21:17:39.84][68.171.231.82][1263] SELECT par_cod_asig1,par_cod_asig2,par_cod_asig3 FROM tblaca009 WHERE pensum='5' AND c_uni_ca='5' AND c_asigna='300226' [1][0] OK
C:[06/05/2013 21:17:39.84][68.171.231.82][1263] SELECT par_cod_asig1,par_cod_asig2,par_cod_asig3 FROM tblaca009 WHERE pensum='5' AND c_uni_ca='5' AND c_asigna='351330' [1][0] OK
C:[06/05/2013 21:17:39.84][68.171.231.82][1277] SELECT c_asigna FROM dace004 WHERE exp_e='10-20804763' AND c_asigna='300318' AND status IN ('0','3','B','C') [1][0] OK
C:[06/05/2013 21:17:39.84][68.171.231.82][1277] SELECT c_asigna FROM dace004 WHERE exp_e='10-20804763' AND c_asigna='300317' AND status IN ('0','3','B','C') [1][0] OK
C:[06/05/2013 21:17:39.84][68.171.231.82][1263] SELECT par_cod_asig1,par_cod_asig2,par_cod_asig3 FROM tblaca009 WHERE pensum='5' AND c_uni_ca='5' AND c_asigna='352440' [1][0] OK
C:[07/05/2013 09:00:12.71][190.75.161.225][1219] SELECT pre_cod_asig1,pre_cod_asig2,pre_cod_asig3,pre_cod_asig4,pre_cod_asig5,pre_cod_asig6,pre_cod_asig7 FROM tblaca009 WHERE pensum='5' AND c_uni_ca='5' AND c_asigna='300116' [1][0] OK
C:[07/05/2013 09:00:12.83][190.75.161.225][1263] SELECT par_cod_asig1,par_cod_asig2,par_cod_asig3 FROM tblaca009 WHERE pensum='5' AND c_uni_ca='5' AND c_asigna='300116' [1][0] OK
C:[07/05/2013 09:00:12.06][190.75.161.225][1334] SELECT c_asigna FROM tblaca009 WHERE pensum='5' AND c_uni_ca='5' AND ((par_cod_asig1='300101') OR (par_cod_asig2='300101') OR (par_cod_asig3='300101'))  [0][0] OK
C:[07/05/2013 09:14:46.70][190.75.161.225][1219] SELECT pre_cod_asig1,pre_cod_asig2,pre_cod_asig3,pre_cod_asig4,pre_cod_asig5,pre_cod_asig6,pre_cod_asig7 FROM tblaca009 WHERE pensum='5' AND c_uni_ca='5' AND c_asigna='300116' [1][0] OK
C:[07/05/2013 09:14:46.82][190.75.161.225][1263] SELECT par_cod_asig1,par_cod_asig2,par_cod_asig3 FROM tblaca009 WHERE pensum='5' AND c_uni_ca='5' AND c_asigna='300116' [1][0] OK
C:[07/05/2013 09:14:46.95][190.75.161.225][1334] SELECT c_asigna FROM tblaca009 WHERE pensum='5' AND c_uni_ca='5' AND ((par_cod_asig1='300101') OR (par_cod_asig2='300101') OR (par_cod_asig3='300101'))  [0][0] OK
C:[07/05/2013 12:04:52.30][190.74.22.224][1219] SELECT pre_cod_asig1,pre_cod_asig2,pre_cod_asig3,pre_cod_asig4,pre_cod_asig5,pre_cod_asig6,pre_cod_asig7 FROM tblaca009 WHERE pensum='5' AND c_uni_ca='4' AND c_asigna='300213' [1][0] OK
C:[07/05/2013 12:04:52.30][190.74.22.224][1232] SELECT c_asigna FROM dace004 WHERE exp_e='11-23500158' AND c_asigna='300101' AND status IN ('0','3','B') [1][0] OK
C:[07/05/2013 12:04:52.30][190.74.22.224][1219] SELECT pre_cod_asig1,pre_cod_asig2,pre_cod_asig3,pre_cod_asig4,pre_cod_asig5,pre_cod_asig6,pre_cod_asig7 FROM tblaca009 WHERE pensum='5' AND c_uni_ca='4' AND c_asigna='333326' [1][0] OK
C:[07/05/2013 12:04:52.30][190.74.22.224][1219] SELECT pre_cod_asig1,pre_cod_asig2,pre_cod_asig3,pre_cod_asig4,pre_cod_asig5,pre_cod_asig6,pre_cod_asig7 FROM tblaca009 WHERE pensum='5' AND c_uni_ca='4' AND c_asigna='300013' [1][0] OK
C:[07/05/2013 12:04:52.30][190.74.22.224][1219] SELECT pre_cod_asig1,pre_cod_asig2,pre_cod_asig3,pre_cod_asig4,pre_cod_asig5,pre_cod_asig6,pre_cod_asig7 FROM tblaca009 WHERE pensum='5' AND c_uni_ca='4' AND c_asigna='300113' [1][0] OK
C:[07/05/2013 12:04:52.30][190.74.22.224][1219] SELECT pre_cod_asig1,pre_cod_asig2,pre_cod_asig3,pre_cod_asig4,pre_cod_asig5,pre_cod_asig6,pre_cod_asig7 FROM tblaca009 WHERE pensum='5' AND c_uni_ca='4' AND c_asigna='300207' [1][0] OK
C:[07/05/2013 12:04:52.30][190.74.22.224][1232] SELECT c_asigna FROM dace004 WHERE exp_e='11-23500158' AND c_asigna='300101' AND status IN ('0','3','B') [1][0] OK
C:[07/05/2013 12:04:52.30][190.74.22.224][1219] SELECT pre_cod_asig1,pre_cod_asig2,pre_cod_asig3,pre_cod_asig4,pre_cod_asig5,pre_cod_asig6,pre_cod_asig7 FROM tblaca009 WHERE pensum='5' AND c_uni_ca='4' AND c_asigna='300209' [1][0] OK
C:[07/05/2013 12:04:52.30][190.74.22.224][1232] SELECT c_asigna FROM dace004 WHERE exp_e='11-23500158' AND c_asigna='300101' AND status IN ('0','3','B') [1][0] OK
C:[07/05/2013 12:04:52.30][190.74.22.224][1219] SELECT pre_cod_asig1,pre_cod_asig2,pre_cod_asig3,pre_cod_asig4,pre_cod_asig5,pre_cod_asig6,pre_cod_asig7 FROM tblaca009 WHERE pensum='5' AND c_uni_ca='4' AND c_asigna='300314' [1][0] OK
C:[07/05/2013 12:04:52.30][190.74.22.224][1232] SELECT c_asigna FROM dace004 WHERE exp_e='11-23500158' AND c_asigna='300106' AND status IN ('0','3','B') [1][0] OK
C:[07/05/2013 12:04:52.92][190.74.22.224][1263] SELECT par_cod_asig1,par_cod_asig2,par_cod_asig3 FROM tblaca009 WHERE pensum='5' AND c_uni_ca='4' AND c_asigna='300213' [1][0] OK
C:[07/05/2013 12:04:52.92][190.74.22.224][1277] SELECT c_asigna FROM dace004 WHERE exp_e='11-23500158' AND c_asigna='300209' AND status IN ('0','3','B','C') [0][0] OK
C:[07/05/2013 12:04:52.92][190.74.22.224][1263] SELECT par_cod_asig1,par_cod_asig2,par_cod_asig3 FROM tblaca009 WHERE pensum='5' AND c_uni_ca='4' AND c_asigna='333326' [1][0] OK
C:[07/05/2013 12:04:52.92][190.74.22.224][1263] SELECT par_cod_asig1,par_cod_asig2,par_cod_asig3 FROM tblaca009 WHERE pensum='5' AND c_uni_ca='4' AND c_asigna='300013' [1][0] OK
C:[07/05/2013 12:04:52.92][190.74.22.224][1263] SELECT par_cod_asig1,par_cod_asig2,par_cod_asig3 FROM tblaca009 WHERE pensum='5' AND c_uni_ca='4' AND c_asigna='300113' [1][0] OK
C:[07/05/2013 12:04:52.92][190.74.22.224][1277] SELECT c_asigna FROM dace004 WHERE exp_e='11-23500158' AND c_asigna='300013' AND status IN ('0','3','B','C') [0][0] OK
C:[07/05/2013 12:04:52.92][190.74.22.224][1263] SELECT par_cod_asig1,par_cod_asig2,par_cod_asig3 FROM tblaca009 WHERE pensum='5' AND c_uni_ca='4' AND c_asigna='300207' [1][0] OK
C:[07/05/2013 12:04:52.92][190.74.22.224][1263] SELECT par_cod_asig1,par_cod_asig2,par_cod_asig3 FROM tblaca009 WHERE pensum='5' AND c_uni_ca='4' AND c_asigna='300209' [1][0] OK
C:[07/05/2013 12:04:52.92][190.74.22.224][1263] SELECT par_cod_asig1,par_cod_asig2,par_cod_asig3 FROM tblaca009 WHERE pensum='5' AND c_uni_ca='4' AND c_asigna='300314' [1][0] OK
C:[07/05/2013 12:25:08.01][186.90.193.122][1219] SELECT pre_cod_asig1,pre_cod_asig2,pre_cod_asig3,pre_cod_asig4,pre_cod_asig5,pre_cod_asig6,pre_cod_asig7 FROM tblaca009 WHERE pensum='5' AND c_uni_ca='2' AND c_asigna='320311' [1][0] OK
C:[07/05/2013 12:25:08.01][186.90.193.122][1232] SELECT c_asigna FROM dace004 WHERE exp_e='13-18170559' AND c_asigna='300013' AND status IN ('0','3','B') [1][0] OK
C:[07/05/2013 12:25:08.01][186.90.193.122][1232] SELECT c_asigna FROM dace004 WHERE exp_e='13-18170559' AND c_asigna='300113' AND status IN ('0','3','B') [1][0] OK
C:[07/05/2013 12:25:08.01][186.90.193.122][1219] SELECT pre_cod_asig1,pre_cod_asig2,pre_cod_asig3,pre_cod_asig4,pre_cod_asig5,pre_cod_asig6,pre_cod_asig7 FROM tblaca009 WHERE pensum='5' AND c_uni_ca='2' AND c_asigna='320323' [1][0] OK
C:[07/05/2013 12:25:08.01][186.90.193.122][1232] SELECT c_asigna FROM dace004 WHERE exp_e='13-18170559' AND c_asigna='300228' AND status IN ('0','3','B') [1][0] OK
C:[07/05/2013 12:25:08.01][186.90.193.122][1232] SELECT c_asigna FROM dace004 WHERE exp_e='13-18170559' AND c_asigna='300218' AND status IN ('0','3','B') [1][0] OK
C:[07/05/2013 12:25:08.01][186.90.193.122][1219] SELECT pre_cod_asig1,pre_cod_asig2,pre_cod_asig3,pre_cod_asig4,pre_cod_asig5,pre_cod_asig6,pre_cod_asig7 FROM tblaca009 WHERE pensum='5' AND c_uni_ca='2' AND c_asigna='300428' [1][0] OK
C:[07/05/2013 12:25:08.01][186.90.193.122][1232] SELECT c_asigna FROM dace004 WHERE exp_e='13-18170559' AND c_asigna='300317' AND status IN ('0','3','B') [1][0] OK
C:[07/05/2013 12:25:08.01][186.90.193.122][1232] SELECT c_asigna FROM dace004 WHERE exp_e='13-18170559' AND c_asigna='300209' AND status IN ('0','3','B') [1][0] OK
C:[07/05/2013 12:25:08.01][186.90.193.122][1219] SELECT pre_cod_asig1,pre_cod_asig2,pre_cod_asig3,pre_cod_asig4,pre_cod_asig5,pre_cod_asig6,pre_cod_asig7 FROM tblaca009 WHERE pensum='5' AND c_uni_ca='2' AND c_asigna='320437' [1][0] OK
C:[07/05/2013 12:25:08.01][186.90.193.122][1232] SELECT c_asigna FROM dace004 WHERE exp_e='13-18170559' AND c_asigna='300317' AND status IN ('0','3','B') [1][0] OK
C:[07/05/2013 12:25:08.01][186.90.193.122][1232] SELECT c_asigna FROM dace004 WHERE exp_e='13-18170559' AND c_asigna='300313' AND status IN ('0','3','B') [1][0] OK
C:[07/05/2013 12:25:08.01][186.90.193.122][1232] SELECT c_asigna FROM dace004 WHERE exp_e='13-18170559' AND c_asigna='300209' AND status IN ('0','3','B') [1][0] OK
C:[07/05/2013 12:25:08.01][186.90.193.122][1232] SELECT c_asigna FROM dace004 WHERE exp_e='13-18170559' AND c_asigna='300226' AND status IN ('0','3','B') [1][0] OK
C:[07/05/2013 12:25:08.01][186.90.193.122][1219] SELECT pre_cod_asig1,pre_cod_asig2,pre_cod_asig3,pre_cod_asig4,pre_cod_asig5,pre_cod_asig6,pre_cod_asig7 FROM tblaca009 WHERE pensum='5' AND c_uni_ca='2' AND c_asigna='322449' [1][0] OK
C:[07/05/2013 12:25:08.01][186.90.193.122][1232] SELECT c_asigna FROM dace004 WHERE exp_e='13-18170559' AND c_asigna='300222' AND status IN ('0','3','B') [1][0] OK
C:[07/05/2013 12:25:08.01][186.90.193.122][1219] SELECT pre_cod_asig1,pre_cod_asig2,pre_cod_asig3,pre_cod_asig4,pre_cod_asig5,pre_cod_asig6,pre_cod_asig7 FROM tblaca009 WHERE pensum='5' AND c_uni_ca='2' AND c_asigna='311561' [1][0] OK
C:[07/05/2013 12:25:08.01][186.90.193.122][1232] SELECT c_asigna FROM dace004 WHERE exp_e='13-18170559' AND c_asigna='300318' AND status IN ('0','3','B') [1][0] OK
C:[07/05/2013 12:25:08.26][186.90.193.122][1263] SELECT par_cod_asig1,par_cod_asig2,par_cod_asig3 FROM tblaca009 WHERE pensum='5' AND c_uni_ca='2' AND c_asigna='320311' [1][0] OK
C:[07/05/2013 12:25:08.26][186.90.193.122][1263] SELECT par_cod_asig1,par_cod_asig2,par_cod_asig3 FROM tblaca009 WHERE pensum='5' AND c_uni_ca='2' AND c_asigna='320323' [1][0] OK
C:[07/05/2013 12:25:08.26][186.90.193.122][1263] SELECT par_cod_asig1,par_cod_asig2,par_cod_asig3 FROM tblaca009 WHERE pensum='5' AND c_uni_ca='2' AND c_asigna='300428' [1][0] OK
C:[07/05/2013 12:25:08.26][186.90.193.122][1263] SELECT par_cod_asig1,par_cod_asig2,par_cod_asig3 FROM tblaca009 WHERE pensum='5' AND c_uni_ca='2' AND c_asigna='320437' [1][0] OK
C:[07/05/2013 12:25:08.26][186.90.193.122][1263] SELECT par_cod_asig1,par_cod_asig2,par_cod_asig3 FROM tblaca009 WHERE pensum='5' AND c_uni_ca='2' AND c_asigna='322449' [1][0] OK
C:[07/05/2013 12:25:08.26][186.90.193.122][1263] SELECT par_cod_asig1,par_cod_asig2,par_cod_asig3 FROM tblaca009 WHERE pensum='5' AND c_uni_ca='2' AND c_asigna='311561' [1][0] OK
C:[07/05/2013 14:12:15.43][190.60.50.54][1219] SELECT pre_cod_asig1,pre_cod_asig2,pre_cod_asig3,pre_cod_asig4,pre_cod_asig5,pre_cod_asig6,pre_cod_asig7 FROM tblaca009 WHERE pensum='5' AND c_uni_ca='4' AND c_asigna='300317' [1][0] OK
C:[07/05/2013 14:12:15.43][190.60.50.54][1232] SELECT c_asigna FROM dace004 WHERE exp_e='09-21196907' AND c_asigna='300207' AND status IN ('0','3','B') [1][0] OK
C:[07/05/2013 14:12:15.43][190.60.50.54][1232] SELECT c_asigna FROM dace004 WHERE exp_e='09-21196907' AND c_asigna='300209' AND status IN ('0','3','B') [1][0] OK
C:[07/05/2013 14:12:15.43][190.60.50.54][1219] SELECT pre_cod_asig1,pre_cod_asig2,pre_cod_asig3,pre_cod_asig4,pre_cod_asig5,pre_cod_asig6,pre_cod_asig7 FROM tblaca009 WHERE pensum='5' AND c_uni_ca='4' AND c_asigna='300218' [1][0] OK
C:[07/05/2013 14:12:15.43][190.60.50.54][1232] SELECT c_asigna FROM dace004 WHERE exp_e='09-21196907' AND c_asigna='300101' AND status IN ('0','3','B') [1][0] OK
C:[07/05/2013 14:12:15.43][190.60.50.54][1219] SELECT pre_cod_asig1,pre_cod_asig2,pre_cod_asig3,pre_cod_asig4,pre_cod_asig5,pre_cod_asig6,pre_cod_asig7 FROM tblaca009 WHERE pensum='5' AND c_uni_ca='4' AND c_asigna='300222' [1][0] OK
C:[07/05/2013 14:12:15.43][190.60.50.54][1232] SELECT c_asigna FROM dace004 WHERE exp_e='09-21196907' AND c_asigna='300112' AND status IN ('0','3','B') [1][0] OK
C:[07/05/2013 14:12:15.43][190.60.50.54][1219] SELECT pre_cod_asig1,pre_cod_asig2,pre_cod_asig3,pre_cod_asig4,pre_cod_asig5,pre_cod_asig6,pre_cod_asig7 FROM tblaca009 WHERE pensum='5' AND c_uni_ca='4' AND c_asigna='300226' [1][0] OK
C:[07/05/2013 14:12:15.43][190.60.50.54][1232] SELECT c_asigna FROM dace004 WHERE exp_e='09-21196907' AND c_asigna='300116' AND status IN ('0','3','B') [1][0] OK
C:[07/05/2013 14:12:15.43][190.60.50.54][1219] SELECT pre_cod_asig1,pre_cod_asig2,pre_cod_asig3,pre_cod_asig4,pre_cod_asig5,pre_cod_asig6,pre_cod_asig7 FROM tblaca009 WHERE pensum='5' AND c_uni_ca='4' AND c_asigna='330310' [1][0] OK
C:[07/05/2013 14:12:15.43][190.60.50.54][1232] SELECT c_asigna FROM dace004 WHERE exp_e='09-21196907' AND c_asigna='300013' AND status IN ('0','3','B') [1][0] OK
C:[07/05/2013 14:12:15.43][190.60.50.54][1232] SELECT c_asigna FROM dace004 WHERE exp_e='09-21196907' AND c_asigna='300113' AND status IN ('0','3','B') [1][0] OK
C:[07/05/2013 14:12:16.97][190.60.50.54][1263] SELECT par_cod_asig1,par_cod_asig2,par_cod_asig3 FROM tblaca009 WHERE pensum='5' AND c_uni_ca='4' AND c_asigna='300317' [1][0] OK
C:[07/05/2013 14:12:16.97][190.60.50.54][1263] SELECT par_cod_asig1,par_cod_asig2,par_cod_asig3 FROM tblaca009 WHERE pensum='5' AND c_uni_ca='4' AND c_asigna='300218' [1][0] OK
C:[07/05/2013 14:12:16.97][190.60.50.54][1277] SELECT c_asigna FROM dace004 WHERE exp_e='09-21196907' AND c_asigna='300228' AND status IN ('0','3','B','C') [1][0] OK
C:[07/05/2013 14:12:16.97][190.60.50.54][1263] SELECT par_cod_asig1,par_cod_asig2,par_cod_asig3 FROM tblaca009 WHERE pensum='5' AND c_uni_ca='4' AND c_asigna='300222' [1][0] OK
C:[07/05/2013 14:12:16.97][190.60.50.54][1263] SELECT par_cod_asig1,par_cod_asig2,par_cod_asig3 FROM tblaca009 WHERE pensum='5' AND c_uni_ca='4' AND c_asigna='300226' [1][0] OK
C:[07/05/2013 14:12:16.97][190.60.50.54][1263] SELECT par_cod_asig1,par_cod_asig2,par_cod_asig3 FROM tblaca009 WHERE pensum='5' AND c_uni_ca='4' AND c_asigna='330310' [1][0] OK
C:[07/05/2013 14:42:34.82][190.205.26.4][1219] SELECT pre_cod_asig1,pre_cod_asig2,pre_cod_asig3,pre_cod_asig4,pre_cod_asig5,pre_cod_asig6,pre_cod_asig7 FROM tblaca009 WHERE pensum='5' AND c_uni_ca='2' AND c_asigna='320323' [1][0] OK
C:[07/05/2013 14:42:34.82][190.205.26.4][1232] SELECT c_asigna FROM dace004 WHERE exp_e='10-22820598' AND c_asigna='300228' AND status IN ('0','3','B') [1][0] OK
C:[07/05/2013 14:42:34.82][190.205.26.4][1232] SELECT c_asigna FROM dace004 WHERE exp_e='10-22820598' AND c_asigna='300218' AND status IN ('0','3','B') [1][0] OK
C:[07/05/2013 14:42:34.82][190.205.26.4][1219] SELECT pre_cod_asig1,pre_cod_asig2,pre_cod_asig3,pre_cod_asig4,pre_cod_asig5,pre_cod_asig6,pre_cod_asig7 FROM tblaca009 WHERE pensum='5' AND c_uni_ca='2' AND c_asigna='320311' [1][0] OK
C:[07/05/2013 14:42:34.82][190.205.26.4][1232] SELECT c_asigna FROM dace004 WHERE exp_e='10-22820598' AND c_asigna='300013' AND status IN ('0','3','B') [1][0] OK
C:[07/05/2013 14:42:34.82][190.205.26.4][1232] SELECT c_asigna FROM dace004 WHERE exp_e='10-22820598' AND c_asigna='300113' AND status IN ('0','3','B') [1][0] OK
C:[07/05/2013 14:42:34.82][190.205.26.4][1219] SELECT pre_cod_asig1,pre_cod_asig2,pre_cod_asig3,pre_cod_asig4,pre_cod_asig5,pre_cod_asig6,pre_cod_asig7 FROM tblaca009 WHERE pensum='5' AND c_uni_ca='2' AND c_asigna='300317' [1][0] OK
C:[07/05/2013 14:42:34.82][190.205.26.4][1232] SELECT c_asigna FROM dace004 WHERE exp_e='10-22820598' AND c_asigna='300207' AND status IN ('0','3','B') [1][0] OK
C:[07/05/2013 14:42:34.82][190.205.26.4][1232] SELECT c_asigna FROM dace004 WHERE exp_e='10-22820598' AND c_asigna='300209' AND status IN ('0','3','B') [1][0] OK
C:[07/05/2013 14:42:34.82][190.205.26.4][1219] SELECT pre_cod_asig1,pre_cod_asig2,pre_cod_asig3,pre_cod_asig4,pre_cod_asig5,pre_cod_asig6,pre_cod_asig7 FROM tblaca009 WHERE pensum='5' AND c_uni_ca='2' AND c_asigna='300226' [1][0] OK
C:[07/05/2013 14:42:34.82][190.205.26.4][1232] SELECT c_asigna FROM dace004 WHERE exp_e='10-22820598' AND c_asigna='300116' AND status IN ('0','3','B') [1][0] OK
C:[07/05/2013 14:42:34.82][190.205.26.4][1219] SELECT pre_cod_asig1,pre_cod_asig2,pre_cod_asig3,pre_cod_asig4,pre_cod_asig5,pre_cod_asig6,pre_cod_asig7 FROM tblaca009 WHERE pensum='5' AND c_uni_ca='2' AND c_asigna='300318' [1][0] OK
C:[07/05/2013 14:42:34.82][190.205.26.4][1232] SELECT c_asigna FROM dace004 WHERE exp_e='10-22820598' AND c_asigna='300228' AND status IN ('0','3','B') [1][0] OK
C:[07/05/2013 14:42:34.82][190.205.26.4][1232] SELECT c_asigna FROM dace004 WHERE exp_e='10-22820598' AND c_asigna='300207' AND status IN ('0','3','B') [1][0] OK
C:[07/05/2013 14:42:34.82][190.205.26.4][1232] SELECT c_asigna FROM dace004 WHERE exp_e='10-22820598' AND c_asigna='300218' AND status IN ('0','3','B') [1][0] OK
C:[07/05/2013 14:42:34.69][190.205.26.4][1263] SELECT par_cod_asig1,par_cod_asig2,par_cod_asig3 FROM tblaca009 WHERE pensum='5' AND c_uni_ca='2' AND c_asigna='320323' [1][0] OK
C:[07/05/2013 14:42:34.69][190.205.26.4][1263] SELECT par_cod_asig1,par_cod_asig2,par_cod_asig3 FROM tblaca009 WHERE pensum='5' AND c_uni_ca='2' AND c_asigna='320311' [1][0] OK
C:[07/05/2013 14:42:34.69][190.205.26.4][1263] SELECT par_cod_asig1,par_cod_asig2,par_cod_asig3 FROM tblaca009 WHERE pensum='5' AND c_uni_ca='2' AND c_asigna='300317' [1][0] OK
C:[07/05/2013 14:42:34.69][190.205.26.4][1263] SELECT par_cod_asig1,par_cod_asig2,par_cod_asig3 FROM tblaca009 WHERE pensum='5' AND c_uni_ca='2' AND c_asigna='300226' [1][0] OK
C:[07/05/2013 14:42:34.69][190.205.26.4][1263] SELECT par_cod_asig1,par_cod_asig2,par_cod_asig3 FROM tblaca009 WHERE pensum='5' AND c_uni_ca='2' AND c_asigna='300318' [1][0] OK
C:[07/05/2013 14:51:40.24][190.204.210.3][1219] SELECT pre_cod_asig1,pre_cod_asig2,pre_cod_asig3,pre_cod_asig4,pre_cod_asig5,pre_cod_asig6,pre_cod_asig7 FROM tblaca009 WHERE pensum='5' AND c_uni_ca='6' AND c_asigna='300313' [1][0] OK
C:[07/05/2013 14:51:40.24][190.204.210.3][1232] SELECT c_asigna FROM dace004 WHERE exp_e='11-21236173' AND c_asigna='300213' AND status IN ('0','3','B') [1][0] OK
C:[07/05/2013 14:51:40.24][190.204.210.3][1232] SELECT c_asigna FROM dace004 WHERE exp_e='11-21236173' AND c_asigna='300226' AND status IN ('0','3','B') [1][0] OK
C:[07/05/2013 14:51:40.24][190.204.210.3][1232] SELECT c_asigna FROM dace004 WHERE exp_e='11-21236173' AND c_asigna='300222' AND status IN ('0','3','B') [1][0] OK
C:[07/05/2013 14:51:40.24][190.204.210.3][1232] SELECT c_asigna FROM dace004 WHERE exp_e='11-21236173' AND c_asigna='300209' AND status IN ('0','3','B') [1][0] OK
C:[07/05/2013 14:51:40.24][190.204.210.3][1219] SELECT pre_cod_asig1,pre_cod_asig2,pre_cod_asig3,pre_cod_asig4,pre_cod_asig5,pre_cod_asig6,pre_cod_asig7 FROM tblaca009 WHERE pensum='5' AND c_uni_ca='6' AND c_asigna='300218' [1][0] OK
C:[07/05/2013 14:51:40.24][190.204.210.3][1232] SELECT c_asigna FROM dace004 WHERE exp_e='11-21236173' AND c_asigna='300101' AND status IN ('0','3','B') [1][0] OK
C:[07/05/2013 14:51:40.24][190.204.210.3][1219] SELECT pre_cod_asig1,pre_cod_asig2,pre_cod_asig3,pre_cod_asig4,pre_cod_asig5,pre_cod_asig6,pre_cod_asig7 FROM tblaca009 WHERE pensum='5' AND c_uni_ca='6' AND c_asigna='300314' [1][0] OK
C:[07/05/2013 14:51:40.24][190.204.210.3][1232] SELECT c_asigna FROM dace004 WHERE exp_e='11-21236173' AND c_asigna='300106' AND status IN ('0','3','B') [1][0] OK
C:[07/05/2013 14:51:40.24][190.204.210.3][1219] SELECT pre_cod_asig1,pre_cod_asig2,pre_cod_asig3,pre_cod_asig4,pre_cod_asig5,pre_cod_asig6,pre_cod_asig7 FROM tblaca009 WHERE pensum='5' AND c_uni_ca='6' AND c_asigna='300013' [1][0] OK
C:[07/05/2013 14:51:40.24][190.204.210.3][1219] SELECT pre_cod_asig1,pre_cod_asig2,pre_cod_asig3,pre_cod_asig4,pre_cod_asig5,pre_cod_asig6,pre_cod_asig7 FROM tblaca009 WHERE pensum='5' AND c_uni_ca='6' AND c_asigna='300113' [1][0] OK
C:[07/05/2013 14:51:40.61][190.204.210.3][1263] SELECT par_cod_asig1,par_cod_asig2,par_cod_asig3 FROM tblaca009 WHERE pensum='5' AND c_uni_ca='6' AND c_asigna='300313' [1][0] OK
C:[07/05/2013 14:51:40.61][190.204.210.3][1263] SELECT par_cod_asig1,par_cod_asig2,par_cod_asig3 FROM tblaca009 WHERE pensum='5' AND c_uni_ca='6' AND c_asigna='300218' [1][0] OK
C:[07/05/2013 14:51:40.61][190.204.210.3][1277] SELECT c_asigna FROM dace004 WHERE exp_e='11-21236173' AND c_asigna='300228' AND status IN ('0','3','B','C') [1][0] OK
C:[07/05/2013 14:51:40.61][190.204.210.3][1263] SELECT par_cod_asig1,par_cod_asig2,par_cod_asig3 FROM tblaca009 WHERE pensum='5' AND c_uni_ca='6' AND c_asigna='300314' [1][0] OK
C:[07/05/2013 14:51:40.61][190.204.210.3][1263] SELECT par_cod_asig1,par_cod_asig2,par_cod_asig3 FROM tblaca009 WHERE pensum='5' AND c_uni_ca='6' AND c_asigna='300013' [1][0] OK
C:[07/05/2013 14:51:40.61][190.204.210.3][1263] SELECT par_cod_asig1,par_cod_asig2,par_cod_asig3 FROM tblaca009 WHERE pensum='5' AND c_uni_ca='6' AND c_asigna='300113' [1][0] OK
C:[07/05/2013 14:51:40.61][190.204.210.3][1277] SELECT c_asigna FROM dace004 WHERE exp_e='11-21236173' AND c_asigna='300013' AND status IN ('0','3','B','C') [0][0] OK
C:[07/05/2013 15:20:47.77][68.171.231.85][1219] SELECT pre_cod_asig1,pre_cod_asig2,pre_cod_asig3,pre_cod_asig4,pre_cod_asig5,pre_cod_asig6,pre_cod_asig7 FROM tblaca009 WHERE pensum='5' AND c_uni_ca='4' AND c_asigna='330310' [1][0] OK
C:[07/05/2013 15:20:47.77][68.171.231.85][1232] SELECT c_asigna FROM dace004 WHERE exp_e='10-21236726' AND c_asigna='300013' AND status IN ('0','3','B') [1][0] OK
C:[07/05/2013 15:20:47.77][68.171.231.85][1232] SELECT c_asigna FROM dace004 WHERE exp_e='10-21236726' AND c_asigna='300113' AND status IN ('0','3','B') [1][0] OK
C:[07/05/2013 15:20:47.77][68.171.231.85][1219] SELECT pre_cod_asig1,pre_cod_asig2,pre_cod_asig3,pre_cod_asig4,pre_cod_asig5,pre_cod_asig6,pre_cod_asig7 FROM tblaca009 WHERE pensum='5' AND c_uni_ca='4' AND c_asigna='300207' [1][0] OK
C:[07/05/2013 15:20:47.77][68.171.231.85][1232] SELECT c_asigna FROM dace004 WHERE exp_e='10-21236726' AND c_asigna='300101' AND status IN ('0','3','B') [1][0] OK
C:[07/05/2013 15:20:47.77][68.171.231.85][1219] SELECT pre_cod_asig1,pre_cod_asig2,pre_cod_asig3,pre_cod_asig4,pre_cod_asig5,pre_cod_asig6,pre_cod_asig7 FROM tblaca009 WHERE pensum='5' AND c_uni_ca='4' AND c_asigna='300313' [1][0] OK
C:[07/05/2013 15:20:47.77][68.171.231.85][1232] SELECT c_asigna FROM dace004 WHERE exp_e='10-21236726' AND c_asigna='300213' AND status IN ('0','3','B') [1][0] OK
C:[07/05/2013 15:20:47.77][68.171.231.85][1232] SELECT c_asigna FROM dace004 WHERE exp_e='10-21236726' AND c_asigna='300226' AND status IN ('0','3','B') [1][0] OK
C:[07/05/2013 15:20:47.77][68.171.231.85][1232] SELECT c_asigna FROM dace004 WHERE exp_e='10-21236726' AND c_asigna='300222' AND status IN ('0','3','B') [1][0] OK
C:[07/05/2013 15:20:47.77][68.171.231.85][1232] SELECT c_asigna FROM dace004 WHERE exp_e='10-21236726' AND c_asigna='300209' AND status IN ('0','3','B') [1][0] OK
C:[07/05/2013 15:20:47.77][68.171.231.85][1219] SELECT pre_cod_asig1,pre_cod_asig2,pre_cod_asig3,pre_cod_asig4,pre_cod_asig5,pre_cod_asig6,pre_cod_asig7 FROM tblaca009 WHERE pensum='5' AND c_uni_ca='4' AND c_asigna='300314' [1][0] OK
C:[07/05/2013 15:20:47.77][68.171.231.85][1232] SELECT c_asigna FROM dace004 WHERE exp_e='10-21236726' AND c_asigna='300106' AND status IN ('0','3','B') [1][0] OK
C:[07/05/2013 15:20:47.39][68.171.231.85][1263] SELECT par_cod_asig1,par_cod_asig2,par_cod_asig3 FROM tblaca009 WHERE pensum='5' AND c_uni_ca='4' AND c_asigna='330310' [1][0] OK
C:[07/05/2013 15:20:47.39][68.171.231.85][1263] SELECT par_cod_asig1,par_cod_asig2,par_cod_asig3 FROM tblaca009 WHERE pensum='5' AND c_uni_ca='4' AND c_asigna='300207' [1][0] OK
C:[07/05/2013 15:20:47.39][68.171.231.85][1263] SELECT par_cod_asig1,par_cod_asig2,par_cod_asig3 FROM tblaca009 WHERE pensum='5' AND c_uni_ca='4' AND c_asigna='300313' [1][0] OK
C:[07/05/2013 15:20:47.39][68.171.231.85][1263] SELECT par_cod_asig1,par_cod_asig2,par_cod_asig3 FROM tblaca009 WHERE pensum='5' AND c_uni_ca='4' AND c_asigna='300314' [1][0] OK
C:[07/05/2013 16:23:54.52][190.204.222.251][1219] SELECT pre_cod_asig1,pre_cod_asig2,pre_cod_asig3,pre_cod_asig4,pre_cod_asig5,pre_cod_asig6,pre_cod_asig7 FROM tblaca009 WHERE pensum='5' AND c_uni_ca='5' AND c_asigna='300218' [1][0] OK
C:[07/05/2013 16:23:54.52][190.204.222.251][1232] SELECT c_asigna FROM dace004 WHERE exp_e='12-21248862' AND c_asigna='300101' AND status IN ('0','3','B') [0][0] OK
C:[07/05/2013 16:23:54.52][190.204.222.251][1219] SELECT pre_cod_asig1,pre_cod_asig2,pre_cod_asig3,pre_cod_asig4,pre_cod_asig5,pre_cod_asig6,pre_cod_asig7 FROM tblaca009 WHERE pensum='5' AND c_uni_ca='5' AND c_asigna='300314' [1][0] OK
C:[07/05/2013 16:23:54.52][190.204.222.251][1232] SELECT c_asigna FROM dace004 WHERE exp_e='12-21248862' AND c_asigna='300106' AND status IN ('0','3','B') [1][0] OK
C:[07/05/2013 16:23:54.52][190.204.222.251][1219] SELECT pre_cod_asig1,pre_cod_asig2,pre_cod_asig3,pre_cod_asig4,pre_cod_asig5,pre_cod_asig6,pre_cod_asig7 FROM tblaca009 WHERE pensum='5' AND c_uni_ca='5' AND c_asigna='300101' [1][0] OK
C:[07/05/2013 16:23:54.52][190.204.222.251][1219] SELECT pre_cod_asig1,pre_cod_asig2,pre_cod_asig3,pre_cod_asig4,pre_cod_asig5,pre_cod_asig6,pre_cod_asig7 FROM tblaca009 WHERE pensum='5' AND c_uni_ca='5' AND c_asigna='300105' [1][0] OK
C:[07/05/2013 16:23:54.52][190.204.222.251][1219] SELECT pre_cod_asig1,pre_cod_asig2,pre_cod_asig3,pre_cod_asig4,pre_cod_asig5,pre_cod_asig6,pre_cod_asig7 FROM tblaca009 WHERE pensum='5' AND c_uni_ca='5' AND c_asigna='300226' [1][0] OK
C:[07/05/2013 16:23:54.52][190.204.222.251][1232] SELECT c_asigna FROM dace004 WHERE exp_e='12-21248862' AND c_asigna='300116' AND status IN ('0','3','B') [1][0] OK
C:[07/05/2013 16:23:54.51][190.204.222.251][1263] SELECT par_cod_asig1,par_cod_asig2,par_cod_asig3 FROM tblaca009 WHERE pensum='5' AND c_uni_ca='5' AND c_asigna='300218' [1][0] OK
C:[07/05/2013 16:23:54.51][190.204.222.251][1277] SELECT c_asigna FROM dace004 WHERE exp_e='12-21248862' AND c_asigna='300228' AND status IN ('0','3','B','C') [0][0] OK
C:[07/05/2013 16:23:54.51][190.204.222.251][1263] SELECT par_cod_asig1,par_cod_asig2,par_cod_asig3 FROM tblaca009 WHERE pensum='5' AND c_uni_ca='5' AND c_asigna='300314' [1][0] OK
C:[07/05/2013 16:23:54.51][190.204.222.251][1263] SELECT par_cod_asig1,par_cod_asig2,par_cod_asig3 FROM tblaca009 WHERE pensum='5' AND c_uni_ca='5' AND c_asigna='300101' [1][0] OK
C:[07/05/2013 16:23:54.51][190.204.222.251][1263] SELECT par_cod_asig1,par_cod_asig2,par_cod_asig3 FROM tblaca009 WHERE pensum='5' AND c_uni_ca='5' AND c_asigna='300105' [1][0] OK
C:[07/05/2013 16:23:54.51][190.204.222.251][1263] SELECT par_cod_asig1,par_cod_asig2,par_cod_asig3 FROM tblaca009 WHERE pensum='5' AND c_uni_ca='5' AND c_asigna='300226' [1][0] OK
C:[07/05/2013 17:09:20.07][186.25.96.28][1219] SELECT pre_cod_asig1,pre_cod_asig2,pre_cod_asig3,pre_cod_asig4,pre_cod_asig5,pre_cod_asig6,pre_cod_asig7 FROM tblaca009 WHERE pensum='5' AND c_uni_ca='3' AND c_asigna='300428' [1][0] OK
C:[07/05/2013 17:09:20.07][186.25.96.28][1232] SELECT c_asigna FROM dace004 WHERE exp_e='08-19621779' AND c_asigna='300317' AND status IN ('0','3','B') [1][0] OK
C:[07/05/2013 17:09:20.07][186.25.96.28][1232] SELECT c_asigna FROM dace004 WHERE exp_e='08-19621779' AND c_asigna='300209' AND status IN ('0','3','B') [1][0] OK
C:[07/05/2013 17:09:20.07][186.25.96.28][1219] SELECT pre_cod_asig1,pre_cod_asig2,pre_cod_asig3,pre_cod_asig4,pre_cod_asig5,pre_cod_asig6,pre_cod_asig7 FROM tblaca009 WHERE pensum='5' AND c_uni_ca='3' AND c_asigna='311430' [1][0] OK
C:[07/05/2013 17:09:20.07][186.25.96.28][1232] SELECT c_asigna FROM dace004 WHERE exp_e='08-19621779' AND c_asigna='300317' AND status IN ('0','3','B') [1][0] OK
C:[07/05/2013 17:09:20.07][186.25.96.28][1232] SELECT c_asigna FROM dace004 WHERE exp_e='08-19621779' AND c_asigna='300318' AND status IN ('0','3','B') [1][0] OK
C:[07/05/2013 17:09:20.07][186.25.96.28][1232] SELECT c_asigna FROM dace004 WHERE exp_e='08-19621779' AND c_asigna='300313' AND status IN ('0','3','B') [1][0] OK
C:[07/05/2013 17:09:20.07][186.25.96.28][1232] SELECT c_asigna FROM dace004 WHERE exp_e='08-19621779' AND c_asigna='300222' AND status IN ('0','3','B') [1][0] OK
C:[07/05/2013 17:09:20.07][186.25.96.28][1232] SELECT c_asigna FROM dace004 WHERE exp_e='08-19621779' AND c_asigna='300226' AND status IN ('0','3','B') [1][0] OK
C:[07/05/2013 17:09:20.07][186.25.96.28][1232] SELECT c_asigna FROM dace004 WHERE exp_e='08-19621779' AND c_asigna='300209' AND status IN ('0','3','B') [1][0] OK
C:[07/05/2013 17:09:20.07][186.25.96.28][1219] SELECT pre_cod_asig1,pre_cod_asig2,pre_cod_asig3,pre_cod_asig4,pre_cod_asig5,pre_cod_asig6,pre_cod_asig7 FROM tblaca009 WHERE pensum='5' AND c_uni_ca='3' AND c_asigna='300422' [1][0] OK
C:[07/05/2013 17:09:20.07][186.25.96.28][1232] SELECT c_asigna FROM dace004 WHERE exp_e='08-19621779' AND c_asigna='300105' AND status IN ('0','3','B') [1][0] OK
C:[07/05/2013 17:09:20.07][186.25.96.28][1232] SELECT c_asigna FROM dace004 WHERE exp_e='08-19621779' AND c_asigna='300314' AND status IN ('0','3','B') [1][0] OK
C:[07/05/2013 17:09:20.07][186.25.96.28][1219] SELECT pre_cod_asig1,pre_cod_asig2,pre_cod_asig3,pre_cod_asig4,pre_cod_asig5,pre_cod_asig6,pre_cod_asig7 FROM tblaca009 WHERE pensum='5' AND c_uni_ca='3' AND c_asigna='311431' [1][0] OK
C:[07/05/2013 17:09:20.07][186.25.96.28][1232] SELECT c_asigna FROM dace004 WHERE exp_e='08-19621779' AND c_asigna='311320' AND status IN ('0','3','B') [1][0] OK
C:[07/05/2013 17:09:20.07][186.25.96.28][1232] SELECT c_asigna FROM dace004 WHERE exp_e='08-19621779' AND c_asigna='300013' AND status IN ('0','3','B') [1][0] OK
C:[07/05/2013 17:09:20.07][186.25.96.28][1232] SELECT c_asigna FROM dace004 WHERE exp_e='08-19621779' AND c_asigna='300113' AND status IN ('0','3','B') [1][0] OK
C:[07/05/2013 17:09:20.07][186.25.96.28][1232] SELECT c_asigna FROM dace004 WHERE exp_e='08-19621779' AND c_asigna='300222' AND status IN ('0','3','B') [1][0] OK
C:[07/05/2013 17:09:20.07][186.25.96.28][1232] SELECT c_asigna FROM dace004 WHERE exp_e='08-19621779' AND c_asigna='300226' AND status IN ('0','3','B') [1][0] OK
C:[07/05/2013 17:09:20.07][186.25.96.28][1232] SELECT c_asigna FROM dace004 WHERE exp_e='08-19621779' AND c_asigna='300209' AND status IN ('0','3','B') [1][0] OK
C:[07/05/2013 17:09:20.07][186.25.96.28][1219] SELECT pre_cod_asig1,pre_cod_asig2,pre_cod_asig3,pre_cod_asig4,pre_cod_asig5,pre_cod_asig6,pre_cod_asig7 FROM tblaca009 WHERE pensum='5' AND c_uni_ca='3' AND c_asigna='314662' [1][0] OK
C:[07/05/2013 17:09:20.07][186.25.96.28][1232] SELECT c_asigna FROM dace004 WHERE exp_e='08-19621779' AND c_asigna='311552' AND status IN ('0','3','B') [1][0] OK
C:[07/05/2013 17:09:21.81][186.25.96.28][1263] SELECT par_cod_asig1,par_cod_asig2,par_cod_asig3 FROM tblaca009 WHERE pensum='5' AND c_uni_ca='3' AND c_asigna='300428' [1][0] OK
C:[07/05/2013 17:09:21.81][186.25.96.28][1263] SELECT par_cod_asig1,par_cod_asig2,par_cod_asig3 FROM tblaca009 WHERE pensum='5' AND c_uni_ca='3' AND c_asigna='311430' [1][0] OK
C:[07/05/2013 17:09:21.81][186.25.96.28][1263] SELECT par_cod_asig1,par_cod_asig2,par_cod_asig3 FROM tblaca009 WHERE pensum='5' AND c_uni_ca='3' AND c_asigna='300422' [1][0] OK
C:[07/05/2013 17:09:21.81][186.25.96.28][1263] SELECT par_cod_asig1,par_cod_asig2,par_cod_asig3 FROM tblaca009 WHERE pensum='5' AND c_uni_ca='3' AND c_asigna='311431' [1][0] OK
C:[07/05/2013 17:09:21.81][186.25.96.28][1277] SELECT c_asigna FROM dace004 WHERE exp_e='08-19621779' AND c_asigna='311430' AND status IN ('0','3','B','C') [0][0] OK
C:[07/05/2013 17:09:21.81][186.25.96.28][1263] SELECT par_cod_asig1,par_cod_asig2,par_cod_asig3 FROM tblaca009 WHERE pensum='5' AND c_uni_ca='3' AND c_asigna='314662' [1][0] OK
C:[07/05/2013 20:33:52.43][190.37.248.144][1219] SELECT pre_cod_asig1,pre_cod_asig2,pre_cod_asig3,pre_cod_asig4,pre_cod_asig5,pre_cod_asig6,pre_cod_asig7 FROM tblaca009 WHERE pensum='5' AND c_uni_ca='4' AND c_asigna='300101' [1][0] OK
C:[07/05/2013 20:33:52.55][190.37.248.144][1263] SELECT par_cod_asig1,par_cod_asig2,par_cod_asig3 FROM tblaca009 WHERE pensum='5' AND c_uni_ca='4' AND c_asigna='300101' [1][0] OK
C:[07/05/2013 20:33:52.68][190.37.248.144][1334] SELECT c_asigna FROM tblaca009 WHERE pensum='5' AND c_uni_ca='4' AND ((par_cod_asig1='300013') OR (par_cod_asig2='300013') OR (par_cod_asig3='300013'))  [1][0] OK
C:[07/05/2013 20:33:52.68][190.37.248.144][1346] SELECT c_asigna FROM dace004 WHERE exp_e='09-22830996' AND c_asigna='300113' AND status IN ('0','3','B') [0][0] OK
C:[07/05/2013 20:43:01.63][190.37.248.144][1219] SELECT pre_cod_asig1,pre_cod_asig2,pre_cod_asig3,pre_cod_asig4,pre_cod_asig5,pre_cod_asig6,pre_cod_asig7 FROM tblaca009 WHERE pensum='5' AND c_uni_ca='4' AND c_asigna='300013' [1][0] OK
C:[07/05/2013 20:43:01.63][190.37.248.144][1219] SELECT pre_cod_asig1,pre_cod_asig2,pre_cod_asig3,pre_cod_asig4,pre_cod_asig5,pre_cod_asig6,pre_cod_asig7 FROM tblaca009 WHERE pensum='5' AND c_uni_ca='4' AND c_asigna='300101' [1][0] OK
C:[07/05/2013 20:43:01.88][190.37.248.144][1263] SELECT par_cod_asig1,par_cod_asig2,par_cod_asig3 FROM tblaca009 WHERE pensum='5' AND c_uni_ca='4' AND c_asigna='300013' [1][0] OK
C:[07/05/2013 20:43:01.88][190.37.248.144][1263] SELECT par_cod_asig1,par_cod_asig2,par_cod_asig3 FROM tblaca009 WHERE pensum='5' AND c_uni_ca='4' AND c_asigna='300101' [1][0] OK
C:[07/05/2013 20:51:21.53][181.185.4.67][1219] SELECT pre_cod_asig1,pre_cod_asig2,pre_cod_asig3,pre_cod_asig4,pre_cod_asig5,pre_cod_asig6,pre_cod_asig7 FROM tblaca009 WHERE pensum='5' AND c_uni_ca='5' AND c_asigna='300112' [1][0] OK
C:[07/05/2013 20:51:21.53][181.185.4.67][1219] SELECT pre_cod_asig1,pre_cod_asig2,pre_cod_asig3,pre_cod_asig4,pre_cod_asig5,pre_cod_asig6,pre_cod_asig7 FROM tblaca009 WHERE pensum='5' AND c_uni_ca='5' AND c_asigna='300113' [1][0] OK
C:[07/05/2013 20:51:21.53][181.185.4.67][1219] SELECT pre_cod_asig1,pre_cod_asig2,pre_cod_asig3,pre_cod_asig4,pre_cod_asig5,pre_cod_asig6,pre_cod_asig7 FROM tblaca009 WHERE pensum='5' AND c_uni_ca='5' AND c_asigna='300226' [1][0] OK
C:[07/05/2013 20:51:21.53][181.185.4.67][1232] SELECT c_asigna FROM dace004 WHERE exp_e='12-26769039' AND c_asigna='300116' AND status IN ('0','3','B') [1][0] OK
C:[07/05/2013 20:51:21.53][181.185.4.67][1219] SELECT pre_cod_asig1,pre_cod_asig2,pre_cod_asig3,pre_cod_asig4,pre_cod_asig5,pre_cod_asig6,pre_cod_asig7 FROM tblaca009 WHERE pensum='5' AND c_uni_ca='5' AND c_asigna='300314' [1][0] OK
C:[07/05/2013 20:51:21.53][181.185.4.67][1232] SELECT c_asigna FROM dace004 WHERE exp_e='12-26769039' AND c_asigna='300106' AND status IN ('0','3','B') [1][0] OK
C:[07/05/2013 20:51:21.28][181.185.4.67][1263] SELECT par_cod_asig1,par_cod_asig2,par_cod_asig3 FROM tblaca009 WHERE pensum='5' AND c_uni_ca='5' AND c_asigna='300112' [1][0] OK
C:[07/05/2013 20:51:21.28][181.185.4.67][1263] SELECT par_cod_asig1,par_cod_asig2,par_cod_asig3 FROM tblaca009 WHERE pensum='5' AND c_uni_ca='5' AND c_asigna='300113' [1][0] OK
C:[07/05/2013 20:51:21.28][181.185.4.67][1277] SELECT c_asigna FROM dace004 WHERE exp_e='12-26769039' AND c_asigna='300013' AND status IN ('0','3','B','C') [0][0] OK
C:[07/05/2013 20:51:21.28][181.185.4.67][1263] SELECT par_cod_asig1,par_cod_asig2,par_cod_asig3 FROM tblaca009 WHERE pensum='5' AND c_uni_ca='5' AND c_asigna='300226' [1][0] OK
C:[07/05/2013 20:51:21.28][181.185.4.67][1263] SELECT par_cod_asig1,par_cod_asig2,par_cod_asig3 FROM tblaca009 WHERE pensum='5' AND c_uni_ca='5' AND c_asigna='300314' [1][0] OK
C:[07/05/2013 20:51:21.90][181.185.4.67][1334] SELECT c_asigna FROM tblaca009 WHERE pensum='5' AND c_uni_ca='5' AND ((par_cod_asig1='300013') OR (par_cod_asig2='300013') OR (par_cod_asig3='300013'))  [1][0] OK
C:[07/05/2013 20:51:21.90][181.185.4.67][1346] SELECT c_asigna FROM dace004 WHERE exp_e='12-26769039' AND c_asigna='300113' AND status IN ('0','3','B') [0][0] OK
C:[07/05/2013 20:51:21.90][181.185.4.67][1334] SELECT c_asigna FROM tblaca009 WHERE pensum='5' AND c_uni_ca='5' AND ((par_cod_asig1='300101') OR (par_cod_asig2='300101') OR (par_cod_asig3='300101'))  [0][0] OK
C:[07/05/2013 20:54:31.75][181.185.4.67][1219] SELECT pre_cod_asig1,pre_cod_asig2,pre_cod_asig3,pre_cod_asig4,pre_cod_asig5,pre_cod_asig6,pre_cod_asig7 FROM tblaca009 WHERE pensum='5' AND c_uni_ca='5' AND c_asigna='300112' [1][0] OK
C:[07/05/2013 20:54:31.75][181.185.4.67][1219] SELECT pre_cod_asig1,pre_cod_asig2,pre_cod_asig3,pre_cod_asig4,pre_cod_asig5,pre_cod_asig6,pre_cod_asig7 FROM tblaca009 WHERE pensum='5' AND c_uni_ca='5' AND c_asigna='300113' [1][0] OK
C:[07/05/2013 20:54:31.75][181.185.4.67][1219] SELECT pre_cod_asig1,pre_cod_asig2,pre_cod_asig3,pre_cod_asig4,pre_cod_asig5,pre_cod_asig6,pre_cod_asig7 FROM tblaca009 WHERE pensum='5' AND c_uni_ca='5' AND c_asigna='300226' [1][0] OK
C:[07/05/2013 20:54:31.75][181.185.4.67][1232] SELECT c_asigna FROM dace004 WHERE exp_e='12-26769039' AND c_asigna='300116' AND status IN ('0','3','B') [1][0] OK
C:[07/05/2013 20:54:31.75][181.185.4.67][1219] SELECT pre_cod_asig1,pre_cod_asig2,pre_cod_asig3,pre_cod_asig4,pre_cod_asig5,pre_cod_asig6,pre_cod_asig7 FROM tblaca009 WHERE pensum='5' AND c_uni_ca='5' AND c_asigna='300314' [1][0] OK
C:[07/05/2013 20:54:31.75][181.185.4.67][1232] SELECT c_asigna FROM dace004 WHERE exp_e='12-26769039' AND c_asigna='300106' AND status IN ('0','3','B') [1][0] OK
C:[07/05/2013 20:54:31.50][181.185.4.67][1263] SELECT par_cod_asig1,par_cod_asig2,par_cod_asig3 FROM tblaca009 WHERE pensum='5' AND c_uni_ca='5' AND c_asigna='300112' [1][0] OK
C:[07/05/2013 20:54:31.50][181.185.4.67][1263] SELECT par_cod_asig1,par_cod_asig2,par_cod_asig3 FROM tblaca009 WHERE pensum='5' AND c_uni_ca='5' AND c_asigna='300113' [1][0] OK
C:[07/05/2013 20:54:31.50][181.185.4.67][1277] SELECT c_asigna FROM dace004 WHERE exp_e='12-26769039' AND c_asigna='300013' AND status IN ('0','3','B','C') [0][0] OK
C:[07/05/2013 20:54:31.50][181.185.4.67][1263] SELECT par_cod_asig1,par_cod_asig2,par_cod_asig3 FROM tblaca009 WHERE pensum='5' AND c_uni_ca='5' AND c_asigna='300226' [1][0] OK
C:[07/05/2013 20:54:31.50][181.185.4.67][1263] SELECT par_cod_asig1,par_cod_asig2,par_cod_asig3 FROM tblaca009 WHERE pensum='5' AND c_uni_ca='5' AND c_asigna='300314' [1][0] OK
C:[07/05/2013 20:54:31.12][181.185.4.67][1334] SELECT c_asigna FROM tblaca009 WHERE pensum='5' AND c_uni_ca='5' AND ((par_cod_asig1='300013') OR (par_cod_asig2='300013') OR (par_cod_asig3='300013'))  [1][0] OK
C:[07/05/2013 20:54:31.12][181.185.4.67][1346] SELECT c_asigna FROM dace004 WHERE exp_e='12-26769039' AND c_asigna='300113' AND status IN ('0','3','B') [0][0] OK
C:[07/05/2013 20:54:31.12][181.185.4.67][1334] SELECT c_asigna FROM tblaca009 WHERE pensum='5' AND c_uni_ca='5' AND ((par_cod_asig1='300101') OR (par_cod_asig2='300101') OR (par_cod_asig3='300101'))  [0][0] OK
C:[07/05/2013 21:35:13.63][190.207.50.5][1219] SELECT pre_cod_asig1,pre_cod_asig2,pre_cod_asig3,pre_cod_asig4,pre_cod_asig5,pre_cod_asig6,pre_cod_asig7 FROM tblaca009 WHERE pensum='5' AND c_uni_ca='5' AND c_asigna='355722' [1][0] OK
C:[07/05/2013 21:35:13.63][190.207.50.5][1232] SELECT c_asigna FROM dace004 WHERE exp_e='07-19858498' AND c_asigna='355691' AND status IN ('0','3','B') [1][0] OK
C:[07/05/2013 21:35:13.63][190.207.50.5][1232] SELECT c_asigna FROM dace004 WHERE exp_e='07-19858498' AND c_asigna='355595' AND status IN ('0','3','B') [1][0] OK
C:[07/05/2013 21:35:13.63][190.207.50.5][1219] SELECT pre_cod_asig1,pre_cod_asig2,pre_cod_asig3,pre_cod_asig4,pre_cod_asig5,pre_cod_asig6,pre_cod_asig7 FROM tblaca009 WHERE pensum='5' AND c_uni_ca='5' AND c_asigna='355832' [1][0] OK
C:[07/05/2013 21:35:13.63][190.207.50.5][1232] SELECT c_asigna FROM dace004 WHERE exp_e='07-19858498' AND c_asigna='355694' AND status IN ('0','3','B') [1][0] OK
C:[07/05/2013 21:35:13.63][190.207.50.5][1219] SELECT pre_cod_asig1,pre_cod_asig2,pre_cod_asig3,pre_cod_asig4,pre_cod_asig5,pre_cod_asig6,pre_cod_asig7 FROM tblaca009 WHERE pensum='5' AND c_uni_ca='5' AND c_asigna='355835' [1][0] OK
C:[07/05/2013 21:35:13.63][190.207.50.5][1232] SELECT c_asigna FROM dace004 WHERE exp_e='07-19858498' AND c_asigna='355691' AND status IN ('0','3','B') [1][0] OK
C:[07/05/2013 21:35:13.63][190.207.50.5][1219] SELECT pre_cod_asig1,pre_cod_asig2,pre_cod_asig3,pre_cod_asig4,pre_cod_asig5,pre_cod_asig6,pre_cod_asig7 FROM tblaca009 WHERE pensum='5' AND c_uni_ca='5' AND c_asigna='355839' [1][0] OK
C:[07/05/2013 21:35:13.63][190.207.50.5][1232] SELECT c_asigna FROM dace004 WHERE exp_e='07-19858498' AND c_asigna='355725' AND status IN ('0','3','B') [1][0] OK
C:[07/05/2013 21:35:13.63][190.207.50.5][1232] SELECT c_asigna FROM dace004 WHERE exp_e='07-19858498' AND c_asigna='355692' AND status IN ('0','3','B') [1][0] OK
C:[07/05/2013 21:35:13.63][190.207.50.5][1219] SELECT pre_cod_asig1,pre_cod_asig2,pre_cod_asig3,pre_cod_asig4,pre_cod_asig5,pre_cod_asig6,pre_cod_asig7 FROM tblaca009 WHERE pensum='5' AND c_uni_ca='5' AND c_asigna='355951' [1][0] OK
C:[07/05/2013 21:35:13.63][190.207.50.5][1232] SELECT c_asigna FROM dace004 WHERE exp_e='07-19858498' AND c_asigna='355691' AND status IN ('0','3','B') [1][0] OK
C:[07/05/2013 21:35:14.15][190.207.50.5][1263] SELECT par_cod_asig1,par_cod_asig2,par_cod_asig3 FROM tblaca009 WHERE pensum='5' AND c_uni_ca='5' AND c_asigna='355722' [1][0] OK
C:[07/05/2013 21:35:14.15][190.207.50.5][1263] SELECT par_cod_asig1,par_cod_asig2,par_cod_asig3 FROM tblaca009 WHERE pensum='5' AND c_uni_ca='5' AND c_asigna='355832' [1][0] OK
C:[07/05/2013 21:35:14.15][190.207.50.5][1263] SELECT par_cod_asig1,par_cod_asig2,par_cod_asig3 FROM tblaca009 WHERE pensum='5' AND c_uni_ca='5' AND c_asigna='355835' [1][0] OK
C:[07/05/2013 21:35:14.15][190.207.50.5][1263] SELECT par_cod_asig1,par_cod_asig2,par_cod_asig3 FROM tblaca009 WHERE pensum='5' AND c_uni_ca='5' AND c_asigna='355839' [1][0] OK
C:[07/05/2013 21:35:14.15][190.207.50.5][1263] SELECT par_cod_asig1,par_cod_asig2,par_cod_asig3 FROM tblaca009 WHERE pensum='5' AND c_uni_ca='5' AND c_asigna='355951' [1][0] OK
C:[07/05/2013 21:36:38.78][190.207.50.5][1219] SELECT pre_cod_asig1,pre_cod_asig2,pre_cod_asig3,pre_cod_asig4,pre_cod_asig5,pre_cod_asig6,pre_cod_asig7 FROM tblaca009 WHERE pensum='5' AND c_uni_ca='5' AND c_asigna='355722' [1][0] OK
C:[07/05/2013 21:36:38.78][190.207.50.5][1232] SELECT c_asigna FROM dace004 WHERE exp_e='07-19858498' AND c_asigna='355691' AND status IN ('0','3','B') [1][0] OK
C:[07/05/2013 21:36:38.78][190.207.50.5][1232] SELECT c_asigna FROM dace004 WHERE exp_e='07-19858498' AND c_asigna='355595' AND status IN ('0','3','B') [1][0] OK
C:[07/05/2013 21:36:38.78][190.207.50.5][1219] SELECT pre_cod_asig1,pre_cod_asig2,pre_cod_asig3,pre_cod_asig4,pre_cod_asig5,pre_cod_asig6,pre_cod_asig7 FROM tblaca009 WHERE pensum='5' AND c_uni_ca='5' AND c_asigna='355832' [1][0] OK
C:[07/05/2013 21:36:38.78][190.207.50.5][1232] SELECT c_asigna FROM dace004 WHERE exp_e='07-19858498' AND c_asigna='355694' AND status IN ('0','3','B') [1][0] OK
C:[07/05/2013 21:36:38.78][190.207.50.5][1219] SELECT pre_cod_asig1,pre_cod_asig2,pre_cod_asig3,pre_cod_asig4,pre_cod_asig5,pre_cod_asig6,pre_cod_asig7 FROM tblaca009 WHERE pensum='5' AND c_uni_ca='5' AND c_asigna='355835' [1][0] OK
C:[07/05/2013 21:36:38.78][190.207.50.5][1232] SELECT c_asigna FROM dace004 WHERE exp_e='07-19858498' AND c_asigna='355691' AND status IN ('0','3','B') [1][0] OK
C:[07/05/2013 21:36:38.78][190.207.50.5][1219] SELECT pre_cod_asig1,pre_cod_asig2,pre_cod_asig3,pre_cod_asig4,pre_cod_asig5,pre_cod_asig6,pre_cod_asig7 FROM tblaca009 WHERE pensum='5' AND c_uni_ca='5' AND c_asigna='355839' [1][0] OK
C:[07/05/2013 21:36:38.78][190.207.50.5][1232] SELECT c_asigna FROM dace004 WHERE exp_e='07-19858498' AND c_asigna='355725' AND status IN ('0','3','B') [1][0] OK
C:[07/05/2013 21:36:38.78][190.207.50.5][1232] SELECT c_asigna FROM dace004 WHERE exp_e='07-19858498' AND c_asigna='355692' AND status IN ('0','3','B') [1][0] OK
C:[07/05/2013 21:36:38.78][190.207.50.5][1219] SELECT pre_cod_asig1,pre_cod_asig2,pre_cod_asig3,pre_cod_asig4,pre_cod_asig5,pre_cod_asig6,pre_cod_asig7 FROM tblaca009 WHERE pensum='5' AND c_uni_ca='5' AND c_asigna='355951' [1][0] OK
C:[07/05/2013 21:36:38.78][190.207.50.5][1232] SELECT c_asigna FROM dace004 WHERE exp_e='07-19858498' AND c_asigna='355691' AND status IN ('0','3','B') [1][0] OK
C:[07/05/2013 21:36:38.53][190.207.50.5][1263] SELECT par_cod_asig1,par_cod_asig2,par_cod_asig3 FROM tblaca009 WHERE pensum='5' AND c_uni_ca='5' AND c_asigna='355722' [1][0] OK
C:[07/05/2013 21:36:38.53][190.207.50.5][1263] SELECT par_cod_asig1,par_cod_asig2,par_cod_asig3 FROM tblaca009 WHERE pensum='5' AND c_uni_ca='5' AND c_asigna='355832' [1][0] OK
C:[07/05/2013 21:36:38.53][190.207.50.5][1263] SELECT par_cod_asig1,par_cod_asig2,par_cod_asig3 FROM tblaca009 WHERE pensum='5' AND c_uni_ca='5' AND c_asigna='355835' [1][0] OK
C:[07/05/2013 21:36:38.53][190.207.50.5][1263] SELECT par_cod_asig1,par_cod_asig2,par_cod_asig3 FROM tblaca009 WHERE pensum='5' AND c_uni_ca='5' AND c_asigna='355839' [1][0] OK
C:[07/05/2013 21:36:38.53][190.207.50.5][1263] SELECT par_cod_asig1,par_cod_asig2,par_cod_asig3 FROM tblaca009 WHERE pensum='5' AND c_uni_ca='5' AND c_asigna='355951' [1][0] OK
C:[08/05/2013 08:08:19.81][190.75.162.6][1219] SELECT pre_cod_asig1,pre_cod_asig2,pre_cod_asig3,pre_cod_asig4,pre_cod_asig5,pre_cod_asig6,pre_cod_asig7 FROM tblaca009 WHERE pensum='5' AND c_uni_ca='3' AND c_asigna='300207' [1][0] OK
C:[08/05/2013 08:08:19.81][190.75.162.6][1232] SELECT c_asigna FROM dace004 WHERE exp_e='10-21340290' AND c_asigna='300101' AND status IN ('0','3','B') [1][0] OK
C:[08/05/2013 08:08:19.81][190.75.162.6][1219] SELECT pre_cod_asig1,pre_cod_asig2,pre_cod_asig3,pre_cod_asig4,pre_cod_asig5,pre_cod_asig6,pre_cod_asig7 FROM tblaca009 WHERE pensum='5' AND c_uni_ca='3' AND c_asigna='300105' [1][0] OK
C:[08/05/2013 08:08:19.18][190.75.162.6][1263] SELECT par_cod_asig1,par_cod_asig2,par_cod_asig3 FROM tblaca009 WHERE pensum='5' AND c_uni_ca='3' AND c_asigna='300207' [1][0] OK
C:[08/05/2013 08:08:19.18][190.75.162.6][1263] SELECT par_cod_asig1,par_cod_asig2,par_cod_asig3 FROM tblaca009 WHERE pensum='5' AND c_uni_ca='3' AND c_asigna='300105' [1][0] OK
C:[08/05/2013 15:22:54.79][190.204.206.91][1219] SELECT pre_cod_asig1,pre_cod_asig2,pre_cod_asig3,pre_cod_asig4,pre_cod_asig5,pre_cod_asig6,pre_cod_asig7 FROM tblaca009 WHERE pensum='5' AND c_uni_ca='5' AND c_asigna='355722' [1][0] OK
C:[08/05/2013 15:22:54.79][190.204.206.91][1232] SELECT c_asigna FROM dace004 WHERE exp_e='94-12360569' AND c_asigna='355691' AND status IN ('0','3','B') [1][0] OK
C:[08/05/2013 15:22:54.79][190.204.206.91][1232] SELECT c_asigna FROM dace004 WHERE exp_e='94-12360569' AND c_asigna='355595' AND status IN ('0','3','B') [1][0] OK
C:[08/05/2013 15:22:54.79][190.204.206.91][1219] SELECT pre_cod_asig1,pre_cod_asig2,pre_cod_asig3,pre_cod_asig4,pre_cod_asig5,pre_cod_asig6,pre_cod_asig7 FROM tblaca009 WHERE pensum='5' AND c_uni_ca='5' AND c_asigna='355835' [1][0] OK
C:[08/05/2013 15:22:54.79][190.204.206.91][1232] SELECT c_asigna FROM dace004 WHERE exp_e='94-12360569' AND c_asigna='355691' AND status IN ('0','3','B') [1][0] OK
C:[08/05/2013 15:22:54.79][190.204.206.91][1219] SELECT pre_cod_asig1,pre_cod_asig2,pre_cod_asig3,pre_cod_asig4,pre_cod_asig5,pre_cod_asig6,pre_cod_asig7 FROM tblaca009 WHERE pensum='5' AND c_uni_ca='5' AND c_asigna='355951' [1][0] OK
C:[08/05/2013 15:22:54.79][190.204.206.91][1232] SELECT c_asigna FROM dace004 WHERE exp_e='94-12360569' AND c_asigna='355691' AND status IN ('0','3','B') [1][0] OK
C:[08/05/2013 15:22:54.79][190.204.206.91][1219] SELECT pre_cod_asig1,pre_cod_asig2,pre_cod_asig3,pre_cod_asig4,pre_cod_asig5,pre_cod_asig6,pre_cod_asig7 FROM tblaca009 WHERE pensum='5' AND c_uni_ca='5' AND c_asigna='355692' [1][0] OK
C:[08/05/2013 15:22:54.79][190.204.206.91][1232] SELECT c_asigna FROM dace004 WHERE exp_e='94-12360569' AND c_asigna='355448' AND status IN ('0','3','B') [1][0] OK
C:[08/05/2013 15:22:54.79][190.204.206.91][1232] SELECT c_asigna FROM dace004 WHERE exp_e='94-12360569' AND c_asigna='355570' AND status IN ('0','3','B') [2][0] OK
C:[08/05/2013 15:22:55.04][190.204.206.91][1263] SELECT par_cod_asig1,par_cod_asig2,par_cod_asig3 FROM tblaca009 WHERE pensum='5' AND c_uni_ca='5' AND c_asigna='355722' [1][0] OK
C:[08/05/2013 15:22:55.04][190.204.206.91][1263] SELECT par_cod_asig1,par_cod_asig2,par_cod_asig3 FROM tblaca009 WHERE pensum='5' AND c_uni_ca='5' AND c_asigna='355835' [1][0] OK
C:[08/05/2013 15:22:55.04][190.204.206.91][1263] SELECT par_cod_asig1,par_cod_asig2,par_cod_asig3 FROM tblaca009 WHERE pensum='5' AND c_uni_ca='5' AND c_asigna='355951' [1][0] OK
C:[08/05/2013 15:22:55.04][190.204.206.91][1263] SELECT par_cod_asig1,par_cod_asig2,par_cod_asig3 FROM tblaca009 WHERE pensum='5' AND c_uni_ca='5' AND c_asigna='355692' [1][0] OK
C:[08/05/2013 23:21:51.54][190.94.237.95][1219] SELECT pre_cod_asig1,pre_cod_asig2,pre_cod_asig3,pre_cod_asig4,pre_cod_asig5,pre_cod_asig6,pre_cod_asig7 FROM tblaca009 WHERE pensum='5' AND c_uni_ca='4' AND c_asigna='300207' [1][0] OK
C:[08/05/2013 23:21:51.54][190.94.237.95][1232] SELECT c_asigna FROM dace004 WHERE exp_e='10-21196505' AND c_asigna='300101' AND status IN ('0','3','B') [1][0] OK
C:[08/05/2013 23:21:51.54][190.94.237.95][1219] SELECT pre_cod_asig1,pre_cod_asig2,pre_cod_asig3,pre_cod_asig4,pre_cod_asig5,pre_cod_asig6,pre_cod_asig7 FROM tblaca009 WHERE pensum='5' AND c_uni_ca='4' AND c_asigna='300105' [1][0] OK
C:[08/05/2013 23:21:51.91][190.94.237.95][1263] SELECT par_cod_asig1,par_cod_asig2,par_cod_asig3 FROM tblaca009 WHERE pensum='5' AND c_uni_ca='4' AND c_asigna='300207' [1][0] OK
C:[08/05/2013 23:21:51.91][190.94.237.95][1263] SELECT par_cod_asig1,par_cod_asig2,par_cod_asig3 FROM tblaca009 WHERE pensum='5' AND c_uni_ca='4' AND c_asigna='300105' [1][0] OK
C:[08/05/2013 23:38:50.56][190.94.237.95][1219] SELECT pre_cod_asig1,pre_cod_asig2,pre_cod_asig3,pre_cod_asig4,pre_cod_asig5,pre_cod_asig6,pre_cod_asig7 FROM tblaca009 WHERE pensum='5' AND c_uni_ca='6' AND c_asigna='300207' [1][0] OK
C:[08/05/2013 23:38:50.56][190.94.237.95][1232] SELECT c_asigna FROM dace004 WHERE exp_e='10-21248263' AND c_asigna='300101' AND status IN ('0','3','B') [1][0] OK
C:[08/05/2013 23:38:50.56][190.94.237.95][1219] SELECT pre_cod_asig1,pre_cod_asig2,pre_cod_asig3,pre_cod_asig4,pre_cod_asig5,pre_cod_asig6,pre_cod_asig7 FROM tblaca009 WHERE pensum='5' AND c_uni_ca='6' AND c_asigna='300213' [1][0] OK
C:[08/05/2013 23:38:50.56][190.94.237.95][1232] SELECT c_asigna FROM dace004 WHERE exp_e='10-21248263' AND c_asigna='300101' AND status IN ('0','3','B') [1][0] OK
C:[08/05/2013 23:38:50.06][190.94.237.95][1263] SELECT par_cod_asig1,par_cod_asig2,par_cod_asig3 FROM tblaca009 WHERE pensum='5' AND c_uni_ca='6' AND c_asigna='300207' [1][0] OK
C:[08/05/2013 23:38:50.06][190.94.237.95][1263] SELECT par_cod_asig1,par_cod_asig2,par_cod_asig3 FROM tblaca009 WHERE pensum='5' AND c_uni_ca='6' AND c_asigna='300213' [1][0] OK
C:[08/05/2013 23:38:50.06][190.94.237.95][1277] SELECT c_asigna FROM dace004 WHERE exp_e='10-21248263' AND c_asigna='300209' AND status IN ('0','3','B','C') [1][0] OK
C:[08/05/2013 23:42:05.01][190.94.237.95][1219] SELECT pre_cod_asig1,pre_cod_asig2,pre_cod_asig3,pre_cod_asig4,pre_cod_asig5,pre_cod_asig6,pre_cod_asig7 FROM tblaca009 WHERE pensum='5' AND c_uni_ca='5' AND c_asigna='300207' [1][0] OK
C:[08/05/2013 23:42:05.01][190.94.237.95][1232] SELECT c_asigna FROM dace004 WHERE exp_e='07-19703628' AND c_asigna='300101' AND status IN ('0','3','B') [1][0] OK
C:[08/05/2013 23:42:05.01][190.94.237.95][1219] SELECT pre_cod_asig1,pre_cod_asig2,pre_cod_asig3,pre_cod_asig4,pre_cod_asig5,pre_cod_asig6,pre_cod_asig7 FROM tblaca009 WHERE pensum='5' AND c_uni_ca='5' AND c_asigna='300113' [1][0] OK
C:[08/05/2013 23:42:05.39][190.94.237.95][1263] SELECT par_cod_asig1,par_cod_asig2,par_cod_asig3 FROM tblaca009 WHERE pensum='5' AND c_uni_ca='5' AND c_asigna='300207' [1][0] OK
C:[08/05/2013 23:42:05.39][190.94.237.95][1263] SELECT par_cod_asig1,par_cod_asig2,par_cod_asig3 FROM tblaca009 WHERE pensum='5' AND c_uni_ca='5' AND c_asigna='300113' [1][0] OK
C:[08/05/2013 23:42:05.39][190.94.237.95][1277] SELECT c_asigna FROM dace004 WHERE exp_e='07-19703628' AND c_asigna='300013' AND status IN ('0','3','B','C') [1][0] OK
C:[09/05/2013 09:32:14.02][172.16.8.135][1219] SELECT pre_cod_asig1,pre_cod_asig2,pre_cod_asig3,pre_cod_asig4,pre_cod_asig5,pre_cod_asig6,pre_cod_asig7 FROM tblaca009 WHERE pensum='5' AND c_uni_ca='3' AND c_asigna='300422' [1][0] OK
C:[09/05/2013 09:32:14.02][172.16.8.135][1232] SELECT c_asigna FROM dace004 WHERE exp_e='11-20505706' AND c_asigna='300105' AND status IN ('0','3','B') [1][0] OK
C:[09/05/2013 09:32:14.02][172.16.8.135][1232] SELECT c_asigna FROM dace004 WHERE exp_e='11-20505706' AND c_asigna='300314' AND status IN ('0','3','B') [1][0] OK
C:[09/05/2013 09:32:14.02][172.16.8.135][1219] SELECT pre_cod_asig1,pre_cod_asig2,pre_cod_asig3,pre_cod_asig4,pre_cod_asig5,pre_cod_asig6,pre_cod_asig7 FROM tblaca009 WHERE pensum='5' AND c_uni_ca='3' AND c_asigna='311430' [1][0] OK
C:[09/05/2013 09:32:14.02][172.16.8.135][1232] SELECT c_asigna FROM dace004 WHERE exp_e='11-20505706' AND c_asigna='300317' AND status IN ('0','3','B') [1][0] OK
C:[09/05/2013 09:32:14.02][172.16.8.135][1232] SELECT c_asigna FROM dace004 WHERE exp_e='11-20505706' AND c_asigna='300318' AND status IN ('0','3','B') [1][0] OK
C:[09/05/2013 09:32:14.02][172.16.8.135][1232] SELECT c_asigna FROM dace004 WHERE exp_e='11-20505706' AND c_asigna='300313' AND status IN ('0','3','B') [1][0] OK
C:[09/05/2013 09:32:14.02][172.16.8.135][1232] SELECT c_asigna FROM dace004 WHERE exp_e='11-20505706' AND c_asigna='300222' AND status IN ('0','3','B') [1][0] OK
C:[09/05/2013 09:32:14.02][172.16.8.135][1232] SELECT c_asigna FROM dace004 WHERE exp_e='11-20505706' AND c_asigna='300226' AND status IN ('0','3','B') [1][0] OK
C:[09/05/2013 09:32:14.02][172.16.8.135][1232] SELECT c_asigna FROM dace004 WHERE exp_e='11-20505706' AND c_asigna='300209' AND status IN ('0','3','B') [1][0] OK
C:[09/05/2013 09:32:14.02][172.16.8.135][1219] SELECT pre_cod_asig1,pre_cod_asig2,pre_cod_asig3,pre_cod_asig4,pre_cod_asig5,pre_cod_asig6,pre_cod_asig7 FROM tblaca009 WHERE pensum='5' AND c_uni_ca='3' AND c_asigna='311431' [1][0] OK
C:[09/05/2013 09:32:14.02][172.16.8.135][1232] SELECT c_asigna FROM dace004 WHERE exp_e='11-20505706' AND c_asigna='311320' AND status IN ('0','3','B') [1][0] OK
C:[09/05/2013 09:32:14.02][172.16.8.135][1232] SELECT c_asigna FROM dace004 WHERE exp_e='11-20505706' AND c_asigna='300013' AND status IN ('0','3','B') [1][0] OK
C:[09/05/2013 09:32:14.02][172.16.8.135][1232] SELECT c_asigna FROM dace004 WHERE exp_e='11-20505706' AND c_asigna='300113' AND status IN ('0','3','B') [1][0] OK
C:[09/05/2013 09:32:14.02][172.16.8.135][1232] SELECT c_asigna FROM dace004 WHERE exp_e='11-20505706' AND c_asigna='300222' AND status IN ('0','3','B') [1][0] OK
C:[09/05/2013 09:32:14.02][172.16.8.135][1232] SELECT c_asigna FROM dace004 WHERE exp_e='11-20505706' AND c_asigna='300226' AND status IN ('0','3','B') [1][0] OK
C:[09/05/2013 09:32:14.02][172.16.8.135][1232] SELECT c_asigna FROM dace004 WHERE exp_e='11-20505706' AND c_asigna='300209' AND status IN ('0','3','B') [1][0] OK
C:[09/05/2013 09:32:14.02][172.16.8.135][1219] SELECT pre_cod_asig1,pre_cod_asig2,pre_cod_asig3,pre_cod_asig4,pre_cod_asig5,pre_cod_asig6,pre_cod_asig7 FROM tblaca009 WHERE pensum='5' AND c_uni_ca='3' AND c_asigna='311434' [1][0] OK
C:[09/05/2013 09:32:14.02][172.16.8.135][1232] SELECT c_asigna FROM dace004 WHERE exp_e='11-20505706' AND c_asigna='300222' AND status IN ('0','3','B') [1][0] OK
C:[09/05/2013 09:32:14.02][172.16.8.135][1232] SELECT c_asigna FROM dace004 WHERE exp_e='11-20505706' AND c_asigna='300226' AND status IN ('0','3','B') [1][0] OK
C:[09/05/2013 09:32:14.02][172.16.8.135][1232] SELECT c_asigna FROM dace004 WHERE exp_e='11-20505706' AND c_asigna='300209' AND status IN ('0','3','B') [1][0] OK
C:[09/05/2013 09:32:14.02][172.16.8.135][1219] SELECT pre_cod_asig1,pre_cod_asig2,pre_cod_asig3,pre_cod_asig4,pre_cod_asig5,pre_cod_asig6,pre_cod_asig7 FROM tblaca009 WHERE pensum='5' AND c_uni_ca='3' AND c_asigna='312444' [1][0] OK
C:[09/05/2013 09:32:14.02][172.16.8.135][1232] SELECT c_asigna FROM dace004 WHERE exp_e='11-20505706' AND c_asigna='312333' AND status IN ('0','3','B') [1][0] OK
C:[09/05/2013 09:32:14.02][172.16.8.135][1219] SELECT pre_cod_asig1,pre_cod_asig2,pre_cod_asig3,pre_cod_asig4,pre_cod_asig5,pre_cod_asig6,pre_cod_asig7 FROM tblaca009 WHERE pensum='5' AND c_uni_ca='3' AND c_asigna='310548' [1][0] OK
C:[09/05/2013 09:32:14.02][172.16.8.135][1232] SELECT c_asigna FROM dace004 WHERE exp_e='11-20505706' AND c_asigna='300428' AND status IN ('0','3','B') [1][0] OK
C:[09/05/2013 09:32:14.02][172.16.8.135][1232] SELECT c_asigna FROM dace004 WHERE exp_e='11-20505706' AND c_asigna='300313' AND status IN ('0','3','B') [1][0] OK
C:[09/05/2013 09:32:14.02][172.16.8.135][1232] SELECT c_asigna FROM dace004 WHERE exp_e='11-20505706' AND c_asigna='300222' AND status IN ('0','3','B') [1][0] OK
C:[09/05/2013 09:32:14.02][172.16.8.135][1232] SELECT c_asigna FROM dace004 WHERE exp_e='11-20505706' AND c_asigna='300226' AND status IN ('0','3','B') [1][0] OK
C:[09/05/2013 09:32:14.02][172.16.8.135][1232] SELECT c_asigna FROM dace004 WHERE exp_e='11-20505706' AND c_asigna='300209' AND status IN ('0','3','B') [1][0] OK
C:[09/05/2013 09:32:14.02][172.16.8.135][1219] SELECT pre_cod_asig1,pre_cod_asig2,pre_cod_asig3,pre_cod_asig4,pre_cod_asig5,pre_cod_asig6,pre_cod_asig7 FROM tblaca009 WHERE pensum='5' AND c_uni_ca='3' AND c_asigna='311554' [1][0] OK
C:[09/05/2013 09:32:14.02][172.16.8.135][1232] SELECT c_asigna FROM dace004 WHERE exp_e='11-20505706' AND c_asigna='300318' AND status IN ('0','3','B') [1][0] OK
C:[09/05/2013 09:32:14.02][172.16.8.135][1232] SELECT c_asigna FROM dace004 WHERE exp_e='11-20505706' AND c_asigna='300428' AND status IN ('0','3','B') [1][0] OK
C:[09/05/2013 09:32:15.01][172.16.8.135][1263] SELECT par_cod_asig1,par_cod_asig2,par_cod_asig3 FROM tblaca009 WHERE pensum='5' AND c_uni_ca='3' AND c_asigna='300422' [1][0] OK
C:[09/05/2013 09:32:15.01][172.16.8.135][1263] SELECT par_cod_asig1,par_cod_asig2,par_cod_asig3 FROM tblaca009 WHERE pensum='5' AND c_uni_ca='3' AND c_asigna='311430' [1][0] OK
C:[09/05/2013 09:32:15.01][172.16.8.135][1263] SELECT par_cod_asig1,par_cod_asig2,par_cod_asig3 FROM tblaca009 WHERE pensum='5' AND c_uni_ca='3' AND c_asigna='311431' [1][0] OK
C:[09/05/2013 09:32:15.01][172.16.8.135][1277] SELECT c_asigna FROM dace004 WHERE exp_e='11-20505706' AND c_asigna='311430' AND status IN ('0','3','B','C') [0][0] OK
C:[09/05/2013 09:32:15.01][172.16.8.135][1263] SELECT par_cod_asig1,par_cod_asig2,par_cod_asig3 FROM tblaca009 WHERE pensum='5' AND c_uni_ca='3' AND c_asigna='311434' [1][0] OK
C:[09/05/2013 09:32:15.01][172.16.8.135][1277] SELECT c_asigna FROM dace004 WHERE exp_e='11-20505706' AND c_asigna='311431' AND status IN ('0','3','B','C') [0][0] OK
C:[09/05/2013 09:32:15.01][172.16.8.135][1263] SELECT par_cod_asig1,par_cod_asig2,par_cod_asig3 FROM tblaca009 WHERE pensum='5' AND c_uni_ca='3' AND c_asigna='312444' [1][0] OK
C:[09/05/2013 09:32:15.01][172.16.8.135][1263] SELECT par_cod_asig1,par_cod_asig2,par_cod_asig3 FROM tblaca009 WHERE pensum='5' AND c_uni_ca='3' AND c_asigna='310548' [1][0] OK
C:[09/05/2013 09:32:15.01][172.16.8.135][1263] SELECT par_cod_asig1,par_cod_asig2,par_cod_asig3 FROM tblaca009 WHERE pensum='5' AND c_uni_ca='3' AND c_asigna='311554' [1][0] OK
C:[09/05/2013 14:11:30.66][186.90.42.188][1219] SELECT pre_cod_asig1,pre_cod_asig2,pre_cod_asig3,pre_cod_asig4,pre_cod_asig5,pre_cod_asig6,pre_cod_asig7 FROM tblaca009 WHERE pensum='5' AND c_uni_ca='3' AND c_asigna='311556' [1][0] OK
C:[09/05/2013 14:11:30.66][186.90.42.188][1232] SELECT c_asigna FROM dace004 WHERE exp_e='05-17210429' AND c_asigna='311434' AND status IN ('0','3','B') [1][0] OK
C:[09/05/2013 14:11:30.66][186.90.42.188][1232] SELECT c_asigna FROM dace004 WHERE exp_e='05-17210429' AND c_asigna='311430' AND status IN ('0','3','B') [0][0] OK
C:[09/05/2013 14:11:30.66][186.90.42.188][1232] SELECT c_asigna FROM dace004 WHERE exp_e='05-17210429' AND c_asigna='300222' AND status IN ('0','3','B') [1][0] OK
C:[09/05/2013 14:11:30.66][186.90.42.188][1232] SELECT c_asigna FROM dace004 WHERE exp_e='05-17210429' AND c_asigna='300226' AND status IN ('0','3','B') [1][0] OK
C:[09/05/2013 14:11:30.66][186.90.42.188][1232] SELECT c_asigna FROM dace004 WHERE exp_e='05-17210429' AND c_asigna='300209' AND status IN ('0','3','B') [1][0] OK
C:[09/05/2013 14:11:30.66][186.90.42.188][1219] SELECT pre_cod_asig1,pre_cod_asig2,pre_cod_asig3,pre_cod_asig4,pre_cod_asig5,pre_cod_asig6,pre_cod_asig7 FROM tblaca009 WHERE pensum='5' AND c_uni_ca='3' AND c_asigna='314787' [1][0] OK
C:[09/05/2013 14:11:30.66][186.90.42.188][1232] SELECT c_asigna FROM dace004 WHERE exp_e='05-17210429' AND c_asigna='314662' AND status IN ('0','3','B') [1][0] OK
C:[09/05/2013 14:11:30.66][186.90.42.188][1219] SELECT pre_cod_asig1,pre_cod_asig2,pre_cod_asig3,pre_cod_asig4,pre_cod_asig5,pre_cod_asig6,pre_cod_asig7 FROM tblaca009 WHERE pensum='5' AND c_uni_ca='3' AND c_asigna='312333' [1][0] OK
C:[09/05/2013 14:11:30.66][186.90.42.188][1232] SELECT c_asigna FROM dace004 WHERE exp_e='05-17210429' AND c_asigna='300228' AND status IN ('0','3','B') [1][0] OK
C:[09/05/2013 14:11:30.66][186.90.42.188][1219] SELECT pre_cod_asig1,pre_cod_asig2,pre_cod_asig3,pre_cod_asig4,pre_cod_asig5,pre_cod_asig6,pre_cod_asig7 FROM tblaca009 WHERE pensum='5' AND c_uni_ca='3' AND c_asigna='311430' [1][0] OK
C:[09/05/2013 14:11:30.66][186.90.42.188][1232] SELECT c_asigna FROM dace004 WHERE exp_e='05-17210429' AND c_asigna='300317' AND status IN ('0','3','B') [1][0] OK
C:[09/05/2013 14:11:30.66][186.90.42.188][1232] SELECT c_asigna FROM dace004 WHERE exp_e='05-17210429' AND c_asigna='300318' AND status IN ('0','3','B') [1][0] OK
C:[09/05/2013 14:11:30.66][186.90.42.188][1232] SELECT c_asigna FROM dace004 WHERE exp_e='05-17210429' AND c_asigna='300313' AND status IN ('0','3','B') [1][0] OK
C:[09/05/2013 14:11:30.66][186.90.42.188][1232] SELECT c_asigna FROM dace004 WHERE exp_e='05-17210429' AND c_asigna='300222' AND status IN ('0','3','B') [1][0] OK
C:[09/05/2013 14:11:30.66][186.90.42.188][1232] SELECT c_asigna FROM dace004 WHERE exp_e='05-17210429' AND c_asigna='300226' AND status IN ('0','3','B') [1][0] OK
C:[09/05/2013 14:11:30.66][186.90.42.188][1232] SELECT c_asigna FROM dace004 WHERE exp_e='05-17210429' AND c_asigna='300209' AND status IN ('0','3','B') [1][0] OK
C:[09/05/2013 14:11:30.66][186.90.42.188][1219] SELECT pre_cod_asig1,pre_cod_asig2,pre_cod_asig3,pre_cod_asig4,pre_cod_asig5,pre_cod_asig6,pre_cod_asig7 FROM tblaca009 WHERE pensum='5' AND c_uni_ca='3' AND c_asigna='310548' [1][0] OK
C:[09/05/2013 14:11:30.66][186.90.42.188][1232] SELECT c_asigna FROM dace004 WHERE exp_e='05-17210429' AND c_asigna='300428' AND status IN ('0','3','B') [1][0] OK
C:[09/05/2013 14:11:30.66][186.90.42.188][1232] SELECT c_asigna FROM dace004 WHERE exp_e='05-17210429' AND c_asigna='300313' AND status IN ('0','3','B') [1][0] OK
C:[09/05/2013 14:11:30.66][186.90.42.188][1232] SELECT c_asigna FROM dace004 WHERE exp_e='05-17210429' AND c_asigna='300222' AND status IN ('0','3','B') [1][0] OK
C:[09/05/2013 14:11:30.66][186.90.42.188][1232] SELECT c_asigna FROM dace004 WHERE exp_e='05-17210429' AND c_asigna='300226' AND status IN ('0','3','B') [1][0] OK
C:[09/05/2013 14:11:30.66][186.90.42.188][1232] SELECT c_asigna FROM dace004 WHERE exp_e='05-17210429' AND c_asigna='300209' AND status IN ('0','3','B') [1][0] OK
C:[09/05/2013 14:11:30.66][186.90.42.188][1219] SELECT pre_cod_asig1,pre_cod_asig2,pre_cod_asig3,pre_cod_asig4,pre_cod_asig5,pre_cod_asig6,pre_cod_asig7 FROM tblaca009 WHERE pensum='5' AND c_uni_ca='3' AND c_asigna='300422' [1][0] OK
C:[09/05/2013 14:11:30.66][186.90.42.188][1232] SELECT c_asigna FROM dace004 WHERE exp_e='05-17210429' AND c_asigna='300105' AND status IN ('0','3','B') [1][0] OK
C:[09/05/2013 14:11:30.66][186.90.42.188][1232] SELECT c_asigna FROM dace004 WHERE exp_e='05-17210429' AND c_asigna='300314' AND status IN ('0','3','B') [1][0] OK
C:[09/05/2013 14:11:31.24][186.90.42.188][1263] SELECT par_cod_asig1,par_cod_asig2,par_cod_asig3 FROM tblaca009 WHERE pensum='5' AND c_uni_ca='3' AND c_asigna='311556' [1][0] OK
C:[09/05/2013 14:11:31.24][186.90.42.188][1277] SELECT c_asigna FROM dace004 WHERE exp_e='05-17210429' AND c_asigna='311551' AND status IN ('0','3','B','C') [0][0] OK
C:[09/05/2013 14:11:31.24][186.90.42.188][1263] SELECT par_cod_asig1,par_cod_asig2,par_cod_asig3 FROM tblaca009 WHERE pensum='5' AND c_uni_ca='3' AND c_asigna='314787' [1][0] OK
C:[09/05/2013 14:11:31.24][186.90.42.188][1263] SELECT par_cod_asig1,par_cod_asig2,par_cod_asig3 FROM tblaca009 WHERE pensum='5' AND c_uni_ca='3' AND c_asigna='312333' [1][0] OK
C:[09/05/2013 14:11:31.24][186.90.42.188][1263] SELECT par_cod_asig1,par_cod_asig2,par_cod_asig3 FROM tblaca009 WHERE pensum='5' AND c_uni_ca='3' AND c_asigna='311430' [1][0] OK
C:[09/05/2013 14:11:31.24][186.90.42.188][1263] SELECT par_cod_asig1,par_cod_asig2,par_cod_asig3 FROM tblaca009 WHERE pensum='5' AND c_uni_ca='3' AND c_asigna='310548' [1][0] OK
C:[09/05/2013 14:11:31.24][186.90.42.188][1263] SELECT par_cod_asig1,par_cod_asig2,par_cod_asig3 FROM tblaca009 WHERE pensum='5' AND c_uni_ca='3' AND c_asigna='300422' [1][0] OK
C:[09/05/2013 14:12:41.23][201.243.192.193][1219] SELECT pre_cod_asig1,pre_cod_asig2,pre_cod_asig3,pre_cod_asig4,pre_cod_asig5,pre_cod_asig6,pre_cod_asig7 FROM tblaca009 WHERE pensum='5' AND c_uni_ca='3' AND c_asigna='311556' [1][0] OK
C:[09/05/2013 14:12:41.23][201.243.192.193][1232] SELECT c_asigna FROM dace004 WHERE exp_e='09-20136980' AND c_asigna='311434' AND status IN ('0','3','B') [1][0] OK
C:[09/05/2013 14:12:41.23][201.243.192.193][1232] SELECT c_asigna FROM dace004 WHERE exp_e='09-20136980' AND c_asigna='311430' AND status IN ('0','3','B') [0][0] OK
C:[09/05/2013 14:12:41.23][201.243.192.193][1232] SELECT c_asigna FROM dace004 WHERE exp_e='09-20136980' AND c_asigna='300222' AND status IN ('0','3','B') [1][0] OK
C:[09/05/2013 14:12:41.23][201.243.192.193][1232] SELECT c_asigna FROM dace004 WHERE exp_e='09-20136980' AND c_asigna='300226' AND status IN ('0','3','B') [1][0] OK
C:[09/05/2013 14:12:41.23][201.243.192.193][1232] SELECT c_asigna FROM dace004 WHERE exp_e='09-20136980' AND c_asigna='300209' AND status IN ('0','3','B') [1][0] OK
C:[09/05/2013 14:12:41.23][201.243.192.193][1219] SELECT pre_cod_asig1,pre_cod_asig2,pre_cod_asig3,pre_cod_asig4,pre_cod_asig5,pre_cod_asig6,pre_cod_asig7 FROM tblaca009 WHERE pensum='5' AND c_uni_ca='3' AND c_asigna='314787' [1][0] OK
C:[09/05/2013 14:12:41.23][201.243.192.193][1232] SELECT c_asigna FROM dace004 WHERE exp_e='09-20136980' AND c_asigna='314662' AND status IN ('0','3','B') [1][0] OK
C:[09/05/2013 14:12:41.23][201.243.192.193][1219] SELECT pre_cod_asig1,pre_cod_asig2,pre_cod_asig3,pre_cod_asig4,pre_cod_asig5,pre_cod_asig6,pre_cod_asig7 FROM tblaca009 WHERE pensum='5' AND c_uni_ca='3' AND c_asigna='300422' [1][0] OK
C:[09/05/2013 14:12:41.23][201.243.192.193][1232] SELECT c_asigna FROM dace004 WHERE exp_e='09-20136980' AND c_asigna='300105' AND status IN ('0','3','B') [1][0] OK
C:[09/05/2013 14:12:41.23][201.243.192.193][1232] SELECT c_asigna FROM dace004 WHERE exp_e='09-20136980' AND c_asigna='300314' AND status IN ('0','3','B') [1][0] OK
C:[09/05/2013 14:12:41.23][201.243.192.193][1219] SELECT pre_cod_asig1,pre_cod_asig2,pre_cod_asig3,pre_cod_asig4,pre_cod_asig5,pre_cod_asig6,pre_cod_asig7 FROM tblaca009 WHERE pensum='5' AND c_uni_ca='3' AND c_asigna='300676' [1][0] OK
C:[09/05/2013 14:12:41.23][201.243.192.193][1219] SELECT pre_cod_asig1,pre_cod_asig2,pre_cod_asig3,pre_cod_asig4,pre_cod_asig5,pre_cod_asig6,pre_cod_asig7 FROM tblaca009 WHERE pensum='5' AND c_uni_ca='3' AND c_asigna='311430' [1][0] OK
C:[09/05/2013 14:12:41.23][201.243.192.193][1232] SELECT c_asigna FROM dace004 WHERE exp_e='09-20136980' AND c_asigna='300317' AND status IN ('0','3','B') [1][0] OK
C:[09/05/2013 14:12:41.23][201.243.192.193][1232] SELECT c_asigna FROM dace004 WHERE exp_e='09-20136980' AND c_asigna='300318' AND status IN ('0','3','B') [1][0] OK
C:[09/05/2013 14:12:41.23][201.243.192.193][1232] SELECT c_asigna FROM dace004 WHERE exp_e='09-20136980' AND c_asigna='300313' AND status IN ('0','3','B') [1][0] OK
C:[09/05/2013 14:12:41.23][201.243.192.193][1232] SELECT c_asigna FROM dace004 WHERE exp_e='09-20136980' AND c_asigna='300222' AND status IN ('0','3','B') [1][0] OK
C:[09/05/2013 14:12:41.23][201.243.192.193][1232] SELECT c_asigna FROM dace004 WHERE exp_e='09-20136980' AND c_asigna='300226' AND status IN ('0','3','B') [1][0] OK
C:[09/05/2013 14:12:41.23][201.243.192.193][1232] SELECT c_asigna FROM dace004 WHERE exp_e='09-20136980' AND c_asigna='300209' AND status IN ('0','3','B') [1][0] OK
C:[09/05/2013 14:12:41.51][201.243.192.193][1263] SELECT par_cod_asig1,par_cod_asig2,par_cod_asig3 FROM tblaca009 WHERE pensum='5' AND c_uni_ca='3' AND c_asigna='311556' [1][0] OK
C:[09/05/2013 14:12:41.51][201.243.192.193][1277] SELECT c_asigna FROM dace004 WHERE exp_e='09-20136980' AND c_asigna='311551' AND status IN ('0','3','B','C') [0][0] OK
C:[09/05/2013 14:12:41.51][201.243.192.193][1263] SELECT par_cod_asig1,par_cod_asig2,par_cod_asig3 FROM tblaca009 WHERE pensum='5' AND c_uni_ca='3' AND c_asigna='314787' [1][0] OK
C:[09/05/2013 14:12:41.51][201.243.192.193][1263] SELECT par_cod_asig1,par_cod_asig2,par_cod_asig3 FROM tblaca009 WHERE pensum='5' AND c_uni_ca='3' AND c_asigna='300422' [1][0] OK
C:[09/05/2013 14:12:41.51][201.243.192.193][1263] SELECT par_cod_asig1,par_cod_asig2,par_cod_asig3 FROM tblaca009 WHERE pensum='5' AND c_uni_ca='3' AND c_asigna='300676' [1][0] OK
C:[09/05/2013 14:12:41.51][201.243.192.193][1263] SELECT par_cod_asig1,par_cod_asig2,par_cod_asig3 FROM tblaca009 WHERE pensum='5' AND c_uni_ca='3' AND c_asigna='311430' [1][0] OK
C:[09/05/2013 14:32:19.22][190.204.222.251][1219] SELECT pre_cod_asig1,pre_cod_asig2,pre_cod_asig3,pre_cod_asig4,pre_cod_asig5,pre_cod_asig6,pre_cod_asig7 FROM tblaca009 WHERE pensum='5' AND c_uni_ca='5' AND c_asigna='300218' [1][0] OK
C:[09/05/2013 14:32:19.22][190.204.222.251][1232] SELECT c_asigna FROM dace004 WHERE exp_e='12-21248862' AND c_asigna='300101' AND status IN ('0','3','B') [0][0] OK
C:[09/05/2013 14:32:19.22][190.204.222.251][1219] SELECT pre_cod_asig1,pre_cod_asig2,pre_cod_asig3,pre_cod_asig4,pre_cod_asig5,pre_cod_asig6,pre_cod_asig7 FROM tblaca009 WHERE pensum='5' AND c_uni_ca='5' AND c_asigna='300314' [1][0] OK
C:[09/05/2013 14:32:19.22][190.204.222.251][1232] SELECT c_asigna FROM dace004 WHERE exp_e='12-21248862' AND c_asigna='300106' AND status IN ('0','3','B') [1][0] OK
C:[09/05/2013 14:32:19.22][190.204.222.251][1219] SELECT pre_cod_asig1,pre_cod_asig2,pre_cod_asig3,pre_cod_asig4,pre_cod_asig5,pre_cod_asig6,pre_cod_asig7 FROM tblaca009 WHERE pensum='5' AND c_uni_ca='5' AND c_asigna='300101' [1][0] OK
C:[09/05/2013 14:32:19.22][190.204.222.251][1219] SELECT pre_cod_asig1,pre_cod_asig2,pre_cod_asig3,pre_cod_asig4,pre_cod_asig5,pre_cod_asig6,pre_cod_asig7 FROM tblaca009 WHERE pensum='5' AND c_uni_ca='5' AND c_asigna='300105' [1][0] OK
C:[09/05/2013 14:32:19.22][190.204.222.251][1219] SELECT pre_cod_asig1,pre_cod_asig2,pre_cod_asig3,pre_cod_asig4,pre_cod_asig5,pre_cod_asig6,pre_cod_asig7 FROM tblaca009 WHERE pensum='5' AND c_uni_ca='5' AND c_asigna='300226' [1][0] OK
C:[09/05/2013 14:32:19.22][190.204.222.251][1232] SELECT c_asigna FROM dace004 WHERE exp_e='12-21248862' AND c_asigna='300116' AND status IN ('0','3','B') [1][0] OK
C:[09/05/2013 14:32:20.76][190.204.222.251][1263] SELECT par_cod_asig1,par_cod_asig2,par_cod_asig3 FROM tblaca009 WHERE pensum='5' AND c_uni_ca='5' AND c_asigna='300218' [1][0] OK
C:[09/05/2013 14:32:20.76][190.204.222.251][1277] SELECT c_asigna FROM dace004 WHERE exp_e='12-21248862' AND c_asigna='300228' AND status IN ('0','3','B','C') [0][0] OK
C:[09/05/2013 14:32:20.76][190.204.222.251][1263] SELECT par_cod_asig1,par_cod_asig2,par_cod_asig3 FROM tblaca009 WHERE pensum='5' AND c_uni_ca='5' AND c_asigna='300314' [1][0] OK
C:[09/05/2013 14:32:20.76][190.204.222.251][1263] SELECT par_cod_asig1,par_cod_asig2,par_cod_asig3 FROM tblaca009 WHERE pensum='5' AND c_uni_ca='5' AND c_asigna='300101' [1][0] OK
C:[09/05/2013 14:32:20.76][190.204.222.251][1263] SELECT par_cod_asig1,par_cod_asig2,par_cod_asig3 FROM tblaca009 WHERE pensum='5' AND c_uni_ca='5' AND c_asigna='300105' [1][0] OK
C:[09/05/2013 14:32:20.76][190.204.222.251][1263] SELECT par_cod_asig1,par_cod_asig2,par_cod_asig3 FROM tblaca009 WHERE pensum='5' AND c_uni_ca='5' AND c_asigna='300226' [1][0] OK
C:[09/05/2013 16:49:30.69][172.16.8.250][1219] SELECT pre_cod_asig1,pre_cod_asig2,pre_cod_asig3,pre_cod_asig4,pre_cod_asig5,pre_cod_asig6,pre_cod_asig7 FROM tblaca009 WHERE pensum='5' AND c_uni_ca='4' AND c_asigna='300228' [1][0] OK
C:[09/05/2013 16:49:30.69][172.16.8.250][1232] SELECT c_asigna FROM dace004 WHERE exp_e='09-17288674' AND c_asigna='300101' AND status IN ('0','3','B') [1][0] OK
C:[09/05/2013 16:49:30.69][172.16.8.250][1219] SELECT pre_cod_asig1,pre_cod_asig2,pre_cod_asig3,pre_cod_asig4,pre_cod_asig5,pre_cod_asig6,pre_cod_asig7 FROM tblaca009 WHERE pensum='5' AND c_uni_ca='4' AND c_asigna='300207' [1][0] OK
C:[09/05/2013 16:49:30.69][172.16.8.250][1232] SELECT c_asigna FROM dace004 WHERE exp_e='09-17288674' AND c_asigna='300101' AND status IN ('0','3','B') [1][0] OK
C:[09/05/2013 16:49:30.19][172.16.8.250][1263] SELECT par_cod_asig1,par_cod_asig2,par_cod_asig3 FROM tblaca009 WHERE pensum='5' AND c_uni_ca='4' AND c_asigna='300228' [1][0] OK
C:[09/05/2013 16:49:30.19][172.16.8.250][1263] SELECT par_cod_asig1,par_cod_asig2,par_cod_asig3 FROM tblaca009 WHERE pensum='5' AND c_uni_ca='4' AND c_asigna='300207' [1][0] OK
C:[09/05/2013 19:54:08.73][201.243.111.31][1219] SELECT pre_cod_asig1,pre_cod_asig2,pre_cod_asig3,pre_cod_asig4,pre_cod_asig5,pre_cod_asig6,pre_cod_asig7 FROM tblaca009 WHERE pensum='5' AND c_uni_ca='2' AND c_asigna='300314' [1][0] OK
C:[09/05/2013 19:54:08.73][201.243.111.31][1232] SELECT c_asigna FROM dace004 WHERE exp_e='12-25933479' AND c_asigna='300106' AND status IN ('0','3','B') [1][0] OK
C:[09/05/2013 19:54:08.73][201.243.111.31][1219] SELECT pre_cod_asig1,pre_cod_asig2,pre_cod_asig3,pre_cod_asig4,pre_cod_asig5,pre_cod_asig6,pre_cod_asig7 FROM tblaca009 WHERE pensum='5' AND c_uni_ca='2' AND c_asigna='300318' [1][0] OK
C:[09/05/2013 19:54:08.73][201.243.111.31][1232] SELECT c_asigna FROM dace004 WHERE exp_e='12-25933479' AND c_asigna='300228' AND status IN ('0','3','B') [1][0] OK
C:[09/05/2013 19:54:08.73][201.243.111.31][1232] SELECT c_asigna FROM dace004 WHERE exp_e='12-25933479' AND c_asigna='300207' AND status IN ('0','3','B') [1][0] OK
C:[09/05/2013 19:54:08.73][201.243.111.31][1232] SELECT c_asigna FROM dace004 WHERE exp_e='12-25933479' AND c_asigna='300218' AND status IN ('0','3','B') [1][0] OK
C:[09/05/2013 19:54:08.73][201.243.111.31][1219] SELECT pre_cod_asig1,pre_cod_asig2,pre_cod_asig3,pre_cod_asig4,pre_cod_asig5,pre_cod_asig6,pre_cod_asig7 FROM tblaca009 WHERE pensum='5' AND c_uni_ca='2' AND c_asigna='320311' [1][0] OK
C:[09/05/2013 19:54:08.73][201.243.111.31][1232] SELECT c_asigna FROM dace004 WHERE exp_e='12-25933479' AND c_asigna='300013' AND status IN ('0','3','B') [1][0] OK
C:[09/05/2013 19:54:08.73][201.243.111.31][1232] SELECT c_asigna FROM dace004 WHERE exp_e='12-25933479' AND c_asigna='300113' AND status IN ('0','3','B') [1][0] OK
C:[09/05/2013 19:54:08.73][201.243.111.31][1219] SELECT pre_cod_asig1,pre_cod_asig2,pre_cod_asig3,pre_cod_asig4,pre_cod_asig5,pre_cod_asig6,pre_cod_asig7 FROM tblaca009 WHERE pensum='5' AND c_uni_ca='2' AND c_asigna='320323' [1][0] OK
C:[09/05/2013 19:54:08.73][201.243.111.31][1232] SELECT c_asigna FROM dace004 WHERE exp_e='12-25933479' AND c_asigna='300228' AND status IN ('0','3','B') [1][0] OK
C:[09/05/2013 19:54:08.73][201.243.111.31][1232] SELECT c_asigna FROM dace004 WHERE exp_e='12-25933479' AND c_asigna='300218' AND status IN ('0','3','B') [1][0] OK
C:[09/05/2013 19:54:08.23][201.243.111.31][1263] SELECT par_cod_asig1,par_cod_asig2,par_cod_asig3 FROM tblaca009 WHERE pensum='5' AND c_uni_ca='2' AND c_asigna='300314' [1][0] OK
C:[09/05/2013 19:54:08.23][201.243.111.31][1263] SELECT par_cod_asig1,par_cod_asig2,par_cod_asig3 FROM tblaca009 WHERE pensum='5' AND c_uni_ca='2' AND c_asigna='300318' [1][0] OK
C:[09/05/2013 19:54:08.23][201.243.111.31][1263] SELECT par_cod_asig1,par_cod_asig2,par_cod_asig3 FROM tblaca009 WHERE pensum='5' AND c_uni_ca='2' AND c_asigna='320311' [1][0] OK
C:[09/05/2013 19:54:08.23][201.243.111.31][1263] SELECT par_cod_asig1,par_cod_asig2,par_cod_asig3 FROM tblaca009 WHERE pensum='5' AND c_uni_ca='2' AND c_asigna='320323' [1][0] OK
C:[09/05/2013 19:54:08.74][201.243.111.31][1334] SELECT c_asigna FROM tblaca009 WHERE pensum='5' AND c_uni_ca='2' AND ((par_cod_asig1='300209') OR (par_cod_asig2='300209') OR (par_cod_asig3='300209'))  [1][0] OK
C:[09/05/2013 19:54:08.74][201.243.111.31][1346] SELECT c_asigna FROM dace004 WHERE exp_e='12-25933479' AND c_asigna='300213' AND status IN ('0','3','B') [1][0] OK
C:[09/05/2013 22:03:51.32][190.94.237.95][1219] SELECT pre_cod_asig1,pre_cod_asig2,pre_cod_asig3,pre_cod_asig4,pre_cod_asig5,pre_cod_asig6,pre_cod_asig7 FROM tblaca009 WHERE pensum='5' AND c_uni_ca='3' AND c_asigna='300313' [1][0] OK
C:[09/05/2013 22:03:51.32][190.94.237.95][1232] SELECT c_asigna FROM dace004 WHERE exp_e='11-20804413' AND c_asigna='300213' AND status IN ('0','3','B') [1][0] OK
C:[09/05/2013 22:03:51.32][190.94.237.95][1232] SELECT c_asigna FROM dace004 WHERE exp_e='11-20804413' AND c_asigna='300226' AND status IN ('0','3','B') [1][0] OK
C:[09/05/2013 22:03:51.32][190.94.237.95][1232] SELECT c_asigna FROM dace004 WHERE exp_e='11-20804413' AND c_asigna='300222' AND status IN ('0','3','B') [1][0] OK
C:[09/05/2013 22:03:51.32][190.94.237.95][1232] SELECT c_asigna FROM dace004 WHERE exp_e='11-20804413' AND c_asigna='300209' AND status IN ('0','3','B') [1][0] OK
C:[09/05/2013 22:03:51.32][190.94.237.95][1219] SELECT pre_cod_asig1,pre_cod_asig2,pre_cod_asig3,pre_cod_asig4,pre_cod_asig5,pre_cod_asig6,pre_cod_asig7 FROM tblaca009 WHERE pensum='5' AND c_uni_ca='3' AND c_asigna='300318' [1][0] OK
C:[09/05/2013 22:03:51.32][190.94.237.95][1232] SELECT c_asigna FROM dace004 WHERE exp_e='11-20804413' AND c_asigna='300228' AND status IN ('0','3','B') [1][0] OK
C:[09/05/2013 22:03:51.32][190.94.237.95][1232] SELECT c_asigna FROM dace004 WHERE exp_e='11-20804413' AND c_asigna='300207' AND status IN ('0','3','B') [1][0] OK
C:[09/05/2013 22:03:51.32][190.94.237.95][1232] SELECT c_asigna FROM dace004 WHERE exp_e='11-20804413' AND c_asigna='300218' AND status IN ('0','3','B') [1][0] OK
C:[09/05/2013 22:03:51.32][190.94.237.95][1219] SELECT pre_cod_asig1,pre_cod_asig2,pre_cod_asig3,pre_cod_asig4,pre_cod_asig5,pre_cod_asig6,pre_cod_asig7 FROM tblaca009 WHERE pensum='5' AND c_uni_ca='3' AND c_asigna='312333' [1][0] OK
C:[09/05/2013 22:03:51.32][190.94.237.95][1232] SELECT c_asigna FROM dace004 WHERE exp_e='11-20804413' AND c_asigna='300228' AND status IN ('0','3','B') [1][0] OK
C:[09/05/2013 22:03:51.69][190.94.237.95][1263] SELECT par_cod_asig1,par_cod_asig2,par_cod_asig3 FROM tblaca009 WHERE pensum='5' AND c_uni_ca='3' AND c_asigna='300313' [1][0] OK
C:[09/05/2013 22:03:51.69][190.94.237.95][1263] SELECT par_cod_asig1,par_cod_asig2,par_cod_asig3 FROM tblaca009 WHERE pensum='5' AND c_uni_ca='3' AND c_asigna='300318' [1][0] OK
C:[09/05/2013 22:03:51.69][190.94.237.95][1263] SELECT par_cod_asig1,par_cod_asig2,par_cod_asig3 FROM tblaca009 WHERE pensum='5' AND c_uni_ca='3' AND c_asigna='312333' [1][0] OK
C:[09/05/2013 22:03:51.06][190.94.237.95][1334] SELECT c_asigna FROM tblaca009 WHERE pensum='5' AND c_uni_ca='3' AND ((par_cod_asig1='300317') OR (par_cod_asig2='300317') OR (par_cod_asig3='300317'))  [0][0] OK
C:[09/05/2013 22:05:16.05][190.94.237.95][1219] SELECT pre_cod_asig1,pre_cod_asig2,pre_cod_asig3,pre_cod_asig4,pre_cod_asig5,pre_cod_asig6,pre_cod_asig7 FROM tblaca009 WHERE pensum='5' AND c_uni_ca='3' AND c_asigna='300317' [1][0] OK
C:[09/05/2013 22:05:16.05][190.94.237.95][1232] SELECT c_asigna FROM dace004 WHERE exp_e='11-20804413' AND c_asigna='300207' AND status IN ('0','3','B') [1][0] OK
C:[09/05/2013 22:05:16.05][190.94.237.95][1232] SELECT c_asigna FROM dace004 WHERE exp_e='11-20804413' AND c_asigna='300209' AND status IN ('0','3','B') [1][0] OK
C:[09/05/2013 22:05:16.05][190.94.237.95][1219] SELECT pre_cod_asig1,pre_cod_asig2,pre_cod_asig3,pre_cod_asig4,pre_cod_asig5,pre_cod_asig6,pre_cod_asig7 FROM tblaca009 WHERE pensum='5' AND c_uni_ca='3' AND c_asigna='300313' [1][0] OK
C:[09/05/2013 22:05:16.05][190.94.237.95][1232] SELECT c_asigna FROM dace004 WHERE exp_e='11-20804413' AND c_asigna='300213' AND status IN ('0','3','B') [1][0] OK
C:[09/05/2013 22:05:16.05][190.94.237.95][1232] SELECT c_asigna FROM dace004 WHERE exp_e='11-20804413' AND c_asigna='300226' AND status IN ('0','3','B') [1][0] OK
C:[09/05/2013 22:05:16.05][190.94.237.95][1232] SELECT c_asigna FROM dace004 WHERE exp_e='11-20804413' AND c_asigna='300222' AND status IN ('0','3','B') [1][0] OK
C:[09/05/2013 22:05:16.05][190.94.237.95][1232] SELECT c_asigna FROM dace004 WHERE exp_e='11-20804413' AND c_asigna='300209' AND status IN ('0','3','B') [1][0] OK
C:[09/05/2013 22:05:16.05][190.94.237.95][1219] SELECT pre_cod_asig1,pre_cod_asig2,pre_cod_asig3,pre_cod_asig4,pre_cod_asig5,pre_cod_asig6,pre_cod_asig7 FROM tblaca009 WHERE pensum='5' AND c_uni_ca='3' AND c_asigna='300318' [1][0] OK
C:[09/05/2013 22:05:16.05][190.94.237.95][1232] SELECT c_asigna FROM dace004 WHERE exp_e='11-20804413' AND c_asigna='300228' AND status IN ('0','3','B') [1][0] OK
C:[09/05/2013 22:05:16.05][190.94.237.95][1232] SELECT c_asigna FROM dace004 WHERE exp_e='11-20804413' AND c_asigna='300207' AND status IN ('0','3','B') [1][0] OK
C:[09/05/2013 22:05:16.05][190.94.237.95][1232] SELECT c_asigna FROM dace004 WHERE exp_e='11-20804413' AND c_asigna='300218' AND status IN ('0','3','B') [1][0] OK
C:[09/05/2013 22:05:16.05][190.94.237.95][1219] SELECT pre_cod_asig1,pre_cod_asig2,pre_cod_asig3,pre_cod_asig4,pre_cod_asig5,pre_cod_asig6,pre_cod_asig7 FROM tblaca009 WHERE pensum='5' AND c_uni_ca='3' AND c_asigna='312333' [1][0] OK
C:[09/05/2013 22:05:16.05][190.94.237.95][1232] SELECT c_asigna FROM dace004 WHERE exp_e='11-20804413' AND c_asigna='300228' AND status IN ('0','3','B') [1][0] OK
C:[09/05/2013 22:05:17.92][190.94.237.95][1263] SELECT par_cod_asig1,par_cod_asig2,par_cod_asig3 FROM tblaca009 WHERE pensum='5' AND c_uni_ca='3' AND c_asigna='300317' [1][0] OK
C:[09/05/2013 22:05:17.92][190.94.237.95][1263] SELECT par_cod_asig1,par_cod_asig2,par_cod_asig3 FROM tblaca009 WHERE pensum='5' AND c_uni_ca='3' AND c_asigna='300313' [1][0] OK
C:[09/05/2013 22:05:17.92][190.94.237.95][1263] SELECT par_cod_asig1,par_cod_asig2,par_cod_asig3 FROM tblaca009 WHERE pensum='5' AND c_uni_ca='3' AND c_asigna='300318' [1][0] OK
C:[09/05/2013 22:05:17.92][190.94.237.95][1263] SELECT par_cod_asig1,par_cod_asig2,par_cod_asig3 FROM tblaca009 WHERE pensum='5' AND c_uni_ca='3' AND c_asigna='312333' [1][0] OK
C:[10/05/2013 01:20:08.04][190.78.99.22][1219] SELECT pre_cod_asig1,pre_cod_asig2,pre_cod_asig3,pre_cod_asig4,pre_cod_asig5,pre_cod_asig6,pre_cod_asig7 FROM tblaca009 WHERE pensum='5' AND c_uni_ca='4' AND c_asigna='300226' [1][0] OK
C:[10/05/2013 01:20:08.04][190.78.99.22][1232] SELECT c_asigna FROM dace004 WHERE exp_e='08-20284993' AND c_asigna='300116' AND status IN ('0','3','B') [1][0] OK
C:[10/05/2013 01:20:08.04][190.78.99.22][1219] SELECT pre_cod_asig1,pre_cod_asig2,pre_cod_asig3,pre_cod_asig4,pre_cod_asig5,pre_cod_asig6,pre_cod_asig7 FROM tblaca009 WHERE pensum='5' AND c_uni_ca='4' AND c_asigna='300013' [1][0] OK
C:[10/05/2013 01:20:08.42][190.78.99.22][1263] SELECT par_cod_asig1,par_cod_asig2,par_cod_asig3 FROM tblaca009 WHERE pensum='5' AND c_uni_ca='4' AND c_asigna='300226' [1][0] OK
C:[10/05/2013 01:20:08.42][190.78.99.22][1263] SELECT par_cod_asig1,par_cod_asig2,par_cod_asig3 FROM tblaca009 WHERE pensum='5' AND c_uni_ca='4' AND c_asigna='300013' [1][0] OK
C:[10/05/2013 01:20:08.67][190.78.99.22][1334] SELECT c_asigna FROM tblaca009 WHERE pensum='5' AND c_uni_ca='4' AND ((par_cod_asig1='300101') OR (par_cod_asig2='300101') OR (par_cod_asig3='300101'))  [0][0] OK
C:[10/05/2013 01:22:49.08][190.78.99.22][1219] SELECT pre_cod_asig1,pre_cod_asig2,pre_cod_asig3,pre_cod_asig4,pre_cod_asig5,pre_cod_asig6,pre_cod_asig7 FROM tblaca009 WHERE pensum='5' AND c_uni_ca='4' AND c_asigna='300226' [1][0] OK
C:[10/05/2013 01:22:49.08][190.78.99.22][1232] SELECT c_asigna FROM dace004 WHERE exp_e='08-20284993' AND c_asigna='300116' AND status IN ('0','3','B') [1][0] OK
C:[10/05/2013 01:22:49.08][190.78.99.22][1219] SELECT pre_cod_asig1,pre_cod_asig2,pre_cod_asig3,pre_cod_asig4,pre_cod_asig5,pre_cod_asig6,pre_cod_asig7 FROM tblaca009 WHERE pensum='5' AND c_uni_ca='4' AND c_asigna='300013' [1][0] OK
C:[10/05/2013 01:22:49.45][190.78.99.22][1263] SELECT par_cod_asig1,par_cod_asig2,par_cod_asig3 FROM tblaca009 WHERE pensum='5' AND c_uni_ca='4' AND c_asigna='300226' [1][0] OK
C:[10/05/2013 01:22:49.45][190.78.99.22][1263] SELECT par_cod_asig1,par_cod_asig2,par_cod_asig3 FROM tblaca009 WHERE pensum='5' AND c_uni_ca='4' AND c_asigna='300013' [1][0] OK
C:[10/05/2013 01:22:49.71][190.78.99.22][1334] SELECT c_asigna FROM tblaca009 WHERE pensum='5' AND c_uni_ca='4' AND ((par_cod_asig1='300101') OR (par_cod_asig2='300101') OR (par_cod_asig3='300101'))  [0][0] OK
C:[10/05/2013 01:23:53.84][190.78.99.22][1219] SELECT pre_cod_asig1,pre_cod_asig2,pre_cod_asig3,pre_cod_asig4,pre_cod_asig5,pre_cod_asig6,pre_cod_asig7 FROM tblaca009 WHERE pensum='5' AND c_uni_ca='4' AND c_asigna='300226' [1][0] OK
C:[10/05/2013 01:23:53.84][190.78.99.22][1232] SELECT c_asigna FROM dace004 WHERE exp_e='08-20284993' AND c_asigna='300116' AND status IN ('0','3','B') [1][0] OK
C:[10/05/2013 01:23:53.84][190.78.99.22][1219] SELECT pre_cod_asig1,pre_cod_asig2,pre_cod_asig3,pre_cod_asig4,pre_cod_asig5,pre_cod_asig6,pre_cod_asig7 FROM tblaca009 WHERE pensum='5' AND c_uni_ca='4' AND c_asigna='300013' [1][0] OK
C:[10/05/2013 01:23:53.22][190.78.99.22][1263] SELECT par_cod_asig1,par_cod_asig2,par_cod_asig3 FROM tblaca009 WHERE pensum='5' AND c_uni_ca='4' AND c_asigna='300226' [1][0] OK
C:[10/05/2013 01:23:53.22][190.78.99.22][1263] SELECT par_cod_asig1,par_cod_asig2,par_cod_asig3 FROM tblaca009 WHERE pensum='5' AND c_uni_ca='4' AND c_asigna='300013' [1][0] OK
C:[10/05/2013 01:23:53.47][190.78.99.22][1334] SELECT c_asigna FROM tblaca009 WHERE pensum='5' AND c_uni_ca='4' AND ((par_cod_asig1='300101') OR (par_cod_asig2='300101') OR (par_cod_asig3='300101'))  [0][0] OK
C:[10/05/2013 08:49:57.77][190.78.117.105][1219] SELECT pre_cod_asig1,pre_cod_asig2,pre_cod_asig3,pre_cod_asig4,pre_cod_asig5,pre_cod_asig6,pre_cod_asig7 FROM tblaca009 WHERE pensum='5' AND c_uni_ca='6' AND c_asigna='300207' [1][0] OK
C:[10/05/2013 08:49:57.77][190.78.117.105][1232] SELECT c_asigna FROM dace004 WHERE exp_e='10-23500022' AND c_asigna='300101' AND status IN ('0','3','B') [1][0] OK
C:[10/05/2013 08:49:57.77][190.78.117.105][1219] SELECT pre_cod_asig1,pre_cod_asig2,pre_cod_asig3,pre_cod_asig4,pre_cod_asig5,pre_cod_asig6,pre_cod_asig7 FROM tblaca009 WHERE pensum='5' AND c_uni_ca='6' AND c_asigna='300116' [1][0] OK
C:[10/05/2013 08:49:57.83][190.78.117.105][1263] SELECT par_cod_asig1,par_cod_asig2,par_cod_asig3 FROM tblaca009 WHERE pensum='5' AND c_uni_ca='6' AND c_asigna='300207' [1][0] OK
C:[10/05/2013 08:49:57.83][190.78.117.105][1263] SELECT par_cod_asig1,par_cod_asig2,par_cod_asig3 FROM tblaca009 WHERE pensum='5' AND c_uni_ca='6' AND c_asigna='300116' [1][0] OK
C:[10/05/2013 10:02:39.80][172.16.8.247][1219] SELECT pre_cod_asig1,pre_cod_asig2,pre_cod_asig3,pre_cod_asig4,pre_cod_asig5,pre_cod_asig6,pre_cod_asig7 FROM tblaca009 WHERE pensum='5' AND c_uni_ca='4' AND c_asigna='300314' [1][0] OK
C:[10/05/2013 10:02:39.80][172.16.8.247][1232] SELECT c_asigna FROM dace004 WHERE exp_e='12-21196005' AND c_asigna='300106' AND status IN ('0','3','B') [1][0] OK
C:[10/05/2013 10:02:39.80][172.16.8.247][1219] SELECT pre_cod_asig1,pre_cod_asig2,pre_cod_asig3,pre_cod_asig4,pre_cod_asig5,pre_cod_asig6,pre_cod_asig7 FROM tblaca009 WHERE pensum='5' AND c_uni_ca='4' AND c_asigna='300213' [1][0] OK
C:[10/05/2013 10:02:39.80][172.16.8.247][1232] SELECT c_asigna FROM dace004 WHERE exp_e='12-21196005' AND c_asigna='300101' AND status IN ('0','3','B') [1][0] OK
C:[10/05/2013 10:02:39.80][172.16.8.247][1219] SELECT pre_cod_asig1,pre_cod_asig2,pre_cod_asig3,pre_cod_asig4,pre_cod_asig5,pre_cod_asig6,pre_cod_asig7 FROM tblaca009 WHERE pensum='5' AND c_uni_ca='4' AND c_asigna='300226' [1][0] OK
C:[10/05/2013 10:02:39.80][172.16.8.247][1232] SELECT c_asigna FROM dace004 WHERE exp_e='12-21196005' AND c_asigna='300116' AND status IN ('0','3','B') [1][0] OK
C:[10/05/2013 10:02:39.80][172.16.8.247][1219] SELECT pre_cod_asig1,pre_cod_asig2,pre_cod_asig3,pre_cod_asig4,pre_cod_asig5,pre_cod_asig6,pre_cod_asig7 FROM tblaca009 WHERE pensum='5' AND c_uni_ca='4' AND c_asigna='300228' [1][0] OK
C:[10/05/2013 10:02:39.80][172.16.8.247][1232] SELECT c_asigna FROM dace004 WHERE exp_e='12-21196005' AND c_asigna='300101' AND status IN ('0','3','B') [1][0] OK
C:[10/05/2013 10:02:39.80][172.16.8.247][1219] SELECT pre_cod_asig1,pre_cod_asig2,pre_cod_asig3,pre_cod_asig4,pre_cod_asig5,pre_cod_asig6,pre_cod_asig7 FROM tblaca009 WHERE pensum='5' AND c_uni_ca='4' AND c_asigna='300317' [1][0] OK
C:[10/05/2013 10:02:39.80][172.16.8.247][1232] SELECT c_asigna FROM dace004 WHERE exp_e='12-21196005' AND c_asigna='300207' AND status IN ('0','3','B') [1][0] OK
C:[10/05/2013 10:02:39.80][172.16.8.247][1232] SELECT c_asigna FROM dace004 WHERE exp_e='12-21196005' AND c_asigna='300209' AND status IN ('0','3','B') [1][0] OK
C:[10/05/2013 10:02:39.80][172.16.8.247][1219] SELECT pre_cod_asig1,pre_cod_asig2,pre_cod_asig3,pre_cod_asig4,pre_cod_asig5,pre_cod_asig6,pre_cod_asig7 FROM tblaca009 WHERE pensum='5' AND c_uni_ca='4' AND c_asigna='333326' [1][0] OK
C:[10/05/2013 10:02:39.80][172.16.8.247][1219] SELECT pre_cod_asig1,pre_cod_asig2,pre_cod_asig3,pre_cod_asig4,pre_cod_asig5,pre_cod_asig6,pre_cod_asig7 FROM tblaca009 WHERE pensum='5' AND c_uni_ca='4' AND c_asigna='300218' [1][0] OK
C:[10/05/2013 10:02:39.80][172.16.8.247][1232] SELECT c_asigna FROM dace004 WHERE exp_e='12-21196005' AND c_asigna='300101' AND status IN ('0','3','B') [1][0] OK
C:[10/05/2013 10:02:39.80][172.16.8.247][1263] SELECT par_cod_asig1,par_cod_asig2,par_cod_asig3 FROM tblaca009 WHERE pensum='5' AND c_uni_ca='4' AND c_asigna='300314' [1][0] OK
C:[10/05/2013 10:02:39.80][172.16.8.247][1263] SELECT par_cod_asig1,par_cod_asig2,par_cod_asig3 FROM tblaca009 WHERE pensum='5' AND c_uni_ca='4' AND c_asigna='300213' [1][0] OK
C:[10/05/2013 10:02:39.80][172.16.8.247][1277] SELECT c_asigna FROM dace004 WHERE exp_e='12-21196005' AND c_asigna='300209' AND status IN ('0','3','B','C') [1][0] OK
C:[10/05/2013 10:02:39.80][172.16.8.247][1263] SELECT par_cod_asig1,par_cod_asig2,par_cod_asig3 FROM tblaca009 WHERE pensum='5' AND c_uni_ca='4' AND c_asigna='300226' [1][0] OK
C:[10/05/2013 10:02:39.80][172.16.8.247][1263] SELECT par_cod_asig1,par_cod_asig2,par_cod_asig3 FROM tblaca009 WHERE pensum='5' AND c_uni_ca='4' AND c_asigna='300228' [1][0] OK
C:[10/05/2013 10:02:39.80][172.16.8.247][1263] SELECT par_cod_asig1,par_cod_asig2,par_cod_asig3 FROM tblaca009 WHERE pensum='5' AND c_uni_ca='4' AND c_asigna='300317' [1][0] OK
C:[10/05/2013 10:02:39.80][172.16.8.247][1263] SELECT par_cod_asig1,par_cod_asig2,par_cod_asig3 FROM tblaca009 WHERE pensum='5' AND c_uni_ca='4' AND c_asigna='333326' [1][0] OK
C:[10/05/2013 10:02:39.80][172.16.8.247][1263] SELECT par_cod_asig1,par_cod_asig2,par_cod_asig3 FROM tblaca009 WHERE pensum='5' AND c_uni_ca='4' AND c_asigna='300218' [1][0] OK
C:[10/05/2013 10:02:39.80][172.16.8.247][1277] SELECT c_asigna FROM dace004 WHERE exp_e='12-21196005' AND c_asigna='300228' AND status IN ('0','3','B','C') [0][0] OK
C:[10/05/2013 18:07:09.88][190.121.238.11][1219] SELECT pre_cod_asig1,pre_cod_asig2,pre_cod_asig3,pre_cod_asig4,pre_cod_asig5,pre_cod_asig6,pre_cod_asig7 FROM tblaca009 WHERE pensum='5' AND c_uni_ca='4' AND c_asigna='300209' [1][0] OK
C:[10/05/2013 18:07:09.88][190.121.238.11][1232] SELECT c_asigna FROM dace004 WHERE exp_e='10-21261521' AND c_asigna='300101' AND status IN ('0','3','B') [1][0] OK
C:[10/05/2013 18:07:09.88][190.121.238.11][1219] SELECT pre_cod_asig1,pre_cod_asig2,pre_cod_asig3,pre_cod_asig4,pre_cod_asig5,pre_cod_asig6,pre_cod_asig7 FROM tblaca009 WHERE pensum='5' AND c_uni_ca='4' AND c_asigna='300213' [1][0] OK
C:[10/05/2013 18:07:09.88][190.121.238.11][1232] SELECT c_asigna FROM dace004 WHERE exp_e='10-21261521' AND c_asigna='300101' AND status IN ('0','3','B') [1][0] OK
C:[10/05/2013 18:07:09.88][190.121.238.11][1219] SELECT pre_cod_asig1,pre_cod_asig2,pre_cod_asig3,pre_cod_asig4,pre_cod_asig5,pre_cod_asig6,pre_cod_asig7 FROM tblaca009 WHERE pensum='5' AND c_uni_ca='4' AND c_asigna='333326' [1][0] OK
C:[10/05/2013 18:07:09.88][190.121.238.11][1219] SELECT pre_cod_asig1,pre_cod_asig2,pre_cod_asig3,pre_cod_asig4,pre_cod_asig5,pre_cod_asig6,pre_cod_asig7 FROM tblaca009 WHERE pensum='5' AND c_uni_ca='4' AND c_asigna='300314' [1][0] OK
C:[10/05/2013 18:07:09.88][190.121.238.11][1232] SELECT c_asigna FROM dace004 WHERE exp_e='10-21261521' AND c_asigna='300106' AND status IN ('0','3','B') [1][0] OK
C:[10/05/2013 18:07:09.88][190.121.238.11][1219] SELECT pre_cod_asig1,pre_cod_asig2,pre_cod_asig3,pre_cod_asig4,pre_cod_asig5,pre_cod_asig6,pre_cod_asig7 FROM tblaca009 WHERE pensum='5' AND c_uni_ca='4' AND c_asigna='300207' [1][0] OK
C:[10/05/2013 18:07:09.88][190.121.238.11][1232] SELECT c_asigna FROM dace004 WHERE exp_e='10-21261521' AND c_asigna='300101' AND status IN ('0','3','B') [1][0] OK
C:[10/05/2013 18:07:09.88][190.121.238.11][1219] SELECT pre_cod_asig1,pre_cod_asig2,pre_cod_asig3,pre_cod_asig4,pre_cod_asig5,pre_cod_asig6,pre_cod_asig7 FROM tblaca009 WHERE pensum='5' AND c_uni_ca='4' AND c_asigna='300218' [1][0] OK
C:[10/05/2013 18:07:09.88][190.121.238.11][1232] SELECT c_asigna FROM dace004 WHERE exp_e='10-21261521' AND c_asigna='300101' AND status IN ('0','3','B') [1][0] OK
C:[10/05/2013 18:07:09.88][190.121.238.11][1219] SELECT pre_cod_asig1,pre_cod_asig2,pre_cod_asig3,pre_cod_asig4,pre_cod_asig5,pre_cod_asig6,pre_cod_asig7 FROM tblaca009 WHERE pensum='5' AND c_uni_ca='4' AND c_asigna='300228' [1][0] OK
C:[10/05/2013 18:07:09.88][190.121.238.11][1232] SELECT c_asigna FROM dace004 WHERE exp_e='10-21261521' AND c_asigna='300101' AND status IN ('0','3','B') [1][0] OK
C:[10/05/2013 18:07:09.20][190.121.238.11][1263] SELECT par_cod_asig1,par_cod_asig2,par_cod_asig3 FROM tblaca009 WHERE pensum='5' AND c_uni_ca='4' AND c_asigna='300209' [1][0] OK
C:[10/05/2013 18:07:09.20][190.121.238.11][1263] SELECT par_cod_asig1,par_cod_asig2,par_cod_asig3 FROM tblaca009 WHERE pensum='5' AND c_uni_ca='4' AND c_asigna='300213' [1][0] OK
C:[10/05/2013 18:07:09.20][190.121.238.11][1277] SELECT c_asigna FROM dace004 WHERE exp_e='10-21261521' AND c_asigna='300209' AND status IN ('0','3','B','C') [0][0] OK
C:[10/05/2013 18:07:09.20][190.121.238.11][1263] SELECT par_cod_asig1,par_cod_asig2,par_cod_asig3 FROM tblaca009 WHERE pensum='5' AND c_uni_ca='4' AND c_asigna='333326' [1][0] OK
C:[10/05/2013 18:07:09.20][190.121.238.11][1263] SELECT par_cod_asig1,par_cod_asig2,par_cod_asig3 FROM tblaca009 WHERE pensum='5' AND c_uni_ca='4' AND c_asigna='300314' [1][0] OK
C:[10/05/2013 18:07:09.20][190.121.238.11][1263] SELECT par_cod_asig1,par_cod_asig2,par_cod_asig3 FROM tblaca009 WHERE pensum='5' AND c_uni_ca='4' AND c_asigna='300207' [1][0] OK
C:[10/05/2013 18:07:09.20][190.121.238.11][1263] SELECT par_cod_asig1,par_cod_asig2,par_cod_asig3 FROM tblaca009 WHERE pensum='5' AND c_uni_ca='4' AND c_asigna='300218' [1][0] OK
C:[10/05/2013 18:07:09.20][190.121.238.11][1277] SELECT c_asigna FROM dace004 WHERE exp_e='10-21261521' AND c_asigna='300228' AND status IN ('0','3','B','C') [0][0] OK
C:[10/05/2013 18:07:09.20][190.121.238.11][1263] SELECT par_cod_asig1,par_cod_asig2,par_cod_asig3 FROM tblaca009 WHERE pensum='5' AND c_uni_ca='4' AND c_asigna='300228' [1][0] OK
C:[10/05/2013 19:19:02.85][190.94.235.243][1219] SELECT pre_cod_asig1,pre_cod_asig2,pre_cod_asig3,pre_cod_asig4,pre_cod_asig5,pre_cod_asig6,pre_cod_asig7 FROM tblaca009 WHERE pensum='5' AND c_uni_ca='6' AND c_asigna='300317' [1][0] OK
C:[10/05/2013 19:19:02.85][190.94.235.243][1232] SELECT c_asigna FROM dace004 WHERE exp_e='10-21340415' AND c_asigna='300207' AND status IN ('0','3','B') [1][0] OK
C:[10/05/2013 19:19:02.85][190.94.235.243][1232] SELECT c_asigna FROM dace004 WHERE exp_e='10-21340415' AND c_asigna='300209' AND status IN ('0','3','B') [1][0] OK
C:[10/05/2013 19:19:02.85][190.94.235.243][1219] SELECT pre_cod_asig1,pre_cod_asig2,pre_cod_asig3,pre_cod_asig4,pre_cod_asig5,pre_cod_asig6,pre_cod_asig7 FROM tblaca009 WHERE pensum='5' AND c_uni_ca='6' AND c_asigna='300318' [1][0] OK
C:[10/05/2013 19:19:02.85][190.94.235.243][1232] SELECT c_asigna FROM dace004 WHERE exp_e='10-21340415' AND c_asigna='300228' AND status IN ('0','3','B') [1][0] OK
C:[10/05/2013 19:19:02.85][190.94.235.243][1232] SELECT c_asigna FROM dace004 WHERE exp_e='10-21340415' AND c_asigna='300207' AND status IN ('0','3','B') [1][0] OK
C:[10/05/2013 19:19:02.85][190.94.235.243][1232] SELECT c_asigna FROM dace004 WHERE exp_e='10-21340415' AND c_asigna='300218' AND status IN ('0','3','B') [1][0] OK
C:[10/05/2013 19:19:02.85][190.94.235.243][1219] SELECT pre_cod_asig1,pre_cod_asig2,pre_cod_asig3,pre_cod_asig4,pre_cod_asig5,pre_cod_asig6,pre_cod_asig7 FROM tblaca009 WHERE pensum='5' AND c_uni_ca='6' AND c_asigna='340323' [1][0] OK
C:[10/05/2013 19:19:02.85][190.94.235.243][1232] SELECT c_asigna FROM dace004 WHERE exp_e='10-21340415' AND c_asigna='300228' AND status IN ('0','3','B') [1][0] OK
C:[10/05/2013 19:19:02.85][190.94.235.243][1232] SELECT c_asigna FROM dace004 WHERE exp_e='10-21340415' AND c_asigna='300207' AND status IN ('0','3','B') [1][0] OK
C:[10/05/2013 19:19:03.23][190.94.235.243][1263] SELECT par_cod_asig1,par_cod_asig2,par_cod_asig3 FROM tblaca009 WHERE pensum='5' AND c_uni_ca='6' AND c_asigna='300317' [1][0] OK
C:[10/05/2013 19:19:03.23][190.94.235.243][1263] SELECT par_cod_asig1,par_cod_asig2,par_cod_asig3 FROM tblaca009 WHERE pensum='5' AND c_uni_ca='6' AND c_asigna='300318' [1][0] OK
C:[10/05/2013 19:19:03.23][190.94.235.243][1263] SELECT par_cod_asig1,par_cod_asig2,par_cod_asig3 FROM tblaca009 WHERE pensum='5' AND c_uni_ca='6' AND c_asigna='340323' [1][0] OK
C:[10/05/2013 21:16:22.62][190.121.239.21][1219] SELECT pre_cod_asig1,pre_cod_asig2,pre_cod_asig3,pre_cod_asig4,pre_cod_asig5,pre_cod_asig6,pre_cod_asig7 FROM tblaca009 WHERE pensum='5' AND c_uni_ca='6' AND c_asigna='300013' [1][0] OK
C:[10/05/2013 21:16:22.62][190.121.239.21][1219] SELECT pre_cod_asig1,pre_cod_asig2,pre_cod_asig3,pre_cod_asig4,pre_cod_asig5,pre_cod_asig6,pre_cod_asig7 FROM tblaca009 WHERE pensum='5' AND c_uni_ca='6' AND c_asigna='300105' [1][0] OK
C:[10/05/2013 21:16:22.62][190.121.239.21][1219] SELECT pre_cod_asig1,pre_cod_asig2,pre_cod_asig3,pre_cod_asig4,pre_cod_asig5,pre_cod_asig6,pre_cod_asig7 FROM tblaca009 WHERE pensum='5' AND c_uni_ca='6' AND c_asigna='300112' [1][0] OK
C:[10/05/2013 21:16:22.62][190.121.239.21][1219] SELECT pre_cod_asig1,pre_cod_asig2,pre_cod_asig3,pre_cod_asig4,pre_cod_asig5,pre_cod_asig6,pre_cod_asig7 FROM tblaca009 WHERE pensum='5' AND c_uni_ca='6' AND c_asigna='300116' [1][0] OK
C:[10/05/2013 21:16:22.62][190.121.239.21][1219] SELECT pre_cod_asig1,pre_cod_asig2,pre_cod_asig3,pre_cod_asig4,pre_cod_asig5,pre_cod_asig6,pre_cod_asig7 FROM tblaca009 WHERE pensum='5' AND c_uni_ca='6' AND c_asigna='300106' [1][0] OK
C:[10/05/2013 21:16:22.24][190.121.239.21][1263] SELECT par_cod_asig1,par_cod_asig2,par_cod_asig3 FROM tblaca009 WHERE pensum='5' AND c_uni_ca='6' AND c_asigna='300013' [1][0] OK
C:[10/05/2013 21:16:22.24][190.121.239.21][1263] SELECT par_cod_asig1,par_cod_asig2,par_cod_asig3 FROM tblaca009 WHERE pensum='5' AND c_uni_ca='6' AND c_asigna='300105' [1][0] OK
C:[10/05/2013 21:16:22.24][190.121.239.21][1263] SELECT par_cod_asig1,par_cod_asig2,par_cod_asig3 FROM tblaca009 WHERE pensum='5' AND c_uni_ca='6' AND c_asigna='300112' [1][0] OK
C:[10/05/2013 21:16:22.24][190.121.239.21][1263] SELECT par_cod_asig1,par_cod_asig2,par_cod_asig3 FROM tblaca009 WHERE pensum='5' AND c_uni_ca='6' AND c_asigna='300116' [1][0] OK
C:[10/05/2013 21:16:22.24][190.121.239.21][1263] SELECT par_cod_asig1,par_cod_asig2,par_cod_asig3 FROM tblaca009 WHERE pensum='5' AND c_uni_ca='6' AND c_asigna='300106' [1][0] OK
C:[10/05/2013 21:16:22.87][190.121.239.21][1334] SELECT c_asigna FROM tblaca009 WHERE pensum='5' AND c_uni_ca='6' AND ((par_cod_asig1='300101') OR (par_cod_asig2='300101') OR (par_cod_asig3='300101'))  [0][0] OK
C:[10/05/2013 21:18:10.29][190.121.239.21][1219] SELECT pre_cod_asig1,pre_cod_asig2,pre_cod_asig3,pre_cod_asig4,pre_cod_asig5,pre_cod_asig6,pre_cod_asig7 FROM tblaca009 WHERE pensum='5' AND c_uni_ca='6' AND c_asigna='300101' [1][0] OK
C:[10/05/2013 21:18:10.29][190.121.239.21][1219] SELECT pre_cod_asig1,pre_cod_asig2,pre_cod_asig3,pre_cod_asig4,pre_cod_asig5,pre_cod_asig6,pre_cod_asig7 FROM tblaca009 WHERE pensum='5' AND c_uni_ca='6' AND c_asigna='300013' [1][0] OK
C:[10/05/2013 21:18:10.29][190.121.239.21][1219] SELECT pre_cod_asig1,pre_cod_asig2,pre_cod_asig3,pre_cod_asig4,pre_cod_asig5,pre_cod_asig6,pre_cod_asig7 FROM tblaca009 WHERE pensum='5' AND c_uni_ca='6' AND c_asigna='300105' [1][0] OK
C:[10/05/2013 21:18:10.29][190.121.239.21][1219] SELECT pre_cod_asig1,pre_cod_asig2,pre_cod_asig3,pre_cod_asig4,pre_cod_asig5,pre_cod_asig6,pre_cod_asig7 FROM tblaca009 WHERE pensum='5' AND c_uni_ca='6' AND c_asigna='300112' [1][0] OK
C:[10/05/2013 21:18:10.29][190.121.239.21][1219] SELECT pre_cod_asig1,pre_cod_asig2,pre_cod_asig3,pre_cod_asig4,pre_cod_asig5,pre_cod_asig6,pre_cod_asig7 FROM tblaca009 WHERE pensum='5' AND c_uni_ca='6' AND c_asigna='300116' [1][0] OK
C:[10/05/2013 21:18:10.29][190.121.239.21][1219] SELECT pre_cod_asig1,pre_cod_asig2,pre_cod_asig3,pre_cod_asig4,pre_cod_asig5,pre_cod_asig6,pre_cod_asig7 FROM tblaca009 WHERE pensum='5' AND c_uni_ca='6' AND c_asigna='300106' [1][0] OK
C:[10/05/2013 21:18:10.05][190.121.239.21][1263] SELECT par_cod_asig1,par_cod_asig2,par_cod_asig3 FROM tblaca009 WHERE pensum='5' AND c_uni_ca='6' AND c_asigna='300101' [1][0] OK
C:[10/05/2013 21:18:10.05][190.121.239.21][1263] SELECT par_cod_asig1,par_cod_asig2,par_cod_asig3 FROM tblaca009 WHERE pensum='5' AND c_uni_ca='6' AND c_asigna='300013' [1][0] OK
C:[10/05/2013 21:18:10.05][190.121.239.21][1263] SELECT par_cod_asig1,par_cod_asig2,par_cod_asig3 FROM tblaca009 WHERE pensum='5' AND c_uni_ca='6' AND c_asigna='300105' [1][0] OK
C:[10/05/2013 21:18:10.05][190.121.239.21][1263] SELECT par_cod_asig1,par_cod_asig2,par_cod_asig3 FROM tblaca009 WHERE pensum='5' AND c_uni_ca='6' AND c_asigna='300112' [1][0] OK
C:[10/05/2013 21:18:10.05][190.121.239.21][1263] SELECT par_cod_asig1,par_cod_asig2,par_cod_asig3 FROM tblaca009 WHERE pensum='5' AND c_uni_ca='6' AND c_asigna='300116' [1][0] OK
C:[10/05/2013 21:18:10.05][190.121.239.21][1263] SELECT par_cod_asig1,par_cod_asig2,par_cod_asig3 FROM tblaca009 WHERE pensum='5' AND c_uni_ca='6' AND c_asigna='300106' [1][0] OK
C:[11/05/2013 09:02:41.91][190.121.239.26][1219] SELECT pre_cod_asig1,pre_cod_asig2,pre_cod_asig3,pre_cod_asig4,pre_cod_asig5,pre_cod_asig6,pre_cod_asig7 FROM tblaca009 WHERE pensum='5' AND c_uni_ca='2' AND c_asigna='300013' [1][0] OK
C:[11/05/2013 09:02:41.04][190.121.239.26][1263] SELECT par_cod_asig1,par_cod_asig2,par_cod_asig3 FROM tblaca009 WHERE pensum='5' AND c_uni_ca='2' AND c_asigna='300013' [1][0] OK
C:[11/05/2013 09:02:41.16][190.121.239.26][1334] SELECT c_asigna FROM tblaca009 WHERE pensum='5' AND c_uni_ca='2' AND ((par_cod_asig1='300101') OR (par_cod_asig2='300101') OR (par_cod_asig3='300101'))  [0][0] OK
C:[11/05/2013 17:26:30.32][190.37.115.91][1219] SELECT pre_cod_asig1,pre_cod_asig2,pre_cod_asig3,pre_cod_asig4,pre_cod_asig5,pre_cod_asig6,pre_cod_asig7 FROM tblaca009 WHERE pensum='5' AND c_uni_ca='2' AND c_asigna='300218' [1][0] OK
C:[11/05/2013 17:26:30.32][190.37.115.91][1232] SELECT c_asigna FROM dace004 WHERE exp_e='12-22812731' AND c_asigna='300101' AND status IN ('0','3','B') [0][0] OK
C:[11/05/2013 17:26:30.32][190.37.115.91][1219] SELECT pre_cod_asig1,pre_cod_asig2,pre_cod_asig3,pre_cod_asig4,pre_cod_asig5,pre_cod_asig6,pre_cod_asig7 FROM tblaca009 WHERE pensum='5' AND c_uni_ca='2' AND c_asigna='300112' [1][0] OK
C:[11/05/2013 17:26:30.32][190.37.115.91][1219] SELECT pre_cod_asig1,pre_cod_asig2,pre_cod_asig3,pre_cod_asig4,pre_cod_asig5,pre_cod_asig6,pre_cod_asig7 FROM tblaca009 WHERE pensum='5' AND c_uni_ca='2' AND c_asigna='300013' [1][0] OK
C:[11/05/2013 17:26:30.32][190.37.115.91][1219] SELECT pre_cod_asig1,pre_cod_asig2,pre_cod_asig3,pre_cod_asig4,pre_cod_asig5,pre_cod_asig6,pre_cod_asig7 FROM tblaca009 WHERE pensum='5' AND c_uni_ca='2' AND c_asigna='300101' [1][0] OK
C:[11/05/2013 17:26:30.32][190.37.115.91][1219] SELECT pre_cod_asig1,pre_cod_asig2,pre_cod_asig3,pre_cod_asig4,pre_cod_asig5,pre_cod_asig6,pre_cod_asig7 FROM tblaca009 WHERE pensum='5' AND c_uni_ca='2' AND c_asigna='300116' [1][0] OK
C:[11/05/2013 17:26:30.07][190.37.115.91][1263] SELECT par_cod_asig1,par_cod_asig2,par_cod_asig3 FROM tblaca009 WHERE pensum='5' AND c_uni_ca='2' AND c_asigna='300218' [1][0] OK
C:[11/05/2013 17:26:30.07][190.37.115.91][1277] SELECT c_asigna FROM dace004 WHERE exp_e='12-22812731' AND c_asigna='300228' AND status IN ('0','3','B','C') [0][0] OK
C:[11/05/2013 17:26:30.07][190.37.115.91][1263] SELECT par_cod_asig1,par_cod_asig2,par_cod_asig3 FROM tblaca009 WHERE pensum='5' AND c_uni_ca='2' AND c_asigna='300112' [1][0] OK
C:[11/05/2013 17:26:30.07][190.37.115.91][1263] SELECT par_cod_asig1,par_cod_asig2,par_cod_asig3 FROM tblaca009 WHERE pensum='5' AND c_uni_ca='2' AND c_asigna='300013' [1][0] OK
C:[11/05/2013 17:26:30.07][190.37.115.91][1263] SELECT par_cod_asig1,par_cod_asig2,par_cod_asig3 FROM tblaca009 WHERE pensum='5' AND c_uni_ca='2' AND c_asigna='300101' [1][0] OK
C:[11/05/2013 17:26:30.07][190.37.115.91][1263] SELECT par_cod_asig1,par_cod_asig2,par_cod_asig3 FROM tblaca009 WHERE pensum='5' AND c_uni_ca='2' AND c_asigna='300116' [1][0] OK
C:[11/05/2013 18:11:59.38][190.202.223.125][1219] SELECT pre_cod_asig1,pre_cod_asig2,pre_cod_asig3,pre_cod_asig4,pre_cod_asig5,pre_cod_asig6,pre_cod_asig7 FROM tblaca009 WHERE pensum='5' AND c_uni_ca='6' AND c_asigna='300428' [1][0] OK
C:[11/05/2013 18:11:59.38][190.202.223.125][1232] SELECT c_asigna FROM dace004 WHERE exp_e='01-14505820' AND c_asigna='300317' AND status IN ('0','3','B') [1][0] OK
C:[11/05/2013 18:11:59.38][190.202.223.125][1232] SELECT c_asigna FROM dace004 WHERE exp_e='01-14505820' AND c_asigna='300209' AND status IN ('0','3','B') [1][0] OK
C:[11/05/2013 18:11:59.38][190.202.223.125][1219] SELECT pre_cod_asig1,pre_cod_asig2,pre_cod_asig3,pre_cod_asig4,pre_cod_asig5,pre_cod_asig6,pre_cod_asig7 FROM tblaca009 WHERE pensum='5' AND c_uni_ca='6' AND c_asigna='340323' [1][0] OK
C:[11/05/2013 18:11:59.38][190.202.223.125][1232] SELECT c_asigna FROM dace004 WHERE exp_e='01-14505820' AND c_asigna='300228' AND status IN ('0','3','B') [1][0] OK
C:[11/05/2013 18:11:59.38][190.202.223.125][1232] SELECT c_asigna FROM dace004 WHERE exp_e='01-14505820' AND c_asigna='300207' AND status IN ('0','3','B') [1][0] OK
C:[11/05/2013 18:11:59.38][190.202.223.125][1219] SELECT pre_cod_asig1,pre_cod_asig2,pre_cod_asig3,pre_cod_asig4,pre_cod_asig5,pre_cod_asig6,pre_cod_asig7 FROM tblaca009 WHERE pensum='5' AND c_uni_ca='6' AND c_asigna='344446' [1][0] OK
C:[11/05/2013 18:11:59.38][190.202.223.125][1232] SELECT c_asigna FROM dace004 WHERE exp_e='01-14505820' AND c_asigna='300317' AND status IN ('0','3','B') [1][0] OK
C:[11/05/2013 18:11:59.38][190.202.223.125][1232] SELECT c_asigna FROM dace004 WHERE exp_e='01-14505820' AND c_asigna='300313' AND status IN ('0','3','B') [1][0] OK
C:[11/05/2013 18:11:59.38][190.202.223.125][1232] SELECT c_asigna FROM dace004 WHERE exp_e='01-14505820' AND c_asigna='300209' AND status IN ('0','3','B') [1][0] OK
C:[11/05/2013 18:11:59.38][190.202.223.125][1232] SELECT c_asigna FROM dace004 WHERE exp_e='01-14505820' AND c_asigna='300222' AND status IN ('0','3','B') [1][0] OK
C:[11/05/2013 18:11:59.38][190.202.223.125][1232] SELECT c_asigna FROM dace004 WHERE exp_e='01-14505820' AND c_asigna='300226' AND status IN ('0','3','B') [1][0] OK
C:[11/05/2013 18:11:59.38][190.202.223.125][1219] SELECT pre_cod_asig1,pre_cod_asig2,pre_cod_asig3,pre_cod_asig4,pre_cod_asig5,pre_cod_asig6,pre_cod_asig7 FROM tblaca009 WHERE pensum='5' AND c_uni_ca='6' AND c_asigna='300318' [1][0] OK
C:[11/05/2013 18:11:59.38][190.202.223.125][1232] SELECT c_asigna FROM dace004 WHERE exp_e='01-14505820' AND c_asigna='300228' AND status IN ('0','3','B') [1][0] OK
C:[11/05/2013 18:11:59.38][190.202.223.125][1232] SELECT c_asigna FROM dace004 WHERE exp_e='01-14505820' AND c_asigna='300207' AND status IN ('0','3','B') [1][0] OK
C:[11/05/2013 18:11:59.38][190.202.223.125][1232] SELECT c_asigna FROM dace004 WHERE exp_e='01-14505820' AND c_asigna='300218' AND status IN ('0','3','B') [1][0] OK
C:[11/05/2013 18:11:59.38][190.202.223.125][1263] SELECT par_cod_asig1,par_cod_asig2,par_cod_asig3 FROM tblaca009 WHERE pensum='5' AND c_uni_ca='6' AND c_asigna='300428' [1][0] OK
C:[11/05/2013 18:11:59.38][190.202.223.125][1263] SELECT par_cod_asig1,par_cod_asig2,par_cod_asig3 FROM tblaca009 WHERE pensum='5' AND c_uni_ca='6' AND c_asigna='340323' [1][0] OK
C:[11/05/2013 18:11:59.38][190.202.223.125][1263] SELECT par_cod_asig1,par_cod_asig2,par_cod_asig3 FROM tblaca009 WHERE pensum='5' AND c_uni_ca='6' AND c_asigna='344446' [1][0] OK
C:[11/05/2013 18:11:59.38][190.202.223.125][1263] SELECT par_cod_asig1,par_cod_asig2,par_cod_asig3 FROM tblaca009 WHERE pensum='5' AND c_uni_ca='6' AND c_asigna='300318' [1][0] OK
C:[11/05/2013 18:18:05.86][190.202.223.125][1219] SELECT pre_cod_asig1,pre_cod_asig2,pre_cod_asig3,pre_cod_asig4,pre_cod_asig5,pre_cod_asig6,pre_cod_asig7 FROM tblaca009 WHERE pensum='5' AND c_uni_ca='6' AND c_asigna='300428' [1][0] OK
C:[11/05/2013 18:18:05.86][190.202.223.125][1232] SELECT c_asigna FROM dace004 WHERE exp_e='01-14505820' AND c_asigna='300317' AND status IN ('0','3','B') [1][0] OK
C:[11/05/2013 18:18:05.86][190.202.223.125][1232] SELECT c_asigna FROM dace004 WHERE exp_e='01-14505820' AND c_asigna='300209' AND status IN ('0','3','B') [1][0] OK
C:[11/05/2013 18:18:05.86][190.202.223.125][1219] SELECT pre_cod_asig1,pre_cod_asig2,pre_cod_asig3,pre_cod_asig4,pre_cod_asig5,pre_cod_asig6,pre_cod_asig7 FROM tblaca009 WHERE pensum='5' AND c_uni_ca='6' AND c_asigna='340323' [1][0] OK
C:[11/05/2013 18:18:05.86][190.202.223.125][1232] SELECT c_asigna FROM dace004 WHERE exp_e='01-14505820' AND c_asigna='300228' AND status IN ('0','3','B') [1][0] OK
C:[11/05/2013 18:18:05.86][190.202.223.125][1232] SELECT c_asigna FROM dace004 WHERE exp_e='01-14505820' AND c_asigna='300207' AND status IN ('0','3','B') [1][0] OK
C:[11/05/2013 18:18:05.86][190.202.223.125][1219] SELECT pre_cod_asig1,pre_cod_asig2,pre_cod_asig3,pre_cod_asig4,pre_cod_asig5,pre_cod_asig6,pre_cod_asig7 FROM tblaca009 WHERE pensum='5' AND c_uni_ca='6' AND c_asigna='344446' [1][0] OK
C:[11/05/2013 18:18:05.86][190.202.223.125][1232] SELECT c_asigna FROM dace004 WHERE exp_e='01-14505820' AND c_asigna='300317' AND status IN ('0','3','B') [1][0] OK
C:[11/05/2013 18:18:05.86][190.202.223.125][1232] SELECT c_asigna FROM dace004 WHERE exp_e='01-14505820' AND c_asigna='300313' AND status IN ('0','3','B') [1][0] OK
C:[11/05/2013 18:18:05.86][190.202.223.125][1232] SELECT c_asigna FROM dace004 WHERE exp_e='01-14505820' AND c_asigna='300209' AND status IN ('0','3','B') [1][0] OK
C:[11/05/2013 18:18:05.86][190.202.223.125][1232] SELECT c_asigna FROM dace004 WHERE exp_e='01-14505820' AND c_asigna='300222' AND status IN ('0','3','B') [1][0] OK
C:[11/05/2013 18:18:05.86][190.202.223.125][1232] SELECT c_asigna FROM dace004 WHERE exp_e='01-14505820' AND c_asigna='300226' AND status IN ('0','3','B') [1][0] OK
C:[11/05/2013 18:18:05.86][190.202.223.125][1219] SELECT pre_cod_asig1,pre_cod_asig2,pre_cod_asig3,pre_cod_asig4,pre_cod_asig5,pre_cod_asig6,pre_cod_asig7 FROM tblaca009 WHERE pensum='5' AND c_uni_ca='6' AND c_asigna='300318' [1][0] OK
C:[11/05/2013 18:18:05.86][190.202.223.125][1232] SELECT c_asigna FROM dace004 WHERE exp_e='01-14505820' AND c_asigna='300228' AND status IN ('0','3','B') [1][0] OK
C:[11/05/2013 18:18:05.86][190.202.223.125][1232] SELECT c_asigna FROM dace004 WHERE exp_e='01-14505820' AND c_asigna='300207' AND status IN ('0','3','B') [1][0] OK
C:[11/05/2013 18:18:05.86][190.202.223.125][1232] SELECT c_asigna FROM dace004 WHERE exp_e='01-14505820' AND c_asigna='300218' AND status IN ('0','3','B') [1][0] OK
C:[11/05/2013 18:18:05.86][190.202.223.125][1263] SELECT par_cod_asig1,par_cod_asig2,par_cod_asig3 FROM tblaca009 WHERE pensum='5' AND c_uni_ca='6' AND c_asigna='300428' [1][0] OK
C:[11/05/2013 18:18:05.86][190.202.223.125][1263] SELECT par_cod_asig1,par_cod_asig2,par_cod_asig3 FROM tblaca009 WHERE pensum='5' AND c_uni_ca='6' AND c_asigna='340323' [1][0] OK
C:[11/05/2013 18:18:05.86][190.202.223.125][1263] SELECT par_cod_asig1,par_cod_asig2,par_cod_asig3 FROM tblaca009 WHERE pensum='5' AND c_uni_ca='6' AND c_asigna='344446' [1][0] OK
C:[11/05/2013 18:18:05.86][190.202.223.125][1263] SELECT par_cod_asig1,par_cod_asig2,par_cod_asig3 FROM tblaca009 WHERE pensum='5' AND c_uni_ca='6' AND c_asigna='300318' [1][0] OK
C:[12/05/2013 03:37:16.98][68.171.231.82][1219] SELECT pre_cod_asig1,pre_cod_asig2,pre_cod_asig3,pre_cod_asig4,pre_cod_asig5,pre_cod_asig6,pre_cod_asig7 FROM tblaca009 WHERE pensum='5' AND c_uni_ca='4' AND c_asigna='300207' [1][0] OK
C:[12/05/2013 03:37:16.98][68.171.231.82][1232] SELECT c_asigna FROM dace004 WHERE exp_e='10-21236726' AND c_asigna='300101' AND status IN ('0','3','B') [1][0] OK
C:[12/05/2013 03:37:16.98][68.171.231.82][1219] SELECT pre_cod_asig1,pre_cod_asig2,pre_cod_asig3,pre_cod_asig4,pre_cod_asig5,pre_cod_asig6,pre_cod_asig7 FROM tblaca009 WHERE pensum='5' AND c_uni_ca='4' AND c_asigna='300313' [1][0] OK
C:[12/05/2013 03:37:16.98][68.171.231.82][1232] SELECT c_asigna FROM dace004 WHERE exp_e='10-21236726' AND c_asigna='300213' AND status IN ('0','3','B') [1][0] OK
C:[12/05/2013 03:37:16.98][68.171.231.82][1232] SELECT c_asigna FROM dace004 WHERE exp_e='10-21236726' AND c_asigna='300226' AND status IN ('0','3','B') [1][0] OK
C:[12/05/2013 03:37:16.98][68.171.231.82][1232] SELECT c_asigna FROM dace004 WHERE exp_e='10-21236726' AND c_asigna='300222' AND status IN ('0','3','B') [1][0] OK
C:[12/05/2013 03:37:16.98][68.171.231.82][1232] SELECT c_asigna FROM dace004 WHERE exp_e='10-21236726' AND c_asigna='300209' AND status IN ('0','3','B') [1][0] OK
C:[12/05/2013 03:37:16.98][68.171.231.82][1219] SELECT pre_cod_asig1,pre_cod_asig2,pre_cod_asig3,pre_cod_asig4,pre_cod_asig5,pre_cod_asig6,pre_cod_asig7 FROM tblaca009 WHERE pensum='5' AND c_uni_ca='4' AND c_asigna='300314' [1][0] OK
C:[12/05/2013 03:37:16.98][68.171.231.82][1232] SELECT c_asigna FROM dace004 WHERE exp_e='10-21236726' AND c_asigna='300106' AND status IN ('0','3','B') [1][0] OK
C:[12/05/2013 03:37:16.11][68.171.231.82][1263] SELECT par_cod_asig1,par_cod_asig2,par_cod_asig3 FROM tblaca009 WHERE pensum='5' AND c_uni_ca='4' AND c_asigna='300207' [1][0] OK
C:[12/05/2013 03:37:16.11][68.171.231.82][1263] SELECT par_cod_asig1,par_cod_asig2,par_cod_asig3 FROM tblaca009 WHERE pensum='5' AND c_uni_ca='4' AND c_asigna='300313' [1][0] OK
C:[12/05/2013 03:37:16.11][68.171.231.82][1263] SELECT par_cod_asig1,par_cod_asig2,par_cod_asig3 FROM tblaca009 WHERE pensum='5' AND c_uni_ca='4' AND c_asigna='300314' [1][0] OK
C:[12/05/2013 03:37:16.48][68.171.231.82][1334] SELECT c_asigna FROM tblaca009 WHERE pensum='5' AND c_uni_ca='4' AND ((par_cod_asig1='330310') OR (par_cod_asig2='330310') OR (par_cod_asig3='330310'))  [0][0] OK
C:[12/05/2013 21:08:13.01][181.185.48.242][1219] SELECT pre_cod_asig1,pre_cod_asig2,pre_cod_asig3,pre_cod_asig4,pre_cod_asig5,pre_cod_asig6,pre_cod_asig7 FROM tblaca009 WHERE pensum='5' AND c_uni_ca='4' AND c_asigna='300013' [1][0] OK
C:[12/05/2013 21:08:13.01][181.185.48.242][1219] SELECT pre_cod_asig1,pre_cod_asig2,pre_cod_asig3,pre_cod_asig4,pre_cod_asig5,pre_cod_asig6,pre_cod_asig7 FROM tblaca009 WHERE pensum='5' AND c_uni_ca='4' AND c_asigna='300112' [1][0] OK
C:[12/05/2013 21:08:13.01][181.185.48.242][1219] SELECT pre_cod_asig1,pre_cod_asig2,pre_cod_asig3,pre_cod_asig4,pre_cod_asig5,pre_cod_asig6,pre_cod_asig7 FROM tblaca009 WHERE pensum='5' AND c_uni_ca='4' AND c_asigna='300314' [1][0] OK
C:[12/05/2013 21:08:13.01][181.185.48.242][1232] SELECT c_asigna FROM dace004 WHERE exp_e='12-25255244' AND c_asigna='300106' AND status IN ('0','3','B') [1][0] OK
C:[12/05/2013 21:08:13.51][181.185.48.242][1263] SELECT par_cod_asig1,par_cod_asig2,par_cod_asig3 FROM tblaca009 WHERE pensum='5' AND c_uni_ca='4' AND c_asigna='300013' [1][0] OK
C:[12/05/2013 21:08:13.51][181.185.48.242][1263] SELECT par_cod_asig1,par_cod_asig2,par_cod_asig3 FROM tblaca009 WHERE pensum='5' AND c_uni_ca='4' AND c_asigna='300112' [1][0] OK
C:[12/05/2013 21:08:13.51][181.185.48.242][1263] SELECT par_cod_asig1,par_cod_asig2,par_cod_asig3 FROM tblaca009 WHERE pensum='5' AND c_uni_ca='4' AND c_asigna='300314' [1][0] OK
C:[12/05/2013 21:08:13.89][181.185.48.242][1334] SELECT c_asigna FROM tblaca009 WHERE pensum='5' AND c_uni_ca='4' AND ((par_cod_asig1='300101') OR (par_cod_asig2='300101') OR (par_cod_asig3='300101'))  [0][0] OK
C:[12/05/2013 21:09:58.28][181.185.48.242][1219] SELECT pre_cod_asig1,pre_cod_asig2,pre_cod_asig3,pre_cod_asig4,pre_cod_asig5,pre_cod_asig6,pre_cod_asig7 FROM tblaca009 WHERE pensum='5' AND c_uni_ca='4' AND c_asigna='300101' [1][0] OK
C:[12/05/2013 21:09:58.28][181.185.48.242][1219] SELECT pre_cod_asig1,pre_cod_asig2,pre_cod_asig3,pre_cod_asig4,pre_cod_asig5,pre_cod_asig6,pre_cod_asig7 FROM tblaca009 WHERE pensum='5' AND c_uni_ca='4' AND c_asigna='300013' [1][0] OK
C:[12/05/2013 21:09:58.28][181.185.48.242][1219] SELECT pre_cod_asig1,pre_cod_asig2,pre_cod_asig3,pre_cod_asig4,pre_cod_asig5,pre_cod_asig6,pre_cod_asig7 FROM tblaca009 WHERE pensum='5' AND c_uni_ca='4' AND c_asigna='300112' [1][0] OK
C:[12/05/2013 21:09:58.28][181.185.48.242][1219] SELECT pre_cod_asig1,pre_cod_asig2,pre_cod_asig3,pre_cod_asig4,pre_cod_asig5,pre_cod_asig6,pre_cod_asig7 FROM tblaca009 WHERE pensum='5' AND c_uni_ca='4' AND c_asigna='300314' [1][0] OK
C:[12/05/2013 21:09:58.28][181.185.48.242][1232] SELECT c_asigna FROM dace004 WHERE exp_e='12-25255244' AND c_asigna='300106' AND status IN ('0','3','B') [1][0] OK
C:[12/05/2013 21:09:59.91][181.185.48.242][1263] SELECT par_cod_asig1,par_cod_asig2,par_cod_asig3 FROM tblaca009 WHERE pensum='5' AND c_uni_ca='4' AND c_asigna='300101' [1][0] OK
C:[12/05/2013 21:09:59.91][181.185.48.242][1263] SELECT par_cod_asig1,par_cod_asig2,par_cod_asig3 FROM tblaca009 WHERE pensum='5' AND c_uni_ca='4' AND c_asigna='300013' [1][0] OK
C:[12/05/2013 21:09:59.91][181.185.48.242][1263] SELECT par_cod_asig1,par_cod_asig2,par_cod_asig3 FROM tblaca009 WHERE pensum='5' AND c_uni_ca='4' AND c_asigna='300112' [1][0] OK
C:[12/05/2013 21:09:59.91][181.185.48.242][1263] SELECT par_cod_asig1,par_cod_asig2,par_cod_asig3 FROM tblaca009 WHERE pensum='5' AND c_uni_ca='4' AND c_asigna='300314' [1][0] OK
C:[12/05/2013 22:06:14.22][190.78.126.224][1219] SELECT pre_cod_asig1,pre_cod_asig2,pre_cod_asig3,pre_cod_asig4,pre_cod_asig5,pre_cod_asig6,pre_cod_asig7 FROM tblaca009 WHERE pensum='5' AND c_uni_ca='5' AND c_asigna='355692' [1][0] OK
C:[12/05/2013 22:06:14.22][190.78.126.224][1232] SELECT c_asigna FROM dace004 WHERE exp_e='03-17068906' AND c_asigna='355448' AND status IN ('0','3','B') [1][0] OK
C:[12/05/2013 22:06:14.22][190.78.126.224][1232] SELECT c_asigna FROM dace004 WHERE exp_e='03-17068906' AND c_asigna='355570' AND status IN ('0','3','B') [1][0] OK
C:[12/05/2013 22:06:14.22][190.78.126.224][1219] SELECT pre_cod_asig1,pre_cod_asig2,pre_cod_asig3,pre_cod_asig4,pre_cod_asig5,pre_cod_asig6,pre_cod_asig7 FROM tblaca009 WHERE pensum='5' AND c_uni_ca='5' AND c_asigna='300105' [1][0] OK
C:[12/05/2013 22:06:15.72][190.78.126.224][1263] SELECT par_cod_asig1,par_cod_asig2,par_cod_asig3 FROM tblaca009 WHERE pensum='5' AND c_uni_ca='5' AND c_asigna='355692' [1][0] OK
C:[12/05/2013 22:06:15.72][190.78.126.224][1263] SELECT par_cod_asig1,par_cod_asig2,par_cod_asig3 FROM tblaca009 WHERE pensum='5' AND c_uni_ca='5' AND c_asigna='300105' [1][0] OK
C:[12/05/2013 23:48:20.15][190.204.222.251][1219] SELECT pre_cod_asig1,pre_cod_asig2,pre_cod_asig3,pre_cod_asig4,pre_cod_asig5,pre_cod_asig6,pre_cod_asig7 FROM tblaca009 WHERE pensum='5' AND c_uni_ca='5' AND c_asigna='300218' [1][0] OK
C:[12/05/2013 23:48:20.15][190.204.222.251][1232] SELECT c_asigna FROM dace004 WHERE exp_e='12-21248862' AND c_asigna='300101' AND status IN ('0','3','B') [0][0] OK
C:[12/05/2013 23:48:20.15][190.204.222.251][1219] SELECT pre_cod_asig1,pre_cod_asig2,pre_cod_asig3,pre_cod_asig4,pre_cod_asig5,pre_cod_asig6,pre_cod_asig7 FROM tblaca009 WHERE pensum='5' AND c_uni_ca='5' AND c_asigna='300314' [1][0] OK
C:[12/05/2013 23:48:20.15][190.204.222.251][1232] SELECT c_asigna FROM dace004 WHERE exp_e='12-21248862' AND c_asigna='300106' AND status IN ('0','3','B') [1][0] OK
C:[12/05/2013 23:48:20.15][190.204.222.251][1219] SELECT pre_cod_asig1,pre_cod_asig2,pre_cod_asig3,pre_cod_asig4,pre_cod_asig5,pre_cod_asig6,pre_cod_asig7 FROM tblaca009 WHERE pensum='5' AND c_uni_ca='5' AND c_asigna='300101' [1][0] OK
C:[12/05/2013 23:48:20.15][190.204.222.251][1219] SELECT pre_cod_asig1,pre_cod_asig2,pre_cod_asig3,pre_cod_asig4,pre_cod_asig5,pre_cod_asig6,pre_cod_asig7 FROM tblaca009 WHERE pensum='5' AND c_uni_ca='5' AND c_asigna='300105' [1][0] OK
C:[12/05/2013 23:48:20.15][190.204.222.251][1219] SELECT pre_cod_asig1,pre_cod_asig2,pre_cod_asig3,pre_cod_asig4,pre_cod_asig5,pre_cod_asig6,pre_cod_asig7 FROM tblaca009 WHERE pensum='5' AND c_uni_ca='5' AND c_asigna='300226' [1][0] OK
C:[12/05/2013 23:48:20.15][190.204.222.251][1232] SELECT c_asigna FROM dace004 WHERE exp_e='12-21248862' AND c_asigna='300116' AND status IN ('0','3','B') [1][0] OK
C:[12/05/2013 23:48:20.15][190.204.222.251][1263] SELECT par_cod_asig1,par_cod_asig2,par_cod_asig3 FROM tblaca009 WHERE pensum='5' AND c_uni_ca='5' AND c_asigna='300218' [1][0] OK
C:[12/05/2013 23:48:20.15][190.204.222.251][1277] SELECT c_asigna FROM dace004 WHERE exp_e='12-21248862' AND c_asigna='300228' AND status IN ('0','3','B','C') [0][0] OK
C:[12/05/2013 23:48:20.15][190.204.222.251][1263] SELECT par_cod_asig1,par_cod_asig2,par_cod_asig3 FROM tblaca009 WHERE pensum='5' AND c_uni_ca='5' AND c_asigna='300314' [1][0] OK
C:[12/05/2013 23:48:20.15][190.204.222.251][1263] SELECT par_cod_asig1,par_cod_asig2,par_cod_asig3 FROM tblaca009 WHERE pensum='5' AND c_uni_ca='5' AND c_asigna='300101' [1][0] OK
C:[12/05/2013 23:48:20.15][190.204.222.251][1263] SELECT par_cod_asig1,par_cod_asig2,par_cod_asig3 FROM tblaca009 WHERE pensum='5' AND c_uni_ca='5' AND c_asigna='300105' [1][0] OK
C:[12/05/2013 23:48:20.15][190.204.222.251][1263] SELECT par_cod_asig1,par_cod_asig2,par_cod_asig3 FROM tblaca009 WHERE pensum='5' AND c_uni_ca='5' AND c_asigna='300226' [1][0] OK
C:[13/05/2013 06:31:06.77][68.171.231.81][1219] SELECT pre_cod_asig1,pre_cod_asig2,pre_cod_asig3,pre_cod_asig4,pre_cod_asig5,pre_cod_asig6,pre_cod_asig7 FROM tblaca009 WHERE pensum='5' AND c_uni_ca='5' AND c_asigna='300428' [1][0] OK
C:[13/05/2013 06:31:06.77][68.171.231.81][1232] SELECT c_asigna FROM dace004 WHERE exp_e='10-20804763' AND c_asigna='300317' AND status IN ('0','3','B') [1][0] OK
C:[13/05/2013 06:31:06.77][68.171.231.81][1232] SELECT c_asigna FROM dace004 WHERE exp_e='10-20804763' AND c_asigna='300209' AND status IN ('0','3','B') [1][0] OK
C:[13/05/2013 06:31:06.77][68.171.231.81][1219] SELECT pre_cod_asig1,pre_cod_asig2,pre_cod_asig3,pre_cod_asig4,pre_cod_asig5,pre_cod_asig6,pre_cod_asig7 FROM tblaca009 WHERE pensum='5' AND c_uni_ca='5' AND c_asigna='300222' [1][0] OK
C:[13/05/2013 06:31:06.77][68.171.231.81][1232] SELECT c_asigna FROM dace004 WHERE exp_e='10-20804763' AND c_asigna='300112' AND status IN ('0','3','B') [1][0] OK
C:[13/05/2013 06:31:06.77][68.171.231.81][1219] SELECT pre_cod_asig1,pre_cod_asig2,pre_cod_asig3,pre_cod_asig4,pre_cod_asig5,pre_cod_asig6,pre_cod_asig7 FROM tblaca009 WHERE pensum='5' AND c_uni_ca='5' AND c_asigna='300226' [1][0] OK
C:[13/05/2013 06:31:06.77][68.171.231.81][1232] SELECT c_asigna FROM dace004 WHERE exp_e='10-20804763' AND c_asigna='300116' AND status IN ('0','3','B') [1][0] OK
C:[13/05/2013 06:31:06.77][68.171.231.81][1219] SELECT pre_cod_asig1,pre_cod_asig2,pre_cod_asig3,pre_cod_asig4,pre_cod_asig5,pre_cod_asig6,pre_cod_asig7 FROM tblaca009 WHERE pensum='5' AND c_uni_ca='5' AND c_asigna='352440' [1][0] OK
C:[13/05/2013 06:31:06.77][68.171.231.81][1232] SELECT c_asigna FROM dace004 WHERE exp_e='10-20804763' AND c_asigna='300317' AND status IN ('0','3','B') [1][0] OK
C:[13/05/2013 06:31:06.77][68.171.231.81][1232] SELECT c_asigna FROM dace004 WHERE exp_e='10-20804763' AND c_asigna='300013' AND status IN ('0','3','B') [1][0] OK
C:[13/05/2013 06:31:06.77][68.171.231.81][1232] SELECT c_asigna FROM dace004 WHERE exp_e='10-20804763' AND c_asigna='300113' AND status IN ('0','3','B') [1][0] OK
C:[13/05/2013 06:31:06.14][68.171.231.81][1263] SELECT par_cod_asig1,par_cod_asig2,par_cod_asig3 FROM tblaca009 WHERE pensum='5' AND c_uni_ca='5' AND c_asigna='300428' [1][0] OK
C:[13/05/2013 06:31:06.14][68.171.231.81][1263] SELECT par_cod_asig1,par_cod_asig2,par_cod_asig3 FROM tblaca009 WHERE pensum='5' AND c_uni_ca='5' AND c_asigna='300222' [1][0] OK
C:[13/05/2013 06:31:06.14][68.171.231.81][1263] SELECT par_cod_asig1,par_cod_asig2,par_cod_asig3 FROM tblaca009 WHERE pensum='5' AND c_uni_ca='5' AND c_asigna='300226' [1][0] OK
C:[13/05/2013 06:31:06.14][68.171.231.81][1263] SELECT par_cod_asig1,par_cod_asig2,par_cod_asig3 FROM tblaca009 WHERE pensum='5' AND c_uni_ca='5' AND c_asigna='352440' [1][0] OK
C:[13/05/2013 10:16:54.88][172.16.8.247][1219] SELECT pre_cod_asig1,pre_cod_asig2,pre_cod_asig3,pre_cod_asig4,pre_cod_asig5,pre_cod_asig6,pre_cod_asig7 FROM tblaca009 WHERE pensum='5' AND c_uni_ca='3' AND c_asigna='300428' [1][0] OK
C:[13/05/2013 10:16:54.88][172.16.8.247][1232] SELECT c_asigna FROM dace004 WHERE exp_e='10-21339990' AND c_asigna='300317' AND status IN ('0','3','B') [1][0] OK
C:[13/05/2013 10:16:54.88][172.16.8.247][1232] SELECT c_asigna FROM dace004 WHERE exp_e='10-21339990' AND c_asigna='300209' AND status IN ('0','3','B') [1][0] OK
C:[13/05/2013 10:16:54.88][172.16.8.247][1219] SELECT pre_cod_asig1,pre_cod_asig2,pre_cod_asig3,pre_cod_asig4,pre_cod_asig5,pre_cod_asig6,pre_cod_asig7 FROM tblaca009 WHERE pensum='5' AND c_uni_ca='3' AND c_asigna='300318' [1][0] OK
C:[13/05/2013 10:16:54.88][172.16.8.247][1232] SELECT c_asigna FROM dace004 WHERE exp_e='10-21339990' AND c_asigna='300228' AND status IN ('0','3','B') [1][0] OK
C:[13/05/2013 10:16:54.88][172.16.8.247][1232] SELECT c_asigna FROM dace004 WHERE exp_e='10-21339990' AND c_asigna='300207' AND status IN ('0','3','B') [1][0] OK
C:[13/05/2013 10:16:54.88][172.16.8.247][1232] SELECT c_asigna FROM dace004 WHERE exp_e='10-21339990' AND c_asigna='300218' AND status IN ('0','3','B') [1][0] OK
C:[13/05/2013 10:16:54.88][172.16.8.247][1219] SELECT pre_cod_asig1,pre_cod_asig2,pre_cod_asig3,pre_cod_asig4,pre_cod_asig5,pre_cod_asig6,pre_cod_asig7 FROM tblaca009 WHERE pensum='5' AND c_uni_ca='3' AND c_asigna='312444' [1][0] OK
C:[13/05/2013 10:16:54.88][172.16.8.247][1232] SELECT c_asigna FROM dace004 WHERE exp_e='10-21339990' AND c_asigna='312333' AND status IN ('0','3','B') [1][0] OK
C:[13/05/2013 10:16:54.00][172.16.8.247][1263] SELECT par_cod_asig1,par_cod_asig2,par_cod_asig3 FROM tblaca009 WHERE pensum='5' AND c_uni_ca='3' AND c_asigna='300428' [1][0] OK
C:[13/05/2013 10:16:54.00][172.16.8.247][1263] SELECT par_cod_asig1,par_cod_asig2,par_cod_asig3 FROM tblaca009 WHERE pensum='5' AND c_uni_ca='3' AND c_asigna='300318' [1][0] OK
C:[13/05/2013 10:16:54.00][172.16.8.247][1263] SELECT par_cod_asig1,par_cod_asig2,par_cod_asig3 FROM tblaca009 WHERE pensum='5' AND c_uni_ca='3' AND c_asigna='312444' [1][0] OK
C:[13/05/2013 14:51:19.80][172.16.8.125][1219] SELECT pre_cod_asig1,pre_cod_asig2,pre_cod_asig3,pre_cod_asig4,pre_cod_asig5,pre_cod_asig6,pre_cod_asig7 FROM tblaca009 WHERE pensum='5' AND c_uni_ca='2' AND c_asigna='300956' [1][0] OK
C:[13/05/2013 14:51:19.80][172.16.8.125][1232] SELECT c_asigna FROM dace004 WHERE exp_e='08-17973199' AND c_asigna='300422' AND status IN ('0','3','B') [1][0] OK
C:[13/05/2013 14:51:19.80][172.16.8.125][1232] SELECT c_asigna FROM dace004 WHERE exp_e='08-17973199' AND c_asigna='300105' AND status IN ('0','3','B') [1][0] OK
C:[13/05/2013 14:51:19.80][172.16.8.125][1232] SELECT c_asigna FROM dace004 WHERE exp_e='08-17973199' AND c_asigna='300314' AND status IN ('0','3','B') [1][0] OK
C:[13/05/2013 14:51:19.80][172.16.8.125][1219] SELECT pre_cod_asig1,pre_cod_asig2,pre_cod_asig3,pre_cod_asig4,pre_cod_asig5,pre_cod_asig6,pre_cod_asig7 FROM tblaca009 WHERE pensum='5' AND c_uni_ca='2' AND c_asigna='322939' [1][0] OK
C:[13/05/2013 14:51:19.80][172.16.8.125][1232] SELECT c_asigna FROM dace004 WHERE exp_e='08-17973199' AND c_asigna='322728' AND status IN ('0','3','B') [1][0] OK
C:[13/05/2013 14:51:19.80][172.16.8.125][1232] SELECT c_asigna FROM dace004 WHERE exp_e='08-17973199' AND c_asigna='324862' AND status IN ('0','3','B') [1][0] OK
C:[13/05/2013 14:51:19.80][172.16.8.125][1219] SELECT pre_cod_asig1,pre_cod_asig2,pre_cod_asig3,pre_cod_asig4,pre_cod_asig5,pre_cod_asig6,pre_cod_asig7 FROM tblaca009 WHERE pensum='5' AND c_uni_ca='2' AND c_asigna='322055' [1][0] OK
C:[13/05/2013 14:51:19.80][172.16.8.125][1219] SELECT pre_cod_asig1,pre_cod_asig2,pre_cod_asig3,pre_cod_asig4,pre_cod_asig5,pre_cod_asig6,pre_cod_asig7 FROM tblaca009 WHERE pensum='5' AND c_uni_ca='2' AND c_asigna='322070' [1][0] OK
C:[13/05/2013 14:51:19.92][172.16.8.125][1263] SELECT par_cod_asig1,par_cod_asig2,par_cod_asig3 FROM tblaca009 WHERE pensum='5' AND c_uni_ca='2' AND c_asigna='300956' [1][0] OK
C:[13/05/2013 14:51:19.92][172.16.8.125][1263] SELECT par_cod_asig1,par_cod_asig2,par_cod_asig3 FROM tblaca009 WHERE pensum='5' AND c_uni_ca='2' AND c_asigna='322939' [1][0] OK
C:[13/05/2013 14:51:19.92][172.16.8.125][1277] SELECT c_asigna FROM dace004 WHERE exp_e='08-17973199' AND c_asigna='300956' AND status IN ('0','3','B','C') [0][0] OK
C:[13/05/2013 14:51:19.92][172.16.8.125][1263] SELECT par_cod_asig1,par_cod_asig2,par_cod_asig3 FROM tblaca009 WHERE pensum='5' AND c_uni_ca='2' AND c_asigna='322055' [1][0] OK
C:[13/05/2013 14:51:19.92][172.16.8.125][1263] SELECT par_cod_asig1,par_cod_asig2,par_cod_asig3 FROM tblaca009 WHERE pensum='5' AND c_uni_ca='2' AND c_asigna='322070' [1][0] OK
C:[13/05/2013 16:03:29.59][172.16.12.132][1219] SELECT pre_cod_asig1,pre_cod_asig2,pre_cod_asig3,pre_cod_asig4,pre_cod_asig5,pre_cod_asig6,pre_cod_asig7 FROM tblaca009 WHERE pensum='5' AND c_uni_ca='4' AND c_asigna='300112' [1][0] OK
C:[13/05/2013 16:03:29.59][172.16.12.132][1219] SELECT pre_cod_asig1,pre_cod_asig2,pre_cod_asig3,pre_cod_asig4,pre_cod_asig5,pre_cod_asig6,pre_cod_asig7 FROM tblaca009 WHERE pensum='5' AND c_uni_ca='4' AND c_asigna='300207' [1][0] OK
C:[13/05/2013 16:03:29.59][172.16.12.132][1232] SELECT c_asigna FROM dace004 WHERE exp_e='12-22818867' AND c_asigna='300101' AND status IN ('0','3','B') [1][0] OK
C:[13/05/2013 16:03:29.59][172.16.12.132][1219] SELECT pre_cod_asig1,pre_cod_asig2,pre_cod_asig3,pre_cod_asig4,pre_cod_asig5,pre_cod_asig6,pre_cod_asig7 FROM tblaca009 WHERE pensum='5' AND c_uni_ca='4' AND c_asigna='300209' [1][0] OK
C:[13/05/2013 16:03:29.59][172.16.12.132][1232] SELECT c_asigna FROM dace004 WHERE exp_e='12-22818867' AND c_asigna='300101' AND status IN ('0','3','B') [1][0] OK
C:[13/05/2013 16:03:29.59][172.16.12.132][1219] SELECT pre_cod_asig1,pre_cod_asig2,pre_cod_asig3,pre_cod_asig4,pre_cod_asig5,pre_cod_asig6,pre_cod_asig7 FROM tblaca009 WHERE pensum='5' AND c_uni_ca='4' AND c_asigna='300213' [1][0] OK
C:[13/05/2013 16:03:29.59][172.16.12.132][1232] SELECT c_asigna FROM dace004 WHERE exp_e='12-22818867' AND c_asigna='300101' AND status IN ('0','3','B') [1][0] OK
C:[13/05/2013 16:03:29.59][172.16.12.132][1219] SELECT pre_cod_asig1,pre_cod_asig2,pre_cod_asig3,pre_cod_asig4,pre_cod_asig5,pre_cod_asig6,pre_cod_asig7 FROM tblaca009 WHERE pensum='5' AND c_uni_ca='4' AND c_asigna='300226' [1][0] OK
C:[13/05/2013 16:03:29.59][172.16.12.132][1232] SELECT c_asigna FROM dace004 WHERE exp_e='12-22818867' AND c_asigna='300116' AND status IN ('0','3','B') [1][0] OK
C:[13/05/2013 16:03:29.71][172.16.12.132][1263] SELECT par_cod_asig1,par_cod_asig2,par_cod_asig3 FROM tblaca009 WHERE pensum='5' AND c_uni_ca='4' AND c_asigna='300112' [1][0] OK
C:[13/05/2013 16:03:29.71][172.16.12.132][1263] SELECT par_cod_asig1,par_cod_asig2,par_cod_asig3 FROM tblaca009 WHERE pensum='5' AND c_uni_ca='4' AND c_asigna='300207' [1][0] OK
C:[13/05/2013 16:03:29.71][172.16.12.132][1263] SELECT par_cod_asig1,par_cod_asig2,par_cod_asig3 FROM tblaca009 WHERE pensum='5' AND c_uni_ca='4' AND c_asigna='300209' [1][0] OK
C:[13/05/2013 16:03:29.71][172.16.12.132][1263] SELECT par_cod_asig1,par_cod_asig2,par_cod_asig3 FROM tblaca009 WHERE pensum='5' AND c_uni_ca='4' AND c_asigna='300213' [1][0] OK
C:[13/05/2013 16:03:29.71][172.16.12.132][1277] SELECT c_asigna FROM dace004 WHERE exp_e='12-22818867' AND c_asigna='300209' AND status IN ('0','3','B','C') [0][0] OK
C:[13/05/2013 16:03:29.71][172.16.12.132][1263] SELECT par_cod_asig1,par_cod_asig2,par_cod_asig3 FROM tblaca009 WHERE pensum='5' AND c_uni_ca='4' AND c_asigna='300226' [1][0] OK
C:[13/05/2013 16:03:29.46][172.16.12.132][1334] SELECT c_asigna FROM tblaca009 WHERE pensum='5' AND c_uni_ca='4' AND ((par_cod_asig1='300113') OR (par_cod_asig2='300113') OR (par_cod_asig3='300113'))  [0][0] OK
C:[13/05/2013 16:33:06.53][172.16.8.250][1569] SELECT pre_cod_asig1,pre_cod_asig2,pre_cod_asig3,pre_cod_asig4,pre_cod_asig5,pre_cod_asig6,pre_cod_asig7 FROM tblaca009 WHERE pensum='5' AND c_uni_ca='4' AND c_asigna='300112' [1][0] OK
C:[13/05/2013 16:33:06.53][172.16.8.250][1569] SELECT pre_cod_asig1,pre_cod_asig2,pre_cod_asig3,pre_cod_asig4,pre_cod_asig5,pre_cod_asig6,pre_cod_asig7 FROM tblaca009 WHERE pensum='5' AND c_uni_ca='4' AND c_asigna='300207' [1][0] OK
C:[13/05/2013 16:33:06.53][172.16.8.250][1582] SELECT c_asigna FROM dace004 WHERE exp_e='12-22818867' AND c_asigna='300101' AND status IN ('0','3','B') [1][0] OK
C:[13/05/2013 16:33:06.53][172.16.8.250][1569] SELECT pre_cod_asig1,pre_cod_asig2,pre_cod_asig3,pre_cod_asig4,pre_cod_asig5,pre_cod_asig6,pre_cod_asig7 FROM tblaca009 WHERE pensum='5' AND c_uni_ca='4' AND c_asigna='300209' [1][0] OK
C:[13/05/2013 16:33:06.53][172.16.8.250][1582] SELECT c_asigna FROM dace004 WHERE exp_e='12-22818867' AND c_asigna='300101' AND status IN ('0','3','B') [1][0] OK
C:[13/05/2013 16:33:06.53][172.16.8.250][1569] SELECT pre_cod_asig1,pre_cod_asig2,pre_cod_asig3,pre_cod_asig4,pre_cod_asig5,pre_cod_asig6,pre_cod_asig7 FROM tblaca009 WHERE pensum='5' AND c_uni_ca='4' AND c_asigna='300213' [1][0] OK
C:[13/05/2013 16:33:06.53][172.16.8.250][1582] SELECT c_asigna FROM dace004 WHERE exp_e='12-22818867' AND c_asigna='300101' AND status IN ('0','3','B') [1][0] OK
C:[13/05/2013 16:33:06.53][172.16.8.250][1569] SELECT pre_cod_asig1,pre_cod_asig2,pre_cod_asig3,pre_cod_asig4,pre_cod_asig5,pre_cod_asig6,pre_cod_asig7 FROM tblaca009 WHERE pensum='5' AND c_uni_ca='4' AND c_asigna='300226' [1][0] OK
C:[13/05/2013 16:33:06.53][172.16.8.250][1582] SELECT c_asigna FROM dace004 WHERE exp_e='12-22818867' AND c_asigna='300116' AND status IN ('0','3','B') [1][0] OK
C:[13/05/2013 16:33:06.65][172.16.8.250][1613] SELECT par_cod_asig1,par_cod_asig2,par_cod_asig3 FROM tblaca009 WHERE pensum='5' AND c_uni_ca='4' AND c_asigna='300112' [1][0] OK
C:[13/05/2013 16:33:06.65][172.16.8.250][1613] SELECT par_cod_asig1,par_cod_asig2,par_cod_asig3 FROM tblaca009 WHERE pensum='5' AND c_uni_ca='4' AND c_asigna='300207' [1][0] OK
C:[13/05/2013 16:33:06.65][172.16.8.250][1613] SELECT par_cod_asig1,par_cod_asig2,par_cod_asig3 FROM tblaca009 WHERE pensum='5' AND c_uni_ca='4' AND c_asigna='300209' [1][0] OK
C:[13/05/2013 16:33:06.65][172.16.8.250][1613] SELECT par_cod_asig1,par_cod_asig2,par_cod_asig3 FROM tblaca009 WHERE pensum='5' AND c_uni_ca='4' AND c_asigna='300213' [1][0] OK
C:[13/05/2013 16:33:06.65][172.16.8.250][1627] SELECT c_asigna FROM dace004 WHERE exp_e='12-22818867' AND c_asigna='300209' AND status IN ('0','3','B','C') [0][0] OK
C:[13/05/2013 16:33:06.65][172.16.8.250][1613] SELECT par_cod_asig1,par_cod_asig2,par_cod_asig3 FROM tblaca009 WHERE pensum='5' AND c_uni_ca='4' AND c_asigna='300226' [1][0] OK
C:[13/05/2013 16:43:08.59][200.109.207.116][1569] SELECT pre_cod_asig1,pre_cod_asig2,pre_cod_asig3,pre_cod_asig4,pre_cod_asig5,pre_cod_asig6,pre_cod_asig7 FROM tblaca009 WHERE pensum='5' AND c_uni_ca='6' AND c_asigna='300317' [1][0] OK
C:[13/05/2013 16:43:08.59][200.109.207.116][1582] SELECT c_asigna FROM dace004 WHERE exp_e='95-12005405' AND c_asigna='300207' AND status IN ('0','3','B') [1][0] OK
C:[13/05/2013 16:43:08.59][200.109.207.116][1582] SELECT c_asigna FROM dace004 WHERE exp_e='95-12005405' AND c_asigna='300209' AND status IN ('0','3','B') [1][0] OK
C:[13/05/2013 16:43:08.59][200.109.207.116][1569] SELECT pre_cod_asig1,pre_cod_asig2,pre_cod_asig3,pre_cod_asig4,pre_cod_asig5,pre_cod_asig6,pre_cod_asig7 FROM tblaca009 WHERE pensum='5' AND c_uni_ca='6' AND c_asigna='300313' [1][0] OK
C:[13/05/2013 16:43:08.59][200.109.207.116][1582] SELECT c_asigna FROM dace004 WHERE exp_e='95-12005405' AND c_asigna='300213' AND status IN ('0','3','B') [1][0] OK
C:[13/05/2013 16:43:08.59][200.109.207.116][1582] SELECT c_asigna FROM dace004 WHERE exp_e='95-12005405' AND c_asigna='300226' AND status IN ('0','3','B') [1][0] OK
C:[13/05/2013 16:43:08.59][200.109.207.116][1582] SELECT c_asigna FROM dace004 WHERE exp_e='95-12005405' AND c_asigna='300222' AND status IN ('0','3','B') [2][0] OK
C:[13/05/2013 16:43:08.59][200.109.207.116][1582] SELECT c_asigna FROM dace004 WHERE exp_e='95-12005405' AND c_asigna='300209' AND status IN ('0','3','B') [1][0] OK
C:[13/05/2013 16:43:08.59][200.109.207.116][1613] SELECT par_cod_asig1,par_cod_asig2,par_cod_asig3 FROM tblaca009 WHERE pensum='5' AND c_uni_ca='6' AND c_asigna='300317' [1][0] OK
C:[13/05/2013 16:43:08.59][200.109.207.116][1613] SELECT par_cod_asig1,par_cod_asig2,par_cod_asig3 FROM tblaca009 WHERE pensum='5' AND c_uni_ca='6' AND c_asigna='300313' [1][0] OK
C:[13/05/2013 18:13:38.40][190.198.188.182][1569] SELECT pre_cod_asig1,pre_cod_asig2,pre_cod_asig3,pre_cod_asig4,pre_cod_asig5,pre_cod_asig6,pre_cod_asig7 FROM tblaca009 WHERE pensum='5' AND c_uni_ca='4' AND c_asigna='300207' [1][0] OK
C:[13/05/2013 18:13:38.40][190.198.188.182][1582] SELECT c_asigna FROM dace004 WHERE exp_e='06-18248094' AND c_asigna='300101' AND status IN ('0','3','B') [1][0] OK
C:[13/05/2013 18:13:38.40][190.198.188.182][1569] SELECT pre_cod_asig1,pre_cod_asig2,pre_cod_asig3,pre_cod_asig4,pre_cod_asig5,pre_cod_asig6,pre_cod_asig7 FROM tblaca009 WHERE pensum='5' AND c_uni_ca='4' AND c_asigna='300209' [1][0] OK
C:[13/05/2013 18:13:38.40][190.198.188.182][1582] SELECT c_asigna FROM dace004 WHERE exp_e='06-18248094' AND c_asigna='300101' AND status IN ('0','3','B') [1][0] OK
C:[13/05/2013 18:13:38.40][190.198.188.182][1569] SELECT pre_cod_asig1,pre_cod_asig2,pre_cod_asig3,pre_cod_asig4,pre_cod_asig5,pre_cod_asig6,pre_cod_asig7 FROM tblaca009 WHERE pensum='5' AND c_uni_ca='4' AND c_asigna='300213' [1][0] OK
C:[13/05/2013 18:13:38.40][190.198.188.182][1582] SELECT c_asigna FROM dace004 WHERE exp_e='06-18248094' AND c_asigna='300101' AND status IN ('0','3','B') [1][0] OK
C:[13/05/2013 18:13:38.15][190.198.188.182][1613] SELECT par_cod_asig1,par_cod_asig2,par_cod_asig3 FROM tblaca009 WHERE pensum='5' AND c_uni_ca='4' AND c_asigna='300207' [1][0] OK
C:[13/05/2013 18:13:38.15][190.198.188.182][1613] SELECT par_cod_asig1,par_cod_asig2,par_cod_asig3 FROM tblaca009 WHERE pensum='5' AND c_uni_ca='4' AND c_asigna='300209' [1][0] OK
C:[13/05/2013 18:13:38.15][190.198.188.182][1613] SELECT par_cod_asig1,par_cod_asig2,par_cod_asig3 FROM tblaca009 WHERE pensum='5' AND c_uni_ca='4' AND c_asigna='300213' [1][0] OK
C:[13/05/2013 18:13:38.15][190.198.188.182][1627] SELECT c_asigna FROM dace004 WHERE exp_e='06-18248094' AND c_asigna='300209' AND status IN ('0','3','B','C') [0][0] OK
C:[13/05/2013 19:27:08.51][190.94.242.159][1569] SELECT pre_cod_asig1,pre_cod_asig2,pre_cod_asig3,pre_cod_asig4,pre_cod_asig5,pre_cod_asig6,pre_cod_asig7 FROM tblaca009 WHERE pensum='5' AND c_uni_ca='2' AND c_asigna='300101' [1][0] OK
C:[13/05/2013 19:27:08.51][190.94.242.159][1569] SELECT pre_cod_asig1,pre_cod_asig2,pre_cod_asig3,pre_cod_asig4,pre_cod_asig5,pre_cod_asig6,pre_cod_asig7 FROM tblaca009 WHERE pensum='5' AND c_uni_ca='2' AND c_asigna='300112' [1][0] OK
C:[13/05/2013 19:27:08.76][190.94.242.159][1613] SELECT par_cod_asig1,par_cod_asig2,par_cod_asig3 FROM tblaca009 WHERE pensum='5' AND c_uni_ca='2' AND c_asigna='300101' [1][0] OK
C:[13/05/2013 19:27:08.76][190.94.242.159][1613] SELECT par_cod_asig1,par_cod_asig2,par_cod_asig3 FROM tblaca009 WHERE pensum='5' AND c_uni_ca='2' AND c_asigna='300112' [1][0] OK
C:[13/05/2013 21:07:14.40][181.184.9.245][1569] SELECT pre_cod_asig1,pre_cod_asig2,pre_cod_asig3,pre_cod_asig4,pre_cod_asig5,pre_cod_asig6,pre_cod_asig7 FROM tblaca009 WHERE pensum='5' AND c_uni_ca='4' AND c_asigna='300013' [1][0] OK
C:[13/05/2013 21:07:14.40][181.184.9.245][1569] SELECT pre_cod_asig1,pre_cod_asig2,pre_cod_asig3,pre_cod_asig4,pre_cod_asig5,pre_cod_asig6,pre_cod_asig7 FROM tblaca009 WHERE pensum='5' AND c_uni_ca='4' AND c_asigna='333326' [1][0] OK
C:[13/05/2013 21:07:14.65][181.184.9.245][1613] SELECT par_cod_asig1,par_cod_asig2,par_cod_asig3 FROM tblaca009 WHERE pensum='5' AND c_uni_ca='4' AND c_asigna='300013' [1][0] OK
C:[13/05/2013 21:07:14.65][181.184.9.245][1613] SELECT par_cod_asig1,par_cod_asig2,par_cod_asig3 FROM tblaca009 WHERE pensum='5' AND c_uni_ca='4' AND c_asigna='333326' [1][0] OK
C:[14/05/2013 07:46:54.24][190.94.234.232][1569] SELECT pre_cod_asig1,pre_cod_asig2,pre_cod_asig3,pre_cod_asig4,pre_cod_asig5,pre_cod_asig6,pre_cod_asig7 FROM tblaca009 WHERE pensum='5' AND c_uni_ca='3' AND c_asigna='300013' [1][0] OK
C:[14/05/2013 07:46:54.24][190.94.234.232][1569] SELECT pre_cod_asig1,pre_cod_asig2,pre_cod_asig3,pre_cod_asig4,pre_cod_asig5,pre_cod_asig6,pre_cod_asig7 FROM tblaca009 WHERE pensum='5' AND c_uni_ca='3' AND c_asigna='300105' [1][0] OK
C:[14/05/2013 07:46:54.24][190.94.234.232][1569] SELECT pre_cod_asig1,pre_cod_asig2,pre_cod_asig3,pre_cod_asig4,pre_cod_asig5,pre_cod_asig6,pre_cod_asig7 FROM tblaca009 WHERE pensum='5' AND c_uni_ca='3' AND c_asigna='300112' [1][0] OK
C:[14/05/2013 07:46:54.62][190.94.234.232][1613] SELECT par_cod_asig1,par_cod_asig2,par_cod_asig3 FROM tblaca009 WHERE pensum='5' AND c_uni_ca='3' AND c_asigna='300013' [1][0] OK
C:[14/05/2013 07:46:54.62][190.94.234.232][1613] SELECT par_cod_asig1,par_cod_asig2,par_cod_asig3 FROM tblaca009 WHERE pensum='5' AND c_uni_ca='3' AND c_asigna='300105' [1][0] OK
C:[14/05/2013 07:46:54.62][190.94.234.232][1613] SELECT par_cod_asig1,par_cod_asig2,par_cod_asig3 FROM tblaca009 WHERE pensum='5' AND c_uni_ca='3' AND c_asigna='300112' [1][0] OK
C:[14/05/2013 07:46:54.99][190.94.234.232][1684] SELECT c_asigna FROM tblaca009 WHERE pensum='5' AND c_uni_ca='3' AND ((par_cod_asig1='300113') OR (par_cod_asig2='300113') OR (par_cod_asig3='300113'))  [0][0] OK
C:[14/05/2013 10:12:32.38][190.206.226.4][1569] SELECT pre_cod_asig1,pre_cod_asig2,pre_cod_asig3,pre_cod_asig4,pre_cod_asig5,pre_cod_asig6,pre_cod_asig7 FROM tblaca009 WHERE pensum='5' AND c_uni_ca='5' AND c_asigna='355694' [1][0] OK
C:[14/05/2013 10:12:32.38][190.206.226.4][1582] SELECT c_asigna FROM dace004 WHERE exp_e='05-18078279' AND c_asigna='355572' AND status IN ('0','3','B') [1][0] OK
C:[14/05/2013 10:12:32.38][190.206.226.4][1582] SELECT c_asigna FROM dace004 WHERE exp_e='05-18078279' AND c_asigna='355571' AND status IN ('0','3','B') [1][0] OK
C:[14/05/2013 10:12:32.38][190.206.226.4][1569] SELECT pre_cod_asig1,pre_cod_asig2,pre_cod_asig3,pre_cod_asig4,pre_cod_asig5,pre_cod_asig6,pre_cod_asig7 FROM tblaca009 WHERE pensum='5' AND c_uni_ca='5' AND c_asigna='300677' [1][0] OK
C:[14/05/2013 10:12:32.89][190.206.226.4][1613] SELECT par_cod_asig1,par_cod_asig2,par_cod_asig3 FROM tblaca009 WHERE pensum='5' AND c_uni_ca='5' AND c_asigna='355694' [1][0] OK
C:[14/05/2013 10:12:32.89][190.206.226.4][1613] SELECT par_cod_asig1,par_cod_asig2,par_cod_asig3 FROM tblaca009 WHERE pensum='5' AND c_uni_ca='5' AND c_asigna='300677' [1][0] OK
C:[14/05/2013 10:12:32.13][190.206.226.4][1684] SELECT c_asigna FROM tblaca009 WHERE pensum='5' AND c_uni_ca='5' AND ((par_cod_asig1='300105') OR (par_cod_asig2='300105') OR (par_cod_asig3='300105'))  [0][0] OK
C:[14/05/2013 10:37:29.98][181.185.241.241][1569] SELECT pre_cod_asig1,pre_cod_asig2,pre_cod_asig3,pre_cod_asig4,pre_cod_asig5,pre_cod_asig6,pre_cod_asig7 FROM tblaca009 WHERE pensum='5' AND c_uni_ca='2' AND c_asigna='300222' [1][0] OK
C:[14/05/2013 10:37:29.98][181.185.241.241][1582] SELECT c_asigna FROM dace004 WHERE exp_e='11-20934577' AND c_asigna='300112' AND status IN ('0','3','B') [1][0] OK
C:[14/05/2013 10:37:29.23][181.185.241.241][1613] SELECT par_cod_asig1,par_cod_asig2,par_cod_asig3 FROM tblaca009 WHERE pensum='5' AND c_uni_ca='2' AND c_asigna='300222' [1][0] OK
C:[14/05/2013 10:37:29.35][181.185.241.241][1684] SELECT c_asigna FROM tblaca009 WHERE pensum='5' AND c_uni_ca='2' AND ((par_cod_asig1='300101') OR (par_cod_asig2='300101') OR (par_cod_asig3='300101'))  [0][0] OK
C:[14/05/2013 10:40:29.73][181.185.241.241][1569] SELECT pre_cod_asig1,pre_cod_asig2,pre_cod_asig3,pre_cod_asig4,pre_cod_asig5,pre_cod_asig6,pre_cod_asig7 FROM tblaca009 WHERE pensum='5' AND c_uni_ca='2' AND c_asigna='300101' [1][0] OK
C:[14/05/2013 10:40:29.73][181.185.241.241][1569] SELECT pre_cod_asig1,pre_cod_asig2,pre_cod_asig3,pre_cod_asig4,pre_cod_asig5,pre_cod_asig6,pre_cod_asig7 FROM tblaca009 WHERE pensum='5' AND c_uni_ca='2' AND c_asigna='300222' [1][0] OK
C:[14/05/2013 10:40:29.73][181.185.241.241][1582] SELECT c_asigna FROM dace004 WHERE exp_e='11-20934577' AND c_asigna='300112' AND status IN ('0','3','B') [1][0] OK
C:[14/05/2013 10:40:29.10][181.185.241.241][1613] SELECT par_cod_asig1,par_cod_asig2,par_cod_asig3 FROM tblaca009 WHERE pensum='5' AND c_uni_ca='2' AND c_asigna='300101' [1][0] OK
C:[14/05/2013 10:40:29.10][181.185.241.241][1613] SELECT par_cod_asig1,par_cod_asig2,par_cod_asig3 FROM tblaca009 WHERE pensum='5' AND c_uni_ca='2' AND c_asigna='300222' [1][0] OK
C:[14/05/2013 11:11:35.95][190.201.27.56][1569] SELECT pre_cod_asig1,pre_cod_asig2,pre_cod_asig3,pre_cod_asig4,pre_cod_asig5,pre_cod_asig6,pre_cod_asig7 FROM tblaca009 WHERE pensum='5' AND c_uni_ca='5' AND c_asigna='300013' [1][0] OK
C:[14/05/2013 11:11:35.07][190.201.27.56][1613] SELECT par_cod_asig1,par_cod_asig2,par_cod_asig3 FROM tblaca009 WHERE pensum='5' AND c_uni_ca='5' AND c_asigna='300013' [1][0] OK
C:[14/05/2013 11:11:35.22][190.201.27.56][1684] SELECT c_asigna FROM tblaca009 WHERE pensum='5' AND c_uni_ca='5' AND ((par_cod_asig1='300113') OR (par_cod_asig2='300113') OR (par_cod_asig3='300113'))  [0][0] OK
C:[14/05/2013 15:45:03.10][186.90.220.32][1569] SELECT pre_cod_asig1,pre_cod_asig2,pre_cod_asig3,pre_cod_asig4,pre_cod_asig5,pre_cod_asig6,pre_cod_asig7 FROM tblaca009 WHERE pensum='5' AND c_uni_ca='2' AND c_asigna='322801' [1][0] OK
C:[14/05/2013 15:45:03.10][186.90.220.32][1582] SELECT c_asigna FROM dace004 WHERE exp_e='04-16845652' AND c_asigna='322780' AND status IN ('0','3','B') [1][0] OK
C:[14/05/2013 15:45:03.10][186.90.220.32][1582] SELECT c_asigna FROM dace004 WHERE exp_e='04-16845652' AND c_asigna='322605' AND status IN ('0','3','B') [1][0] OK
C:[14/05/2013 15:45:03.10][186.90.220.32][1569] SELECT pre_cod_asig1,pre_cod_asig2,pre_cod_asig3,pre_cod_asig4,pre_cod_asig5,pre_cod_asig6,pre_cod_asig7 FROM tblaca009 WHERE pensum='5' AND c_uni_ca='2' AND c_asigna='322826' [1][0] OK
C:[14/05/2013 15:45:03.10][186.90.220.32][1582] SELECT c_asigna FROM dace004 WHERE exp_e='04-16845652' AND c_asigna='322702' AND status IN ('0','3','B') [1][0] OK
C:[14/05/2013 15:45:03.10][186.90.220.32][1569] SELECT pre_cod_asig1,pre_cod_asig2,pre_cod_asig3,pre_cod_asig4,pre_cod_asig5,pre_cod_asig6,pre_cod_asig7 FROM tblaca009 WHERE pensum='5' AND c_uni_ca='2' AND c_asigna='324862' [1][0] OK
C:[14/05/2013 15:45:03.10][186.90.220.32][1569] SELECT pre_cod_asig1,pre_cod_asig2,pre_cod_asig3,pre_cod_asig4,pre_cod_asig5,pre_cod_asig6,pre_cod_asig7 FROM tblaca009 WHERE pensum='5' AND c_uni_ca='2' AND c_asigna='322550' [1][0] OK
C:[14/05/2013 15:45:03.10][186.90.220.32][1582] SELECT c_asigna FROM dace004 WHERE exp_e='04-16845652' AND c_asigna='322433' AND status IN ('0','3','B') [1][0] OK
C:[14/05/2013 15:45:03.04][186.90.220.32][1613] SELECT par_cod_asig1,par_cod_asig2,par_cod_asig3 FROM tblaca009 WHERE pensum='5' AND c_uni_ca='2' AND c_asigna='322801' [1][0] OK
C:[14/05/2013 15:45:03.04][186.90.220.32][1613] SELECT par_cod_asig1,par_cod_asig2,par_cod_asig3 FROM tblaca009 WHERE pensum='5' AND c_uni_ca='2' AND c_asigna='322826' [1][0] OK
C:[14/05/2013 15:45:03.04][186.90.220.32][1613] SELECT par_cod_asig1,par_cod_asig2,par_cod_asig3 FROM tblaca009 WHERE pensum='5' AND c_uni_ca='2' AND c_asigna='324862' [1][0] OK
C:[14/05/2013 15:45:03.04][186.90.220.32][1613] SELECT par_cod_asig1,par_cod_asig2,par_cod_asig3 FROM tblaca009 WHERE pensum='5' AND c_uni_ca='2' AND c_asigna='322550' [1][0] OK
C:[14/05/2013 17:48:51.68][190.201.172.253][1569] SELECT pre_cod_asig1,pre_cod_asig2,pre_cod_asig3,pre_cod_asig4,pre_cod_asig5,pre_cod_asig6,pre_cod_asig7 FROM tblaca009 WHERE pensum='5' AND c_uni_ca='3' AND c_asigna='311431' [1][0] OK
C:[14/05/2013 17:48:51.68][190.201.172.253][1582] SELECT c_asigna FROM dace004 WHERE exp_e='08-17041449' AND c_asigna='311320' AND status IN ('0','3','B') [1][0] OK
C:[14/05/2013 17:48:51.68][190.201.172.253][1582] SELECT c_asigna FROM dace004 WHERE exp_e='08-17041449' AND c_asigna='300013' AND status IN ('0','3','B') [1][0] OK
C:[14/05/2013 17:48:51.68][190.201.172.253][1582] SELECT c_asigna FROM dace004 WHERE exp_e='08-17041449' AND c_asigna='300113' AND status IN ('0','3','B') [1][0] OK
C:[14/05/2013 17:48:51.68][190.201.172.253][1582] SELECT c_asigna FROM dace004 WHERE exp_e='08-17041449' AND c_asigna='300222' AND status IN ('0','3','B') [1][0] OK
C:[14/05/2013 17:48:51.68][190.201.172.253][1582] SELECT c_asigna FROM dace004 WHERE exp_e='08-17041449' AND c_asigna='300226' AND status IN ('0','3','B') [1][0] OK
C:[14/05/2013 17:48:51.68][190.201.172.253][1582] SELECT c_asigna FROM dace004 WHERE exp_e='08-17041449' AND c_asigna='300209' AND status IN ('0','3','B') [1][0] OK
C:[14/05/2013 17:48:51.68][190.201.172.253][1569] SELECT pre_cod_asig1,pre_cod_asig2,pre_cod_asig3,pre_cod_asig4,pre_cod_asig5,pre_cod_asig6,pre_cod_asig7 FROM tblaca009 WHERE pensum='5' AND c_uni_ca='3' AND c_asigna='314787' [1][0] OK
C:[14/05/2013 17:48:51.68][190.201.172.253][1582] SELECT c_asigna FROM dace004 WHERE exp_e='08-17041449' AND c_asigna='314662' AND status IN ('0','3','B') [1][0] OK
C:[14/05/2013 17:48:51.68][190.201.172.253][1569] SELECT pre_cod_asig1,pre_cod_asig2,pre_cod_asig3,pre_cod_asig4,pre_cod_asig5,pre_cod_asig6,pre_cod_asig7 FROM tblaca009 WHERE pensum='5' AND c_uni_ca='3' AND c_asigna='300314' [1][0] OK
C:[14/05/2013 17:48:51.68][190.201.172.253][1582] SELECT c_asigna FROM dace004 WHERE exp_e='08-17041449' AND c_asigna='300106' AND status IN ('0','3','B') [1][0] OK
C:[14/05/2013 17:48:51.68][190.201.172.253][1569] SELECT pre_cod_asig1,pre_cod_asig2,pre_cod_asig3,pre_cod_asig4,pre_cod_asig5,pre_cod_asig6,pre_cod_asig7 FROM tblaca009 WHERE pensum='5' AND c_uni_ca='3' AND c_asigna='311674' [1][0] OK
C:[14/05/2013 17:48:51.68][190.201.172.253][1582] SELECT c_asigna FROM dace004 WHERE exp_e='08-17041449' AND c_asigna='310548' AND status IN ('0','3','B') [1][0] OK
C:[14/05/2013 17:48:51.68][190.201.172.253][1582] SELECT c_asigna FROM dace004 WHERE exp_e='08-17041449' AND c_asigna='311551' AND status IN ('0','3','B') [1][0] OK
C:[14/05/2013 17:48:51.68][190.201.172.253][1582] SELECT c_asigna FROM dace004 WHERE exp_e='08-17041449' AND c_asigna='311320' AND status IN ('0','3','B') [1][0] OK
C:[14/05/2013 17:48:52.56][190.201.172.253][1613] SELECT par_cod_asig1,par_cod_asig2,par_cod_asig3 FROM tblaca009 WHERE pensum='5' AND c_uni_ca='3' AND c_asigna='311431' [1][0] OK
C:[14/05/2013 17:48:52.56][190.201.172.253][1627] SELECT c_asigna FROM dace004 WHERE exp_e='08-17041449' AND c_asigna='311430' AND status IN ('0','3','B','C') [1][0] OK
C:[14/05/2013 17:48:52.56][190.201.172.253][1613] SELECT par_cod_asig1,par_cod_asig2,par_cod_asig3 FROM tblaca009 WHERE pensum='5' AND c_uni_ca='3' AND c_asigna='314787' [1][0] OK
C:[14/05/2013 17:48:52.56][190.201.172.253][1613] SELECT par_cod_asig1,par_cod_asig2,par_cod_asig3 FROM tblaca009 WHERE pensum='5' AND c_uni_ca='3' AND c_asigna='300314' [1][0] OK
C:[14/05/2013 17:48:52.56][190.201.172.253][1613] SELECT par_cod_asig1,par_cod_asig2,par_cod_asig3 FROM tblaca009 WHERE pensum='5' AND c_uni_ca='3' AND c_asigna='311674' [1][0] OK
C:[14/05/2013 17:48:52.19][190.201.172.253][1684] SELECT c_asigna FROM tblaca009 WHERE pensum='5' AND c_uni_ca='3' AND ((par_cod_asig1='311556') OR (par_cod_asig2='311556') OR (par_cod_asig3='311556'))  [0][0] OK
C:[14/05/2013 17:55:48.36][190.198.165.42][1569] SELECT pre_cod_asig1,pre_cod_asig2,pre_cod_asig3,pre_cod_asig4,pre_cod_asig5,pre_cod_asig6,pre_cod_asig7 FROM tblaca009 WHERE pensum='5' AND c_uni_ca='6' AND c_asigna='300313' [1][0] OK
C:[14/05/2013 17:55:48.36][190.198.165.42][1582] SELECT c_asigna FROM dace004 WHERE exp_e='04-11517168' AND c_asigna='300213' AND status IN ('0','3','B') [1][0] OK
C:[14/05/2013 17:55:48.36][190.198.165.42][1582] SELECT c_asigna FROM dace004 WHERE exp_e='04-11517168' AND c_asigna='300226' AND status IN ('0','3','B') [1][0] OK
C:[14/05/2013 17:55:48.36][190.198.165.42][1582] SELECT c_asigna FROM dace004 WHERE exp_e='04-11517168' AND c_asigna='300222' AND status IN ('0','3','B') [1][0] OK
C:[14/05/2013 17:55:48.36][190.198.165.42][1582] SELECT c_asigna FROM dace004 WHERE exp_e='04-11517168' AND c_asigna='300209' AND status IN ('0','3','B') [1][0] OK
C:[14/05/2013 17:55:48.36][190.198.165.42][1569] SELECT pre_cod_asig1,pre_cod_asig2,pre_cod_asig3,pre_cod_asig4,pre_cod_asig5,pre_cod_asig6,pre_cod_asig7 FROM tblaca009 WHERE pensum='5' AND c_uni_ca='6' AND c_asigna='342679' [1][0] OK
C:[14/05/2013 17:55:48.36][190.198.165.42][1582] SELECT c_asigna FROM dace004 WHERE exp_e='04-11517168' AND c_asigna='342567' AND status IN ('0','3','B') [1][0] OK
C:[14/05/2013 17:55:48.36][190.198.165.42][1569] SELECT pre_cod_asig1,pre_cod_asig2,pre_cod_asig3,pre_cod_asig4,pre_cod_asig5,pre_cod_asig6,pre_cod_asig7 FROM tblaca009 WHERE pensum='5' AND c_uni_ca='6' AND c_asigna='344688' [1][0] OK
C:[14/05/2013 17:55:48.36][190.198.165.42][1582] SELECT c_asigna FROM dace004 WHERE exp_e='04-11517168' AND c_asigna='342567' AND status IN ('0','3','B') [1][0] OK
C:[14/05/2013 17:55:48.36][190.198.165.42][1582] SELECT c_asigna FROM dace004 WHERE exp_e='04-11517168' AND c_asigna='344565' AND status IN ('0','3','B') [1][0] OK
C:[14/05/2013 17:55:48.36][190.198.165.42][1569] SELECT pre_cod_asig1,pre_cod_asig2,pre_cod_asig3,pre_cod_asig4,pre_cod_asig5,pre_cod_asig6,pre_cod_asig7 FROM tblaca009 WHERE pensum='5' AND c_uni_ca='6' AND c_asigna='344951' [1][0] OK
C:[14/05/2013 17:55:48.36][190.198.165.42][1582] SELECT c_asigna FROM dace004 WHERE exp_e='04-11517168' AND c_asigna='344689' AND status IN ('0','3','B') [1][0] OK
C:[14/05/2013 17:55:48.36][190.198.165.42][1582] SELECT c_asigna FROM dace004 WHERE exp_e='04-11517168' AND c_asigna='344687' AND status IN ('0','3','B') [1][0] OK
C:[14/05/2013 17:55:48.36][190.198.165.42][1569] SELECT pre_cod_asig1,pre_cod_asig2,pre_cod_asig3,pre_cod_asig4,pre_cod_asig5,pre_cod_asig6,pre_cod_asig7 FROM tblaca009 WHERE pensum='5' AND c_uni_ca='6' AND c_asigna='344965' [1][0] OK
C:[14/05/2013 17:55:48.36][190.198.165.42][1582] SELECT c_asigna FROM dace004 WHERE exp_e='04-11517168' AND c_asigna='344714' AND status IN ('0','3','B') [1][0] OK
C:[14/05/2013 17:55:49.24][190.198.165.42][1613] SELECT par_cod_asig1,par_cod_asig2,par_cod_asig3 FROM tblaca009 WHERE pensum='5' AND c_uni_ca='6' AND c_asigna='300313' [1][0] OK
C:[14/05/2013 17:55:49.24][190.198.165.42][1613] SELECT par_cod_asig1,par_cod_asig2,par_cod_asig3 FROM tblaca009 WHERE pensum='5' AND c_uni_ca='6' AND c_asigna='342679' [1][0] OK
C:[14/05/2013 17:55:49.24][190.198.165.42][1613] SELECT par_cod_asig1,par_cod_asig2,par_cod_asig3 FROM tblaca009 WHERE pensum='5' AND c_uni_ca='6' AND c_asigna='344688' [1][0] OK
C:[14/05/2013 17:55:49.24][190.198.165.42][1613] SELECT par_cod_asig1,par_cod_asig2,par_cod_asig3 FROM tblaca009 WHERE pensum='5' AND c_uni_ca='6' AND c_asigna='344951' [1][0] OK
C:[14/05/2013 17:55:49.24][190.198.165.42][1613] SELECT par_cod_asig1,par_cod_asig2,par_cod_asig3 FROM tblaca009 WHERE pensum='5' AND c_uni_ca='6' AND c_asigna='344965' [1][0] OK
C:[14/05/2013 17:58:21.26][190.201.172.253][1569] SELECT pre_cod_asig1,pre_cod_asig2,pre_cod_asig3,pre_cod_asig4,pre_cod_asig5,pre_cod_asig6,pre_cod_asig7 FROM tblaca009 WHERE pensum='5' AND c_uni_ca='3' AND c_asigna='300428' [1][0] OK
C:[14/05/2013 17:58:21.26][190.201.172.253][1582] SELECT c_asigna FROM dace004 WHERE exp_e='08-20222251' AND c_asigna='300317' AND status IN ('0','3','B') [1][0] OK
C:[14/05/2013 17:58:21.26][190.201.172.253][1582] SELECT c_asigna FROM dace004 WHERE exp_e='08-20222251' AND c_asigna='300209' AND status IN ('0','3','B') [1][0] OK
C:[14/05/2013 17:58:21.26][190.201.172.253][1569] SELECT pre_cod_asig1,pre_cod_asig2,pre_cod_asig3,pre_cod_asig4,pre_cod_asig5,pre_cod_asig6,pre_cod_asig7 FROM tblaca009 WHERE pensum='5' AND c_uni_ca='3' AND c_asigna='300313' [1][0] OK
C:[14/05/2013 17:58:21.26][190.201.172.253][1582] SELECT c_asigna FROM dace004 WHERE exp_e='08-20222251' AND c_asigna='300213' AND status IN ('0','3','B') [1][0] OK
C:[14/05/2013 17:58:21.26][190.201.172.253][1582] SELECT c_asigna FROM dace004 WHERE exp_e='08-20222251' AND c_asigna='300226' AND status IN ('0','3','B') [1][0] OK
C:[14/05/2013 17:58:21.26][190.201.172.253][1582] SELECT c_asigna FROM dace004 WHERE exp_e='08-20222251' AND c_asigna='300222' AND status IN ('0','3','B') [1][0] OK
C:[14/05/2013 17:58:21.26][190.201.172.253][1582] SELECT c_asigna FROM dace004 WHERE exp_e='08-20222251' AND c_asigna='300209' AND status IN ('0','3','B') [1][0] OK
C:[14/05/2013 17:58:21.26][190.201.172.253][1569] SELECT pre_cod_asig1,pre_cod_asig2,pre_cod_asig3,pre_cod_asig4,pre_cod_asig5,pre_cod_asig6,pre_cod_asig7 FROM tblaca009 WHERE pensum='5' AND c_uni_ca='3' AND c_asigna='314662' [1][0] OK
C:[14/05/2013 17:58:21.26][190.201.172.253][1582] SELECT c_asigna FROM dace004 WHERE exp_e='08-20222251' AND c_asigna='311552' AND status IN ('0','3','B') [1][0] OK
C:[14/05/2013 17:58:21.51][190.201.172.253][1613] SELECT par_cod_asig1,par_cod_asig2,par_cod_asig3 FROM tblaca009 WHERE pensum='5' AND c_uni_ca='3' AND c_asigna='300428' [1][0] OK
C:[14/05/2013 17:58:21.51][190.201.172.253][1613] SELECT par_cod_asig1,par_cod_asig2,par_cod_asig3 FROM tblaca009 WHERE pensum='5' AND c_uni_ca='3' AND c_asigna='300313' [1][0] OK
C:[14/05/2013 17:58:21.51][190.201.172.253][1613] SELECT par_cod_asig1,par_cod_asig2,par_cod_asig3 FROM tblaca009 WHERE pensum='5' AND c_uni_ca='3' AND c_asigna='314662' [1][0] OK
C:[14/05/2013 19:55:46.57][190.200.6.214][1569] SELECT pre_cod_asig1,pre_cod_asig2,pre_cod_asig3,pre_cod_asig4,pre_cod_asig5,pre_cod_asig6,pre_cod_asig7 FROM tblaca009 WHERE pensum='5' AND c_uni_ca='2' AND c_asigna='300213' [1][0] OK
C:[14/05/2013 19:55:46.57][190.200.6.214][1582] SELECT c_asigna FROM dace004 WHERE exp_e='09-19094573' AND c_asigna='300101' AND status IN ('0','3','B') [1][0] OK
C:[14/05/2013 19:55:46.57][190.200.6.214][1569] SELECT pre_cod_asig1,pre_cod_asig2,pre_cod_asig3,pre_cod_asig4,pre_cod_asig5,pre_cod_asig6,pre_cod_asig7 FROM tblaca009 WHERE pensum='5' AND c_uni_ca='2' AND c_asigna='300116' [1][0] OK
C:[14/05/2013 19:55:47.93][190.200.6.214][1613] SELECT par_cod_asig1,par_cod_asig2,par_cod_asig3 FROM tblaca009 WHERE pensum='5' AND c_uni_ca='2' AND c_asigna='300213' [1][0] OK
C:[14/05/2013 19:55:47.93][190.200.6.214][1627] SELECT c_asigna FROM dace004 WHERE exp_e='09-19094573' AND c_asigna='300209' AND status IN ('0','3','B','C') [0][0] OK
C:[14/05/2013 19:55:47.93][190.200.6.214][1613] SELECT par_cod_asig1,par_cod_asig2,par_cod_asig3 FROM tblaca009 WHERE pensum='5' AND c_uni_ca='2' AND c_asigna='300116' [1][0] OK
C:[14/05/2013 19:59:07.15][190.200.6.214][1569] SELECT pre_cod_asig1,pre_cod_asig2,pre_cod_asig3,pre_cod_asig4,pre_cod_asig5,pre_cod_asig6,pre_cod_asig7 FROM tblaca009 WHERE pensum='5' AND c_uni_ca='2' AND c_asigna='300213' [1][0] OK
C:[14/05/2013 19:59:07.15][190.200.6.214][1582] SELECT c_asigna FROM dace004 WHERE exp_e='09-19094573' AND c_asigna='300101' AND status IN ('0','3','B') [1][0] OK
C:[14/05/2013 19:59:07.15][190.200.6.214][1569] SELECT pre_cod_asig1,pre_cod_asig2,pre_cod_asig3,pre_cod_asig4,pre_cod_asig5,pre_cod_asig6,pre_cod_asig7 FROM tblaca009 WHERE pensum='5' AND c_uni_ca='2' AND c_asigna='300116' [1][0] OK
C:[14/05/2013 19:59:07.52][190.200.6.214][1613] SELECT par_cod_asig1,par_cod_asig2,par_cod_asig3 FROM tblaca009 WHERE pensum='5' AND c_uni_ca='2' AND c_asigna='300213' [1][0] OK
C:[14/05/2013 19:59:07.52][190.200.6.214][1627] SELECT c_asigna FROM dace004 WHERE exp_e='09-19094573' AND c_asigna='300209' AND status IN ('0','3','B','C') [0][0] OK
C:[14/05/2013 19:59:07.52][190.200.6.214][1613] SELECT par_cod_asig1,par_cod_asig2,par_cod_asig3 FROM tblaca009 WHERE pensum='5' AND c_uni_ca='2' AND c_asigna='300116' [1][0] OK
C:[14/05/2013 20:17:20.98][190.37.34.127][1569] SELECT pre_cod_asig1,pre_cod_asig2,pre_cod_asig3,pre_cod_asig4,pre_cod_asig5,pre_cod_asig6,pre_cod_asig7 FROM tblaca009 WHERE pensum='5' AND c_uni_ca='2' AND c_asigna='300116' [1][0] OK
C:[14/05/2013 20:17:20.98][190.37.34.127][1569] SELECT pre_cod_asig1,pre_cod_asig2,pre_cod_asig3,pre_cod_asig4,pre_cod_asig5,pre_cod_asig6,pre_cod_asig7 FROM tblaca009 WHERE pensum='5' AND c_uni_ca='2' AND c_asigna='322827' [1][0] OK
C:[14/05/2013 20:17:20.98][190.37.34.127][1582] SELECT c_asigna FROM dace004 WHERE exp_e='05-19095899' AND c_asigna='322703' AND status IN ('0','3','B') [1][0] OK
C:[14/05/2013 20:17:20.98][190.37.34.127][1582] SELECT c_asigna FROM dace004 WHERE exp_e='05-19095899' AND c_asigna='322782' AND status IN ('0','3','B') [1][0] OK
C:[14/05/2013 20:17:20.98][190.37.34.127][1582] SELECT c_asigna FROM dace004 WHERE exp_e='05-19095899' AND c_asigna='322449' AND status IN ('0','3','B') [1][0] OK
C:[14/05/2013 20:17:21.58][190.37.34.127][1613] SELECT par_cod_asig1,par_cod_asig2,par_cod_asig3 FROM tblaca009 WHERE pensum='5' AND c_uni_ca='2' AND c_asigna='300116' [1][0] OK
C:[14/05/2013 20:17:21.58][190.37.34.127][1613] SELECT par_cod_asig1,par_cod_asig2,par_cod_asig3 FROM tblaca009 WHERE pensum='5' AND c_uni_ca='2' AND c_asigna='322827' [1][0] OK
C:[14/05/2013 20:17:21.84][190.37.34.127][1684] SELECT c_asigna FROM tblaca009 WHERE pensum='5' AND c_uni_ca='2' AND ((par_cod_asig1='300956') OR (par_cod_asig2='300956') OR (par_cod_asig3='300956'))  [1][0] OK
C:[14/05/2013 20:17:21.84][190.37.34.127][1696] SELECT c_asigna FROM dace004 WHERE exp_e='05-19095899' AND c_asigna='322939' AND status IN ('0','3','B') [0][0] OK
C:[14/05/2013 20:44:56.57][200.109.216.104][1569] SELECT pre_cod_asig1,pre_cod_asig2,pre_cod_asig3,pre_cod_asig4,pre_cod_asig5,pre_cod_asig6,pre_cod_asig7 FROM tblaca009 WHERE pensum='5' AND c_uni_ca='4' AND c_asigna='300314' [1][0] OK
C:[14/05/2013 20:44:56.57][200.109.216.104][1582] SELECT c_asigna FROM dace004 WHERE exp_e='12-24579973' AND c_asigna='300106' AND status IN ('0','3','B') [1][0] OK
C:[14/05/2013 20:44:56.57][200.109.216.104][1569] SELECT pre_cod_asig1,pre_cod_asig2,pre_cod_asig3,pre_cod_asig4,pre_cod_asig5,pre_cod_asig6,pre_cod_asig7 FROM tblaca009 WHERE pensum='5' AND c_uni_ca='4' AND c_asigna='300222' [1][0] OK
C:[14/05/2013 20:44:56.57][200.109.216.104][1582] SELECT c_asigna FROM dace004 WHERE exp_e='12-24579973' AND c_asigna='300112' AND status IN ('0','3','B') [1][0] OK
C:[14/05/2013 20:44:56.57][200.109.216.104][1569] SELECT pre_cod_asig1,pre_cod_asig2,pre_cod_asig3,pre_cod_asig4,pre_cod_asig5,pre_cod_asig6,pre_cod_asig7 FROM tblaca009 WHERE pensum='5' AND c_uni_ca='4' AND c_asigna='300226' [1][0] OK
C:[14/05/2013 20:44:56.57][200.109.216.104][1582] SELECT c_asigna FROM dace004 WHERE exp_e='12-24579973' AND c_asigna='300116' AND status IN ('0','3','B') [1][0] OK
C:[14/05/2013 20:44:56.57][200.109.216.104][1569] SELECT pre_cod_asig1,pre_cod_asig2,pre_cod_asig3,pre_cod_asig4,pre_cod_asig5,pre_cod_asig6,pre_cod_asig7 FROM tblaca009 WHERE pensum='5' AND c_uni_ca='4' AND c_asigna='300317' [1][0] OK
C:[14/05/2013 20:44:56.57][200.109.216.104][1582] SELECT c_asigna FROM dace004 WHERE exp_e='12-24579973' AND c_asigna='300207' AND status IN ('0','3','B') [1][0] OK
C:[14/05/2013 20:44:56.57][200.109.216.104][1582] SELECT c_asigna FROM dace004 WHERE exp_e='12-24579973' AND c_asigna='300209' AND status IN ('0','3','B') [1][0] OK
C:[14/05/2013 20:44:56.57][200.109.216.104][1569] SELECT pre_cod_asig1,pre_cod_asig2,pre_cod_asig3,pre_cod_asig4,pre_cod_asig5,pre_cod_asig6,pre_cod_asig7 FROM tblaca009 WHERE pensum='5' AND c_uni_ca='4' AND c_asigna='330310' [1][0] OK
C:[14/05/2013 20:44:56.57][200.109.216.104][1582] SELECT c_asigna FROM dace004 WHERE exp_e='12-24579973' AND c_asigna='300013' AND status IN ('0','3','B') [1][0] OK
C:[14/05/2013 20:44:56.57][200.109.216.104][1582] SELECT c_asigna FROM dace004 WHERE exp_e='12-24579973' AND c_asigna='300113' AND status IN ('0','3','B') [1][0] OK
C:[14/05/2013 20:44:56.57][200.109.216.104][1569] SELECT pre_cod_asig1,pre_cod_asig2,pre_cod_asig3,pre_cod_asig4,pre_cod_asig5,pre_cod_asig6,pre_cod_asig7 FROM tblaca009 WHERE pensum='5' AND c_uni_ca='4' AND c_asigna='333326' [1][0] OK
C:[14/05/2013 20:44:57.20][200.109.216.104][1613] SELECT par_cod_asig1,par_cod_asig2,par_cod_asig3 FROM tblaca009 WHERE pensum='5' AND c_uni_ca='4' AND c_asigna='300314' [1][0] OK
C:[14/05/2013 20:44:57.20][200.109.216.104][1613] SELECT par_cod_asig1,par_cod_asig2,par_cod_asig3 FROM tblaca009 WHERE pensum='5' AND c_uni_ca='4' AND c_asigna='300222' [1][0] OK
C:[14/05/2013 20:44:57.20][200.109.216.104][1613] SELECT par_cod_asig1,par_cod_asig2,par_cod_asig3 FROM tblaca009 WHERE pensum='5' AND c_uni_ca='4' AND c_asigna='300226' [1][0] OK
C:[14/05/2013 20:44:57.20][200.109.216.104][1613] SELECT par_cod_asig1,par_cod_asig2,par_cod_asig3 FROM tblaca009 WHERE pensum='5' AND c_uni_ca='4' AND c_asigna='300317' [1][0] OK
C:[14/05/2013 20:44:57.20][200.109.216.104][1613] SELECT par_cod_asig1,par_cod_asig2,par_cod_asig3 FROM tblaca009 WHERE pensum='5' AND c_uni_ca='4' AND c_asigna='330310' [1][0] OK
C:[14/05/2013 20:44:57.20][200.109.216.104][1613] SELECT par_cod_asig1,par_cod_asig2,par_cod_asig3 FROM tblaca009 WHERE pensum='5' AND c_uni_ca='4' AND c_asigna='333326' [1][0] OK
C:[14/05/2013 20:46:07.61][200.84.73.22][1569] SELECT pre_cod_asig1,pre_cod_asig2,pre_cod_asig3,pre_cod_asig4,pre_cod_asig5,pre_cod_asig6,pre_cod_asig7 FROM tblaca009 WHERE pensum='5' AND c_uni_ca='6' AND c_asigna='300101' [1][0] OK
C:[14/05/2013 20:46:07.61][200.84.73.22][1569] SELECT pre_cod_asig1,pre_cod_asig2,pre_cod_asig3,pre_cod_asig4,pre_cod_asig5,pre_cod_asig6,pre_cod_asig7 FROM tblaca009 WHERE pensum='5' AND c_uni_ca='6' AND c_asigna='300105' [1][0] OK
C:[14/05/2013 20:46:07.61][200.84.73.22][1569] SELECT pre_cod_asig1,pre_cod_asig2,pre_cod_asig3,pre_cod_asig4,pre_cod_asig5,pre_cod_asig6,pre_cod_asig7 FROM tblaca009 WHERE pensum='5' AND c_uni_ca='6' AND c_asigna='300112' [1][0] OK
C:[14/05/2013 20:46:07.61][200.84.73.22][1569] SELECT pre_cod_asig1,pre_cod_asig2,pre_cod_asig3,pre_cod_asig4,pre_cod_asig5,pre_cod_asig6,pre_cod_asig7 FROM tblaca009 WHERE pensum='5' AND c_uni_ca='6' AND c_asigna='300116' [1][0] OK
C:[14/05/2013 20:46:07.10][200.84.73.22][1613] SELECT par_cod_asig1,par_cod_asig2,par_cod_asig3 FROM tblaca009 WHERE pensum='5' AND c_uni_ca='6' AND c_asigna='300101' [1][0] OK
C:[14/05/2013 20:46:07.10][200.84.73.22][1613] SELECT par_cod_asig1,par_cod_asig2,par_cod_asig3 FROM tblaca009 WHERE pensum='5' AND c_uni_ca='6' AND c_asigna='300105' [1][0] OK
C:[14/05/2013 20:46:07.10][200.84.73.22][1613] SELECT par_cod_asig1,par_cod_asig2,par_cod_asig3 FROM tblaca009 WHERE pensum='5' AND c_uni_ca='6' AND c_asigna='300112' [1][0] OK
C:[14/05/2013 20:46:07.10][200.84.73.22][1613] SELECT par_cod_asig1,par_cod_asig2,par_cod_asig3 FROM tblaca009 WHERE pensum='5' AND c_uni_ca='6' AND c_asigna='300116' [1][0] OK
C:[14/05/2013 20:46:08.60][200.84.73.22][1684] SELECT c_asigna FROM tblaca009 WHERE pensum='5' AND c_uni_ca='6' AND ((par_cod_asig1='300013') OR (par_cod_asig2='300013') OR (par_cod_asig3='300013'))  [1][0] OK
C:[14/05/2013 20:46:08.60][200.84.73.22][1696] SELECT c_asigna FROM dace004 WHERE exp_e='12-24039334' AND c_asigna='300113' AND status IN ('0','3','B') [0][0] OK
C:[14/05/2013 20:46:08.60][200.84.73.22][1684] SELECT c_asigna FROM tblaca009 WHERE pensum='5' AND c_uni_ca='6' AND ((par_cod_asig1='300113') OR (par_cod_asig2='300113') OR (par_cod_asig3='300113'))  [0][0] OK
C:[14/05/2013 21:12:03.33][68.171.231.90][1569] SELECT pre_cod_asig1,pre_cod_asig2,pre_cod_asig3,pre_cod_asig4,pre_cod_asig5,pre_cod_asig6,pre_cod_asig7 FROM tblaca009 WHERE pensum='5' AND c_uni_ca='6' AND c_asigna='300213' [1][0] OK
C:[14/05/2013 21:12:03.33][68.171.231.90][1582] SELECT c_asigna FROM dace004 WHERE exp_e='06-14611248' AND c_asigna='300101' AND status IN ('0','3','B') [1][0] OK
C:[14/05/2013 21:12:03.33][68.171.231.90][1569] SELECT pre_cod_asig1,pre_cod_asig2,pre_cod_asig3,pre_cod_asig4,pre_cod_asig5,pre_cod_asig6,pre_cod_asig7 FROM tblaca009 WHERE pensum='5' AND c_uni_ca='6' AND c_asigna='300013' [1][0] OK
C:[14/05/2013 21:12:03.71][68.171.231.90][1613] SELECT par_cod_asig1,par_cod_asig2,par_cod_asig3 FROM tblaca009 WHERE pensum='5' AND c_uni_ca='6' AND c_asigna='300213' [1][0] OK
C:[14/05/2013 21:12:03.71][68.171.231.90][1627] SELECT c_asigna FROM dace004 WHERE exp_e='06-14611248' AND c_asigna='300209' AND status IN ('0','3','B','C') [1][0] OK
C:[14/05/2013 21:12:03.71][68.171.231.90][1613] SELECT par_cod_asig1,par_cod_asig2,par_cod_asig3 FROM tblaca009 WHERE pensum='5' AND c_uni_ca='6' AND c_asigna='300013' [1][0] OK
C:[14/05/2013 23:14:32.29][190.206.237.23][1569] SELECT pre_cod_asig1,pre_cod_asig2,pre_cod_asig3,pre_cod_asig4,pre_cod_asig5,pre_cod_asig6,pre_cod_asig7 FROM tblaca009 WHERE pensum='5' AND c_uni_ca='5' AND c_asigna='352440' [1][0] OK
C:[14/05/2013 23:14:32.29][190.206.237.23][1582] SELECT c_asigna FROM dace004 WHERE exp_e='04-14510157' AND c_asigna='300317' AND status IN ('0','3','B') [1][0] OK
C:[14/05/2013 23:14:32.29][190.206.237.23][1582] SELECT c_asigna FROM dace004 WHERE exp_e='04-14510157' AND c_asigna='300013' AND status IN ('0','3','B') [1][0] OK
C:[14/05/2013 23:14:32.29][190.206.237.23][1582] SELECT c_asigna FROM dace004 WHERE exp_e='04-14510157' AND c_asigna='300113' AND status IN ('0','3','B') [1][0] OK
C:[14/05/2013 23:14:32.29][190.206.237.23][1569] SELECT pre_cod_asig1,pre_cod_asig2,pre_cod_asig3,pre_cod_asig4,pre_cod_asig5,pre_cod_asig6,pre_cod_asig7 FROM tblaca009 WHERE pensum='5' AND c_uni_ca='5' AND c_asigna='355874' [1][0] OK
C:[14/05/2013 23:14:32.29][190.206.237.23][1582] SELECT c_asigna FROM dace004 WHERE exp_e='04-14510157' AND c_asigna='355448' AND status IN ('0','3','B') [1][0] OK
C:[14/05/2013 23:14:33.04][190.206.237.23][1613] SELECT par_cod_asig1,par_cod_asig2,par_cod_asig3 FROM tblaca009 WHERE pensum='5' AND c_uni_ca='5' AND c_asigna='352440' [1][0] OK
C:[14/05/2013 23:14:33.04][190.206.237.23][1613] SELECT par_cod_asig1,par_cod_asig2,par_cod_asig3 FROM tblaca009 WHERE pensum='5' AND c_uni_ca='5' AND c_asigna='355874' [1][0] OK
C:[14/05/2013 23:17:46.59][68.171.231.89][1569] SELECT pre_cod_asig1,pre_cod_asig2,pre_cod_asig3,pre_cod_asig4,pre_cod_asig5,pre_cod_asig6,pre_cod_asig7 FROM tblaca009 WHERE pensum='5' AND c_uni_ca='6' AND c_asigna='340327' [1][0] OK
C:[14/05/2013 23:17:46.59][68.171.231.89][1582] SELECT c_asigna FROM dace004 WHERE exp_e='04-18886325' AND c_asigna='300013' AND status IN ('0','3','B') [1][0] OK
C:[14/05/2013 23:17:46.59][68.171.231.89][1582] SELECT c_asigna FROM dace004 WHERE exp_e='04-18886325' AND c_asigna='300113' AND status IN ('0','3','B') [1][0] OK
C:[14/05/2013 23:17:46.97][68.171.231.89][1613] SELECT par_cod_asig1,par_cod_asig2,par_cod_asig3 FROM tblaca009 WHERE pensum='5' AND c_uni_ca='6' AND c_asigna='340327' [1][0] OK
C:[14/05/2013 23:17:46.09][68.171.231.89][1684] SELECT c_asigna FROM tblaca009 WHERE pensum='5' AND c_uni_ca='6' AND ((par_cod_asig1='300313') OR (par_cod_asig2='300313') OR (par_cod_asig3='300313'))  [0][0] OK
C:[15/05/2013 10:08:05.32][190.78.15.10][1569] SELECT pre_cod_asig1,pre_cod_asig2,pre_cod_asig3,pre_cod_asig4,pre_cod_asig5,pre_cod_asig6,pre_cod_asig7 FROM tblaca009 WHERE pensum='5' AND c_uni_ca='5' AND c_asigna='300226' [1][0] OK
C:[15/05/2013 10:08:05.32][190.78.15.10][1582] SELECT c_asigna FROM dace004 WHERE exp_e='04-16407950' AND c_asigna='300116' AND status IN ('0','3','B') [1][0] OK
C:[15/05/2013 10:08:05.57][190.78.15.10][1613] SELECT par_cod_asig1,par_cod_asig2,par_cod_asig3 FROM tblaca009 WHERE pensum='5' AND c_uni_ca='5' AND c_asigna='300226' [1][0] OK
C:[15/05/2013 10:08:05.70][190.78.15.10][1684] SELECT c_asigna FROM tblaca009 WHERE pensum='5' AND c_uni_ca='5' AND ((par_cod_asig1='355694') OR (par_cod_asig2='355694') OR (par_cod_asig3='355694'))  [0][0] OK
C:[15/05/2013 16:46:28.14][190.204.222.251][1569] SELECT pre_cod_asig1,pre_cod_asig2,pre_cod_asig3,pre_cod_asig4,pre_cod_asig5,pre_cod_asig6,pre_cod_asig7 FROM tblaca009 WHERE pensum='5' AND c_uni_ca='5' AND c_asigna='300218' [1][0] OK
C:[15/05/2013 16:46:28.14][190.204.222.251][1582] SELECT c_asigna FROM dace004 WHERE exp_e='12-21248862' AND c_asigna='300101' AND status IN ('0','3','B') [0][0] OK
C:[15/05/2013 16:46:28.14][190.204.222.251][1569] SELECT pre_cod_asig1,pre_cod_asig2,pre_cod_asig3,pre_cod_asig4,pre_cod_asig5,pre_cod_asig6,pre_cod_asig7 FROM tblaca009 WHERE pensum='5' AND c_uni_ca='5' AND c_asigna='300314' [1][0] OK
C:[15/05/2013 16:46:28.14][190.204.222.251][1582] SELECT c_asigna FROM dace004 WHERE exp_e='12-21248862' AND c_asigna='300106' AND status IN ('0','3','B') [1][0] OK
C:[15/05/2013 16:46:28.14][190.204.222.251][1569] SELECT pre_cod_asig1,pre_cod_asig2,pre_cod_asig3,pre_cod_asig4,pre_cod_asig5,pre_cod_asig6,pre_cod_asig7 FROM tblaca009 WHERE pensum='5' AND c_uni_ca='5' AND c_asigna='300101' [1][0] OK
C:[15/05/2013 16:46:28.14][190.204.222.251][1569] SELECT pre_cod_asig1,pre_cod_asig2,pre_cod_asig3,pre_cod_asig4,pre_cod_asig5,pre_cod_asig6,pre_cod_asig7 FROM tblaca009 WHERE pensum='5' AND c_uni_ca='5' AND c_asigna='300105' [1][0] OK
C:[15/05/2013 16:46:28.14][190.204.222.251][1569] SELECT pre_cod_asig1,pre_cod_asig2,pre_cod_asig3,pre_cod_asig4,pre_cod_asig5,pre_cod_asig6,pre_cod_asig7 FROM tblaca009 WHERE pensum='5' AND c_uni_ca='5' AND c_asigna='300226' [1][0] OK
C:[15/05/2013 16:46:28.14][190.204.222.251][1582] SELECT c_asigna FROM dace004 WHERE exp_e='12-21248862' AND c_asigna='300116' AND status IN ('0','3','B') [1][0] OK
C:[15/05/2013 16:46:28.14][190.204.222.251][1613] SELECT par_cod_asig1,par_cod_asig2,par_cod_asig3 FROM tblaca009 WHERE pensum='5' AND c_uni_ca='5' AND c_asigna='300218' [1][0] OK
C:[15/05/2013 16:46:28.14][190.204.222.251][1627] SELECT c_asigna FROM dace004 WHERE exp_e='12-21248862' AND c_asigna='300228' AND status IN ('0','3','B','C') [0][0] OK
C:[15/05/2013 16:46:28.14][190.204.222.251][1613] SELECT par_cod_asig1,par_cod_asig2,par_cod_asig3 FROM tblaca009 WHERE pensum='5' AND c_uni_ca='5' AND c_asigna='300314' [1][0] OK
C:[15/05/2013 16:46:28.14][190.204.222.251][1613] SELECT par_cod_asig1,par_cod_asig2,par_cod_asig3 FROM tblaca009 WHERE pensum='5' AND c_uni_ca='5' AND c_asigna='300101' [1][0] OK
C:[15/05/2013 16:46:28.14][190.204.222.251][1613] SELECT par_cod_asig1,par_cod_asig2,par_cod_asig3 FROM tblaca009 WHERE pensum='5' AND c_uni_ca='5' AND c_asigna='300105' [1][0] OK
C:[15/05/2013 16:46:28.14][190.204.222.251][1613] SELECT par_cod_asig1,par_cod_asig2,par_cod_asig3 FROM tblaca009 WHERE pensum='5' AND c_uni_ca='5' AND c_asigna='300226' [1][0] OK
C:[15/05/2013 16:47:12.74][190.204.222.251][1569] SELECT pre_cod_asig1,pre_cod_asig2,pre_cod_asig3,pre_cod_asig4,pre_cod_asig5,pre_cod_asig6,pre_cod_asig7 FROM tblaca009 WHERE pensum='5' AND c_uni_ca='5' AND c_asigna='300218' [1][0] OK
C:[15/05/2013 16:47:12.74][190.204.222.251][1582] SELECT c_asigna FROM dace004 WHERE exp_e='12-21248862' AND c_asigna='300101' AND status IN ('0','3','B') [0][0] OK
C:[15/05/2013 16:47:12.74][190.204.222.251][1569] SELECT pre_cod_asig1,pre_cod_asig2,pre_cod_asig3,pre_cod_asig4,pre_cod_asig5,pre_cod_asig6,pre_cod_asig7 FROM tblaca009 WHERE pensum='5' AND c_uni_ca='5' AND c_asigna='300314' [1][0] OK
C:[15/05/2013 16:47:12.74][190.204.222.251][1582] SELECT c_asigna FROM dace004 WHERE exp_e='12-21248862' AND c_asigna='300106' AND status IN ('0','3','B') [1][0] OK
C:[15/05/2013 16:47:12.74][190.204.222.251][1569] SELECT pre_cod_asig1,pre_cod_asig2,pre_cod_asig3,pre_cod_asig4,pre_cod_asig5,pre_cod_asig6,pre_cod_asig7 FROM tblaca009 WHERE pensum='5' AND c_uni_ca='5' AND c_asigna='300101' [1][0] OK
C:[15/05/2013 16:47:12.74][190.204.222.251][1569] SELECT pre_cod_asig1,pre_cod_asig2,pre_cod_asig3,pre_cod_asig4,pre_cod_asig5,pre_cod_asig6,pre_cod_asig7 FROM tblaca009 WHERE pensum='5' AND c_uni_ca='5' AND c_asigna='300105' [1][0] OK
C:[15/05/2013 16:47:12.74][190.204.222.251][1569] SELECT pre_cod_asig1,pre_cod_asig2,pre_cod_asig3,pre_cod_asig4,pre_cod_asig5,pre_cod_asig6,pre_cod_asig7 FROM tblaca009 WHERE pensum='5' AND c_uni_ca='5' AND c_asigna='300226' [1][0] OK
C:[15/05/2013 16:47:12.74][190.204.222.251][1582] SELECT c_asigna FROM dace004 WHERE exp_e='12-21248862' AND c_asigna='300116' AND status IN ('0','3','B') [1][0] OK
C:[15/05/2013 16:47:12.74][190.204.222.251][1613] SELECT par_cod_asig1,par_cod_asig2,par_cod_asig3 FROM tblaca009 WHERE pensum='5' AND c_uni_ca='5' AND c_asigna='300218' [1][0] OK
C:[15/05/2013 16:47:12.74][190.204.222.251][1627] SELECT c_asigna FROM dace004 WHERE exp_e='12-21248862' AND c_asigna='300228' AND status IN ('0','3','B','C') [0][0] OK
C:[15/05/2013 16:47:12.74][190.204.222.251][1613] SELECT par_cod_asig1,par_cod_asig2,par_cod_asig3 FROM tblaca009 WHERE pensum='5' AND c_uni_ca='5' AND c_asigna='300314' [1][0] OK
C:[15/05/2013 16:47:12.74][190.204.222.251][1613] SELECT par_cod_asig1,par_cod_asig2,par_cod_asig3 FROM tblaca009 WHERE pensum='5' AND c_uni_ca='5' AND c_asigna='300101' [1][0] OK
C:[15/05/2013 16:47:12.74][190.204.222.251][1613] SELECT par_cod_asig1,par_cod_asig2,par_cod_asig3 FROM tblaca009 WHERE pensum='5' AND c_uni_ca='5' AND c_asigna='300105' [1][0] OK
C:[15/05/2013 16:47:12.74][190.204.222.251][1613] SELECT par_cod_asig1,par_cod_asig2,par_cod_asig3 FROM tblaca009 WHERE pensum='5' AND c_uni_ca='5' AND c_asigna='300226' [1][0] OK
C:[15/05/2013 20:32:55.54][186.89.184.241][1569] SELECT pre_cod_asig1,pre_cod_asig2,pre_cod_asig3,pre_cod_asig4,pre_cod_asig5,pre_cod_asig6,pre_cod_asig7 FROM tblaca009 WHERE pensum='5' AND c_uni_ca='4' AND c_asigna='330435' [1][0] OK
C:[15/05/2013 20:32:55.54][186.89.184.241][1582] SELECT c_asigna FROM dace004 WHERE exp_e='08-18943596' AND c_asigna='300318' AND status IN ('0','3','B') [1][0] OK
C:[15/05/2013 20:32:55.54][186.89.184.241][1569] SELECT pre_cod_asig1,pre_cod_asig2,pre_cod_asig3,pre_cod_asig4,pre_cod_asig5,pre_cod_asig6,pre_cod_asig7 FROM tblaca009 WHERE pensum='5' AND c_uni_ca='4' AND c_asigna='311561' [1][0] OK
C:[15/05/2013 20:32:55.54][186.89.184.241][1582] SELECT c_asigna FROM dace004 WHERE exp_e='08-18943596' AND c_asigna='300318' AND status IN ('0','3','B') [1][0] OK
C:[15/05/2013 20:32:55.54][186.89.184.241][1569] SELECT pre_cod_asig1,pre_cod_asig2,pre_cod_asig3,pre_cod_asig4,pre_cod_asig5,pre_cod_asig6,pre_cod_asig7 FROM tblaca009 WHERE pensum='5' AND c_uni_ca='4' AND c_asigna='333585' [1][0] OK
C:[15/05/2013 20:32:55.54][186.89.184.241][1582] SELECT c_asigna FROM dace004 WHERE exp_e='08-18943596' AND c_asigna='333440' AND status IN ('0','3','B') [1][0] OK
C:[15/05/2013 20:32:55.54][186.89.184.241][1582] SELECT c_asigna FROM dace004 WHERE exp_e='08-18943596' AND c_asigna='333441' AND status IN ('0','3','B') [1][0] OK
C:[15/05/2013 20:32:55.54][186.89.184.241][1582] SELECT c_asigna FROM dace004 WHERE exp_e='08-18943596' AND c_asigna='300209' AND status IN ('0','3','B') [1][0] OK
C:[15/05/2013 20:32:55.54][186.89.184.241][1569] SELECT pre_cod_asig1,pre_cod_asig2,pre_cod_asig3,pre_cod_asig4,pre_cod_asig5,pre_cod_asig6,pre_cod_asig7 FROM tblaca009 WHERE pensum='5' AND c_uni_ca='4' AND c_asigna='333683' [1][0] OK
C:[15/05/2013 20:32:55.54][186.89.184.241][1582] SELECT c_asigna FROM dace004 WHERE exp_e='08-18943596' AND c_asigna='333564' AND status IN ('0','3','B') [1][0] OK
C:[15/05/2013 20:32:56.78][186.89.184.241][1613] SELECT par_cod_asig1,par_cod_asig2,par_cod_asig3 FROM tblaca009 WHERE pensum='5' AND c_uni_ca='4' AND c_asigna='330435' [1][0] OK
C:[15/05/2013 20:32:56.78][186.89.184.241][1613] SELECT par_cod_asig1,par_cod_asig2,par_cod_asig3 FROM tblaca009 WHERE pensum='5' AND c_uni_ca='4' AND c_asigna='311561' [1][0] OK
C:[15/05/2013 20:32:56.78][186.89.184.241][1613] SELECT par_cod_asig1,par_cod_asig2,par_cod_asig3 FROM tblaca009 WHERE pensum='5' AND c_uni_ca='4' AND c_asigna='333585' [1][0] OK
C:[15/05/2013 20:32:56.78][186.89.184.241][1613] SELECT par_cod_asig1,par_cod_asig2,par_cod_asig3 FROM tblaca009 WHERE pensum='5' AND c_uni_ca='4' AND c_asigna='333683' [1][0] OK
C:[15/05/2013 23:17:57.74][190.204.222.251][1569] SELECT pre_cod_asig1,pre_cod_asig2,pre_cod_asig3,pre_cod_asig4,pre_cod_asig5,pre_cod_asig6,pre_cod_asig7 FROM tblaca009 WHERE pensum='5' AND c_uni_ca='5' AND c_asigna='300218' [1][0] OK
C:[15/05/2013 23:17:57.74][190.204.222.251][1582] SELECT c_asigna FROM dace004 WHERE exp_e='12-21248862' AND c_asigna='300101' AND status IN ('0','3','B') [0][0] OK
C:[15/05/2013 23:17:57.74][190.204.222.251][1569] SELECT pre_cod_asig1,pre_cod_asig2,pre_cod_asig3,pre_cod_asig4,pre_cod_asig5,pre_cod_asig6,pre_cod_asig7 FROM tblaca009 WHERE pensum='5' AND c_uni_ca='5' AND c_asigna='300314' [1][0] OK
C:[15/05/2013 23:17:57.74][190.204.222.251][1582] SELECT c_asigna FROM dace004 WHERE exp_e='12-21248862' AND c_asigna='300106' AND status IN ('0','3','B') [1][0] OK
C:[15/05/2013 23:17:57.74][190.204.222.251][1569] SELECT pre_cod_asig1,pre_cod_asig2,pre_cod_asig3,pre_cod_asig4,pre_cod_asig5,pre_cod_asig6,pre_cod_asig7 FROM tblaca009 WHERE pensum='5' AND c_uni_ca='5' AND c_asigna='300101' [1][0] OK
C:[15/05/2013 23:17:57.74][190.204.222.251][1569] SELECT pre_cod_asig1,pre_cod_asig2,pre_cod_asig3,pre_cod_asig4,pre_cod_asig5,pre_cod_asig6,pre_cod_asig7 FROM tblaca009 WHERE pensum='5' AND c_uni_ca='5' AND c_asigna='300105' [1][0] OK
C:[15/05/2013 23:17:57.74][190.204.222.251][1569] SELECT pre_cod_asig1,pre_cod_asig2,pre_cod_asig3,pre_cod_asig4,pre_cod_asig5,pre_cod_asig6,pre_cod_asig7 FROM tblaca009 WHERE pensum='5' AND c_uni_ca='5' AND c_asigna='300226' [1][0] OK
C:[15/05/2013 23:17:57.74][190.204.222.251][1582] SELECT c_asigna FROM dace004 WHERE exp_e='12-21248862' AND c_asigna='300116' AND status IN ('0','3','B') [1][0] OK
C:[15/05/2013 23:17:57.74][190.204.222.251][1613] SELECT par_cod_asig1,par_cod_asig2,par_cod_asig3 FROM tblaca009 WHERE pensum='5' AND c_uni_ca='5' AND c_asigna='300218' [1][0] OK
C:[15/05/2013 23:17:57.74][190.204.222.251][1627] SELECT c_asigna FROM dace004 WHERE exp_e='12-21248862' AND c_asigna='300228' AND status IN ('0','3','B','C') [0][0] OK
C:[15/05/2013 23:17:57.74][190.204.222.251][1613] SELECT par_cod_asig1,par_cod_asig2,par_cod_asig3 FROM tblaca009 WHERE pensum='5' AND c_uni_ca='5' AND c_asigna='300314' [1][0] OK
C:[15/05/2013 23:17:57.74][190.204.222.251][1613] SELECT par_cod_asig1,par_cod_asig2,par_cod_asig3 FROM tblaca009 WHERE pensum='5' AND c_uni_ca='5' AND c_asigna='300101' [1][0] OK
C:[15/05/2013 23:17:57.74][190.204.222.251][1613] SELECT par_cod_asig1,par_cod_asig2,par_cod_asig3 FROM tblaca009 WHERE pensum='5' AND c_uni_ca='5' AND c_asigna='300105' [1][0] OK
C:[15/05/2013 23:17:57.74][190.204.222.251][1613] SELECT par_cod_asig1,par_cod_asig2,par_cod_asig3 FROM tblaca009 WHERE pensum='5' AND c_uni_ca='5' AND c_asigna='300226' [1][0] OK
C:[16/05/2013 09:02:33.05][172.16.8.133][1569] SELECT pre_cod_asig1,pre_cod_asig2,pre_cod_asig3,pre_cod_asig4,pre_cod_asig5,pre_cod_asig6,pre_cod_asig7 FROM tblaca009 WHERE pensum='5' AND c_uni_ca='4' AND c_asigna='300101' [1][0] OK
C:[16/05/2013 09:02:33.05][172.16.8.133][1569] SELECT pre_cod_asig1,pre_cod_asig2,pre_cod_asig3,pre_cod_asig4,pre_cod_asig5,pre_cod_asig6,pre_cod_asig7 FROM tblaca009 WHERE pensum='5' AND c_uni_ca='4' AND c_asigna='300105' [1][0] OK
C:[16/05/2013 09:02:33.05][172.16.8.133][1569] SELECT pre_cod_asig1,pre_cod_asig2,pre_cod_asig3,pre_cod_asig4,pre_cod_asig5,pre_cod_asig6,pre_cod_asig7 FROM tblaca009 WHERE pensum='5' AND c_uni_ca='4' AND c_asigna='300112' [1][0] OK
C:[16/05/2013 09:02:33.67][172.16.8.133][1613] SELECT par_cod_asig1,par_cod_asig2,par_cod_asig3 FROM tblaca009 WHERE pensum='5' AND c_uni_ca='4' AND c_asigna='300101' [1][0] OK
C:[16/05/2013 09:02:33.67][172.16.8.133][1613] SELECT par_cod_asig1,par_cod_asig2,par_cod_asig3 FROM tblaca009 WHERE pensum='5' AND c_uni_ca='4' AND c_asigna='300105' [1][0] OK
C:[16/05/2013 09:02:33.67][172.16.8.133][1613] SELECT par_cod_asig1,par_cod_asig2,par_cod_asig3 FROM tblaca009 WHERE pensum='5' AND c_uni_ca='4' AND c_asigna='300112' [1][0] OK
C:[16/05/2013 09:02:33.04][172.16.8.133][1684] SELECT c_asigna FROM tblaca009 WHERE pensum='5' AND c_uni_ca='4' AND ((par_cod_asig1='300013') OR (par_cod_asig2='300013') OR (par_cod_asig3='300013'))  [1][0] OK
C:[16/05/2013 09:02:33.04][172.16.8.133][1696] SELECT c_asigna FROM dace004 WHERE exp_e='12-25392166' AND c_asigna='300113' AND status IN ('0','3','B') [0][0] OK
C:[16/05/2013 09:02:33.04][172.16.8.133][1684] SELECT c_asigna FROM tblaca009 WHERE pensum='5' AND c_uni_ca='4' AND ((par_cod_asig1='300113') OR (par_cod_asig2='300113') OR (par_cod_asig3='300113'))  [0][0] OK
C:[16/05/2013 09:02:33.04][172.16.8.133][1684] SELECT c_asigna FROM tblaca009 WHERE pensum='5' AND c_uni_ca='4' AND ((par_cod_asig1='300116') OR (par_cod_asig2='300116') OR (par_cod_asig3='300116'))  [0][0] OK
C:[16/05/2013 09:25:00.43][190.201.169.158][1569] SELECT pre_cod_asig1,pre_cod_asig2,pre_cod_asig3,pre_cod_asig4,pre_cod_asig5,pre_cod_asig6,pre_cod_asig7 FROM tblaca009 WHERE pensum='5' AND c_uni_ca='2' AND c_asigna='300112' [1][0] OK
C:[16/05/2013 09:25:01.56][190.201.169.158][1613] SELECT par_cod_asig1,par_cod_asig2,par_cod_asig3 FROM tblaca009 WHERE pensum='5' AND c_uni_ca='2' AND c_asigna='300112' [1][0] OK
C:[16/05/2013 09:25:01.69][190.201.169.158][1684] SELECT c_asigna FROM tblaca009 WHERE pensum='5' AND c_uni_ca='2' AND ((par_cod_asig1='300101') OR (par_cod_asig2='300101') OR (par_cod_asig3='300101'))  [0][0] OK
C:[16/05/2013 09:41:02.20][172.16.8.251][1569] SELECT pre_cod_asig1,pre_cod_asig2,pre_cod_asig3,pre_cod_asig4,pre_cod_asig5,pre_cod_asig6,pre_cod_asig7 FROM tblaca009 WHERE pensum='5' AND c_uni_ca='5' AND c_asigna='300228' [1][0] OK
C:[16/05/2013 09:41:02.20][172.16.8.251][1582] SELECT c_asigna FROM dace004 WHERE exp_e='11-25267985' AND c_asigna='300101' AND status IN ('0','3','B') [1][0] OK
C:[16/05/2013 09:41:02.20][172.16.8.251][1569] SELECT pre_cod_asig1,pre_cod_asig2,pre_cod_asig3,pre_cod_asig4,pre_cod_asig5,pre_cod_asig6,pre_cod_asig7 FROM tblaca009 WHERE pensum='5' AND c_uni_ca='5' AND c_asigna='300317' [1][0] OK
C:[16/05/2013 09:41:02.20][172.16.8.251][1582] SELECT c_asigna FROM dace004 WHERE exp_e='11-25267985' AND c_asigna='300207' AND status IN ('0','3','B') [1][0] OK
C:[16/05/2013 09:41:02.20][172.16.8.251][1582] SELECT c_asigna FROM dace004 WHERE exp_e='11-25267985' AND c_asigna='300209' AND status IN ('0','3','B') [1][0] OK
C:[16/05/2013 09:41:02.20][172.16.8.251][1569] SELECT pre_cod_asig1,pre_cod_asig2,pre_cod_asig3,pre_cod_asig4,pre_cod_asig5,pre_cod_asig6,pre_cod_asig7 FROM tblaca009 WHERE pensum='5' AND c_uni_ca='5' AND c_asigna='300213' [1][0] OK
C:[16/05/2013 09:41:02.20][172.16.8.251][1582] SELECT c_asigna FROM dace004 WHERE exp_e='11-25267985' AND c_asigna='300101' AND status IN ('0','3','B') [1][0] OK
C:[16/05/2013 09:41:02.20][172.16.8.251][1569] SELECT pre_cod_asig1,pre_cod_asig2,pre_cod_asig3,pre_cod_asig4,pre_cod_asig5,pre_cod_asig6,pre_cod_asig7 FROM tblaca009 WHERE pensum='5' AND c_uni_ca='5' AND c_asigna='300222' [1][0] OK
C:[16/05/2013 09:41:02.20][172.16.8.251][1582] SELECT c_asigna FROM dace004 WHERE exp_e='11-25267985' AND c_asigna='300112' AND status IN ('0','3','B') [1][0] OK
C:[16/05/2013 09:41:02.32][172.16.8.251][1613] SELECT par_cod_asig1,par_cod_asig2,par_cod_asig3 FROM tblaca009 WHERE pensum='5' AND c_uni_ca='5' AND c_asigna='300228' [1][0] OK
C:[16/05/2013 09:41:02.32][172.16.8.251][1613] SELECT par_cod_asig1,par_cod_asig2,par_cod_asig3 FROM tblaca009 WHERE pensum='5' AND c_uni_ca='5' AND c_asigna='300317' [1][0] OK
C:[16/05/2013 09:41:02.32][172.16.8.251][1613] SELECT par_cod_asig1,par_cod_asig2,par_cod_asig3 FROM tblaca009 WHERE pensum='5' AND c_uni_ca='5' AND c_asigna='300213' [1][0] OK
C:[16/05/2013 09:41:02.32][172.16.8.251][1627] SELECT c_asigna FROM dace004 WHERE exp_e='11-25267985' AND c_asigna='300209' AND status IN ('0','3','B','C') [1][0] OK
C:[16/05/2013 09:41:02.32][172.16.8.251][1613] SELECT par_cod_asig1,par_cod_asig2,par_cod_asig3 FROM tblaca009 WHERE pensum='5' AND c_uni_ca='5' AND c_asigna='300222' [1][0] OK
C:[16/05/2013 09:58:29.10][200.109.203.135][1569] SELECT pre_cod_asig1,pre_cod_asig2,pre_cod_asig3,pre_cod_asig4,pre_cod_asig5,pre_cod_asig6,pre_cod_asig7 FROM tblaca009 WHERE pensum='5' AND c_uni_ca='4' AND c_asigna='300113' [1][0] OK
C:[16/05/2013 09:58:29.23][200.109.203.135][1613] SELECT par_cod_asig1,par_cod_asig2,par_cod_asig3 FROM tblaca009 WHERE pensum='5' AND c_uni_ca='4' AND c_asigna='300113' [1][0] OK
C:[16/05/2013 09:58:29.23][200.109.203.135][1627] SELECT c_asigna FROM dace004 WHERE exp_e='10-23503568' AND c_asigna='300013' AND status IN ('0','3','B','C') [1][0] OK
C:[16/05/2013 09:58:29.48][200.109.203.135][1684] SELECT c_asigna FROM tblaca009 WHERE pensum='5' AND c_uni_ca='4' AND ((par_cod_asig1='300101') OR (par_cod_asig2='300101') OR (par_cod_asig3='300101'))  [0][0] OK
C:[16/05/2013 11:36:55.94][190.38.115.146][1569] SELECT pre_cod_asig1,pre_cod_asig2,pre_cod_asig3,pre_cod_asig4,pre_cod_asig5,pre_cod_asig6,pre_cod_asig7 FROM tblaca009 WHERE pensum='5' AND c_uni_ca='2' AND c_asigna='300207' [1][0] OK
C:[16/05/2013 11:36:55.94][190.38.115.146][1582] SELECT c_asigna FROM dace004 WHERE exp_e='07-19622300' AND c_asigna='300101' AND status IN ('0','3','B') [1][0] OK
C:[16/05/2013 11:36:55.94][190.38.115.146][1569] SELECT pre_cod_asig1,pre_cod_asig2,pre_cod_asig3,pre_cod_asig4,pre_cod_asig5,pre_cod_asig6,pre_cod_asig7 FROM tblaca009 WHERE pensum='5' AND c_uni_ca='2' AND c_asigna='300116' [1][0] OK
C:[16/05/2013 11:36:55.32][190.38.115.146][1613] SELECT par_cod_asig1,par_cod_asig2,par_cod_asig3 FROM tblaca009 WHERE pensum='5' AND c_uni_ca='2' AND c_asigna='300207' [1][0] OK
C:[16/05/2013 11:36:55.32][190.38.115.146][1613] SELECT par_cod_asig1,par_cod_asig2,par_cod_asig3 FROM tblaca009 WHERE pensum='5' AND c_uni_ca='2' AND c_asigna='300116' [1][0] OK
C:[17/05/2013 08:43:23.87][190.204.206.91][1569] SELECT pre_cod_asig1,pre_cod_asig2,pre_cod_asig3,pre_cod_asig4,pre_cod_asig5,pre_cod_asig6,pre_cod_asig7 FROM tblaca009 WHERE pensum='5' AND c_uni_ca='5' AND c_asigna='355835' [1][0] OK
C:[17/05/2013 08:43:23.87][190.204.206.91][1582] SELECT c_asigna FROM dace004 WHERE exp_e='94-12360569' AND c_asigna='355691' AND status IN ('0','3','B') [1][0] OK
C:[17/05/2013 08:43:23.87][190.204.206.91][1569] SELECT pre_cod_asig1,pre_cod_asig2,pre_cod_asig3,pre_cod_asig4,pre_cod_asig5,pre_cod_asig6,pre_cod_asig7 FROM tblaca009 WHERE pensum='5' AND c_uni_ca='5' AND c_asigna='355951' [1][0] OK
C:[17/05/2013 08:43:23.87][190.204.206.91][1582] SELECT c_asigna FROM dace004 WHERE exp_e='94-12360569' AND c_asigna='355691' AND status IN ('0','3','B') [1][0] OK
C:[17/05/2013 08:43:23.87][190.204.206.91][1569] SELECT pre_cod_asig1,pre_cod_asig2,pre_cod_asig3,pre_cod_asig4,pre_cod_asig5,pre_cod_asig6,pre_cod_asig7 FROM tblaca009 WHERE pensum='5' AND c_uni_ca='5' AND c_asigna='355832' [1][0] OK
C:[17/05/2013 08:43:23.87][190.204.206.91][1582] SELECT c_asigna FROM dace004 WHERE exp_e='94-12360569' AND c_asigna='355694' AND status IN ('0','3','B') [1][0] OK
C:[17/05/2013 08:43:23.87][190.204.206.91][1569] SELECT pre_cod_asig1,pre_cod_asig2,pre_cod_asig3,pre_cod_asig4,pre_cod_asig5,pre_cod_asig6,pre_cod_asig7 FROM tblaca009 WHERE pensum='5' AND c_uni_ca='5' AND c_asigna='355692' [1][0] OK
C:[17/05/2013 08:43:23.87][190.204.206.91][1582] SELECT c_asigna FROM dace004 WHERE exp_e='94-12360569' AND c_asigna='355448' AND status IN ('0','3','B') [1][0] OK
C:[17/05/2013 08:43:23.87][190.204.206.91][1582] SELECT c_asigna FROM dace004 WHERE exp_e='94-12360569' AND c_asigna='355570' AND status IN ('0','3','B') [2][0] OK
C:[17/05/2013 08:43:24.00][190.204.206.91][1613] SELECT par_cod_asig1,par_cod_asig2,par_cod_asig3 FROM tblaca009 WHERE pensum='5' AND c_uni_ca='5' AND c_asigna='355835' [1][0] OK
C:[17/05/2013 08:43:24.00][190.204.206.91][1613] SELECT par_cod_asig1,par_cod_asig2,par_cod_asig3 FROM tblaca009 WHERE pensum='5' AND c_uni_ca='5' AND c_asigna='355951' [1][0] OK
C:[17/05/2013 08:43:24.00][190.204.206.91][1613] SELECT par_cod_asig1,par_cod_asig2,par_cod_asig3 FROM tblaca009 WHERE pensum='5' AND c_uni_ca='5' AND c_asigna='355832' [1][0] OK
C:[17/05/2013 08:43:24.00][190.204.206.91][1613] SELECT par_cod_asig1,par_cod_asig2,par_cod_asig3 FROM tblaca009 WHERE pensum='5' AND c_uni_ca='5' AND c_asigna='355692' [1][0] OK
C:[17/05/2013 08:43:24.50][190.204.206.91][1684] SELECT c_asigna FROM tblaca009 WHERE pensum='5' AND c_uni_ca='5' AND ((par_cod_asig1='355722') OR (par_cod_asig2='355722') OR (par_cod_asig3='355722'))  [0][0] OK
C:[17/05/2013 09:23:40.92][172.16.8.247][1569] SELECT pre_cod_asig1,pre_cod_asig2,pre_cod_asig3,pre_cod_asig4,pre_cod_asig5,pre_cod_asig6,pre_cod_asig7 FROM tblaca009 WHERE pensum='5' AND c_uni_ca='2' AND c_asigna='300213' [1][0] OK
C:[17/05/2013 09:23:40.92][172.16.8.247][1582] SELECT c_asigna FROM dace004 WHERE exp_e='09-22833462' AND c_asigna='300101' AND status IN ('0','3','B') [1][0] OK
C:[17/05/2013 09:23:40.92][172.16.8.247][1569] SELECT pre_cod_asig1,pre_cod_asig2,pre_cod_asig3,pre_cod_asig4,pre_cod_asig5,pre_cod_asig6,pre_cod_asig7 FROM tblaca009 WHERE pensum='5' AND c_uni_ca='2' AND c_asigna='300113' [1][0] OK
C:[17/05/2013 09:23:40.92][172.16.8.247][1569] SELECT pre_cod_asig1,pre_cod_asig2,pre_cod_asig3,pre_cod_asig4,pre_cod_asig5,pre_cod_asig6,pre_cod_asig7 FROM tblaca009 WHERE pensum='5' AND c_uni_ca='2' AND c_asigna='300013' [1][0] OK
C:[17/05/2013 09:23:40.92][172.16.8.247][1569] SELECT pre_cod_asig1,pre_cod_asig2,pre_cod_asig3,pre_cod_asig4,pre_cod_asig5,pre_cod_asig6,pre_cod_asig7 FROM tblaca009 WHERE pensum='5' AND c_uni_ca='2' AND c_asigna='300207' [1][0] OK
C:[17/05/2013 09:23:40.92][172.16.8.247][1582] SELECT c_asigna FROM dace004 WHERE exp_e='09-22833462' AND c_asigna='300101' AND status IN ('0','3','B') [1][0] OK
C:[17/05/2013 09:23:40.92][172.16.8.247][1569] SELECT pre_cod_asig1,pre_cod_asig2,pre_cod_asig3,pre_cod_asig4,pre_cod_asig5,pre_cod_asig6,pre_cod_asig7 FROM tblaca009 WHERE pensum='5' AND c_uni_ca='2' AND c_asigna='300209' [1][0] OK
C:[17/05/2013 09:23:40.92][172.16.8.247][1582] SELECT c_asigna FROM dace004 WHERE exp_e='09-22833462' AND c_asigna='300101' AND status IN ('0','3','B') [1][0] OK
C:[17/05/2013 09:23:40.92][172.16.8.247][1569] SELECT pre_cod_asig1,pre_cod_asig2,pre_cod_asig3,pre_cod_asig4,pre_cod_asig5,pre_cod_asig6,pre_cod_asig7 FROM tblaca009 WHERE pensum='5' AND c_uni_ca='2' AND c_asigna='300226' [1][0] OK
C:[17/05/2013 09:23:40.92][172.16.8.247][1582] SELECT c_asigna FROM dace004 WHERE exp_e='09-22833462' AND c_asigna='300116' AND status IN ('0','3','B') [1][0] OK
C:[17/05/2013 09:23:40.17][172.16.8.247][1613] SELECT par_cod_asig1,par_cod_asig2,par_cod_asig3 FROM tblaca009 WHERE pensum='5' AND c_uni_ca='2' AND c_asigna='300213' [1][0] OK
C:[17/05/2013 09:23:40.17][172.16.8.247][1627] SELECT c_asigna FROM dace004 WHERE exp_e='09-22833462' AND c_asigna='300209' AND status IN ('0','3','B','C') [0][0] OK
C:[17/05/2013 09:23:40.17][172.16.8.247][1613] SELECT par_cod_asig1,par_cod_asig2,par_cod_asig3 FROM tblaca009 WHERE pensum='5' AND c_uni_ca='2' AND c_asigna='300113' [1][0] OK
C:[17/05/2013 09:23:40.17][172.16.8.247][1627] SELECT c_asigna FROM dace004 WHERE exp_e='09-22833462' AND c_asigna='300013' AND status IN ('0','3','B','C') [0][0] OK
C:[17/05/2013 09:23:40.17][172.16.8.247][1613] SELECT par_cod_asig1,par_cod_asig2,par_cod_asig3 FROM tblaca009 WHERE pensum='5' AND c_uni_ca='2' AND c_asigna='300013' [1][0] OK
C:[17/05/2013 09:23:40.17][172.16.8.247][1613] SELECT par_cod_asig1,par_cod_asig2,par_cod_asig3 FROM tblaca009 WHERE pensum='5' AND c_uni_ca='2' AND c_asigna='300207' [1][0] OK
C:[17/05/2013 09:23:40.17][172.16.8.247][1613] SELECT par_cod_asig1,par_cod_asig2,par_cod_asig3 FROM tblaca009 WHERE pensum='5' AND c_uni_ca='2' AND c_asigna='300209' [1][0] OK
C:[17/05/2013 09:23:40.17][172.16.8.247][1613] SELECT par_cod_asig1,par_cod_asig2,par_cod_asig3 FROM tblaca009 WHERE pensum='5' AND c_uni_ca='2' AND c_asigna='300226' [1][0] OK
C:[17/05/2013 11:24:04.91][186.90.54.101][1569] SELECT pre_cod_asig1,pre_cod_asig2,pre_cod_asig3,pre_cod_asig4,pre_cod_asig5,pre_cod_asig6,pre_cod_asig7 FROM tblaca009 WHERE pensum='5' AND c_uni_ca='2' AND c_asigna='300213' [1][0] OK
C:[17/05/2013 11:24:04.91][186.90.54.101][1582] SELECT c_asigna FROM dace004 WHERE exp_e='08-19909920' AND c_asigna='300101' AND status IN ('0','3','B') [1][0] OK
C:[17/05/2013 11:24:04.91][186.90.54.101][1569] SELECT pre_cod_asig1,pre_cod_asig2,pre_cod_asig3,pre_cod_asig4,pre_cod_asig5,pre_cod_asig6,pre_cod_asig7 FROM tblaca009 WHERE pensum='5' AND c_uni_ca='2' AND c_asigna='311561' [1][0] OK
C:[17/05/2013 11:24:04.91][186.90.54.101][1582] SELECT c_asigna FROM dace004 WHERE exp_e='08-19909920' AND c_asigna='300318' AND status IN ('0','3','B') [1][0] OK
C:[17/05/2013 11:24:04.41][186.90.54.101][1613] SELECT par_cod_asig1,par_cod_asig2,par_cod_asig3 FROM tblaca009 WHERE pensum='5' AND c_uni_ca='2' AND c_asigna='300213' [1][0] OK
C:[17/05/2013 11:24:04.41][186.90.54.101][1627] SELECT c_asigna FROM dace004 WHERE exp_e='08-19909920' AND c_asigna='300209' AND status IN ('0','3','B','C') [1][0] OK
C:[17/05/2013 11:24:04.41][186.90.54.101][1613] SELECT par_cod_asig1,par_cod_asig2,par_cod_asig3 FROM tblaca009 WHERE pensum='5' AND c_uni_ca='2' AND c_asigna='311561' [1][0] OK
C:[17/05/2013 13:59:49.74][190.201.9.31][1569] SELECT pre_cod_asig1,pre_cod_asig2,pre_cod_asig3,pre_cod_asig4,pre_cod_asig5,pre_cod_asig6,pre_cod_asig7 FROM tblaca009 WHERE pensum='5' AND c_uni_ca='3' AND c_asigna='300013' [1][0] OK
C:[17/05/2013 13:59:49.74][190.201.9.31][1569] SELECT pre_cod_asig1,pre_cod_asig2,pre_cod_asig3,pre_cod_asig4,pre_cod_asig5,pre_cod_asig6,pre_cod_asig7 FROM tblaca009 WHERE pensum='5' AND c_uni_ca='3' AND c_asigna='300101' [1][0] OK
C:[17/05/2013 13:59:49.74][190.201.9.31][1569] SELECT pre_cod_asig1,pre_cod_asig2,pre_cod_asig3,pre_cod_asig4,pre_cod_asig5,pre_cod_asig6,pre_cod_asig7 FROM tblaca009 WHERE pensum='5' AND c_uni_ca='3' AND c_asigna='300116' [1][0] OK
C:[17/05/2013 13:59:49.50][190.201.9.31][1613] SELECT par_cod_asig1,par_cod_asig2,par_cod_asig3 FROM tblaca009 WHERE pensum='5' AND c_uni_ca='3' AND c_asigna='300013' [1][0] OK
C:[17/05/2013 13:59:49.50][190.201.9.31][1613] SELECT par_cod_asig1,par_cod_asig2,par_cod_asig3 FROM tblaca009 WHERE pensum='5' AND c_uni_ca='3' AND c_asigna='300101' [1][0] OK
C:[17/05/2013 13:59:49.50][190.201.9.31][1613] SELECT par_cod_asig1,par_cod_asig2,par_cod_asig3 FROM tblaca009 WHERE pensum='5' AND c_uni_ca='3' AND c_asigna='300116' [1][0] OK
C:[17/05/2013 13:59:49.86][190.201.9.31][1684] SELECT c_asigna FROM tblaca009 WHERE pensum='5' AND c_uni_ca='3' AND ((par_cod_asig1='300112') OR (par_cod_asig2='300112') OR (par_cod_asig3='300112'))  [0][0] OK
C:[17/05/2013 14:01:32.49][190.201.9.31][1569] SELECT pre_cod_asig1,pre_cod_asig2,pre_cod_asig3,pre_cod_asig4,pre_cod_asig5,pre_cod_asig6,pre_cod_asig7 FROM tblaca009 WHERE pensum='5' AND c_uni_ca='6' AND c_asigna='300314' [1][0] OK
C:[17/05/2013 14:01:32.49][190.201.9.31][1582] SELECT c_asigna FROM dace004 WHERE exp_e='12-25744849' AND c_asigna='300106' AND status IN ('0','3','B') [1][0] OK
C:[17/05/2013 14:01:32.49][190.201.9.31][1569] SELECT pre_cod_asig1,pre_cod_asig2,pre_cod_asig3,pre_cod_asig4,pre_cod_asig5,pre_cod_asig6,pre_cod_asig7 FROM tblaca009 WHERE pensum='5' AND c_uni_ca='6' AND c_asigna='340327' [1][0] OK
C:[17/05/2013 14:01:32.49][190.201.9.31][1582] SELECT c_asigna FROM dace004 WHERE exp_e='12-25744849' AND c_asigna='300013' AND status IN ('0','3','B') [1][0] OK
C:[17/05/2013 14:01:32.49][190.201.9.31][1582] SELECT c_asigna FROM dace004 WHERE exp_e='12-25744849' AND c_asigna='300113' AND status IN ('0','3','B') [1][0] OK
C:[17/05/2013 14:01:32.49][190.201.9.31][1569] SELECT pre_cod_asig1,pre_cod_asig2,pre_cod_asig3,pre_cod_asig4,pre_cod_asig5,pre_cod_asig6,pre_cod_asig7 FROM tblaca009 WHERE pensum='5' AND c_uni_ca='6' AND c_asigna='300101' [1][0] OK
C:[17/05/2013 14:01:32.49][190.201.9.31][1569] SELECT pre_cod_asig1,pre_cod_asig2,pre_cod_asig3,pre_cod_asig4,pre_cod_asig5,pre_cod_asig6,pre_cod_asig7 FROM tblaca009 WHERE pensum='5' AND c_uni_ca='6' AND c_asigna='300116' [1][0] OK
C:[17/05/2013 14:01:32.49][190.201.9.31][1569] SELECT pre_cod_asig1,pre_cod_asig2,pre_cod_asig3,pre_cod_asig4,pre_cod_asig5,pre_cod_asig6,pre_cod_asig7 FROM tblaca009 WHERE pensum='5' AND c_uni_ca='6' AND c_asigna='300222' [1][0] OK
C:[17/05/2013 14:01:32.49][190.201.9.31][1582] SELECT c_asigna FROM dace004 WHERE exp_e='12-25744849' AND c_asigna='300112' AND status IN ('0','3','B') [1][0] OK
C:[17/05/2013 14:01:32.61][190.201.9.31][1613] SELECT par_cod_asig1,par_cod_asig2,par_cod_asig3 FROM tblaca009 WHERE pensum='5' AND c_uni_ca='6' AND c_asigna='300314' [1][0] OK
C:[17/05/2013 14:01:32.61][190.201.9.31][1613] SELECT par_cod_asig1,par_cod_asig2,par_cod_asig3 FROM tblaca009 WHERE pensum='5' AND c_uni_ca='6' AND c_asigna='340327' [1][0] OK
C:[17/05/2013 14:01:32.61][190.201.9.31][1613] SELECT par_cod_asig1,par_cod_asig2,par_cod_asig3 FROM tblaca009 WHERE pensum='5' AND c_uni_ca='6' AND c_asigna='300101' [1][0] OK
C:[17/05/2013 14:01:32.61][190.201.9.31][1613] SELECT par_cod_asig1,par_cod_asig2,par_cod_asig3 FROM tblaca009 WHERE pensum='5' AND c_uni_ca='6' AND c_asigna='300116' [1][0] OK
C:[17/05/2013 14:01:32.61][190.201.9.31][1613] SELECT par_cod_asig1,par_cod_asig2,par_cod_asig3 FROM tblaca009 WHERE pensum='5' AND c_uni_ca='6' AND c_asigna='300222' [1][0] OK
C:[17/05/2013 15:01:02.41][190.201.9.31][1569] SELECT pre_cod_asig1,pre_cod_asig2,pre_cod_asig3,pre_cod_asig4,pre_cod_asig5,pre_cod_asig6,pre_cod_asig7 FROM tblaca009 WHERE pensum='5' AND c_uni_ca='6' AND c_asigna='300013' [1][0] OK
C:[17/05/2013 15:01:02.41][190.201.9.31][1569] SELECT pre_cod_asig1,pre_cod_asig2,pre_cod_asig3,pre_cod_asig4,pre_cod_asig5,pre_cod_asig6,pre_cod_asig7 FROM tblaca009 WHERE pensum='5' AND c_uni_ca='6' AND c_asigna='300101' [1][0] OK
C:[17/05/2013 15:01:02.41][190.201.9.31][1569] SELECT pre_cod_asig1,pre_cod_asig2,pre_cod_asig3,pre_cod_asig4,pre_cod_asig5,pre_cod_asig6,pre_cod_asig7 FROM tblaca009 WHERE pensum='5' AND c_uni_ca='6' AND c_asigna='300116' [1][0] OK
C:[17/05/2013 15:01:02.04][190.201.9.31][1613] SELECT par_cod_asig1,par_cod_asig2,par_cod_asig3 FROM tblaca009 WHERE pensum='5' AND c_uni_ca='6' AND c_asigna='300013' [1][0] OK
C:[17/05/2013 15:01:02.04][190.201.9.31][1613] SELECT par_cod_asig1,par_cod_asig2,par_cod_asig3 FROM tblaca009 WHERE pensum='5' AND c_uni_ca='6' AND c_asigna='300101' [1][0] OK
C:[17/05/2013 15:01:02.04][190.201.9.31][1613] SELECT par_cod_asig1,par_cod_asig2,par_cod_asig3 FROM tblaca009 WHERE pensum='5' AND c_uni_ca='6' AND c_asigna='300116' [1][0] OK
C:[17/05/2013 15:01:02.41][190.201.9.31][1684] SELECT c_asigna FROM tblaca009 WHERE pensum='5' AND c_uni_ca='6' AND ((par_cod_asig1='300112') OR (par_cod_asig2='300112') OR (par_cod_asig3='300112'))  [0][0] OK
C:[17/05/2013 15:02:39.21][190.201.9.31][1569] SELECT pre_cod_asig1,pre_cod_asig2,pre_cod_asig3,pre_cod_asig4,pre_cod_asig5,pre_cod_asig6,pre_cod_asig7 FROM tblaca009 WHERE pensum='5' AND c_uni_ca='6' AND c_asigna='300112' [1][0] OK
C:[17/05/2013 15:02:39.21][190.201.9.31][1569] SELECT pre_cod_asig1,pre_cod_asig2,pre_cod_asig3,pre_cod_asig4,pre_cod_asig5,pre_cod_asig6,pre_cod_asig7 FROM tblaca009 WHERE pensum='5' AND c_uni_ca='6' AND c_asigna='300013' [1][0] OK
C:[17/05/2013 15:02:39.21][190.201.9.31][1569] SELECT pre_cod_asig1,pre_cod_asig2,pre_cod_asig3,pre_cod_asig4,pre_cod_asig5,pre_cod_asig6,pre_cod_asig7 FROM tblaca009 WHERE pensum='5' AND c_uni_ca='6' AND c_asigna='300101' [1][0] OK
C:[17/05/2013 15:02:39.21][190.201.9.31][1569] SELECT pre_cod_asig1,pre_cod_asig2,pre_cod_asig3,pre_cod_asig4,pre_cod_asig5,pre_cod_asig6,pre_cod_asig7 FROM tblaca009 WHERE pensum='5' AND c_uni_ca='6' AND c_asigna='300116' [1][0] OK
C:[17/05/2013 15:02:39.71][190.201.9.31][1613] SELECT par_cod_asig1,par_cod_asig2,par_cod_asig3 FROM tblaca009 WHERE pensum='5' AND c_uni_ca='6' AND c_asigna='300112' [1][0] OK
C:[17/05/2013 15:02:39.71][190.201.9.31][1613] SELECT par_cod_asig1,par_cod_asig2,par_cod_asig3 FROM tblaca009 WHERE pensum='5' AND c_uni_ca='6' AND c_asigna='300013' [1][0] OK
C:[17/05/2013 15:02:39.71][190.201.9.31][1613] SELECT par_cod_asig1,par_cod_asig2,par_cod_asig3 FROM tblaca009 WHERE pensum='5' AND c_uni_ca='6' AND c_asigna='300101' [1][0] OK
C:[17/05/2013 15:02:39.71][190.201.9.31][1613] SELECT par_cod_asig1,par_cod_asig2,par_cod_asig3 FROM tblaca009 WHERE pensum='5' AND c_uni_ca='6' AND c_asigna='300116' [1][0] OK
C:[17/05/2013 15:19:57.33][200.84.90.67][1569] SELECT pre_cod_asig1,pre_cod_asig2,pre_cod_asig3,pre_cod_asig4,pre_cod_asig5,pre_cod_asig6,pre_cod_asig7 FROM tblaca009 WHERE pensum='5' AND c_uni_ca='4' AND c_asigna='300428' [1][0] OK
C:[17/05/2013 15:19:57.33][200.84.90.67][1582] SELECT c_asigna FROM dace004 WHERE exp_e='09-22588375' AND c_asigna='300317' AND status IN ('0','3','B') [1][0] OK
C:[17/05/2013 15:19:57.33][200.84.90.67][1582] SELECT c_asigna FROM dace004 WHERE exp_e='09-22588375' AND c_asigna='300209' AND status IN ('0','3','B') [1][0] OK
C:[17/05/2013 15:19:57.33][200.84.90.67][1569] SELECT pre_cod_asig1,pre_cod_asig2,pre_cod_asig3,pre_cod_asig4,pre_cod_asig5,pre_cod_asig6,pre_cod_asig7 FROM tblaca009 WHERE pensum='5' AND c_uni_ca='4' AND c_asigna='300318' [1][0] OK
C:[17/05/2013 15:19:57.33][200.84.90.67][1582] SELECT c_asigna FROM dace004 WHERE exp_e='09-22588375' AND c_asigna='300228' AND status IN ('0','3','B') [1][0] OK
C:[17/05/2013 15:19:57.33][200.84.90.67][1582] SELECT c_asigna FROM dace004 WHERE exp_e='09-22588375' AND c_asigna='300207' AND status IN ('0','3','B') [1][0] OK
C:[17/05/2013 15:19:57.33][200.84.90.67][1582] SELECT c_asigna FROM dace004 WHERE exp_e='09-22588375' AND c_asigna='300218' AND status IN ('0','3','B') [1][0] OK
C:[17/05/2013 15:19:57.33][200.84.90.67][1569] SELECT pre_cod_asig1,pre_cod_asig2,pre_cod_asig3,pre_cod_asig4,pre_cod_asig5,pre_cod_asig6,pre_cod_asig7 FROM tblaca009 WHERE pensum='5' AND c_uni_ca='4' AND c_asigna='330310' [1][0] OK
C:[17/05/2013 15:19:57.33][200.84.90.67][1582] SELECT c_asigna FROM dace004 WHERE exp_e='09-22588375' AND c_asigna='300013' AND status IN ('0','3','B') [1][0] OK
C:[17/05/2013 15:19:57.33][200.84.90.67][1582] SELECT c_asigna FROM dace004 WHERE exp_e='09-22588375' AND c_asigna='300113' AND status IN ('0','3','B') [1][0] OK
C:[17/05/2013 15:19:58.57][200.84.90.67][1613] SELECT par_cod_asig1,par_cod_asig2,par_cod_asig3 FROM tblaca009 WHERE pensum='5' AND c_uni_ca='4' AND c_asigna='300428' [1][0] OK
C:[17/05/2013 15:19:58.57][200.84.90.67][1613] SELECT par_cod_asig1,par_cod_asig2,par_cod_asig3 FROM tblaca009 WHERE pensum='5' AND c_uni_ca='4' AND c_asigna='300318' [1][0] OK
C:[17/05/2013 15:19:58.57][200.84.90.67][1613] SELECT par_cod_asig1,par_cod_asig2,par_cod_asig3 FROM tblaca009 WHERE pensum='5' AND c_uni_ca='4' AND c_asigna='330310' [1][0] OK
C:[17/05/2013 15:19:58.52][200.84.90.67][1684] SELECT c_asigna FROM tblaca009 WHERE pensum='5' AND c_uni_ca='4' AND ((par_cod_asig1='300313') OR (par_cod_asig2='300313') OR (par_cod_asig3='300313'))  [0][0] OK
C:[17/05/2013 16:02:49.94][172.16.8.250][1569] SELECT pre_cod_asig1,pre_cod_asig2,pre_cod_asig3,pre_cod_asig4,pre_cod_asig5,pre_cod_asig6,pre_cod_asig7 FROM tblaca009 WHERE pensum='5' AND c_uni_ca='4' AND c_asigna='300113' [1][0] OK
C:[17/05/2013 16:02:49.94][172.16.8.250][1569] SELECT pre_cod_asig1,pre_cod_asig2,pre_cod_asig3,pre_cod_asig4,pre_cod_asig5,pre_cod_asig6,pre_cod_asig7 FROM tblaca009 WHERE pensum='5' AND c_uni_ca='4' AND c_asigna='300013' [1][0] OK
C:[17/05/2013 16:02:49.94][172.16.8.250][1569] SELECT pre_cod_asig1,pre_cod_asig2,pre_cod_asig3,pre_cod_asig4,pre_cod_asig5,pre_cod_asig6,pre_cod_asig7 FROM tblaca009 WHERE pensum='5' AND c_uni_ca='4' AND c_asigna='300101' [1][0] OK
C:[17/05/2013 16:02:49.94][172.16.8.250][1569] SELECT pre_cod_asig1,pre_cod_asig2,pre_cod_asig3,pre_cod_asig4,pre_cod_asig5,pre_cod_asig6,pre_cod_asig7 FROM tblaca009 WHERE pensum='5' AND c_uni_ca='4' AND c_asigna='300106' [1][0] OK
C:[17/05/2013 16:02:50.43][172.16.8.250][1613] SELECT par_cod_asig1,par_cod_asig2,par_cod_asig3 FROM tblaca009 WHERE pensum='5' AND c_uni_ca='4' AND c_asigna='300113' [1][0] OK
C:[17/05/2013 16:02:50.43][172.16.8.250][1627] SELECT c_asigna FROM dace004 WHERE exp_e='13-23733309' AND c_asigna='300013' AND status IN ('0','3','B','C') [0][0] OK
C:[17/05/2013 16:02:50.43][172.16.8.250][1613] SELECT par_cod_asig1,par_cod_asig2,par_cod_asig3 FROM tblaca009 WHERE pensum='5' AND c_uni_ca='4' AND c_asigna='300013' [1][0] OK
C:[17/05/2013 16:02:50.43][172.16.8.250][1613] SELECT par_cod_asig1,par_cod_asig2,par_cod_asig3 FROM tblaca009 WHERE pensum='5' AND c_uni_ca='4' AND c_asigna='300101' [1][0] OK
C:[17/05/2013 16:02:50.43][172.16.8.250][1613] SELECT par_cod_asig1,par_cod_asig2,par_cod_asig3 FROM tblaca009 WHERE pensum='5' AND c_uni_ca='4' AND c_asigna='300106' [1][0] OK
C:[18/05/2013 23:20:03.14][201.243.107.89][1569] SELECT pre_cod_asig1,pre_cod_asig2,pre_cod_asig3,pre_cod_asig4,pre_cod_asig5,pre_cod_asig6,pre_cod_asig7 FROM tblaca009 WHERE pensum='5' AND c_uni_ca='3' AND c_asigna='300213' [1][0] OK
C:[18/05/2013 23:20:03.14][201.243.107.89][1582] SELECT c_asigna FROM dace004 WHERE exp_e='10-22812735' AND c_asigna='300101' AND status IN ('0','3','B') [1][0] OK
C:[18/05/2013 23:20:03.14][201.243.107.89][1569] SELECT pre_cod_asig1,pre_cod_asig2,pre_cod_asig3,pre_cod_asig4,pre_cod_asig5,pre_cod_asig6,pre_cod_asig7 FROM tblaca009 WHERE pensum='5' AND c_uni_ca='3' AND c_asigna='300228' [1][0] OK
C:[18/05/2013 23:20:03.14][201.243.107.89][1582] SELECT c_asigna FROM dace004 WHERE exp_e='10-22812735' AND c_asigna='300101' AND status IN ('0','3','B') [1][0] OK
C:[18/05/2013 23:20:03.76][201.243.107.89][1613] SELECT par_cod_asig1,par_cod_asig2,par_cod_asig3 FROM tblaca009 WHERE pensum='5' AND c_uni_ca='3' AND c_asigna='300213' [1][0] OK
C:[18/05/2013 23:20:03.76][201.243.107.89][1627] SELECT c_asigna FROM dace004 WHERE exp_e='10-22812735' AND c_asigna='300209' AND status IN ('0','3','B','C') [1][0] OK
C:[18/05/2013 23:20:03.76][201.243.107.89][1613] SELECT par_cod_asig1,par_cod_asig2,par_cod_asig3 FROM tblaca009 WHERE pensum='5' AND c_uni_ca='3' AND c_asigna='300228' [1][0] OK
C:[19/05/2013 09:32:53.03][190.121.238.6][1569] SELECT pre_cod_asig1,pre_cod_asig2,pre_cod_asig3,pre_cod_asig4,pre_cod_asig5,pre_cod_asig6,pre_cod_asig7 FROM tblaca009 WHERE pensum='5' AND c_uni_ca='6' AND c_asigna='300013' [1][0] OK
C:[19/05/2013 09:32:53.03][190.121.238.6][1569] SELECT pre_cod_asig1,pre_cod_asig2,pre_cod_asig3,pre_cod_asig4,pre_cod_asig5,pre_cod_asig6,pre_cod_asig7 FROM tblaca009 WHERE pensum='5' AND c_uni_ca='6' AND c_asigna='300105' [1][0] OK
C:[19/05/2013 09:32:53.03][190.121.238.6][1569] SELECT pre_cod_asig1,pre_cod_asig2,pre_cod_asig3,pre_cod_asig4,pre_cod_asig5,pre_cod_asig6,pre_cod_asig7 FROM tblaca009 WHERE pensum='5' AND c_uni_ca='6' AND c_asigna='300112' [1][0] OK
C:[19/05/2013 09:32:53.03][190.121.238.6][1569] SELECT pre_cod_asig1,pre_cod_asig2,pre_cod_asig3,pre_cod_asig4,pre_cod_asig5,pre_cod_asig6,pre_cod_asig7 FROM tblaca009 WHERE pensum='5' AND c_uni_ca='6' AND c_asigna='300116' [1][0] OK
C:[19/05/2013 09:32:53.03][190.121.238.6][1569] SELECT pre_cod_asig1,pre_cod_asig2,pre_cod_asig3,pre_cod_asig4,pre_cod_asig5,pre_cod_asig6,pre_cod_asig7 FROM tblaca009 WHERE pensum='5' AND c_uni_ca='6' AND c_asigna='300106' [1][0] OK
C:[19/05/2013 09:32:53.34][190.121.238.6][1613] SELECT par_cod_asig1,par_cod_asig2,par_cod_asig3 FROM tblaca009 WHERE pensum='5' AND c_uni_ca='6' AND c_asigna='300013' [1][0] OK
C:[19/05/2013 09:32:53.34][190.121.238.6][1613] SELECT par_cod_asig1,par_cod_asig2,par_cod_asig3 FROM tblaca009 WHERE pensum='5' AND c_uni_ca='6' AND c_asigna='300105' [1][0] OK
C:[19/05/2013 09:32:53.34][190.121.238.6][1613] SELECT par_cod_asig1,par_cod_asig2,par_cod_asig3 FROM tblaca009 WHERE pensum='5' AND c_uni_ca='6' AND c_asigna='300112' [1][0] OK
C:[19/05/2013 09:32:53.34][190.121.238.6][1613] SELECT par_cod_asig1,par_cod_asig2,par_cod_asig3 FROM tblaca009 WHERE pensum='5' AND c_uni_ca='6' AND c_asigna='300116' [1][0] OK
C:[19/05/2013 09:32:53.34][190.121.238.6][1613] SELECT par_cod_asig1,par_cod_asig2,par_cod_asig3 FROM tblaca009 WHERE pensum='5' AND c_uni_ca='6' AND c_asigna='300106' [1][0] OK
C:[19/05/2013 09:32:54.97][190.121.238.6][1684] SELECT c_asigna FROM tblaca009 WHERE pensum='5' AND c_uni_ca='6' AND ((par_cod_asig1='300101') OR (par_cod_asig2='300101') OR (par_cod_asig3='300101'))  [0][0] OK
C:[19/05/2013 14:41:14.46][190.204.222.251][1569] SELECT pre_cod_asig1,pre_cod_asig2,pre_cod_asig3,pre_cod_asig4,pre_cod_asig5,pre_cod_asig6,pre_cod_asig7 FROM tblaca009 WHERE pensum='5' AND c_uni_ca='5' AND c_asigna='300314' [1][0] OK
C:[19/05/2013 14:41:14.46][190.204.222.251][1582] SELECT c_asigna FROM dace004 WHERE exp_e='12-21248862' AND c_asigna='300106' AND status IN ('0','3','B') [1][0] OK
C:[19/05/2013 14:41:14.46][190.204.222.251][1569] SELECT pre_cod_asig1,pre_cod_asig2,pre_cod_asig3,pre_cod_asig4,pre_cod_asig5,pre_cod_asig6,pre_cod_asig7 FROM tblaca009 WHERE pensum='5' AND c_uni_ca='5' AND c_asigna='300101' [1][0] OK
C:[19/05/2013 14:41:14.46][190.204.222.251][1569] SELECT pre_cod_asig1,pre_cod_asig2,pre_cod_asig3,pre_cod_asig4,pre_cod_asig5,pre_cod_asig6,pre_cod_asig7 FROM tblaca009 WHERE pensum='5' AND c_uni_ca='5' AND c_asigna='300226' [1][0] OK
C:[19/05/2013 14:41:14.46][190.204.222.251][1582] SELECT c_asigna FROM dace004 WHERE exp_e='12-21248862' AND c_asigna='300116' AND status IN ('0','3','B') [1][0] OK
C:[19/05/2013 14:41:14.09][190.204.222.251][1613] SELECT par_cod_asig1,par_cod_asig2,par_cod_asig3 FROM tblaca009 WHERE pensum='5' AND c_uni_ca='5' AND c_asigna='300314' [1][0] OK
C:[19/05/2013 14:41:14.09][190.204.222.251][1613] SELECT par_cod_asig1,par_cod_asig2,par_cod_asig3 FROM tblaca009 WHERE pensum='5' AND c_uni_ca='5' AND c_asigna='300101' [1][0] OK
C:[19/05/2013 14:41:14.09][190.204.222.251][1613] SELECT par_cod_asig1,par_cod_asig2,par_cod_asig3 FROM tblaca009 WHERE pensum='5' AND c_uni_ca='5' AND c_asigna='300226' [1][0] OK
C:[19/05/2013 14:41:14.46][190.204.222.251][1684] SELECT c_asigna FROM tblaca009 WHERE pensum='5' AND c_uni_ca='5' AND ((par_cod_asig1='300105') OR (par_cod_asig2='300105') OR (par_cod_asig3='300105'))  [0][0] OK
C:[19/05/2013 18:22:02.25][190.74.4.177][1569] SELECT pre_cod_asig1,pre_cod_asig2,pre_cod_asig3,pre_cod_asig4,pre_cod_asig5,pre_cod_asig6,pre_cod_asig7 FROM tblaca009 WHERE pensum='5' AND c_uni_ca='3' AND c_asigna='300209' [1][0] OK
C:[19/05/2013 18:22:02.25][190.74.4.177][1582] SELECT c_asigna FROM dace004 WHERE exp_e='11-21497428' AND c_asigna='300101' AND status IN ('0','3','B') [1][0] OK
C:[19/05/2013 18:22:02.25][190.74.4.177][1569] SELECT pre_cod_asig1,pre_cod_asig2,pre_cod_asig3,pre_cod_asig4,pre_cod_asig5,pre_cod_asig6,pre_cod_asig7 FROM tblaca009 WHERE pensum='5' AND c_uni_ca='3' AND c_asigna='300207' [1][0] OK
C:[19/05/2013 18:22:02.25][190.74.4.177][1582] SELECT c_asigna FROM dace004 WHERE exp_e='11-21497428' AND c_asigna='300101' AND status IN ('0','3','B') [1][0] OK
C:[19/05/2013 18:22:02.25][190.74.4.177][1569] SELECT pre_cod_asig1,pre_cod_asig2,pre_cod_asig3,pre_cod_asig4,pre_cod_asig5,pre_cod_asig6,pre_cod_asig7 FROM tblaca009 WHERE pensum='5' AND c_uni_ca='3' AND c_asigna='300113' [1][0] OK
C:[19/05/2013 18:22:02.25][190.74.4.177][1569] SELECT pre_cod_asig1,pre_cod_asig2,pre_cod_asig3,pre_cod_asig4,pre_cod_asig5,pre_cod_asig6,pre_cod_asig7 FROM tblaca009 WHERE pensum='5' AND c_uni_ca='3' AND c_asigna='300112' [1][0] OK
C:[19/05/2013 18:22:02.01][190.74.4.177][1613] SELECT par_cod_asig1,par_cod_asig2,par_cod_asig3 FROM tblaca009 WHERE pensum='5' AND c_uni_ca='3' AND c_asigna='300209' [1][0] OK
C:[19/05/2013 18:22:02.01][190.74.4.177][1613] SELECT par_cod_asig1,par_cod_asig2,par_cod_asig3 FROM tblaca009 WHERE pensum='5' AND c_uni_ca='3' AND c_asigna='300207' [1][0] OK
C:[19/05/2013 18:22:02.01][190.74.4.177][1613] SELECT par_cod_asig1,par_cod_asig2,par_cod_asig3 FROM tblaca009 WHERE pensum='5' AND c_uni_ca='3' AND c_asigna='300113' [1][0] OK
C:[19/05/2013 18:22:02.01][190.74.4.177][1627] SELECT c_asigna FROM dace004 WHERE exp_e='11-21497428' AND c_asigna='300013' AND status IN ('0','3','B','C') [1][0] OK
C:[19/05/2013 18:22:02.01][190.74.4.177][1613] SELECT par_cod_asig1,par_cod_asig2,par_cod_asig3 FROM tblaca009 WHERE pensum='5' AND c_uni_ca='3' AND c_asigna='300112' [1][0] OK
C:[19/05/2013 22:53:08.30][190.121.238.16][1569] SELECT pre_cod_asig1,pre_cod_asig2,pre_cod_asig3,pre_cod_asig4,pre_cod_asig5,pre_cod_asig6,pre_cod_asig7 FROM tblaca009 WHERE pensum='5' AND c_uni_ca='4' AND c_asigna='333326' [1][0] OK
C:[19/05/2013 22:53:08.30][190.121.238.16][1569] SELECT pre_cod_asig1,pre_cod_asig2,pre_cod_asig3,pre_cod_asig4,pre_cod_asig5,pre_cod_asig6,pre_cod_asig7 FROM tblaca009 WHERE pensum='5' AND c_uni_ca='4' AND c_asigna='300013' [1][0] OK
C:[19/05/2013 22:53:08.30][190.121.238.16][1569] SELECT pre_cod_asig1,pre_cod_asig2,pre_cod_asig3,pre_cod_asig4,pre_cod_asig5,pre_cod_asig6,pre_cod_asig7 FROM tblaca009 WHERE pensum='5' AND c_uni_ca='4' AND c_asigna='300113' [1][0] OK
C:[19/05/2013 22:53:08.30][190.121.238.16][1569] SELECT pre_cod_asig1,pre_cod_asig2,pre_cod_asig3,pre_cod_asig4,pre_cod_asig5,pre_cod_asig6,pre_cod_asig7 FROM tblaca009 WHERE pensum='5' AND c_uni_ca='4' AND c_asigna='300116' [1][0] OK
C:[19/05/2013 22:53:08.30][190.121.238.16][1569] SELECT pre_cod_asig1,pre_cod_asig2,pre_cod_asig3,pre_cod_asig4,pre_cod_asig5,pre_cod_asig6,pre_cod_asig7 FROM tblaca009 WHERE pensum='5' AND c_uni_ca='4' AND c_asigna='300106' [1][0] OK
C:[19/05/2013 22:53:09.93][190.121.238.16][1613] SELECT par_cod_asig1,par_cod_asig2,par_cod_asig3 FROM tblaca009 WHERE pensum='5' AND c_uni_ca='4' AND c_asigna='333326' [1][0] OK
C:[19/05/2013 22:53:09.93][190.121.238.16][1613] SELECT par_cod_asig1,par_cod_asig2,par_cod_asig3 FROM tblaca009 WHERE pensum='5' AND c_uni_ca='4' AND c_asigna='300013' [1][0] OK
C:[19/05/2013 22:53:09.93][190.121.238.16][1613] SELECT par_cod_asig1,par_cod_asig2,par_cod_asig3 FROM tblaca009 WHERE pensum='5' AND c_uni_ca='4' AND c_asigna='300113' [1][0] OK
C:[19/05/2013 22:53:09.93][190.121.238.16][1627] SELECT c_asigna FROM dace004 WHERE exp_e='12-25329412' AND c_asigna='300013' AND status IN ('0','3','B','C') [0][0] OK
C:[19/05/2013 22:53:09.93][190.121.238.16][1613] SELECT par_cod_asig1,par_cod_asig2,par_cod_asig3 FROM tblaca009 WHERE pensum='5' AND c_uni_ca='4' AND c_asigna='300116' [1][0] OK
C:[19/05/2013 22:53:09.93][190.121.238.16][1613] SELECT par_cod_asig1,par_cod_asig2,par_cod_asig3 FROM tblaca009 WHERE pensum='5' AND c_uni_ca='4' AND c_asigna='300106' [1][0] OK
C:[19/05/2013 22:53:09.68][190.121.238.16][1684] SELECT c_asigna FROM tblaca009 WHERE pensum='5' AND c_uni_ca='4' AND ((par_cod_asig1='300101') OR (par_cod_asig2='300101') OR (par_cod_asig3='300101'))  [0][0] OK
C:[19/05/2013 22:53:09.68][190.121.238.16][1684] SELECT c_asigna FROM tblaca009 WHERE pensum='5' AND c_uni_ca='4' AND ((par_cod_asig1='300112') OR (par_cod_asig2='300112') OR (par_cod_asig3='300112'))  [0][0] OK
C:[19/05/2013 23:02:27.66][190.121.238.16][1569] SELECT pre_cod_asig1,pre_cod_asig2,pre_cod_asig3,pre_cod_asig4,pre_cod_asig5,pre_cod_asig6,pre_cod_asig7 FROM tblaca009 WHERE pensum='5' AND c_uni_ca='4' AND c_asigna='300101' [1][0] OK
C:[19/05/2013 23:02:27.66][190.121.238.16][1569] SELECT pre_cod_asig1,pre_cod_asig2,pre_cod_asig3,pre_cod_asig4,pre_cod_asig5,pre_cod_asig6,pre_cod_asig7 FROM tblaca009 WHERE pensum='5' AND c_uni_ca='4' AND c_asigna='300112' [1][0] OK
C:[19/05/2013 23:02:27.66][190.121.238.16][1569] SELECT pre_cod_asig1,pre_cod_asig2,pre_cod_asig3,pre_cod_asig4,pre_cod_asig5,pre_cod_asig6,pre_cod_asig7 FROM tblaca009 WHERE pensum='5' AND c_uni_ca='4' AND c_asigna='333326' [1][0] OK
C:[19/05/2013 23:02:27.66][190.121.238.16][1569] SELECT pre_cod_asig1,pre_cod_asig2,pre_cod_asig3,pre_cod_asig4,pre_cod_asig5,pre_cod_asig6,pre_cod_asig7 FROM tblaca009 WHERE pensum='5' AND c_uni_ca='4' AND c_asigna='300013' [1][0] OK
C:[19/05/2013 23:02:27.66][190.121.238.16][1569] SELECT pre_cod_asig1,pre_cod_asig2,pre_cod_asig3,pre_cod_asig4,pre_cod_asig5,pre_cod_asig6,pre_cod_asig7 FROM tblaca009 WHERE pensum='5' AND c_uni_ca='4' AND c_asigna='300113' [1][0] OK
C:[19/05/2013 23:02:27.66][190.121.238.16][1569] SELECT pre_cod_asig1,pre_cod_asig2,pre_cod_asig3,pre_cod_asig4,pre_cod_asig5,pre_cod_asig6,pre_cod_asig7 FROM tblaca009 WHERE pensum='5' AND c_uni_ca='4' AND c_asigna='300116' [1][0] OK
C:[19/05/2013 23:02:27.66][190.121.238.16][1569] SELECT pre_cod_asig1,pre_cod_asig2,pre_cod_asig3,pre_cod_asig4,pre_cod_asig5,pre_cod_asig6,pre_cod_asig7 FROM tblaca009 WHERE pensum='5' AND c_uni_ca='4' AND c_asigna='300106' [1][0] OK
C:[19/05/2013 23:02:27.53][190.121.238.16][1613] SELECT par_cod_asig1,par_cod_asig2,par_cod_asig3 FROM tblaca009 WHERE pensum='5' AND c_uni_ca='4' AND c_asigna='300101' [1][0] OK
C:[19/05/2013 23:02:27.53][190.121.238.16][1613] SELECT par_cod_asig1,par_cod_asig2,par_cod_asig3 FROM tblaca009 WHERE pensum='5' AND c_uni_ca='4' AND c_asigna='300112' [1][0] OK
C:[19/05/2013 23:02:27.53][190.121.238.16][1613] SELECT par_cod_asig1,par_cod_asig2,par_cod_asig3 FROM tblaca009 WHERE pensum='5' AND c_uni_ca='4' AND c_asigna='333326' [1][0] OK
C:[19/05/2013 23:02:27.53][190.121.238.16][1613] SELECT par_cod_asig1,par_cod_asig2,par_cod_asig3 FROM tblaca009 WHERE pensum='5' AND c_uni_ca='4' AND c_asigna='300013' [1][0] OK
C:[19/05/2013 23:02:27.53][190.121.238.16][1613] SELECT par_cod_asig1,par_cod_asig2,par_cod_asig3 FROM tblaca009 WHERE pensum='5' AND c_uni_ca='4' AND c_asigna='300113' [1][0] OK
C:[19/05/2013 23:02:27.53][190.121.238.16][1627] SELECT c_asigna FROM dace004 WHERE exp_e='12-25329412' AND c_asigna='300013' AND status IN ('0','3','B','C') [0][0] OK
C:[19/05/2013 23:02:27.53][190.121.238.16][1613] SELECT par_cod_asig1,par_cod_asig2,par_cod_asig3 FROM tblaca009 WHERE pensum='5' AND c_uni_ca='4' AND c_asigna='300116' [1][0] OK
C:[19/05/2013 23:02:27.53][190.121.238.16][1613] SELECT par_cod_asig1,par_cod_asig2,par_cod_asig3 FROM tblaca009 WHERE pensum='5' AND c_uni_ca='4' AND c_asigna='300106' [1][0] OK
C:[19/05/2013 23:09:36.98][190.121.238.16][1569] SELECT pre_cod_asig1,pre_cod_asig2,pre_cod_asig3,pre_cod_asig4,pre_cod_asig5,pre_cod_asig6,pre_cod_asig7 FROM tblaca009 WHERE pensum='5' AND c_uni_ca='4' AND c_asigna='333326' [1][0] OK
C:[19/05/2013 23:09:36.98][190.121.238.16][1569] SELECT pre_cod_asig1,pre_cod_asig2,pre_cod_asig3,pre_cod_asig4,pre_cod_asig5,pre_cod_asig6,pre_cod_asig7 FROM tblaca009 WHERE pensum='5' AND c_uni_ca='4' AND c_asigna='300013' [1][0] OK
C:[19/05/2013 23:09:36.98][190.121.238.16][1569] SELECT pre_cod_asig1,pre_cod_asig2,pre_cod_asig3,pre_cod_asig4,pre_cod_asig5,pre_cod_asig6,pre_cod_asig7 FROM tblaca009 WHERE pensum='5' AND c_uni_ca='4' AND c_asigna='300113' [1][0] OK
C:[19/05/2013 23:09:36.98][190.121.238.16][1569] SELECT pre_cod_asig1,pre_cod_asig2,pre_cod_asig3,pre_cod_asig4,pre_cod_asig5,pre_cod_asig6,pre_cod_asig7 FROM tblaca009 WHERE pensum='5' AND c_uni_ca='4' AND c_asigna='300116' [1][0] OK
C:[19/05/2013 23:09:36.98][190.121.238.16][1569] SELECT pre_cod_asig1,pre_cod_asig2,pre_cod_asig3,pre_cod_asig4,pre_cod_asig5,pre_cod_asig6,pre_cod_asig7 FROM tblaca009 WHERE pensum='5' AND c_uni_ca='4' AND c_asigna='300101' [1][0] OK
C:[19/05/2013 23:09:36.98][190.121.238.16][1569] SELECT pre_cod_asig1,pre_cod_asig2,pre_cod_asig3,pre_cod_asig4,pre_cod_asig5,pre_cod_asig6,pre_cod_asig7 FROM tblaca009 WHERE pensum='5' AND c_uni_ca='4' AND c_asigna='300112' [1][0] OK
C:[19/05/2013 23:09:37.73][190.121.238.16][1613] SELECT par_cod_asig1,par_cod_asig2,par_cod_asig3 FROM tblaca009 WHERE pensum='5' AND c_uni_ca='4' AND c_asigna='333326' [1][0] OK
C:[19/05/2013 23:09:37.73][190.121.238.16][1613] SELECT par_cod_asig1,par_cod_asig2,par_cod_asig3 FROM tblaca009 WHERE pensum='5' AND c_uni_ca='4' AND c_asigna='300013' [1][0] OK
C:[19/05/2013 23:09:37.73][190.121.238.16][1613] SELECT par_cod_asig1,par_cod_asig2,par_cod_asig3 FROM tblaca009 WHERE pensum='5' AND c_uni_ca='4' AND c_asigna='300113' [1][0] OK
C:[19/05/2013 23:09:37.73][190.121.238.16][1627] SELECT c_asigna FROM dace004 WHERE exp_e='12-25329412' AND c_asigna='300013' AND status IN ('0','3','B','C') [0][0] OK
C:[19/05/2013 23:09:37.73][190.121.238.16][1613] SELECT par_cod_asig1,par_cod_asig2,par_cod_asig3 FROM tblaca009 WHERE pensum='5' AND c_uni_ca='4' AND c_asigna='300116' [1][0] OK
C:[19/05/2013 23:09:37.73][190.121.238.16][1613] SELECT par_cod_asig1,par_cod_asig2,par_cod_asig3 FROM tblaca009 WHERE pensum='5' AND c_uni_ca='4' AND c_asigna='300101' [1][0] OK
C:[19/05/2013 23:09:37.73][190.121.238.16][1613] SELECT par_cod_asig1,par_cod_asig2,par_cod_asig3 FROM tblaca009 WHERE pensum='5' AND c_uni_ca='4' AND c_asigna='300112' [1][0] OK
C:[20/05/2013 03:53:31.65][190.73.238.160][1569] SELECT pre_cod_asig1,pre_cod_asig2,pre_cod_asig3,pre_cod_asig4,pre_cod_asig5,pre_cod_asig6,pre_cod_asig7 FROM tblaca009 WHERE pensum='5' AND c_uni_ca='6' AND c_asigna='300101' [1][0] OK
C:[20/05/2013 03:53:31.78][190.73.238.160][1613] SELECT par_cod_asig1,par_cod_asig2,par_cod_asig3 FROM tblaca009 WHERE pensum='5' AND c_uni_ca='6' AND c_asigna='300101' [1][0] OK
C:[20/05/2013 03:53:31.91][190.73.238.160][1684] SELECT c_asigna FROM tblaca009 WHERE pensum='5' AND c_uni_ca='6' AND ((par_cod_asig1='300112') OR (par_cod_asig2='300112') OR (par_cod_asig3='300112'))  [0][0] OK
C:[20/05/2013 05:56:57.04][186.90.173.14][1569] SELECT pre_cod_asig1,pre_cod_asig2,pre_cod_asig3,pre_cod_asig4,pre_cod_asig5,pre_cod_asig6,pre_cod_asig7 FROM tblaca009 WHERE pensum='5' AND c_uni_ca='4' AND c_asigna='333326' [1][0] OK
C:[20/05/2013 05:56:57.17][186.90.173.14][1613] SELECT par_cod_asig1,par_cod_asig2,par_cod_asig3 FROM tblaca009 WHERE pensum='5' AND c_uni_ca='4' AND c_asigna='333326' [1][0] OK
C:[20/05/2013 05:56:57.29][186.90.173.14][1684] SELECT c_asigna FROM tblaca009 WHERE pensum='5' AND c_uni_ca='4' AND ((par_cod_asig1='300116') OR (par_cod_asig2='300116') OR (par_cod_asig3='300116'))  [0][0] OK
C:[20/05/2013 15:15:36.52][172.17.129.25][1569] SELECT pre_cod_asig1,pre_cod_asig2,pre_cod_asig3,pre_cod_asig4,pre_cod_asig5,pre_cod_asig6,pre_cod_asig7 FROM tblaca009 WHERE pensum='5' AND c_uni_ca='2' AND c_asigna='300207' [1][0] OK
C:[20/05/2013 15:15:36.52][172.17.129.25][1582] SELECT c_asigna FROM dace004 WHERE exp_e='10-20503874' AND c_asigna='300101' AND status IN ('0','3','B') [1][0] OK
C:[20/05/2013 15:15:36.52][172.17.129.25][1569] SELECT pre_cod_asig1,pre_cod_asig2,pre_cod_asig3,pre_cod_asig4,pre_cod_asig5,pre_cod_asig6,pre_cod_asig7 FROM tblaca009 WHERE pensum='5' AND c_uni_ca='2' AND c_asigna='300209' [1][0] OK
C:[20/05/2013 15:15:36.52][172.17.129.25][1582] SELECT c_asigna FROM dace004 WHERE exp_e='10-20503874' AND c_asigna='300101' AND status IN ('0','3','B') [1][0] OK
C:[20/05/2013 15:15:36.02][172.17.129.25][1613] SELECT par_cod_asig1,par_cod_asig2,par_cod_asig3 FROM tblaca009 WHERE pensum='5' AND c_uni_ca='2' AND c_asigna='300207' [1][0] OK
C:[20/05/2013 15:15:36.02][172.17.129.25][1613] SELECT par_cod_asig1,par_cod_asig2,par_cod_asig3 FROM tblaca009 WHERE pensum='5' AND c_uni_ca='2' AND c_asigna='300209' [1][0] OK
C:[20/05/2013 15:42:37.45][172.16.0.254][1569] SELECT pre_cod_asig1,pre_cod_asig2,pre_cod_asig3,pre_cod_asig4,pre_cod_asig5,pre_cod_asig6,pre_cod_asig7 FROM tblaca009 WHERE pensum='5' AND c_uni_ca='4' AND c_asigna='300112' [1][0] OK
C:[20/05/2013 15:42:37.45][172.16.0.254][1569] SELECT pre_cod_asig1,pre_cod_asig2,pre_cod_asig3,pre_cod_asig4,pre_cod_asig5,pre_cod_asig6,pre_cod_asig7 FROM tblaca009 WHERE pensum='5' AND c_uni_ca='4' AND c_asigna='300207' [1][0] OK
C:[20/05/2013 15:42:37.45][172.16.0.254][1582] SELECT c_asigna FROM dace004 WHERE exp_e='10-20808943' AND c_asigna='300101' AND status IN ('0','3','B') [1][0] OK
C:[20/05/2013 15:42:37.45][172.16.0.254][1569] SELECT pre_cod_asig1,pre_cod_asig2,pre_cod_asig3,pre_cod_asig4,pre_cod_asig5,pre_cod_asig6,pre_cod_asig7 FROM tblaca009 WHERE pensum='5' AND c_uni_ca='4' AND c_asigna='300213' [1][0] OK
C:[20/05/2013 15:42:37.45][172.16.0.254][1582] SELECT c_asigna FROM dace004 WHERE exp_e='10-20808943' AND c_asigna='300101' AND status IN ('0','3','B') [1][0] OK
C:[20/05/2013 15:42:37.64][172.16.0.254][1613] SELECT par_cod_asig1,par_cod_asig2,par_cod_asig3 FROM tblaca009 WHERE pensum='5' AND c_uni_ca='4' AND c_asigna='300112' [1][0] OK
C:[20/05/2013 15:42:37.64][172.16.0.254][1613] SELECT par_cod_asig1,par_cod_asig2,par_cod_asig3 FROM tblaca009 WHERE pensum='5' AND c_uni_ca='4' AND c_asigna='300207' [1][0] OK
C:[20/05/2013 15:42:37.64][172.16.0.254][1613] SELECT par_cod_asig1,par_cod_asig2,par_cod_asig3 FROM tblaca009 WHERE pensum='5' AND c_uni_ca='4' AND c_asigna='300213' [1][0] OK
C:[20/05/2013 15:42:37.64][172.16.0.254][1627] SELECT c_asigna FROM dace004 WHERE exp_e='10-20808943' AND c_asigna='300209' AND status IN ('0','3','B','C') [1][0] OK
C:[20/05/2013 15:43:19.37][172.16.0.254][1569] SELECT pre_cod_asig1,pre_cod_asig2,pre_cod_asig3,pre_cod_asig4,pre_cod_asig5,pre_cod_asig6,pre_cod_asig7 FROM tblaca009 WHERE pensum='5' AND c_uni_ca='4' AND c_asigna='300207' [1][0] OK
C:[20/05/2013 15:43:19.37][172.16.0.254][1582] SELECT c_asigna FROM dace004 WHERE exp_e='10-20808943' AND c_asigna='300101' AND status IN ('0','3','B') [1][0] OK
C:[20/05/2013 15:43:19.37][172.16.0.254][1569] SELECT pre_cod_asig1,pre_cod_asig2,pre_cod_asig3,pre_cod_asig4,pre_cod_asig5,pre_cod_asig6,pre_cod_asig7 FROM tblaca009 WHERE pensum='5' AND c_uni_ca='4' AND c_asigna='300213' [1][0] OK
C:[20/05/2013 15:43:19.37][172.16.0.254][1582] SELECT c_asigna FROM dace004 WHERE exp_e='10-20808943' AND c_asigna='300101' AND status IN ('0','3','B') [1][0] OK
C:[20/05/2013 15:43:19.37][172.16.0.254][1569] SELECT pre_cod_asig1,pre_cod_asig2,pre_cod_asig3,pre_cod_asig4,pre_cod_asig5,pre_cod_asig6,pre_cod_asig7 FROM tblaca009 WHERE pensum='5' AND c_uni_ca='4' AND c_asigna='300112' [1][0] OK
C:[20/05/2013 15:43:19.00][172.16.0.254][1613] SELECT par_cod_asig1,par_cod_asig2,par_cod_asig3 FROM tblaca009 WHERE pensum='5' AND c_uni_ca='4' AND c_asigna='300207' [1][0] OK
C:[20/05/2013 15:43:19.00][172.16.0.254][1613] SELECT par_cod_asig1,par_cod_asig2,par_cod_asig3 FROM tblaca009 WHERE pensum='5' AND c_uni_ca='4' AND c_asigna='300213' [1][0] OK
C:[20/05/2013 15:43:19.00][172.16.0.254][1627] SELECT c_asigna FROM dace004 WHERE exp_e='10-20808943' AND c_asigna='300209' AND status IN ('0','3','B','C') [1][0] OK
C:[20/05/2013 15:43:19.00][172.16.0.254][1613] SELECT par_cod_asig1,par_cod_asig2,par_cod_asig3 FROM tblaca009 WHERE pensum='5' AND c_uni_ca='4' AND c_asigna='300112' [1][0] OK
C:[20/05/2013 15:52:23.43][190.199.81.222][1569] SELECT pre_cod_asig1,pre_cod_asig2,pre_cod_asig3,pre_cod_asig4,pre_cod_asig5,pre_cod_asig6,pre_cod_asig7 FROM tblaca009 WHERE pensum='5' AND c_uni_ca='2' AND c_asigna='300314' [1][0] OK
C:[20/05/2013 15:52:23.43][190.199.81.222][1582] SELECT c_asigna FROM dace004 WHERE exp_e='11-22818919' AND c_asigna='300106' AND status IN ('0','3','B') [1][0] OK
C:[20/05/2013 15:52:23.43][190.199.81.222][1569] SELECT pre_cod_asig1,pre_cod_asig2,pre_cod_asig3,pre_cod_asig4,pre_cod_asig5,pre_cod_asig6,pre_cod_asig7 FROM tblaca009 WHERE pensum='5' AND c_uni_ca='2' AND c_asigna='300207' [1][0] OK
C:[20/05/2013 15:52:23.43][190.199.81.222][1582] SELECT c_asigna FROM dace004 WHERE exp_e='11-22818919' AND c_asigna='300101' AND status IN ('0','3','B') [1][0] OK
C:[20/05/2013 15:52:23.43][190.199.81.222][1569] SELECT pre_cod_asig1,pre_cod_asig2,pre_cod_asig3,pre_cod_asig4,pre_cod_asig5,pre_cod_asig6,pre_cod_asig7 FROM tblaca009 WHERE pensum='5' AND c_uni_ca='2' AND c_asigna='300209' [1][0] OK
C:[20/05/2013 15:52:23.43][190.199.81.222][1582] SELECT c_asigna FROM dace004 WHERE exp_e='11-22818919' AND c_asigna='300101' AND status IN ('0','3','B') [1][0] OK
C:[20/05/2013 15:52:23.43][190.199.81.222][1569] SELECT pre_cod_asig1,pre_cod_asig2,pre_cod_asig3,pre_cod_asig4,pre_cod_asig5,pre_cod_asig6,pre_cod_asig7 FROM tblaca009 WHERE pensum='5' AND c_uni_ca='2' AND c_asigna='300218' [1][0] OK
C:[20/05/2013 15:52:23.43][190.199.81.222][1582] SELECT c_asigna FROM dace004 WHERE exp_e='11-22818919' AND c_asigna='300101' AND status IN ('0','3','B') [1][0] OK
C:[20/05/2013 15:52:23.43][190.199.81.222][1569] SELECT pre_cod_asig1,pre_cod_asig2,pre_cod_asig3,pre_cod_asig4,pre_cod_asig5,pre_cod_asig6,pre_cod_asig7 FROM tblaca009 WHERE pensum='5' AND c_uni_ca='2' AND c_asigna='300228' [1][0] OK
C:[20/05/2013 15:52:23.43][190.199.81.222][1582] SELECT c_asigna FROM dace004 WHERE exp_e='11-22818919' AND c_asigna='300101' AND status IN ('0','3','B') [1][0] OK
C:[20/05/2013 15:52:24.69][190.199.81.222][1613] SELECT par_cod_asig1,par_cod_asig2,par_cod_asig3 FROM tblaca009 WHERE pensum='5' AND c_uni_ca='2' AND c_asigna='300314' [1][0] OK
C:[20/05/2013 15:52:24.69][190.199.81.222][1613] SELECT par_cod_asig1,par_cod_asig2,par_cod_asig3 FROM tblaca009 WHERE pensum='5' AND c_uni_ca='2' AND c_asigna='300207' [1][0] OK
C:[20/05/2013 15:52:24.69][190.199.81.222][1613] SELECT par_cod_asig1,par_cod_asig2,par_cod_asig3 FROM tblaca009 WHERE pensum='5' AND c_uni_ca='2' AND c_asigna='300209' [1][0] OK
C:[20/05/2013 15:52:24.69][190.199.81.222][1613] SELECT par_cod_asig1,par_cod_asig2,par_cod_asig3 FROM tblaca009 WHERE pensum='5' AND c_uni_ca='2' AND c_asigna='300218' [1][0] OK
C:[20/05/2013 15:52:24.69][190.199.81.222][1627] SELECT c_asigna FROM dace004 WHERE exp_e='11-22818919' AND c_asigna='300228' AND status IN ('0','3','B','C') [0][0] OK
C:[20/05/2013 15:52:24.69][190.199.81.222][1613] SELECT par_cod_asig1,par_cod_asig2,par_cod_asig3 FROM tblaca009 WHERE pensum='5' AND c_uni_ca='2' AND c_asigna='300228' [1][0] OK
C:[20/05/2013 16:59:46.98][190.199.81.222][1569] SELECT pre_cod_asig1,pre_cod_asig2,pre_cod_asig3,pre_cod_asig4,pre_cod_asig5,pre_cod_asig6,pre_cod_asig7 FROM tblaca009 WHERE pensum='5' AND c_uni_ca='6' AND c_asigna='300101' [1][0] OK
C:[20/05/2013 16:59:46.98][190.199.81.222][1569] SELECT pre_cod_asig1,pre_cod_asig2,pre_cod_asig3,pre_cod_asig4,pre_cod_asig5,pre_cod_asig6,pre_cod_asig7 FROM tblaca009 WHERE pensum='5' AND c_uni_ca='6' AND c_asigna='300105' [1][0] OK
C:[20/05/2013 16:59:46.23][190.199.81.222][1613] SELECT par_cod_asig1,par_cod_asig2,par_cod_asig3 FROM tblaca009 WHERE pensum='5' AND c_uni_ca='6' AND c_asigna='300101' [1][0] OK
C:[20/05/2013 16:59:46.23][190.199.81.222][1613] SELECT par_cod_asig1,par_cod_asig2,par_cod_asig3 FROM tblaca009 WHERE pensum='5' AND c_uni_ca='6' AND c_asigna='300105' [1][0] OK
C:[21/05/2013 11:43:37.22][190.207.45.169][1569] SELECT pre_cod_asig1,pre_cod_asig2,pre_cod_asig3,pre_cod_asig4,pre_cod_asig5,pre_cod_asig6,pre_cod_asig7 FROM tblaca009 WHERE pensum='5' AND c_uni_ca='2' AND c_asigna='300101' [1][0] OK
C:[21/05/2013 11:43:37.22][190.207.45.169][1569] SELECT pre_cod_asig1,pre_cod_asig2,pre_cod_asig3,pre_cod_asig4,pre_cod_asig5,pre_cod_asig6,pre_cod_asig7 FROM tblaca009 WHERE pensum='5' AND c_uni_ca='2' AND c_asigna='300105' [1][0] OK
C:[21/05/2013 11:43:37.22][190.207.45.169][1569] SELECT pre_cod_asig1,pre_cod_asig2,pre_cod_asig3,pre_cod_asig4,pre_cod_asig5,pre_cod_asig6,pre_cod_asig7 FROM tblaca009 WHERE pensum='5' AND c_uni_ca='2' AND c_asigna='300113' [1][0] OK
C:[21/05/2013 11:43:37.22][190.207.45.169][1569] SELECT pre_cod_asig1,pre_cod_asig2,pre_cod_asig3,pre_cod_asig4,pre_cod_asig5,pre_cod_asig6,pre_cod_asig7 FROM tblaca009 WHERE pensum='5' AND c_uni_ca='2' AND c_asigna='300116' [1][0] OK
C:[21/05/2013 11:43:37.73][190.207.45.169][1613] SELECT par_cod_asig1,par_cod_asig2,par_cod_asig3 FROM tblaca009 WHERE pensum='5' AND c_uni_ca='2' AND c_asigna='300101' [1][0] OK
C:[21/05/2013 11:43:37.73][190.207.45.169][1613] SELECT par_cod_asig1,par_cod_asig2,par_cod_asig3 FROM tblaca009 WHERE pensum='5' AND c_uni_ca='2' AND c_asigna='300105' [1][0] OK
C:[21/05/2013 11:43:37.73][190.207.45.169][1613] SELECT par_cod_asig1,par_cod_asig2,par_cod_asig3 FROM tblaca009 WHERE pensum='5' AND c_uni_ca='2' AND c_asigna='300113' [1][0] OK
C:[21/05/2013 11:43:37.73][190.207.45.169][1627] SELECT c_asigna FROM dace004 WHERE exp_e='12-25267301' AND c_asigna='300013' AND status IN ('0','3','B','C') [0][0] OK
C:[21/05/2013 11:43:37.73][190.207.45.169][1613] SELECT par_cod_asig1,par_cod_asig2,par_cod_asig3 FROM tblaca009 WHERE pensum='5' AND c_uni_ca='2' AND c_asigna='300116' [1][0] OK
C:[21/05/2013 11:43:38.35][190.207.45.169][1684] SELECT c_asigna FROM tblaca009 WHERE pensum='5' AND c_uni_ca='2' AND ((par_cod_asig1='300013') OR (par_cod_asig2='300013') OR (par_cod_asig3='300013'))  [1][0] OK
C:[21/05/2013 11:43:38.35][190.207.45.169][1696] SELECT c_asigna FROM dace004 WHERE exp_e='12-25267301' AND c_asigna='300113' AND status IN ('0','3','B') [0][0] OK
C:[21/05/2013 16:04:55.49][190.38.221.83][1569] SELECT pre_cod_asig1,pre_cod_asig2,pre_cod_asig3,pre_cod_asig4,pre_cod_asig5,pre_cod_asig6,pre_cod_asig7 FROM tblaca009 WHERE pensum='5' AND c_uni_ca='5' AND c_asigna='355573' [1][0] OK
C:[21/05/2013 16:04:55.49][190.38.221.83][1582] SELECT c_asigna FROM dace004 WHERE exp_e='04-17432660' AND c_asigna='355448' AND status IN ('0','3','B') [1][0] OK
C:[21/05/2013 16:04:55.49][190.38.221.83][1569] SELECT pre_cod_asig1,pre_cod_asig2,pre_cod_asig3,pre_cod_asig4,pre_cod_asig5,pre_cod_asig6,pre_cod_asig7 FROM tblaca009 WHERE pensum='5' AND c_uni_ca='5' AND c_asigna='355874' [1][0] OK
C:[21/05/2013 16:04:55.49][190.38.221.83][1582] SELECT c_asigna FROM dace004 WHERE exp_e='04-17432660' AND c_asigna='355448' AND status IN ('0','3','B') [1][0] OK
C:[21/05/2013 16:04:55.49][190.38.221.83][1569] SELECT pre_cod_asig1,pre_cod_asig2,pre_cod_asig3,pre_cod_asig4,pre_cod_asig5,pre_cod_asig6,pre_cod_asig7 FROM tblaca009 WHERE pensum='5' AND c_uni_ca='5' AND c_asigna='355951' [1][0] OK
C:[21/05/2013 16:04:55.49][190.38.221.83][1582] SELECT c_asigna FROM dace004 WHERE exp_e='04-17432660' AND c_asigna='355691' AND status IN ('0','3','B') [1][0] OK
C:[21/05/2013 16:04:56.23][190.38.221.83][1613] SELECT par_cod_asig1,par_cod_asig2,par_cod_asig3 FROM tblaca009 WHERE pensum='5' AND c_uni_ca='5' AND c_asigna='355573' [1][0] OK
C:[21/05/2013 16:04:56.23][190.38.221.83][1613] SELECT par_cod_asig1,par_cod_asig2,par_cod_asig3 FROM tblaca009 WHERE pensum='5' AND c_uni_ca='5' AND c_asigna='355874' [1][0] OK
C:[21/05/2013 16:04:56.23][190.38.221.83][1613] SELECT par_cod_asig1,par_cod_asig2,par_cod_asig3 FROM tblaca009 WHERE pensum='5' AND c_uni_ca='5' AND c_asigna='355951' [1][0] OK
C:[21/05/2013 16:10:41.04][190.200.52.60][1569] SELECT pre_cod_asig1,pre_cod_asig2,pre_cod_asig3,pre_cod_asig4,pre_cod_asig5,pre_cod_asig6,pre_cod_asig7 FROM tblaca009 WHERE pensum='5' AND c_uni_ca='5' AND c_asigna='300101' [1][0] OK
C:[21/05/2013 16:10:41.04][190.200.52.60][1569] SELECT pre_cod_asig1,pre_cod_asig2,pre_cod_asig3,pre_cod_asig4,pre_cod_asig5,pre_cod_asig6,pre_cod_asig7 FROM tblaca009 WHERE pensum='5' AND c_uni_ca='5' AND c_asigna='300112' [1][0] OK
C:[21/05/2013 16:10:41.04][190.200.52.60][1569] SELECT pre_cod_asig1,pre_cod_asig2,pre_cod_asig3,pre_cod_asig4,pre_cod_asig5,pre_cod_asig6,pre_cod_asig7 FROM tblaca009 WHERE pensum='5' AND c_uni_ca='5' AND c_asigna='300226' [1][0] OK
C:[21/05/2013 16:10:41.04][190.200.52.60][1582] SELECT c_asigna FROM dace004 WHERE exp_e='12-24037396' AND c_asigna='300116' AND status IN ('0','3','B') [1][0] OK
C:[21/05/2013 16:10:41.04][190.200.52.60][1569] SELECT pre_cod_asig1,pre_cod_asig2,pre_cod_asig3,pre_cod_asig4,pre_cod_asig5,pre_cod_asig6,pre_cod_asig7 FROM tblaca009 WHERE pensum='5' AND c_uni_ca='5' AND c_asigna='300314' [1][0] OK
C:[21/05/2013 16:10:41.04][190.200.52.60][1582] SELECT c_asigna FROM dace004 WHERE exp_e='12-24037396' AND c_asigna='300106' AND status IN ('0','3','B') [1][0] OK
C:[21/05/2013 16:10:41.79][190.200.52.60][1613] SELECT par_cod_asig1,par_cod_asig2,par_cod_asig3 FROM tblaca009 WHERE pensum='5' AND c_uni_ca='5' AND c_asigna='300101' [1][0] OK
C:[21/05/2013 16:10:41.79][190.200.52.60][1613] SELECT par_cod_asig1,par_cod_asig2,par_cod_asig3 FROM tblaca009 WHERE pensum='5' AND c_uni_ca='5' AND c_asigna='300112' [1][0] OK
C:[21/05/2013 16:10:41.79][190.200.52.60][1613] SELECT par_cod_asig1,par_cod_asig2,par_cod_asig3 FROM tblaca009 WHERE pensum='5' AND c_uni_ca='5' AND c_asigna='300226' [1][0] OK
C:[21/05/2013 16:10:41.79][190.200.52.60][1613] SELECT par_cod_asig1,par_cod_asig2,par_cod_asig3 FROM tblaca009 WHERE pensum='5' AND c_uni_ca='5' AND c_asigna='300314' [1][0] OK
C:[21/05/2013 16:38:56.48][190.207.45.169][1569] SELECT pre_cod_asig1,pre_cod_asig2,pre_cod_asig3,pre_cod_asig4,pre_cod_asig5,pre_cod_asig6,pre_cod_asig7 FROM tblaca009 WHERE pensum='5' AND c_uni_ca='6' AND c_asigna='300101' [1][0] OK
C:[21/05/2013 16:38:56.48][190.207.45.169][1569] SELECT pre_cod_asig1,pre_cod_asig2,pre_cod_asig3,pre_cod_asig4,pre_cod_asig5,pre_cod_asig6,pre_cod_asig7 FROM tblaca009 WHERE pensum='5' AND c_uni_ca='6' AND c_asigna='300105' [1][0] OK
C:[21/05/2013 16:38:56.48][190.207.45.169][1569] SELECT pre_cod_asig1,pre_cod_asig2,pre_cod_asig3,pre_cod_asig4,pre_cod_asig5,pre_cod_asig6,pre_cod_asig7 FROM tblaca009 WHERE pensum='5' AND c_uni_ca='6' AND c_asigna='300112' [1][0] OK
C:[21/05/2013 16:38:56.48][190.207.45.169][1569] SELECT pre_cod_asig1,pre_cod_asig2,pre_cod_asig3,pre_cod_asig4,pre_cod_asig5,pre_cod_asig6,pre_cod_asig7 FROM tblaca009 WHERE pensum='5' AND c_uni_ca='6' AND c_asigna='300116' [1][0] OK
C:[21/05/2013 16:38:56.98][190.207.45.169][1613] SELECT par_cod_asig1,par_cod_asig2,par_cod_asig3 FROM tblaca009 WHERE pensum='5' AND c_uni_ca='6' AND c_asigna='300101' [1][0] OK
C:[21/05/2013 16:38:56.98][190.207.45.169][1613] SELECT par_cod_asig1,par_cod_asig2,par_cod_asig3 FROM tblaca009 WHERE pensum='5' AND c_uni_ca='6' AND c_asigna='300105' [1][0] OK
C:[21/05/2013 16:38:56.98][190.207.45.169][1613] SELECT par_cod_asig1,par_cod_asig2,par_cod_asig3 FROM tblaca009 WHERE pensum='5' AND c_uni_ca='6' AND c_asigna='300112' [1][0] OK
C:[21/05/2013 16:38:56.98][190.207.45.169][1613] SELECT par_cod_asig1,par_cod_asig2,par_cod_asig3 FROM tblaca009 WHERE pensum='5' AND c_uni_ca='6' AND c_asigna='300116' [1][0] OK
C:[21/05/2013 16:38:56.48][190.207.45.169][1684] SELECT c_asigna FROM tblaca009 WHERE pensum='5' AND c_uni_ca='6' AND ((par_cod_asig1='300113') OR (par_cod_asig2='300113') OR (par_cod_asig3='300113'))  [0][0] OK
C:[21/05/2013 16:40:51.82][190.207.45.169][1569] SELECT pre_cod_asig1,pre_cod_asig2,pre_cod_asig3,pre_cod_asig4,pre_cod_asig5,pre_cod_asig6,pre_cod_asig7 FROM tblaca009 WHERE pensum='5' AND c_uni_ca='6' AND c_asigna='300113' [1][0] OK
C:[21/05/2013 16:40:51.82][190.207.45.169][1569] SELECT pre_cod_asig1,pre_cod_asig2,pre_cod_asig3,pre_cod_asig4,pre_cod_asig5,pre_cod_asig6,pre_cod_asig7 FROM tblaca009 WHERE pensum='5' AND c_uni_ca='6' AND c_asigna='300101' [1][0] OK
C:[21/05/2013 16:40:51.82][190.207.45.169][1569] SELECT pre_cod_asig1,pre_cod_asig2,pre_cod_asig3,pre_cod_asig4,pre_cod_asig5,pre_cod_asig6,pre_cod_asig7 FROM tblaca009 WHERE pensum='5' AND c_uni_ca='6' AND c_asigna='300105' [1][0] OK
C:[21/05/2013 16:40:51.82][190.207.45.169][1569] SELECT pre_cod_asig1,pre_cod_asig2,pre_cod_asig3,pre_cod_asig4,pre_cod_asig5,pre_cod_asig6,pre_cod_asig7 FROM tblaca009 WHERE pensum='5' AND c_uni_ca='6' AND c_asigna='300112' [1][0] OK
C:[21/05/2013 16:40:51.82][190.207.45.169][1569] SELECT pre_cod_asig1,pre_cod_asig2,pre_cod_asig3,pre_cod_asig4,pre_cod_asig5,pre_cod_asig6,pre_cod_asig7 FROM tblaca009 WHERE pensum='5' AND c_uni_ca='6' AND c_asigna='300116' [1][0] OK
C:[21/05/2013 16:40:52.45][190.207.45.169][1613] SELECT par_cod_asig1,par_cod_asig2,par_cod_asig3 FROM tblaca009 WHERE pensum='5' AND c_uni_ca='6' AND c_asigna='300113' [1][0] OK
C:[21/05/2013 16:40:52.45][190.207.45.169][1627] SELECT c_asigna FROM dace004 WHERE exp_e='12-24979172' AND c_asigna='300013' AND status IN ('0','3','B','C') [1][0] OK
C:[21/05/2013 16:40:52.45][190.207.45.169][1613] SELECT par_cod_asig1,par_cod_asig2,par_cod_asig3 FROM tblaca009 WHERE pensum='5' AND c_uni_ca='6' AND c_asigna='300101' [1][0] OK
C:[21/05/2013 16:40:52.45][190.207.45.169][1613] SELECT par_cod_asig1,par_cod_asig2,par_cod_asig3 FROM tblaca009 WHERE pensum='5' AND c_uni_ca='6' AND c_asigna='300105' [1][0] OK
C:[21/05/2013 16:40:52.45][190.207.45.169][1613] SELECT par_cod_asig1,par_cod_asig2,par_cod_asig3 FROM tblaca009 WHERE pensum='5' AND c_uni_ca='6' AND c_asigna='300112' [1][0] OK
C:[21/05/2013 16:40:52.45][190.207.45.169][1613] SELECT par_cod_asig1,par_cod_asig2,par_cod_asig3 FROM tblaca009 WHERE pensum='5' AND c_uni_ca='6' AND c_asigna='300116' [1][0] OK
C:[21/05/2013 17:31:15.09][190.207.45.169][1569] SELECT pre_cod_asig1,pre_cod_asig2,pre_cod_asig3,pre_cod_asig4,pre_cod_asig5,pre_cod_asig6,pre_cod_asig7 FROM tblaca009 WHERE pensum='5' AND c_uni_ca='2' AND c_asigna='300207' [1][0] OK
C:[21/05/2013 17:31:15.09][190.207.45.169][1582] SELECT c_asigna FROM dace004 WHERE exp_e='11-25558993' AND c_asigna='300101' AND status IN ('0','3','B') [1][0] OK
C:[21/05/2013 17:31:15.09][190.207.45.169][1569] SELECT pre_cod_asig1,pre_cod_asig2,pre_cod_asig3,pre_cod_asig4,pre_cod_asig5,pre_cod_asig6,pre_cod_asig7 FROM tblaca009 WHERE pensum='5' AND c_uni_ca='2' AND c_asigna='300314' [1][0] OK
C:[21/05/2013 17:31:15.09][190.207.45.169][1582] SELECT c_asigna FROM dace004 WHERE exp_e='11-25558993' AND c_asigna='300106' AND status IN ('0','3','B') [1][0] OK
C:[21/05/2013 17:31:15.09][190.207.45.169][1569] SELECT pre_cod_asig1,pre_cod_asig2,pre_cod_asig3,pre_cod_asig4,pre_cod_asig5,pre_cod_asig6,pre_cod_asig7 FROM tblaca009 WHERE pensum='5' AND c_uni_ca='2' AND c_asigna='300213' [1][0] OK
C:[21/05/2013 17:31:15.09][190.207.45.169][1582] SELECT c_asigna FROM dace004 WHERE exp_e='11-25558993' AND c_asigna='300101' AND status IN ('0','3','B') [1][0] OK
C:[21/05/2013 17:31:15.09][190.207.45.169][1569] SELECT pre_cod_asig1,pre_cod_asig2,pre_cod_asig3,pre_cod_asig4,pre_cod_asig5,pre_cod_asig6,pre_cod_asig7 FROM tblaca009 WHERE pensum='5' AND c_uni_ca='2' AND c_asigna='300226' [1][0] OK
C:[21/05/2013 17:31:15.09][190.207.45.169][1582] SELECT c_asigna FROM dace004 WHERE exp_e='11-25558993' AND c_asigna='300116' AND status IN ('0','3','B') [1][0] OK
C:[21/05/2013 17:31:15.09][190.207.45.169][1613] SELECT par_cod_asig1,par_cod_asig2,par_cod_asig3 FROM tblaca009 WHERE pensum='5' AND c_uni_ca='2' AND c_asigna='300207' [1][0] OK
C:[21/05/2013 17:31:15.09][190.207.45.169][1613] SELECT par_cod_asig1,par_cod_asig2,par_cod_asig3 FROM tblaca009 WHERE pensum='5' AND c_uni_ca='2' AND c_asigna='300314' [1][0] OK
C:[21/05/2013 17:31:15.09][190.207.45.169][1613] SELECT par_cod_asig1,par_cod_asig2,par_cod_asig3 FROM tblaca009 WHERE pensum='5' AND c_uni_ca='2' AND c_asigna='300213' [1][0] OK
C:[21/05/2013 17:31:15.09][190.207.45.169][1627] SELECT c_asigna FROM dace004 WHERE exp_e='11-25558993' AND c_asigna='300209' AND status IN ('0','3','B','C') [1][0] OK
C:[21/05/2013 17:31:15.09][190.207.45.169][1613] SELECT par_cod_asig1,par_cod_asig2,par_cod_asig3 FROM tblaca009 WHERE pensum='5' AND c_uni_ca='2' AND c_asigna='300226' [1][0] OK
C:[21/05/2013 22:04:48.61][200.84.88.23][1569] SELECT pre_cod_asig1,pre_cod_asig2,pre_cod_asig3,pre_cod_asig4,pre_cod_asig5,pre_cod_asig6,pre_cod_asig7 FROM tblaca009 WHERE pensum='5' AND c_uni_ca='3' AND c_asigna='300422' [1][0] OK
C:[21/05/2013 22:04:48.61][200.84.88.23][1582] SELECT c_asigna FROM dace004 WHERE exp_e='08-21176847' AND c_asigna='300105' AND status IN ('0','3','B') [1][0] OK
C:[21/05/2013 22:04:48.61][200.84.88.23][1582] SELECT c_asigna FROM dace004 WHERE exp_e='08-21176847' AND c_asigna='300314' AND status IN ('0','3','B') [1][0] OK
C:[21/05/2013 22:04:48.61][200.84.88.23][1569] SELECT pre_cod_asig1,pre_cod_asig2,pre_cod_asig3,pre_cod_asig4,pre_cod_asig5,pre_cod_asig6,pre_cod_asig7 FROM tblaca009 WHERE pensum='5' AND c_uni_ca='3' AND c_asigna='300676' [1][0] OK
C:[21/05/2013 22:04:48.61][200.84.88.23][1569] SELECT pre_cod_asig1,pre_cod_asig2,pre_cod_asig3,pre_cod_asig4,pre_cod_asig5,pre_cod_asig6,pre_cod_asig7 FROM tblaca009 WHERE pensum='5' AND c_uni_ca='3' AND c_asigna='311673' [1][0] OK
C:[21/05/2013 22:04:48.61][200.84.88.23][1582] SELECT c_asigna FROM dace004 WHERE exp_e='08-21176847' AND c_asigna='311551' AND status IN ('0','3','B') [1][0] OK
C:[21/05/2013 22:04:48.61][200.84.88.23][1582] SELECT c_asigna FROM dace004 WHERE exp_e='08-21176847' AND c_asigna='311554' AND status IN ('0','3','B') [1][0] OK
C:[21/05/2013 22:04:48.61][200.84.88.23][1582] SELECT c_asigna FROM dace004 WHERE exp_e='08-21176847' AND c_asigna='311320' AND status IN ('0','3','B') [1][0] OK
C:[21/05/2013 22:04:48.61][200.84.88.23][1569] SELECT pre_cod_asig1,pre_cod_asig2,pre_cod_asig3,pre_cod_asig4,pre_cod_asig5,pre_cod_asig6,pre_cod_asig7 FROM tblaca009 WHERE pensum='5' AND c_uni_ca='3' AND c_asigna='311674' [1][0] OK
C:[21/05/2013 22:04:48.61][200.84.88.23][1582] SELECT c_asigna FROM dace004 WHERE exp_e='08-21176847' AND c_asigna='310548' AND status IN ('0','3','B') [1][0] OK
C:[21/05/2013 22:04:48.61][200.84.88.23][1582] SELECT c_asigna FROM dace004 WHERE exp_e='08-21176847' AND c_asigna='311551' AND status IN ('0','3','B') [1][0] OK
C:[21/05/2013 22:04:48.61][200.84.88.23][1582] SELECT c_asigna FROM dace004 WHERE exp_e='08-21176847' AND c_asigna='311320' AND status IN ('0','3','B') [1][0] OK
C:[21/05/2013 22:04:48.61][200.84.88.23][1569] SELECT pre_cod_asig1,pre_cod_asig2,pre_cod_asig3,pre_cod_asig4,pre_cod_asig5,pre_cod_asig6,pre_cod_asig7 FROM tblaca009 WHERE pensum='5' AND c_uni_ca='3' AND c_asigna='314662' [1][0] OK
C:[21/05/2013 22:04:48.61][200.84.88.23][1582] SELECT c_asigna FROM dace004 WHERE exp_e='08-21176847' AND c_asigna='311552' AND status IN ('0','3','B') [1][0] OK
C:[21/05/2013 22:04:48.61][200.84.88.23][1569] SELECT pre_cod_asig1,pre_cod_asig2,pre_cod_asig3,pre_cod_asig4,pre_cod_asig5,pre_cod_asig6,pre_cod_asig7 FROM tblaca009 WHERE pensum='5' AND c_uni_ca='3' AND c_asigna='315671' [1][0] OK
C:[21/05/2013 22:04:48.61][200.84.88.23][1582] SELECT c_asigna FROM dace004 WHERE exp_e='08-21176847' AND c_asigna='315552' AND status IN ('0','3','B') [1][0] OK
C:[21/05/2013 22:04:49.61][200.84.88.23][1613] SELECT par_cod_asig1,par_cod_asig2,par_cod_asig3 FROM tblaca009 WHERE pensum='5' AND c_uni_ca='3' AND c_asigna='300422' [1][0] OK
C:[21/05/2013 22:04:49.61][200.84.88.23][1613] SELECT par_cod_asig1,par_cod_asig2,par_cod_asig3 FROM tblaca009 WHERE pensum='5' AND c_uni_ca='3' AND c_asigna='300676' [1][0] OK
C:[21/05/2013 22:04:49.61][200.84.88.23][1613] SELECT par_cod_asig1,par_cod_asig2,par_cod_asig3 FROM tblaca009 WHERE pensum='5' AND c_uni_ca='3' AND c_asigna='311673' [1][0] OK
C:[21/05/2013 22:04:49.61][200.84.88.23][1613] SELECT par_cod_asig1,par_cod_asig2,par_cod_asig3 FROM tblaca009 WHERE pensum='5' AND c_uni_ca='3' AND c_asigna='311674' [1][0] OK
C:[21/05/2013 22:04:49.61][200.84.88.23][1613] SELECT par_cod_asig1,par_cod_asig2,par_cod_asig3 FROM tblaca009 WHERE pensum='5' AND c_uni_ca='3' AND c_asigna='314662' [1][0] OK
C:[21/05/2013 22:04:49.61][200.84.88.23][1613] SELECT par_cod_asig1,par_cod_asig2,par_cod_asig3 FROM tblaca009 WHERE pensum='5' AND c_uni_ca='3' AND c_asigna='315671' [1][0] OK
C:[21/05/2013 22:04:49.36][200.84.88.23][1684] SELECT c_asigna FROM tblaca009 WHERE pensum='5' AND c_uni_ca='3' AND ((par_cod_asig1='311556') OR (par_cod_asig2='311556') OR (par_cod_asig3='311556'))  [0][0] OK
C:[22/05/2013 07:57:11.59][190.202.216.222][1569] SELECT pre_cod_asig1,pre_cod_asig2,pre_cod_asig3,pre_cod_asig4,pre_cod_asig5,pre_cod_asig6,pre_cod_asig7 FROM tblaca009 WHERE pensum='5' AND c_uni_ca='6' AND c_asigna='300101' [1][0] OK
C:[22/05/2013 07:57:11.59][190.202.216.222][1569] SELECT pre_cod_asig1,pre_cod_asig2,pre_cod_asig3,pre_cod_asig4,pre_cod_asig5,pre_cod_asig6,pre_cod_asig7 FROM tblaca009 WHERE pensum='5' AND c_uni_ca='6' AND c_asigna='300106' [1][0] OK
C:[22/05/2013 07:57:11.59][190.202.216.222][1569] SELECT pre_cod_asig1,pre_cod_asig2,pre_cod_asig3,pre_cod_asig4,pre_cod_asig5,pre_cod_asig6,pre_cod_asig7 FROM tblaca009 WHERE pensum='5' AND c_uni_ca='6' AND c_asigna='300116' [1][0] OK
C:[22/05/2013 07:57:11.96][190.202.216.222][1613] SELECT par_cod_asig1,par_cod_asig2,par_cod_asig3 FROM tblaca009 WHERE pensum='5' AND c_uni_ca='6' AND c_asigna='300101' [1][0] OK
C:[22/05/2013 07:57:11.96][190.202.216.222][1613] SELECT par_cod_asig1,par_cod_asig2,par_cod_asig3 FROM tblaca009 WHERE pensum='5' AND c_uni_ca='6' AND c_asigna='300106' [1][0] OK
C:[22/05/2013 07:57:11.96][190.202.216.222][1613] SELECT par_cod_asig1,par_cod_asig2,par_cod_asig3 FROM tblaca009 WHERE pensum='5' AND c_uni_ca='6' AND c_asigna='300116' [1][0] OK
C:[22/05/2013 07:57:11.34][190.202.216.222][1684] SELECT c_asigna FROM tblaca009 WHERE pensum='5' AND c_uni_ca='6' AND ((par_cod_asig1='300013') OR (par_cod_asig2='300013') OR (par_cod_asig3='300013'))  [1][0] OK
C:[22/05/2013 07:57:11.34][190.202.216.222][1696] SELECT c_asigna FROM dace004 WHERE exp_e='12-25595441' AND c_asigna='300113' AND status IN ('0','3','B') [0][0] OK
C:[22/05/2013 07:57:11.34][190.202.216.222][1684] SELECT c_asigna FROM tblaca009 WHERE pensum='5' AND c_uni_ca='6' AND ((par_cod_asig1='300112') OR (par_cod_asig2='300112') OR (par_cod_asig3='300112'))  [0][0] OK
C:[22/05/2013 14:18:46.68][181.182.220.123][1569] SELECT pre_cod_asig1,pre_cod_asig2,pre_cod_asig3,pre_cod_asig4,pre_cod_asig5,pre_cod_asig6,pre_cod_asig7 FROM tblaca009 WHERE pensum='5' AND c_uni_ca='2' AND c_asigna='300314' [1][0] OK
C:[22/05/2013 14:18:46.68][181.182.220.123][1582] SELECT c_asigna FROM dace004 WHERE exp_e='11-25558993' AND c_asigna='300106' AND status IN ('0','3','B') [1][0] OK
C:[22/05/2013 14:18:46.68][181.182.220.123][1569] SELECT pre_cod_asig1,pre_cod_asig2,pre_cod_asig3,pre_cod_asig4,pre_cod_asig5,pre_cod_asig6,pre_cod_asig7 FROM tblaca009 WHERE pensum='5' AND c_uni_ca='2' AND c_asigna='300213' [1][0] OK
C:[22/05/2013 14:18:46.68][181.182.220.123][1582] SELECT c_asigna FROM dace004 WHERE exp_e='11-25558993' AND c_asigna='300101' AND status IN ('0','3','B') [1][0] OK
C:[22/05/2013 14:18:46.68][181.182.220.123][1569] SELECT pre_cod_asig1,pre_cod_asig2,pre_cod_asig3,pre_cod_asig4,pre_cod_asig5,pre_cod_asig6,pre_cod_asig7 FROM tblaca009 WHERE pensum='5' AND c_uni_ca='2' AND c_asigna='300226' [1][0] OK
C:[22/05/2013 14:18:46.68][181.182.220.123][1582] SELECT c_asigna FROM dace004 WHERE exp_e='11-25558993' AND c_asigna='300116' AND status IN ('0','3','B') [1][0] OK
C:[22/05/2013 14:18:47.43][181.182.220.123][1613] SELECT par_cod_asig1,par_cod_asig2,par_cod_asig3 FROM tblaca009 WHERE pensum='5' AND c_uni_ca='2' AND c_asigna='300314' [1][0] OK
C:[22/05/2013 14:18:47.43][181.182.220.123][1613] SELECT par_cod_asig1,par_cod_asig2,par_cod_asig3 FROM tblaca009 WHERE pensum='5' AND c_uni_ca='2' AND c_asigna='300213' [1][0] OK
C:[22/05/2013 14:18:47.43][181.182.220.123][1627] SELECT c_asigna FROM dace004 WHERE exp_e='11-25558993' AND c_asigna='300209' AND status IN ('0','3','B','C') [1][0] OK
C:[22/05/2013 14:18:47.43][181.182.220.123][1613] SELECT par_cod_asig1,par_cod_asig2,par_cod_asig3 FROM tblaca009 WHERE pensum='5' AND c_uni_ca='2' AND c_asigna='300226' [1][0] OK
C:[22/05/2013 14:18:47.95][181.182.220.123][1684] SELECT c_asigna FROM tblaca009 WHERE pensum='5' AND c_uni_ca='2' AND ((par_cod_asig1='300207') OR (par_cod_asig2='300207') OR (par_cod_asig3='300207'))  [0][0] OK
C:[22/05/2013 14:19:35.35][181.182.220.123][1569] SELECT pre_cod_asig1,pre_cod_asig2,pre_cod_asig3,pre_cod_asig4,pre_cod_asig5,pre_cod_asig6,pre_cod_asig7 FROM tblaca009 WHERE pensum='5' AND c_uni_ca='2' AND c_asigna='300207' [1][0] OK
C:[22/05/2013 14:19:35.35][181.182.220.123][1582] SELECT c_asigna FROM dace004 WHERE exp_e='11-25558993' AND c_asigna='300101' AND status IN ('0','3','B') [1][0] OK
C:[22/05/2013 14:19:35.35][181.182.220.123][1569] SELECT pre_cod_asig1,pre_cod_asig2,pre_cod_asig3,pre_cod_asig4,pre_cod_asig5,pre_cod_asig6,pre_cod_asig7 FROM tblaca009 WHERE pensum='5' AND c_uni_ca='2' AND c_asigna='300314' [1][0] OK
C:[22/05/2013 14:19:35.35][181.182.220.123][1582] SELECT c_asigna FROM dace004 WHERE exp_e='11-25558993' AND c_asigna='300106' AND status IN ('0','3','B') [1][0] OK
C:[22/05/2013 14:19:35.35][181.182.220.123][1569] SELECT pre_cod_asig1,pre_cod_asig2,pre_cod_asig3,pre_cod_asig4,pre_cod_asig5,pre_cod_asig6,pre_cod_asig7 FROM tblaca009 WHERE pensum='5' AND c_uni_ca='2' AND c_asigna='300213' [1][0] OK
C:[22/05/2013 14:19:35.35][181.182.220.123][1582] SELECT c_asigna FROM dace004 WHERE exp_e='11-25558993' AND c_asigna='300101' AND status IN ('0','3','B') [1][0] OK
C:[22/05/2013 14:19:35.35][181.182.220.123][1569] SELECT pre_cod_asig1,pre_cod_asig2,pre_cod_asig3,pre_cod_asig4,pre_cod_asig5,pre_cod_asig6,pre_cod_asig7 FROM tblaca009 WHERE pensum='5' AND c_uni_ca='2' AND c_asigna='300226' [1][0] OK
C:[22/05/2013 14:19:35.35][181.182.220.123][1582] SELECT c_asigna FROM dace004 WHERE exp_e='11-25558993' AND c_asigna='300116' AND status IN ('0','3','B') [1][0] OK
C:[22/05/2013 14:19:35.36][181.182.220.123][1613] SELECT par_cod_asig1,par_cod_asig2,par_cod_asig3 FROM tblaca009 WHERE pensum='5' AND c_uni_ca='2' AND c_asigna='300207' [1][0] OK
C:[22/05/2013 14:19:35.36][181.182.220.123][1613] SELECT par_cod_asig1,par_cod_asig2,par_cod_asig3 FROM tblaca009 WHERE pensum='5' AND c_uni_ca='2' AND c_asigna='300314' [1][0] OK
C:[22/05/2013 14:19:35.36][181.182.220.123][1613] SELECT par_cod_asig1,par_cod_asig2,par_cod_asig3 FROM tblaca009 WHERE pensum='5' AND c_uni_ca='2' AND c_asigna='300213' [1][0] OK
C:[22/05/2013 14:19:35.36][181.182.220.123][1627] SELECT c_asigna FROM dace004 WHERE exp_e='11-25558993' AND c_asigna='300209' AND status IN ('0','3','B','C') [1][0] OK
C:[22/05/2013 14:19:35.36][181.182.220.123][1613] SELECT par_cod_asig1,par_cod_asig2,par_cod_asig3 FROM tblaca009 WHERE pensum='5' AND c_uni_ca='2' AND c_asigna='300226' [1][0] OK
C:[22/05/2013 20:25:18.55][190.198.165.42][1569] SELECT pre_cod_asig1,pre_cod_asig2,pre_cod_asig3,pre_cod_asig4,pre_cod_asig5,pre_cod_asig6,pre_cod_asig7 FROM tblaca009 WHERE pensum='5' AND c_uni_ca='6' AND c_asigna='300314' [1][0] OK
C:[22/05/2013 20:25:18.55][190.198.165.42][1582] SELECT c_asigna FROM dace004 WHERE exp_e='04-11517168' AND c_asigna='300106' AND status IN ('0','3','B') [1][0] OK
C:[22/05/2013 20:25:18.55][190.198.165.42][1569] SELECT pre_cod_asig1,pre_cod_asig2,pre_cod_asig3,pre_cod_asig4,pre_cod_asig5,pre_cod_asig6,pre_cod_asig7 FROM tblaca009 WHERE pensum='5' AND c_uni_ca='6' AND c_asigna='342679' [1][0] OK
C:[22/05/2013 20:25:18.55][190.198.165.42][1582] SELECT c_asigna FROM dace004 WHERE exp_e='04-11517168' AND c_asigna='342567' AND status IN ('0','3','B') [1][0] OK
C:[22/05/2013 20:25:18.55][190.198.165.42][1569] SELECT pre_cod_asig1,pre_cod_asig2,pre_cod_asig3,pre_cod_asig4,pre_cod_asig5,pre_cod_asig6,pre_cod_asig7 FROM tblaca009 WHERE pensum='5' AND c_uni_ca='6' AND c_asigna='344688' [1][0] OK
C:[22/05/2013 20:25:18.55][190.198.165.42][1582] SELECT c_asigna FROM dace004 WHERE exp_e='04-11517168' AND c_asigna='342567' AND status IN ('0','3','B') [1][0] OK
C:[22/05/2013 20:25:18.55][190.198.165.42][1582] SELECT c_asigna FROM dace004 WHERE exp_e='04-11517168' AND c_asigna='344565' AND status IN ('0','3','B') [1][0] OK
C:[22/05/2013 20:25:18.55][190.198.165.42][1569] SELECT pre_cod_asig1,pre_cod_asig2,pre_cod_asig3,pre_cod_asig4,pre_cod_asig5,pre_cod_asig6,pre_cod_asig7 FROM tblaca009 WHERE pensum='5' AND c_uni_ca='6' AND c_asigna='344951' [1][0] OK
C:[22/05/2013 20:25:18.55][190.198.165.42][1582] SELECT c_asigna FROM dace004 WHERE exp_e='04-11517168' AND c_asigna='344689' AND status IN ('0','3','B') [1][0] OK
C:[22/05/2013 20:25:18.55][190.198.165.42][1582] SELECT c_asigna FROM dace004 WHERE exp_e='04-11517168' AND c_asigna='344687' AND status IN ('0','3','B') [1][0] OK
C:[22/05/2013 20:25:18.55][190.198.165.42][1569] SELECT pre_cod_asig1,pre_cod_asig2,pre_cod_asig3,pre_cod_asig4,pre_cod_asig5,pre_cod_asig6,pre_cod_asig7 FROM tblaca009 WHERE pensum='5' AND c_uni_ca='6' AND c_asigna='344965' [1][0] OK
C:[22/05/2013 20:25:18.55][190.198.165.42][1582] SELECT c_asigna FROM dace004 WHERE exp_e='04-11517168' AND c_asigna='344714' AND status IN ('0','3','B') [1][0] OK
C:[22/05/2013 20:25:18.55][190.198.165.42][1569] SELECT pre_cod_asig1,pre_cod_asig2,pre_cod_asig3,pre_cod_asig4,pre_cod_asig5,pre_cod_asig6,pre_cod_asig7 FROM tblaca009 WHERE pensum='5' AND c_uni_ca='6' AND c_asigna='300313' [1][0] OK
C:[22/05/2013 20:25:18.55][190.198.165.42][1582] SELECT c_asigna FROM dace004 WHERE exp_e='04-11517168' AND c_asigna='300213' AND status IN ('0','3','B') [1][0] OK
C:[22/05/2013 20:25:18.55][190.198.165.42][1582] SELECT c_asigna FROM dace004 WHERE exp_e='04-11517168' AND c_asigna='300226' AND status IN ('0','3','B') [1][0] OK
C:[22/05/2013 20:25:18.55][190.198.165.42][1582] SELECT c_asigna FROM dace004 WHERE exp_e='04-11517168' AND c_asigna='300222' AND status IN ('0','3','B') [1][0] OK
C:[22/05/2013 20:25:18.55][190.198.165.42][1582] SELECT c_asigna FROM dace004 WHERE exp_e='04-11517168' AND c_asigna='300209' AND status IN ('0','3','B') [1][0] OK
C:[22/05/2013 20:25:19.68][190.198.165.42][1613] SELECT par_cod_asig1,par_cod_asig2,par_cod_asig3 FROM tblaca009 WHERE pensum='5' AND c_uni_ca='6' AND c_asigna='300314' [1][0] OK
C:[22/05/2013 20:25:19.68][190.198.165.42][1613] SELECT par_cod_asig1,par_cod_asig2,par_cod_asig3 FROM tblaca009 WHERE pensum='5' AND c_uni_ca='6' AND c_asigna='342679' [1][0] OK
C:[22/05/2013 20:25:19.68][190.198.165.42][1613] SELECT par_cod_asig1,par_cod_asig2,par_cod_asig3 FROM tblaca009 WHERE pensum='5' AND c_uni_ca='6' AND c_asigna='344688' [1][0] OK
C:[22/05/2013 20:25:19.68][190.198.165.42][1613] SELECT par_cod_asig1,par_cod_asig2,par_cod_asig3 FROM tblaca009 WHERE pensum='5' AND c_uni_ca='6' AND c_asigna='344951' [1][0] OK
C:[22/05/2013 20:25:19.68][190.198.165.42][1613] SELECT par_cod_asig1,par_cod_asig2,par_cod_asig3 FROM tblaca009 WHERE pensum='5' AND c_uni_ca='6' AND c_asigna='344965' [1][0] OK
C:[22/05/2013 20:25:19.68][190.198.165.42][1613] SELECT par_cod_asig1,par_cod_asig2,par_cod_asig3 FROM tblaca009 WHERE pensum='5' AND c_uni_ca='6' AND c_asigna='300313' [1][0] OK
C:[24/05/2013 12:24:24.18][190.36.0.63][1569] SELECT pre_cod_asig1,pre_cod_asig2,pre_cod_asig3,pre_cod_asig4,pre_cod_asig5,pre_cod_asig6,pre_cod_asig7 FROM tblaca009 WHERE pensum='5' AND c_uni_ca='5' AND c_asigna='300222' [1][0] OK
C:[24/05/2013 12:24:24.18][190.36.0.63][1582] SELECT c_asigna FROM dace004 WHERE exp_e='03-15034950' AND c_asigna='300112' AND status IN ('0','3','B') [1][0] OK
C:[24/05/2013 12:24:24.43][190.36.0.63][1613] SELECT par_cod_asig1,par_cod_asig2,par_cod_asig3 FROM tblaca009 WHERE pensum='5' AND c_uni_ca='5' AND c_asigna='300222' [1][0] OK
C:[26/11/2013 11:33:01.66][181.182.156.204][1569] SELECT pre_cod_asig1,pre_cod_asig2,pre_cod_asig3,pre_cod_asig4,pre_cod_asig5,pre_cod_asig6,pre_cod_asig7 FROM tblaca009 WHERE pensum='5' AND c_uni_ca='2' AND c_asigna='300116' [1][0] OK
C:[26/11/2013 11:33:01.34][181.182.156.204][1613] SELECT par_cod_asig1,par_cod_asig2,par_cod_asig3 FROM tblaca009 WHERE pensum='5' AND c_uni_ca='2' AND c_asigna='300116' [1][0] OK
C:[26/11/2013 11:53:04.21][181.182.156.204][1569] SELECT pre_cod_asig1,pre_cod_asig2,pre_cod_asig3,pre_cod_asig4,pre_cod_asig5,pre_cod_asig6,pre_cod_asig7 FROM tblaca009 WHERE pensum='5' AND c_uni_ca='4' AND c_asigna='300207' [1][0] OK
C:[26/11/2013 11:53:04.21][181.182.156.204][1582] SELECT c_asigna FROM dace004 WHERE exp_e='10-22588559' AND c_asigna='300101' AND status IN ('0','3','B') [1][0] OK
C:[26/11/2013 11:53:04.21][181.182.156.204][1569] SELECT pre_cod_asig1,pre_cod_asig2,pre_cod_asig3,pre_cod_asig4,pre_cod_asig5,pre_cod_asig6,pre_cod_asig7 FROM tblaca009 WHERE pensum='5' AND c_uni_ca='4' AND c_asigna='300116' [1][0] OK
C:[26/11/2013 11:53:04.15][181.182.156.204][1613] SELECT par_cod_asig1,par_cod_asig2,par_cod_asig3 FROM tblaca009 WHERE pensum='5' AND c_uni_ca='4' AND c_asigna='300207' [1][0] OK
C:[26/11/2013 11:53:04.15][181.182.156.204][1613] SELECT par_cod_asig1,par_cod_asig2,par_cod_asig3 FROM tblaca009 WHERE pensum='5' AND c_uni_ca='4' AND c_asigna='300116' [1][0] OK
C:[26/11/2013 11:54:32.17][181.182.156.204][1569] SELECT pre_cod_asig1,pre_cod_asig2,pre_cod_asig3,pre_cod_asig4,pre_cod_asig5,pre_cod_asig6,pre_cod_asig7 FROM tblaca009 WHERE pensum='5' AND c_uni_ca='2' AND c_asigna='300207' [1][0] OK
C:[26/11/2013 11:54:32.17][181.182.156.204][1582] SELECT c_asigna FROM dace004 WHERE exp_e='09-20886037' AND c_asigna='300101' AND status IN ('0','3','B') [1][0] OK
C:[26/11/2013 11:54:32.17][181.182.156.204][1569] SELECT pre_cod_asig1,pre_cod_asig2,pre_cod_asig3,pre_cod_asig4,pre_cod_asig5,pre_cod_asig6,pre_cod_asig7 FROM tblaca009 WHERE pensum='5' AND c_uni_ca='2' AND c_asigna='300116' [1][0] OK
C:[26/11/2013 11:54:32.11][181.182.156.204][1613] SELECT par_cod_asig1,par_cod_asig2,par_cod_asig3 FROM tblaca009 WHERE pensum='5' AND c_uni_ca='2' AND c_asigna='300207' [1][0] OK
C:[26/11/2013 11:54:32.11][181.182.156.204][1613] SELECT par_cod_asig1,par_cod_asig2,par_cod_asig3 FROM tblaca009 WHERE pensum='5' AND c_uni_ca='2' AND c_asigna='300116' [1][0] OK
C:[26/11/2013 12:26:24.88][74.82.64.161][1569] SELECT pre_cod_asig1,pre_cod_asig2,pre_cod_asig3,pre_cod_asig4,pre_cod_asig5,pre_cod_asig6,pre_cod_asig7 FROM tblaca009 WHERE pensum='5' AND c_uni_ca='6' AND c_asigna='300207' [1][0] OK
C:[26/11/2013 12:26:24.88][74.82.64.161][1582] SELECT c_asigna FROM dace004 WHERE exp_e='11-23503357' AND c_asigna='300101' AND status IN ('0','3','B') [1][0] OK
C:[26/11/2013 12:26:24.88][74.82.64.161][1569] SELECT pre_cod_asig1,pre_cod_asig2,pre_cod_asig3,pre_cod_asig4,pre_cod_asig5,pre_cod_asig6,pre_cod_asig7 FROM tblaca009 WHERE pensum='5' AND c_uni_ca='6' AND c_asigna='300209' [1][0] OK
C:[26/11/2013 12:26:24.88][74.82.64.161][1582] SELECT c_asigna FROM dace004 WHERE exp_e='11-23503357' AND c_asigna='300101' AND status IN ('0','3','B') [1][0] OK
C:[26/11/2013 12:26:24.95][74.82.64.161][1613] SELECT par_cod_asig1,par_cod_asig2,par_cod_asig3 FROM tblaca009 WHERE pensum='5' AND c_uni_ca='6' AND c_asigna='300207' [1][0] OK
C:[26/11/2013 12:26:24.95][74.82.64.161][1613] SELECT par_cod_asig1,par_cod_asig2,par_cod_asig3 FROM tblaca009 WHERE pensum='5' AND c_uni_ca='6' AND c_asigna='300209' [1][0] OK
C:[26/11/2013 12:36:36.69][190.198.82.243][1569] SELECT pre_cod_asig1,pre_cod_asig2,pre_cod_asig3,pre_cod_asig4,pre_cod_asig5,pre_cod_asig6,pre_cod_asig7 FROM tblaca009 WHERE pensum='5' AND c_uni_ca='2' AND c_asigna='300317' [1][0] OK
C:[26/11/2013 12:36:36.69][190.198.82.243][1582] SELECT c_asigna FROM dace004 WHERE exp_e='10-22820598' AND c_asigna='300207' AND status IN ('0','3','B') [1][0] OK
C:[26/11/2013 12:36:36.69][190.198.82.243][1582] SELECT c_asigna FROM dace004 WHERE exp_e='10-22820598' AND c_asigna='300209' AND status IN ('0','3','B') [1][0] OK
C:[26/11/2013 12:36:36.69][190.198.82.243][1569] SELECT pre_cod_asig1,pre_cod_asig2,pre_cod_asig3,pre_cod_asig4,pre_cod_asig5,pre_cod_asig6,pre_cod_asig7 FROM tblaca009 WHERE pensum='5' AND c_uni_ca='2' AND c_asigna='300222' [1][0] OK
C:[26/11/2013 12:36:36.69][190.198.82.243][1582] SELECT c_asigna FROM dace004 WHERE exp_e='10-22820598' AND c_asigna='300112' AND status IN ('0','3','B') [1][0] OK
C:[26/11/2013 12:36:36.69][190.198.82.243][1569] SELECT pre_cod_asig1,pre_cod_asig2,pre_cod_asig3,pre_cod_asig4,pre_cod_asig5,pre_cod_asig6,pre_cod_asig7 FROM tblaca009 WHERE pensum='5' AND c_uni_ca='2' AND c_asigna='300226' [1][0] OK
C:[26/11/2013 12:36:36.69][190.198.82.243][1582] SELECT c_asigna FROM dace004 WHERE exp_e='10-22820598' AND c_asigna='300116' AND status IN ('0','3','B') [1][0] OK
C:[26/11/2013 12:36:36.69][190.198.82.243][1569] SELECT pre_cod_asig1,pre_cod_asig2,pre_cod_asig3,pre_cod_asig4,pre_cod_asig5,pre_cod_asig6,pre_cod_asig7 FROM tblaca009 WHERE pensum='5' AND c_uni_ca='2' AND c_asigna='322433' [1][0] OK
C:[26/11/2013 12:36:36.69][190.198.82.243][1582] SELECT c_asigna FROM dace004 WHERE exp_e='10-22820598' AND c_asigna='320323' AND status IN ('0','3','B') [1][0] OK
C:[26/11/2013 12:36:36.69][190.198.82.243][1582] SELECT c_asigna FROM dace004 WHERE exp_e='10-22820598' AND c_asigna='300209' AND status IN ('0','3','B') [1][0] OK
C:[26/11/2013 12:36:36.51][190.198.82.243][1613] SELECT par_cod_asig1,par_cod_asig2,par_cod_asig3 FROM tblaca009 WHERE pensum='5' AND c_uni_ca='2' AND c_asigna='300317' [1][0] OK
C:[26/11/2013 12:36:36.51][190.198.82.243][1613] SELECT par_cod_asig1,par_cod_asig2,par_cod_asig3 FROM tblaca009 WHERE pensum='5' AND c_uni_ca='2' AND c_asigna='300222' [1][0] OK
C:[26/11/2013 12:36:36.51][190.198.82.243][1613] SELECT par_cod_asig1,par_cod_asig2,par_cod_asig3 FROM tblaca009 WHERE pensum='5' AND c_uni_ca='2' AND c_asigna='300226' [1][0] OK
C:[26/11/2013 12:36:36.51][190.198.82.243][1613] SELECT par_cod_asig1,par_cod_asig2,par_cod_asig3 FROM tblaca009 WHERE pensum='5' AND c_uni_ca='2' AND c_asigna='322433' [1][0] OK
C:[26/11/2013 13:22:51.60][201.248.68.101][1569] SELECT pre_cod_asig1,pre_cod_asig2,pre_cod_asig3,pre_cod_asig4,pre_cod_asig5,pre_cod_asig6,pre_cod_asig7 FROM tblaca009 WHERE pensum='5' AND c_uni_ca='5' AND c_asigna='355721' [1][0] OK
C:[26/11/2013 13:22:51.60][201.248.68.101][1582] SELECT c_asigna FROM dace004 WHERE exp_e='08-21247373' AND c_asigna='355693' AND status IN ('0','3','B') [1][0] OK
C:[26/11/2013 13:22:51.60][201.248.68.101][1582] SELECT c_asigna FROM dace004 WHERE exp_e='08-21247373' AND c_asigna='355696' AND status IN ('0','3','B') [1][0] OK
C:[26/11/2013 13:22:51.60][201.248.68.101][1569] SELECT pre_cod_asig1,pre_cod_asig2,pre_cod_asig3,pre_cod_asig4,pre_cod_asig5,pre_cod_asig6,pre_cod_asig7 FROM tblaca009 WHERE pensum='5' AND c_uni_ca='5' AND c_asigna='355834' [1][0] OK
C:[26/11/2013 13:22:51.60][201.248.68.101][1582] SELECT c_asigna FROM dace004 WHERE exp_e='08-21247373' AND c_asigna='355694' AND status IN ('0','3','B') [1][0] OK
C:[26/11/2013 13:22:51.60][201.248.68.101][1569] SELECT pre_cod_asig1,pre_cod_asig2,pre_cod_asig3,pre_cod_asig4,pre_cod_asig5,pre_cod_asig6,pre_cod_asig7 FROM tblaca009 WHERE pensum='5' AND c_uni_ca='5' AND c_asigna='355833' [1][0] OK
C:[26/11/2013 13:22:51.60][201.248.68.101][1582] SELECT c_asigna FROM dace004 WHERE exp_e='08-21247373' AND c_asigna='355694' AND status IN ('0','3','B') [1][0] OK
C:[26/11/2013 13:22:51.60][201.248.68.101][1569] SELECT pre_cod_asig1,pre_cod_asig2,pre_cod_asig3,pre_cod_asig4,pre_cod_asig5,pre_cod_asig6,pre_cod_asig7 FROM tblaca009 WHERE pensum='5' AND c_uni_ca='5' AND c_asigna='355720' [1][0] OK
C:[26/11/2013 13:22:51.60][201.248.68.101][1582] SELECT c_asigna FROM dace004 WHERE exp_e='08-21247373' AND c_asigna='355692' AND status IN ('0','3','B') [1][0] OK
C:[26/11/2013 13:22:51.60][201.248.68.101][1582] SELECT c_asigna FROM dace004 WHERE exp_e='08-21247373' AND c_asigna='355696' AND status IN ('0','3','B') [1][0] OK
C:[26/11/2013 13:22:51.60][201.248.68.101][1569] SELECT pre_cod_asig1,pre_cod_asig2,pre_cod_asig3,pre_cod_asig4,pre_cod_asig5,pre_cod_asig6,pre_cod_asig7 FROM tblaca009 WHERE pensum='5' AND c_uni_ca='5' AND c_asigna='300956' [1][0] OK
C:[26/11/2013 13:22:51.60][201.248.68.101][1582] SELECT c_asigna FROM dace004 WHERE exp_e='08-21247373' AND c_asigna='300422' AND status IN ('0','3','B') [1][0] OK
C:[26/11/2013 13:22:51.60][201.248.68.101][1582] SELECT c_asigna FROM dace004 WHERE exp_e='08-21247373' AND c_asigna='300105' AND status IN ('0','3','B') [1][0] OK
C:[26/11/2013 13:22:51.60][201.248.68.101][1582] SELECT c_asigna FROM dace004 WHERE exp_e='08-21247373' AND c_asigna='300314' AND status IN ('0','3','B') [1][0] OK
C:[26/11/2013 13:22:51.91][201.248.68.101][1613] SELECT par_cod_asig1,par_cod_asig2,par_cod_asig3 FROM tblaca009 WHERE pensum='5' AND c_uni_ca='5' AND c_asigna='355721' [1][0] OK
C:[26/11/2013 13:22:51.91][201.248.68.101][1613] SELECT par_cod_asig1,par_cod_asig2,par_cod_asig3 FROM tblaca009 WHERE pensum='5' AND c_uni_ca='5' AND c_asigna='355834' [1][0] OK
C:[26/11/2013 13:22:51.91][201.248.68.101][1613] SELECT par_cod_asig1,par_cod_asig2,par_cod_asig3 FROM tblaca009 WHERE pensum='5' AND c_uni_ca='5' AND c_asigna='355833' [1][0] OK
C:[26/11/2013 13:22:51.91][201.248.68.101][1613] SELECT par_cod_asig1,par_cod_asig2,par_cod_asig3 FROM tblaca009 WHERE pensum='5' AND c_uni_ca='5' AND c_asigna='355720' [1][0] OK
C:[26/11/2013 13:22:51.91][201.248.68.101][1613] SELECT par_cod_asig1,par_cod_asig2,par_cod_asig3 FROM tblaca009 WHERE pensum='5' AND c_uni_ca='5' AND c_asigna='300956' [1][0] OK
C:[26/11/2013 13:51:41.06][190.198.248.3][1569] SELECT pre_cod_asig1,pre_cod_asig2,pre_cod_asig3,pre_cod_asig4,pre_cod_asig5,pre_cod_asig6,pre_cod_asig7 FROM tblaca009 WHERE pensum='5' AND c_uni_ca='4' AND c_asigna='300226' [1][0] OK
C:[26/11/2013 13:51:41.06][190.198.248.3][1582] SELECT c_asigna FROM dace004 WHERE exp_e='07-18917199' AND c_asigna='300116' AND status IN ('0','3','B') [1][0] OK
C:[26/11/2013 13:51:41.06][190.198.248.3][1569] SELECT pre_cod_asig1,pre_cod_asig2,pre_cod_asig3,pre_cod_asig4,pre_cod_asig5,pre_cod_asig6,pre_cod_asig7 FROM tblaca009 WHERE pensum='5' AND c_uni_ca='4' AND c_asigna='300318' [1][0] OK
C:[26/11/2013 13:51:41.06][190.198.248.3][1582] SELECT c_asigna FROM dace004 WHERE exp_e='07-18917199' AND c_asigna='300228' AND status IN ('0','3','B') [1][0] OK
C:[26/11/2013 13:51:41.06][190.198.248.3][1582] SELECT c_asigna FROM dace004 WHERE exp_e='07-18917199' AND c_asigna='300207' AND status IN ('0','3','B') [1][0] OK
C:[26/11/2013 13:51:41.06][190.198.248.3][1582] SELECT c_asigna FROM dace004 WHERE exp_e='07-18917199' AND c_asigna='300218' AND status IN ('0','3','B') [1][0] OK
C:[26/11/2013 13:51:41.06][190.198.248.3][1569] SELECT pre_cod_asig1,pre_cod_asig2,pre_cod_asig3,pre_cod_asig4,pre_cod_asig5,pre_cod_asig6,pre_cod_asig7 FROM tblaca009 WHERE pensum='5' AND c_uni_ca='4' AND c_asigna='330310' [1][0] OK
C:[26/11/2013 13:51:41.06][190.198.248.3][1582] SELECT c_asigna FROM dace004 WHERE exp_e='07-18917199' AND c_asigna='300013' AND status IN ('0','3','B') [1][0] OK
C:[26/11/2013 13:51:41.06][190.198.248.3][1582] SELECT c_asigna FROM dace004 WHERE exp_e='07-18917199' AND c_asigna='300113' AND status IN ('0','3','B') [1][0] OK
C:[26/11/2013 13:51:41.06][190.198.248.3][1569] SELECT pre_cod_asig1,pre_cod_asig2,pre_cod_asig3,pre_cod_asig4,pre_cod_asig5,pre_cod_asig6,pre_cod_asig7 FROM tblaca009 WHERE pensum='5' AND c_uni_ca='4' AND c_asigna='300317' [1][0] OK
C:[26/11/2013 13:51:41.06][190.198.248.3][1582] SELECT c_asigna FROM dace004 WHERE exp_e='07-18917199' AND c_asigna='300207' AND status IN ('0','3','B') [1][0] OK
C:[26/11/2013 13:51:41.06][190.198.248.3][1582] SELECT c_asigna FROM dace004 WHERE exp_e='07-18917199' AND c_asigna='300209' AND status IN ('0','3','B') [1][0] OK
C:[26/11/2013 13:51:41.12][190.198.248.3][1613] SELECT par_cod_asig1,par_cod_asig2,par_cod_asig3 FROM tblaca009 WHERE pensum='5' AND c_uni_ca='4' AND c_asigna='300226' [1][0] OK
C:[26/11/2013 13:51:41.12][190.198.248.3][1613] SELECT par_cod_asig1,par_cod_asig2,par_cod_asig3 FROM tblaca009 WHERE pensum='5' AND c_uni_ca='4' AND c_asigna='300318' [1][0] OK
C:[26/11/2013 13:51:41.12][190.198.248.3][1613] SELECT par_cod_asig1,par_cod_asig2,par_cod_asig3 FROM tblaca009 WHERE pensum='5' AND c_uni_ca='4' AND c_asigna='330310' [1][0] OK
C:[26/11/2013 13:51:41.12][190.198.248.3][1613] SELECT par_cod_asig1,par_cod_asig2,par_cod_asig3 FROM tblaca009 WHERE pensum='5' AND c_uni_ca='4' AND c_asigna='300317' [1][0] OK
C:[26/11/2013 14:55:33.03][201.248.68.101][1569] SELECT pre_cod_asig1,pre_cod_asig2,pre_cod_asig3,pre_cod_asig4,pre_cod_asig5,pre_cod_asig6,pre_cod_asig7 FROM tblaca009 WHERE pensum='5' AND c_uni_ca='6' AND c_asigna='300428' [1][0] OK
C:[26/11/2013 14:55:33.03][201.248.68.101][1582] SELECT c_asigna FROM dace004 WHERE exp_e='09-20298396' AND c_asigna='300317' AND status IN ('0','3','B') [1][0] OK
C:[26/11/2013 14:55:33.03][201.248.68.101][1582] SELECT c_asigna FROM dace004 WHERE exp_e='09-20298396' AND c_asigna='300209' AND status IN ('0','3','B') [1][0] OK
C:[26/11/2013 14:55:33.03][201.248.68.101][1569] SELECT pre_cod_asig1,pre_cod_asig2,pre_cod_asig3,pre_cod_asig4,pre_cod_asig5,pre_cod_asig6,pre_cod_asig7 FROM tblaca009 WHERE pensum='5' AND c_uni_ca='6' AND c_asigna='300422' [1][0] OK
C:[26/11/2013 14:55:33.03][201.248.68.101][1582] SELECT c_asigna FROM dace004 WHERE exp_e='09-20298396' AND c_asigna='300105' AND status IN ('0','3','B') [1][0] OK
C:[26/11/2013 14:55:33.03][201.248.68.101][1582] SELECT c_asigna FROM dace004 WHERE exp_e='09-20298396' AND c_asigna='300314' AND status IN ('0','3','B') [1][0] OK
C:[26/11/2013 14:55:33.03][201.248.68.101][1569] SELECT pre_cod_asig1,pre_cod_asig2,pre_cod_asig3,pre_cod_asig4,pre_cod_asig5,pre_cod_asig6,pre_cod_asig7 FROM tblaca009 WHERE pensum='5' AND c_uni_ca='6' AND c_asigna='342444' [1][0] OK
C:[26/11/2013 14:55:33.03][201.248.68.101][1582] SELECT c_asigna FROM dace004 WHERE exp_e='09-20298396' AND c_asigna='340323' AND status IN ('0','3','B') [1][0] OK
C:[26/11/2013 14:55:33.03][201.248.68.101][1569] SELECT pre_cod_asig1,pre_cod_asig2,pre_cod_asig3,pre_cod_asig4,pre_cod_asig5,pre_cod_asig6,pre_cod_asig7 FROM tblaca009 WHERE pensum='5' AND c_uni_ca='6' AND c_asigna='342559' [1][0] OK
C:[26/11/2013 14:55:33.03][201.248.68.101][1582] SELECT c_asigna FROM dace004 WHERE exp_e='09-20298396' AND c_asigna='342436' AND status IN ('0','3','B') [1][0] OK
C:[26/11/2013 14:55:33.03][201.248.68.101][1569] SELECT pre_cod_asig1,pre_cod_asig2,pre_cod_asig3,pre_cod_asig4,pre_cod_asig5,pre_cod_asig6,pre_cod_asig7 FROM tblaca009 WHERE pensum='5' AND c_uni_ca='6' AND c_asigna='300676' [1][0] OK
C:[26/11/2013 14:55:33.03][201.248.68.101][1569] SELECT pre_cod_asig1,pre_cod_asig2,pre_cod_asig3,pre_cod_asig4,pre_cod_asig5,pre_cod_asig6,pre_cod_asig7 FROM tblaca009 WHERE pensum='5' AND c_uni_ca='6' AND c_asigna='344687' [1][0] OK
C:[26/11/2013 14:55:33.03][201.248.68.101][1582] SELECT c_asigna FROM dace004 WHERE exp_e='09-20298396' AND c_asigna='344565' AND status IN ('0','3','B') [1][0] OK
C:[26/11/2013 14:55:33.22][201.248.68.101][1613] SELECT par_cod_asig1,par_cod_asig2,par_cod_asig3 FROM tblaca009 WHERE pensum='5' AND c_uni_ca='6' AND c_asigna='300428' [1][0] OK
C:[26/11/2013 14:55:33.22][201.248.68.101][1613] SELECT par_cod_asig1,par_cod_asig2,par_cod_asig3 FROM tblaca009 WHERE pensum='5' AND c_uni_ca='6' AND c_asigna='300422' [1][0] OK
C:[26/11/2013 14:55:33.22][201.248.68.101][1613] SELECT par_cod_asig1,par_cod_asig2,par_cod_asig3 FROM tblaca009 WHERE pensum='5' AND c_uni_ca='6' AND c_asigna='342444' [1][0] OK
C:[26/11/2013 14:55:33.22][201.248.68.101][1613] SELECT par_cod_asig1,par_cod_asig2,par_cod_asig3 FROM tblaca009 WHERE pensum='5' AND c_uni_ca='6' AND c_asigna='342559' [1][0] OK
C:[26/11/2013 14:55:33.22][201.248.68.101][1613] SELECT par_cod_asig1,par_cod_asig2,par_cod_asig3 FROM tblaca009 WHERE pensum='5' AND c_uni_ca='6' AND c_asigna='300676' [1][0] OK
C:[26/11/2013 14:55:33.22][201.248.68.101][1613] SELECT par_cod_asig1,par_cod_asig2,par_cod_asig3 FROM tblaca009 WHERE pensum='5' AND c_uni_ca='6' AND c_asigna='344687' [1][0] OK
C:[26/11/2013 15:07:06.47][201.248.68.101][1569] SELECT pre_cod_asig1,pre_cod_asig2,pre_cod_asig3,pre_cod_asig4,pre_cod_asig5,pre_cod_asig6,pre_cod_asig7 FROM tblaca009 WHERE pensum='5' AND c_uni_ca='6' AND c_asigna='340323' [1][0] OK
C:[26/11/2013 15:07:06.47][201.248.68.101][1582] SELECT c_asigna FROM dace004 WHERE exp_e='10-21340415' AND c_asigna='300228' AND status IN ('0','3','B') [1][0] OK
C:[26/11/2013 15:07:06.47][201.248.68.101][1582] SELECT c_asigna FROM dace004 WHERE exp_e='10-21340415' AND c_asigna='300207' AND status IN ('0','3','B') [1][0] OK
C:[26/11/2013 15:07:06.47][201.248.68.101][1569] SELECT pre_cod_asig1,pre_cod_asig2,pre_cod_asig3,pre_cod_asig4,pre_cod_asig5,pre_cod_asig6,pre_cod_asig7 FROM tblaca009 WHERE pensum='5' AND c_uni_ca='6' AND c_asigna='344445' [1][0] OK
C:[26/11/2013 15:07:06.47][201.248.68.101][1569] SELECT pre_cod_asig1,pre_cod_asig2,pre_cod_asig3,pre_cod_asig4,pre_cod_asig5,pre_cod_asig6,pre_cod_asig7 FROM tblaca009 WHERE pensum='5' AND c_uni_ca='6' AND c_asigna='344446' [1][0] OK
C:[26/11/2013 15:07:06.47][201.248.68.101][1582] SELECT c_asigna FROM dace004 WHERE exp_e='10-21340415' AND c_asigna='300317' AND status IN ('0','3','B') [1][0] OK
C:[26/11/2013 15:07:06.47][201.248.68.101][1582] SELECT c_asigna FROM dace004 WHERE exp_e='10-21340415' AND c_asigna='300313' AND status IN ('0','3','B') [1][0] OK
C:[26/11/2013 15:07:06.47][201.248.68.101][1582] SELECT c_asigna FROM dace004 WHERE exp_e='10-21340415' AND c_asigna='300209' AND status IN ('0','3','B') [1][0] OK
C:[26/11/2013 15:07:06.47][201.248.68.101][1582] SELECT c_asigna FROM dace004 WHERE exp_e='10-21340415' AND c_asigna='300222' AND status IN ('0','3','B') [1][0] OK
C:[26/11/2013 15:07:06.47][201.248.68.101][1582] SELECT c_asigna FROM dace004 WHERE exp_e='10-21340415' AND c_asigna='300226' AND status IN ('0','3','B') [1][0] OK
C:[26/11/2013 15:07:06.47][201.248.68.101][1569] SELECT pre_cod_asig1,pre_cod_asig2,pre_cod_asig3,pre_cod_asig4,pre_cod_asig5,pre_cod_asig6,pre_cod_asig7 FROM tblaca009 WHERE pensum='5' AND c_uni_ca='6' AND c_asigna='300422' [1][0] OK
C:[26/11/2013 15:07:06.47][201.248.68.101][1582] SELECT c_asigna FROM dace004 WHERE exp_e='10-21340415' AND c_asigna='300105' AND status IN ('0','3','B') [1][0] OK
C:[26/11/2013 15:07:06.47][201.248.68.101][1582] SELECT c_asigna FROM dace004 WHERE exp_e='10-21340415' AND c_asigna='300314' AND status IN ('0','3','B') [1][0] OK
C:[26/11/2013 15:07:06.47][201.248.68.101][1569] SELECT pre_cod_asig1,pre_cod_asig2,pre_cod_asig3,pre_cod_asig4,pre_cod_asig5,pre_cod_asig6,pre_cod_asig7 FROM tblaca009 WHERE pensum='5' AND c_uni_ca='6' AND c_asigna='311561' [1][0] OK
C:[26/11/2013 15:07:06.47][201.248.68.101][1582] SELECT c_asigna FROM dace004 WHERE exp_e='10-21340415' AND c_asigna='300318' AND status IN ('0','3','B') [1][0] OK
C:[26/11/2013 15:07:06.91][201.248.68.101][1613] SELECT par_cod_asig1,par_cod_asig2,par_cod_asig3 FROM tblaca009 WHERE pensum='5' AND c_uni_ca='6' AND c_asigna='340323' [1][0] OK
C:[26/11/2013 15:07:06.91][201.248.68.101][1613] SELECT par_cod_asig1,par_cod_asig2,par_cod_asig3 FROM tblaca009 WHERE pensum='5' AND c_uni_ca='6' AND c_asigna='344445' [1][0] OK
C:[26/11/2013 15:07:06.91][201.248.68.101][1613] SELECT par_cod_asig1,par_cod_asig2,par_cod_asig3 FROM tblaca009 WHERE pensum='5' AND c_uni_ca='6' AND c_asigna='344446' [1][0] OK
C:[26/11/2013 15:07:06.91][201.248.68.101][1613] SELECT par_cod_asig1,par_cod_asig2,par_cod_asig3 FROM tblaca009 WHERE pensum='5' AND c_uni_ca='6' AND c_asigna='300422' [1][0] OK
C:[26/11/2013 15:07:06.91][201.248.68.101][1613] SELECT par_cod_asig1,par_cod_asig2,par_cod_asig3 FROM tblaca009 WHERE pensum='5' AND c_uni_ca='6' AND c_asigna='311561' [1][0] OK
C:[26/11/2013 15:07:07.53][201.248.68.101][1684] SELECT c_asigna FROM tblaca009 WHERE pensum='5' AND c_uni_ca='6' AND ((par_cod_asig1='342436') OR (par_cod_asig2='342436') OR (par_cod_asig3='342436'))  [0][0] OK
C:[26/11/2013 15:09:49.11][201.248.68.101][1569] SELECT pre_cod_asig1,pre_cod_asig2,pre_cod_asig3,pre_cod_asig4,pre_cod_asig5,pre_cod_asig6,pre_cod_asig7 FROM tblaca009 WHERE pensum='5' AND c_uni_ca='6' AND c_asigna='340323' [1][0] OK
C:[26/11/2013 15:09:49.11][201.248.68.101][1582] SELECT c_asigna FROM dace004 WHERE exp_e='10-21340415' AND c_asigna='300228' AND status IN ('0','3','B') [1][0] OK
C:[26/11/2013 15:09:49.11][201.248.68.101][1582] SELECT c_asigna FROM dace004 WHERE exp_e='10-21340415' AND c_asigna='300207' AND status IN ('0','3','B') [1][0] OK
C:[26/11/2013 15:09:49.11][201.248.68.101][1569] SELECT pre_cod_asig1,pre_cod_asig2,pre_cod_asig3,pre_cod_asig4,pre_cod_asig5,pre_cod_asig6,pre_cod_asig7 FROM tblaca009 WHERE pensum='5' AND c_uni_ca='6' AND c_asigna='344445' [1][0] OK
C:[26/11/2013 15:09:49.11][201.248.68.101][1569] SELECT pre_cod_asig1,pre_cod_asig2,pre_cod_asig3,pre_cod_asig4,pre_cod_asig5,pre_cod_asig6,pre_cod_asig7 FROM tblaca009 WHERE pensum='5' AND c_uni_ca='6' AND c_asigna='344446' [1][0] OK
C:[26/11/2013 15:09:49.11][201.248.68.101][1582] SELECT c_asigna FROM dace004 WHERE exp_e='10-21340415' AND c_asigna='300317' AND status IN ('0','3','B') [1][0] OK
C:[26/11/2013 15:09:49.11][201.248.68.101][1582] SELECT c_asigna FROM dace004 WHERE exp_e='10-21340415' AND c_asigna='300313' AND status IN ('0','3','B') [1][0] OK
C:[26/11/2013 15:09:49.11][201.248.68.101][1582] SELECT c_asigna FROM dace004 WHERE exp_e='10-21340415' AND c_asigna='300209' AND status IN ('0','3','B') [1][0] OK
C:[26/11/2013 15:09:49.11][201.248.68.101][1582] SELECT c_asigna FROM dace004 WHERE exp_e='10-21340415' AND c_asigna='300222' AND status IN ('0','3','B') [1][0] OK
C:[26/11/2013 15:09:49.11][201.248.68.101][1582] SELECT c_asigna FROM dace004 WHERE exp_e='10-21340415' AND c_asigna='300226' AND status IN ('0','3','B') [1][0] OK
C:[26/11/2013 15:09:49.11][201.248.68.101][1569] SELECT pre_cod_asig1,pre_cod_asig2,pre_cod_asig3,pre_cod_asig4,pre_cod_asig5,pre_cod_asig6,pre_cod_asig7 FROM tblaca009 WHERE pensum='5' AND c_uni_ca='6' AND c_asigna='300422' [1][0] OK
C:[26/11/2013 15:09:49.11][201.248.68.101][1582] SELECT c_asigna FROM dace004 WHERE exp_e='10-21340415' AND c_asigna='300105' AND status IN ('0','3','B') [1][0] OK
C:[26/11/2013 15:09:49.11][201.248.68.101][1582] SELECT c_asigna FROM dace004 WHERE exp_e='10-21340415' AND c_asigna='300314' AND status IN ('0','3','B') [1][0] OK
C:[26/11/2013 15:09:50.30][201.248.68.101][1613] SELECT par_cod_asig1,par_cod_asig2,par_cod_asig3 FROM tblaca009 WHERE pensum='5' AND c_uni_ca='6' AND c_asigna='340323' [1][0] OK
C:[26/11/2013 15:09:50.30][201.248.68.101][1613] SELECT par_cod_asig1,par_cod_asig2,par_cod_asig3 FROM tblaca009 WHERE pensum='5' AND c_uni_ca='6' AND c_asigna='344445' [1][0] OK
C:[26/11/2013 15:09:50.30][201.248.68.101][1613] SELECT par_cod_asig1,par_cod_asig2,par_cod_asig3 FROM tblaca009 WHERE pensum='5' AND c_uni_ca='6' AND c_asigna='344446' [1][0] OK
C:[26/11/2013 15:09:50.30][201.248.68.101][1613] SELECT par_cod_asig1,par_cod_asig2,par_cod_asig3 FROM tblaca009 WHERE pensum='5' AND c_uni_ca='6' AND c_asigna='300422' [1][0] OK
C:[26/11/2013 15:09:50.80][201.248.68.101][1684] SELECT c_asigna FROM tblaca009 WHERE pensum='5' AND c_uni_ca='6' AND ((par_cod_asig1='311561') OR (par_cod_asig2='311561') OR (par_cod_asig3='311561'))  [0][0] OK
C:[26/11/2013 16:00:49.94][172.16.4.250][1569] SELECT pre_cod_asig1,pre_cod_asig2,pre_cod_asig3,pre_cod_asig4,pre_cod_asig5,pre_cod_asig6,pre_cod_asig7 FROM tblaca009 WHERE pensum='5' AND c_uni_ca='6' AND c_asigna='300428' [1][0] OK
C:[26/11/2013 16:00:49.94][172.16.4.250][1582] SELECT c_asigna FROM dace004 WHERE exp_e='10-21340415' AND c_asigna='300317' AND status IN ('0','3','B') [1][0] OK
C:[26/11/2013 16:00:49.94][172.16.4.250][1582] SELECT c_asigna FROM dace004 WHERE exp_e='10-21340415' AND c_asigna='300209' AND status IN ('0','3','B') [1][0] OK
C:[26/11/2013 16:00:49.94][172.16.4.250][1569] SELECT pre_cod_asig1,pre_cod_asig2,pre_cod_asig3,pre_cod_asig4,pre_cod_asig5,pre_cod_asig6,pre_cod_asig7 FROM tblaca009 WHERE pensum='5' AND c_uni_ca='6' AND c_asigna='340323' [1][0] OK
C:[26/11/2013 16:00:49.94][172.16.4.250][1582] SELECT c_asigna FROM dace004 WHERE exp_e='10-21340415' AND c_asigna='300228' AND status IN ('0','3','B') [1][0] OK
C:[26/11/2013 16:00:49.94][172.16.4.250][1582] SELECT c_asigna FROM dace004 WHERE exp_e='10-21340415' AND c_asigna='300207' AND status IN ('0','3','B') [1][0] OK
C:[26/11/2013 16:00:49.94][172.16.4.250][1569] SELECT pre_cod_asig1,pre_cod_asig2,pre_cod_asig3,pre_cod_asig4,pre_cod_asig5,pre_cod_asig6,pre_cod_asig7 FROM tblaca009 WHERE pensum='5' AND c_uni_ca='6' AND c_asigna='344445' [1][0] OK
C:[26/11/2013 16:00:49.94][172.16.4.250][1569] SELECT pre_cod_asig1,pre_cod_asig2,pre_cod_asig3,pre_cod_asig4,pre_cod_asig5,pre_cod_asig6,pre_cod_asig7 FROM tblaca009 WHERE pensum='5' AND c_uni_ca='6' AND c_asigna='344446' [1][0] OK
C:[26/11/2013 16:00:49.94][172.16.4.250][1582] SELECT c_asigna FROM dace004 WHERE exp_e='10-21340415' AND c_asigna='300317' AND status IN ('0','3','B') [1][0] OK
C:[26/11/2013 16:00:49.94][172.16.4.250][1582] SELECT c_asigna FROM dace004 WHERE exp_e='10-21340415' AND c_asigna='300313' AND status IN ('0','3','B') [1][0] OK
C:[26/11/2013 16:00:49.94][172.16.4.250][1582] SELECT c_asigna FROM dace004 WHERE exp_e='10-21340415' AND c_asigna='300209' AND status IN ('0','3','B') [1][0] OK
C:[26/11/2013 16:00:49.94][172.16.4.250][1582] SELECT c_asigna FROM dace004 WHERE exp_e='10-21340415' AND c_asigna='300222' AND status IN ('0','3','B') [1][0] OK
C:[26/11/2013 16:00:49.94][172.16.4.250][1582] SELECT c_asigna FROM dace004 WHERE exp_e='10-21340415' AND c_asigna='300226' AND status IN ('0','3','B') [1][0] OK
C:[26/11/2013 16:00:49.94][172.16.4.250][1569] SELECT pre_cod_asig1,pre_cod_asig2,pre_cod_asig3,pre_cod_asig4,pre_cod_asig5,pre_cod_asig6,pre_cod_asig7 FROM tblaca009 WHERE pensum='5' AND c_uni_ca='6' AND c_asigna='300422' [1][0] OK
C:[26/11/2013 16:00:49.94][172.16.4.250][1582] SELECT c_asigna FROM dace004 WHERE exp_e='10-21340415' AND c_asigna='300105' AND status IN ('0','3','B') [1][0] OK
C:[26/11/2013 16:00:49.94][172.16.4.250][1582] SELECT c_asigna FROM dace004 WHERE exp_e='10-21340415' AND c_asigna='300314' AND status IN ('0','3','B') [1][0] OK
C:[26/11/2013 16:00:49.51][172.16.4.250][1613] SELECT par_cod_asig1,par_cod_asig2,par_cod_asig3 FROM tblaca009 WHERE pensum='5' AND c_uni_ca='6' AND c_asigna='300428' [1][0] OK
C:[26/11/2013 16:00:49.51][172.16.4.250][1613] SELECT par_cod_asig1,par_cod_asig2,par_cod_asig3 FROM tblaca009 WHERE pensum='5' AND c_uni_ca='6' AND c_asigna='340323' [1][0] OK
C:[26/11/2013 16:00:49.51][172.16.4.250][1613] SELECT par_cod_asig1,par_cod_asig2,par_cod_asig3 FROM tblaca009 WHERE pensum='5' AND c_uni_ca='6' AND c_asigna='344445' [1][0] OK
C:[26/11/2013 16:00:49.51][172.16.4.250][1613] SELECT par_cod_asig1,par_cod_asig2,par_cod_asig3 FROM tblaca009 WHERE pensum='5' AND c_uni_ca='6' AND c_asigna='344446' [1][0] OK
C:[26/11/2013 16:00:49.51][172.16.4.250][1613] SELECT par_cod_asig1,par_cod_asig2,par_cod_asig3 FROM tblaca009 WHERE pensum='5' AND c_uni_ca='6' AND c_asigna='300422' [1][0] OK
C:[26/11/2013 16:02:21.26][172.16.4.250][1569] SELECT pre_cod_asig1,pre_cod_asig2,pre_cod_asig3,pre_cod_asig4,pre_cod_asig5,pre_cod_asig6,pre_cod_asig7 FROM tblaca009 WHERE pensum='5' AND c_uni_ca='2' AND c_asigna='322433' [1][0] OK
C:[26/11/2013 16:02:21.26][172.16.4.250][1582] SELECT c_asigna FROM dace004 WHERE exp_e='08-20223561' AND c_asigna='320323' AND status IN ('0','3','B') [1][0] OK
C:[26/11/2013 16:02:21.26][172.16.4.250][1582] SELECT c_asigna FROM dace004 WHERE exp_e='08-20223561' AND c_asigna='300209' AND status IN ('0','3','B') [1][0] OK
C:[26/11/2013 16:02:21.26][172.16.4.250][1569] SELECT pre_cod_asig1,pre_cod_asig2,pre_cod_asig3,pre_cod_asig4,pre_cod_asig5,pre_cod_asig6,pre_cod_asig7 FROM tblaca009 WHERE pensum='5' AND c_uni_ca='2' AND c_asigna='323528' [1][0] OK
C:[26/11/2013 16:02:21.26][172.16.4.250][1569] SELECT pre_cod_asig1,pre_cod_asig2,pre_cod_asig3,pre_cod_asig4,pre_cod_asig5,pre_cod_asig6,pre_cod_asig7 FROM tblaca009 WHERE pensum='5' AND c_uni_ca='2' AND c_asigna='322436' [1][0] OK
C:[26/11/2013 16:02:21.26][172.16.4.250][1582] SELECT c_asigna FROM dace004 WHERE exp_e='08-20223561' AND c_asigna='300317' AND status IN ('0','3','B') [1][0] OK
C:[26/11/2013 16:02:21.26][172.16.4.250][1582] SELECT c_asigna FROM dace004 WHERE exp_e='08-20223561' AND c_asigna='320311' AND status IN ('0','3','B') [1][0] OK
C:[26/11/2013 16:02:21.26][172.16.4.250][1569] SELECT pre_cod_asig1,pre_cod_asig2,pre_cod_asig3,pre_cod_asig4,pre_cod_asig5,pre_cod_asig6,pre_cod_asig7 FROM tblaca009 WHERE pensum='5' AND c_uni_ca='2' AND c_asigna='322560' [1][0] OK
C:[26/11/2013 16:02:21.26][172.16.4.250][1569] SELECT pre_cod_asig1,pre_cod_asig2,pre_cod_asig3,pre_cod_asig4,pre_cod_asig5,pre_cod_asig6,pre_cod_asig7 FROM tblaca009 WHERE pensum='5' AND c_uni_ca='2' AND c_asigna='300313' [1][0] OK
C:[26/11/2013 16:02:21.26][172.16.4.250][1582] SELECT c_asigna FROM dace004 WHERE exp_e='08-20223561' AND c_asigna='300213' AND status IN ('0','3','B') [1][0] OK
C:[26/11/2013 16:02:21.26][172.16.4.250][1582] SELECT c_asigna FROM dace004 WHERE exp_e='08-20223561' AND c_asigna='300226' AND status IN ('0','3','B') [1][0] OK
C:[26/11/2013 16:02:21.26][172.16.4.250][1582] SELECT c_asigna FROM dace004 WHERE exp_e='08-20223561' AND c_asigna='300209' AND status IN ('0','3','B') [1][0] OK
C:[26/11/2013 16:02:21.32][172.16.4.250][1613] SELECT par_cod_asig1,par_cod_asig2,par_cod_asig3 FROM tblaca009 WHERE pensum='5' AND c_uni_ca='2' AND c_asigna='322433' [1][0] OK
C:[26/11/2013 16:02:21.32][172.16.4.250][1613] SELECT par_cod_asig1,par_cod_asig2,par_cod_asig3 FROM tblaca009 WHERE pensum='5' AND c_uni_ca='2' AND c_asigna='323528' [1][0] OK
C:[26/11/2013 16:02:21.32][172.16.4.250][1613] SELECT par_cod_asig1,par_cod_asig2,par_cod_asig3 FROM tblaca009 WHERE pensum='5' AND c_uni_ca='2' AND c_asigna='322436' [1][0] OK
C:[26/11/2013 16:02:21.32][172.16.4.250][1613] SELECT par_cod_asig1,par_cod_asig2,par_cod_asig3 FROM tblaca009 WHERE pensum='5' AND c_uni_ca='2' AND c_asigna='322560' [1][0] OK
C:[26/11/2013 16:02:21.32][172.16.4.250][1627] SELECT c_asigna FROM dace004 WHERE exp_e='08-20223561' AND c_asigna='323528' AND status IN ('0','3','B','C') [0][0] OK
C:[26/11/2013 16:02:21.32][172.16.4.250][1613] SELECT par_cod_asig1,par_cod_asig2,par_cod_asig3 FROM tblaca009 WHERE pensum='5' AND c_uni_ca='2' AND c_asigna='300313' [1][0] OK
C:[26/11/2013 16:07:18.56][172.16.4.250][1569] SELECT pre_cod_asig1,pre_cod_asig2,pre_cod_asig3,pre_cod_asig4,pre_cod_asig5,pre_cod_asig6,pre_cod_asig7 FROM tblaca009 WHERE pensum='5' AND c_uni_ca='6' AND c_asigna='342436' [1][0] OK
C:[26/11/2013 16:07:18.56][172.16.4.250][1582] SELECT c_asigna FROM dace004 WHERE exp_e='10-21340415' AND c_asigna='300318' AND status IN ('0','3','B') [1][0] OK
C:[26/11/2013 16:07:18.56][172.16.4.250][1582] SELECT c_asigna FROM dace004 WHERE exp_e='10-21340415' AND c_asigna='300317' AND status IN ('0','3','B') [1][0] OK
C:[26/11/2013 16:07:18.56][172.16.4.250][1569] SELECT pre_cod_asig1,pre_cod_asig2,pre_cod_asig3,pre_cod_asig4,pre_cod_asig5,pre_cod_asig6,pre_cod_asig7 FROM tblaca009 WHERE pensum='5' AND c_uni_ca='6' AND c_asigna='340323' [1][0] OK
C:[26/11/2013 16:07:18.56][172.16.4.250][1582] SELECT c_asigna FROM dace004 WHERE exp_e='10-21340415' AND c_asigna='300228' AND status IN ('0','3','B') [1][0] OK
C:[26/11/2013 16:07:18.56][172.16.4.250][1582] SELECT c_asigna FROM dace004 WHERE exp_e='10-21340415' AND c_asigna='300207' AND status IN ('0','3','B') [1][0] OK
C:[26/11/2013 16:07:18.56][172.16.4.250][1569] SELECT pre_cod_asig1,pre_cod_asig2,pre_cod_asig3,pre_cod_asig4,pre_cod_asig5,pre_cod_asig6,pre_cod_asig7 FROM tblaca009 WHERE pensum='5' AND c_uni_ca='6' AND c_asigna='344445' [1][0] OK
C:[26/11/2013 16:07:18.56][172.16.4.250][1569] SELECT pre_cod_asig1,pre_cod_asig2,pre_cod_asig3,pre_cod_asig4,pre_cod_asig5,pre_cod_asig6,pre_cod_asig7 FROM tblaca009 WHERE pensum='5' AND c_uni_ca='6' AND c_asigna='344446' [1][0] OK
C:[26/11/2013 16:07:18.56][172.16.4.250][1582] SELECT c_asigna FROM dace004 WHERE exp_e='10-21340415' AND c_asigna='300317' AND status IN ('0','3','B') [1][0] OK
C:[26/11/2013 16:07:18.56][172.16.4.250][1582] SELECT c_asigna FROM dace004 WHERE exp_e='10-21340415' AND c_asigna='300313' AND status IN ('0','3','B') [1][0] OK
C:[26/11/2013 16:07:18.56][172.16.4.250][1582] SELECT c_asigna FROM dace004 WHERE exp_e='10-21340415' AND c_asigna='300209' AND status IN ('0','3','B') [1][0] OK
C:[26/11/2013 16:07:18.56][172.16.4.250][1582] SELECT c_asigna FROM dace004 WHERE exp_e='10-21340415' AND c_asigna='300222' AND status IN ('0','3','B') [1][0] OK
C:[26/11/2013 16:07:18.56][172.16.4.250][1582] SELECT c_asigna FROM dace004 WHERE exp_e='10-21340415' AND c_asigna='300226' AND status IN ('0','3','B') [1][0] OK
C:[26/11/2013 16:07:18.56][172.16.4.250][1569] SELECT pre_cod_asig1,pre_cod_asig2,pre_cod_asig3,pre_cod_asig4,pre_cod_asig5,pre_cod_asig6,pre_cod_asig7 FROM tblaca009 WHERE pensum='5' AND c_uni_ca='6' AND c_asigna='300422' [1][0] OK
C:[26/11/2013 16:07:18.56][172.16.4.250][1582] SELECT c_asigna FROM dace004 WHERE exp_e='10-21340415' AND c_asigna='300105' AND status IN ('0','3','B') [1][0] OK
C:[26/11/2013 16:07:18.56][172.16.4.250][1582] SELECT c_asigna FROM dace004 WHERE exp_e='10-21340415' AND c_asigna='300314' AND status IN ('0','3','B') [1][0] OK
C:[26/11/2013 16:07:19.12][172.16.4.250][1613] SELECT par_cod_asig1,par_cod_asig2,par_cod_asig3 FROM tblaca009 WHERE pensum='5' AND c_uni_ca='6' AND c_asigna='342436' [1][0] OK
C:[26/11/2013 16:07:19.12][172.16.4.250][1613] SELECT par_cod_asig1,par_cod_asig2,par_cod_asig3 FROM tblaca009 WHERE pensum='5' AND c_uni_ca='6' AND c_asigna='340323' [1][0] OK
C:[26/11/2013 16:07:19.12][172.16.4.250][1613] SELECT par_cod_asig1,par_cod_asig2,par_cod_asig3 FROM tblaca009 WHERE pensum='5' AND c_uni_ca='6' AND c_asigna='344445' [1][0] OK
C:[26/11/2013 16:07:19.12][172.16.4.250][1613] SELECT par_cod_asig1,par_cod_asig2,par_cod_asig3 FROM tblaca009 WHERE pensum='5' AND c_uni_ca='6' AND c_asigna='344446' [1][0] OK
C:[26/11/2013 16:07:19.12][172.16.4.250][1613] SELECT par_cod_asig1,par_cod_asig2,par_cod_asig3 FROM tblaca009 WHERE pensum='5' AND c_uni_ca='6' AND c_asigna='300422' [1][0] OK
C:[26/11/2013 16:07:19.75][172.16.4.250][1684] SELECT c_asigna FROM tblaca009 WHERE pensum='5' AND c_uni_ca='6' AND ((par_cod_asig1='300428') OR (par_cod_asig2='300428') OR (par_cod_asig3='300428'))  [0][0] OK
C:[26/11/2013 16:07:40.53][172.16.4.250][1569] SELECT pre_cod_asig1,pre_cod_asig2,pre_cod_asig3,pre_cod_asig4,pre_cod_asig5,pre_cod_asig6,pre_cod_asig7 FROM tblaca009 WHERE pensum='5' AND c_uni_ca='6' AND c_asigna='300428' [1][0] OK
C:[26/11/2013 16:07:40.53][172.16.4.250][1582] SELECT c_asigna FROM dace004 WHERE exp_e='10-21340415' AND c_asigna='300317' AND status IN ('0','3','B') [1][0] OK
C:[26/11/2013 16:07:40.53][172.16.4.250][1582] SELECT c_asigna FROM dace004 WHERE exp_e='10-21340415' AND c_asigna='300209' AND status IN ('0','3','B') [1][0] OK
C:[26/11/2013 16:07:40.53][172.16.4.250][1569] SELECT pre_cod_asig1,pre_cod_asig2,pre_cod_asig3,pre_cod_asig4,pre_cod_asig5,pre_cod_asig6,pre_cod_asig7 FROM tblaca009 WHERE pensum='5' AND c_uni_ca='6' AND c_asigna='340323' [1][0] OK
C:[26/11/2013 16:07:40.53][172.16.4.250][1582] SELECT c_asigna FROM dace004 WHERE exp_e='10-21340415' AND c_asigna='300228' AND status IN ('0','3','B') [1][0] OK
C:[26/11/2013 16:07:40.53][172.16.4.250][1582] SELECT c_asigna FROM dace004 WHERE exp_e='10-21340415' AND c_asigna='300207' AND status IN ('0','3','B') [1][0] OK
C:[26/11/2013 16:07:40.53][172.16.4.250][1569] SELECT pre_cod_asig1,pre_cod_asig2,pre_cod_asig3,pre_cod_asig4,pre_cod_asig5,pre_cod_asig6,pre_cod_asig7 FROM tblaca009 WHERE pensum='5' AND c_uni_ca='6' AND c_asigna='344445' [1][0] OK
C:[26/11/2013 16:07:40.53][172.16.4.250][1569] SELECT pre_cod_asig1,pre_cod_asig2,pre_cod_asig3,pre_cod_asig4,pre_cod_asig5,pre_cod_asig6,pre_cod_asig7 FROM tblaca009 WHERE pensum='5' AND c_uni_ca='6' AND c_asigna='344446' [1][0] OK
C:[26/11/2013 16:07:40.53][172.16.4.250][1582] SELECT c_asigna FROM dace004 WHERE exp_e='10-21340415' AND c_asigna='300317' AND status IN ('0','3','B') [1][0] OK
C:[26/11/2013 16:07:40.53][172.16.4.250][1582] SELECT c_asigna FROM dace004 WHERE exp_e='10-21340415' AND c_asigna='300313' AND status IN ('0','3','B') [1][0] OK
C:[26/11/2013 16:07:40.53][172.16.4.250][1582] SELECT c_asigna FROM dace004 WHERE exp_e='10-21340415' AND c_asigna='300209' AND status IN ('0','3','B') [1][0] OK
C:[26/11/2013 16:07:40.53][172.16.4.250][1582] SELECT c_asigna FROM dace004 WHERE exp_e='10-21340415' AND c_asigna='300222' AND status IN ('0','3','B') [1][0] OK
C:[26/11/2013 16:07:40.53][172.16.4.250][1582] SELECT c_asigna FROM dace004 WHERE exp_e='10-21340415' AND c_asigna='300226' AND status IN ('0','3','B') [1][0] OK
C:[26/11/2013 16:07:40.53][172.16.4.250][1569] SELECT pre_cod_asig1,pre_cod_asig2,pre_cod_asig3,pre_cod_asig4,pre_cod_asig5,pre_cod_asig6,pre_cod_asig7 FROM tblaca009 WHERE pensum='5' AND c_uni_ca='6' AND c_asigna='300422' [1][0] OK
C:[26/11/2013 16:07:40.53][172.16.4.250][1582] SELECT c_asigna FROM dace004 WHERE exp_e='10-21340415' AND c_asigna='300105' AND status IN ('0','3','B') [1][0] OK
C:[26/11/2013 16:07:40.53][172.16.4.250][1582] SELECT c_asigna FROM dace004 WHERE exp_e='10-21340415' AND c_asigna='300314' AND status IN ('0','3','B') [1][0] OK
C:[26/11/2013 16:07:40.08][172.16.4.250][1613] SELECT par_cod_asig1,par_cod_asig2,par_cod_asig3 FROM tblaca009 WHERE pensum='5' AND c_uni_ca='6' AND c_asigna='300428' [1][0] OK
C:[26/11/2013 16:07:40.08][172.16.4.250][1613] SELECT par_cod_asig1,par_cod_asig2,par_cod_asig3 FROM tblaca009 WHERE pensum='5' AND c_uni_ca='6' AND c_asigna='340323' [1][0] OK
C:[26/11/2013 16:07:40.08][172.16.4.250][1613] SELECT par_cod_asig1,par_cod_asig2,par_cod_asig3 FROM tblaca009 WHERE pensum='5' AND c_uni_ca='6' AND c_asigna='344445' [1][0] OK
C:[26/11/2013 16:07:40.08][172.16.4.250][1613] SELECT par_cod_asig1,par_cod_asig2,par_cod_asig3 FROM tblaca009 WHERE pensum='5' AND c_uni_ca='6' AND c_asigna='344446' [1][0] OK
C:[26/11/2013 16:07:40.08][172.16.4.250][1613] SELECT par_cod_asig1,par_cod_asig2,par_cod_asig3 FROM tblaca009 WHERE pensum='5' AND c_uni_ca='6' AND c_asigna='300422' [1][0] OK
C:[26/11/2013 16:07:40.70][172.16.4.250][1684] SELECT c_asigna FROM tblaca009 WHERE pensum='5' AND c_uni_ca='6' AND ((par_cod_asig1='342436') OR (par_cod_asig2='342436') OR (par_cod_asig3='342436'))  [0][0] OK
C:[26/11/2013 16:44:55.91][74.82.64.144][1569] SELECT pre_cod_asig1,pre_cod_asig2,pre_cod_asig3,pre_cod_asig4,pre_cod_asig5,pre_cod_asig6,pre_cod_asig7 FROM tblaca009 WHERE pensum='5' AND c_uni_ca='6' AND c_asigna='300228' [1][0] OK
C:[26/11/2013 16:44:55.91][74.82.64.144][1582] SELECT c_asigna FROM dace004 WHERE exp_e='12-24889169' AND c_asigna='300101' AND status IN ('0','3','B') [1][0] OK
C:[26/11/2013 16:44:55.91][74.82.64.144][1569] SELECT pre_cod_asig1,pre_cod_asig2,pre_cod_asig3,pre_cod_asig4,pre_cod_asig5,pre_cod_asig6,pre_cod_asig7 FROM tblaca009 WHERE pensum='5' AND c_uni_ca='6' AND c_asigna='300213' [1][0] OK
C:[26/11/2013 16:44:55.91][74.82.64.144][1582] SELECT c_asigna FROM dace004 WHERE exp_e='12-24889169' AND c_asigna='300101' AND status IN ('0','3','B') [1][0] OK
C:[26/11/2013 16:44:55.91][74.82.64.144][1569] SELECT pre_cod_asig1,pre_cod_asig2,pre_cod_asig3,pre_cod_asig4,pre_cod_asig5,pre_cod_asig6,pre_cod_asig7 FROM tblaca009 WHERE pensum='5' AND c_uni_ca='6' AND c_asigna='300222' [1][0] OK
C:[26/11/2013 16:44:55.91][74.82.64.144][1582] SELECT c_asigna FROM dace004 WHERE exp_e='12-24889169' AND c_asigna='300112' AND status IN ('0','3','B') [1][0] OK
C:[26/11/2013 16:44:55.91][74.82.64.144][1569] SELECT pre_cod_asig1,pre_cod_asig2,pre_cod_asig3,pre_cod_asig4,pre_cod_asig5,pre_cod_asig6,pre_cod_asig7 FROM tblaca009 WHERE pensum='5' AND c_uni_ca='6' AND c_asigna='300207' [1][0] OK
C:[26/11/2013 16:44:55.91][74.82.64.144][1582] SELECT c_asigna FROM dace004 WHERE exp_e='12-24889169' AND c_asigna='300101' AND status IN ('0','3','B') [1][0] OK
C:[26/11/2013 16:44:55.91][74.82.64.144][1569] SELECT pre_cod_asig1,pre_cod_asig2,pre_cod_asig3,pre_cod_asig4,pre_cod_asig5,pre_cod_asig6,pre_cod_asig7 FROM tblaca009 WHERE pensum='5' AND c_uni_ca='6' AND c_asigna='300209' [1][0] OK
C:[26/11/2013 16:44:55.91][74.82.64.144][1582] SELECT c_asigna FROM dace004 WHERE exp_e='12-24889169' AND c_asigna='300101' AND status IN ('0','3','B') [1][0] OK
C:[26/11/2013 16:44:55.91][74.82.64.144][1569] SELECT pre_cod_asig1,pre_cod_asig2,pre_cod_asig3,pre_cod_asig4,pre_cod_asig5,pre_cod_asig6,pre_cod_asig7 FROM tblaca009 WHERE pensum='5' AND c_uni_ca='6' AND c_asigna='300314' [1][0] OK
C:[26/11/2013 16:44:55.91][74.82.64.144][1582] SELECT c_asigna FROM dace004 WHERE exp_e='12-24889169' AND c_asigna='300106' AND status IN ('0','3','B') [1][0] OK
C:[26/11/2013 16:44:55.97][74.82.64.144][1613] SELECT par_cod_asig1,par_cod_asig2,par_cod_asig3 FROM tblaca009 WHERE pensum='5' AND c_uni_ca='6' AND c_asigna='300228' [1][0] OK
C:[26/11/2013 16:44:55.97][74.82.64.144][1613] SELECT par_cod_asig1,par_cod_asig2,par_cod_asig3 FROM tblaca009 WHERE pensum='5' AND c_uni_ca='6' AND c_asigna='300213' [1][0] OK
C:[26/11/2013 16:44:55.97][74.82.64.144][1627] SELECT c_asigna FROM dace004 WHERE exp_e='12-24889169' AND c_asigna='300209' AND status IN ('0','3','B','C') [0][0] OK
C:[26/11/2013 16:44:55.97][74.82.64.144][1613] SELECT par_cod_asig1,par_cod_asig2,par_cod_asig3 FROM tblaca009 WHERE pensum='5' AND c_uni_ca='6' AND c_asigna='300222' [1][0] OK
C:[26/11/2013 16:44:55.97][74.82.64.144][1613] SELECT par_cod_asig1,par_cod_asig2,par_cod_asig3 FROM tblaca009 WHERE pensum='5' AND c_uni_ca='6' AND c_asigna='300207' [1][0] OK
C:[26/11/2013 16:44:55.97][74.82.64.144][1613] SELECT par_cod_asig1,par_cod_asig2,par_cod_asig3 FROM tblaca009 WHERE pensum='5' AND c_uni_ca='6' AND c_asigna='300209' [1][0] OK
C:[26/11/2013 16:44:55.97][74.82.64.144][1613] SELECT par_cod_asig1,par_cod_asig2,par_cod_asig3 FROM tblaca009 WHERE pensum='5' AND c_uni_ca='6' AND c_asigna='300314' [1][0] OK
C:[26/11/2013 17:39:59.50][190.198.248.3][1569] SELECT pre_cod_asig1,pre_cod_asig2,pre_cod_asig3,pre_cod_asig4,pre_cod_asig5,pre_cod_asig6,pre_cod_asig7 FROM tblaca009 WHERE pensum='5' AND c_uni_ca='2' AND c_asigna='300101' [1][0] OK
C:[26/11/2013 17:39:59.50][190.198.248.3][1569] SELECT pre_cod_asig1,pre_cod_asig2,pre_cod_asig3,pre_cod_asig4,pre_cod_asig5,pre_cod_asig6,pre_cod_asig7 FROM tblaca009 WHERE pensum='5' AND c_uni_ca='2' AND c_asigna='300013' [1][0] OK
C:[26/11/2013 17:39:59.50][190.198.248.3][1569] SELECT pre_cod_asig1,pre_cod_asig2,pre_cod_asig3,pre_cod_asig4,pre_cod_asig5,pre_cod_asig6,pre_cod_asig7 FROM tblaca009 WHERE pensum='5' AND c_uni_ca='2' AND c_asigna='300112' [1][0] OK
C:[26/11/2013 17:40:00.44][190.198.248.3][1613] SELECT par_cod_asig1,par_cod_asig2,par_cod_asig3 FROM tblaca009 WHERE pensum='5' AND c_uni_ca='2' AND c_asigna='300101' [1][0] OK
C:[26/11/2013 17:40:00.44][190.198.248.3][1613] SELECT par_cod_asig1,par_cod_asig2,par_cod_asig3 FROM tblaca009 WHERE pensum='5' AND c_uni_ca='2' AND c_asigna='300013' [1][0] OK
C:[26/11/2013 17:40:00.44][190.198.248.3][1613] SELECT par_cod_asig1,par_cod_asig2,par_cod_asig3 FROM tblaca009 WHERE pensum='5' AND c_uni_ca='2' AND c_asigna='300112' [1][0] OK
C:[26/11/2013 20:07:18.09][190.77.216.118][1569] SELECT pre_cod_asig1,pre_cod_asig2,pre_cod_asig3,pre_cod_asig4,pre_cod_asig5,pre_cod_asig6,pre_cod_asig7 FROM tblaca009 WHERE pensum='5' AND c_uni_ca='4' AND c_asigna='300213' [1][0] OK
C:[26/11/2013 20:07:18.09][190.77.216.118][1582] SELECT c_asigna FROM dace004 WHERE exp_e='08-21196570' AND c_asigna='300101' AND status IN ('0','3','B') [1][0] OK
C:[26/11/2013 20:07:18.09][190.77.216.118][1569] SELECT pre_cod_asig1,pre_cod_asig2,pre_cod_asig3,pre_cod_asig4,pre_cod_asig5,pre_cod_asig6,pre_cod_asig7 FROM tblaca009 WHERE pensum='5' AND c_uni_ca='4' AND c_asigna='300207' [1][0] OK
C:[26/11/2013 20:07:18.09][190.77.216.118][1582] SELECT c_asigna FROM dace004 WHERE exp_e='08-21196570' AND c_asigna='300101' AND status IN ('0','3','B') [1][0] OK
C:[26/11/2013 20:07:18.09][190.77.216.118][1569] SELECT pre_cod_asig1,pre_cod_asig2,pre_cod_asig3,pre_cod_asig4,pre_cod_asig5,pre_cod_asig6,pre_cod_asig7 FROM tblaca009 WHERE pensum='5' AND c_uni_ca='4' AND c_asigna='330310' [1][0] OK
C:[26/11/2013 20:07:18.09][190.77.216.118][1582] SELECT c_asigna FROM dace004 WHERE exp_e='08-21196570' AND c_asigna='300013' AND status IN ('0','3','B') [1][0] OK
C:[26/11/2013 20:07:18.09][190.77.216.118][1582] SELECT c_asigna FROM dace004 WHERE exp_e='08-21196570' AND c_asigna='300113' AND status IN ('0','3','B') [1][0] OK
C:[26/11/2013 20:07:18.52][190.77.216.118][1613] SELECT par_cod_asig1,par_cod_asig2,par_cod_asig3 FROM tblaca009 WHERE pensum='5' AND c_uni_ca='4' AND c_asigna='300213' [1][0] OK
C:[26/11/2013 20:07:18.52][190.77.216.118][1627] SELECT c_asigna FROM dace004 WHERE exp_e='08-21196570' AND c_asigna='300209' AND status IN ('0','3','B','C') [1][0] OK
C:[26/11/2013 20:07:18.52][190.77.216.118][1613] SELECT par_cod_asig1,par_cod_asig2,par_cod_asig3 FROM tblaca009 WHERE pensum='5' AND c_uni_ca='4' AND c_asigna='300207' [1][0] OK
C:[26/11/2013 20:07:18.52][190.77.216.118][1613] SELECT par_cod_asig1,par_cod_asig2,par_cod_asig3 FROM tblaca009 WHERE pensum='5' AND c_uni_ca='4' AND c_asigna='330310' [1][0] OK
C:[26/11/2013 20:09:20.11][190.94.251.2][1569] SELECT pre_cod_asig1,pre_cod_asig2,pre_cod_asig3,pre_cod_asig4,pre_cod_asig5,pre_cod_asig6,pre_cod_asig7 FROM tblaca009 WHERE pensum='5' AND c_uni_ca='2' AND c_asigna='300226' [1][0] OK
C:[26/11/2013 20:09:20.11][190.94.251.2][1582] SELECT c_asigna FROM dace004 WHERE exp_e='12-21111853' AND c_asigna='300116' AND status IN ('0','3','B') [1][0] OK
C:[26/11/2013 20:09:20.11][190.94.251.2][1569] SELECT pre_cod_asig1,pre_cod_asig2,pre_cod_asig3,pre_cod_asig4,pre_cod_asig5,pre_cod_asig6,pre_cod_asig7 FROM tblaca009 WHERE pensum='5' AND c_uni_ca='2' AND c_asigna='300317' [1][0] OK
C:[26/11/2013 20:09:20.11][190.94.251.2][1582] SELECT c_asigna FROM dace004 WHERE exp_e='12-21111853' AND c_asigna='300207' AND status IN ('0','3','B') [1][0] OK
C:[26/11/2013 20:09:20.11][190.94.251.2][1582] SELECT c_asigna FROM dace004 WHERE exp_e='12-21111853' AND c_asigna='300209' AND status IN ('0','3','B') [1][0] OK
C:[26/11/2013 20:09:20.11][190.94.251.2][1569] SELECT pre_cod_asig1,pre_cod_asig2,pre_cod_asig3,pre_cod_asig4,pre_cod_asig5,pre_cod_asig6,pre_cod_asig7 FROM tblaca009 WHERE pensum='5' AND c_uni_ca='2' AND c_asigna='300318' [1][0] OK
C:[26/11/2013 20:09:20.11][190.94.251.2][1582] SELECT c_asigna FROM dace004 WHERE exp_e='12-21111853' AND c_asigna='300228' AND status IN ('0','3','B') [1][0] OK
C:[26/11/2013 20:09:20.11][190.94.251.2][1582] SELECT c_asigna FROM dace004 WHERE exp_e='12-21111853' AND c_asigna='300207' AND status IN ('0','3','B') [1][0] OK
C:[26/11/2013 20:09:20.11][190.94.251.2][1582] SELECT c_asigna FROM dace004 WHERE exp_e='12-21111853' AND c_asigna='300218' AND status IN ('0','3','B') [1][0] OK
C:[26/11/2013 20:09:20.11][190.94.251.2][1569] SELECT pre_cod_asig1,pre_cod_asig2,pre_cod_asig3,pre_cod_asig4,pre_cod_asig5,pre_cod_asig6,pre_cod_asig7 FROM tblaca009 WHERE pensum='5' AND c_uni_ca='2' AND c_asigna='322449' [1][0] OK
C:[26/11/2013 20:09:20.11][190.94.251.2][1582] SELECT c_asigna FROM dace004 WHERE exp_e='12-21111853' AND c_asigna='300222' AND status IN ('0','3','B') [1][0] OK
C:[26/11/2013 20:09:20.05][190.94.251.2][1613] SELECT par_cod_asig1,par_cod_asig2,par_cod_asig3 FROM tblaca009 WHERE pensum='5' AND c_uni_ca='2' AND c_asigna='300226' [1][0] OK
C:[26/11/2013 20:09:20.05][190.94.251.2][1613] SELECT par_cod_asig1,par_cod_asig2,par_cod_asig3 FROM tblaca009 WHERE pensum='5' AND c_uni_ca='2' AND c_asigna='300317' [1][0] OK
C:[26/11/2013 20:09:20.05][190.94.251.2][1613] SELECT par_cod_asig1,par_cod_asig2,par_cod_asig3 FROM tblaca009 WHERE pensum='5' AND c_uni_ca='2' AND c_asigna='300318' [1][0] OK
C:[26/11/2013 20:09:20.05][190.94.251.2][1613] SELECT par_cod_asig1,par_cod_asig2,par_cod_asig3 FROM tblaca009 WHERE pensum='5' AND c_uni_ca='2' AND c_asigna='322449' [1][0] OK
C:[26/11/2013 20:12:10.73][190.94.251.2][1569] SELECT pre_cod_asig1,pre_cod_asig2,pre_cod_asig3,pre_cod_asig4,pre_cod_asig5,pre_cod_asig6,pre_cod_asig7 FROM tblaca009 WHERE pensum='5' AND c_uni_ca='2' AND c_asigna='300226' [1][0] OK
C:[26/11/2013 20:12:10.73][190.94.251.2][1582] SELECT c_asigna FROM dace004 WHERE exp_e='12-21111853' AND c_asigna='300116' AND status IN ('0','3','B') [1][0] OK
C:[26/11/2013 20:12:10.73][190.94.251.2][1569] SELECT pre_cod_asig1,pre_cod_asig2,pre_cod_asig3,pre_cod_asig4,pre_cod_asig5,pre_cod_asig6,pre_cod_asig7 FROM tblaca009 WHERE pensum='5' AND c_uni_ca='2' AND c_asigna='300317' [1][0] OK
C:[26/11/2013 20:12:10.73][190.94.251.2][1582] SELECT c_asigna FROM dace004 WHERE exp_e='12-21111853' AND c_asigna='300207' AND status IN ('0','3','B') [1][0] OK
C:[26/11/2013 20:12:10.73][190.94.251.2][1582] SELECT c_asigna FROM dace004 WHERE exp_e='12-21111853' AND c_asigna='300209' AND status IN ('0','3','B') [1][0] OK
C:[26/11/2013 20:12:10.73][190.94.251.2][1569] SELECT pre_cod_asig1,pre_cod_asig2,pre_cod_asig3,pre_cod_asig4,pre_cod_asig5,pre_cod_asig6,pre_cod_asig7 FROM tblaca009 WHERE pensum='5' AND c_uni_ca='2' AND c_asigna='300318' [1][0] OK
C:[26/11/2013 20:12:10.73][190.94.251.2][1582] SELECT c_asigna FROM dace004 WHERE exp_e='12-21111853' AND c_asigna='300228' AND status IN ('0','3','B') [1][0] OK
C:[26/11/2013 20:12:10.73][190.94.251.2][1582] SELECT c_asigna FROM dace004 WHERE exp_e='12-21111853' AND c_asigna='300207' AND status IN ('0','3','B') [1][0] OK
C:[26/11/2013 20:12:10.73][190.94.251.2][1582] SELECT c_asigna FROM dace004 WHERE exp_e='12-21111853' AND c_asigna='300218' AND status IN ('0','3','B') [1][0] OK
C:[26/11/2013 20:12:10.73][190.94.251.2][1569] SELECT pre_cod_asig1,pre_cod_asig2,pre_cod_asig3,pre_cod_asig4,pre_cod_asig5,pre_cod_asig6,pre_cod_asig7 FROM tblaca009 WHERE pensum='5' AND c_uni_ca='2' AND c_asigna='322449' [1][0] OK
C:[26/11/2013 20:12:10.73][190.94.251.2][1582] SELECT c_asigna FROM dace004 WHERE exp_e='12-21111853' AND c_asigna='300222' AND status IN ('0','3','B') [1][0] OK
C:[26/11/2013 20:12:10.67][190.94.251.2][1613] SELECT par_cod_asig1,par_cod_asig2,par_cod_asig3 FROM tblaca009 WHERE pensum='5' AND c_uni_ca='2' AND c_asigna='300226' [1][0] OK
C:[26/11/2013 20:12:10.67][190.94.251.2][1613] SELECT par_cod_asig1,par_cod_asig2,par_cod_asig3 FROM tblaca009 WHERE pensum='5' AND c_uni_ca='2' AND c_asigna='300317' [1][0] OK
C:[26/11/2013 20:12:10.67][190.94.251.2][1613] SELECT par_cod_asig1,par_cod_asig2,par_cod_asig3 FROM tblaca009 WHERE pensum='5' AND c_uni_ca='2' AND c_asigna='300318' [1][0] OK
C:[26/11/2013 20:12:10.67][190.94.251.2][1613] SELECT par_cod_asig1,par_cod_asig2,par_cod_asig3 FROM tblaca009 WHERE pensum='5' AND c_uni_ca='2' AND c_asigna='322449' [1][0] OK
C:[26/11/2013 20:13:55.32][190.94.251.2][1569] SELECT pre_cod_asig1,pre_cod_asig2,pre_cod_asig3,pre_cod_asig4,pre_cod_asig5,pre_cod_asig6,pre_cod_asig7 FROM tblaca009 WHERE pensum='5' AND c_uni_ca='2' AND c_asigna='300226' [1][0] OK
C:[26/11/2013 20:13:55.32][190.94.251.2][1582] SELECT c_asigna FROM dace004 WHERE exp_e='12-21111853' AND c_asigna='300116' AND status IN ('0','3','B') [1][0] OK
C:[26/11/2013 20:13:55.32][190.94.251.2][1569] SELECT pre_cod_asig1,pre_cod_asig2,pre_cod_asig3,pre_cod_asig4,pre_cod_asig5,pre_cod_asig6,pre_cod_asig7 FROM tblaca009 WHERE pensum='5' AND c_uni_ca='2' AND c_asigna='300317' [1][0] OK
C:[26/11/2013 20:13:55.32][190.94.251.2][1582] SELECT c_asigna FROM dace004 WHERE exp_e='12-21111853' AND c_asigna='300207' AND status IN ('0','3','B') [1][0] OK
C:[26/11/2013 20:13:55.32][190.94.251.2][1582] SELECT c_asigna FROM dace004 WHERE exp_e='12-21111853' AND c_asigna='300209' AND status IN ('0','3','B') [1][0] OK
C:[26/11/2013 20:13:55.32][190.94.251.2][1569] SELECT pre_cod_asig1,pre_cod_asig2,pre_cod_asig3,pre_cod_asig4,pre_cod_asig5,pre_cod_asig6,pre_cod_asig7 FROM tblaca009 WHERE pensum='5' AND c_uni_ca='2' AND c_asigna='300318' [1][0] OK
C:[26/11/2013 20:13:55.32][190.94.251.2][1582] SELECT c_asigna FROM dace004 WHERE exp_e='12-21111853' AND c_asigna='300228' AND status IN ('0','3','B') [1][0] OK
C:[26/11/2013 20:13:55.32][190.94.251.2][1582] SELECT c_asigna FROM dace004 WHERE exp_e='12-21111853' AND c_asigna='300207' AND status IN ('0','3','B') [1][0] OK
C:[26/11/2013 20:13:55.32][190.94.251.2][1582] SELECT c_asigna FROM dace004 WHERE exp_e='12-21111853' AND c_asigna='300218' AND status IN ('0','3','B') [1][0] OK
C:[26/11/2013 20:13:55.32][190.94.251.2][1569] SELECT pre_cod_asig1,pre_cod_asig2,pre_cod_asig3,pre_cod_asig4,pre_cod_asig5,pre_cod_asig6,pre_cod_asig7 FROM tblaca009 WHERE pensum='5' AND c_uni_ca='2' AND c_asigna='322449' [1][0] OK
C:[26/11/2013 20:13:55.32][190.94.251.2][1582] SELECT c_asigna FROM dace004 WHERE exp_e='12-21111853' AND c_asigna='300222' AND status IN ('0','3','B') [1][0] OK
C:[26/11/2013 20:13:55.26][190.94.251.2][1613] SELECT par_cod_asig1,par_cod_asig2,par_cod_asig3 FROM tblaca009 WHERE pensum='5' AND c_uni_ca='2' AND c_asigna='300226' [1][0] OK
C:[26/11/2013 20:13:55.26][190.94.251.2][1613] SELECT par_cod_asig1,par_cod_asig2,par_cod_asig3 FROM tblaca009 WHERE pensum='5' AND c_uni_ca='2' AND c_asigna='300317' [1][0] OK
C:[26/11/2013 20:13:55.26][190.94.251.2][1613] SELECT par_cod_asig1,par_cod_asig2,par_cod_asig3 FROM tblaca009 WHERE pensum='5' AND c_uni_ca='2' AND c_asigna='300318' [1][0] OK
C:[26/11/2013 20:13:55.26][190.94.251.2][1613] SELECT par_cod_asig1,par_cod_asig2,par_cod_asig3 FROM tblaca009 WHERE pensum='5' AND c_uni_ca='2' AND c_asigna='322449' [1][0] OK
C:[26/11/2013 22:12:16.78][190.73.237.201][1569] SELECT pre_cod_asig1,pre_cod_asig2,pre_cod_asig3,pre_cod_asig4,pre_cod_asig5,pre_cod_asig6,pre_cod_asig7 FROM tblaca009 WHERE pensum='5' AND c_uni_ca='2' AND c_asigna='300428' [1][0] OK
C:[26/11/2013 22:12:16.78][190.73.237.201][1582] SELECT c_asigna FROM dace004 WHERE exp_e='08-19093841' AND c_asigna='300317' AND status IN ('0','3','B') [1][0] OK
C:[26/11/2013 22:12:16.78][190.73.237.201][1582] SELECT c_asigna FROM dace004 WHERE exp_e='08-19093841' AND c_asigna='300209' AND status IN ('0','3','B') [1][0] OK
C:[26/11/2013 22:12:16.78][190.73.237.201][1569] SELECT pre_cod_asig1,pre_cod_asig2,pre_cod_asig3,pre_cod_asig4,pre_cod_asig5,pre_cod_asig6,pre_cod_asig7 FROM tblaca009 WHERE pensum='5' AND c_uni_ca='2' AND c_asigna='320323' [1][0] OK
C:[26/11/2013 22:12:16.78][190.73.237.201][1582] SELECT c_asigna FROM dace004 WHERE exp_e='08-19093841' AND c_asigna='300228' AND status IN ('0','3','B') [1][0] OK
C:[26/11/2013 22:12:16.78][190.73.237.201][1582] SELECT c_asigna FROM dace004 WHERE exp_e='08-19093841' AND c_asigna='300218' AND status IN ('0','3','B') [1][0] OK
C:[26/11/2013 22:12:16.78][190.73.237.201][1569] SELECT pre_cod_asig1,pre_cod_asig2,pre_cod_asig3,pre_cod_asig4,pre_cod_asig5,pre_cod_asig6,pre_cod_asig7 FROM tblaca009 WHERE pensum='5' AND c_uni_ca='2' AND c_asigna='322449' [1][0] OK
C:[26/11/2013 22:12:16.78][190.73.237.201][1582] SELECT c_asigna FROM dace004 WHERE exp_e='08-19093841' AND c_asigna='300222' AND status IN ('0','3','B') [1][0] OK
C:[26/11/2013 22:12:16.78][190.73.237.201][1569] SELECT pre_cod_asig1,pre_cod_asig2,pre_cod_asig3,pre_cod_asig4,pre_cod_asig5,pre_cod_asig6,pre_cod_asig7 FROM tblaca009 WHERE pensum='5' AND c_uni_ca='2' AND c_asigna='322436' [1][0] OK
C:[26/11/2013 22:12:16.78][190.73.237.201][1582] SELECT c_asigna FROM dace004 WHERE exp_e='08-19093841' AND c_asigna='300317' AND status IN ('0','3','B') [1][0] OK
C:[26/11/2013 22:12:16.78][190.73.237.201][1582] SELECT c_asigna FROM dace004 WHERE exp_e='08-19093841' AND c_asigna='320311' AND status IN ('0','3','B') [1][0] OK
C:[26/11/2013 22:12:16.78][190.73.237.201][1569] SELECT pre_cod_asig1,pre_cod_asig2,pre_cod_asig3,pre_cod_asig4,pre_cod_asig5,pre_cod_asig6,pre_cod_asig7 FROM tblaca009 WHERE pensum='5' AND c_uni_ca='2' AND c_asigna='300318' [1][0] OK
C:[26/11/2013 22:12:16.78][190.73.237.201][1582] SELECT c_asigna FROM dace004 WHERE exp_e='08-19093841' AND c_asigna='300228' AND status IN ('0','3','B') [1][0] OK
C:[26/11/2013 22:12:16.78][190.73.237.201][1582] SELECT c_asigna FROM dace004 WHERE exp_e='08-19093841' AND c_asigna='300207' AND status IN ('0','3','B') [1][0] OK
C:[26/11/2013 22:12:16.78][190.73.237.201][1582] SELECT c_asigna FROM dace004 WHERE exp_e='08-19093841' AND c_asigna='300218' AND status IN ('0','3','B') [1][0] OK
C:[26/11/2013 22:12:16.21][190.73.237.201][1613] SELECT par_cod_asig1,par_cod_asig2,par_cod_asig3 FROM tblaca009 WHERE pensum='5' AND c_uni_ca='2' AND c_asigna='300428' [1][0] OK
C:[26/11/2013 22:12:16.21][190.73.237.201][1613] SELECT par_cod_asig1,par_cod_asig2,par_cod_asig3 FROM tblaca009 WHERE pensum='5' AND c_uni_ca='2' AND c_asigna='320323' [1][0] OK
C:[26/11/2013 22:12:16.21][190.73.237.201][1613] SELECT par_cod_asig1,par_cod_asig2,par_cod_asig3 FROM tblaca009 WHERE pensum='5' AND c_uni_ca='2' AND c_asigna='322449' [1][0] OK
C:[26/11/2013 22:12:16.21][190.73.237.201][1613] SELECT par_cod_asig1,par_cod_asig2,par_cod_asig3 FROM tblaca009 WHERE pensum='5' AND c_uni_ca='2' AND c_asigna='322436' [1][0] OK
C:[26/11/2013 22:12:16.21][190.73.237.201][1613] SELECT par_cod_asig1,par_cod_asig2,par_cod_asig3 FROM tblaca009 WHERE pensum='5' AND c_uni_ca='2' AND c_asigna='300318' [1][0] OK
C:[26/11/2013 22:28:58.08][190.39.28.125][1569] SELECT pre_cod_asig1,pre_cod_asig2,pre_cod_asig3,pre_cod_asig4,pre_cod_asig5,pre_cod_asig6,pre_cod_asig7 FROM tblaca009 WHERE pensum='5' AND c_uni_ca='2' AND c_asigna='300207' [1][0] OK
C:[26/11/2013 22:28:58.08][190.39.28.125][1582] SELECT c_asigna FROM dace004 WHERE exp_e='13-22818918' AND c_asigna='300101' AND status IN ('0','3','B') [1][0] OK
C:[26/11/2013 22:28:58.08][190.39.28.125][1569] SELECT pre_cod_asig1,pre_cod_asig2,pre_cod_asig3,pre_cod_asig4,pre_cod_asig5,pre_cod_asig6,pre_cod_asig7 FROM tblaca009 WHERE pensum='5' AND c_uni_ca='2' AND c_asigna='300013' [1][0] OK
C:[26/11/2013 22:28:58.08][190.39.28.125][1569] SELECT pre_cod_asig1,pre_cod_asig2,pre_cod_asig3,pre_cod_asig4,pre_cod_asig5,pre_cod_asig6,pre_cod_asig7 FROM tblaca009 WHERE pensum='5' AND c_uni_ca='2' AND c_asigna='300105' [1][0] OK
C:[26/11/2013 22:28:58.08][190.39.28.125][1569] SELECT pre_cod_asig1,pre_cod_asig2,pre_cod_asig3,pre_cod_asig4,pre_cod_asig5,pre_cod_asig6,pre_cod_asig7 FROM tblaca009 WHERE pensum='5' AND c_uni_ca='2' AND c_asigna='300113' [1][0] OK
C:[26/11/2013 22:28:58.08][190.39.28.125][1569] SELECT pre_cod_asig1,pre_cod_asig2,pre_cod_asig3,pre_cod_asig4,pre_cod_asig5,pre_cod_asig6,pre_cod_asig7 FROM tblaca009 WHERE pensum='5' AND c_uni_ca='2' AND c_asigna='300116' [1][0] OK
C:[26/11/2013 22:28:58.40][190.39.28.125][1613] SELECT par_cod_asig1,par_cod_asig2,par_cod_asig3 FROM tblaca009 WHERE pensum='5' AND c_uni_ca='2' AND c_asigna='300207' [1][0] OK
C:[26/11/2013 22:28:58.40][190.39.28.125][1613] SELECT par_cod_asig1,par_cod_asig2,par_cod_asig3 FROM tblaca009 WHERE pensum='5' AND c_uni_ca='2' AND c_asigna='300013' [1][0] OK
C:[26/11/2013 22:28:58.40][190.39.28.125][1613] SELECT par_cod_asig1,par_cod_asig2,par_cod_asig3 FROM tblaca009 WHERE pensum='5' AND c_uni_ca='2' AND c_asigna='300105' [1][0] OK
C:[26/11/2013 22:28:58.40][190.39.28.125][1613] SELECT par_cod_asig1,par_cod_asig2,par_cod_asig3 FROM tblaca009 WHERE pensum='5' AND c_uni_ca='2' AND c_asigna='300113' [1][0] OK
C:[26/11/2013 22:28:58.40][190.39.28.125][1627] SELECT c_asigna FROM dace004 WHERE exp_e='13-22818918' AND c_asigna='300013' AND status IN ('0','3','B','C') [0][0] OK
C:[26/11/2013 22:28:58.40][190.39.28.125][1613] SELECT par_cod_asig1,par_cod_asig2,par_cod_asig3 FROM tblaca009 WHERE pensum='5' AND c_uni_ca='2' AND c_asigna='300116' [1][0] OK
C:[26/11/2013 23:28:32.35][190.75.156.35][1569] SELECT pre_cod_asig1,pre_cod_asig2,pre_cod_asig3,pre_cod_asig4,pre_cod_asig5,pre_cod_asig6,pre_cod_asig7 FROM tblaca009 WHERE pensum='5' AND c_uni_ca='3' AND c_asigna='310548' [1][0] OK
C:[26/11/2013 23:28:32.35][190.75.156.35][1582] SELECT c_asigna FROM dace004 WHERE exp_e='05-18248843' AND c_asigna='300428' AND status IN ('0','3','B') [1][0] OK
C:[26/11/2013 23:28:32.35][190.75.156.35][1582] SELECT c_asigna FROM dace004 WHERE exp_e='05-18248843' AND c_asigna='300313' AND status IN ('0','3','B') [1][0] OK
C:[26/11/2013 23:28:32.35][190.75.156.35][1582] SELECT c_asigna FROM dace004 WHERE exp_e='05-18248843' AND c_asigna='300222' AND status IN ('0','3','B') [1][0] OK
C:[26/11/2013 23:28:32.35][190.75.156.35][1582] SELECT c_asigna FROM dace004 WHERE exp_e='05-18248843' AND c_asigna='300226' AND status IN ('0','3','B') [1][0] OK
C:[26/11/2013 23:28:32.35][190.75.156.35][1582] SELECT c_asigna FROM dace004 WHERE exp_e='05-18248843' AND c_asigna='300209' AND status IN ('0','3','B') [1][0] OK
C:[26/11/2013 23:28:32.35][190.75.156.35][1569] SELECT pre_cod_asig1,pre_cod_asig2,pre_cod_asig3,pre_cod_asig4,pre_cod_asig5,pre_cod_asig6,pre_cod_asig7 FROM tblaca009 WHERE pensum='5' AND c_uni_ca='3' AND c_asigna='315552' [1][0] OK
C:[26/11/2013 23:28:32.35][190.75.156.35][1582] SELECT c_asigna FROM dace004 WHERE exp_e='05-18248843' AND c_asigna='311430' AND status IN ('0','3','B') [1][0] OK
C:[26/11/2013 23:28:32.35][190.75.156.35][1582] SELECT c_asigna FROM dace004 WHERE exp_e='05-18248843' AND c_asigna='300222' AND status IN ('0','3','B') [1][0] OK
C:[26/11/2013 23:28:32.35][190.75.156.35][1582] SELECT c_asigna FROM dace004 WHERE exp_e='05-18248843' AND c_asigna='300226' AND status IN ('0','3','B') [1][0] OK
C:[26/11/2013 23:28:32.35][190.75.156.35][1582] SELECT c_asigna FROM dace004 WHERE exp_e='05-18248843' AND c_asigna='300209' AND status IN ('0','3','B') [1][0] OK
C:[26/11/2013 23:28:32.35][190.75.156.35][1569] SELECT pre_cod_asig1,pre_cod_asig2,pre_cod_asig3,pre_cod_asig4,pre_cod_asig5,pre_cod_asig6,pre_cod_asig7 FROM tblaca009 WHERE pensum='5' AND c_uni_ca='3' AND c_asigna='311673' [1][0] OK
C:[26/11/2013 23:28:32.35][190.75.156.35][1582] SELECT c_asigna FROM dace004 WHERE exp_e='05-18248843' AND c_asigna='311551' AND status IN ('0','3','B') [1][0] OK
C:[26/11/2013 23:28:32.35][190.75.156.35][1582] SELECT c_asigna FROM dace004 WHERE exp_e='05-18248843' AND c_asigna='311554' AND status IN ('0','3','B') [1][0] OK
C:[26/11/2013 23:28:32.35][190.75.156.35][1582] SELECT c_asigna FROM dace004 WHERE exp_e='05-18248843' AND c_asigna='311320' AND status IN ('0','3','B') [1][0] OK
C:[26/11/2013 23:28:33.78][190.75.156.35][1613] SELECT par_cod_asig1,par_cod_asig2,par_cod_asig3 FROM tblaca009 WHERE pensum='5' AND c_uni_ca='3' AND c_asigna='310548' [1][0] OK
C:[26/11/2013 23:28:33.78][190.75.156.35][1613] SELECT par_cod_asig1,par_cod_asig2,par_cod_asig3 FROM tblaca009 WHERE pensum='5' AND c_uni_ca='3' AND c_asigna='315552' [1][0] OK
C:[26/11/2013 23:28:33.78][190.75.156.35][1613] SELECT par_cod_asig1,par_cod_asig2,par_cod_asig3 FROM tblaca009 WHERE pensum='5' AND c_uni_ca='3' AND c_asigna='311673' [1][0] OK
C:[27/11/2013 09:51:27.78][190.207.44.51][1569] SELECT pre_cod_asig1,pre_cod_asig2,pre_cod_asig3,pre_cod_asig4,pre_cod_asig5,pre_cod_asig6,pre_cod_asig7 FROM tblaca009 WHERE pensum='5' AND c_uni_ca='6' AND c_asigna='300956' [1][0] OK
C:[27/11/2013 09:51:27.78][190.207.44.51][1582] SELECT c_asigna FROM dace004 WHERE exp_e='07-19333590' AND c_asigna='300422' AND status IN ('0','3','B') [1][0] OK
C:[27/11/2013 09:51:27.78][190.207.44.51][1582] SELECT c_asigna FROM dace004 WHERE exp_e='07-19333590' AND c_asigna='300105' AND status IN ('0','3','B') [1][0] OK
C:[27/11/2013 09:51:27.78][190.207.44.51][1582] SELECT c_asigna FROM dace004 WHERE exp_e='07-19333590' AND c_asigna='300314' AND status IN ('0','3','B') [1][0] OK
C:[27/11/2013 09:51:27.78][190.207.44.51][1569] SELECT pre_cod_asig1,pre_cod_asig2,pre_cod_asig3,pre_cod_asig4,pre_cod_asig5,pre_cod_asig6,pre_cod_asig7 FROM tblaca009 WHERE pensum='5' AND c_uni_ca='6' AND c_asigna='344812' [1][0] OK
C:[27/11/2013 09:51:27.78][190.207.44.51][1582] SELECT c_asigna FROM dace004 WHERE exp_e='07-19333590' AND c_asigna='344715' AND status IN ('0','3','B') [1][0] OK
C:[27/11/2013 09:51:27.78][190.207.44.51][1582] SELECT c_asigna FROM dace004 WHERE exp_e='07-19333590' AND c_asigna='344742' AND status IN ('0','3','B') [1][0] OK
C:[27/11/2013 09:51:27.78][190.207.44.51][1569] SELECT pre_cod_asig1,pre_cod_asig2,pre_cod_asig3,pre_cod_asig4,pre_cod_asig5,pre_cod_asig6,pre_cod_asig7 FROM tblaca009 WHERE pensum='5' AND c_uni_ca='6' AND c_asigna='344834' [1][0] OK
C:[27/11/2013 09:51:27.78][190.207.44.51][1582] SELECT c_asigna FROM dace004 WHERE exp_e='07-19333590' AND c_asigna='344715' AND status IN ('0','3','B') [1][0] OK
C:[27/11/2013 09:51:27.78][190.207.44.51][1582] SELECT c_asigna FROM dace004 WHERE exp_e='07-19333590' AND c_asigna='344716' AND status IN ('0','3','B') [1][0] OK
C:[27/11/2013 09:51:27.78][190.207.44.51][1569] SELECT pre_cod_asig1,pre_cod_asig2,pre_cod_asig3,pre_cod_asig4,pre_cod_asig5,pre_cod_asig6,pre_cod_asig7 FROM tblaca009 WHERE pensum='5' AND c_uni_ca='6' AND c_asigna='344047' [1][0] OK
C:[27/11/2013 09:51:27.78][190.207.44.51][1582] SELECT c_asigna FROM dace004 WHERE exp_e='07-19333590' AND c_asigna='344715' AND status IN ('0','3','B') [1][0] OK
C:[27/11/2013 09:51:27.78][190.207.44.51][1582] SELECT c_asigna FROM dace004 WHERE exp_e='07-19333590' AND c_asigna='344843' AND status IN ('0','3','B') [1][0] OK
C:[27/11/2013 09:51:27.78][190.207.44.51][1582] SELECT c_asigna FROM dace004 WHERE exp_e='07-19333590' AND c_asigna='300313' AND status IN ('0','3','B') [1][0] OK
C:[27/11/2013 09:51:27.78][190.207.44.51][1569] SELECT pre_cod_asig1,pre_cod_asig2,pre_cod_asig3,pre_cod_asig4,pre_cod_asig5,pre_cod_asig6,pre_cod_asig7 FROM tblaca009 WHERE pensum='5' AND c_uni_ca='6' AND c_asigna='344953' [1][0] OK
C:[27/11/2013 09:51:27.78][190.207.44.51][1569] SELECT pre_cod_asig1,pre_cod_asig2,pre_cod_asig3,pre_cod_asig4,pre_cod_asig5,pre_cod_asig6,pre_cod_asig7 FROM tblaca009 WHERE pensum='5' AND c_uni_ca='6' AND c_asigna='344965' [1][0] OK
C:[27/11/2013 09:51:27.78][190.207.44.51][1582] SELECT c_asigna FROM dace004 WHERE exp_e='07-19333590' AND c_asigna='344714' AND status IN ('0','3','B') [1][0] OK
C:[27/11/2013 09:51:27.78][190.207.44.51][1569] SELECT pre_cod_asig1,pre_cod_asig2,pre_cod_asig3,pre_cod_asig4,pre_cod_asig5,pre_cod_asig6,pre_cod_asig7 FROM tblaca009 WHERE pensum='5' AND c_uni_ca='6' AND c_asigna='344948' [1][0] OK
C:[27/11/2013 09:51:27.60][190.207.44.51][1613] SELECT par_cod_asig1,par_cod_asig2,par_cod_asig3 FROM tblaca009 WHERE pensum='5' AND c_uni_ca='6' AND c_asigna='300956' [1][0] OK
C:[27/11/2013 09:51:27.60][190.207.44.51][1613] SELECT par_cod_asig1,par_cod_asig2,par_cod_asig3 FROM tblaca009 WHERE pensum='5' AND c_uni_ca='6' AND c_asigna='344812' [1][0] OK
C:[27/11/2013 09:51:27.60][190.207.44.51][1613] SELECT par_cod_asig1,par_cod_asig2,par_cod_asig3 FROM tblaca009 WHERE pensum='5' AND c_uni_ca='6' AND c_asigna='344834' [1][0] OK
C:[27/11/2013 09:51:27.60][190.207.44.51][1613] SELECT par_cod_asig1,par_cod_asig2,par_cod_asig3 FROM tblaca009 WHERE pensum='5' AND c_uni_ca='6' AND c_asigna='344047' [1][0] OK
C:[27/11/2013 09:51:27.60][190.207.44.51][1613] SELECT par_cod_asig1,par_cod_asig2,par_cod_asig3 FROM tblaca009 WHERE pensum='5' AND c_uni_ca='6' AND c_asigna='344953' [1][0] OK
C:[27/11/2013 09:51:27.60][190.207.44.51][1613] SELECT par_cod_asig1,par_cod_asig2,par_cod_asig3 FROM tblaca009 WHERE pensum='5' AND c_uni_ca='6' AND c_asigna='344965' [1][0] OK
C:[27/11/2013 09:51:27.60][190.207.44.51][1613] SELECT par_cod_asig1,par_cod_asig2,par_cod_asig3 FROM tblaca009 WHERE pensum='5' AND c_uni_ca='6' AND c_asigna='344948' [1][0] OK
C:[27/11/2013 10:10:52.02][186.164.21.252][1569] SELECT pre_cod_asig1,pre_cod_asig2,pre_cod_asig3,pre_cod_asig4,pre_cod_asig5,pre_cod_asig6,pre_cod_asig7 FROM tblaca009 WHERE pensum='5' AND c_uni_ca='3' AND c_asigna='311827' [1][0] OK
C:[27/11/2013 10:10:52.02][186.164.21.252][1582] SELECT c_asigna FROM dace004 WHERE exp_e='03-16026873' AND c_asigna='311704' AND status IN ('0','3','B') [1][0] OK
C:[27/11/2013 10:10:52.02][186.164.21.252][1569] SELECT pre_cod_asig1,pre_cod_asig2,pre_cod_asig3,pre_cod_asig4,pre_cod_asig5,pre_cod_asig6,pre_cod_asig7 FROM tblaca009 WHERE pensum='5' AND c_uni_ca='3' AND c_asigna='311655' [1][0] OK
C:[27/11/2013 10:10:52.02][186.164.21.252][1582] SELECT c_asigna FROM dace004 WHERE exp_e='03-16026873' AND c_asigna='311556' AND status IN ('0','3','B') [1][0] OK
C:[27/11/2013 10:10:52.02][186.164.21.252][1569] SELECT pre_cod_asig1,pre_cod_asig2,pre_cod_asig3,pre_cod_asig4,pre_cod_asig5,pre_cod_asig6,pre_cod_asig7 FROM tblaca009 WHERE pensum='5' AND c_uni_ca='3' AND c_asigna='311673' [1][0] OK
C:[27/11/2013 10:10:52.02][186.164.21.252][1582] SELECT c_asigna FROM dace004 WHERE exp_e='03-16026873' AND c_asigna='311551' AND status IN ('0','3','B') [1][0] OK
C:[27/11/2013 10:10:52.02][186.164.21.252][1582] SELECT c_asigna FROM dace004 WHERE exp_e='03-16026873' AND c_asigna='311554' AND status IN ('0','3','B') [1][0] OK
C:[27/11/2013 10:10:52.02][186.164.21.252][1582] SELECT c_asigna FROM dace004 WHERE exp_e='03-16026873' AND c_asigna='311320' AND status IN ('0','3','B') [1][0] OK
C:[27/11/2013 10:10:52.02][186.164.21.252][1569] SELECT pre_cod_asig1,pre_cod_asig2,pre_cod_asig3,pre_cod_asig4,pre_cod_asig5,pre_cod_asig6,pre_cod_asig7 FROM tblaca009 WHERE pensum='5' AND c_uni_ca='3' AND c_asigna='311674' [1][0] OK
C:[27/11/2013 10:10:52.02][186.164.21.252][1582] SELECT c_asigna FROM dace004 WHERE exp_e='03-16026873' AND c_asigna='310548' AND status IN ('0','3','B') [1][0] OK
C:[27/11/2013 10:10:52.02][186.164.21.252][1582] SELECT c_asigna FROM dace004 WHERE exp_e='03-16026873' AND c_asigna='311551' AND status IN ('0','3','B') [1][0] OK
C:[27/11/2013 10:10:52.02][186.164.21.252][1582] SELECT c_asigna FROM dace004 WHERE exp_e='03-16026873' AND c_asigna='311320' AND status IN ('0','3','B') [1][0] OK
C:[27/11/2013 10:10:52.02][186.164.21.252][1569] SELECT pre_cod_asig1,pre_cod_asig2,pre_cod_asig3,pre_cod_asig4,pre_cod_asig5,pre_cod_asig6,pre_cod_asig7 FROM tblaca009 WHERE pensum='5' AND c_uni_ca='3' AND c_asigna='311796' [1][0] OK
C:[27/11/2013 10:10:52.02][186.164.21.252][1582] SELECT c_asigna FROM dace004 WHERE exp_e='03-16026873' AND c_asigna='315671' AND status IN ('0','3','B') [1][0] OK
C:[27/11/2013 10:10:52.02][186.164.21.252][1569] SELECT pre_cod_asig1,pre_cod_asig2,pre_cod_asig3,pre_cod_asig4,pre_cod_asig5,pre_cod_asig6,pre_cod_asig7 FROM tblaca009 WHERE pensum='5' AND c_uni_ca='3' AND c_asigna='314787' [1][0] OK
C:[27/11/2013 10:10:52.02][186.164.21.252][1582] SELECT c_asigna FROM dace004 WHERE exp_e='03-16026873' AND c_asigna='314662' AND status IN ('0','3','B') [1][0] OK
C:[27/11/2013 10:10:53.59][186.164.21.252][1613] SELECT par_cod_asig1,par_cod_asig2,par_cod_asig3 FROM tblaca009 WHERE pensum='5' AND c_uni_ca='3' AND c_asigna='311827' [1][0] OK
C:[27/11/2013 10:10:53.59][186.164.21.252][1613] SELECT par_cod_asig1,par_cod_asig2,par_cod_asig3 FROM tblaca009 WHERE pensum='5' AND c_uni_ca='3' AND c_asigna='311655' [1][0] OK
C:[27/11/2013 10:10:53.59][186.164.21.252][1613] SELECT par_cod_asig1,par_cod_asig2,par_cod_asig3 FROM tblaca009 WHERE pensum='5' AND c_uni_ca='3' AND c_asigna='311673' [1][0] OK
C:[27/11/2013 10:10:53.59][186.164.21.252][1613] SELECT par_cod_asig1,par_cod_asig2,par_cod_asig3 FROM tblaca009 WHERE pensum='5' AND c_uni_ca='3' AND c_asigna='311674' [1][0] OK
C:[27/11/2013 10:10:53.59][186.164.21.252][1613] SELECT par_cod_asig1,par_cod_asig2,par_cod_asig3 FROM tblaca009 WHERE pensum='5' AND c_uni_ca='3' AND c_asigna='311796' [1][0] OK
C:[27/11/2013 10:10:53.59][186.164.21.252][1613] SELECT par_cod_asig1,par_cod_asig2,par_cod_asig3 FROM tblaca009 WHERE pensum='5' AND c_uni_ca='3' AND c_asigna='314787' [1][0] OK
C:[27/11/2013 11:42:59.42][201.248.68.101][1569] SELECT pre_cod_asig1,pre_cod_asig2,pre_cod_asig3,pre_cod_asig4,pre_cod_asig5,pre_cod_asig6,pre_cod_asig7 FROM tblaca009 WHERE pensum='5' AND c_uni_ca='6' AND c_asigna='300013' [1][0] OK
C:[27/11/2013 11:42:59.42][201.248.68.101][1569] SELECT pre_cod_asig1,pre_cod_asig2,pre_cod_asig3,pre_cod_asig4,pre_cod_asig5,pre_cod_asig6,pre_cod_asig7 FROM tblaca009 WHERE pensum='5' AND c_uni_ca='6' AND c_asigna='300116' [1][0] OK
C:[27/11/2013 11:42:59.25][201.248.68.101][1613] SELECT par_cod_asig1,par_cod_asig2,par_cod_asig3 FROM tblaca009 WHERE pensum='5' AND c_uni_ca='6' AND c_asigna='300013' [1][0] OK
C:[27/11/2013 11:42:59.25][201.248.68.101][1613] SELECT par_cod_asig1,par_cod_asig2,par_cod_asig3 FROM tblaca009 WHERE pensum='5' AND c_uni_ca='6' AND c_asigna='300116' [1][0] OK
C:[27/11/2013 15:33:49.75][172.16.4.247][1569] SELECT pre_cod_asig1,pre_cod_asig2,pre_cod_asig3,pre_cod_asig4,pre_cod_asig5,pre_cod_asig6,pre_cod_asig7 FROM tblaca009 WHERE pensum='5' AND c_uni_ca='2' AND c_asigna='300313' [1][0] OK
C:[27/11/2013 15:33:49.75][172.16.4.247][1582] SELECT c_asigna FROM dace004 WHERE exp_e='10-24039070' AND c_asigna='300213' AND status IN ('0','3','B') [1][0] OK
C:[27/11/2013 15:33:49.75][172.16.4.247][1582] SELECT c_asigna FROM dace004 WHERE exp_e='10-24039070' AND c_asigna='300226' AND status IN ('0','3','B') [1][0] OK
C:[27/11/2013 15:33:49.75][172.16.4.247][1582] SELECT c_asigna FROM dace004 WHERE exp_e='10-24039070' AND c_asigna='300209' AND status IN ('0','3','B') [1][0] OK
C:[27/11/2013 15:33:49.75][172.16.4.247][1569] SELECT pre_cod_asig1,pre_cod_asig2,pre_cod_asig3,pre_cod_asig4,pre_cod_asig5,pre_cod_asig6,pre_cod_asig7 FROM tblaca009 WHERE pensum='5' AND c_uni_ca='2' AND c_asigna='300422' [1][0] OK
C:[27/11/2013 15:33:49.75][172.16.4.247][1582] SELECT c_asigna FROM dace004 WHERE exp_e='10-24039070' AND c_asigna='300105' AND status IN ('0','3','B') [1][0] OK
C:[27/11/2013 15:33:49.75][172.16.4.247][1582] SELECT c_asigna FROM dace004 WHERE exp_e='10-24039070' AND c_asigna='300314' AND status IN ('0','3','B') [1][0] OK
C:[27/11/2013 15:33:49.75][172.16.4.247][1569] SELECT pre_cod_asig1,pre_cod_asig2,pre_cod_asig3,pre_cod_asig4,pre_cod_asig5,pre_cod_asig6,pre_cod_asig7 FROM tblaca009 WHERE pensum='5' AND c_uni_ca='2' AND c_asigna='323528' [1][0] OK
C:[27/11/2013 15:33:49.75][172.16.4.247][1569] SELECT pre_cod_asig1,pre_cod_asig2,pre_cod_asig3,pre_cod_asig4,pre_cod_asig5,pre_cod_asig6,pre_cod_asig7 FROM tblaca009 WHERE pensum='5' AND c_uni_ca='2' AND c_asigna='322560' [1][0] OK
C:[27/11/2013 15:33:49.75][172.16.4.247][1569] SELECT pre_cod_asig1,pre_cod_asig2,pre_cod_asig3,pre_cod_asig4,pre_cod_asig5,pre_cod_asig6,pre_cod_asig7 FROM tblaca009 WHERE pensum='5' AND c_uni_ca='2' AND c_asigna='322436' [1][0] OK
C:[27/11/2013 15:33:49.75][172.16.4.247][1582] SELECT c_asigna FROM dace004 WHERE exp_e='10-24039070' AND c_asigna='300317' AND status IN ('0','3','B') [1][0] OK
C:[27/11/2013 15:33:49.75][172.16.4.247][1582] SELECT c_asigna FROM dace004 WHERE exp_e='10-24039070' AND c_asigna='320311' AND status IN ('0','3','B') [1][0] OK
C:[27/11/2013 15:33:49.81][172.16.4.247][1613] SELECT par_cod_asig1,par_cod_asig2,par_cod_asig3 FROM tblaca009 WHERE pensum='5' AND c_uni_ca='2' AND c_asigna='300313' [1][0] OK
C:[27/11/2013 15:33:49.81][172.16.4.247][1613] SELECT par_cod_asig1,par_cod_asig2,par_cod_asig3 FROM tblaca009 WHERE pensum='5' AND c_uni_ca='2' AND c_asigna='300422' [1][0] OK
C:[27/11/2013 15:33:49.81][172.16.4.247][1613] SELECT par_cod_asig1,par_cod_asig2,par_cod_asig3 FROM tblaca009 WHERE pensum='5' AND c_uni_ca='2' AND c_asigna='323528' [1][0] OK
C:[27/11/2013 15:33:49.81][172.16.4.247][1613] SELECT par_cod_asig1,par_cod_asig2,par_cod_asig3 FROM tblaca009 WHERE pensum='5' AND c_uni_ca='2' AND c_asigna='322560' [1][0] OK
C:[27/11/2013 15:33:49.81][172.16.4.247][1627] SELECT c_asigna FROM dace004 WHERE exp_e='10-24039070' AND c_asigna='323528' AND status IN ('0','3','B','C') [0][0] OK
C:[27/11/2013 15:33:49.81][172.16.4.247][1613] SELECT par_cod_asig1,par_cod_asig2,par_cod_asig3 FROM tblaca009 WHERE pensum='5' AND c_uni_ca='2' AND c_asigna='322436' [1][0] OK
C:[27/11/2013 15:34:56.19][172.16.4.247][1569] SELECT pre_cod_asig1,pre_cod_asig2,pre_cod_asig3,pre_cod_asig4,pre_cod_asig5,pre_cod_asig6,pre_cod_asig7 FROM tblaca009 WHERE pensum='5' AND c_uni_ca='2' AND c_asigna='323528' [1][0] OK
C:[27/11/2013 15:34:56.19][172.16.4.247][1569] SELECT pre_cod_asig1,pre_cod_asig2,pre_cod_asig3,pre_cod_asig4,pre_cod_asig5,pre_cod_asig6,pre_cod_asig7 FROM tblaca009 WHERE pensum='5' AND c_uni_ca='2' AND c_asigna='322560' [1][0] OK
C:[27/11/2013 15:34:56.19][172.16.4.247][1569] SELECT pre_cod_asig1,pre_cod_asig2,pre_cod_asig3,pre_cod_asig4,pre_cod_asig5,pre_cod_asig6,pre_cod_asig7 FROM tblaca009 WHERE pensum='5' AND c_uni_ca='2' AND c_asigna='322436' [1][0] OK
C:[27/11/2013 15:34:56.19][172.16.4.247][1582] SELECT c_asigna FROM dace004 WHERE exp_e='10-24039070' AND c_asigna='300317' AND status IN ('0','3','B') [1][0] OK
C:[27/11/2013 15:34:56.19][172.16.4.247][1582] SELECT c_asigna FROM dace004 WHERE exp_e='10-24039070' AND c_asigna='320311' AND status IN ('0','3','B') [1][0] OK
C:[27/11/2013 15:34:56.19][172.16.4.247][1569] SELECT pre_cod_asig1,pre_cod_asig2,pre_cod_asig3,pre_cod_asig4,pre_cod_asig5,pre_cod_asig6,pre_cod_asig7 FROM tblaca009 WHERE pensum='5' AND c_uni_ca='2' AND c_asigna='300313' [1][0] OK
C:[27/11/2013 15:34:56.19][172.16.4.247][1582] SELECT c_asigna FROM dace004 WHERE exp_e='10-24039070' AND c_asigna='300213' AND status IN ('0','3','B') [1][0] OK
C:[27/11/2013 15:34:56.19][172.16.4.247][1582] SELECT c_asigna FROM dace004 WHERE exp_e='10-24039070' AND c_asigna='300226' AND status IN ('0','3','B') [1][0] OK
C:[27/11/2013 15:34:56.19][172.16.4.247][1582] SELECT c_asigna FROM dace004 WHERE exp_e='10-24039070' AND c_asigna='300209' AND status IN ('0','3','B') [1][0] OK
C:[27/11/2013 15:34:56.19][172.16.4.247][1569] SELECT pre_cod_asig1,pre_cod_asig2,pre_cod_asig3,pre_cod_asig4,pre_cod_asig5,pre_cod_asig6,pre_cod_asig7 FROM tblaca009 WHERE pensum='5' AND c_uni_ca='2' AND c_asigna='300422' [1][0] OK
C:[27/11/2013 15:34:56.19][172.16.4.247][1582] SELECT c_asigna FROM dace004 WHERE exp_e='10-24039070' AND c_asigna='300105' AND status IN ('0','3','B') [1][0] OK
C:[27/11/2013 15:34:56.19][172.16.4.247][1582] SELECT c_asigna FROM dace004 WHERE exp_e='10-24039070' AND c_asigna='300314' AND status IN ('0','3','B') [1][0] OK
C:[27/11/2013 15:34:57.25][172.16.4.247][1613] SELECT par_cod_asig1,par_cod_asig2,par_cod_asig3 FROM tblaca009 WHERE pensum='5' AND c_uni_ca='2' AND c_asigna='323528' [1][0] OK
C:[27/11/2013 15:34:57.25][172.16.4.247][1613] SELECT par_cod_asig1,par_cod_asig2,par_cod_asig3 FROM tblaca009 WHERE pensum='5' AND c_uni_ca='2' AND c_asigna='322560' [1][0] OK
C:[27/11/2013 15:34:57.25][172.16.4.247][1627] SELECT c_asigna FROM dace004 WHERE exp_e='10-24039070' AND c_asigna='323528' AND status IN ('0','3','B','C') [0][0] OK
C:[27/11/2013 15:34:57.25][172.16.4.247][1613] SELECT par_cod_asig1,par_cod_asig2,par_cod_asig3 FROM tblaca009 WHERE pensum='5' AND c_uni_ca='2' AND c_asigna='322436' [1][0] OK
C:[27/11/2013 15:34:57.25][172.16.4.247][1613] SELECT par_cod_asig1,par_cod_asig2,par_cod_asig3 FROM tblaca009 WHERE pensum='5' AND c_uni_ca='2' AND c_asigna='300313' [1][0] OK
C:[27/11/2013 15:34:57.25][172.16.4.247][1613] SELECT par_cod_asig1,par_cod_asig2,par_cod_asig3 FROM tblaca009 WHERE pensum='5' AND c_uni_ca='2' AND c_asigna='300422' [1][0] OK
C:[27/11/2013 15:39:37.10][172.16.4.247][1569] SELECT pre_cod_asig1,pre_cod_asig2,pre_cod_asig3,pre_cod_asig4,pre_cod_asig5,pre_cod_asig6,pre_cod_asig7 FROM tblaca009 WHERE pensum='5' AND c_uni_ca='2' AND c_asigna='322433' [1][0] OK
C:[27/11/2013 15:39:37.10][172.16.4.247][1582] SELECT c_asigna FROM dace004 WHERE exp_e='10-21497697' AND c_asigna='320323' AND status IN ('0','3','B') [1][0] OK
C:[27/11/2013 15:39:37.10][172.16.4.247][1582] SELECT c_asigna FROM dace004 WHERE exp_e='10-21497697' AND c_asigna='300209' AND status IN ('0','3','B') [1][0] OK
C:[27/11/2013 15:39:37.10][172.16.4.247][1569] SELECT pre_cod_asig1,pre_cod_asig2,pre_cod_asig3,pre_cod_asig4,pre_cod_asig5,pre_cod_asig6,pre_cod_asig7 FROM tblaca009 WHERE pensum='5' AND c_uni_ca='2' AND c_asigna='300313' [1][0] OK
C:[27/11/2013 15:39:37.10][172.16.4.247][1582] SELECT c_asigna FROM dace004 WHERE exp_e='10-21497697' AND c_asigna='300213' AND status IN ('0','3','B') [1][0] OK
C:[27/11/2013 15:39:37.10][172.16.4.247][1582] SELECT c_asigna FROM dace004 WHERE exp_e='10-21497697' AND c_asigna='300226' AND status IN ('0','3','B') [1][0] OK
C:[27/11/2013 15:39:37.10][172.16.4.247][1582] SELECT c_asigna FROM dace004 WHERE exp_e='10-21497697' AND c_asigna='300209' AND status IN ('0','3','B') [1][0] OK
C:[27/11/2013 15:39:37.10][172.16.4.247][1569] SELECT pre_cod_asig1,pre_cod_asig2,pre_cod_asig3,pre_cod_asig4,pre_cod_asig5,pre_cod_asig6,pre_cod_asig7 FROM tblaca009 WHERE pensum='5' AND c_uni_ca='2' AND c_asigna='322436' [1][0] OK
C:[27/11/2013 15:39:37.10][172.16.4.247][1582] SELECT c_asigna FROM dace004 WHERE exp_e='10-21497697' AND c_asigna='300317' AND status IN ('0','3','B') [1][0] OK
C:[27/11/2013 15:39:37.10][172.16.4.247][1582] SELECT c_asigna FROM dace004 WHERE exp_e='10-21497697' AND c_asigna='320311' AND status IN ('0','3','B') [1][0] OK
C:[27/11/2013 15:39:38.92][172.16.4.247][1613] SELECT par_cod_asig1,par_cod_asig2,par_cod_asig3 FROM tblaca009 WHERE pensum='5' AND c_uni_ca='2' AND c_asigna='322433' [1][0] OK
C:[27/11/2013 15:39:38.92][172.16.4.247][1613] SELECT par_cod_asig1,par_cod_asig2,par_cod_asig3 FROM tblaca009 WHERE pensum='5' AND c_uni_ca='2' AND c_asigna='300313' [1][0] OK
C:[27/11/2013 15:39:38.92][172.16.4.247][1613] SELECT par_cod_asig1,par_cod_asig2,par_cod_asig3 FROM tblaca009 WHERE pensum='5' AND c_uni_ca='2' AND c_asigna='322436' [1][0] OK
C:[27/11/2013 15:39:38.29][172.16.4.247][1684] SELECT c_asigna FROM tblaca009 WHERE pensum='5' AND c_uni_ca='2' AND ((par_cod_asig1='322558') OR (par_cod_asig2='322558') OR (par_cod_asig3='322558'))  [0][0] OK
C:[27/11/2013 15:42:36.24][172.16.4.247][1569] SELECT pre_cod_asig1,pre_cod_asig2,pre_cod_asig3,pre_cod_asig4,pre_cod_asig5,pre_cod_asig6,pre_cod_asig7 FROM tblaca009 WHERE pensum='5' AND c_uni_ca='2' AND c_asigna='323528' [1][0] OK
C:[27/11/2013 15:42:36.24][172.16.4.247][1569] SELECT pre_cod_asig1,pre_cod_asig2,pre_cod_asig3,pre_cod_asig4,pre_cod_asig5,pre_cod_asig6,pre_cod_asig7 FROM tblaca009 WHERE pensum='5' AND c_uni_ca='2' AND c_asigna='322560' [1][0] OK
C:[27/11/2013 15:42:36.24][172.16.4.247][1569] SELECT pre_cod_asig1,pre_cod_asig2,pre_cod_asig3,pre_cod_asig4,pre_cod_asig5,pre_cod_asig6,pre_cod_asig7 FROM tblaca009 WHERE pensum='5' AND c_uni_ca='2' AND c_asigna='322436' [1][0] OK
C:[27/11/2013 15:42:36.24][172.16.4.247][1582] SELECT c_asigna FROM dace004 WHERE exp_e='10-24039070' AND c_asigna='300317' AND status IN ('0','3','B') [1][0] OK
C:[27/11/2013 15:42:36.24][172.16.4.247][1582] SELECT c_asigna FROM dace004 WHERE exp_e='10-24039070' AND c_asigna='320311' AND status IN ('0','3','B') [1][0] OK
C:[27/11/2013 15:42:36.24][172.16.4.247][1569] SELECT pre_cod_asig1,pre_cod_asig2,pre_cod_asig3,pre_cod_asig4,pre_cod_asig5,pre_cod_asig6,pre_cod_asig7 FROM tblaca009 WHERE pensum='5' AND c_uni_ca='2' AND c_asigna='300422' [1][0] OK
C:[27/11/2013 15:42:36.24][172.16.4.247][1582] SELECT c_asigna FROM dace004 WHERE exp_e='10-24039070' AND c_asigna='300105' AND status IN ('0','3','B') [1][0] OK
C:[27/11/2013 15:42:36.24][172.16.4.247][1582] SELECT c_asigna FROM dace004 WHERE exp_e='10-24039070' AND c_asigna='300314' AND status IN ('0','3','B') [1][0] OK
C:[27/11/2013 15:42:36.81][172.16.4.247][1613] SELECT par_cod_asig1,par_cod_asig2,par_cod_asig3 FROM tblaca009 WHERE pensum='5' AND c_uni_ca='2' AND c_asigna='323528' [1][0] OK
C:[27/11/2013 15:42:36.81][172.16.4.247][1613] SELECT par_cod_asig1,par_cod_asig2,par_cod_asig3 FROM tblaca009 WHERE pensum='5' AND c_uni_ca='2' AND c_asigna='322560' [1][0] OK
C:[27/11/2013 15:42:36.81][172.16.4.247][1627] SELECT c_asigna FROM dace004 WHERE exp_e='10-24039070' AND c_asigna='323528' AND status IN ('0','3','B','C') [0][0] OK
C:[27/11/2013 15:42:36.81][172.16.4.247][1613] SELECT par_cod_asig1,par_cod_asig2,par_cod_asig3 FROM tblaca009 WHERE pensum='5' AND c_uni_ca='2' AND c_asigna='322436' [1][0] OK
C:[27/11/2013 15:42:36.81][172.16.4.247][1613] SELECT par_cod_asig1,par_cod_asig2,par_cod_asig3 FROM tblaca009 WHERE pensum='5' AND c_uni_ca='2' AND c_asigna='300422' [1][0] OK
C:[27/11/2013 15:42:36.43][172.16.4.247][1684] SELECT c_asigna FROM tblaca009 WHERE pensum='5' AND c_uni_ca='2' AND ((par_cod_asig1='300313') OR (par_cod_asig2='300313') OR (par_cod_asig3='300313'))  [0][0] OK
C:[27/11/2013 16:09:38.17][74.82.68.163][1569] SELECT pre_cod_asig1,pre_cod_asig2,pre_cod_asig3,pre_cod_asig4,pre_cod_asig5,pre_cod_asig6,pre_cod_asig7 FROM tblaca009 WHERE pensum='5' AND c_uni_ca='2' AND c_asigna='300422' [1][0] OK
C:[27/11/2013 16:09:38.17][74.82.68.163][1582] SELECT c_asigna FROM dace004 WHERE exp_e='10-24039070' AND c_asigna='300105' AND status IN ('0','3','B') [1][0] OK
C:[27/11/2013 16:09:38.17][74.82.68.163][1582] SELECT c_asigna FROM dace004 WHERE exp_e='10-24039070' AND c_asigna='300314' AND status IN ('0','3','B') [1][0] OK
C:[27/11/2013 16:09:38.17][74.82.68.163][1569] SELECT pre_cod_asig1,pre_cod_asig2,pre_cod_asig3,pre_cod_asig4,pre_cod_asig5,pre_cod_asig6,pre_cod_asig7 FROM tblaca009 WHERE pensum='5' AND c_uni_ca='2' AND c_asigna='323528' [1][0] OK
C:[27/11/2013 16:09:38.17][74.82.68.163][1569] SELECT pre_cod_asig1,pre_cod_asig2,pre_cod_asig3,pre_cod_asig4,pre_cod_asig5,pre_cod_asig6,pre_cod_asig7 FROM tblaca009 WHERE pensum='5' AND c_uni_ca='2' AND c_asigna='322560' [1][0] OK
C:[27/11/2013 16:09:38.17][74.82.68.163][1569] SELECT pre_cod_asig1,pre_cod_asig2,pre_cod_asig3,pre_cod_asig4,pre_cod_asig5,pre_cod_asig6,pre_cod_asig7 FROM tblaca009 WHERE pensum='5' AND c_uni_ca='2' AND c_asigna='322436' [1][0] OK
C:[27/11/2013 16:09:38.17][74.82.68.163][1582] SELECT c_asigna FROM dace004 WHERE exp_e='10-24039070' AND c_asigna='300317' AND status IN ('0','3','B') [1][0] OK
C:[27/11/2013 16:09:38.17][74.82.68.163][1582] SELECT c_asigna FROM dace004 WHERE exp_e='10-24039070' AND c_asigna='320311' AND status IN ('0','3','B') [1][0] OK
C:[27/11/2013 16:09:39.72][74.82.68.163][1613] SELECT par_cod_asig1,par_cod_asig2,par_cod_asig3 FROM tblaca009 WHERE pensum='5' AND c_uni_ca='2' AND c_asigna='300422' [1][0] OK
C:[27/11/2013 16:09:39.72][74.82.68.163][1613] SELECT par_cod_asig1,par_cod_asig2,par_cod_asig3 FROM tblaca009 WHERE pensum='5' AND c_uni_ca='2' AND c_asigna='323528' [1][0] OK
C:[27/11/2013 16:09:39.72][74.82.68.163][1613] SELECT par_cod_asig1,par_cod_asig2,par_cod_asig3 FROM tblaca009 WHERE pensum='5' AND c_uni_ca='2' AND c_asigna='322560' [1][0] OK
C:[27/11/2013 16:09:39.72][74.82.68.163][1627] SELECT c_asigna FROM dace004 WHERE exp_e='10-24039070' AND c_asigna='323528' AND status IN ('0','3','B','C') [0][0] OK
C:[27/11/2013 16:09:39.72][74.82.68.163][1613] SELECT par_cod_asig1,par_cod_asig2,par_cod_asig3 FROM tblaca009 WHERE pensum='5' AND c_uni_ca='2' AND c_asigna='322436' [1][0] OK
C:[27/11/2013 16:16:57.50][190.200.54.38][1569] SELECT pre_cod_asig1,pre_cod_asig2,pre_cod_asig3,pre_cod_asig4,pre_cod_asig5,pre_cod_asig6,pre_cod_asig7 FROM tblaca009 WHERE pensum='5' AND c_uni_ca='5' AND c_asigna='300222' [1][0] OK
C:[27/11/2013 16:16:57.50][190.200.54.38][1582] SELECT c_asigna FROM dace004 WHERE exp_e='12-25835652' AND c_asigna='300112' AND status IN ('0','3','B') [1][0] OK
C:[27/11/2013 16:16:57.50][190.200.54.38][1569] SELECT pre_cod_asig1,pre_cod_asig2,pre_cod_asig3,pre_cod_asig4,pre_cod_asig5,pre_cod_asig6,pre_cod_asig7 FROM tblaca009 WHERE pensum='5' AND c_uni_ca='5' AND c_asigna='300226' [1][0] OK
C:[27/11/2013 16:16:57.50][190.200.54.38][1582] SELECT c_asigna FROM dace004 WHERE exp_e='12-25835652' AND c_asigna='300116' AND status IN ('0','3','B') [1][0] OK
C:[27/11/2013 16:16:57.50][190.200.54.38][1569] SELECT pre_cod_asig1,pre_cod_asig2,pre_cod_asig3,pre_cod_asig4,pre_cod_asig5,pre_cod_asig6,pre_cod_asig7 FROM tblaca009 WHERE pensum='5' AND c_uni_ca='5' AND c_asigna='300207' [1][0] OK
C:[27/11/2013 16:16:57.50][190.200.54.38][1582] SELECT c_asigna FROM dace004 WHERE exp_e='12-25835652' AND c_asigna='300101' AND status IN ('0','3','B') [1][0] OK
C:[27/11/2013 16:16:57.50][190.200.54.38][1569] SELECT pre_cod_asig1,pre_cod_asig2,pre_cod_asig3,pre_cod_asig4,pre_cod_asig5,pre_cod_asig6,pre_cod_asig7 FROM tblaca009 WHERE pensum='5' AND c_uni_ca='5' AND c_asigna='300209' [1][0] OK
C:[27/11/2013 16:16:57.50][190.200.54.38][1582] SELECT c_asigna FROM dace004 WHERE exp_e='12-25835652' AND c_asigna='300101' AND status IN ('0','3','B') [1][0] OK
C:[27/11/2013 16:16:57.50][190.200.54.38][1569] SELECT pre_cod_asig1,pre_cod_asig2,pre_cod_asig3,pre_cod_asig4,pre_cod_asig5,pre_cod_asig6,pre_cod_asig7 FROM tblaca009 WHERE pensum='5' AND c_uni_ca='5' AND c_asigna='300213' [1][0] OK
C:[27/11/2013 16:16:57.50][190.200.54.38][1582] SELECT c_asigna FROM dace004 WHERE exp_e='12-25835652' AND c_asigna='300101' AND status IN ('0','3','B') [1][0] OK
C:[27/11/2013 16:16:57.50][190.200.54.38][1569] SELECT pre_cod_asig1,pre_cod_asig2,pre_cod_asig3,pre_cod_asig4,pre_cod_asig5,pre_cod_asig6,pre_cod_asig7 FROM tblaca009 WHERE pensum='5' AND c_uni_ca='5' AND c_asigna='300218' [1][0] OK
C:[27/11/2013 16:16:57.50][190.200.54.38][1582] SELECT c_asigna FROM dace004 WHERE exp_e='12-25835652' AND c_asigna='300101' AND status IN ('0','3','B') [1][0] OK
C:[27/11/2013 16:16:57.50][190.200.54.38][1569] SELECT pre_cod_asig1,pre_cod_asig2,pre_cod_asig3,pre_cod_asig4,pre_cod_asig5,pre_cod_asig6,pre_cod_asig7 FROM tblaca009 WHERE pensum='5' AND c_uni_ca='5' AND c_asigna='300228' [1][0] OK
C:[27/11/2013 16:16:57.50][190.200.54.38][1582] SELECT c_asigna FROM dace004 WHERE exp_e='12-25835652' AND c_asigna='300101' AND status IN ('0','3','B') [1][0] OK
C:[27/11/2013 16:16:58.80][190.200.54.38][1613] SELECT par_cod_asig1,par_cod_asig2,par_cod_asig3 FROM tblaca009 WHERE pensum='5' AND c_uni_ca='5' AND c_asigna='300222' [1][0] OK
C:[27/11/2013 16:16:58.80][190.200.54.38][1613] SELECT par_cod_asig1,par_cod_asig2,par_cod_asig3 FROM tblaca009 WHERE pensum='5' AND c_uni_ca='5' AND c_asigna='300226' [1][0] OK
C:[27/11/2013 16:16:58.80][190.200.54.38][1613] SELECT par_cod_asig1,par_cod_asig2,par_cod_asig3 FROM tblaca009 WHERE pensum='5' AND c_uni_ca='5' AND c_asigna='300207' [1][0] OK
C:[27/11/2013 16:16:58.80][190.200.54.38][1613] SELECT par_cod_asig1,par_cod_asig2,par_cod_asig3 FROM tblaca009 WHERE pensum='5' AND c_uni_ca='5' AND c_asigna='300209' [1][0] OK
C:[27/11/2013 16:16:58.80][190.200.54.38][1613] SELECT par_cod_asig1,par_cod_asig2,par_cod_asig3 FROM tblaca009 WHERE pensum='5' AND c_uni_ca='5' AND c_asigna='300213' [1][0] OK
C:[27/11/2013 16:16:58.80][190.200.54.38][1627] SELECT c_asigna FROM dace004 WHERE exp_e='12-25835652' AND c_asigna='300209' AND status IN ('0','3','B','C') [0][0] OK
C:[27/11/2013 16:16:58.80][190.200.54.38][1613] SELECT par_cod_asig1,par_cod_asig2,par_cod_asig3 FROM tblaca009 WHERE pensum='5' AND c_uni_ca='5' AND c_asigna='300218' [1][0] OK
C:[27/11/2013 16:16:58.80][190.200.54.38][1627] SELECT c_asigna FROM dace004 WHERE exp_e='12-25835652' AND c_asigna='300228' AND status IN ('0','3','B','C') [0][0] OK
C:[27/11/2013 16:16:58.80][190.200.54.38][1613] SELECT par_cod_asig1,par_cod_asig2,par_cod_asig3 FROM tblaca009 WHERE pensum='5' AND c_uni_ca='5' AND c_asigna='300228' [1][0] OK
C:[27/11/2013 16:59:06.02][190.207.44.51][1569] SELECT pre_cod_asig1,pre_cod_asig2,pre_cod_asig3,pre_cod_asig4,pre_cod_asig5,pre_cod_asig6,pre_cod_asig7 FROM tblaca009 WHERE pensum='5' AND c_uni_ca='2' AND c_asigna='300101' [1][0] OK
C:[27/11/2013 16:59:06.02][190.207.44.51][1569] SELECT pre_cod_asig1,pre_cod_asig2,pre_cod_asig3,pre_cod_asig4,pre_cod_asig5,pre_cod_asig6,pre_cod_asig7 FROM tblaca009 WHERE pensum='5' AND c_uni_ca='2' AND c_asigna='300013' [1][0] OK
C:[27/11/2013 16:59:06.02][190.207.44.51][1569] SELECT pre_cod_asig1,pre_cod_asig2,pre_cod_asig3,pre_cod_asig4,pre_cod_asig5,pre_cod_asig6,pre_cod_asig7 FROM tblaca009 WHERE pensum='5' AND c_uni_ca='2' AND c_asigna='300112' [1][0] OK
C:[27/11/2013 16:59:06.96][190.207.44.51][1613] SELECT par_cod_asig1,par_cod_asig2,par_cod_asig3 FROM tblaca009 WHERE pensum='5' AND c_uni_ca='2' AND c_asigna='300101' [1][0] OK
C:[27/11/2013 16:59:06.96][190.207.44.51][1613] SELECT par_cod_asig1,par_cod_asig2,par_cod_asig3 FROM tblaca009 WHERE pensum='5' AND c_uni_ca='2' AND c_asigna='300013' [1][0] OK
C:[27/11/2013 16:59:06.96][190.207.44.51][1613] SELECT par_cod_asig1,par_cod_asig2,par_cod_asig3 FROM tblaca009 WHERE pensum='5' AND c_uni_ca='2' AND c_asigna='300112' [1][0] OK
C:[27/11/2013 18:48:30.05][186.90.50.118][1569] SELECT pre_cod_asig1,pre_cod_asig2,pre_cod_asig3,pre_cod_asig4,pre_cod_asig5,pre_cod_asig6,pre_cod_asig7 FROM tblaca009 WHERE pensum='5' AND c_uni_ca='6' AND c_asigna='300313' [1][0] OK
C:[27/11/2013 18:48:30.05][186.90.50.118][1582] SELECT c_asigna FROM dace004 WHERE exp_e='10-20365024' AND c_asigna='300213' AND status IN ('0','3','B') [1][0] OK
C:[27/11/2013 18:48:30.05][186.90.50.118][1582] SELECT c_asigna FROM dace004 WHERE exp_e='10-20365024' AND c_asigna='300226' AND status IN ('0','3','B') [1][0] OK
C:[27/11/2013 18:48:30.05][186.90.50.118][1582] SELECT c_asigna FROM dace004 WHERE exp_e='10-20365024' AND c_asigna='300222' AND status IN ('0','3','B') [1][0] OK
C:[27/11/2013 18:48:30.05][186.90.50.118][1582] SELECT c_asigna FROM dace004 WHERE exp_e='10-20365024' AND c_asigna='300209' AND status IN ('0','3','B') [1][0] OK
C:[27/11/2013 18:48:30.05][186.90.50.118][1569] SELECT pre_cod_asig1,pre_cod_asig2,pre_cod_asig3,pre_cod_asig4,pre_cod_asig5,pre_cod_asig6,pre_cod_asig7 FROM tblaca009 WHERE pensum='5' AND c_uni_ca='6' AND c_asigna='300422' [1][0] OK
C:[27/11/2013 18:48:30.05][186.90.50.118][1582] SELECT c_asigna FROM dace004 WHERE exp_e='10-20365024' AND c_asigna='300105' AND status IN ('0','3','B') [1][0] OK
C:[27/11/2013 18:48:30.05][186.90.50.118][1582] SELECT c_asigna FROM dace004 WHERE exp_e='10-20365024' AND c_asigna='300314' AND status IN ('0','3','B') [1][0] OK
C:[27/11/2013 18:48:30.05][186.90.50.118][1569] SELECT pre_cod_asig1,pre_cod_asig2,pre_cod_asig3,pre_cod_asig4,pre_cod_asig5,pre_cod_asig6,pre_cod_asig7 FROM tblaca009 WHERE pensum='5' AND c_uni_ca='6' AND c_asigna='344565' [1][0] OK
C:[27/11/2013 18:48:30.05][186.90.50.118][1582] SELECT c_asigna FROM dace004 WHERE exp_e='10-20365024' AND c_asigna='344445' AND status IN ('0','3','B') [1][0] OK
C:[27/11/2013 18:48:30.05][186.90.50.118][1569] SELECT pre_cod_asig1,pre_cod_asig2,pre_cod_asig3,pre_cod_asig4,pre_cod_asig5,pre_cod_asig6,pre_cod_asig7 FROM tblaca009 WHERE pensum='5' AND c_uni_ca='6' AND c_asigna='342679' [1][0] OK
C:[27/11/2013 18:48:30.05][186.90.50.118][1582] SELECT c_asigna FROM dace004 WHERE exp_e='10-20365024' AND c_asigna='342567' AND status IN ('0','3','B') [1][0] OK
C:[27/11/2013 18:48:31.10][186.90.50.118][1613] SELECT par_cod_asig1,par_cod_asig2,par_cod_asig3 FROM tblaca009 WHERE pensum='5' AND c_uni_ca='6' AND c_asigna='300313' [1][0] OK
C:[27/11/2013 18:48:31.10][186.90.50.118][1613] SELECT par_cod_asig1,par_cod_asig2,par_cod_asig3 FROM tblaca009 WHERE pensum='5' AND c_uni_ca='6' AND c_asigna='300422' [1][0] OK
C:[27/11/2013 18:48:31.10][186.90.50.118][1613] SELECT par_cod_asig1,par_cod_asig2,par_cod_asig3 FROM tblaca009 WHERE pensum='5' AND c_uni_ca='6' AND c_asigna='344565' [1][0] OK
C:[27/11/2013 18:48:31.10][186.90.50.118][1613] SELECT par_cod_asig1,par_cod_asig2,par_cod_asig3 FROM tblaca009 WHERE pensum='5' AND c_uni_ca='6' AND c_asigna='342679' [1][0] OK
C:[27/11/2013 19:07:15.24][179.44.175.74][1569] SELECT pre_cod_asig1,pre_cod_asig2,pre_cod_asig3,pre_cod_asig4,pre_cod_asig5,pre_cod_asig6,pre_cod_asig7 FROM tblaca009 WHERE pensum='5' AND c_uni_ca='3' AND c_asigna='300013' [1][0] OK
C:[27/11/2013 19:07:15.24][179.44.175.74][1569] SELECT pre_cod_asig1,pre_cod_asig2,pre_cod_asig3,pre_cod_asig4,pre_cod_asig5,pre_cod_asig6,pre_cod_asig7 FROM tblaca009 WHERE pensum='5' AND c_uni_ca='3' AND c_asigna='300116' [1][0] OK
C:[27/11/2013 19:07:15.24][179.44.175.74][1569] SELECT pre_cod_asig1,pre_cod_asig2,pre_cod_asig3,pre_cod_asig4,pre_cod_asig5,pre_cod_asig6,pre_cod_asig7 FROM tblaca009 WHERE pensum='5' AND c_uni_ca='3' AND c_asigna='300112' [1][0] OK
C:[27/11/2013 19:07:15.18][179.44.175.74][1613] SELECT par_cod_asig1,par_cod_asig2,par_cod_asig3 FROM tblaca009 WHERE pensum='5' AND c_uni_ca='3' AND c_asigna='300013' [1][0] OK
C:[27/11/2013 19:07:15.18][179.44.175.74][1613] SELECT par_cod_asig1,par_cod_asig2,par_cod_asig3 FROM tblaca009 WHERE pensum='5' AND c_uni_ca='3' AND c_asigna='300116' [1][0] OK
C:[27/11/2013 19:07:15.18][179.44.175.74][1613] SELECT par_cod_asig1,par_cod_asig2,par_cod_asig3 FROM tblaca009 WHERE pensum='5' AND c_uni_ca='3' AND c_asigna='300112' [1][0] OK
C:[27/11/2013 19:43:53.46][186.89.214.249][1569] SELECT pre_cod_asig1,pre_cod_asig2,pre_cod_asig3,pre_cod_asig4,pre_cod_asig5,pre_cod_asig6,pre_cod_asig7 FROM tblaca009 WHERE pensum='5' AND c_uni_ca='4' AND c_asigna='300106' [1][0] OK
C:[27/11/2013 19:43:53.46][186.89.214.249][1569] SELECT pre_cod_asig1,pre_cod_asig2,pre_cod_asig3,pre_cod_asig4,pre_cod_asig5,pre_cod_asig6,pre_cod_asig7 FROM tblaca009 WHERE pensum='5' AND c_uni_ca='4' AND c_asigna='300013' [1][0] OK
C:[27/11/2013 19:43:53.46][186.89.214.249][1569] SELECT pre_cod_asig1,pre_cod_asig2,pre_cod_asig3,pre_cod_asig4,pre_cod_asig5,pre_cod_asig6,pre_cod_asig7 FROM tblaca009 WHERE pensum='5' AND c_uni_ca='4' AND c_asigna='300101' [1][0] OK
C:[27/11/2013 19:43:53.46][186.89.214.249][1569] SELECT pre_cod_asig1,pre_cod_asig2,pre_cod_asig3,pre_cod_asig4,pre_cod_asig5,pre_cod_asig6,pre_cod_asig7 FROM tblaca009 WHERE pensum='5' AND c_uni_ca='4' AND c_asigna='300112' [1][0] OK
C:[27/11/2013 19:43:53.46][186.89.214.249][1569] SELECT pre_cod_asig1,pre_cod_asig2,pre_cod_asig3,pre_cod_asig4,pre_cod_asig5,pre_cod_asig6,pre_cod_asig7 FROM tblaca009 WHERE pensum='5' AND c_uni_ca='4' AND c_asigna='300116' [1][0] OK
C:[27/11/2013 19:43:53.46][186.89.214.249][1569] SELECT pre_cod_asig1,pre_cod_asig2,pre_cod_asig3,pre_cod_asig4,pre_cod_asig5,pre_cod_asig6,pre_cod_asig7 FROM tblaca009 WHERE pensum='5' AND c_uni_ca='4' AND c_asigna='300113' [1][0] OK
C:[27/11/2013 19:43:53.46][186.89.214.249][1569] SELECT pre_cod_asig1,pre_cod_asig2,pre_cod_asig3,pre_cod_asig4,pre_cod_asig5,pre_cod_asig6,pre_cod_asig7 FROM tblaca009 WHERE pensum='5' AND c_uni_ca='4' AND c_asigna='300105' [1][0] OK
C:[27/11/2013 19:43:53.91][186.89.214.249][1613] SELECT par_cod_asig1,par_cod_asig2,par_cod_asig3 FROM tblaca009 WHERE pensum='5' AND c_uni_ca='4' AND c_asigna='300106' [1][0] OK
C:[27/11/2013 19:43:53.91][186.89.214.249][1613] SELECT par_cod_asig1,par_cod_asig2,par_cod_asig3 FROM tblaca009 WHERE pensum='5' AND c_uni_ca='4' AND c_asigna='300013' [1][0] OK
C:[27/11/2013 19:43:53.91][186.89.214.249][1613] SELECT par_cod_asig1,par_cod_asig2,par_cod_asig3 FROM tblaca009 WHERE pensum='5' AND c_uni_ca='4' AND c_asigna='300101' [1][0] OK
C:[27/11/2013 19:43:53.91][186.89.214.249][1613] SELECT par_cod_asig1,par_cod_asig2,par_cod_asig3 FROM tblaca009 WHERE pensum='5' AND c_uni_ca='4' AND c_asigna='300112' [1][0] OK
C:[27/11/2013 19:43:53.91][186.89.214.249][1613] SELECT par_cod_asig1,par_cod_asig2,par_cod_asig3 FROM tblaca009 WHERE pensum='5' AND c_uni_ca='4' AND c_asigna='300116' [1][0] OK
C:[27/11/2013 19:43:53.91][186.89.214.249][1613] SELECT par_cod_asig1,par_cod_asig2,par_cod_asig3 FROM tblaca009 WHERE pensum='5' AND c_uni_ca='4' AND c_asigna='300113' [1][0] OK
C:[27/11/2013 19:43:53.91][186.89.214.249][1627] SELECT c_asigna FROM dace004 WHERE exp_e='13-26455515' AND c_asigna='300013' AND status IN ('0','3','B','C') [0][0] OK
C:[27/11/2013 19:43:53.91][186.89.214.249][1613] SELECT par_cod_asig1,par_cod_asig2,par_cod_asig3 FROM tblaca009 WHERE pensum='5' AND c_uni_ca='4' AND c_asigna='300105' [1][0] OK
C:[27/11/2013 22:28:58.00][190.37.133.15][1569] SELECT pre_cod_asig1,pre_cod_asig2,pre_cod_asig3,pre_cod_asig4,pre_cod_asig5,pre_cod_asig6,pre_cod_asig7 FROM tblaca009 WHERE pensum='5' AND c_uni_ca='5' AND c_asigna='355448' [1][0] OK
C:[27/11/2013 22:28:58.00][190.37.133.15][1582] SELECT c_asigna FROM dace004 WHERE exp_e='04-18169962' AND c_asigna='300313' AND status IN ('0','3','B') [1][0] OK
C:[27/11/2013 22:28:58.00][190.37.133.15][1582] SELECT c_asigna FROM dace004 WHERE exp_e='04-18169962' AND c_asigna='300209' AND status IN ('0','3','B') [1][0] OK
C:[27/11/2013 22:28:58.00][190.37.133.15][1582] SELECT c_asigna FROM dace004 WHERE exp_e='04-18169962' AND c_asigna='300226' AND status IN ('0','3','B') [1][0] OK
C:[27/11/2013 22:28:58.00][190.37.133.15][1582] SELECT c_asigna FROM dace004 WHERE exp_e='04-18169962' AND c_asigna='300222' AND status IN ('0','3','B') [1][0] OK
C:[27/11/2013 22:28:58.00][190.37.133.15][1569] SELECT pre_cod_asig1,pre_cod_asig2,pre_cod_asig3,pre_cod_asig4,pre_cod_asig5,pre_cod_asig6,pre_cod_asig7 FROM tblaca009 WHERE pensum='5' AND c_uni_ca='5' AND c_asigna='300013' [1][0] OK
C:[27/11/2013 22:28:58.31][190.37.133.15][1613] SELECT par_cod_asig1,par_cod_asig2,par_cod_asig3 FROM tblaca009 WHERE pensum='5' AND c_uni_ca='5' AND c_asigna='355448' [1][0] OK
C:[27/11/2013 22:28:58.31][190.37.133.15][1613] SELECT par_cod_asig1,par_cod_asig2,par_cod_asig3 FROM tblaca009 WHERE pensum='5' AND c_uni_ca='5' AND c_asigna='300013' [1][0] OK
C:[28/11/2013 07:15:59.85][190.200.21.28][1569] SELECT pre_cod_asig1,pre_cod_asig2,pre_cod_asig3,pre_cod_asig4,pre_cod_asig5,pre_cod_asig6,pre_cod_asig7 FROM tblaca009 WHERE pensum='5' AND c_uni_ca='2' AND c_asigna='300313' [1][0] OK
C:[28/11/2013 07:15:59.85][190.200.21.28][1582] SELECT c_asigna FROM dace004 WHERE exp_e='11-20036587' AND c_asigna='300213' AND status IN ('0','3','B') [1][0] OK
C:[28/11/2013 07:15:59.85][190.200.21.28][1582] SELECT c_asigna FROM dace004 WHERE exp_e='11-20036587' AND c_asigna='300226' AND status IN ('0','3','B') [1][0] OK
C:[28/11/2013 07:15:59.85][190.200.21.28][1582] SELECT c_asigna FROM dace004 WHERE exp_e='11-20036587' AND c_asigna='300209' AND status IN ('0','3','B') [1][0] OK
C:[28/11/2013 07:15:59.85][190.200.21.28][1569] SELECT pre_cod_asig1,pre_cod_asig2,pre_cod_asig3,pre_cod_asig4,pre_cod_asig5,pre_cod_asig6,pre_cod_asig7 FROM tblaca009 WHERE pensum='5' AND c_uni_ca='2' AND c_asigna='300422' [1][0] OK
C:[28/11/2013 07:15:59.85][190.200.21.28][1582] SELECT c_asigna FROM dace004 WHERE exp_e='11-20036587' AND c_asigna='300105' AND status IN ('0','3','B') [1][0] OK
C:[28/11/2013 07:15:59.85][190.200.21.28][1582] SELECT c_asigna FROM dace004 WHERE exp_e='11-20036587' AND c_asigna='300314' AND status IN ('0','3','B') [1][0] OK
C:[28/11/2013 07:15:59.85][190.200.21.28][1569] SELECT pre_cod_asig1,pre_cod_asig2,pre_cod_asig3,pre_cod_asig4,pre_cod_asig5,pre_cod_asig6,pre_cod_asig7 FROM tblaca009 WHERE pensum='5' AND c_uni_ca='2' AND c_asigna='322559' [1][0] OK
C:[28/11/2013 07:15:59.85][190.200.21.28][1582] SELECT c_asigna FROM dace004 WHERE exp_e='11-20036587' AND c_asigna='300428' AND status IN ('0','3','B') [1][0] OK
C:[28/11/2013 07:15:59.85][190.200.21.28][1582] SELECT c_asigna FROM dace004 WHERE exp_e='11-20036587' AND c_asigna='322436' AND status IN ('0','3','B') [1][0] OK
C:[28/11/2013 07:15:59.85][190.200.21.28][1569] SELECT pre_cod_asig1,pre_cod_asig2,pre_cod_asig3,pre_cod_asig4,pre_cod_asig5,pre_cod_asig6,pre_cod_asig7 FROM tblaca009 WHERE pensum='5' AND c_uni_ca='2' AND c_asigna='322605' [1][0] OK
C:[28/11/2013 07:15:59.85][190.200.21.28][1582] SELECT c_asigna FROM dace004 WHERE exp_e='11-20036587' AND c_asigna='322436' AND status IN ('0','3','B') [1][0] OK
C:[28/11/2013 07:15:59.85][190.200.21.28][1569] SELECT pre_cod_asig1,pre_cod_asig2,pre_cod_asig3,pre_cod_asig4,pre_cod_asig5,pre_cod_asig6,pre_cod_asig7 FROM tblaca009 WHERE pensum='5' AND c_uni_ca='2' AND c_asigna='322550' [1][0] OK
C:[28/11/2013 07:15:59.85][190.200.21.28][1582] SELECT c_asigna FROM dace004 WHERE exp_e='11-20036587' AND c_asigna='322433' AND status IN ('0','3','B') [1][0] OK
C:[28/11/2013 07:16:00.17][190.200.21.28][1613] SELECT par_cod_asig1,par_cod_asig2,par_cod_asig3 FROM tblaca009 WHERE pensum='5' AND c_uni_ca='2' AND c_asigna='300313' [1][0] OK
C:[28/11/2013 07:16:00.17][190.200.21.28][1613] SELECT par_cod_asig1,par_cod_asig2,par_cod_asig3 FROM tblaca009 WHERE pensum='5' AND c_uni_ca='2' AND c_asigna='300422' [1][0] OK
C:[28/11/2013 07:16:00.17][190.200.21.28][1613] SELECT par_cod_asig1,par_cod_asig2,par_cod_asig3 FROM tblaca009 WHERE pensum='5' AND c_uni_ca='2' AND c_asigna='322559' [1][0] OK
C:[28/11/2013 07:16:00.17][190.200.21.28][1613] SELECT par_cod_asig1,par_cod_asig2,par_cod_asig3 FROM tblaca009 WHERE pensum='5' AND c_uni_ca='2' AND c_asigna='322605' [1][0] OK
C:[28/11/2013 07:16:00.17][190.200.21.28][1613] SELECT par_cod_asig1,par_cod_asig2,par_cod_asig3 FROM tblaca009 WHERE pensum='5' AND c_uni_ca='2' AND c_asigna='322550' [1][0] OK
C:[28/11/2013 07:16:00.79][190.200.21.28][1684] SELECT c_asigna FROM tblaca009 WHERE pensum='5' AND c_uni_ca='2' AND ((par_cod_asig1='322560') OR (par_cod_asig2='322560') OR (par_cod_asig3='322560'))  [0][0] OK
C:[28/11/2013 07:16:00.79][190.200.21.28][1684] SELECT c_asigna FROM tblaca009 WHERE pensum='5' AND c_uni_ca='2' AND ((par_cod_asig1='323528') OR (par_cod_asig2='323528') OR (par_cod_asig3='323528'))  [1][0] OK
C:[28/11/2013 07:16:00.79][190.200.21.28][1696] SELECT c_asigna FROM dace004 WHERE exp_e='11-20036587' AND c_asigna='322560' AND status IN ('0','3','B') [0][0] OK
C:[28/11/2013 08:28:10.81][186.167.242.164][1569] SELECT pre_cod_asig1,pre_cod_asig2,pre_cod_asig3,pre_cod_asig4,pre_cod_asig5,pre_cod_asig6,pre_cod_asig7 FROM tblaca009 WHERE pensum='5' AND c_uni_ca='6' AND c_asigna='300676' [1][0] OK
C:[28/11/2013 08:28:10.81][186.167.242.164][1569] SELECT pre_cod_asig1,pre_cod_asig2,pre_cod_asig3,pre_cod_asig4,pre_cod_asig5,pre_cod_asig6,pre_cod_asig7 FROM tblaca009 WHERE pensum='5' AND c_uni_ca='6' AND c_asigna='342444' [1][0] OK
C:[28/11/2013 08:28:10.81][186.167.242.164][1582] SELECT c_asigna FROM dace004 WHERE exp_e='10-20805143' AND c_asigna='340323' AND status IN ('0','3','B') [1][0] OK
C:[28/11/2013 08:28:10.81][186.167.242.164][1569] SELECT pre_cod_asig1,pre_cod_asig2,pre_cod_asig3,pre_cod_asig4,pre_cod_asig5,pre_cod_asig6,pre_cod_asig7 FROM tblaca009 WHERE pensum='5' AND c_uni_ca='6' AND c_asigna='342559' [1][0] OK
C:[28/11/2013 08:28:10.81][186.167.242.164][1582] SELECT c_asigna FROM dace004 WHERE exp_e='10-20805143' AND c_asigna='342436' AND status IN ('0','3','B') [1][0] OK
C:[28/11/2013 08:28:10.81][186.167.242.164][1569] SELECT pre_cod_asig1,pre_cod_asig2,pre_cod_asig3,pre_cod_asig4,pre_cod_asig5,pre_cod_asig6,pre_cod_asig7 FROM tblaca009 WHERE pensum='5' AND c_uni_ca='6' AND c_asigna='344565' [1][0] OK
C:[28/11/2013 08:28:10.81][186.167.242.164][1582] SELECT c_asigna FROM dace004 WHERE exp_e='10-20805143' AND c_asigna='344445' AND status IN ('0','3','B') [1][0] OK
C:[28/11/2013 08:28:10.81][186.167.242.164][1569] SELECT pre_cod_asig1,pre_cod_asig2,pre_cod_asig3,pre_cod_asig4,pre_cod_asig5,pre_cod_asig6,pre_cod_asig7 FROM tblaca009 WHERE pensum='5' AND c_uni_ca='6' AND c_asigna='344613' [1][0] OK
C:[28/11/2013 08:28:10.81][186.167.242.164][1582] SELECT c_asigna FROM dace004 WHERE exp_e='10-20805143' AND c_asigna='344566' AND status IN ('0','3','B') [1][0] OK
C:[28/11/2013 08:28:10.81][186.167.242.164][1582] SELECT c_asigna FROM dace004 WHERE exp_e='10-20805143' AND c_asigna='300209' AND status IN ('0','3','B') [1][0] OK
C:[28/11/2013 08:28:10.81][186.167.242.164][1582] SELECT c_asigna FROM dace004 WHERE exp_e='10-20805143' AND c_asigna='300222' AND status IN ('0','3','B') [1][0] OK
C:[28/11/2013 08:28:10.81][186.167.242.164][1582] SELECT c_asigna FROM dace004 WHERE exp_e='10-20805143' AND c_asigna='300226' AND status IN ('0','3','B') [1][0] OK
C:[28/11/2013 08:28:10.81][186.167.242.164][1582] SELECT c_asigna FROM dace004 WHERE exp_e='10-20805143' AND c_asigna='300313' AND status IN ('0','3','B') [1][0] OK
C:[28/11/2013 08:28:10.81][186.167.242.164][1582] SELECT c_asigna FROM dace004 WHERE exp_e='10-20805143' AND c_asigna='300428' AND status IN ('0','3','B') [1][0] OK
C:[28/11/2013 08:28:10.81][186.167.242.164][1582] SELECT c_asigna FROM dace004 WHERE exp_e='10-20805143' AND c_asigna='300317' AND status IN ('0','3','B') [1][0] OK
C:[28/11/2013 08:28:11.25][186.167.242.164][1613] SELECT par_cod_asig1,par_cod_asig2,par_cod_asig3 FROM tblaca009 WHERE pensum='5' AND c_uni_ca='6' AND c_asigna='300676' [1][0] OK
C:[28/11/2013 08:28:11.25][186.167.242.164][1613] SELECT par_cod_asig1,par_cod_asig2,par_cod_asig3 FROM tblaca009 WHERE pensum='5' AND c_uni_ca='6' AND c_asigna='342444' [1][0] OK
C:[28/11/2013 08:28:11.25][186.167.242.164][1613] SELECT par_cod_asig1,par_cod_asig2,par_cod_asig3 FROM tblaca009 WHERE pensum='5' AND c_uni_ca='6' AND c_asigna='342559' [1][0] OK
C:[28/11/2013 08:28:11.25][186.167.242.164][1613] SELECT par_cod_asig1,par_cod_asig2,par_cod_asig3 FROM tblaca009 WHERE pensum='5' AND c_uni_ca='6' AND c_asigna='344565' [1][0] OK
C:[28/11/2013 08:28:11.25][186.167.242.164][1613] SELECT par_cod_asig1,par_cod_asig2,par_cod_asig3 FROM tblaca009 WHERE pensum='5' AND c_uni_ca='6' AND c_asigna='344613' [1][0] OK
C:[28/11/2013 10:36:38.12][201.248.68.101][1569] SELECT pre_cod_asig1,pre_cod_asig2,pre_cod_asig3,pre_cod_asig4,pre_cod_asig5,pre_cod_asig6,pre_cod_asig7 FROM tblaca009 WHERE pensum='5' AND c_uni_ca='5' AND c_asigna='355725' [1][0] OK
C:[28/11/2013 10:36:38.12][201.248.68.101][1582] SELECT c_asigna FROM dace004 WHERE exp_e='09-18451867' AND c_asigna='355693' AND status IN ('0','3','B') [1][0] OK
C:[28/11/2013 10:36:38.12][201.248.68.101][1582] SELECT c_asigna FROM dace004 WHERE exp_e='09-18451867' AND c_asigna='355692' AND status IN ('0','3','B') [1][0] OK
C:[28/11/2013 10:36:38.12][201.248.68.101][1569] SELECT pre_cod_asig1,pre_cod_asig2,pre_cod_asig3,pre_cod_asig4,pre_cod_asig5,pre_cod_asig6,pre_cod_asig7 FROM tblaca009 WHERE pensum='5' AND c_uni_ca='5' AND c_asigna='355720' [1][0] OK
C:[28/11/2013 10:36:38.12][201.248.68.101][1582] SELECT c_asigna FROM dace004 WHERE exp_e='09-18451867' AND c_asigna='355692' AND status IN ('0','3','B') [1][0] OK
C:[28/11/2013 10:36:38.12][201.248.68.101][1582] SELECT c_asigna FROM dace004 WHERE exp_e='09-18451867' AND c_asigna='355696' AND status IN ('0','3','B') [1][0] OK
C:[28/11/2013 10:36:38.12][201.248.68.101][1569] SELECT pre_cod_asig1,pre_cod_asig2,pre_cod_asig3,pre_cod_asig4,pre_cod_asig5,pre_cod_asig6,pre_cod_asig7 FROM tblaca009 WHERE pensum='5' AND c_uni_ca='5' AND c_asigna='354852' [1][0] OK
C:[28/11/2013 10:36:38.12][201.248.68.101][1569] SELECT pre_cod_asig1,pre_cod_asig2,pre_cod_asig3,pre_cod_asig4,pre_cod_asig5,pre_cod_asig6,pre_cod_asig7 FROM tblaca009 WHERE pensum='5' AND c_uni_ca='5' AND c_asigna='355835' [1][0] OK
C:[28/11/2013 10:36:38.12][201.248.68.101][1582] SELECT c_asigna FROM dace004 WHERE exp_e='09-18451867' AND c_asigna='355691' AND status IN ('0','3','B') [1][0] OK
C:[28/11/2013 10:36:39.81][201.248.68.101][1613] SELECT par_cod_asig1,par_cod_asig2,par_cod_asig3 FROM tblaca009 WHERE pensum='5' AND c_uni_ca='5' AND c_asigna='355725' [1][0] OK
C:[28/11/2013 10:36:39.81][201.248.68.101][1613] SELECT par_cod_asig1,par_cod_asig2,par_cod_asig3 FROM tblaca009 WHERE pensum='5' AND c_uni_ca='5' AND c_asigna='355720' [1][0] OK
C:[28/11/2013 10:36:39.81][201.248.68.101][1613] SELECT par_cod_asig1,par_cod_asig2,par_cod_asig3 FROM tblaca009 WHERE pensum='5' AND c_uni_ca='5' AND c_asigna='354852' [1][0] OK
C:[28/11/2013 10:36:39.81][201.248.68.101][1613] SELECT par_cod_asig1,par_cod_asig2,par_cod_asig3 FROM tblaca009 WHERE pensum='5' AND c_uni_ca='5' AND c_asigna='355835' [1][0] OK
C:[28/11/2013 11:08:48.85][190.207.43.96][1569] SELECT pre_cod_asig1,pre_cod_asig2,pre_cod_asig3,pre_cod_asig4,pre_cod_asig5,pre_cod_asig6,pre_cod_asig7 FROM tblaca009 WHERE pensum='5' AND c_uni_ca='3' AND c_asigna='300213' [1][0] OK
C:[28/11/2013 11:08:48.85][190.207.43.96][1582] SELECT c_asigna FROM dace004 WHERE exp_e='11-21497428' AND c_asigna='300101' AND status IN ('0','3','B') [1][0] OK
C:[28/11/2013 11:08:48.85][190.207.43.96][1569] SELECT pre_cod_asig1,pre_cod_asig2,pre_cod_asig3,pre_cod_asig4,pre_cod_asig5,pre_cod_asig6,pre_cod_asig7 FROM tblaca009 WHERE pensum='5' AND c_uni_ca='3' AND c_asigna='300222' [1][0] OK
C:[28/11/2013 11:08:48.85][190.207.43.96][1582] SELECT c_asigna FROM dace004 WHERE exp_e='11-21497428' AND c_asigna='300112' AND status IN ('0','3','B') [1][0] OK
C:[28/11/2013 11:08:48.85][190.207.43.96][1569] SELECT pre_cod_asig1,pre_cod_asig2,pre_cod_asig3,pre_cod_asig4,pre_cod_asig5,pre_cod_asig6,pre_cod_asig7 FROM tblaca009 WHERE pensum='5' AND c_uni_ca='3' AND c_asigna='300314' [1][0] OK
C:[28/11/2013 11:08:48.85][190.207.43.96][1582] SELECT c_asigna FROM dace004 WHERE exp_e='11-21497428' AND c_asigna='300106' AND status IN ('0','3','B') [1][0] OK
C:[28/11/2013 11:08:48.85][190.207.43.96][1569] SELECT pre_cod_asig1,pre_cod_asig2,pre_cod_asig3,pre_cod_asig4,pre_cod_asig5,pre_cod_asig6,pre_cod_asig7 FROM tblaca009 WHERE pensum='5' AND c_uni_ca='3' AND c_asigna='300113' [1][0] OK
C:[28/11/2013 11:08:48.85][190.207.43.96][1569] SELECT pre_cod_asig1,pre_cod_asig2,pre_cod_asig3,pre_cod_asig4,pre_cod_asig5,pre_cod_asig6,pre_cod_asig7 FROM tblaca009 WHERE pensum='5' AND c_uni_ca='3' AND c_asigna='300226' [1][0] OK
C:[28/11/2013 11:08:48.85][190.207.43.96][1582] SELECT c_asigna FROM dace004 WHERE exp_e='11-21497428' AND c_asigna='300116' AND status IN ('0','3','B') [1][0] OK
C:[28/11/2013 11:08:49.54][190.207.43.96][1613] SELECT par_cod_asig1,par_cod_asig2,par_cod_asig3 FROM tblaca009 WHERE pensum='5' AND c_uni_ca='3' AND c_asigna='300213' [1][0] OK
C:[28/11/2013 11:08:49.54][190.207.43.96][1627] SELECT c_asigna FROM dace004 WHERE exp_e='11-21497428' AND c_asigna='300209' AND status IN ('0','3','B','C') [1][0] OK
C:[28/11/2013 11:08:49.54][190.207.43.96][1613] SELECT par_cod_asig1,par_cod_asig2,par_cod_asig3 FROM tblaca009 WHERE pensum='5' AND c_uni_ca='3' AND c_asigna='300222' [1][0] OK
C:[28/11/2013 11:08:49.54][190.207.43.96][1613] SELECT par_cod_asig1,par_cod_asig2,par_cod_asig3 FROM tblaca009 WHERE pensum='5' AND c_uni_ca='3' AND c_asigna='300314' [1][0] OK
C:[28/11/2013 11:08:49.54][190.207.43.96][1613] SELECT par_cod_asig1,par_cod_asig2,par_cod_asig3 FROM tblaca009 WHERE pensum='5' AND c_uni_ca='3' AND c_asigna='300113' [1][0] OK
C:[28/11/2013 11:08:49.54][190.207.43.96][1627] SELECT c_asigna FROM dace004 WHERE exp_e='11-21497428' AND c_asigna='300013' AND status IN ('0','3','B','C') [1][0] OK
C:[28/11/2013 11:08:49.54][190.207.43.96][1613] SELECT par_cod_asig1,par_cod_asig2,par_cod_asig3 FROM tblaca009 WHERE pensum='5' AND c_uni_ca='3' AND c_asigna='300226' [1][0] OK
C:[28/11/2013 14:27:58.69][172.16.4.250][1569] SELECT pre_cod_asig1,pre_cod_asig2,pre_cod_asig3,pre_cod_asig4,pre_cod_asig5,pre_cod_asig6,pre_cod_asig7 FROM tblaca009 WHERE pensum='5' AND c_uni_ca='6' AND c_asigna='300428' [1][0] OK
C:[28/11/2013 14:27:58.69][172.16.4.250][1582] SELECT c_asigna FROM dace004 WHERE exp_e='08-20013499' AND c_asigna='300317' AND status IN ('0','3','B') [1][0] OK
C:[28/11/2013 14:27:58.69][172.16.4.250][1582] SELECT c_asigna FROM dace004 WHERE exp_e='08-20013499' AND c_asigna='300209' AND status IN ('0','3','B') [1][0] OK
C:[28/11/2013 14:27:58.69][172.16.4.250][1569] SELECT pre_cod_asig1,pre_cod_asig2,pre_cod_asig3,pre_cod_asig4,pre_cod_asig5,pre_cod_asig6,pre_cod_asig7 FROM tblaca009 WHERE pensum='5' AND c_uni_ca='6' AND c_asigna='300677' [1][0] OK
C:[28/11/2013 14:27:58.69][172.16.4.250][1569] SELECT pre_cod_asig1,pre_cod_asig2,pre_cod_asig3,pre_cod_asig4,pre_cod_asig5,pre_cod_asig6,pre_cod_asig7 FROM tblaca009 WHERE pensum='5' AND c_uni_ca='6' AND c_asigna='300313' [1][0] OK
C:[28/11/2013 14:27:58.69][172.16.4.250][1582] SELECT c_asigna FROM dace004 WHERE exp_e='08-20013499' AND c_asigna='300213' AND status IN ('0','3','B') [1][0] OK
C:[28/11/2013 14:27:58.69][172.16.4.250][1582] SELECT c_asigna FROM dace004 WHERE exp_e='08-20013499' AND c_asigna='300226' AND status IN ('0','3','B') [1][0] OK
C:[28/11/2013 14:27:58.69][172.16.4.250][1582] SELECT c_asigna FROM dace004 WHERE exp_e='08-20013499' AND c_asigna='300222' AND status IN ('0','3','B') [1][0] OK
C:[28/11/2013 14:27:58.69][172.16.4.250][1582] SELECT c_asigna FROM dace004 WHERE exp_e='08-20013499' AND c_asigna='300209' AND status IN ('0','3','B') [1][0] OK
C:[28/11/2013 14:27:58.69][172.16.4.250][1569] SELECT pre_cod_asig1,pre_cod_asig2,pre_cod_asig3,pre_cod_asig4,pre_cod_asig5,pre_cod_asig6,pre_cod_asig7 FROM tblaca009 WHERE pensum='5' AND c_uni_ca='6' AND c_asigna='342559' [1][0] OK
C:[28/11/2013 14:27:58.69][172.16.4.250][1582] SELECT c_asigna FROM dace004 WHERE exp_e='08-20013499' AND c_asigna='342436' AND status IN ('0','3','B') [1][0] OK
C:[28/11/2013 14:27:58.69][172.16.4.250][1569] SELECT pre_cod_asig1,pre_cod_asig2,pre_cod_asig3,pre_cod_asig4,pre_cod_asig5,pre_cod_asig6,pre_cod_asig7 FROM tblaca009 WHERE pensum='5' AND c_uni_ca='6' AND c_asigna='342567' [1][0] OK
C:[28/11/2013 14:27:58.69][172.16.4.250][1582] SELECT c_asigna FROM dace004 WHERE exp_e='08-20013499' AND c_asigna='342444' AND status IN ('0','3','B') [1][0] OK
C:[28/11/2013 14:27:58.88][172.16.4.250][1613] SELECT par_cod_asig1,par_cod_asig2,par_cod_asig3 FROM tblaca009 WHERE pensum='5' AND c_uni_ca='6' AND c_asigna='300428' [1][0] OK
C:[28/11/2013 14:27:58.88][172.16.4.250][1613] SELECT par_cod_asig1,par_cod_asig2,par_cod_asig3 FROM tblaca009 WHERE pensum='5' AND c_uni_ca='6' AND c_asigna='300677' [1][0] OK
C:[28/11/2013 14:27:58.88][172.16.4.250][1613] SELECT par_cod_asig1,par_cod_asig2,par_cod_asig3 FROM tblaca009 WHERE pensum='5' AND c_uni_ca='6' AND c_asigna='300313' [1][0] OK
C:[28/11/2013 14:27:58.88][172.16.4.250][1613] SELECT par_cod_asig1,par_cod_asig2,par_cod_asig3 FROM tblaca009 WHERE pensum='5' AND c_uni_ca='6' AND c_asigna='342559' [1][0] OK
C:[28/11/2013 14:27:58.88][172.16.4.250][1613] SELECT par_cod_asig1,par_cod_asig2,par_cod_asig3 FROM tblaca009 WHERE pensum='5' AND c_uni_ca='6' AND c_asigna='342567' [1][0] OK
C:[28/11/2013 16:18:11.62][172.16.4.247][1569] SELECT pre_cod_asig1,pre_cod_asig2,pre_cod_asig3,pre_cod_asig4,pre_cod_asig5,pre_cod_asig6,pre_cod_asig7 FROM tblaca009 WHERE pensum='5' AND c_uni_ca='6' AND c_asigna='300422' [1][0] OK
C:[28/11/2013 16:18:11.62][172.16.4.247][1582] SELECT c_asigna FROM dace004 WHERE exp_e='09-20495480' AND c_asigna='300105' AND status IN ('0','3','B') [1][0] OK
C:[28/11/2013 16:18:11.62][172.16.4.247][1582] SELECT c_asigna FROM dace004 WHERE exp_e='09-20495480' AND c_asigna='300314' AND status IN ('0','3','B') [1][0] OK
C:[28/11/2013 16:18:11.62][172.16.4.247][1569] SELECT pre_cod_asig1,pre_cod_asig2,pre_cod_asig3,pre_cod_asig4,pre_cod_asig5,pre_cod_asig6,pre_cod_asig7 FROM tblaca009 WHERE pensum='5' AND c_uni_ca='6' AND c_asigna='300226' [1][0] OK
C:[28/11/2013 16:18:11.62][172.16.4.247][1582] SELECT c_asigna FROM dace004 WHERE exp_e='09-20495480' AND c_asigna='300116' AND status IN ('0','3','B') [1][0] OK
C:[28/11/2013 16:18:11.62][172.16.4.247][1569] SELECT pre_cod_asig1,pre_cod_asig2,pre_cod_asig3,pre_cod_asig4,pre_cod_asig5,pre_cod_asig6,pre_cod_asig7 FROM tblaca009 WHERE pensum='5' AND c_uni_ca='6' AND c_asigna='342436' [1][0] OK
C:[28/11/2013 16:18:11.62][172.16.4.247][1582] SELECT c_asigna FROM dace004 WHERE exp_e='09-20495480' AND c_asigna='300318' AND status IN ('0','3','B') [1][0] OK
C:[28/11/2013 16:18:11.62][172.16.4.247][1582] SELECT c_asigna FROM dace004 WHERE exp_e='09-20495480' AND c_asigna='300317' AND status IN ('0','3','B') [1][0] OK
C:[28/11/2013 16:18:11.62][172.16.4.247][1569] SELECT pre_cod_asig1,pre_cod_asig2,pre_cod_asig3,pre_cod_asig4,pre_cod_asig5,pre_cod_asig6,pre_cod_asig7 FROM tblaca009 WHERE pensum='5' AND c_uni_ca='6' AND c_asigna='342444' [1][0] OK
C:[28/11/2013 16:18:11.62][172.16.4.247][1582] SELECT c_asigna FROM dace004 WHERE exp_e='09-20495480' AND c_asigna='340323' AND status IN ('0','3','B') [1][0] OK
C:[28/11/2013 16:18:11.62][172.16.4.247][1569] SELECT pre_cod_asig1,pre_cod_asig2,pre_cod_asig3,pre_cod_asig4,pre_cod_asig5,pre_cod_asig6,pre_cod_asig7 FROM tblaca009 WHERE pensum='5' AND c_uni_ca='6' AND c_asigna='344445' [1][0] OK
C:[28/11/2013 16:18:11.54][172.16.4.247][1613] SELECT par_cod_asig1,par_cod_asig2,par_cod_asig3 FROM tblaca009 WHERE pensum='5' AND c_uni_ca='6' AND c_asigna='300422' [1][0] OK
C:[28/11/2013 16:18:11.54][172.16.4.247][1613] SELECT par_cod_asig1,par_cod_asig2,par_cod_asig3 FROM tblaca009 WHERE pensum='5' AND c_uni_ca='6' AND c_asigna='300226' [1][0] OK
C:[28/11/2013 16:18:11.54][172.16.4.247][1613] SELECT par_cod_asig1,par_cod_asig2,par_cod_asig3 FROM tblaca009 WHERE pensum='5' AND c_uni_ca='6' AND c_asigna='342436' [1][0] OK
C:[28/11/2013 16:18:11.54][172.16.4.247][1613] SELECT par_cod_asig1,par_cod_asig2,par_cod_asig3 FROM tblaca009 WHERE pensum='5' AND c_uni_ca='6' AND c_asigna='342444' [1][0] OK
C:[28/11/2013 16:18:11.54][172.16.4.247][1613] SELECT par_cod_asig1,par_cod_asig2,par_cod_asig3 FROM tblaca009 WHERE pensum='5' AND c_uni_ca='6' AND c_asigna='344445' [1][0] OK
C:[28/11/2013 17:21:11.72][190.200.48.110][1569] SELECT pre_cod_asig1,pre_cod_asig2,pre_cod_asig3,pre_cod_asig4,pre_cod_asig5,pre_cod_asig6,pre_cod_asig7 FROM tblaca009 WHERE pensum='5' AND c_uni_ca='2' AND c_asigna='322559' [1][0] OK
C:[28/11/2013 17:21:11.72][190.200.48.110][1582] SELECT c_asigna FROM dace004 WHERE exp_e='04-15908616' AND c_asigna='300428' AND status IN ('0','3','B') [1][0] OK
C:[28/11/2013 17:21:11.72][190.200.48.110][1582] SELECT c_asigna FROM dace004 WHERE exp_e='04-15908616' AND c_asigna='322436' AND status IN ('0','3','B') [1][0] OK
C:[28/11/2013 17:21:11.72][190.200.48.110][1569] SELECT pre_cod_asig1,pre_cod_asig2,pre_cod_asig3,pre_cod_asig4,pre_cod_asig5,pre_cod_asig6,pre_cod_asig7 FROM tblaca009 WHERE pensum='5' AND c_uni_ca='2' AND c_asigna='322558' [1][0] OK
C:[28/11/2013 17:21:11.72][190.200.48.110][1582] SELECT c_asigna FROM dace004 WHERE exp_e='04-15908616' AND c_asigna='300428' AND status IN ('0','3','B') [1][0] OK
C:[28/11/2013 17:21:11.72][190.200.48.110][1582] SELECT c_asigna FROM dace004 WHERE exp_e='04-15908616' AND c_asigna='320323' AND status IN ('0','3','B') [1][0] OK
C:[28/11/2013 17:21:11.72][190.200.48.110][1569] SELECT pre_cod_asig1,pre_cod_asig2,pre_cod_asig3,pre_cod_asig4,pre_cod_asig5,pre_cod_asig6,pre_cod_asig7 FROM tblaca009 WHERE pensum='5' AND c_uni_ca='2' AND c_asigna='322728' [1][0] OK
C:[28/11/2013 17:21:11.72][190.200.48.110][1582] SELECT c_asigna FROM dace004 WHERE exp_e='04-15908616' AND c_asigna='311561' AND status IN ('0','3','B') [1][0] OK
C:[28/11/2013 17:21:11.72][190.200.48.110][1582] SELECT c_asigna FROM dace004 WHERE exp_e='04-15908616' AND c_asigna='322681' AND status IN ('0','3','B') [1][0] OK
C:[28/11/2013 17:21:11.41][190.200.48.110][1613] SELECT par_cod_asig1,par_cod_asig2,par_cod_asig3 FROM tblaca009 WHERE pensum='5' AND c_uni_ca='2' AND c_asigna='322559' [1][0] OK
C:[28/11/2013 17:21:11.41][190.200.48.110][1613] SELECT par_cod_asig1,par_cod_asig2,par_cod_asig3 FROM tblaca009 WHERE pensum='5' AND c_uni_ca='2' AND c_asigna='322558' [1][0] OK
C:[28/11/2013 17:21:11.41][190.200.48.110][1613] SELECT par_cod_asig1,par_cod_asig2,par_cod_asig3 FROM tblaca009 WHERE pensum='5' AND c_uni_ca='2' AND c_asigna='322728' [1][0] OK
C:[28/11/2013 17:21:11.78][190.200.48.110][1684] SELECT c_asigna FROM tblaca009 WHERE pensum='5' AND c_uni_ca='2' AND ((par_cod_asig1='322550') OR (par_cod_asig2='322550') OR (par_cod_asig3='322550'))  [0][0] OK
C:[28/11/2013 21:14:07.82][190.78.106.56][1569] SELECT pre_cod_asig1,pre_cod_asig2,pre_cod_asig3,pre_cod_asig4,pre_cod_asig5,pre_cod_asig6,pre_cod_asig7 FROM tblaca009 WHERE pensum='5' AND c_uni_ca='3' AND c_asigna='300105' [1][0] OK
C:[28/11/2013 21:14:07.82][190.78.106.56][1569] SELECT pre_cod_asig1,pre_cod_asig2,pre_cod_asig3,pre_cod_asig4,pre_cod_asig5,pre_cod_asig6,pre_cod_asig7 FROM tblaca009 WHERE pensum='5' AND c_uni_ca='3' AND c_asigna='300112' [1][0] OK
C:[28/11/2013 21:14:07.82][190.78.106.56][1569] SELECT pre_cod_asig1,pre_cod_asig2,pre_cod_asig3,pre_cod_asig4,pre_cod_asig5,pre_cod_asig6,pre_cod_asig7 FROM tblaca009 WHERE pensum='5' AND c_uni_ca='3' AND c_asigna='300113' [1][0] OK
C:[28/11/2013 21:14:07.82][190.78.106.56][1569] SELECT pre_cod_asig1,pre_cod_asig2,pre_cod_asig3,pre_cod_asig4,pre_cod_asig5,pre_cod_asig6,pre_cod_asig7 FROM tblaca009 WHERE pensum='5' AND c_uni_ca='3' AND c_asigna='300226' [1][0] OK
C:[28/11/2013 21:14:07.82][190.78.106.56][1582] SELECT c_asigna FROM dace004 WHERE exp_e='03-17633620' AND c_asigna='300116' AND status IN ('0','3','B') [1][0] OK
C:[28/11/2013 21:14:07.82][190.78.106.56][1569] SELECT pre_cod_asig1,pre_cod_asig2,pre_cod_asig3,pre_cod_asig4,pre_cod_asig5,pre_cod_asig6,pre_cod_asig7 FROM tblaca009 WHERE pensum='5' AND c_uni_ca='3' AND c_asigna='311554' [1][0] OK
C:[28/11/2013 21:14:07.82][190.78.106.56][1582] SELECT c_asigna FROM dace004 WHERE exp_e='03-17633620' AND c_asigna='300318' AND status IN ('0','3','B') [1][0] OK
C:[28/11/2013 21:14:07.82][190.78.106.56][1582] SELECT c_asigna FROM dace004 WHERE exp_e='03-17633620' AND c_asigna='300428' AND status IN ('0','3','B') [1][0] OK
C:[28/11/2013 21:14:07.38][190.78.106.56][1613] SELECT par_cod_asig1,par_cod_asig2,par_cod_asig3 FROM tblaca009 WHERE pensum='5' AND c_uni_ca='3' AND c_asigna='300105' [1][0] OK
C:[28/11/2013 21:14:07.38][190.78.106.56][1613] SELECT par_cod_asig1,par_cod_asig2,par_cod_asig3 FROM tblaca009 WHERE pensum='5' AND c_uni_ca='3' AND c_asigna='300112' [1][0] OK
C:[28/11/2013 21:14:07.38][190.78.106.56][1613] SELECT par_cod_asig1,par_cod_asig2,par_cod_asig3 FROM tblaca009 WHERE pensum='5' AND c_uni_ca='3' AND c_asigna='300113' [1][0] OK
C:[28/11/2013 21:14:07.38][190.78.106.56][1627] SELECT c_asigna FROM dace004 WHERE exp_e='03-17633620' AND c_asigna='300013' AND status IN ('0','3','B','C') [1][0] OK
C:[28/11/2013 21:14:07.38][190.78.106.56][1613] SELECT par_cod_asig1,par_cod_asig2,par_cod_asig3 FROM tblaca009 WHERE pensum='5' AND c_uni_ca='3' AND c_asigna='300226' [1][0] OK
C:[28/11/2013 21:14:07.38][190.78.106.56][1613] SELECT par_cod_asig1,par_cod_asig2,par_cod_asig3 FROM tblaca009 WHERE pensum='5' AND c_uni_ca='3' AND c_asigna='311554' [1][0] OK
C:[28/11/2013 22:31:07.29][181.185.205.105][1569] SELECT pre_cod_asig1,pre_cod_asig2,pre_cod_asig3,pre_cod_asig4,pre_cod_asig5,pre_cod_asig6,pre_cod_asig7 FROM tblaca009 WHERE pensum='5' AND c_uni_ca='3' AND c_asigna='300676' [1][0] OK
C:[28/11/2013 22:31:07.29][181.185.205.105][1569] SELECT pre_cod_asig1,pre_cod_asig2,pre_cod_asig3,pre_cod_asig4,pre_cod_asig5,pre_cod_asig6,pre_cod_asig7 FROM tblaca009 WHERE pensum='5' AND c_uni_ca='3' AND c_asigna='300314' [1][0] OK
C:[28/11/2013 22:31:07.29][181.185.205.105][1582] SELECT c_asigna FROM dace004 WHERE exp_e='09-18686840' AND c_asigna='300106' AND status IN ('0','3','B') [1][0] OK
C:[28/11/2013 22:31:07.29][181.185.205.105][1569] SELECT pre_cod_asig1,pre_cod_asig2,pre_cod_asig3,pre_cod_asig4,pre_cod_asig5,pre_cod_asig6,pre_cod_asig7 FROM tblaca009 WHERE pensum='5' AND c_uni_ca='3' AND c_asigna='311434' [1][0] OK
C:[28/11/2013 22:31:07.29][181.185.205.105][1582] SELECT c_asigna FROM dace004 WHERE exp_e='09-18686840' AND c_asigna='300222' AND status IN ('0','3','B') [1][0] OK
C:[28/11/2013 22:31:07.29][181.185.205.105][1582] SELECT c_asigna FROM dace004 WHERE exp_e='09-18686840' AND c_asigna='300226' AND status IN ('0','3','B') [1][0] OK
C:[28/11/2013 22:31:07.29][181.185.205.105][1582] SELECT c_asigna FROM dace004 WHERE exp_e='09-18686840' AND c_asigna='300209' AND status IN ('0','3','B') [1][0] OK
C:[28/11/2013 22:31:07.29][181.185.205.105][1569] SELECT pre_cod_asig1,pre_cod_asig2,pre_cod_asig3,pre_cod_asig4,pre_cod_asig5,pre_cod_asig6,pre_cod_asig7 FROM tblaca009 WHERE pensum='5' AND c_uni_ca='3' AND c_asigna='310548' [1][0] OK
C:[28/11/2013 22:31:07.29][181.185.205.105][1582] SELECT c_asigna FROM dace004 WHERE exp_e='09-18686840' AND c_asigna='300428' AND status IN ('0','3','B') [1][0] OK
C:[28/11/2013 22:31:07.29][181.185.205.105][1582] SELECT c_asigna FROM dace004 WHERE exp_e='09-18686840' AND c_asigna='300313' AND status IN ('0','3','B') [1][0] OK
C:[28/11/2013 22:31:07.29][181.185.205.105][1582] SELECT c_asigna FROM dace004 WHERE exp_e='09-18686840' AND c_asigna='300222' AND status IN ('0','3','B') [1][0] OK
C:[28/11/2013 22:31:07.29][181.185.205.105][1582] SELECT c_asigna FROM dace004 WHERE exp_e='09-18686840' AND c_asigna='300226' AND status IN ('0','3','B') [1][0] OK
C:[28/11/2013 22:31:07.29][181.185.205.105][1582] SELECT c_asigna FROM dace004 WHERE exp_e='09-18686840' AND c_asigna='300209' AND status IN ('0','3','B') [1][0] OK
C:[28/11/2013 22:31:07.29][181.185.205.105][1569] SELECT pre_cod_asig1,pre_cod_asig2,pre_cod_asig3,pre_cod_asig4,pre_cod_asig5,pre_cod_asig6,pre_cod_asig7 FROM tblaca009 WHERE pensum='5' AND c_uni_ca='3' AND c_asigna='311673' [1][0] OK
C:[28/11/2013 22:31:07.29][181.185.205.105][1582] SELECT c_asigna FROM dace004 WHERE exp_e='09-18686840' AND c_asigna='311551' AND status IN ('0','3','B') [1][0] OK
C:[28/11/2013 22:31:07.29][181.185.205.105][1582] SELECT c_asigna FROM dace004 WHERE exp_e='09-18686840' AND c_asigna='311554' AND status IN ('0','3','B') [1][0] OK
C:[28/11/2013 22:31:07.29][181.185.205.105][1582] SELECT c_asigna FROM dace004 WHERE exp_e='09-18686840' AND c_asigna='311320' AND status IN ('0','3','B') [1][0] OK
C:[28/11/2013 22:31:07.29][181.185.205.105][1569] SELECT pre_cod_asig1,pre_cod_asig2,pre_cod_asig3,pre_cod_asig4,pre_cod_asig5,pre_cod_asig6,pre_cod_asig7 FROM tblaca009 WHERE pensum='5' AND c_uni_ca='3' AND c_asigna='315671' [1][0] OK
C:[28/11/2013 22:31:07.29][181.185.205.105][1582] SELECT c_asigna FROM dace004 WHERE exp_e='09-18686840' AND c_asigna='315552' AND status IN ('0','3','B') [1][0] OK
C:[28/11/2013 22:31:07.23][181.185.205.105][1613] SELECT par_cod_asig1,par_cod_asig2,par_cod_asig3 FROM tblaca009 WHERE pensum='5' AND c_uni_ca='3' AND c_asigna='300676' [1][0] OK
C:[28/11/2013 22:31:07.23][181.185.205.105][1613] SELECT par_cod_asig1,par_cod_asig2,par_cod_asig3 FROM tblaca009 WHERE pensum='5' AND c_uni_ca='3' AND c_asigna='300314' [1][0] OK
C:[28/11/2013 22:31:07.23][181.185.205.105][1613] SELECT par_cod_asig1,par_cod_asig2,par_cod_asig3 FROM tblaca009 WHERE pensum='5' AND c_uni_ca='3' AND c_asigna='311434' [1][0] OK
C:[28/11/2013 22:31:07.23][181.185.205.105][1627] SELECT c_asigna FROM dace004 WHERE exp_e='09-18686840' AND c_asigna='311431' AND status IN ('0','3','B','C') [1][0] OK
C:[28/11/2013 22:31:07.23][181.185.205.105][1613] SELECT par_cod_asig1,par_cod_asig2,par_cod_asig3 FROM tblaca009 WHERE pensum='5' AND c_uni_ca='3' AND c_asigna='310548' [1][0] OK
C:[28/11/2013 22:31:07.23][181.185.205.105][1613] SELECT par_cod_asig1,par_cod_asig2,par_cod_asig3 FROM tblaca009 WHERE pensum='5' AND c_uni_ca='3' AND c_asigna='311673' [1][0] OK
C:[28/11/2013 22:31:07.23][181.185.205.105][1613] SELECT par_cod_asig1,par_cod_asig2,par_cod_asig3 FROM tblaca009 WHERE pensum='5' AND c_uni_ca='3' AND c_asigna='315671' [1][0] OK
C:[29/11/2013 08:42:04.09][190.199.82.154][1569] SELECT pre_cod_asig1,pre_cod_asig2,pre_cod_asig3,pre_cod_asig4,pre_cod_asig5,pre_cod_asig6,pre_cod_asig7 FROM tblaca009 WHERE pensum='5' AND c_uni_ca='3' AND c_asigna='300956' [1][0] OK
C:[29/11/2013 08:42:04.09][190.199.82.154][1582] SELECT c_asigna FROM dace004 WHERE exp_e='07-21338429' AND c_asigna='300422' AND status IN ('0','3','B') [1][0] OK
C:[29/11/2013 08:42:04.09][190.199.82.154][1582] SELECT c_asigna FROM dace004 WHERE exp_e='07-21338429' AND c_asigna='300105' AND status IN ('0','3','B') [1][0] OK
C:[29/11/2013 08:42:04.09][190.199.82.154][1582] SELECT c_asigna FROM dace004 WHERE exp_e='07-21338429' AND c_asigna='300314' AND status IN ('0','3','B') [1][0] OK
C:[29/11/2013 08:42:04.09][190.199.82.154][1569] SELECT pre_cod_asig1,pre_cod_asig2,pre_cod_asig3,pre_cod_asig4,pre_cod_asig5,pre_cod_asig6,pre_cod_asig7 FROM tblaca009 WHERE pensum='5' AND c_uni_ca='3' AND c_asigna='311099' [1][0] OK
C:[29/11/2013 08:42:04.09][190.199.82.154][1582] SELECT c_asigna FROM dace004 WHERE exp_e='07-21338429' AND c_asigna='311795' AND status IN ('0','3','B') [1][0] OK
C:[29/11/2013 08:42:04.09][190.199.82.154][1582] SELECT c_asigna FROM dace004 WHERE exp_e='07-21338429' AND c_asigna='311825' AND status IN ('0','3','B') [1][0] OK
C:[29/11/2013 08:42:04.09][190.199.82.154][1569] SELECT pre_cod_asig1,pre_cod_asig2,pre_cod_asig3,pre_cod_asig4,pre_cod_asig5,pre_cod_asig6,pre_cod_asig7 FROM tblaca009 WHERE pensum='5' AND c_uni_ca='3' AND c_asigna='311934' [1][0] OK
C:[29/11/2013 08:42:04.09][190.199.82.154][1582] SELECT c_asigna FROM dace004 WHERE exp_e='07-21338429' AND c_asigna='311826' AND status IN ('0','3','B') [1][0] OK
C:[29/11/2013 08:42:04.09][190.199.82.154][1582] SELECT c_asigna FROM dace004 WHERE exp_e='07-21338429' AND c_asigna='311827' AND status IN ('0','3','B') [1][0] OK
C:[29/11/2013 08:42:04.91][190.199.82.154][1613] SELECT par_cod_asig1,par_cod_asig2,par_cod_asig3 FROM tblaca009 WHERE pensum='5' AND c_uni_ca='3' AND c_asigna='300956' [1][0] OK
C:[29/11/2013 08:42:04.91][190.199.82.154][1613] SELECT par_cod_asig1,par_cod_asig2,par_cod_asig3 FROM tblaca009 WHERE pensum='5' AND c_uni_ca='3' AND c_asigna='311099' [1][0] OK
C:[29/11/2013 08:42:04.91][190.199.82.154][1613] SELECT par_cod_asig1,par_cod_asig2,par_cod_asig3 FROM tblaca009 WHERE pensum='5' AND c_uni_ca='3' AND c_asigna='311934' [1][0] OK
C:[29/11/2013 08:47:05.22][190.199.82.154][1569] SELECT pre_cod_asig1,pre_cod_asig2,pre_cod_asig3,pre_cod_asig4,pre_cod_asig5,pre_cod_asig6,pre_cod_asig7 FROM tblaca009 WHERE pensum='5' AND c_uni_ca='3' AND c_asigna='311099' [1][0] OK
C:[29/11/2013 08:47:05.22][190.199.82.154][1582] SELECT c_asigna FROM dace004 WHERE exp_e='07-21338429' AND c_asigna='311795' AND status IN ('0','3','B') [1][0] OK
C:[29/11/2013 08:47:05.22][190.199.82.154][1582] SELECT c_asigna FROM dace004 WHERE exp_e='07-21338429' AND c_asigna='311825' AND status IN ('0','3','B') [1][0] OK
C:[29/11/2013 08:47:05.22][190.199.82.154][1569] SELECT pre_cod_asig1,pre_cod_asig2,pre_cod_asig3,pre_cod_asig4,pre_cod_asig5,pre_cod_asig6,pre_cod_asig7 FROM tblaca009 WHERE pensum='5' AND c_uni_ca='3' AND c_asigna='311934' [1][0] OK
C:[29/11/2013 08:47:05.22][190.199.82.154][1582] SELECT c_asigna FROM dace004 WHERE exp_e='07-21338429' AND c_asigna='311826' AND status IN ('0','3','B') [1][0] OK
C:[29/11/2013 08:47:05.22][190.199.82.154][1582] SELECT c_asigna FROM dace004 WHERE exp_e='07-21338429' AND c_asigna='311827' AND status IN ('0','3','B') [1][0] OK
C:[29/11/2013 08:47:05.22][190.199.82.154][1569] SELECT pre_cod_asig1,pre_cod_asig2,pre_cod_asig3,pre_cod_asig4,pre_cod_asig5,pre_cod_asig6,pre_cod_asig7 FROM tblaca009 WHERE pensum='5' AND c_uni_ca='3' AND c_asigna='300956' [1][0] OK
C:[29/11/2013 08:47:05.22][190.199.82.154][1582] SELECT c_asigna FROM dace004 WHERE exp_e='07-21338429' AND c_asigna='300422' AND status IN ('0','3','B') [1][0] OK
C:[29/11/2013 08:47:05.22][190.199.82.154][1582] SELECT c_asigna FROM dace004 WHERE exp_e='07-21338429' AND c_asigna='300105' AND status IN ('0','3','B') [1][0] OK
C:[29/11/2013 08:47:05.22][190.199.82.154][1582] SELECT c_asigna FROM dace004 WHERE exp_e='07-21338429' AND c_asigna='300314' AND status IN ('0','3','B') [1][0] OK
C:[29/11/2013 08:47:06.04][190.199.82.154][1613] SELECT par_cod_asig1,par_cod_asig2,par_cod_asig3 FROM tblaca009 WHERE pensum='5' AND c_uni_ca='3' AND c_asigna='311099' [1][0] OK
C:[29/11/2013 08:47:06.04][190.199.82.154][1613] SELECT par_cod_asig1,par_cod_asig2,par_cod_asig3 FROM tblaca009 WHERE pensum='5' AND c_uni_ca='3' AND c_asigna='311934' [1][0] OK
C:[29/11/2013 08:47:06.04][190.199.82.154][1613] SELECT par_cod_asig1,par_cod_asig2,par_cod_asig3 FROM tblaca009 WHERE pensum='5' AND c_uni_ca='3' AND c_asigna='300956' [1][0] OK
C:[29/11/2013 11:20:43.49][190.198.228.231][1569] SELECT pre_cod_asig1,pre_cod_asig2,pre_cod_asig3,pre_cod_asig4,pre_cod_asig5,pre_cod_asig6,pre_cod_asig7 FROM tblaca009 WHERE pensum='5' AND c_uni_ca='2' AND c_asigna='300207' [1][0] OK
C:[29/11/2013 11:20:43.49][190.198.228.231][1582] SELECT c_asigna FROM dace004 WHERE exp_e='10-20503874' AND c_asigna='300101' AND status IN ('0','3','B') [1][0] OK
C:[29/11/2013 11:20:43.49][190.198.228.231][1569] SELECT pre_cod_asig1,pre_cod_asig2,pre_cod_asig3,pre_cod_asig4,pre_cod_asig5,pre_cod_asig6,pre_cod_asig7 FROM tblaca009 WHERE pensum='5' AND c_uni_ca='2' AND c_asigna='300213' [1][0] OK
C:[29/11/2013 11:20:43.49][190.198.228.231][1582] SELECT c_asigna FROM dace004 WHERE exp_e='10-20503874' AND c_asigna='300101' AND status IN ('0','3','B') [1][0] OK
C:[29/11/2013 11:20:43.49][190.198.228.231][1569] SELECT pre_cod_asig1,pre_cod_asig2,pre_cod_asig3,pre_cod_asig4,pre_cod_asig5,pre_cod_asig6,pre_cod_asig7 FROM tblaca009 WHERE pensum='5' AND c_uni_ca='2' AND c_asigna='300209' [1][0] OK
C:[29/11/2013 11:20:43.49][190.198.228.231][1582] SELECT c_asigna FROM dace004 WHERE exp_e='10-20503874' AND c_asigna='300101' AND status IN ('0','3','B') [1][0] OK
C:[29/11/2013 11:20:43.80][190.198.228.231][1613] SELECT par_cod_asig1,par_cod_asig2,par_cod_asig3 FROM tblaca009 WHERE pensum='5' AND c_uni_ca='2' AND c_asigna='300207' [1][0] OK
C:[29/11/2013 11:20:43.80][190.198.228.231][1613] SELECT par_cod_asig1,par_cod_asig2,par_cod_asig3 FROM tblaca009 WHERE pensum='5' AND c_uni_ca='2' AND c_asigna='300213' [1][0] OK
C:[29/11/2013 11:20:43.80][190.198.228.231][1627] SELECT c_asigna FROM dace004 WHERE exp_e='10-20503874' AND c_asigna='300209' AND status IN ('0','3','B','C') [0][0] OK
C:[29/11/2013 11:20:43.80][190.198.228.231][1613] SELECT par_cod_asig1,par_cod_asig2,par_cod_asig3 FROM tblaca009 WHERE pensum='5' AND c_uni_ca='2' AND c_asigna='300209' [1][0] OK
C:[29/11/2013 14:07:54.66][172.16.4.250][1569] SELECT pre_cod_asig1,pre_cod_asig2,pre_cod_asig3,pre_cod_asig4,pre_cod_asig5,pre_cod_asig6,pre_cod_asig7 FROM tblaca009 WHERE pensum='5' AND c_uni_ca='3' AND c_asigna='300317' [1][0] OK
C:[29/11/2013 14:07:54.66][172.16.4.250][1582] SELECT c_asigna FROM dace004 WHERE exp_e='12-25777567' AND c_asigna='300207' AND status IN ('0','3','B') [1][0] OK
C:[29/11/2013 14:07:54.66][172.16.4.250][1582] SELECT c_asigna FROM dace004 WHERE exp_e='12-25777567' AND c_asigna='300209' AND status IN ('0','3','B') [1][0] OK
C:[29/11/2013 14:07:54.66][172.16.4.250][1569] SELECT pre_cod_asig1,pre_cod_asig2,pre_cod_asig3,pre_cod_asig4,pre_cod_asig5,pre_cod_asig6,pre_cod_asig7 FROM tblaca009 WHERE pensum='5' AND c_uni_ca='3' AND c_asigna='312333' [1][0] OK
C:[29/11/2013 14:07:54.66][172.16.4.250][1582] SELECT c_asigna FROM dace004 WHERE exp_e='12-25777567' AND c_asigna='300228' AND status IN ('0','3','B') [1][0] OK
C:[29/11/2013 14:07:54.66][172.16.4.250][1569] SELECT pre_cod_asig1,pre_cod_asig2,pre_cod_asig3,pre_cod_asig4,pre_cod_asig5,pre_cod_asig6,pre_cod_asig7 FROM tblaca009 WHERE pensum='5' AND c_uni_ca='3' AND c_asigna='300313' [1][0] OK
C:[29/11/2013 14:07:54.66][172.16.4.250][1582] SELECT c_asigna FROM dace004 WHERE exp_e='12-25777567' AND c_asigna='300213' AND status IN ('0','3','B') [1][0] OK
C:[29/11/2013 14:07:54.66][172.16.4.250][1582] SELECT c_asigna FROM dace004 WHERE exp_e='12-25777567' AND c_asigna='300226' AND status IN ('0','3','B') [1][0] OK
C:[29/11/2013 14:07:54.66][172.16.4.250][1582] SELECT c_asigna FROM dace004 WHERE exp_e='12-25777567' AND c_asigna='300222' AND status IN ('0','3','B') [1][0] OK
C:[29/11/2013 14:07:54.66][172.16.4.250][1582] SELECT c_asigna FROM dace004 WHERE exp_e='12-25777567' AND c_asigna='300209' AND status IN ('0','3','B') [1][0] OK
C:[29/11/2013 14:07:54.47][172.16.4.250][1613] SELECT par_cod_asig1,par_cod_asig2,par_cod_asig3 FROM tblaca009 WHERE pensum='5' AND c_uni_ca='3' AND c_asigna='300317' [1][0] OK
C:[29/11/2013 14:07:54.47][172.16.4.250][1613] SELECT par_cod_asig1,par_cod_asig2,par_cod_asig3 FROM tblaca009 WHERE pensum='5' AND c_uni_ca='3' AND c_asigna='312333' [1][0] OK
C:[29/11/2013 14:07:54.47][172.16.4.250][1613] SELECT par_cod_asig1,par_cod_asig2,par_cod_asig3 FROM tblaca009 WHERE pensum='5' AND c_uni_ca='3' AND c_asigna='300313' [1][0] OK
C:[29/11/2013 14:07:54.85][172.16.4.250][1684] SELECT c_asigna FROM tblaca009 WHERE pensum='5' AND c_uni_ca='3' AND ((par_cod_asig1='300318') OR (par_cod_asig2='300318') OR (par_cod_asig3='300318'))  [0][0] OK
C:[29/11/2013 14:18:59.24][172.16.4.250][1569] SELECT pre_cod_asig1,pre_cod_asig2,pre_cod_asig3,pre_cod_asig4,pre_cod_asig5,pre_cod_asig6,pre_cod_asig7 FROM tblaca009 WHERE pensum='5' AND c_uni_ca='3' AND c_asigna='300317' [1][0] OK
C:[29/11/2013 14:18:59.24][172.16.4.250][1582] SELECT c_asigna FROM dace004 WHERE exp_e='12-25777567' AND c_asigna='300207' AND status IN ('0','3','B') [1][0] OK
C:[29/11/2013 14:18:59.24][172.16.4.250][1582] SELECT c_asigna FROM dace004 WHERE exp_e='12-25777567' AND c_asigna='300209' AND status IN ('0','3','B') [1][0] OK
C:[29/11/2013 14:18:59.24][172.16.4.250][1569] SELECT pre_cod_asig1,pre_cod_asig2,pre_cod_asig3,pre_cod_asig4,pre_cod_asig5,pre_cod_asig6,pre_cod_asig7 FROM tblaca009 WHERE pensum='5' AND c_uni_ca='3' AND c_asigna='300313' [1][0] OK
C:[29/11/2013 14:18:59.24][172.16.4.250][1582] SELECT c_asigna FROM dace004 WHERE exp_e='12-25777567' AND c_asigna='300213' AND status IN ('0','3','B') [1][0] OK
C:[29/11/2013 14:18:59.24][172.16.4.250][1582] SELECT c_asigna FROM dace004 WHERE exp_e='12-25777567' AND c_asigna='300226' AND status IN ('0','3','B') [1][0] OK
C:[29/11/2013 14:18:59.24][172.16.4.250][1582] SELECT c_asigna FROM dace004 WHERE exp_e='12-25777567' AND c_asigna='300222' AND status IN ('0','3','B') [1][0] OK
C:[29/11/2013 14:18:59.24][172.16.4.250][1582] SELECT c_asigna FROM dace004 WHERE exp_e='12-25777567' AND c_asigna='300209' AND status IN ('0','3','B') [1][0] OK
C:[29/11/2013 14:18:59.24][172.16.4.250][1569] SELECT pre_cod_asig1,pre_cod_asig2,pre_cod_asig3,pre_cod_asig4,pre_cod_asig5,pre_cod_asig6,pre_cod_asig7 FROM tblaca009 WHERE pensum='5' AND c_uni_ca='3' AND c_asigna='300318' [1][0] OK
C:[29/11/2013 14:18:59.24][172.16.4.250][1582] SELECT c_asigna FROM dace004 WHERE exp_e='12-25777567' AND c_asigna='300228' AND status IN ('0','3','B') [1][0] OK
C:[29/11/2013 14:18:59.24][172.16.4.250][1582] SELECT c_asigna FROM dace004 WHERE exp_e='12-25777567' AND c_asigna='300207' AND status IN ('0','3','B') [1][0] OK
C:[29/11/2013 14:18:59.24][172.16.4.250][1582] SELECT c_asigna FROM dace004 WHERE exp_e='12-25777567' AND c_asigna='300218' AND status IN ('0','3','B') [1][0] OK
C:[29/11/2013 14:19:00.31][172.16.4.250][1613] SELECT par_cod_asig1,par_cod_asig2,par_cod_asig3 FROM tblaca009 WHERE pensum='5' AND c_uni_ca='3' AND c_asigna='300317' [1][0] OK
C:[29/11/2013 14:19:00.31][172.16.4.250][1613] SELECT par_cod_asig1,par_cod_asig2,par_cod_asig3 FROM tblaca009 WHERE pensum='5' AND c_uni_ca='3' AND c_asigna='300313' [1][0] OK
C:[29/11/2013 14:19:00.31][172.16.4.250][1613] SELECT par_cod_asig1,par_cod_asig2,par_cod_asig3 FROM tblaca009 WHERE pensum='5' AND c_uni_ca='3' AND c_asigna='300318' [1][0] OK
C:[29/11/2013 14:19:00.68][172.16.4.250][1684] SELECT c_asigna FROM tblaca009 WHERE pensum='5' AND c_uni_ca='3' AND ((par_cod_asig1='312333') OR (par_cod_asig2='312333') OR (par_cod_asig3='312333'))  [0][0] OK
C:[29/11/2013 15:08:20.93][201.248.68.101][1569] SELECT pre_cod_asig1,pre_cod_asig2,pre_cod_asig3,pre_cod_asig4,pre_cod_asig5,pre_cod_asig6,pre_cod_asig7 FROM tblaca009 WHERE pensum='5' AND c_uni_ca='2' AND c_asigna='311561' [1][0] OK
C:[29/11/2013 15:08:20.93][201.248.68.101][1582] SELECT c_asigna FROM dace004 WHERE exp_e='09-21249261' AND c_asigna='300318' AND status IN ('0','3','B') [1][0] OK
C:[29/11/2013 15:08:20.93][201.248.68.101][1569] SELECT pre_cod_asig1,pre_cod_asig2,pre_cod_asig3,pre_cod_asig4,pre_cod_asig5,pre_cod_asig6,pre_cod_asig7 FROM tblaca009 WHERE pensum='5' AND c_uni_ca='2' AND c_asigna='322558' [1][0] OK
C:[29/11/2013 15:08:20.93][201.248.68.101][1582] SELECT c_asigna FROM dace004 WHERE exp_e='09-21249261' AND c_asigna='300428' AND status IN ('0','3','B') [1][0] OK
C:[29/11/2013 15:08:20.93][201.248.68.101][1582] SELECT c_asigna FROM dace004 WHERE exp_e='09-21249261' AND c_asigna='320323' AND status IN ('0','3','B') [1][0] OK
C:[29/11/2013 15:08:20.93][201.248.68.101][1569] SELECT pre_cod_asig1,pre_cod_asig2,pre_cod_asig3,pre_cod_asig4,pre_cod_asig5,pre_cod_asig6,pre_cod_asig7 FROM tblaca009 WHERE pensum='5' AND c_uni_ca='2' AND c_asigna='322559' [1][0] OK
C:[29/11/2013 15:08:20.93][201.248.68.101][1582] SELECT c_asigna FROM dace004 WHERE exp_e='09-21249261' AND c_asigna='300428' AND status IN ('0','3','B') [1][0] OK
C:[29/11/2013 15:08:20.93][201.248.68.101][1582] SELECT c_asigna FROM dace004 WHERE exp_e='09-21249261' AND c_asigna='322436' AND status IN ('0','3','B') [1][0] OK
C:[29/11/2013 15:08:20.93][201.248.68.101][1569] SELECT pre_cod_asig1,pre_cod_asig2,pre_cod_asig3,pre_cod_asig4,pre_cod_asig5,pre_cod_asig6,pre_cod_asig7 FROM tblaca009 WHERE pensum='5' AND c_uni_ca='2' AND c_asigna='322560' [1][0] OK
C:[29/11/2013 15:08:20.93][201.248.68.101][1569] SELECT pre_cod_asig1,pre_cod_asig2,pre_cod_asig3,pre_cod_asig4,pre_cod_asig5,pre_cod_asig6,pre_cod_asig7 FROM tblaca009 WHERE pensum='5' AND c_uni_ca='2' AND c_asigna='323528' [1][0] OK
C:[29/11/2013 15:08:20.43][201.248.68.101][1613] SELECT par_cod_asig1,par_cod_asig2,par_cod_asig3 FROM tblaca009 WHERE pensum='5' AND c_uni_ca='2' AND c_asigna='311561' [1][0] OK
C:[29/11/2013 15:08:20.43][201.248.68.101][1613] SELECT par_cod_asig1,par_cod_asig2,par_cod_asig3 FROM tblaca009 WHERE pensum='5' AND c_uni_ca='2' AND c_asigna='322558' [1][0] OK
C:[29/11/2013 15:08:20.43][201.248.68.101][1613] SELECT par_cod_asig1,par_cod_asig2,par_cod_asig3 FROM tblaca009 WHERE pensum='5' AND c_uni_ca='2' AND c_asigna='322559' [1][0] OK
C:[29/11/2013 15:08:20.43][201.248.68.101][1613] SELECT par_cod_asig1,par_cod_asig2,par_cod_asig3 FROM tblaca009 WHERE pensum='5' AND c_uni_ca='2' AND c_asigna='322560' [1][0] OK
C:[29/11/2013 15:08:20.43][201.248.68.101][1627] SELECT c_asigna FROM dace004 WHERE exp_e='09-21249261' AND c_asigna='323528' AND status IN ('0','3','B','C') [0][0] OK
C:[29/11/2013 15:08:20.43][201.248.68.101][1613] SELECT par_cod_asig1,par_cod_asig2,par_cod_asig3 FROM tblaca009 WHERE pensum='5' AND c_uni_ca='2' AND c_asigna='323528' [1][0] OK
C:[29/11/2013 15:08:20.18][201.248.68.101][1684] SELECT c_asigna FROM tblaca009 WHERE pensum='5' AND c_uni_ca='2' AND ((par_cod_asig1='322550') OR (par_cod_asig2='322550') OR (par_cod_asig3='322550'))  [0][0] OK
C:[29/11/2013 16:39:53.83][190.206.249.61][1569] SELECT pre_cod_asig1,pre_cod_asig2,pre_cod_asig3,pre_cod_asig4,pre_cod_asig5,pre_cod_asig6,pre_cod_asig7 FROM tblaca009 WHERE pensum='5' AND c_uni_ca='5' AND c_asigna='355721' [1][0] OK
C:[29/11/2013 16:39:53.83][190.206.249.61][1582] SELECT c_asigna FROM dace004 WHERE exp_e='07-20503139' AND c_asigna='355693' AND status IN ('0','3','B') [1][0] OK
C:[29/11/2013 16:39:53.83][190.206.249.61][1582] SELECT c_asigna FROM dace004 WHERE exp_e='07-20503139' AND c_asigna='355696' AND status IN ('0','3','B') [1][0] OK
C:[29/11/2013 16:39:53.83][190.206.249.61][1569] SELECT pre_cod_asig1,pre_cod_asig2,pre_cod_asig3,pre_cod_asig4,pre_cod_asig5,pre_cod_asig6,pre_cod_asig7 FROM tblaca009 WHERE pensum='5' AND c_uni_ca='5' AND c_asigna='355725' [1][0] OK
C:[29/11/2013 16:39:53.83][190.206.249.61][1582] SELECT c_asigna FROM dace004 WHERE exp_e='07-20503139' AND c_asigna='355693' AND status IN ('0','3','B') [1][0] OK
C:[29/11/2013 16:39:53.83][190.206.249.61][1582] SELECT c_asigna FROM dace004 WHERE exp_e='07-20503139' AND c_asigna='355692' AND status IN ('0','3','B') [1][0] OK
C:[29/11/2013 16:39:53.83][190.206.249.61][1569] SELECT pre_cod_asig1,pre_cod_asig2,pre_cod_asig3,pre_cod_asig4,pre_cod_asig5,pre_cod_asig6,pre_cod_asig7 FROM tblaca009 WHERE pensum='5' AND c_uni_ca='5' AND c_asigna='355722' [1][0] OK
C:[29/11/2013 16:39:53.83][190.206.249.61][1582] SELECT c_asigna FROM dace004 WHERE exp_e='07-20503139' AND c_asigna='355691' AND status IN ('0','3','B') [1][0] OK
C:[29/11/2013 16:39:53.83][190.206.249.61][1582] SELECT c_asigna FROM dace004 WHERE exp_e='07-20503139' AND c_asigna='355595' AND status IN ('0','3','B') [1][0] OK
C:[29/11/2013 16:39:53.83][190.206.249.61][1569] SELECT pre_cod_asig1,pre_cod_asig2,pre_cod_asig3,pre_cod_asig4,pre_cod_asig5,pre_cod_asig6,pre_cod_asig7 FROM tblaca009 WHERE pensum='5' AND c_uni_ca='5' AND c_asigna='355835' [1][0] OK
C:[29/11/2013 16:39:53.83][190.206.249.61][1582] SELECT c_asigna FROM dace004 WHERE exp_e='07-20503139' AND c_asigna='355691' AND status IN ('0','3','B') [1][0] OK
C:[29/11/2013 16:39:53.83][190.206.249.61][1569] SELECT pre_cod_asig1,pre_cod_asig2,pre_cod_asig3,pre_cod_asig4,pre_cod_asig5,pre_cod_asig6,pre_cod_asig7 FROM tblaca009 WHERE pensum='5' AND c_uni_ca='5' AND c_asigna='355720' [1][0] OK
C:[29/11/2013 16:39:53.83][190.206.249.61][1582] SELECT c_asigna FROM dace004 WHERE exp_e='07-20503139' AND c_asigna='355692' AND status IN ('0','3','B') [1][0] OK
C:[29/11/2013 16:39:53.83][190.206.249.61][1582] SELECT c_asigna FROM dace004 WHERE exp_e='07-20503139' AND c_asigna='355696' AND status IN ('0','3','B') [1][0] OK
C:[29/11/2013 16:39:53.83][190.206.249.61][1569] SELECT pre_cod_asig1,pre_cod_asig2,pre_cod_asig3,pre_cod_asig4,pre_cod_asig5,pre_cod_asig6,pre_cod_asig7 FROM tblaca009 WHERE pensum='5' AND c_uni_ca='5' AND c_asigna='355951' [1][0] OK
C:[29/11/2013 16:39:53.83][190.206.249.61][1582] SELECT c_asigna FROM dace004 WHERE exp_e='07-20503139' AND c_asigna='355691' AND status IN ('0','3','B') [1][0] OK
C:[29/11/2013 16:39:53.65][190.206.249.61][1613] SELECT par_cod_asig1,par_cod_asig2,par_cod_asig3 FROM tblaca009 WHERE pensum='5' AND c_uni_ca='5' AND c_asigna='355721' [1][0] OK
C:[29/11/2013 16:39:53.65][190.206.249.61][1613] SELECT par_cod_asig1,par_cod_asig2,par_cod_asig3 FROM tblaca009 WHERE pensum='5' AND c_uni_ca='5' AND c_asigna='355725' [1][0] OK
C:[29/11/2013 16:39:53.65][190.206.249.61][1613] SELECT par_cod_asig1,par_cod_asig2,par_cod_asig3 FROM tblaca009 WHERE pensum='5' AND c_uni_ca='5' AND c_asigna='355722' [1][0] OK
C:[29/11/2013 16:39:53.65][190.206.249.61][1613] SELECT par_cod_asig1,par_cod_asig2,par_cod_asig3 FROM tblaca009 WHERE pensum='5' AND c_uni_ca='5' AND c_asigna='355835' [1][0] OK
C:[29/11/2013 16:39:53.65][190.206.249.61][1613] SELECT par_cod_asig1,par_cod_asig2,par_cod_asig3 FROM tblaca009 WHERE pensum='5' AND c_uni_ca='5' AND c_asigna='355720' [1][0] OK
C:[29/11/2013 16:39:53.65][190.206.249.61][1613] SELECT par_cod_asig1,par_cod_asig2,par_cod_asig3 FROM tblaca009 WHERE pensum='5' AND c_uni_ca='5' AND c_asigna='355951' [1][0] OK
C:[29/11/2013 16:40:43.88][190.206.249.61][1569] SELECT pre_cod_asig1,pre_cod_asig2,pre_cod_asig3,pre_cod_asig4,pre_cod_asig5,pre_cod_asig6,pre_cod_asig7 FROM tblaca009 WHERE pensum='5' AND c_uni_ca='5' AND c_asigna='355725' [1][0] OK
C:[29/11/2013 16:40:43.88][190.206.249.61][1582] SELECT c_asigna FROM dace004 WHERE exp_e='07-20503139' AND c_asigna='355693' AND status IN ('0','3','B') [1][0] OK
C:[29/11/2013 16:40:43.88][190.206.249.61][1582] SELECT c_asigna FROM dace004 WHERE exp_e='07-20503139' AND c_asigna='355692' AND status IN ('0','3','B') [1][0] OK
C:[29/11/2013 16:40:43.88][190.206.249.61][1569] SELECT pre_cod_asig1,pre_cod_asig2,pre_cod_asig3,pre_cod_asig4,pre_cod_asig5,pre_cod_asig6,pre_cod_asig7 FROM tblaca009 WHERE pensum='5' AND c_uni_ca='5' AND c_asigna='355722' [1][0] OK
C:[29/11/2013 16:40:43.88][190.206.249.61][1582] SELECT c_asigna FROM dace004 WHERE exp_e='07-20503139' AND c_asigna='355691' AND status IN ('0','3','B') [1][0] OK
C:[29/11/2013 16:40:43.88][190.206.249.61][1582] SELECT c_asigna FROM dace004 WHERE exp_e='07-20503139' AND c_asigna='355595' AND status IN ('0','3','B') [1][0] OK
C:[29/11/2013 16:40:43.88][190.206.249.61][1569] SELECT pre_cod_asig1,pre_cod_asig2,pre_cod_asig3,pre_cod_asig4,pre_cod_asig5,pre_cod_asig6,pre_cod_asig7 FROM tblaca009 WHERE pensum='5' AND c_uni_ca='5' AND c_asigna='355835' [1][0] OK
C:[29/11/2013 16:40:43.88][190.206.249.61][1582] SELECT c_asigna FROM dace004 WHERE exp_e='07-20503139' AND c_asigna='355691' AND status IN ('0','3','B') [1][0] OK
C:[29/11/2013 16:40:43.88][190.206.249.61][1569] SELECT pre_cod_asig1,pre_cod_asig2,pre_cod_asig3,pre_cod_asig4,pre_cod_asig5,pre_cod_asig6,pre_cod_asig7 FROM tblaca009 WHERE pensum='5' AND c_uni_ca='5' AND c_asigna='355720' [1][0] OK
C:[29/11/2013 16:40:43.88][190.206.249.61][1582] SELECT c_asigna FROM dace004 WHERE exp_e='07-20503139' AND c_asigna='355692' AND status IN ('0','3','B') [1][0] OK
C:[29/11/2013 16:40:43.88][190.206.249.61][1582] SELECT c_asigna FROM dace004 WHERE exp_e='07-20503139' AND c_asigna='355696' AND status IN ('0','3','B') [1][0] OK
C:[29/11/2013 16:40:43.88][190.206.249.61][1569] SELECT pre_cod_asig1,pre_cod_asig2,pre_cod_asig3,pre_cod_asig4,pre_cod_asig5,pre_cod_asig6,pre_cod_asig7 FROM tblaca009 WHERE pensum='5' AND c_uni_ca='5' AND c_asigna='355951' [1][0] OK
C:[29/11/2013 16:40:43.88][190.206.249.61][1582] SELECT c_asigna FROM dace004 WHERE exp_e='07-20503139' AND c_asigna='355691' AND status IN ('0','3','B') [1][0] OK
C:[29/11/2013 16:40:43.62][190.206.249.61][1613] SELECT par_cod_asig1,par_cod_asig2,par_cod_asig3 FROM tblaca009 WHERE pensum='5' AND c_uni_ca='5' AND c_asigna='355725' [1][0] OK
C:[29/11/2013 16:40:43.62][190.206.249.61][1613] SELECT par_cod_asig1,par_cod_asig2,par_cod_asig3 FROM tblaca009 WHERE pensum='5' AND c_uni_ca='5' AND c_asigna='355722' [1][0] OK
C:[29/11/2013 16:40:43.62][190.206.249.61][1613] SELECT par_cod_asig1,par_cod_asig2,par_cod_asig3 FROM tblaca009 WHERE pensum='5' AND c_uni_ca='5' AND c_asigna='355835' [1][0] OK
C:[29/11/2013 16:40:43.62][190.206.249.61][1613] SELECT par_cod_asig1,par_cod_asig2,par_cod_asig3 FROM tblaca009 WHERE pensum='5' AND c_uni_ca='5' AND c_asigna='355720' [1][0] OK
C:[29/11/2013 16:40:43.62][190.206.249.61][1613] SELECT par_cod_asig1,par_cod_asig2,par_cod_asig3 FROM tblaca009 WHERE pensum='5' AND c_uni_ca='5' AND c_asigna='355951' [1][0] OK
C:[29/11/2013 17:02:36.75][190.37.34.23][1569] SELECT pre_cod_asig1,pre_cod_asig2,pre_cod_asig3,pre_cod_asig4,pre_cod_asig5,pre_cod_asig6,pre_cod_asig7 FROM tblaca009 WHERE pensum='5' AND c_uni_ca='6' AND c_asigna='300213' [1][0] OK
C:[29/11/2013 17:02:36.75][190.37.34.23][1582] SELECT c_asigna FROM dace004 WHERE exp_e='10-84426824' AND c_asigna='300101' AND status IN ('0','3','B') [1][0] OK
C:[29/11/2013 17:02:36.75][190.37.34.23][1569] SELECT pre_cod_asig1,pre_cod_asig2,pre_cod_asig3,pre_cod_asig4,pre_cod_asig5,pre_cod_asig6,pre_cod_asig7 FROM tblaca009 WHERE pensum='5' AND c_uni_ca='6' AND c_asigna='300226' [1][0] OK
C:[29/11/2013 17:02:36.75][190.37.34.23][1582] SELECT c_asigna FROM dace004 WHERE exp_e='10-84426824' AND c_asigna='300116' AND status IN ('0','3','B') [1][0] OK
C:[29/11/2013 17:02:36.75][190.37.34.23][1569] SELECT pre_cod_asig1,pre_cod_asig2,pre_cod_asig3,pre_cod_asig4,pre_cod_asig5,pre_cod_asig6,pre_cod_asig7 FROM tblaca009 WHERE pensum='5' AND c_uni_ca='6' AND c_asigna='300314' [1][0] OK
C:[29/11/2013 17:02:36.75][190.37.34.23][1582] SELECT c_asigna FROM dace004 WHERE exp_e='10-84426824' AND c_asigna='300106' AND status IN ('0','3','B') [1][0] OK
C:[29/11/2013 17:02:36.75][190.37.34.23][1569] SELECT pre_cod_asig1,pre_cod_asig2,pre_cod_asig3,pre_cod_asig4,pre_cod_asig5,pre_cod_asig6,pre_cod_asig7 FROM tblaca009 WHERE pensum='5' AND c_uni_ca='6' AND c_asigna='300317' [1][0] OK
C:[29/11/2013 17:02:36.75][190.37.34.23][1582] SELECT c_asigna FROM dace004 WHERE exp_e='10-84426824' AND c_asigna='300207' AND status IN ('0','3','B') [1][0] OK
C:[29/11/2013 17:02:36.75][190.37.34.23][1582] SELECT c_asigna FROM dace004 WHERE exp_e='10-84426824' AND c_asigna='300209' AND status IN ('0','3','B') [1][0] OK
C:[29/11/2013 17:02:36.75][190.37.34.23][1569] SELECT pre_cod_asig1,pre_cod_asig2,pre_cod_asig3,pre_cod_asig4,pre_cod_asig5,pre_cod_asig6,pre_cod_asig7 FROM tblaca009 WHERE pensum='5' AND c_uni_ca='6' AND c_asigna='340327' [1][0] OK
C:[29/11/2013 17:02:36.75][190.37.34.23][1582] SELECT c_asigna FROM dace004 WHERE exp_e='10-84426824' AND c_asigna='300013' AND status IN ('0','3','B') [1][0] OK
C:[29/11/2013 17:02:36.75][190.37.34.23][1582] SELECT c_asigna FROM dace004 WHERE exp_e='10-84426824' AND c_asigna='300113' AND status IN ('0','3','B') [1][0] OK
C:[29/11/2013 17:02:36.75][190.37.34.23][1569] SELECT pre_cod_asig1,pre_cod_asig2,pre_cod_asig3,pre_cod_asig4,pre_cod_asig5,pre_cod_asig6,pre_cod_asig7 FROM tblaca009 WHERE pensum='5' AND c_uni_ca='6' AND c_asigna='340323' [1][0] OK
C:[29/11/2013 17:02:36.75][190.37.34.23][1582] SELECT c_asigna FROM dace004 WHERE exp_e='10-84426824' AND c_asigna='300228' AND status IN ('0','3','B') [1][0] OK
C:[29/11/2013 17:02:36.75][190.37.34.23][1582] SELECT c_asigna FROM dace004 WHERE exp_e='10-84426824' AND c_asigna='300207' AND status IN ('0','3','B') [1][0] OK
C:[29/11/2013 17:02:36.20][190.37.34.23][1613] SELECT par_cod_asig1,par_cod_asig2,par_cod_asig3 FROM tblaca009 WHERE pensum='5' AND c_uni_ca='6' AND c_asigna='300213' [1][0] OK
C:[29/11/2013 17:02:36.20][190.37.34.23][1627] SELECT c_asigna FROM dace004 WHERE exp_e='10-84426824' AND c_asigna='300209' AND status IN ('0','3','B','C') [1][0] OK
C:[29/11/2013 17:02:36.20][190.37.34.23][1613] SELECT par_cod_asig1,par_cod_asig2,par_cod_asig3 FROM tblaca009 WHERE pensum='5' AND c_uni_ca='6' AND c_asigna='300226' [1][0] OK
C:[29/11/2013 17:02:36.20][190.37.34.23][1613] SELECT par_cod_asig1,par_cod_asig2,par_cod_asig3 FROM tblaca009 WHERE pensum='5' AND c_uni_ca='6' AND c_asigna='300314' [1][0] OK
C:[29/11/2013 17:02:36.20][190.37.34.23][1613] SELECT par_cod_asig1,par_cod_asig2,par_cod_asig3 FROM tblaca009 WHERE pensum='5' AND c_uni_ca='6' AND c_asigna='300317' [1][0] OK
C:[29/11/2013 17:02:36.20][190.37.34.23][1613] SELECT par_cod_asig1,par_cod_asig2,par_cod_asig3 FROM tblaca009 WHERE pensum='5' AND c_uni_ca='6' AND c_asigna='340327' [1][0] OK
C:[29/11/2013 17:02:36.20][190.37.34.23][1613] SELECT par_cod_asig1,par_cod_asig2,par_cod_asig3 FROM tblaca009 WHERE pensum='5' AND c_uni_ca='6' AND c_asigna='340323' [1][0] OK
C:[29/11/2013 17:02:36.07][190.37.34.23][1684] SELECT c_asigna FROM tblaca009 WHERE pensum='5' AND c_uni_ca='6' AND ((par_cod_asig1='300318') OR (par_cod_asig2='300318') OR (par_cod_asig3='300318'))  [0][0] OK
C:[29/11/2013 17:50:35.54][181.225.59.84][1684] SELECT c_asigna FROM tblaca009 WHERE pensum='5' AND c_uni_ca='3' AND ((par_cod_asig1='311704') OR (par_cod_asig2='311704') OR (par_cod_asig3='311704'))  [0][0] OK
C:[29/11/2013 18:25:10.74][201.248.68.101][1569] SELECT pre_cod_asig1,pre_cod_asig2,pre_cod_asig3,pre_cod_asig4,pre_cod_asig5,pre_cod_asig6,pre_cod_asig7 FROM tblaca009 WHERE pensum='5' AND c_uni_ca='2' AND c_asigna='322780' [1][0] OK
C:[29/11/2013 18:25:10.74][201.248.68.101][1582] SELECT c_asigna FROM dace004 WHERE exp_e='07-18981018' AND c_asigna='322678' AND status IN ('0','3','B') [1][0] OK
C:[29/11/2013 18:25:10.74][201.248.68.101][1569] SELECT pre_cod_asig1,pre_cod_asig2,pre_cod_asig3,pre_cod_asig4,pre_cod_asig5,pre_cod_asig6,pre_cod_asig7 FROM tblaca009 WHERE pensum='5' AND c_uni_ca='2' AND c_asigna='300890' [1][0] OK
C:[29/11/2013 18:25:10.74][201.248.68.101][1569] SELECT pre_cod_asig1,pre_cod_asig2,pre_cod_asig3,pre_cod_asig4,pre_cod_asig5,pre_cod_asig6,pre_cod_asig7 FROM tblaca009 WHERE pensum='5' AND c_uni_ca='2' AND c_asigna='322033' [1][0] OK
C:[29/11/2013 18:25:10.74][201.248.68.101][1569] SELECT pre_cod_asig1,pre_cod_asig2,pre_cod_asig3,pre_cod_asig4,pre_cod_asig5,pre_cod_asig6,pre_cod_asig7 FROM tblaca009 WHERE pensum='5' AND c_uni_ca='2' AND c_asigna='322055' [1][0] OK
C:[29/11/2013 18:25:10.74][201.248.68.101][1569] SELECT pre_cod_asig1,pre_cod_asig2,pre_cod_asig3,pre_cod_asig4,pre_cod_asig5,pre_cod_asig6,pre_cod_asig7 FROM tblaca009 WHERE pensum='5' AND c_uni_ca='2' AND c_asigna='322070' [1][0] OK
C:[29/11/2013 18:25:10.05][201.248.68.101][1613] SELECT par_cod_asig1,par_cod_asig2,par_cod_asig3 FROM tblaca009 WHERE pensum='5' AND c_uni_ca='2' AND c_asigna='322780' [1][0] OK
C:[29/11/2013 18:25:10.05][201.248.68.101][1613] SELECT par_cod_asig1,par_cod_asig2,par_cod_asig3 FROM tblaca009 WHERE pensum='5' AND c_uni_ca='2' AND c_asigna='300890' [1][0] OK
C:[29/11/2013 18:25:10.05][201.248.68.101][1613] SELECT par_cod_asig1,par_cod_asig2,par_cod_asig3 FROM tblaca009 WHERE pensum='5' AND c_uni_ca='2' AND c_asigna='322033' [1][0] OK
C:[29/11/2013 18:25:10.05][201.248.68.101][1613] SELECT par_cod_asig1,par_cod_asig2,par_cod_asig3 FROM tblaca009 WHERE pensum='5' AND c_uni_ca='2' AND c_asigna='322055' [1][0] OK
C:[29/11/2013 18:25:10.05][201.248.68.101][1613] SELECT par_cod_asig1,par_cod_asig2,par_cod_asig3 FROM tblaca009 WHERE pensum='5' AND c_uni_ca='2' AND c_asigna='322070' [1][0] OK
C:[29/11/2013 18:25:10.67][201.248.68.101][1684] SELECT c_asigna FROM tblaca009 WHERE pensum='5' AND c_uni_ca='2' AND ((par_cod_asig1='322827') OR (par_cod_asig2='322827') OR (par_cod_asig3='322827'))  [0][0] OK
C:[29/11/2013 22:28:47.00][200.109.197.196][1569] SELECT pre_cod_asig1,pre_cod_asig2,pre_cod_asig3,pre_cod_asig4,pre_cod_asig5,pre_cod_asig6,pre_cod_asig7 FROM tblaca009 WHERE pensum='5' AND c_uni_ca='5' AND c_asigna='355692' [1][0] OK
C:[29/11/2013 22:28:47.00][200.109.197.196][1582] SELECT c_asigna FROM dace004 WHERE exp_e='08-19621182' AND c_asigna='355448' AND status IN ('0','3','B') [1][0] OK
C:[29/11/2013 22:28:47.00][200.109.197.196][1582] SELECT c_asigna FROM dace004 WHERE exp_e='08-19621182' AND c_asigna='355570' AND status IN ('0','3','B') [1][0] OK
C:[29/11/2013 22:28:47.00][200.109.197.196][1569] SELECT pre_cod_asig1,pre_cod_asig2,pre_cod_asig3,pre_cod_asig4,pre_cod_asig5,pre_cod_asig6,pre_cod_asig7 FROM tblaca009 WHERE pensum='5' AND c_uni_ca='5' AND c_asigna='355595' [1][0] OK
C:[29/11/2013 22:28:47.00][200.109.197.196][1582] SELECT c_asigna FROM dace004 WHERE exp_e='08-19621182' AND c_asigna='351451' AND status IN ('0','3','B') [1][0] OK
C:[29/11/2013 22:28:47.00][200.109.197.196][1582] SELECT c_asigna FROM dace004 WHERE exp_e='08-19621182' AND c_asigna='355350' AND status IN ('0','3','B') [1][0] OK
C:[29/11/2013 22:28:47.00][200.109.197.196][1582] SELECT c_asigna FROM dace004 WHERE exp_e='08-19621182' AND c_asigna='300318' AND status IN ('0','3','B') [1][0] OK
C:[29/11/2013 22:28:47.00][200.109.197.196][1569] SELECT pre_cod_asig1,pre_cod_asig2,pre_cod_asig3,pre_cod_asig4,pre_cod_asig5,pre_cod_asig6,pre_cod_asig7 FROM tblaca009 WHERE pensum='5' AND c_uni_ca='5' AND c_asigna='300226' [1][0] OK
C:[29/11/2013 22:28:47.00][200.109.197.196][1582] SELECT c_asigna FROM dace004 WHERE exp_e='08-19621182' AND c_asigna='300116' AND status IN ('0','3','B') [1][0] OK
C:[29/11/2013 22:28:47.00][200.109.197.196][1569] SELECT pre_cod_asig1,pre_cod_asig2,pre_cod_asig3,pre_cod_asig4,pre_cod_asig5,pre_cod_asig6,pre_cod_asig7 FROM tblaca009 WHERE pensum='5' AND c_uni_ca='5' AND c_asigna='355694' [1][0] OK
C:[29/11/2013 22:28:47.00][200.109.197.196][1582] SELECT c_asigna FROM dace004 WHERE exp_e='08-19621182' AND c_asigna='355572' AND status IN ('0','3','B') [1][0] OK
C:[29/11/2013 22:28:47.00][200.109.197.196][1582] SELECT c_asigna FROM dace004 WHERE exp_e='08-19621182' AND c_asigna='355571' AND status IN ('0','3','B') [1][0] OK
C:[29/11/2013 22:28:47.00][200.109.197.196][1569] SELECT pre_cod_asig1,pre_cod_asig2,pre_cod_asig3,pre_cod_asig4,pre_cod_asig5,pre_cod_asig6,pre_cod_asig7 FROM tblaca009 WHERE pensum='5' AND c_uni_ca='5' AND c_asigna='355696' [1][0] OK
C:[29/11/2013 22:28:47.00][200.109.197.196][1582] SELECT c_asigna FROM dace004 WHERE exp_e='08-19621182' AND c_asigna='355570' AND status IN ('0','3','B') [1][0] OK
C:[29/11/2013 22:28:47.00][200.109.197.196][1582] SELECT c_asigna FROM dace004 WHERE exp_e='08-19621182' AND c_asigna='355571' AND status IN ('0','3','B') [1][0] OK
C:[29/11/2013 22:28:47.44][200.109.197.196][1613] SELECT par_cod_asig1,par_cod_asig2,par_cod_asig3 FROM tblaca009 WHERE pensum='5' AND c_uni_ca='5' AND c_asigna='355692' [1][0] OK
C:[29/11/2013 22:28:47.44][200.109.197.196][1613] SELECT par_cod_asig1,par_cod_asig2,par_cod_asig3 FROM tblaca009 WHERE pensum='5' AND c_uni_ca='5' AND c_asigna='355595' [1][0] OK
C:[29/11/2013 22:28:47.44][200.109.197.196][1613] SELECT par_cod_asig1,par_cod_asig2,par_cod_asig3 FROM tblaca009 WHERE pensum='5' AND c_uni_ca='5' AND c_asigna='300226' [1][0] OK
C:[29/11/2013 22:28:47.44][200.109.197.196][1613] SELECT par_cod_asig1,par_cod_asig2,par_cod_asig3 FROM tblaca009 WHERE pensum='5' AND c_uni_ca='5' AND c_asigna='355694' [1][0] OK
C:[29/11/2013 22:28:47.44][200.109.197.196][1613] SELECT par_cod_asig1,par_cod_asig2,par_cod_asig3 FROM tblaca009 WHERE pensum='5' AND c_uni_ca='5' AND c_asigna='355696' [1][0] OK
C:[29/11/2013 22:28:47.06][200.109.197.196][1684] SELECT c_asigna FROM tblaca009 WHERE pensum='5' AND c_uni_ca='5' AND ((par_cod_asig1='355691') OR (par_cod_asig2='355691') OR (par_cod_asig3='355691'))  [0][0] OK
C:[30/11/2013 01:30:00.96][190.36.2.226][1569] SELECT pre_cod_asig1,pre_cod_asig2,pre_cod_asig3,pre_cod_asig4,pre_cod_asig5,pre_cod_asig6,pre_cod_asig7 FROM tblaca009 WHERE pensum='5' AND c_uni_ca='5' AND c_asigna='355721' [1][0] OK
C:[30/11/2013 01:30:00.96][190.36.2.226][1582] SELECT c_asigna FROM dace004 WHERE exp_e='93-21794231' AND c_asigna='355693' AND status IN ('0','3','B') [1][0] OK
C:[30/11/2013 01:30:00.96][190.36.2.226][1582] SELECT c_asigna FROM dace004 WHERE exp_e='93-21794231' AND c_asigna='355696' AND status IN ('0','3','B') [1][0] OK
C:[30/11/2013 01:30:00.96][190.36.2.226][1569] SELECT pre_cod_asig1,pre_cod_asig2,pre_cod_asig3,pre_cod_asig4,pre_cod_asig5,pre_cod_asig6,pre_cod_asig7 FROM tblaca009 WHERE pensum='5' AND c_uni_ca='5' AND c_asigna='355692' [1][0] OK
C:[30/11/2013 01:30:00.96][190.36.2.226][1582] SELECT c_asigna FROM dace004 WHERE exp_e='93-21794231' AND c_asigna='355448' AND status IN ('0','3','B') [1][0] OK
C:[30/11/2013 01:30:00.96][190.36.2.226][1582] SELECT c_asigna FROM dace004 WHERE exp_e='93-21794231' AND c_asigna='355570' AND status IN ('0','3','B') [1][0] OK
C:[30/11/2013 01:30:00.96][190.36.2.226][1569] SELECT pre_cod_asig1,pre_cod_asig2,pre_cod_asig3,pre_cod_asig4,pre_cod_asig5,pre_cod_asig6,pre_cod_asig7 FROM tblaca009 WHERE pensum='5' AND c_uni_ca='5' AND c_asigna='300677' [1][0] OK
C:[30/11/2013 01:30:00.96][190.36.2.226][1569] SELECT pre_cod_asig1,pre_cod_asig2,pre_cod_asig3,pre_cod_asig4,pre_cod_asig5,pre_cod_asig6,pre_cod_asig7 FROM tblaca009 WHERE pensum='5' AND c_uni_ca='5' AND c_asigna='355723' [1][0] OK
C:[30/11/2013 01:30:00.96][190.36.2.226][1582] SELECT c_asigna FROM dace004 WHERE exp_e='93-21794231' AND c_asigna='355694' AND status IN ('0','3','B') [1][0] OK
C:[30/11/2013 01:30:00.96][190.36.2.226][1569] SELECT pre_cod_asig1,pre_cod_asig2,pre_cod_asig3,pre_cod_asig4,pre_cod_asig5,pre_cod_asig6,pre_cod_asig7 FROM tblaca009 WHERE pensum='5' AND c_uni_ca='5' AND c_asigna='355833' [1][0] OK
C:[30/11/2013 01:30:00.96][190.36.2.226][1582] SELECT c_asigna FROM dace004 WHERE exp_e='93-21794231' AND c_asigna='355694' AND status IN ('0','3','B') [1][0] OK
C:[30/11/2013 01:30:00.96][190.36.2.226][1569] SELECT pre_cod_asig1,pre_cod_asig2,pre_cod_asig3,pre_cod_asig4,pre_cod_asig5,pre_cod_asig6,pre_cod_asig7 FROM tblaca009 WHERE pensum='5' AND c_uni_ca='5' AND c_asigna='355834' [1][0] OK
C:[30/11/2013 01:30:00.96][190.36.2.226][1582] SELECT c_asigna FROM dace004 WHERE exp_e='93-21794231' AND c_asigna='355694' AND status IN ('0','3','B') [1][0] OK
C:[30/11/2013 01:30:00.96][190.36.2.226][1569] SELECT pre_cod_asig1,pre_cod_asig2,pre_cod_asig3,pre_cod_asig4,pre_cod_asig5,pre_cod_asig6,pre_cod_asig7 FROM tblaca009 WHERE pensum='5' AND c_uni_ca='5' AND c_asigna='355835' [1][0] OK
C:[30/11/2013 01:30:00.96][190.36.2.226][1582] SELECT c_asigna FROM dace004 WHERE exp_e='93-21794231' AND c_asigna='355691' AND status IN ('0','3','B') [1][0] OK
C:[30/11/2013 01:30:00.40][190.36.2.226][1613] SELECT par_cod_asig1,par_cod_asig2,par_cod_asig3 FROM tblaca009 WHERE pensum='5' AND c_uni_ca='5' AND c_asigna='355721' [1][0] OK
C:[30/11/2013 01:30:00.40][190.36.2.226][1613] SELECT par_cod_asig1,par_cod_asig2,par_cod_asig3 FROM tblaca009 WHERE pensum='5' AND c_uni_ca='5' AND c_asigna='355692' [1][0] OK
C:[30/11/2013 01:30:00.40][190.36.2.226][1613] SELECT par_cod_asig1,par_cod_asig2,par_cod_asig3 FROM tblaca009 WHERE pensum='5' AND c_uni_ca='5' AND c_asigna='300677' [1][0] OK
C:[30/11/2013 01:30:00.40][190.36.2.226][1613] SELECT par_cod_asig1,par_cod_asig2,par_cod_asig3 FROM tblaca009 WHERE pensum='5' AND c_uni_ca='5' AND c_asigna='355723' [1][0] OK
C:[30/11/2013 01:30:00.40][190.36.2.226][1613] SELECT par_cod_asig1,par_cod_asig2,par_cod_asig3 FROM tblaca009 WHERE pensum='5' AND c_uni_ca='5' AND c_asigna='355833' [1][0] OK
C:[30/11/2013 01:30:00.40][190.36.2.226][1613] SELECT par_cod_asig1,par_cod_asig2,par_cod_asig3 FROM tblaca009 WHERE pensum='5' AND c_uni_ca='5' AND c_asigna='355834' [1][0] OK
C:[30/11/2013 01:30:00.40][190.36.2.226][1613] SELECT par_cod_asig1,par_cod_asig2,par_cod_asig3 FROM tblaca009 WHERE pensum='5' AND c_uni_ca='5' AND c_asigna='355835' [1][0] OK
C:[30/11/2013 08:03:05.69][186.165.36.155][1569] SELECT pre_cod_asig1,pre_cod_asig2,pre_cod_asig3,pre_cod_asig4,pre_cod_asig5,pre_cod_asig6,pre_cod_asig7 FROM tblaca009 WHERE pensum='5' AND c_uni_ca='2' AND c_asigna='300213' [1][0] OK
C:[30/11/2013 08:03:05.69][186.165.36.155][1582] SELECT c_asigna FROM dace004 WHERE exp_e='11-25558993' AND c_asigna='300101' AND status IN ('0','3','B') [1][0] OK
C:[30/11/2013 08:03:05.69][186.165.36.155][1569] SELECT pre_cod_asig1,pre_cod_asig2,pre_cod_asig3,pre_cod_asig4,pre_cod_asig5,pre_cod_asig6,pre_cod_asig7 FROM tblaca009 WHERE pensum='5' AND c_uni_ca='2' AND c_asigna='300317' [1][0] OK
C:[30/11/2013 08:03:05.69][186.165.36.155][1582] SELECT c_asigna FROM dace004 WHERE exp_e='11-25558993' AND c_asigna='300207' AND status IN ('0','3','B') [1][0] OK
C:[30/11/2013 08:03:05.69][186.165.36.155][1582] SELECT c_asigna FROM dace004 WHERE exp_e='11-25558993' AND c_asigna='300209' AND status IN ('0','3','B') [1][0] OK
C:[30/11/2013 08:03:05.69][186.165.36.155][1569] SELECT pre_cod_asig1,pre_cod_asig2,pre_cod_asig3,pre_cod_asig4,pre_cod_asig5,pre_cod_asig6,pre_cod_asig7 FROM tblaca009 WHERE pensum='5' AND c_uni_ca='2' AND c_asigna='320323' [1][0] OK
C:[30/11/2013 08:03:05.69][186.165.36.155][1582] SELECT c_asigna FROM dace004 WHERE exp_e='11-25558993' AND c_asigna='300228' AND status IN ('0','3','B') [1][0] OK
C:[30/11/2013 08:03:05.69][186.165.36.155][1582] SELECT c_asigna FROM dace004 WHERE exp_e='11-25558993' AND c_asigna='300218' AND status IN ('0','3','B') [1][0] OK
C:[30/11/2013 08:03:05.50][186.165.36.155][1613] SELECT par_cod_asig1,par_cod_asig2,par_cod_asig3 FROM tblaca009 WHERE pensum='5' AND c_uni_ca='2' AND c_asigna='300213' [1][0] OK
C:[30/11/2013 08:03:05.50][186.165.36.155][1627] SELECT c_asigna FROM dace004 WHERE exp_e='11-25558993' AND c_asigna='300209' AND status IN ('0','3','B','C') [1][0] OK
C:[30/11/2013 08:03:05.50][186.165.36.155][1613] SELECT par_cod_asig1,par_cod_asig2,par_cod_asig3 FROM tblaca009 WHERE pensum='5' AND c_uni_ca='2' AND c_asigna='300317' [1][0] OK
C:[30/11/2013 08:03:05.50][186.165.36.155][1613] SELECT par_cod_asig1,par_cod_asig2,par_cod_asig3 FROM tblaca009 WHERE pensum='5' AND c_uni_ca='2' AND c_asigna='320323' [1][0] OK
C:[30/11/2013 08:03:05.00][186.165.36.155][1684] SELECT c_asigna FROM tblaca009 WHERE pensum='5' AND c_uni_ca='2' AND ((par_cod_asig1='300318') OR (par_cod_asig2='300318') OR (par_cod_asig3='300318'))  [0][0] OK
C:[30/11/2013 12:33:51.02][190.207.38.52][1569] SELECT pre_cod_asig1,pre_cod_asig2,pre_cod_asig3,pre_cod_asig4,pre_cod_asig5,pre_cod_asig6,pre_cod_asig7 FROM tblaca009 WHERE pensum='5' AND c_uni_ca='2' AND c_asigna='311561' [1][0] OK
C:[30/11/2013 12:33:51.02][190.207.38.52][1582] SELECT c_asigna FROM dace004 WHERE exp_e='09-21122240' AND c_asigna='300318' AND status IN ('0','3','B') [1][0] OK
C:[30/11/2013 12:33:51.02][190.207.38.52][1569] SELECT pre_cod_asig1,pre_cod_asig2,pre_cod_asig3,pre_cod_asig4,pre_cod_asig5,pre_cod_asig6,pre_cod_asig7 FROM tblaca009 WHERE pensum='5' AND c_uni_ca='2' AND c_asigna='300422' [1][0] OK
C:[30/11/2013 12:33:51.02][190.207.38.52][1582] SELECT c_asigna FROM dace004 WHERE exp_e='09-21122240' AND c_asigna='300105' AND status IN ('0','3','B') [1][0] OK
C:[30/11/2013 12:33:51.02][190.207.38.52][1582] SELECT c_asigna FROM dace004 WHERE exp_e='09-21122240' AND c_asigna='300314' AND status IN ('0','3','B') [1][0] OK
C:[30/11/2013 12:33:51.02][190.207.38.52][1569] SELECT pre_cod_asig1,pre_cod_asig2,pre_cod_asig3,pre_cod_asig4,pre_cod_asig5,pre_cod_asig6,pre_cod_asig7 FROM tblaca009 WHERE pensum='5' AND c_uni_ca='2' AND c_asigna='322433' [1][0] OK
C:[30/11/2013 12:33:51.02][190.207.38.52][1582] SELECT c_asigna FROM dace004 WHERE exp_e='09-21122240' AND c_asigna='320323' AND status IN ('0','3','B') [1][0] OK
C:[30/11/2013 12:33:51.02][190.207.38.52][1582] SELECT c_asigna FROM dace004 WHERE exp_e='09-21122240' AND c_asigna='300209' AND status IN ('0','3','B') [1][0] OK
C:[30/11/2013 12:33:51.02][190.207.38.52][1569] SELECT pre_cod_asig1,pre_cod_asig2,pre_cod_asig3,pre_cod_asig4,pre_cod_asig5,pre_cod_asig6,pre_cod_asig7 FROM tblaca009 WHERE pensum='5' AND c_uni_ca='2' AND c_asigna='322558' [1][0] OK
C:[30/11/2013 12:33:51.02][190.207.38.52][1582] SELECT c_asigna FROM dace004 WHERE exp_e='09-21122240' AND c_asigna='300428' AND status IN ('0','3','B') [1][0] OK
C:[30/11/2013 12:33:51.02][190.207.38.52][1582] SELECT c_asigna FROM dace004 WHERE exp_e='09-21122240' AND c_asigna='320323' AND status IN ('0','3','B') [1][0] OK
C:[30/11/2013 12:33:51.02][190.207.38.52][1569] SELECT pre_cod_asig1,pre_cod_asig2,pre_cod_asig3,pre_cod_asig4,pre_cod_asig5,pre_cod_asig6,pre_cod_asig7 FROM tblaca009 WHERE pensum='5' AND c_uni_ca='2' AND c_asigna='322559' [1][0] OK
C:[30/11/2013 12:33:51.02][190.207.38.52][1582] SELECT c_asigna FROM dace004 WHERE exp_e='09-21122240' AND c_asigna='300428' AND status IN ('0','3','B') [1][0] OK
C:[30/11/2013 12:33:51.02][190.207.38.52][1582] SELECT c_asigna FROM dace004 WHERE exp_e='09-21122240' AND c_asigna='322436' AND status IN ('0','3','B') [1][0] OK
C:[30/11/2013 12:33:51.02][190.207.38.52][1569] SELECT pre_cod_asig1,pre_cod_asig2,pre_cod_asig3,pre_cod_asig4,pre_cod_asig5,pre_cod_asig6,pre_cod_asig7 FROM tblaca009 WHERE pensum='5' AND c_uni_ca='2' AND c_asigna='322560' [1][0] OK
C:[30/11/2013 12:33:52.46][190.207.38.52][1613] SELECT par_cod_asig1,par_cod_asig2,par_cod_asig3 FROM tblaca009 WHERE pensum='5' AND c_uni_ca='2' AND c_asigna='311561' [1][0] OK
C:[30/11/2013 12:33:52.46][190.207.38.52][1613] SELECT par_cod_asig1,par_cod_asig2,par_cod_asig3 FROM tblaca009 WHERE pensum='5' AND c_uni_ca='2' AND c_asigna='300422' [1][0] OK
C:[30/11/2013 12:33:52.46][190.207.38.52][1613] SELECT par_cod_asig1,par_cod_asig2,par_cod_asig3 FROM tblaca009 WHERE pensum='5' AND c_uni_ca='2' AND c_asigna='322433' [1][0] OK
C:[30/11/2013 12:33:52.46][190.207.38.52][1613] SELECT par_cod_asig1,par_cod_asig2,par_cod_asig3 FROM tblaca009 WHERE pensum='5' AND c_uni_ca='2' AND c_asigna='322558' [1][0] OK
C:[30/11/2013 12:33:52.46][190.207.38.52][1613] SELECT par_cod_asig1,par_cod_asig2,par_cod_asig3 FROM tblaca009 WHERE pensum='5' AND c_uni_ca='2' AND c_asigna='322559' [1][0] OK
C:[30/11/2013 12:33:52.46][190.207.38.52][1613] SELECT par_cod_asig1,par_cod_asig2,par_cod_asig3 FROM tblaca009 WHERE pensum='5' AND c_uni_ca='2' AND c_asigna='322560' [1][0] OK
C:[30/11/2013 12:33:52.46][190.207.38.52][1627] SELECT c_asigna FROM dace004 WHERE exp_e='09-21122240' AND c_asigna='323528' AND status IN ('0','3','B','C') [0][0] OK
C:[30/11/2013 12:33:52.34][190.207.38.52][1684] SELECT c_asigna FROM tblaca009 WHERE pensum='5' AND c_uni_ca='2' AND ((par_cod_asig1='323528') OR (par_cod_asig2='323528') OR (par_cod_asig3='323528'))  [1][0] OK
C:[30/11/2013 12:33:52.34][190.207.38.52][1696] SELECT c_asigna FROM dace004 WHERE exp_e='09-21122240' AND c_asigna='322560' AND status IN ('0','3','B') [0][0] OK
C:[01/12/2013 18:56:38.99][190.78.109.254][1569] SELECT pre_cod_asig1,pre_cod_asig2,pre_cod_asig3,pre_cod_asig4,pre_cod_asig5,pre_cod_asig6,pre_cod_asig7 FROM tblaca009 WHERE pensum='5' AND c_uni_ca='2' AND c_asigna='300105' [1][0] OK
C:[01/12/2013 18:56:38.99][190.78.109.254][1569] SELECT pre_cod_asig1,pre_cod_asig2,pre_cod_asig3,pre_cod_asig4,pre_cod_asig5,pre_cod_asig6,pre_cod_asig7 FROM tblaca009 WHERE pensum='5' AND c_uni_ca='2' AND c_asigna='300213' [1][0] OK
C:[01/12/2013 18:56:38.99][190.78.109.254][1582] SELECT c_asigna FROM dace004 WHERE exp_e='10-21415248' AND c_asigna='300101' AND status IN ('0','3','B') [1][0] OK
C:[01/12/2013 18:56:38.99][190.78.109.254][1569] SELECT pre_cod_asig1,pre_cod_asig2,pre_cod_asig3,pre_cod_asig4,pre_cod_asig5,pre_cod_asig6,pre_cod_asig7 FROM tblaca009 WHERE pensum='5' AND c_uni_ca='2' AND c_asigna='322449' [1][0] OK
C:[01/12/2013 18:56:38.99][190.78.109.254][1582] SELECT c_asigna FROM dace004 WHERE exp_e='10-21415248' AND c_asigna='300222' AND status IN ('0','3','B') [1][0] OK
C:[01/12/2013 18:56:38.99][190.78.109.254][1569] SELECT pre_cod_asig1,pre_cod_asig2,pre_cod_asig3,pre_cod_asig4,pre_cod_asig5,pre_cod_asig6,pre_cod_asig7 FROM tblaca009 WHERE pensum='5' AND c_uni_ca='2' AND c_asigna='300428' [1][0] OK
C:[01/12/2013 18:56:38.99][190.78.109.254][1582] SELECT c_asigna FROM dace004 WHERE exp_e='10-21415248' AND c_asigna='300317' AND status IN ('0','3','B') [1][0] OK
C:[01/12/2013 18:56:38.99][190.78.109.254][1582] SELECT c_asigna FROM dace004 WHERE exp_e='10-21415248' AND c_asigna='300209' AND status IN ('0','3','B') [1][0] OK
C:[01/12/2013 18:56:38.55][190.78.109.254][1613] SELECT par_cod_asig1,par_cod_asig2,par_cod_asig3 FROM tblaca009 WHERE pensum='5' AND c_uni_ca='2' AND c_asigna='300105' [1][0] OK
C:[01/12/2013 18:56:38.55][190.78.109.254][1613] SELECT par_cod_asig1,par_cod_asig2,par_cod_asig3 FROM tblaca009 WHERE pensum='5' AND c_uni_ca='2' AND c_asigna='300213' [1][0] OK
C:[01/12/2013 18:56:38.55][190.78.109.254][1627] SELECT c_asigna FROM dace004 WHERE exp_e='10-21415248' AND c_asigna='300209' AND status IN ('0','3','B','C') [1][0] OK
C:[01/12/2013 18:56:38.55][190.78.109.254][1613] SELECT par_cod_asig1,par_cod_asig2,par_cod_asig3 FROM tblaca009 WHERE pensum='5' AND c_uni_ca='2' AND c_asigna='322449' [1][0] OK
C:[01/12/2013 18:56:38.55][190.78.109.254][1613] SELECT par_cod_asig1,par_cod_asig2,par_cod_asig3 FROM tblaca009 WHERE pensum='5' AND c_uni_ca='2' AND c_asigna='300428' [1][0] OK
C:[01/12/2013 18:56:38.18][190.78.109.254][1684] SELECT c_asigna FROM tblaca009 WHERE pensum='5' AND c_uni_ca='2' AND ((par_cod_asig1='300318') OR (par_cod_asig2='300318') OR (par_cod_asig3='300318'))  [0][0] OK
C:[01/12/2013 19:39:31.31][186.164.123.83][1569] SELECT pre_cod_asig1,pre_cod_asig2,pre_cod_asig3,pre_cod_asig4,pre_cod_asig5,pre_cod_asig6,pre_cod_asig7 FROM tblaca009 WHERE pensum='5' AND c_uni_ca='2' AND c_asigna='322559' [1][0] OK
C:[01/12/2013 19:39:31.31][186.164.123.83][1582] SELECT c_asigna FROM dace004 WHERE exp_e='10-23682786' AND c_asigna='300428' AND status IN ('0','3','B') [1][0] OK
C:[01/12/2013 19:39:31.31][186.164.123.83][1582] SELECT c_asigna FROM dace004 WHERE exp_e='10-23682786' AND c_asigna='322436' AND status IN ('0','3','B') [1][0] OK
C:[01/12/2013 19:39:31.31][186.164.123.83][1569] SELECT pre_cod_asig1,pre_cod_asig2,pre_cod_asig3,pre_cod_asig4,pre_cod_asig5,pre_cod_asig6,pre_cod_asig7 FROM tblaca009 WHERE pensum='5' AND c_uni_ca='2' AND c_asigna='322560' [1][0] OK
C:[01/12/2013 19:39:31.31][186.164.123.83][1569] SELECT pre_cod_asig1,pre_cod_asig2,pre_cod_asig3,pre_cod_asig4,pre_cod_asig5,pre_cod_asig6,pre_cod_asig7 FROM tblaca009 WHERE pensum='5' AND c_uni_ca='2' AND c_asigna='323528' [1][0] OK
C:[01/12/2013 19:39:31.31][186.164.123.83][1569] SELECT pre_cod_asig1,pre_cod_asig2,pre_cod_asig3,pre_cod_asig4,pre_cod_asig5,pre_cod_asig6,pre_cod_asig7 FROM tblaca009 WHERE pensum='5' AND c_uni_ca='2' AND c_asigna='300676' [1][0] OK
C:[01/12/2013 19:39:31.31][186.164.123.83][1569] SELECT pre_cod_asig1,pre_cod_asig2,pre_cod_asig3,pre_cod_asig4,pre_cod_asig5,pre_cod_asig6,pre_cod_asig7 FROM tblaca009 WHERE pensum='5' AND c_uni_ca='2' AND c_asigna='322550' [1][0] OK
C:[01/12/2013 19:39:31.31][186.164.123.83][1582] SELECT c_asigna FROM dace004 WHERE exp_e='10-23682786' AND c_asigna='322433' AND status IN ('0','3','B') [1][0] OK
C:[01/12/2013 19:39:31.31][186.164.123.83][1569] SELECT pre_cod_asig1,pre_cod_asig2,pre_cod_asig3,pre_cod_asig4,pre_cod_asig5,pre_cod_asig6,pre_cod_asig7 FROM tblaca009 WHERE pensum='5' AND c_uni_ca='2' AND c_asigna='322681' [1][0] OK
C:[01/12/2013 19:39:31.31][186.164.123.83][1582] SELECT c_asigna FROM dace004 WHERE exp_e='10-23682786' AND c_asigna='320437' AND status IN ('0','3','B') [1][0] OK
C:[01/12/2013 19:39:31.31][186.164.123.83][1582] SELECT c_asigna FROM dace004 WHERE exp_e='10-23682786' AND c_asigna='322449' AND status IN ('0','3','B') [1][0] OK
C:[01/12/2013 19:39:31.31][186.164.123.83][1582] SELECT c_asigna FROM dace004 WHERE exp_e='10-23682786' AND c_asigna='300313' AND status IN ('0','3','B') [1][0] OK
C:[01/12/2013 19:39:31.31][186.164.123.83][1582] SELECT c_asigna FROM dace004 WHERE exp_e='10-23682786' AND c_asigna='300209' AND status IN ('0','3','B') [1][0] OK
C:[01/12/2013 19:39:31.31][186.164.123.83][1582] SELECT c_asigna FROM dace004 WHERE exp_e='10-23682786' AND c_asigna='300226' AND status IN ('0','3','B') [1][0] OK
C:[01/12/2013 19:39:31.62][186.164.123.83][1613] SELECT par_cod_asig1,par_cod_asig2,par_cod_asig3 FROM tblaca009 WHERE pensum='5' AND c_uni_ca='2' AND c_asigna='322559' [1][0] OK
C:[01/12/2013 19:39:31.62][186.164.123.83][1613] SELECT par_cod_asig1,par_cod_asig2,par_cod_asig3 FROM tblaca009 WHERE pensum='5' AND c_uni_ca='2' AND c_asigna='322560' [1][0] OK
C:[01/12/2013 19:39:31.62][186.164.123.83][1627] SELECT c_asigna FROM dace004 WHERE exp_e='10-23682786' AND c_asigna='323528' AND status IN ('0','3','B','C') [0][0] OK
C:[01/12/2013 19:39:31.62][186.164.123.83][1613] SELECT par_cod_asig1,par_cod_asig2,par_cod_asig3 FROM tblaca009 WHERE pensum='5' AND c_uni_ca='2' AND c_asigna='323528' [1][0] OK
C:[01/12/2013 19:39:31.62][186.164.123.83][1613] SELECT par_cod_asig1,par_cod_asig2,par_cod_asig3 FROM tblaca009 WHERE pensum='5' AND c_uni_ca='2' AND c_asigna='300676' [1][0] OK
C:[01/12/2013 19:39:31.62][186.164.123.83][1613] SELECT par_cod_asig1,par_cod_asig2,par_cod_asig3 FROM tblaca009 WHERE pensum='5' AND c_uni_ca='2' AND c_asigna='322550' [1][0] OK
C:[01/12/2013 19:39:31.62][186.164.123.83][1613] SELECT par_cod_asig1,par_cod_asig2,par_cod_asig3 FROM tblaca009 WHERE pensum='5' AND c_uni_ca='2' AND c_asigna='322681' [1][0] OK
C:[01/12/2013 19:39:31.06][186.164.123.83][1684] SELECT c_asigna FROM tblaca009 WHERE pensum='5' AND c_uni_ca='2' AND ((par_cod_asig1='311561') OR (par_cod_asig2='311561') OR (par_cod_asig3='311561'))  [0][0] OK
C:[01/12/2013 22:00:53.99][186.88.237.166][1569] SELECT pre_cod_asig1,pre_cod_asig2,pre_cod_asig3,pre_cod_asig4,pre_cod_asig5,pre_cod_asig6,pre_cod_asig7 FROM tblaca009 WHERE pensum='5' AND c_uni_ca='5' AND c_asigna='300318' [1][0] OK
C:[01/12/2013 22:00:53.99][186.88.237.166][1582] SELECT c_asigna FROM dace004 WHERE exp_e='10-20804007' AND c_asigna='300228' AND status IN ('0','3','B') [1][0] OK
C:[01/12/2013 22:00:53.99][186.88.237.166][1582] SELECT c_asigna FROM dace004 WHERE exp_e='10-20804007' AND c_asigna='300207' AND status IN ('0','3','B') [1][0] OK
C:[01/12/2013 22:00:53.99][186.88.237.166][1582] SELECT c_asigna FROM dace004 WHERE exp_e='10-20804007' AND c_asigna='300218' AND status IN ('0','3','B') [1][0] OK
C:[01/12/2013 22:00:53.99][186.88.237.166][1569] SELECT pre_cod_asig1,pre_cod_asig2,pre_cod_asig3,pre_cod_asig4,pre_cod_asig5,pre_cod_asig6,pre_cod_asig7 FROM tblaca009 WHERE pensum='5' AND c_uni_ca='5' AND c_asigna='300226' [1][0] OK
C:[01/12/2013 22:00:53.99][186.88.237.166][1582] SELECT c_asigna FROM dace004 WHERE exp_e='10-20804007' AND c_asigna='300116' AND status IN ('0','3','B') [1][0] OK
C:[01/12/2013 22:00:53.31][186.88.237.166][1613] SELECT par_cod_asig1,par_cod_asig2,par_cod_asig3 FROM tblaca009 WHERE pensum='5' AND c_uni_ca='5' AND c_asigna='300318' [1][0] OK
C:[01/12/2013 22:00:53.31][186.88.237.166][1613] SELECT par_cod_asig1,par_cod_asig2,par_cod_asig3 FROM tblaca009 WHERE pensum='5' AND c_uni_ca='5' AND c_asigna='300226' [1][0] OK
C:[01/12/2013 22:10:08.96][190.204.197.158][1569] SELECT pre_cod_asig1,pre_cod_asig2,pre_cod_asig3,pre_cod_asig4,pre_cod_asig5,pre_cod_asig6,pre_cod_asig7 FROM tblaca009 WHERE pensum='5' AND c_uni_ca='2' AND c_asigna='300422' [1][0] OK
C:[01/12/2013 22:10:08.96][190.204.197.158][1582] SELECT c_asigna FROM dace004 WHERE exp_e='09-21247839' AND c_asigna='300105' AND status IN ('0','3','B') [1][0] OK
C:[01/12/2013 22:10:08.96][190.204.197.158][1582] SELECT c_asigna FROM dace004 WHERE exp_e='09-21247839' AND c_asigna='300314' AND status IN ('0','3','B') [1][0] OK
C:[01/12/2013 22:10:08.96][190.204.197.158][1569] SELECT pre_cod_asig1,pre_cod_asig2,pre_cod_asig3,pre_cod_asig4,pre_cod_asig5,pre_cod_asig6,pre_cod_asig7 FROM tblaca009 WHERE pensum='5' AND c_uni_ca='2' AND c_asigna='322433' [1][0] OK
C:[01/12/2013 22:10:08.96][190.204.197.158][1582] SELECT c_asigna FROM dace004 WHERE exp_e='09-21247839' AND c_asigna='320323' AND status IN ('0','3','B') [1][0] OK
C:[01/12/2013 22:10:08.96][190.204.197.158][1582] SELECT c_asigna FROM dace004 WHERE exp_e='09-21247839' AND c_asigna='300209' AND status IN ('0','3','B') [1][0] OK
C:[01/12/2013 22:10:08.96][190.204.197.158][1569] SELECT pre_cod_asig1,pre_cod_asig2,pre_cod_asig3,pre_cod_asig4,pre_cod_asig5,pre_cod_asig6,pre_cod_asig7 FROM tblaca009 WHERE pensum='5' AND c_uni_ca='2' AND c_asigna='322436' [1][0] OK
C:[01/12/2013 22:10:08.96][190.204.197.158][1582] SELECT c_asigna FROM dace004 WHERE exp_e='09-21247839' AND c_asigna='300317' AND status IN ('0','3','B') [1][0] OK
C:[01/12/2013 22:10:08.96][190.204.197.158][1582] SELECT c_asigna FROM dace004 WHERE exp_e='09-21247839' AND c_asigna='320311' AND status IN ('0','3','B') [1][0] OK
C:[01/12/2013 22:10:08.96][190.204.197.158][1569] SELECT pre_cod_asig1,pre_cod_asig2,pre_cod_asig3,pre_cod_asig4,pre_cod_asig5,pre_cod_asig6,pre_cod_asig7 FROM tblaca009 WHERE pensum='5' AND c_uni_ca='2' AND c_asigna='322449' [1][0] OK
C:[01/12/2013 22:10:08.96][190.204.197.158][1582] SELECT c_asigna FROM dace004 WHERE exp_e='09-21247839' AND c_asigna='300222' AND status IN ('0','3','B') [1][0] OK
C:[01/12/2013 22:10:08.96][190.204.197.158][1569] SELECT pre_cod_asig1,pre_cod_asig2,pre_cod_asig3,pre_cod_asig4,pre_cod_asig5,pre_cod_asig6,pre_cod_asig7 FROM tblaca009 WHERE pensum='5' AND c_uni_ca='2' AND c_asigna='323528' [1][0] OK
C:[01/12/2013 22:10:08.96][190.204.197.158][1569] SELECT pre_cod_asig1,pre_cod_asig2,pre_cod_asig3,pre_cod_asig4,pre_cod_asig5,pre_cod_asig6,pre_cod_asig7 FROM tblaca009 WHERE pensum='5' AND c_uni_ca='2' AND c_asigna='300313' [1][0] OK
C:[01/12/2013 22:10:08.96][190.204.197.158][1582] SELECT c_asigna FROM dace004 WHERE exp_e='09-21247839' AND c_asigna='300213' AND status IN ('0','3','B') [1][0] OK
C:[01/12/2013 22:10:08.96][190.204.197.158][1582] SELECT c_asigna FROM dace004 WHERE exp_e='09-21247839' AND c_asigna='300226' AND status IN ('0','3','B') [1][0] OK
C:[01/12/2013 22:10:08.96][190.204.197.158][1582] SELECT c_asigna FROM dace004 WHERE exp_e='09-21247839' AND c_asigna='300209' AND status IN ('0','3','B') [1][0] OK
C:[01/12/2013 22:10:08.52][190.204.197.158][1613] SELECT par_cod_asig1,par_cod_asig2,par_cod_asig3 FROM tblaca009 WHERE pensum='5' AND c_uni_ca='2' AND c_asigna='300422' [1][0] OK
C:[01/12/2013 22:10:08.52][190.204.197.158][1613] SELECT par_cod_asig1,par_cod_asig2,par_cod_asig3 FROM tblaca009 WHERE pensum='5' AND c_uni_ca='2' AND c_asigna='322433' [1][0] OK
C:[01/12/2013 22:10:08.52][190.204.197.158][1613] SELECT par_cod_asig1,par_cod_asig2,par_cod_asig3 FROM tblaca009 WHERE pensum='5' AND c_uni_ca='2' AND c_asigna='322436' [1][0] OK
C:[01/12/2013 22:10:08.52][190.204.197.158][1613] SELECT par_cod_asig1,par_cod_asig2,par_cod_asig3 FROM tblaca009 WHERE pensum='5' AND c_uni_ca='2' AND c_asigna='322449' [1][0] OK
C:[01/12/2013 22:10:08.52][190.204.197.158][1613] SELECT par_cod_asig1,par_cod_asig2,par_cod_asig3 FROM tblaca009 WHERE pensum='5' AND c_uni_ca='2' AND c_asigna='323528' [1][0] OK
C:[01/12/2013 22:10:08.52][190.204.197.158][1613] SELECT par_cod_asig1,par_cod_asig2,par_cod_asig3 FROM tblaca009 WHERE pensum='5' AND c_uni_ca='2' AND c_asigna='300313' [1][0] OK
C:[02/12/2013 08:15:44.61][190.77.241.37][1569] SELECT pre_cod_asig1,pre_cod_asig2,pre_cod_asig3,pre_cod_asig4,pre_cod_asig5,pre_cod_asig6,pre_cod_asig7 FROM tblaca009 WHERE pensum='5' AND c_uni_ca='3' AND c_asigna='311824' [1][0] OK
C:[02/12/2013 08:15:44.61][190.77.241.37][1582] SELECT c_asigna FROM dace004 WHERE exp_e='09-20224853' AND c_asigna='311796' AND status IN ('0','3','B') [1][0] OK
C:[02/12/2013 08:15:44.61][190.77.241.37][1582] SELECT c_asigna FROM dace004 WHERE exp_e='09-20224853' AND c_asigna='315671' AND status IN ('0','3','B') [1][0] OK
C:[02/12/2013 08:15:44.61][190.77.241.37][1582] SELECT c_asigna FROM dace004 WHERE exp_e='09-20224853' AND c_asigna='311552' AND status IN ('0','3','B') [1][0] OK
C:[02/12/2013 08:15:44.61][190.77.241.37][1582] SELECT c_asigna FROM dace004 WHERE exp_e='09-20224853' AND c_asigna='311430' AND status IN ('0','3','B') [1][0] OK
C:[02/12/2013 08:15:44.61][190.77.241.37][1582] SELECT c_asigna FROM dace004 WHERE exp_e='09-20224853' AND c_asigna='300317' AND status IN ('0','3','B') [1][0] OK
C:[02/12/2013 08:15:44.61][190.77.241.37][1582] SELECT c_asigna FROM dace004 WHERE exp_e='09-20224853' AND c_asigna='300318' AND status IN ('0','3','B') [1][0] OK
C:[02/12/2013 08:15:44.61][190.77.241.37][1582] SELECT c_asigna FROM dace004 WHERE exp_e='09-20224853' AND c_asigna='300313' AND status IN ('0','3','B') [1][0] OK
C:[02/12/2013 08:15:44.61][190.77.241.37][1569] SELECT pre_cod_asig1,pre_cod_asig2,pre_cod_asig3,pre_cod_asig4,pre_cod_asig5,pre_cod_asig6,pre_cod_asig7 FROM tblaca009 WHERE pensum='5' AND c_uni_ca='3' AND c_asigna='311673' [1][0] OK
C:[02/12/2013 08:15:44.61][190.77.241.37][1582] SELECT c_asigna FROM dace004 WHERE exp_e='09-20224853' AND c_asigna='311551' AND status IN ('0','3','B') [1][0] OK
C:[02/12/2013 08:15:44.61][190.77.241.37][1582] SELECT c_asigna FROM dace004 WHERE exp_e='09-20224853' AND c_asigna='311554' AND status IN ('0','3','B') [1][0] OK
C:[02/12/2013 08:15:44.61][190.77.241.37][1582] SELECT c_asigna FROM dace004 WHERE exp_e='09-20224853' AND c_asigna='311320' AND status IN ('0','3','B') [1][0] OK
C:[02/12/2013 08:15:44.61][190.77.241.37][1569] SELECT pre_cod_asig1,pre_cod_asig2,pre_cod_asig3,pre_cod_asig4,pre_cod_asig5,pre_cod_asig6,pre_cod_asig7 FROM tblaca009 WHERE pensum='5' AND c_uni_ca='3' AND c_asigna='311674' [1][0] OK
C:[02/12/2013 08:15:44.61][190.77.241.37][1582] SELECT c_asigna FROM dace004 WHERE exp_e='09-20224853' AND c_asigna='310548' AND status IN ('0','3','B') [1][0] OK
C:[02/12/2013 08:15:44.61][190.77.241.37][1582] SELECT c_asigna FROM dace004 WHERE exp_e='09-20224853' AND c_asigna='311551' AND status IN ('0','3','B') [1][0] OK
C:[02/12/2013 08:15:44.61][190.77.241.37][1582] SELECT c_asigna FROM dace004 WHERE exp_e='09-20224853' AND c_asigna='311320' AND status IN ('0','3','B') [1][0] OK
C:[02/12/2013 08:15:44.61][190.77.241.37][1569] SELECT pre_cod_asig1,pre_cod_asig2,pre_cod_asig3,pre_cod_asig4,pre_cod_asig5,pre_cod_asig6,pre_cod_asig7 FROM tblaca009 WHERE pensum='5' AND c_uni_ca='3' AND c_asigna='311775' [1][0] OK
C:[02/12/2013 08:15:44.61][190.77.241.37][1582] SELECT c_asigna FROM dace004 WHERE exp_e='09-20224853' AND c_asigna='311655' AND status IN ('0','3','B') [1][0] OK
C:[02/12/2013 08:15:44.61][190.77.241.37][1569] SELECT pre_cod_asig1,pre_cod_asig2,pre_cod_asig3,pre_cod_asig4,pre_cod_asig5,pre_cod_asig6,pre_cod_asig7 FROM tblaca009 WHERE pensum='5' AND c_uni_ca='3' AND c_asigna='311827' [1][0] OK
C:[02/12/2013 08:15:44.61][190.77.241.37][1582] SELECT c_asigna FROM dace004 WHERE exp_e='09-20224853' AND c_asigna='311704' AND status IN ('0','3','B') [1][0] OK
C:[02/12/2013 08:15:45.67][190.77.241.37][1613] SELECT par_cod_asig1,par_cod_asig2,par_cod_asig3 FROM tblaca009 WHERE pensum='5' AND c_uni_ca='3' AND c_asigna='311824' [1][0] OK
C:[02/12/2013 08:15:45.67][190.77.241.37][1613] SELECT par_cod_asig1,par_cod_asig2,par_cod_asig3 FROM tblaca009 WHERE pensum='5' AND c_uni_ca='3' AND c_asigna='311673' [1][0] OK
C:[02/12/2013 08:15:45.67][190.77.241.37][1613] SELECT par_cod_asig1,par_cod_asig2,par_cod_asig3 FROM tblaca009 WHERE pensum='5' AND c_uni_ca='3' AND c_asigna='311674' [1][0] OK
C:[02/12/2013 08:15:45.67][190.77.241.37][1613] SELECT par_cod_asig1,par_cod_asig2,par_cod_asig3 FROM tblaca009 WHERE pensum='5' AND c_uni_ca='3' AND c_asigna='311775' [1][0] OK
C:[02/12/2013 08:15:45.67][190.77.241.37][1613] SELECT par_cod_asig1,par_cod_asig2,par_cod_asig3 FROM tblaca009 WHERE pensum='5' AND c_uni_ca='3' AND c_asigna='311827' [1][0] OK
C:[02/12/2013 08:52:52.74][74.82.68.145][1569] SELECT pre_cod_asig1,pre_cod_asig2,pre_cod_asig3,pre_cod_asig4,pre_cod_asig5,pre_cod_asig6,pre_cod_asig7 FROM tblaca009 WHERE pensum='5' AND c_uni_ca='3' AND c_asigna='300213' [1][0] OK
C:[02/12/2013 08:52:52.74][74.82.68.145][1582] SELECT c_asigna FROM dace004 WHERE exp_e='11-24560736' AND c_asigna='300101' AND status IN ('0','3','B') [1][0] OK
C:[02/12/2013 08:52:52.74][74.82.68.145][1569] SELECT pre_cod_asig1,pre_cod_asig2,pre_cod_asig3,pre_cod_asig4,pre_cod_asig5,pre_cod_asig6,pre_cod_asig7 FROM tblaca009 WHERE pensum='5' AND c_uni_ca='3' AND c_asigna='300317' [1][0] OK
C:[02/12/2013 08:52:52.74][74.82.68.145][1582] SELECT c_asigna FROM dace004 WHERE exp_e='11-24560736' AND c_asigna='300207' AND status IN ('0','3','B') [1][0] OK
C:[02/12/2013 08:52:52.74][74.82.68.145][1582] SELECT c_asigna FROM dace004 WHERE exp_e='11-24560736' AND c_asigna='300209' AND status IN ('0','3','B') [1][0] OK
C:[02/12/2013 08:52:52.74][74.82.68.145][1569] SELECT pre_cod_asig1,pre_cod_asig2,pre_cod_asig3,pre_cod_asig4,pre_cod_asig5,pre_cod_asig6,pre_cod_asig7 FROM tblaca009 WHERE pensum='5' AND c_uni_ca='3' AND c_asigna='300318' [1][0] OK
C:[02/12/2013 08:52:52.74][74.82.68.145][1582] SELECT c_asigna FROM dace004 WHERE exp_e='11-24560736' AND c_asigna='300228' AND status IN ('0','3','B') [1][0] OK
C:[02/12/2013 08:52:52.74][74.82.68.145][1582] SELECT c_asigna FROM dace004 WHERE exp_e='11-24560736' AND c_asigna='300207' AND status IN ('0','3','B') [1][0] OK
C:[02/12/2013 08:52:52.74][74.82.68.145][1582] SELECT c_asigna FROM dace004 WHERE exp_e='11-24560736' AND c_asigna='300218' AND status IN ('0','3','B') [1][0] OK
C:[02/12/2013 08:52:52.42][74.82.68.145][1613] SELECT par_cod_asig1,par_cod_asig2,par_cod_asig3 FROM tblaca009 WHERE pensum='5' AND c_uni_ca='3' AND c_asigna='300213' [1][0] OK
C:[02/12/2013 08:52:52.42][74.82.68.145][1627] SELECT c_asigna FROM dace004 WHERE exp_e='11-24560736' AND c_asigna='300209' AND status IN ('0','3','B','C') [1][0] OK
C:[02/12/2013 08:52:52.42][74.82.68.145][1613] SELECT par_cod_asig1,par_cod_asig2,par_cod_asig3 FROM tblaca009 WHERE pensum='5' AND c_uni_ca='3' AND c_asigna='300317' [1][0] OK
C:[02/12/2013 08:52:52.42][74.82.68.145][1613] SELECT par_cod_asig1,par_cod_asig2,par_cod_asig3 FROM tblaca009 WHERE pensum='5' AND c_uni_ca='3' AND c_asigna='300318' [1][0] OK
C:[02/12/2013 08:52:53.93][74.82.68.145][1684] SELECT c_asigna FROM tblaca009 WHERE pensum='5' AND c_uni_ca='3' AND ((par_cod_asig1='312333') OR (par_cod_asig2='312333') OR (par_cod_asig3='312333'))  [0][0] OK
C:[02/12/2013 09:48:01.31][172.16.4.247][1569] SELECT pre_cod_asig1,pre_cod_asig2,pre_cod_asig3,pre_cod_asig4,pre_cod_asig5,pre_cod_asig6,pre_cod_asig7 FROM tblaca009 WHERE pensum='5' AND c_uni_ca='6' AND c_asigna='300313' [1][0] OK
C:[02/12/2013 09:48:01.31][172.16.4.247][1582] SELECT c_asigna FROM dace004 WHERE exp_e='07-20036308' AND c_asigna='300213' AND status IN ('0','3','B') [1][0] OK
C:[02/12/2013 09:48:01.31][172.16.4.247][1582] SELECT c_asigna FROM dace004 WHERE exp_e='07-20036308' AND c_asigna='300226' AND status IN ('0','3','B') [1][0] OK
C:[02/12/2013 09:48:01.31][172.16.4.247][1582] SELECT c_asigna FROM dace004 WHERE exp_e='07-20036308' AND c_asigna='300222' AND status IN ('0','3','B') [1][0] OK
C:[02/12/2013 09:48:01.31][172.16.4.247][1582] SELECT c_asigna FROM dace004 WHERE exp_e='07-20036308' AND c_asigna='300209' AND status IN ('0','3','B') [1][0] OK
C:[02/12/2013 09:48:01.31][172.16.4.247][1569] SELECT pre_cod_asig1,pre_cod_asig2,pre_cod_asig3,pre_cod_asig4,pre_cod_asig5,pre_cod_asig6,pre_cod_asig7 FROM tblaca009 WHERE pensum='5' AND c_uni_ca='6' AND c_asigna='342444' [1][0] OK
C:[02/12/2013 09:48:01.31][172.16.4.247][1582] SELECT c_asigna FROM dace004 WHERE exp_e='07-20036308' AND c_asigna='340323' AND status IN ('0','3','B') [1][0] OK
C:[02/12/2013 09:48:01.31][172.16.4.247][1569] SELECT pre_cod_asig1,pre_cod_asig2,pre_cod_asig3,pre_cod_asig4,pre_cod_asig5,pre_cod_asig6,pre_cod_asig7 FROM tblaca009 WHERE pensum='5' AND c_uni_ca='6' AND c_asigna='300422' [1][0] OK
C:[02/12/2013 09:48:01.31][172.16.4.247][1582] SELECT c_asigna FROM dace004 WHERE exp_e='07-20036308' AND c_asigna='300105' AND status IN ('0','3','B') [1][0] OK
C:[02/12/2013 09:48:01.31][172.16.4.247][1582] SELECT c_asigna FROM dace004 WHERE exp_e='07-20036308' AND c_asigna='300314' AND status IN ('0','3','B') [1][0] OK
C:[02/12/2013 09:48:01.31][172.16.4.247][1569] SELECT pre_cod_asig1,pre_cod_asig2,pre_cod_asig3,pre_cod_asig4,pre_cod_asig5,pre_cod_asig6,pre_cod_asig7 FROM tblaca009 WHERE pensum='5' AND c_uni_ca='6' AND c_asigna='300677' [1][0] OK
C:[02/12/2013 09:48:01.31][172.16.4.247][1569] SELECT pre_cod_asig1,pre_cod_asig2,pre_cod_asig3,pre_cod_asig4,pre_cod_asig5,pre_cod_asig6,pre_cod_asig7 FROM tblaca009 WHERE pensum='5' AND c_uni_ca='6' AND c_asigna='344687' [1][0] OK
C:[02/12/2013 09:48:01.31][172.16.4.247][1582] SELECT c_asigna FROM dace004 WHERE exp_e='07-20036308' AND c_asigna='344565' AND status IN ('0','3','B') [1][0] OK
C:[02/12/2013 09:48:01.06][172.16.4.247][1613] SELECT par_cod_asig1,par_cod_asig2,par_cod_asig3 FROM tblaca009 WHERE pensum='5' AND c_uni_ca='6' AND c_asigna='300313' [1][0] OK
C:[02/12/2013 09:48:01.06][172.16.4.247][1613] SELECT par_cod_asig1,par_cod_asig2,par_cod_asig3 FROM tblaca009 WHERE pensum='5' AND c_uni_ca='6' AND c_asigna='342444' [1][0] OK
C:[02/12/2013 09:48:01.06][172.16.4.247][1613] SELECT par_cod_asig1,par_cod_asig2,par_cod_asig3 FROM tblaca009 WHERE pensum='5' AND c_uni_ca='6' AND c_asigna='300422' [1][0] OK
C:[02/12/2013 09:48:01.06][172.16.4.247][1613] SELECT par_cod_asig1,par_cod_asig2,par_cod_asig3 FROM tblaca009 WHERE pensum='5' AND c_uni_ca='6' AND c_asigna='300677' [1][0] OK
C:[02/12/2013 09:48:01.06][172.16.4.247][1613] SELECT par_cod_asig1,par_cod_asig2,par_cod_asig3 FROM tblaca009 WHERE pensum='5' AND c_uni_ca='6' AND c_asigna='344687' [1][0] OK
C:[02/12/2013 09:48:01.67][172.16.4.247][1684] SELECT c_asigna FROM tblaca009 WHERE pensum='5' AND c_uni_ca='6' AND ((par_cod_asig1='300676') OR (par_cod_asig2='300676') OR (par_cod_asig3='300676'))  [0][0] OK
C:[02/12/2013 10:09:04.85][190.77.241.37][1569] SELECT pre_cod_asig1,pre_cod_asig2,pre_cod_asig3,pre_cod_asig4,pre_cod_asig5,pre_cod_asig6,pre_cod_asig7 FROM tblaca009 WHERE pensum='5' AND c_uni_ca='2' AND c_asigna='311561' [1][0] OK
C:[02/12/2013 10:09:04.85][190.77.241.37][1582] SELECT c_asigna FROM dace004 WHERE exp_e='10-24847156' AND c_asigna='300318' AND status IN ('0','3','B') [1][0] OK
C:[02/12/2013 10:09:04.85][190.77.241.37][1569] SELECT pre_cod_asig1,pre_cod_asig2,pre_cod_asig3,pre_cod_asig4,pre_cod_asig5,pre_cod_asig6,pre_cod_asig7 FROM tblaca009 WHERE pensum='5' AND c_uni_ca='2' AND c_asigna='322678' [1][0] OK
C:[02/12/2013 10:09:04.85][190.77.241.37][1582] SELECT c_asigna FROM dace004 WHERE exp_e='10-24847156' AND c_asigna='322559' AND status IN ('0','3','B') [1][0] OK
C:[02/12/2013 10:09:04.85][190.77.241.37][1569] SELECT pre_cod_asig1,pre_cod_asig2,pre_cod_asig3,pre_cod_asig4,pre_cod_asig5,pre_cod_asig6,pre_cod_asig7 FROM tblaca009 WHERE pensum='5' AND c_uni_ca='2' AND c_asigna='322681' [1][0] OK
C:[02/12/2013 10:09:04.85][190.77.241.37][1582] SELECT c_asigna FROM dace004 WHERE exp_e='10-24847156' AND c_asigna='320437' AND status IN ('0','3','B') [1][0] OK
C:[02/12/2013 10:09:04.85][190.77.241.37][1582] SELECT c_asigna FROM dace004 WHERE exp_e='10-24847156' AND c_asigna='322449' AND status IN ('0','3','B') [1][0] OK
C:[02/12/2013 10:09:04.85][190.77.241.37][1582] SELECT c_asigna FROM dace004 WHERE exp_e='10-24847156' AND c_asigna='300313' AND status IN ('0','3','B') [1][0] OK
C:[02/12/2013 10:09:04.85][190.77.241.37][1582] SELECT c_asigna FROM dace004 WHERE exp_e='10-24847156' AND c_asigna='300209' AND status IN ('0','3','B') [1][0] OK
C:[02/12/2013 10:09:04.85][190.77.241.37][1582] SELECT c_asigna FROM dace004 WHERE exp_e='10-24847156' AND c_asigna='300226' AND status IN ('0','3','B') [1][0] OK
C:[02/12/2013 10:09:04.85][190.77.241.37][1569] SELECT pre_cod_asig1,pre_cod_asig2,pre_cod_asig3,pre_cod_asig4,pre_cod_asig5,pre_cod_asig6,pre_cod_asig7 FROM tblaca009 WHERE pensum='5' AND c_uni_ca='2' AND c_asigna='300676' [1][0] OK
C:[02/12/2013 10:09:04.35][190.77.241.37][1613] SELECT par_cod_asig1,par_cod_asig2,par_cod_asig3 FROM tblaca009 WHERE pensum='5' AND c_uni_ca='2' AND c_asigna='311561' [1][0] OK
C:[02/12/2013 10:09:04.35][190.77.241.37][1613] SELECT par_cod_asig1,par_cod_asig2,par_cod_asig3 FROM tblaca009 WHERE pensum='5' AND c_uni_ca='2' AND c_asigna='322678' [1][0] OK
C:[02/12/2013 10:09:04.35][190.77.241.37][1613] SELECT par_cod_asig1,par_cod_asig2,par_cod_asig3 FROM tblaca009 WHERE pensum='5' AND c_uni_ca='2' AND c_asigna='322681' [1][0] OK
C:[02/12/2013 10:09:04.35][190.77.241.37][1613] SELECT par_cod_asig1,par_cod_asig2,par_cod_asig3 FROM tblaca009 WHERE pensum='5' AND c_uni_ca='2' AND c_asigna='300676' [1][0] OK
C:[02/12/2013 10:09:05.84][190.77.241.37][1684] SELECT c_asigna FROM tblaca009 WHERE pensum='5' AND c_uni_ca='2' AND ((par_cod_asig1='322560') OR (par_cod_asig2='322560') OR (par_cod_asig3='322560'))  [0][0] OK
C:[02/12/2013 10:09:05.84][190.77.241.37][1684] SELECT c_asigna FROM tblaca009 WHERE pensum='5' AND c_uni_ca='2' AND ((par_cod_asig1='323528') OR (par_cod_asig2='323528') OR (par_cod_asig3='323528'))  [1][0] OK
C:[02/12/2013 10:09:05.84][190.77.241.37][1696] SELECT c_asigna FROM dace004 WHERE exp_e='10-24847156' AND c_asigna='322560' AND status IN ('0','3','B') [0][0] OK
C:[02/12/2013 10:58:29.27][172.16.4.247][1569] SELECT pre_cod_asig1,pre_cod_asig2,pre_cod_asig3,pre_cod_asig4,pre_cod_asig5,pre_cod_asig6,pre_cod_asig7 FROM tblaca009 WHERE pensum='5' AND c_uni_ca='4' AND c_asigna='300314' [1][0] OK
C:[02/12/2013 10:58:29.27][172.16.4.247][1582] SELECT c_asigna FROM dace004 WHERE exp_e='09-20504713' AND c_asigna='300106' AND status IN ('0','3','B') [1][0] OK
C:[02/12/2013 10:58:29.27][172.16.4.247][1569] SELECT pre_cod_asig1,pre_cod_asig2,pre_cod_asig3,pre_cod_asig4,pre_cod_asig5,pre_cod_asig6,pre_cod_asig7 FROM tblaca009 WHERE pensum='5' AND c_uni_ca='4' AND c_asigna='300318' [1][0] OK
C:[02/12/2013 10:58:29.27][172.16.4.247][1582] SELECT c_asigna FROM dace004 WHERE exp_e='09-20504713' AND c_asigna='300228' AND status IN ('0','3','B') [1][0] OK
C:[02/12/2013 10:58:29.27][172.16.4.247][1582] SELECT c_asigna FROM dace004 WHERE exp_e='09-20504713' AND c_asigna='300207' AND status IN ('0','3','B') [1][0] OK
C:[02/12/2013 10:58:29.27][172.16.4.247][1582] SELECT c_asigna FROM dace004 WHERE exp_e='09-20504713' AND c_asigna='300218' AND status IN ('0','3','B') [1][0] OK
C:[02/12/2013 10:58:29.27][172.16.4.247][1569] SELECT pre_cod_asig1,pre_cod_asig2,pre_cod_asig3,pre_cod_asig4,pre_cod_asig5,pre_cod_asig6,pre_cod_asig7 FROM tblaca009 WHERE pensum='5' AND c_uni_ca='4' AND c_asigna='300213' [1][0] OK
C:[02/12/2013 10:58:29.27][172.16.4.247][1582] SELECT c_asigna FROM dace004 WHERE exp_e='09-20504713' AND c_asigna='300101' AND status IN ('0','3','B') [1][0] OK
C:[02/12/2013 10:58:29.27][172.16.4.247][1569] SELECT pre_cod_asig1,pre_cod_asig2,pre_cod_asig3,pre_cod_asig4,pre_cod_asig5,pre_cod_asig6,pre_cod_asig7 FROM tblaca009 WHERE pensum='5' AND c_uni_ca='4' AND c_asigna='300222' [1][0] OK
C:[02/12/2013 10:58:29.27][172.16.4.247][1582] SELECT c_asigna FROM dace004 WHERE exp_e='09-20504713' AND c_asigna='300112' AND status IN ('0','3','B') [1][0] OK
C:[02/12/2013 10:58:29.09][172.16.4.247][1613] SELECT par_cod_asig1,par_cod_asig2,par_cod_asig3 FROM tblaca009 WHERE pensum='5' AND c_uni_ca='4' AND c_asigna='300314' [1][0] OK
C:[02/12/2013 10:58:29.09][172.16.4.247][1613] SELECT par_cod_asig1,par_cod_asig2,par_cod_asig3 FROM tblaca009 WHERE pensum='5' AND c_uni_ca='4' AND c_asigna='300318' [1][0] OK
C:[02/12/2013 10:58:29.09][172.16.4.247][1613] SELECT par_cod_asig1,par_cod_asig2,par_cod_asig3 FROM tblaca009 WHERE pensum='5' AND c_uni_ca='4' AND c_asigna='300213' [1][0] OK
C:[02/12/2013 10:58:29.09][172.16.4.247][1627] SELECT c_asigna FROM dace004 WHERE exp_e='09-20504713' AND c_asigna='300209' AND status IN ('0','3','B','C') [1][0] OK
C:[02/12/2013 10:58:29.09][172.16.4.247][1613] SELECT par_cod_asig1,par_cod_asig2,par_cod_asig3 FROM tblaca009 WHERE pensum='5' AND c_uni_ca='4' AND c_asigna='300222' [1][0] OK
C:[02/12/2013 11:24:28.35][190.77.241.37][1569] SELECT pre_cod_asig1,pre_cod_asig2,pre_cod_asig3,pre_cod_asig4,pre_cod_asig5,pre_cod_asig6,pre_cod_asig7 FROM tblaca009 WHERE pensum='5' AND c_uni_ca='2' AND c_asigna='300101' [1][0] OK
C:[02/12/2013 11:24:28.35][190.77.241.37][1569] SELECT pre_cod_asig1,pre_cod_asig2,pre_cod_asig3,pre_cod_asig4,pre_cod_asig5,pre_cod_asig6,pre_cod_asig7 FROM tblaca009 WHERE pensum='5' AND c_uni_ca='2' AND c_asigna='300226' [1][0] OK
C:[02/12/2013 11:24:28.35][190.77.241.37][1582] SELECT c_asigna FROM dace004 WHERE exp_e='12-18450072' AND c_asigna='300116' AND status IN ('0','3','B') [1][0] OK
C:[02/12/2013 11:24:28.35][190.77.241.37][1569] SELECT pre_cod_asig1,pre_cod_asig2,pre_cod_asig3,pre_cod_asig4,pre_cod_asig5,pre_cod_asig6,pre_cod_asig7 FROM tblaca009 WHERE pensum='5' AND c_uni_ca='2' AND c_asigna='300314' [1][0] OK
C:[02/12/2013 11:24:28.35][190.77.241.37][1582] SELECT c_asigna FROM dace004 WHERE exp_e='12-18450072' AND c_asigna='300106' AND status IN ('0','3','B') [1][0] OK
C:[02/12/2013 11:24:28.54][190.77.241.37][1613] SELECT par_cod_asig1,par_cod_asig2,par_cod_asig3 FROM tblaca009 WHERE pensum='5' AND c_uni_ca='2' AND c_asigna='300101' [1][0] OK
C:[02/12/2013 11:24:28.54][190.77.241.37][1613] SELECT par_cod_asig1,par_cod_asig2,par_cod_asig3 FROM tblaca009 WHERE pensum='5' AND c_uni_ca='2' AND c_asigna='300226' [1][0] OK
C:[02/12/2013 11:24:28.54][190.77.241.37][1613] SELECT par_cod_asig1,par_cod_asig2,par_cod_asig3 FROM tblaca009 WHERE pensum='5' AND c_uni_ca='2' AND c_asigna='300314' [1][0] OK
C:[02/12/2013 14:51:14.94][172.16.4.247][1569] SELECT pre_cod_asig1,pre_cod_asig2,pre_cod_asig3,pre_cod_asig4,pre_cod_asig5,pre_cod_asig6,pre_cod_asig7 FROM tblaca009 WHERE pensum='5' AND c_uni_ca='2' AND c_asigna='322560' [1][0] OK
C:[02/12/2013 14:51:14.94][172.16.4.247][1569] SELECT pre_cod_asig1,pre_cod_asig2,pre_cod_asig3,pre_cod_asig4,pre_cod_asig5,pre_cod_asig6,pre_cod_asig7 FROM tblaca009 WHERE pensum='5' AND c_uni_ca='2' AND c_asigna='300313' [1][0] OK
C:[02/12/2013 14:51:14.94][172.16.4.247][1582] SELECT c_asigna FROM dace004 WHERE exp_e='10-24039070' AND c_asigna='300213' AND status IN ('0','3','B') [1][0] OK
C:[02/12/2013 14:51:14.94][172.16.4.247][1582] SELECT c_asigna FROM dace004 WHERE exp_e='10-24039070' AND c_asigna='300226' AND status IN ('0','3','B') [1][0] OK
C:[02/12/2013 14:51:14.94][172.16.4.247][1582] SELECT c_asigna FROM dace004 WHERE exp_e='10-24039070' AND c_asigna='300209' AND status IN ('0','3','B') [1][0] OK
C:[02/12/2013 14:51:14.94][172.16.4.247][1569] SELECT pre_cod_asig1,pre_cod_asig2,pre_cod_asig3,pre_cod_asig4,pre_cod_asig5,pre_cod_asig6,pre_cod_asig7 FROM tblaca009 WHERE pensum='5' AND c_uni_ca='2' AND c_asigna='322436' [1][0] OK
C:[02/12/2013 14:51:14.94][172.16.4.247][1582] SELECT c_asigna FROM dace004 WHERE exp_e='10-24039070' AND c_asigna='300317' AND status IN ('0','3','B') [1][0] OK
C:[02/12/2013 14:51:14.94][172.16.4.247][1582] SELECT c_asigna FROM dace004 WHERE exp_e='10-24039070' AND c_asigna='320311' AND status IN ('0','3','B') [1][0] OK
C:[02/12/2013 14:51:14.94][172.16.4.247][1569] SELECT pre_cod_asig1,pre_cod_asig2,pre_cod_asig3,pre_cod_asig4,pre_cod_asig5,pre_cod_asig6,pre_cod_asig7 FROM tblaca009 WHERE pensum='5' AND c_uni_ca='2' AND c_asigna='300422' [1][0] OK
C:[02/12/2013 14:51:14.94][172.16.4.247][1582] SELECT c_asigna FROM dace004 WHERE exp_e='10-24039070' AND c_asigna='300105' AND status IN ('0','3','B') [1][0] OK
C:[02/12/2013 14:51:14.94][172.16.4.247][1582] SELECT c_asigna FROM dace004 WHERE exp_e='10-24039070' AND c_asigna='300314' AND status IN ('0','3','B') [1][0] OK
C:[02/12/2013 14:51:14.87][172.16.4.247][1613] SELECT par_cod_asig1,par_cod_asig2,par_cod_asig3 FROM tblaca009 WHERE pensum='5' AND c_uni_ca='2' AND c_asigna='322560' [1][0] OK
C:[02/12/2013 14:51:14.87][172.16.4.247][1627] SELECT c_asigna FROM dace004 WHERE exp_e='10-24039070' AND c_asigna='323528' AND status IN ('0','3','B','C') [0][0] OK
C:[02/12/2013 14:51:14.87][172.16.4.247][1613] SELECT par_cod_asig1,par_cod_asig2,par_cod_asig3 FROM tblaca009 WHERE pensum='5' AND c_uni_ca='2' AND c_asigna='300313' [1][0] OK
C:[02/12/2013 14:51:14.87][172.16.4.247][1613] SELECT par_cod_asig1,par_cod_asig2,par_cod_asig3 FROM tblaca009 WHERE pensum='5' AND c_uni_ca='2' AND c_asigna='322436' [1][0] OK
C:[02/12/2013 14:51:14.87][172.16.4.247][1613] SELECT par_cod_asig1,par_cod_asig2,par_cod_asig3 FROM tblaca009 WHERE pensum='5' AND c_uni_ca='2' AND c_asigna='300422' [1][0] OK
C:[02/12/2013 14:51:14.91][172.16.4.247][1684] SELECT c_asigna FROM tblaca009 WHERE pensum='5' AND c_uni_ca='2' AND ((par_cod_asig1='323528') OR (par_cod_asig2='323528') OR (par_cod_asig3='323528'))  [1][0] OK
C:[02/12/2013 14:51:14.91][172.16.4.247][1696] SELECT c_asigna FROM dace004 WHERE exp_e='10-24039070' AND c_asigna='322560' AND status IN ('0','3','B') [0][0] OK
C:[02/12/2013 16:03:25.28][201.211.141.164][1569] SELECT pre_cod_asig1,pre_cod_asig2,pre_cod_asig3,pre_cod_asig4,pre_cod_asig5,pre_cod_asig6,pre_cod_asig7 FROM tblaca009 WHERE pensum='5' AND c_uni_ca='3' AND c_asigna='311799' [1][0] OK
C:[02/12/2013 16:03:25.28][201.211.141.164][1582] SELECT c_asigna FROM dace004 WHERE exp_e='99-15468808' AND c_asigna='311673' AND status IN ('0','3','B') [1][0] OK
C:[02/12/2013 16:03:25.09][201.211.141.164][1613] SELECT par_cod_asig1,par_cod_asig2,par_cod_asig3 FROM tblaca009 WHERE pensum='5' AND c_uni_ca='3' AND c_asigna='311799' [1][0] OK
C:[02/12/2013 16:03:25.22][201.211.141.164][1684] SELECT c_asigna FROM tblaca009 WHERE pensum='5' AND c_uni_ca='3' AND ((par_cod_asig1='311796') OR (par_cod_asig2='311796') OR (par_cod_asig3='311796'))  [0][0] OK
C:[02/12/2013 16:27:49.82][190.201.28.88][1569] SELECT pre_cod_asig1,pre_cod_asig2,pre_cod_asig3,pre_cod_asig4,pre_cod_asig5,pre_cod_asig6,pre_cod_asig7 FROM tblaca009 WHERE pensum='5' AND c_uni_ca='5' AND c_asigna='355696' [1][0] OK
C:[02/12/2013 16:27:49.82][190.201.28.88][1582] SELECT c_asigna FROM dace004 WHERE exp_e='08-20160479' AND c_asigna='355570' AND status IN ('0','3','B') [1][0] OK
C:[02/12/2013 16:27:49.82][190.201.28.88][1582] SELECT c_asigna FROM dace004 WHERE exp_e='08-20160479' AND c_asigna='355571' AND status IN ('0','3','B') [1][0] OK
C:[02/12/2013 16:27:49.82][190.201.28.88][1569] SELECT pre_cod_asig1,pre_cod_asig2,pre_cod_asig3,pre_cod_asig4,pre_cod_asig5,pre_cod_asig6,pre_cod_asig7 FROM tblaca009 WHERE pensum='5' AND c_uni_ca='5' AND c_asigna='355832' [1][0] OK
C:[02/12/2013 16:27:49.82][190.201.28.88][1582] SELECT c_asigna FROM dace004 WHERE exp_e='08-20160479' AND c_asigna='355694' AND status IN ('0','3','B') [1][0] OK
C:[02/12/2013 16:27:49.82][190.201.28.88][1569] SELECT pre_cod_asig1,pre_cod_asig2,pre_cod_asig3,pre_cod_asig4,pre_cod_asig5,pre_cod_asig6,pre_cod_asig7 FROM tblaca009 WHERE pensum='5' AND c_uni_ca='5' AND c_asigna='355835' [1][0] OK
C:[02/12/2013 16:27:49.82][190.201.28.88][1582] SELECT c_asigna FROM dace004 WHERE exp_e='08-20160479' AND c_asigna='355691' AND status IN ('0','3','B') [1][0] OK
C:[02/12/2013 16:27:49.82][190.201.28.88][1569] SELECT pre_cod_asig1,pre_cod_asig2,pre_cod_asig3,pre_cod_asig4,pre_cod_asig5,pre_cod_asig6,pre_cod_asig7 FROM tblaca009 WHERE pensum='5' AND c_uni_ca='5' AND c_asigna='355953' [1][0] OK
C:[02/12/2013 16:27:49.82][190.201.28.88][1582] SELECT c_asigna FROM dace004 WHERE exp_e='08-20160479' AND c_asigna='355691' AND status IN ('0','3','B') [1][0] OK
C:[02/12/2013 16:27:50.51][190.201.28.88][1613] SELECT par_cod_asig1,par_cod_asig2,par_cod_asig3 FROM tblaca009 WHERE pensum='5' AND c_uni_ca='5' AND c_asigna='355696' [1][0] OK
C:[02/12/2013 16:27:50.51][190.201.28.88][1613] SELECT par_cod_asig1,par_cod_asig2,par_cod_asig3 FROM tblaca009 WHERE pensum='5' AND c_uni_ca='5' AND c_asigna='355832' [1][0] OK
C:[02/12/2013 16:27:50.51][190.201.28.88][1613] SELECT par_cod_asig1,par_cod_asig2,par_cod_asig3 FROM tblaca009 WHERE pensum='5' AND c_uni_ca='5' AND c_asigna='355835' [1][0] OK
C:[02/12/2013 16:27:50.51][190.201.28.88][1613] SELECT par_cod_asig1,par_cod_asig2,par_cod_asig3 FROM tblaca009 WHERE pensum='5' AND c_uni_ca='5' AND c_asigna='355953' [1][0] OK
C:[02/12/2013 16:27:50.01][190.201.28.88][1684] SELECT c_asigna FROM tblaca009 WHERE pensum='5' AND c_uni_ca='5' AND ((par_cod_asig1='355723') OR (par_cod_asig2='355723') OR (par_cod_asig3='355723'))  [0][0] OK
C:[02/12/2013 17:14:21.94][172.16.4.247][1569] SELECT pre_cod_asig1,pre_cod_asig2,pre_cod_asig3,pre_cod_asig4,pre_cod_asig5,pre_cod_asig6,pre_cod_asig7 FROM tblaca009 WHERE pensum='5' AND c_uni_ca='4' AND c_asigna='300222' [1][0] OK
C:[02/12/2013 17:14:21.94][172.16.4.247][1582] SELECT c_asigna FROM dace004 WHERE exp_e='08-23500679' AND c_asigna='300112' AND status IN ('0','3','B') [1][0] OK
C:[02/12/2013 17:14:21.94][172.16.4.247][1569] SELECT pre_cod_asig1,pre_cod_asig2,pre_cod_asig3,pre_cod_asig4,pre_cod_asig5,pre_cod_asig6,pre_cod_asig7 FROM tblaca009 WHERE pensum='5' AND c_uni_ca='4' AND c_asigna='300422' [1][0] OK
C:[02/12/2013 17:14:21.94][172.16.4.247][1582] SELECT c_asigna FROM dace004 WHERE exp_e='08-23500679' AND c_asigna='300105' AND status IN ('0','3','B') [1][0] OK
C:[02/12/2013 17:14:21.94][172.16.4.247][1582] SELECT c_asigna FROM dace004 WHERE exp_e='08-23500679' AND c_asigna='300314' AND status IN ('0','3','B') [1][0] OK
C:[02/12/2013 17:14:21.94][172.16.4.247][1569] SELECT pre_cod_asig1,pre_cod_asig2,pre_cod_asig3,pre_cod_asig4,pre_cod_asig5,pre_cod_asig6,pre_cod_asig7 FROM tblaca009 WHERE pensum='5' AND c_uni_ca='4' AND c_asigna='333441' [1][0] OK
C:[02/12/2013 17:14:21.94][172.16.4.247][1582] SELECT c_asigna FROM dace004 WHERE exp_e='08-23500679' AND c_asigna='333326' AND status IN ('0','3','B') [1][0] OK
C:[02/12/2013 17:14:21.94][172.16.4.247][1582] SELECT c_asigna FROM dace004 WHERE exp_e='08-23500679' AND c_asigna='300317' AND status IN ('0','3','B') [1][0] OK
C:[02/12/2013 17:14:21.94][172.16.4.247][1582] SELECT c_asigna FROM dace004 WHERE exp_e='08-23500679' AND c_asigna='300209' AND status IN ('0','3','B') [1][0] OK
C:[02/12/2013 17:14:21.94][172.16.4.247][1569] SELECT pre_cod_asig1,pre_cod_asig2,pre_cod_asig3,pre_cod_asig4,pre_cod_asig5,pre_cod_asig6,pre_cod_asig7 FROM tblaca009 WHERE pensum='5' AND c_uni_ca='4' AND c_asigna='333442' [1][0] OK
C:[02/12/2013 17:14:21.94][172.16.4.247][1582] SELECT c_asigna FROM dace004 WHERE exp_e='08-23500679' AND c_asigna='330310' AND status IN ('0','3','B') [1][0] OK
C:[02/12/2013 17:14:21.94][172.16.4.247][1582] SELECT c_asigna FROM dace004 WHERE exp_e='08-23500679' AND c_asigna='333326' AND status IN ('0','3','B') [1][0] OK
C:[02/12/2013 17:14:21.94][172.16.4.247][1569] SELECT pre_cod_asig1,pre_cod_asig2,pre_cod_asig3,pre_cod_asig4,pre_cod_asig5,pre_cod_asig6,pre_cod_asig7 FROM tblaca009 WHERE pensum='5' AND c_uni_ca='4' AND c_asigna='311561' [1][0] OK
C:[02/12/2013 17:14:21.94][172.16.4.247][1582] SELECT c_asigna FROM dace004 WHERE exp_e='08-23500679' AND c_asigna='300318' AND status IN ('0','3','B') [1][0] OK
C:[02/12/2013 17:14:21.94][172.16.4.247][1569] SELECT pre_cod_asig1,pre_cod_asig2,pre_cod_asig3,pre_cod_asig4,pre_cod_asig5,pre_cod_asig6,pre_cod_asig7 FROM tblaca009 WHERE pensum='5' AND c_uni_ca='4' AND c_asigna='330435' [1][0] OK
C:[02/12/2013 17:14:21.94][172.16.4.247][1582] SELECT c_asigna FROM dace004 WHERE exp_e='08-23500679' AND c_asigna='300318' AND status IN ('0','3','B') [1][0] OK
C:[02/12/2013 17:14:21.94][172.16.4.247][1569] SELECT pre_cod_asig1,pre_cod_asig2,pre_cod_asig3,pre_cod_asig4,pre_cod_asig5,pre_cod_asig6,pre_cod_asig7 FROM tblaca009 WHERE pensum='5' AND c_uni_ca='4' AND c_asigna='333440' [1][0] OK
C:[02/12/2013 17:14:21.94][172.16.4.247][1582] SELECT c_asigna FROM dace004 WHERE exp_e='08-23500679' AND c_asigna='300317' AND status IN ('0','3','B') [1][0] OK
C:[02/12/2013 17:14:21.94][172.16.4.247][1582] SELECT c_asigna FROM dace004 WHERE exp_e='08-23500679' AND c_asigna='330310' AND status IN ('0','3','B') [1][0] OK
C:[02/12/2013 17:14:21.94][172.16.4.247][1582] SELECT c_asigna FROM dace004 WHERE exp_e='08-23500679' AND c_asigna='300209' AND status IN ('0','3','B') [1][0] OK
C:[02/12/2013 17:14:22.57][172.16.4.247][1613] SELECT par_cod_asig1,par_cod_asig2,par_cod_asig3 FROM tblaca009 WHERE pensum='5' AND c_uni_ca='4' AND c_asigna='300222' [1][0] OK
C:[02/12/2013 17:14:22.57][172.16.4.247][1613] SELECT par_cod_asig1,par_cod_asig2,par_cod_asig3 FROM tblaca009 WHERE pensum='5' AND c_uni_ca='4' AND c_asigna='300422' [1][0] OK
C:[02/12/2013 17:14:22.57][172.16.4.247][1613] SELECT par_cod_asig1,par_cod_asig2,par_cod_asig3 FROM tblaca009 WHERE pensum='5' AND c_uni_ca='4' AND c_asigna='333441' [1][0] OK
C:[02/12/2013 17:14:22.57][172.16.4.247][1613] SELECT par_cod_asig1,par_cod_asig2,par_cod_asig3 FROM tblaca009 WHERE pensum='5' AND c_uni_ca='4' AND c_asigna='333442' [1][0] OK
C:[02/12/2013 17:14:22.57][172.16.4.247][1613] SELECT par_cod_asig1,par_cod_asig2,par_cod_asig3 FROM tblaca009 WHERE pensum='5' AND c_uni_ca='4' AND c_asigna='311561' [1][0] OK
C:[02/12/2013 17:14:22.57][172.16.4.247][1613] SELECT par_cod_asig1,par_cod_asig2,par_cod_asig3 FROM tblaca009 WHERE pensum='5' AND c_uni_ca='4' AND c_asigna='330435' [1][0] OK
C:[02/12/2013 17:14:22.57][172.16.4.247][1613] SELECT par_cod_asig1,par_cod_asig2,par_cod_asig3 FROM tblaca009 WHERE pensum='5' AND c_uni_ca='4' AND c_asigna='333440' [1][0] OK
C:[02/12/2013 17:14:22.57][172.16.4.247][1627] SELECT c_asigna FROM dace004 WHERE exp_e='08-23500679' AND c_asigna='333441' AND status IN ('0','3','B','C') [0][0] OK
C:[02/12/2013 17:15:14.21][172.16.4.247][1569] SELECT pre_cod_asig1,pre_cod_asig2,pre_cod_asig3,pre_cod_asig4,pre_cod_asig5,pre_cod_asig6,pre_cod_asig7 FROM tblaca009 WHERE pensum='5' AND c_uni_ca='4' AND c_asigna='300222' [1][0] OK
C:[02/12/2013 17:15:14.21][172.16.4.247][1582] SELECT c_asigna FROM dace004 WHERE exp_e='08-23500679' AND c_asigna='300112' AND status IN ('0','3','B') [1][0] OK
C:[02/12/2013 17:15:14.21][172.16.4.247][1569] SELECT pre_cod_asig1,pre_cod_asig2,pre_cod_asig3,pre_cod_asig4,pre_cod_asig5,pre_cod_asig6,pre_cod_asig7 FROM tblaca009 WHERE pensum='5' AND c_uni_ca='4' AND c_asigna='333441' [1][0] OK
C:[02/12/2013 17:15:14.21][172.16.4.247][1582] SELECT c_asigna FROM dace004 WHERE exp_e='08-23500679' AND c_asigna='333326' AND status IN ('0','3','B') [1][0] OK
C:[02/12/2013 17:15:14.21][172.16.4.247][1582] SELECT c_asigna FROM dace004 WHERE exp_e='08-23500679' AND c_asigna='300317' AND status IN ('0','3','B') [1][0] OK
C:[02/12/2013 17:15:14.21][172.16.4.247][1582] SELECT c_asigna FROM dace004 WHERE exp_e='08-23500679' AND c_asigna='300209' AND status IN ('0','3','B') [1][0] OK
C:[02/12/2013 17:15:14.21][172.16.4.247][1569] SELECT pre_cod_asig1,pre_cod_asig2,pre_cod_asig3,pre_cod_asig4,pre_cod_asig5,pre_cod_asig6,pre_cod_asig7 FROM tblaca009 WHERE pensum='5' AND c_uni_ca='4' AND c_asigna='333442' [1][0] OK
C:[02/12/2013 17:15:14.21][172.16.4.247][1582] SELECT c_asigna FROM dace004 WHERE exp_e='08-23500679' AND c_asigna='330310' AND status IN ('0','3','B') [1][0] OK
C:[02/12/2013 17:15:14.21][172.16.4.247][1582] SELECT c_asigna FROM dace004 WHERE exp_e='08-23500679' AND c_asigna='333326' AND status IN ('0','3','B') [1][0] OK
C:[02/12/2013 17:15:14.21][172.16.4.247][1569] SELECT pre_cod_asig1,pre_cod_asig2,pre_cod_asig3,pre_cod_asig4,pre_cod_asig5,pre_cod_asig6,pre_cod_asig7 FROM tblaca009 WHERE pensum='5' AND c_uni_ca='4' AND c_asigna='311561' [1][0] OK
C:[02/12/2013 17:15:14.21][172.16.4.247][1582] SELECT c_asigna FROM dace004 WHERE exp_e='08-23500679' AND c_asigna='300318' AND status IN ('0','3','B') [1][0] OK
C:[02/12/2013 17:15:14.21][172.16.4.247][1569] SELECT pre_cod_asig1,pre_cod_asig2,pre_cod_asig3,pre_cod_asig4,pre_cod_asig5,pre_cod_asig6,pre_cod_asig7 FROM tblaca009 WHERE pensum='5' AND c_uni_ca='4' AND c_asigna='330435' [1][0] OK
C:[02/12/2013 17:15:14.21][172.16.4.247][1582] SELECT c_asigna FROM dace004 WHERE exp_e='08-23500679' AND c_asigna='300318' AND status IN ('0','3','B') [1][0] OK
C:[02/12/2013 17:15:14.21][172.16.4.247][1569] SELECT pre_cod_asig1,pre_cod_asig2,pre_cod_asig3,pre_cod_asig4,pre_cod_asig5,pre_cod_asig6,pre_cod_asig7 FROM tblaca009 WHERE pensum='5' AND c_uni_ca='4' AND c_asigna='333440' [1][0] OK
C:[02/12/2013 17:15:14.21][172.16.4.247][1582] SELECT c_asigna FROM dace004 WHERE exp_e='08-23500679' AND c_asigna='300317' AND status IN ('0','3','B') [1][0] OK
C:[02/12/2013 17:15:14.21][172.16.4.247][1582] SELECT c_asigna FROM dace004 WHERE exp_e='08-23500679' AND c_asigna='330310' AND status IN ('0','3','B') [1][0] OK
C:[02/12/2013 17:15:14.21][172.16.4.247][1582] SELECT c_asigna FROM dace004 WHERE exp_e='08-23500679' AND c_asigna='300209' AND status IN ('0','3','B') [1][0] OK
C:[02/12/2013 17:15:14.02][172.16.4.247][1613] SELECT par_cod_asig1,par_cod_asig2,par_cod_asig3 FROM tblaca009 WHERE pensum='5' AND c_uni_ca='4' AND c_asigna='300222' [1][0] OK
C:[02/12/2013 17:15:14.02][172.16.4.247][1613] SELECT par_cod_asig1,par_cod_asig2,par_cod_asig3 FROM tblaca009 WHERE pensum='5' AND c_uni_ca='4' AND c_asigna='333441' [1][0] OK
C:[02/12/2013 17:15:14.02][172.16.4.247][1613] SELECT par_cod_asig1,par_cod_asig2,par_cod_asig3 FROM tblaca009 WHERE pensum='5' AND c_uni_ca='4' AND c_asigna='333442' [1][0] OK
C:[02/12/2013 17:15:14.02][172.16.4.247][1613] SELECT par_cod_asig1,par_cod_asig2,par_cod_asig3 FROM tblaca009 WHERE pensum='5' AND c_uni_ca='4' AND c_asigna='311561' [1][0] OK
C:[02/12/2013 17:15:14.02][172.16.4.247][1613] SELECT par_cod_asig1,par_cod_asig2,par_cod_asig3 FROM tblaca009 WHERE pensum='5' AND c_uni_ca='4' AND c_asigna='330435' [1][0] OK
C:[02/12/2013 17:15:14.02][172.16.4.247][1613] SELECT par_cod_asig1,par_cod_asig2,par_cod_asig3 FROM tblaca009 WHERE pensum='5' AND c_uni_ca='4' AND c_asigna='333440' [1][0] OK
C:[02/12/2013 17:15:14.02][172.16.4.247][1627] SELECT c_asigna FROM dace004 WHERE exp_e='08-23500679' AND c_asigna='333441' AND status IN ('0','3','B','C') [0][0] OK
C:[02/12/2013 17:16:32.28][172.16.4.247][1569] SELECT pre_cod_asig1,pre_cod_asig2,pre_cod_asig3,pre_cod_asig4,pre_cod_asig5,pre_cod_asig6,pre_cod_asig7 FROM tblaca009 WHERE pensum='5' AND c_uni_ca='4' AND c_asigna='300222' [1][0] OK
C:[02/12/2013 17:16:32.28][172.16.4.247][1582] SELECT c_asigna FROM dace004 WHERE exp_e='08-23500679' AND c_asigna='300112' AND status IN ('0','3','B') [1][0] OK
C:[02/12/2013 17:16:32.28][172.16.4.247][1569] SELECT pre_cod_asig1,pre_cod_asig2,pre_cod_asig3,pre_cod_asig4,pre_cod_asig5,pre_cod_asig6,pre_cod_asig7 FROM tblaca009 WHERE pensum='5' AND c_uni_ca='4' AND c_asigna='333441' [1][0] OK
C:[02/12/2013 17:16:32.28][172.16.4.247][1582] SELECT c_asigna FROM dace004 WHERE exp_e='08-23500679' AND c_asigna='333326' AND status IN ('0','3','B') [1][0] OK
C:[02/12/2013 17:16:32.28][172.16.4.247][1582] SELECT c_asigna FROM dace004 WHERE exp_e='08-23500679' AND c_asigna='300317' AND status IN ('0','3','B') [1][0] OK
C:[02/12/2013 17:16:32.28][172.16.4.247][1582] SELECT c_asigna FROM dace004 WHERE exp_e='08-23500679' AND c_asigna='300209' AND status IN ('0','3','B') [1][0] OK
C:[02/12/2013 17:16:32.28][172.16.4.247][1569] SELECT pre_cod_asig1,pre_cod_asig2,pre_cod_asig3,pre_cod_asig4,pre_cod_asig5,pre_cod_asig6,pre_cod_asig7 FROM tblaca009 WHERE pensum='5' AND c_uni_ca='4' AND c_asigna='333442' [1][0] OK
C:[02/12/2013 17:16:32.28][172.16.4.247][1582] SELECT c_asigna FROM dace004 WHERE exp_e='08-23500679' AND c_asigna='330310' AND status IN ('0','3','B') [1][0] OK
C:[02/12/2013 17:16:32.28][172.16.4.247][1582] SELECT c_asigna FROM dace004 WHERE exp_e='08-23500679' AND c_asigna='333326' AND status IN ('0','3','B') [1][0] OK
C:[02/12/2013 17:16:32.28][172.16.4.247][1569] SELECT pre_cod_asig1,pre_cod_asig2,pre_cod_asig3,pre_cod_asig4,pre_cod_asig5,pre_cod_asig6,pre_cod_asig7 FROM tblaca009 WHERE pensum='5' AND c_uni_ca='4' AND c_asigna='311561' [1][0] OK
C:[02/12/2013 17:16:32.28][172.16.4.247][1582] SELECT c_asigna FROM dace004 WHERE exp_e='08-23500679' AND c_asigna='300318' AND status IN ('0','3','B') [1][0] OK
C:[02/12/2013 17:16:32.28][172.16.4.247][1569] SELECT pre_cod_asig1,pre_cod_asig2,pre_cod_asig3,pre_cod_asig4,pre_cod_asig5,pre_cod_asig6,pre_cod_asig7 FROM tblaca009 WHERE pensum='5' AND c_uni_ca='4' AND c_asigna='330435' [1][0] OK
C:[02/12/2013 17:16:32.28][172.16.4.247][1582] SELECT c_asigna FROM dace004 WHERE exp_e='08-23500679' AND c_asigna='300318' AND status IN ('0','3','B') [1][0] OK
C:[02/12/2013 17:16:32.28][172.16.4.247][1569] SELECT pre_cod_asig1,pre_cod_asig2,pre_cod_asig3,pre_cod_asig4,pre_cod_asig5,pre_cod_asig6,pre_cod_asig7 FROM tblaca009 WHERE pensum='5' AND c_uni_ca='4' AND c_asigna='333440' [1][0] OK
C:[02/12/2013 17:16:32.28][172.16.4.247][1582] SELECT c_asigna FROM dace004 WHERE exp_e='08-23500679' AND c_asigna='300317' AND status IN ('0','3','B') [1][0] OK
C:[02/12/2013 17:16:32.28][172.16.4.247][1582] SELECT c_asigna FROM dace004 WHERE exp_e='08-23500679' AND c_asigna='330310' AND status IN ('0','3','B') [1][0] OK
C:[02/12/2013 17:16:32.28][172.16.4.247][1582] SELECT c_asigna FROM dace004 WHERE exp_e='08-23500679' AND c_asigna='300209' AND status IN ('0','3','B') [1][0] OK
C:[02/12/2013 17:16:33.52][172.16.4.247][1613] SELECT par_cod_asig1,par_cod_asig2,par_cod_asig3 FROM tblaca009 WHERE pensum='5' AND c_uni_ca='4' AND c_asigna='300222' [1][0] OK
C:[02/12/2013 17:16:33.52][172.16.4.247][1613] SELECT par_cod_asig1,par_cod_asig2,par_cod_asig3 FROM tblaca009 WHERE pensum='5' AND c_uni_ca='4' AND c_asigna='333441' [1][0] OK
C:[02/12/2013 17:16:33.52][172.16.4.247][1613] SELECT par_cod_asig1,par_cod_asig2,par_cod_asig3 FROM tblaca009 WHERE pensum='5' AND c_uni_ca='4' AND c_asigna='333442' [1][0] OK
C:[02/12/2013 17:16:33.52][172.16.4.247][1613] SELECT par_cod_asig1,par_cod_asig2,par_cod_asig3 FROM tblaca009 WHERE pensum='5' AND c_uni_ca='4' AND c_asigna='311561' [1][0] OK
C:[02/12/2013 17:16:33.52][172.16.4.247][1613] SELECT par_cod_asig1,par_cod_asig2,par_cod_asig3 FROM tblaca009 WHERE pensum='5' AND c_uni_ca='4' AND c_asigna='330435' [1][0] OK
C:[02/12/2013 17:16:33.52][172.16.4.247][1613] SELECT par_cod_asig1,par_cod_asig2,par_cod_asig3 FROM tblaca009 WHERE pensum='5' AND c_uni_ca='4' AND c_asigna='333440' [1][0] OK
C:[02/12/2013 17:16:33.52][172.16.4.247][1627] SELECT c_asigna FROM dace004 WHERE exp_e='08-23500679' AND c_asigna='333441' AND status IN ('0','3','B','C') [0][0] OK
C:[02/12/2013 20:25:32.39][190.37.238.224][1569] SELECT pre_cod_asig1,pre_cod_asig2,pre_cod_asig3,pre_cod_asig4,pre_cod_asig5,pre_cod_asig6,pre_cod_asig7 FROM tblaca009 WHERE pensum='5' AND c_uni_ca='3' AND c_asigna='300313' [1][0] OK
C:[02/12/2013 20:25:32.39][190.37.238.224][1582] SELECT c_asigna FROM dace004 WHERE exp_e='09-20806231' AND c_asigna='300213' AND status IN ('0','3','B') [1][0] OK
C:[02/12/2013 20:25:32.39][190.37.238.224][1582] SELECT c_asigna FROM dace004 WHERE exp_e='09-20806231' AND c_asigna='300226' AND status IN ('0','3','B') [1][0] OK
C:[02/12/2013 20:25:32.39][190.37.238.224][1582] SELECT c_asigna FROM dace004 WHERE exp_e='09-20806231' AND c_asigna='300222' AND status IN ('0','3','B') [1][0] OK
C:[02/12/2013 20:25:32.39][190.37.238.224][1582] SELECT c_asigna FROM dace004 WHERE exp_e='09-20806231' AND c_asigna='300209' AND status IN ('0','3','B') [1][0] OK
C:[02/12/2013 20:25:32.39][190.37.238.224][1569] SELECT pre_cod_asig1,pre_cod_asig2,pre_cod_asig3,pre_cod_asig4,pre_cod_asig5,pre_cod_asig6,pre_cod_asig7 FROM tblaca009 WHERE pensum='5' AND c_uni_ca='3' AND c_asigna='312333' [1][0] OK
C:[02/12/2013 20:25:32.39][190.37.238.224][1582] SELECT c_asigna FROM dace004 WHERE exp_e='09-20806231' AND c_asigna='300228' AND status IN ('0','3','B') [1][0] OK
C:[02/12/2013 20:25:32.39][190.37.238.224][1569] SELECT pre_cod_asig1,pre_cod_asig2,pre_cod_asig3,pre_cod_asig4,pre_cod_asig5,pre_cod_asig6,pre_cod_asig7 FROM tblaca009 WHERE pensum='5' AND c_uni_ca='3' AND c_asigna='300218' [1][0] OK
C:[02/12/2013 20:25:32.39][190.37.238.224][1582] SELECT c_asigna FROM dace004 WHERE exp_e='09-20806231' AND c_asigna='300101' AND status IN ('0','3','B') [1][0] OK
C:[02/12/2013 20:25:33.77][190.37.238.224][1613] SELECT par_cod_asig1,par_cod_asig2,par_cod_asig3 FROM tblaca009 WHERE pensum='5' AND c_uni_ca='3' AND c_asigna='300313' [1][0] OK
C:[02/12/2013 20:25:33.77][190.37.238.224][1613] SELECT par_cod_asig1,par_cod_asig2,par_cod_asig3 FROM tblaca009 WHERE pensum='5' AND c_uni_ca='3' AND c_asigna='312333' [1][0] OK
C:[02/12/2013 20:25:33.77][190.37.238.224][1613] SELECT par_cod_asig1,par_cod_asig2,par_cod_asig3 FROM tblaca009 WHERE pensum='5' AND c_uni_ca='3' AND c_asigna='300218' [1][0] OK
C:[02/12/2013 20:25:33.77][190.37.238.224][1627] SELECT c_asigna FROM dace004 WHERE exp_e='09-20806231' AND c_asigna='300228' AND status IN ('0','3','B','C') [1][0] OK
C:[02/12/2013 20:25:33.27][190.37.238.224][1684] SELECT c_asigna FROM tblaca009 WHERE pensum='5' AND c_uni_ca='3' AND ((par_cod_asig1='300317') OR (par_cod_asig2='300317') OR (par_cod_asig3='300317'))  [0][0] OK
C:[02/12/2013 20:58:13.46][190.76.55.56][1569] SELECT pre_cod_asig1,pre_cod_asig2,pre_cod_asig3,pre_cod_asig4,pre_cod_asig5,pre_cod_asig6,pre_cod_asig7 FROM tblaca009 WHERE pensum='5' AND c_uni_ca='5' AND c_asigna='355692' [1][0] OK
C:[02/12/2013 20:58:13.46][190.76.55.56][1582] SELECT c_asigna FROM dace004 WHERE exp_e='09-20556571' AND c_asigna='355448' AND status IN ('0','3','B') [1][0] OK
C:[02/12/2013 20:58:13.46][190.76.55.56][1582] SELECT c_asigna FROM dace004 WHERE exp_e='09-20556571' AND c_asigna='355570' AND status IN ('0','3','B') [1][0] OK
C:[02/12/2013 20:58:13.46][190.76.55.56][1569] SELECT pre_cod_asig1,pre_cod_asig2,pre_cod_asig3,pre_cod_asig4,pre_cod_asig5,pre_cod_asig6,pre_cod_asig7 FROM tblaca009 WHERE pensum='5' AND c_uni_ca='5' AND c_asigna='355693' [1][0] OK
C:[02/12/2013 20:58:13.46][190.76.55.56][1582] SELECT c_asigna FROM dace004 WHERE exp_e='09-20556571' AND c_asigna='355572' AND status IN ('0','3','B') [1][0] OK
C:[02/12/2013 20:58:13.46][190.76.55.56][1582] SELECT c_asigna FROM dace004 WHERE exp_e='09-20556571' AND c_asigna='352440' AND status IN ('0','3','B') [1][0] OK
C:[02/12/2013 20:58:13.46][190.76.55.56][1582] SELECT c_asigna FROM dace004 WHERE exp_e='09-20556571' AND c_asigna='355573' AND status IN ('0','3','B') [1][0] OK
C:[02/12/2013 20:58:13.46][190.76.55.56][1582] SELECT c_asigna FROM dace004 WHERE exp_e='09-20556571' AND c_asigna='300226' AND status IN ('0','3','B') [1][0] OK
C:[02/12/2013 20:58:13.46][190.76.55.56][1582] SELECT c_asigna FROM dace004 WHERE exp_e='09-20556571' AND c_asigna='300222' AND status IN ('0','3','B') [1][0] OK
C:[02/12/2013 20:58:13.46][190.76.55.56][1582] SELECT c_asigna FROM dace004 WHERE exp_e='09-20556571' AND c_asigna='300013' AND status IN ('0','3','B') [1][0] OK
C:[02/12/2013 20:58:13.46][190.76.55.56][1582] SELECT c_asigna FROM dace004 WHERE exp_e='09-20556571' AND c_asigna='300113' AND status IN ('0','3','B') [1][0] OK
C:[02/12/2013 20:58:13.46][190.76.55.56][1569] SELECT pre_cod_asig1,pre_cod_asig2,pre_cod_asig3,pre_cod_asig4,pre_cod_asig5,pre_cod_asig6,pre_cod_asig7 FROM tblaca009 WHERE pensum='5' AND c_uni_ca='5' AND c_asigna='355696' [1][0] OK
C:[02/12/2013 20:58:13.46][190.76.55.56][1582] SELECT c_asigna FROM dace004 WHERE exp_e='09-20556571' AND c_asigna='355570' AND status IN ('0','3','B') [1][0] OK
C:[02/12/2013 20:58:13.46][190.76.55.56][1582] SELECT c_asigna FROM dace004 WHERE exp_e='09-20556571' AND c_asigna='355571' AND status IN ('0','3','B') [1][0] OK
C:[02/12/2013 20:58:13.46][190.76.55.56][1569] SELECT pre_cod_asig1,pre_cod_asig2,pre_cod_asig3,pre_cod_asig4,pre_cod_asig5,pre_cod_asig6,pre_cod_asig7 FROM tblaca009 WHERE pensum='5' AND c_uni_ca='5' AND c_asigna='355832' [1][0] OK
C:[02/12/2013 20:58:13.46][190.76.55.56][1582] SELECT c_asigna FROM dace004 WHERE exp_e='09-20556571' AND c_asigna='355694' AND status IN ('0','3','B') [1][0] OK
C:[02/12/2013 20:58:13.02][190.76.55.56][1613] SELECT par_cod_asig1,par_cod_asig2,par_cod_asig3 FROM tblaca009 WHERE pensum='5' AND c_uni_ca='5' AND c_asigna='355692' [1][0] OK
C:[02/12/2013 20:58:13.02][190.76.55.56][1613] SELECT par_cod_asig1,par_cod_asig2,par_cod_asig3 FROM tblaca009 WHERE pensum='5' AND c_uni_ca='5' AND c_asigna='355693' [1][0] OK
C:[02/12/2013 20:58:13.02][190.76.55.56][1613] SELECT par_cod_asig1,par_cod_asig2,par_cod_asig3 FROM tblaca009 WHERE pensum='5' AND c_uni_ca='5' AND c_asigna='355696' [1][0] OK
C:[02/12/2013 20:58:13.02][190.76.55.56][1613] SELECT par_cod_asig1,par_cod_asig2,par_cod_asig3 FROM tblaca009 WHERE pensum='5' AND c_uni_ca='5' AND c_asigna='355832' [1][0] OK
C:[02/12/2013 20:58:13.52][190.76.55.56][1684] SELECT c_asigna FROM tblaca009 WHERE pensum='5' AND c_uni_ca='5' AND ((par_cod_asig1='355723') OR (par_cod_asig2='355723') OR (par_cod_asig3='355723'))  [0][0] OK
C:[02/12/2013 22:38:52.82][190.94.251.2][1569] SELECT pre_cod_asig1,pre_cod_asig2,pre_cod_asig3,pre_cod_asig4,pre_cod_asig5,pre_cod_asig6,pre_cod_asig7 FROM tblaca009 WHERE pensum='5' AND c_uni_ca='2' AND c_asigna='300318' [1][0] OK
C:[02/12/2013 22:38:52.82][190.94.251.2][1582] SELECT c_asigna FROM dace004 WHERE exp_e='12-21111853' AND c_asigna='300228' AND status IN ('0','3','B') [1][0] OK
C:[02/12/2013 22:38:52.82][190.94.251.2][1582] SELECT c_asigna FROM dace004 WHERE exp_e='12-21111853' AND c_asigna='300207' AND status IN ('0','3','B') [1][0] OK
C:[02/12/2013 22:38:52.82][190.94.251.2][1582] SELECT c_asigna FROM dace004 WHERE exp_e='12-21111853' AND c_asigna='300218' AND status IN ('0','3','B') [1][0] OK
C:[02/12/2013 22:38:52.82][190.94.251.2][1569] SELECT pre_cod_asig1,pre_cod_asig2,pre_cod_asig3,pre_cod_asig4,pre_cod_asig5,pre_cod_asig6,pre_cod_asig7 FROM tblaca009 WHERE pensum='5' AND c_uni_ca='2' AND c_asigna='300226' [1][0] OK
C:[02/12/2013 22:38:52.82][190.94.251.2][1582] SELECT c_asigna FROM dace004 WHERE exp_e='12-21111853' AND c_asigna='300116' AND status IN ('0','3','B') [1][0] OK
C:[02/12/2013 22:38:52.82][190.94.251.2][1569] SELECT pre_cod_asig1,pre_cod_asig2,pre_cod_asig3,pre_cod_asig4,pre_cod_asig5,pre_cod_asig6,pre_cod_asig7 FROM tblaca009 WHERE pensum='5' AND c_uni_ca='2' AND c_asigna='300317' [1][0] OK
C:[02/12/2013 22:38:52.82][190.94.251.2][1582] SELECT c_asigna FROM dace004 WHERE exp_e='12-21111853' AND c_asigna='300207' AND status IN ('0','3','B') [1][0] OK
C:[02/12/2013 22:38:52.82][190.94.251.2][1582] SELECT c_asigna FROM dace004 WHERE exp_e='12-21111853' AND c_asigna='300209' AND status IN ('0','3','B') [1][0] OK
C:[02/12/2013 22:38:52.82][190.94.251.2][1569] SELECT pre_cod_asig1,pre_cod_asig2,pre_cod_asig3,pre_cod_asig4,pre_cod_asig5,pre_cod_asig6,pre_cod_asig7 FROM tblaca009 WHERE pensum='5' AND c_uni_ca='2' AND c_asigna='322449' [1][0] OK
C:[02/12/2013 22:38:52.82][190.94.251.2][1582] SELECT c_asigna FROM dace004 WHERE exp_e='12-21111853' AND c_asigna='300222' AND status IN ('0','3','B') [1][0] OK
C:[02/12/2013 22:38:53.76][190.94.251.2][1613] SELECT par_cod_asig1,par_cod_asig2,par_cod_asig3 FROM tblaca009 WHERE pensum='5' AND c_uni_ca='2' AND c_asigna='300318' [1][0] OK
C:[02/12/2013 22:38:53.76][190.94.251.2][1613] SELECT par_cod_asig1,par_cod_asig2,par_cod_asig3 FROM tblaca009 WHERE pensum='5' AND c_uni_ca='2' AND c_asigna='300226' [1][0] OK
C:[02/12/2013 22:38:53.76][190.94.251.2][1613] SELECT par_cod_asig1,par_cod_asig2,par_cod_asig3 FROM tblaca009 WHERE pensum='5' AND c_uni_ca='2' AND c_asigna='300317' [1][0] OK
C:[02/12/2013 22:38:53.76][190.94.251.2][1613] SELECT par_cod_asig1,par_cod_asig2,par_cod_asig3 FROM tblaca009 WHERE pensum='5' AND c_uni_ca='2' AND c_asigna='322449' [1][0] OK
C:[03/12/2013 09:31:07.96][172.16.4.247][1569] SELECT pre_cod_asig1,pre_cod_asig2,pre_cod_asig3,pre_cod_asig4,pre_cod_asig5,pre_cod_asig6,pre_cod_asig7 FROM tblaca009 WHERE pensum='5' AND c_uni_ca='5' AND c_asigna='300222' [1][0] OK
C:[03/12/2013 09:31:07.96][172.16.4.247][1582] SELECT c_asigna FROM dace004 WHERE exp_e='10-21444896' AND c_asigna='300112' AND status IN ('0','3','B') [1][0] OK
C:[03/12/2013 09:31:07.96][172.16.4.247][1569] SELECT pre_cod_asig1,pre_cod_asig2,pre_cod_asig3,pre_cod_asig4,pre_cod_asig5,pre_cod_asig6,pre_cod_asig7 FROM tblaca009 WHERE pensum='5' AND c_uni_ca='5' AND c_asigna='355350' [1][0] OK
C:[03/12/2013 09:31:07.96][172.16.4.247][1582] SELECT c_asigna FROM dace004 WHERE exp_e='10-21444896' AND c_asigna='300207' AND status IN ('0','3','B') [1][0] OK
C:[03/12/2013 09:31:07.96][172.16.4.247][1582] SELECT c_asigna FROM dace004 WHERE exp_e='10-21444896' AND c_asigna='300228' AND status IN ('0','3','B') [1][0] OK
C:[03/12/2013 09:31:07.96][172.16.4.247][1569] SELECT pre_cod_asig1,pre_cod_asig2,pre_cod_asig3,pre_cod_asig4,pre_cod_asig5,pre_cod_asig6,pre_cod_asig7 FROM tblaca009 WHERE pensum='5' AND c_uni_ca='5' AND c_asigna='300428' [1][0] OK
C:[03/12/2013 09:31:07.96][172.16.4.247][1582] SELECT c_asigna FROM dace004 WHERE exp_e='10-21444896' AND c_asigna='300317' AND status IN ('0','3','B') [1][0] OK
C:[03/12/2013 09:31:07.96][172.16.4.247][1582] SELECT c_asigna FROM dace004 WHERE exp_e='10-21444896' AND c_asigna='300209' AND status IN ('0','3','B') [1][0] OK
C:[03/12/2013 09:31:07.64][172.16.4.247][1613] SELECT par_cod_asig1,par_cod_asig2,par_cod_asig3 FROM tblaca009 WHERE pensum='5' AND c_uni_ca='5' AND c_asigna='300222' [1][0] OK
C:[03/12/2013 09:31:07.64][172.16.4.247][1613] SELECT par_cod_asig1,par_cod_asig2,par_cod_asig3 FROM tblaca009 WHERE pensum='5' AND c_uni_ca='5' AND c_asigna='355350' [1][0] OK
C:[03/12/2013 09:31:07.64][172.16.4.247][1613] SELECT par_cod_asig1,par_cod_asig2,par_cod_asig3 FROM tblaca009 WHERE pensum='5' AND c_uni_ca='5' AND c_asigna='300428' [1][0] OK
C:[03/12/2013 09:31:07.02][172.16.4.247][1684] SELECT c_asigna FROM tblaca009 WHERE pensum='5' AND c_uni_ca='5' AND ((par_cod_asig1='300318') OR (par_cod_asig2='300318') OR (par_cod_asig3='300318'))  [1][0] OK
C:[03/12/2013 09:31:07.02][172.16.4.247][1696] SELECT c_asigna FROM dace004 WHERE exp_e='10-21444896' AND c_asigna='351330' AND status IN ('0','3','B') [0][0] OK
C:[03/12/2013 09:31:54.09][172.16.4.247][1569] SELECT pre_cod_asig1,pre_cod_asig2,pre_cod_asig3,pre_cod_asig4,pre_cod_asig5,pre_cod_asig6,pre_cod_asig7 FROM tblaca009 WHERE pensum='5' AND c_uni_ca='5' AND c_asigna='300318' [1][0] OK
C:[03/12/2013 09:31:54.09][172.16.4.247][1582] SELECT c_asigna FROM dace004 WHERE exp_e='10-21444896' AND c_asigna='300228' AND status IN ('0','3','B') [1][0] OK
C:[03/12/2013 09:31:54.09][172.16.4.247][1582] SELECT c_asigna FROM dace004 WHERE exp_e='10-21444896' AND c_asigna='300207' AND status IN ('0','3','B') [1][0] OK
C:[03/12/2013 09:31:54.09][172.16.4.247][1582] SELECT c_asigna FROM dace004 WHERE exp_e='10-21444896' AND c_asigna='300218' AND status IN ('0','3','B') [1][0] OK
C:[03/12/2013 09:31:54.09][172.16.4.247][1569] SELECT pre_cod_asig1,pre_cod_asig2,pre_cod_asig3,pre_cod_asig4,pre_cod_asig5,pre_cod_asig6,pre_cod_asig7 FROM tblaca009 WHERE pensum='5' AND c_uni_ca='5' AND c_asigna='300222' [1][0] OK
C:[03/12/2013 09:31:54.09][172.16.4.247][1582] SELECT c_asigna FROM dace004 WHERE exp_e='10-21444896' AND c_asigna='300112' AND status IN ('0','3','B') [1][0] OK
C:[03/12/2013 09:31:54.09][172.16.4.247][1569] SELECT pre_cod_asig1,pre_cod_asig2,pre_cod_asig3,pre_cod_asig4,pre_cod_asig5,pre_cod_asig6,pre_cod_asig7 FROM tblaca009 WHERE pensum='5' AND c_uni_ca='5' AND c_asigna='355350' [1][0] OK
C:[03/12/2013 09:31:54.09][172.16.4.247][1582] SELECT c_asigna FROM dace004 WHERE exp_e='10-21444896' AND c_asigna='300207' AND status IN ('0','3','B') [1][0] OK
C:[03/12/2013 09:31:54.09][172.16.4.247][1582] SELECT c_asigna FROM dace004 WHERE exp_e='10-21444896' AND c_asigna='300228' AND status IN ('0','3','B') [1][0] OK
C:[03/12/2013 09:31:54.09][172.16.4.247][1569] SELECT pre_cod_asig1,pre_cod_asig2,pre_cod_asig3,pre_cod_asig4,pre_cod_asig5,pre_cod_asig6,pre_cod_asig7 FROM tblaca009 WHERE pensum='5' AND c_uni_ca='5' AND c_asigna='300428' [1][0] OK
C:[03/12/2013 09:31:54.09][172.16.4.247][1582] SELECT c_asigna FROM dace004 WHERE exp_e='10-21444896' AND c_asigna='300317' AND status IN ('0','3','B') [1][0] OK
C:[03/12/2013 09:31:54.09][172.16.4.247][1582] SELECT c_asigna FROM dace004 WHERE exp_e='10-21444896' AND c_asigna='300209' AND status IN ('0','3','B') [1][0] OK
C:[03/12/2013 09:31:54.15][172.16.4.247][1613] SELECT par_cod_asig1,par_cod_asig2,par_cod_asig3 FROM tblaca009 WHERE pensum='5' AND c_uni_ca='5' AND c_asigna='300318' [1][0] OK
C:[03/12/2013 09:31:54.15][172.16.4.247][1613] SELECT par_cod_asig1,par_cod_asig2,par_cod_asig3 FROM tblaca009 WHERE pensum='5' AND c_uni_ca='5' AND c_asigna='300222' [1][0] OK
C:[03/12/2013 09:31:54.15][172.16.4.247][1613] SELECT par_cod_asig1,par_cod_asig2,par_cod_asig3 FROM tblaca009 WHERE pensum='5' AND c_uni_ca='5' AND c_asigna='355350' [1][0] OK
C:[03/12/2013 09:31:54.15][172.16.4.247][1613] SELECT par_cod_asig1,par_cod_asig2,par_cod_asig3 FROM tblaca009 WHERE pensum='5' AND c_uni_ca='5' AND c_asigna='300428' [1][0] OK
C:[03/12/2013 10:35:25.90][201.248.68.101][1569] SELECT pre_cod_asig1,pre_cod_asig2,pre_cod_asig3,pre_cod_asig4,pre_cod_asig5,pre_cod_asig6,pre_cod_asig7 FROM tblaca009 WHERE pensum='5' AND c_uni_ca='3' AND c_asigna='315552' [1][0] OK
C:[03/12/2013 10:35:25.90][201.248.68.101][1582] SELECT c_asigna FROM dace004 WHERE exp_e='05-18248843' AND c_asigna='311430' AND status IN ('0','3','B') [1][0] OK
C:[03/12/2013 10:35:25.90][201.248.68.101][1582] SELECT c_asigna FROM dace004 WHERE exp_e='05-18248843' AND c_asigna='300222' AND status IN ('0','3','B') [1][0] OK
C:[03/12/2013 10:35:25.90][201.248.68.101][1582] SELECT c_asigna FROM dace004 WHERE exp_e='05-18248843' AND c_asigna='300226' AND status IN ('0','3','B') [1][0] OK
C:[03/12/2013 10:35:25.90][201.248.68.101][1582] SELECT c_asigna FROM dace004 WHERE exp_e='05-18248843' AND c_asigna='300209' AND status IN ('0','3','B') [1][0] OK
C:[03/12/2013 10:35:25.90][201.248.68.101][1569] SELECT pre_cod_asig1,pre_cod_asig2,pre_cod_asig3,pre_cod_asig4,pre_cod_asig5,pre_cod_asig6,pre_cod_asig7 FROM tblaca009 WHERE pensum='5' AND c_uni_ca='3' AND c_asigna='310548' [1][0] OK
C:[03/12/2013 10:35:25.90][201.248.68.101][1582] SELECT c_asigna FROM dace004 WHERE exp_e='05-18248843' AND c_asigna='300428' AND status IN ('0','3','B') [1][0] OK
C:[03/12/2013 10:35:25.90][201.248.68.101][1582] SELECT c_asigna FROM dace004 WHERE exp_e='05-18248843' AND c_asigna='300313' AND status IN ('0','3','B') [1][0] OK
C:[03/12/2013 10:35:25.90][201.248.68.101][1582] SELECT c_asigna FROM dace004 WHERE exp_e='05-18248843' AND c_asigna='300222' AND status IN ('0','3','B') [1][0] OK
C:[03/12/2013 10:35:25.90][201.248.68.101][1582] SELECT c_asigna FROM dace004 WHERE exp_e='05-18248843' AND c_asigna='300226' AND status IN ('0','3','B') [1][0] OK
C:[03/12/2013 10:35:25.90][201.248.68.101][1582] SELECT c_asigna FROM dace004 WHERE exp_e='05-18248843' AND c_asigna='300209' AND status IN ('0','3','B') [1][0] OK
C:[03/12/2013 10:35:25.90][201.248.68.101][1569] SELECT pre_cod_asig1,pre_cod_asig2,pre_cod_asig3,pre_cod_asig4,pre_cod_asig5,pre_cod_asig6,pre_cod_asig7 FROM tblaca009 WHERE pensum='5' AND c_uni_ca='3' AND c_asigna='311673' [1][0] OK
C:[03/12/2013 10:35:25.90][201.248.68.101][1582] SELECT c_asigna FROM dace004 WHERE exp_e='05-18248843' AND c_asigna='311551' AND status IN ('0','3','B') [1][0] OK
C:[03/12/2013 10:35:25.90][201.248.68.101][1582] SELECT c_asigna FROM dace004 WHERE exp_e='05-18248843' AND c_asigna='311554' AND status IN ('0','3','B') [1][0] OK
C:[03/12/2013 10:35:25.90][201.248.68.101][1582] SELECT c_asigna FROM dace004 WHERE exp_e='05-18248843' AND c_asigna='311320' AND status IN ('0','3','B') [1][0] OK
C:[03/12/2013 10:35:26.33][201.248.68.101][1613] SELECT par_cod_asig1,par_cod_asig2,par_cod_asig3 FROM tblaca009 WHERE pensum='5' AND c_uni_ca='3' AND c_asigna='315552' [1][0] OK
C:[03/12/2013 10:35:26.33][201.248.68.101][1613] SELECT par_cod_asig1,par_cod_asig2,par_cod_asig3 FROM tblaca009 WHERE pensum='5' AND c_uni_ca='3' AND c_asigna='310548' [1][0] OK
C:[03/12/2013 10:35:26.33][201.248.68.101][1613] SELECT par_cod_asig1,par_cod_asig2,par_cod_asig3 FROM tblaca009 WHERE pensum='5' AND c_uni_ca='3' AND c_asigna='311673' [1][0] OK
C:[03/12/2013 10:35:26.71][201.248.68.101][1684] SELECT c_asigna FROM tblaca009 WHERE pensum='5' AND c_uni_ca='3' AND ((par_cod_asig1='311655') OR (par_cod_asig2='311655') OR (par_cod_asig3='311655'))  [0][0] OK
C:[03/12/2013 10:36:07.85][201.248.68.101][1569] SELECT pre_cod_asig1,pre_cod_asig2,pre_cod_asig3,pre_cod_asig4,pre_cod_asig5,pre_cod_asig6,pre_cod_asig7 FROM tblaca009 WHERE pensum='5' AND c_uni_ca='3' AND c_asigna='315552' [1][0] OK
C:[03/12/2013 10:36:07.85][201.248.68.101][1582] SELECT c_asigna FROM dace004 WHERE exp_e='05-18248843' AND c_asigna='311430' AND status IN ('0','3','B') [1][0] OK
C:[03/12/2013 10:36:07.85][201.248.68.101][1582] SELECT c_asigna FROM dace004 WHERE exp_e='05-18248843' AND c_asigna='300222' AND status IN ('0','3','B') [1][0] OK
C:[03/12/2013 10:36:07.85][201.248.68.101][1582] SELECT c_asigna FROM dace004 WHERE exp_e='05-18248843' AND c_asigna='300226' AND status IN ('0','3','B') [1][0] OK
C:[03/12/2013 10:36:07.85][201.248.68.101][1582] SELECT c_asigna FROM dace004 WHERE exp_e='05-18248843' AND c_asigna='300209' AND status IN ('0','3','B') [1][0] OK
C:[03/12/2013 10:36:07.85][201.248.68.101][1569] SELECT pre_cod_asig1,pre_cod_asig2,pre_cod_asig3,pre_cod_asig4,pre_cod_asig5,pre_cod_asig6,pre_cod_asig7 FROM tblaca009 WHERE pensum='5' AND c_uni_ca='3' AND c_asigna='311673' [1][0] OK
C:[03/12/2013 10:36:07.85][201.248.68.101][1582] SELECT c_asigna FROM dace004 WHERE exp_e='05-18248843' AND c_asigna='311551' AND status IN ('0','3','B') [1][0] OK
C:[03/12/2013 10:36:07.85][201.248.68.101][1582] SELECT c_asigna FROM dace004 WHERE exp_e='05-18248843' AND c_asigna='311554' AND status IN ('0','3','B') [1][0] OK
C:[03/12/2013 10:36:07.85][201.248.68.101][1582] SELECT c_asigna FROM dace004 WHERE exp_e='05-18248843' AND c_asigna='311320' AND status IN ('0','3','B') [1][0] OK
C:[03/12/2013 10:36:08.54][201.248.68.101][1613] SELECT par_cod_asig1,par_cod_asig2,par_cod_asig3 FROM tblaca009 WHERE pensum='5' AND c_uni_ca='3' AND c_asigna='315552' [1][0] OK
C:[03/12/2013 10:36:08.54][201.248.68.101][1613] SELECT par_cod_asig1,par_cod_asig2,par_cod_asig3 FROM tblaca009 WHERE pensum='5' AND c_uni_ca='3' AND c_asigna='311673' [1][0] OK
C:[03/12/2013 10:36:08.91][201.248.68.101][1684] SELECT c_asigna FROM tblaca009 WHERE pensum='5' AND c_uni_ca='3' AND ((par_cod_asig1='310548') OR (par_cod_asig2='310548') OR (par_cod_asig3='310548'))  [0][0] OK
C:[03/12/2013 11:22:11.24][186.167.242.114][1569] SELECT pre_cod_asig1,pre_cod_asig2,pre_cod_asig3,pre_cod_asig4,pre_cod_asig5,pre_cod_asig6,pre_cod_asig7 FROM tblaca009 WHERE pensum='5' AND c_uni_ca='3' AND c_asigna='311674' [1][0] OK
C:[03/12/2013 11:22:11.24][186.167.242.114][1582] SELECT c_asigna FROM dace004 WHERE exp_e='07-19703537' AND c_asigna='310548' AND status IN ('0','3','B') [1][0] OK
C:[03/12/2013 11:22:11.24][186.167.242.114][1582] SELECT c_asigna FROM dace004 WHERE exp_e='07-19703537' AND c_asigna='311551' AND status IN ('0','3','B') [1][0] OK
C:[03/12/2013 11:22:11.24][186.167.242.114][1582] SELECT c_asigna FROM dace004 WHERE exp_e='07-19703537' AND c_asigna='311320' AND status IN ('0','3','B') [1][0] OK
C:[03/12/2013 11:22:11.24][186.167.242.114][1569] SELECT pre_cod_asig1,pre_cod_asig2,pre_cod_asig3,pre_cod_asig4,pre_cod_asig5,pre_cod_asig6,pre_cod_asig7 FROM tblaca009 WHERE pensum='5' AND c_uni_ca='3' AND c_asigna='311673' [1][0] OK
C:[03/12/2013 11:22:11.24][186.167.242.114][1582] SELECT c_asigna FROM dace004 WHERE exp_e='07-19703537' AND c_asigna='311551' AND status IN ('0','3','B') [1][0] OK
C:[03/12/2013 11:22:11.24][186.167.242.114][1582] SELECT c_asigna FROM dace004 WHERE exp_e='07-19703537' AND c_asigna='311554' AND status IN ('0','3','B') [1][0] OK
C:[03/12/2013 11:22:11.24][186.167.242.114][1582] SELECT c_asigna FROM dace004 WHERE exp_e='07-19703537' AND c_asigna='311320' AND status IN ('0','3','B') [1][0] OK
C:[03/12/2013 11:22:11.24][186.167.242.114][1569] SELECT pre_cod_asig1,pre_cod_asig2,pre_cod_asig3,pre_cod_asig4,pre_cod_asig5,pre_cod_asig6,pre_cod_asig7 FROM tblaca009 WHERE pensum='5' AND c_uni_ca='3' AND c_asigna='312444' [1][0] OK
C:[03/12/2013 11:22:11.24][186.167.242.114][1582] SELECT c_asigna FROM dace004 WHERE exp_e='07-19703537' AND c_asigna='312333' AND status IN ('0','3','B') [1][0] OK
C:[03/12/2013 11:22:11.24][186.167.242.114][1569] SELECT pre_cod_asig1,pre_cod_asig2,pre_cod_asig3,pre_cod_asig4,pre_cod_asig5,pre_cod_asig6,pre_cod_asig7 FROM tblaca009 WHERE pensum='5' AND c_uni_ca='3' AND c_asigna='315671' [1][0] OK
C:[03/12/2013 11:22:11.24][186.167.242.114][1582] SELECT c_asigna FROM dace004 WHERE exp_e='07-19703537' AND c_asigna='315552' AND status IN ('0','3','B') [1][0] OK
C:[03/12/2013 11:22:11.24][186.167.242.114][1569] SELECT pre_cod_asig1,pre_cod_asig2,pre_cod_asig3,pre_cod_asig4,pre_cod_asig5,pre_cod_asig6,pre_cod_asig7 FROM tblaca009 WHERE pensum='5' AND c_uni_ca='3' AND c_asigna='314787' [1][0] OK
C:[03/12/2013 11:22:11.24][186.167.242.114][1582] SELECT c_asigna FROM dace004 WHERE exp_e='07-19703537' AND c_asigna='314662' AND status IN ('0','3','B') [1][0] OK
C:[03/12/2013 11:22:11.54][186.167.242.114][1613] SELECT par_cod_asig1,par_cod_asig2,par_cod_asig3 FROM tblaca009 WHERE pensum='5' AND c_uni_ca='3' AND c_asigna='311674' [1][0] OK
C:[03/12/2013 11:22:11.54][186.167.242.114][1613] SELECT par_cod_asig1,par_cod_asig2,par_cod_asig3 FROM tblaca009 WHERE pensum='5' AND c_uni_ca='3' AND c_asigna='311673' [1][0] OK
C:[03/12/2013 11:22:11.54][186.167.242.114][1613] SELECT par_cod_asig1,par_cod_asig2,par_cod_asig3 FROM tblaca009 WHERE pensum='5' AND c_uni_ca='3' AND c_asigna='312444' [1][0] OK
C:[03/12/2013 11:22:11.54][186.167.242.114][1613] SELECT par_cod_asig1,par_cod_asig2,par_cod_asig3 FROM tblaca009 WHERE pensum='5' AND c_uni_ca='3' AND c_asigna='315671' [1][0] OK
C:[03/12/2013 11:22:11.54][186.167.242.114][1613] SELECT par_cod_asig1,par_cod_asig2,par_cod_asig3 FROM tblaca009 WHERE pensum='5' AND c_uni_ca='3' AND c_asigna='314787' [1][0] OK
C:[03/12/2013 11:22:12.73][186.167.242.114][1684] SELECT c_asigna FROM tblaca009 WHERE pensum='5' AND c_uni_ca='3' AND ((par_cod_asig1='311655') OR (par_cod_asig2='311655') OR (par_cod_asig3='311655'))  [0][0] OK
C:[03/12/2013 11:22:42.36][186.167.242.114][1569] SELECT pre_cod_asig1,pre_cod_asig2,pre_cod_asig3,pre_cod_asig4,pre_cod_asig5,pre_cod_asig6,pre_cod_asig7 FROM tblaca009 WHERE pensum='5' AND c_uni_ca='3' AND c_asigna='311674' [1][0] OK
C:[03/12/2013 11:22:42.36][186.167.242.114][1582] SELECT c_asigna FROM dace004 WHERE exp_e='07-19703537' AND c_asigna='310548' AND status IN ('0','3','B') [1][0] OK
C:[03/12/2013 11:22:42.36][186.167.242.114][1582] SELECT c_asigna FROM dace004 WHERE exp_e='07-19703537' AND c_asigna='311551' AND status IN ('0','3','B') [1][0] OK
C:[03/12/2013 11:22:42.36][186.167.242.114][1582] SELECT c_asigna FROM dace004 WHERE exp_e='07-19703537' AND c_asigna='311320' AND status IN ('0','3','B') [1][0] OK
C:[03/12/2013 11:22:42.36][186.167.242.114][1569] SELECT pre_cod_asig1,pre_cod_asig2,pre_cod_asig3,pre_cod_asig4,pre_cod_asig5,pre_cod_asig6,pre_cod_asig7 FROM tblaca009 WHERE pensum='5' AND c_uni_ca='3' AND c_asigna='311673' [1][0] OK
C:[03/12/2013 11:22:42.36][186.167.242.114][1582] SELECT c_asigna FROM dace004 WHERE exp_e='07-19703537' AND c_asigna='311551' AND status IN ('0','3','B') [1][0] OK
C:[03/12/2013 11:22:42.36][186.167.242.114][1582] SELECT c_asigna FROM dace004 WHERE exp_e='07-19703537' AND c_asigna='311554' AND status IN ('0','3','B') [1][0] OK
C:[03/12/2013 11:22:42.36][186.167.242.114][1582] SELECT c_asigna FROM dace004 WHERE exp_e='07-19703537' AND c_asigna='311320' AND status IN ('0','3','B') [1][0] OK
C:[03/12/2013 11:22:42.36][186.167.242.114][1569] SELECT pre_cod_asig1,pre_cod_asig2,pre_cod_asig3,pre_cod_asig4,pre_cod_asig5,pre_cod_asig6,pre_cod_asig7 FROM tblaca009 WHERE pensum='5' AND c_uni_ca='3' AND c_asigna='312444' [1][0] OK
C:[03/12/2013 11:22:42.36][186.167.242.114][1582] SELECT c_asigna FROM dace004 WHERE exp_e='07-19703537' AND c_asigna='312333' AND status IN ('0','3','B') [1][0] OK
C:[03/12/2013 11:22:42.36][186.167.242.114][1569] SELECT pre_cod_asig1,pre_cod_asig2,pre_cod_asig3,pre_cod_asig4,pre_cod_asig5,pre_cod_asig6,pre_cod_asig7 FROM tblaca009 WHERE pensum='5' AND c_uni_ca='3' AND c_asigna='315671' [1][0] OK
C:[03/12/2013 11:22:42.36][186.167.242.114][1582] SELECT c_asigna FROM dace004 WHERE exp_e='07-19703537' AND c_asigna='315552' AND status IN ('0','3','B') [1][0] OK
C:[03/12/2013 11:22:42.36][186.167.242.114][1569] SELECT pre_cod_asig1,pre_cod_asig2,pre_cod_asig3,pre_cod_asig4,pre_cod_asig5,pre_cod_asig6,pre_cod_asig7 FROM tblaca009 WHERE pensum='5' AND c_uni_ca='3' AND c_asigna='314787' [1][0] OK
C:[03/12/2013 11:22:42.36][186.167.242.114][1582] SELECT c_asigna FROM dace004 WHERE exp_e='07-19703537' AND c_asigna='314662' AND status IN ('0','3','B') [1][0] OK
C:[03/12/2013 11:22:42.67][186.167.242.114][1613] SELECT par_cod_asig1,par_cod_asig2,par_cod_asig3 FROM tblaca009 WHERE pensum='5' AND c_uni_ca='3' AND c_asigna='311674' [1][0] OK
C:[03/12/2013 11:22:42.67][186.167.242.114][1613] SELECT par_cod_asig1,par_cod_asig2,par_cod_asig3 FROM tblaca009 WHERE pensum='5' AND c_uni_ca='3' AND c_asigna='311673' [1][0] OK
C:[03/12/2013 11:22:42.67][186.167.242.114][1613] SELECT par_cod_asig1,par_cod_asig2,par_cod_asig3 FROM tblaca009 WHERE pensum='5' AND c_uni_ca='3' AND c_asigna='312444' [1][0] OK
C:[03/12/2013 11:22:42.67][186.167.242.114][1613] SELECT par_cod_asig1,par_cod_asig2,par_cod_asig3 FROM tblaca009 WHERE pensum='5' AND c_uni_ca='3' AND c_asigna='315671' [1][0] OK
C:[03/12/2013 11:22:42.67][186.167.242.114][1613] SELECT par_cod_asig1,par_cod_asig2,par_cod_asig3 FROM tblaca009 WHERE pensum='5' AND c_uni_ca='3' AND c_asigna='314787' [1][0] OK
C:[03/12/2013 11:22:42.30][186.167.242.114][1684] SELECT c_asigna FROM tblaca009 WHERE pensum='5' AND c_uni_ca='3' AND ((par_cod_asig1='311655') OR (par_cod_asig2='311655') OR (par_cod_asig3='311655'))  [0][0] OK
C:[03/12/2013 11:40:29.33][201.248.68.101][1569] SELECT pre_cod_asig1,pre_cod_asig2,pre_cod_asig3,pre_cod_asig4,pre_cod_asig5,pre_cod_asig6,pre_cod_asig7 FROM tblaca009 WHERE pensum='5' AND c_uni_ca='5' AND c_asigna='355595' [1][0] OK
C:[03/12/2013 11:40:29.33][201.248.68.101][1582] SELECT c_asigna FROM dace004 WHERE exp_e='09-20507433' AND c_asigna='351451' AND status IN ('0','3','B') [1][0] OK
C:[03/12/2013 11:40:29.33][201.248.68.101][1582] SELECT c_asigna FROM dace004 WHERE exp_e='09-20507433' AND c_asigna='355350' AND status IN ('0','3','B') [1][0] OK
C:[03/12/2013 11:40:29.33][201.248.68.101][1582] SELECT c_asigna FROM dace004 WHERE exp_e='09-20507433' AND c_asigna='300318' AND status IN ('0','3','B') [1][0] OK
C:[03/12/2013 11:40:29.33][201.248.68.101][1569] SELECT pre_cod_asig1,pre_cod_asig2,pre_cod_asig3,pre_cod_asig4,pre_cod_asig5,pre_cod_asig6,pre_cod_asig7 FROM tblaca009 WHERE pensum='5' AND c_uni_ca='5' AND c_asigna='355691' [1][0] OK
C:[03/12/2013 11:40:29.33][201.248.68.101][1582] SELECT c_asigna FROM dace004 WHERE exp_e='09-20507433' AND c_asigna='355571' AND status IN ('0','3','B') [1][0] OK
C:[03/12/2013 11:40:29.33][201.248.68.101][1569] SELECT pre_cod_asig1,pre_cod_asig2,pre_cod_asig3,pre_cod_asig4,pre_cod_asig5,pre_cod_asig6,pre_cod_asig7 FROM tblaca009 WHERE pensum='5' AND c_uni_ca='5' AND c_asigna='355694' [1][0] OK
C:[03/12/2013 11:40:29.33][201.248.68.101][1582] SELECT c_asigna FROM dace004 WHERE exp_e='09-20507433' AND c_asigna='355572' AND status IN ('0','3','B') [1][0] OK
C:[03/12/2013 11:40:29.33][201.248.68.101][1582] SELECT c_asigna FROM dace004 WHERE exp_e='09-20507433' AND c_asigna='355571' AND status IN ('0','3','B') [1][0] OK
C:[03/12/2013 11:40:29.33][201.248.68.101][1569] SELECT pre_cod_asig1,pre_cod_asig2,pre_cod_asig3,pre_cod_asig4,pre_cod_asig5,pre_cod_asig6,pre_cod_asig7 FROM tblaca009 WHERE pensum='5' AND c_uni_ca='5' AND c_asigna='355725' [1][0] OK
C:[03/12/2013 11:40:29.33][201.248.68.101][1582] SELECT c_asigna FROM dace004 WHERE exp_e='09-20507433' AND c_asigna='355693' AND status IN ('0','3','B') [1][0] OK
C:[03/12/2013 11:40:29.33][201.248.68.101][1582] SELECT c_asigna FROM dace004 WHERE exp_e='09-20507433' AND c_asigna='355692' AND status IN ('0','3','B') [1][0] OK
C:[03/12/2013 11:40:29.33][201.248.68.101][1569] SELECT pre_cod_asig1,pre_cod_asig2,pre_cod_asig3,pre_cod_asig4,pre_cod_asig5,pre_cod_asig6,pre_cod_asig7 FROM tblaca009 WHERE pensum='5' AND c_uni_ca='5' AND c_asigna='355721' [1][0] OK
C:[03/12/2013 11:40:29.33][201.248.68.101][1582] SELECT c_asigna FROM dace004 WHERE exp_e='09-20507433' AND c_asigna='355693' AND status IN ('0','3','B') [1][0] OK
C:[03/12/2013 11:40:29.33][201.248.68.101][1582] SELECT c_asigna FROM dace004 WHERE exp_e='09-20507433' AND c_asigna='355696' AND status IN ('0','3','B') [1][0] OK
C:[03/12/2013 11:40:29.33][201.248.68.101][1569] SELECT pre_cod_asig1,pre_cod_asig2,pre_cod_asig3,pre_cod_asig4,pre_cod_asig5,pre_cod_asig6,pre_cod_asig7 FROM tblaca009 WHERE pensum='5' AND c_uni_ca='5' AND c_asigna='355724' [1][0] OK
C:[03/12/2013 11:40:29.33][201.248.68.101][1582] SELECT c_asigna FROM dace004 WHERE exp_e='09-20507433' AND c_asigna='355692' AND status IN ('0','3','B') [1][0] OK
C:[03/12/2013 11:40:29.02][201.248.68.101][1613] SELECT par_cod_asig1,par_cod_asig2,par_cod_asig3 FROM tblaca009 WHERE pensum='5' AND c_uni_ca='5' AND c_asigna='355595' [1][0] OK
C:[03/12/2013 11:40:29.02][201.248.68.101][1613] SELECT par_cod_asig1,par_cod_asig2,par_cod_asig3 FROM tblaca009 WHERE pensum='5' AND c_uni_ca='5' AND c_asigna='355691' [1][0] OK
C:[03/12/2013 11:40:29.02][201.248.68.101][1613] SELECT par_cod_asig1,par_cod_asig2,par_cod_asig3 FROM tblaca009 WHERE pensum='5' AND c_uni_ca='5' AND c_asigna='355694' [1][0] OK
C:[03/12/2013 11:40:29.02][201.248.68.101][1613] SELECT par_cod_asig1,par_cod_asig2,par_cod_asig3 FROM tblaca009 WHERE pensum='5' AND c_uni_ca='5' AND c_asigna='355725' [1][0] OK
C:[03/12/2013 11:40:29.02][201.248.68.101][1613] SELECT par_cod_asig1,par_cod_asig2,par_cod_asig3 FROM tblaca009 WHERE pensum='5' AND c_uni_ca='5' AND c_asigna='355721' [1][0] OK
C:[03/12/2013 11:40:29.02][201.248.68.101][1613] SELECT par_cod_asig1,par_cod_asig2,par_cod_asig3 FROM tblaca009 WHERE pensum='5' AND c_uni_ca='5' AND c_asigna='355724' [1][0] OK
C:[03/12/2013 11:40:29.77][201.248.68.101][1684] SELECT c_asigna FROM tblaca009 WHERE pensum='5' AND c_uni_ca='5' AND ((par_cod_asig1='355720') OR (par_cod_asig2='355720') OR (par_cod_asig3='355720'))  [0][0] OK
C:[03/12/2013 16:57:57.74][172.16.4.247][1569] SELECT pre_cod_asig1,pre_cod_asig2,pre_cod_asig3,pre_cod_asig4,pre_cod_asig5,pre_cod_asig6,pre_cod_asig7 FROM tblaca009 WHERE pensum='5' AND c_uni_ca='3' AND c_asigna='312444' [1][0] OK
C:[03/12/2013 16:57:57.74][172.16.4.247][1582] SELECT c_asigna FROM dace004 WHERE exp_e='08-20503487' AND c_asigna='312333' AND status IN ('0','3','B') [1][0] OK
C:[03/12/2013 16:57:57.74][172.16.4.247][1569] SELECT pre_cod_asig1,pre_cod_asig2,pre_cod_asig3,pre_cod_asig4,pre_cod_asig5,pre_cod_asig6,pre_cod_asig7 FROM tblaca009 WHERE pensum='5' AND c_uni_ca='3' AND c_asigna='300422' [1][0] OK
C:[03/12/2013 16:57:57.74][172.16.4.247][1582] SELECT c_asigna FROM dace004 WHERE exp_e='08-20503487' AND c_asigna='300105' AND status IN ('0','3','B') [1][0] OK
C:[03/12/2013 16:57:57.74][172.16.4.247][1582] SELECT c_asigna FROM dace004 WHERE exp_e='08-20503487' AND c_asigna='300314' AND status IN ('0','3','B') [1][0] OK
C:[03/12/2013 16:57:57.74][172.16.4.247][1569] SELECT pre_cod_asig1,pre_cod_asig2,pre_cod_asig3,pre_cod_asig4,pre_cod_asig5,pre_cod_asig6,pre_cod_asig7 FROM tblaca009 WHERE pensum='5' AND c_uni_ca='3' AND c_asigna='314662' [1][0] OK
C:[03/12/2013 16:57:57.74][172.16.4.247][1582] SELECT c_asigna FROM dace004 WHERE exp_e='08-20503487' AND c_asigna='311552' AND status IN ('0','3','B') [1][0] OK
C:[03/12/2013 16:57:57.74][172.16.4.247][1569] SELECT pre_cod_asig1,pre_cod_asig2,pre_cod_asig3,pre_cod_asig4,pre_cod_asig5,pre_cod_asig6,pre_cod_asig7 FROM tblaca009 WHERE pensum='5' AND c_uni_ca='3' AND c_asigna='311434' [1][0] OK
C:[03/12/2013 16:57:57.74][172.16.4.247][1582] SELECT c_asigna FROM dace004 WHERE exp_e='08-20503487' AND c_asigna='300222' AND status IN ('0','3','B') [1][0] OK
C:[03/12/2013 16:57:57.74][172.16.4.247][1582] SELECT c_asigna FROM dace004 WHERE exp_e='08-20503487' AND c_asigna='300226' AND status IN ('0','3','B') [1][0] OK
C:[03/12/2013 16:57:57.74][172.16.4.247][1582] SELECT c_asigna FROM dace004 WHERE exp_e='08-20503487' AND c_asigna='300209' AND status IN ('0','3','B') [1][0] OK
C:[03/12/2013 16:57:57.74][172.16.4.247][1569] SELECT pre_cod_asig1,pre_cod_asig2,pre_cod_asig3,pre_cod_asig4,pre_cod_asig5,pre_cod_asig6,pre_cod_asig7 FROM tblaca009 WHERE pensum='5' AND c_uni_ca='3' AND c_asigna='300313' [1][0] OK
C:[03/12/2013 16:57:57.74][172.16.4.247][1582] SELECT c_asigna FROM dace004 WHERE exp_e='08-20503487' AND c_asigna='300213' AND status IN ('0','3','B') [1][0] OK
C:[03/12/2013 16:57:57.74][172.16.4.247][1582] SELECT c_asigna FROM dace004 WHERE exp_e='08-20503487' AND c_asigna='300226' AND status IN ('0','3','B') [1][0] OK
C:[03/12/2013 16:57:57.74][172.16.4.247][1582] SELECT c_asigna FROM dace004 WHERE exp_e='08-20503487' AND c_asigna='300222' AND status IN ('0','3','B') [1][0] OK
C:[03/12/2013 16:57:57.74][172.16.4.247][1582] SELECT c_asigna FROM dace004 WHERE exp_e='08-20503487' AND c_asigna='300209' AND status IN ('0','3','B') [1][0] OK
C:[03/12/2013 16:57:57.43][172.16.4.247][1613] SELECT par_cod_asig1,par_cod_asig2,par_cod_asig3 FROM tblaca009 WHERE pensum='5' AND c_uni_ca='3' AND c_asigna='312444' [1][0] OK
C:[03/12/2013 16:57:57.43][172.16.4.247][1613] SELECT par_cod_asig1,par_cod_asig2,par_cod_asig3 FROM tblaca009 WHERE pensum='5' AND c_uni_ca='3' AND c_asigna='300422' [1][0] OK
C:[03/12/2013 16:57:57.43][172.16.4.247][1613] SELECT par_cod_asig1,par_cod_asig2,par_cod_asig3 FROM tblaca009 WHERE pensum='5' AND c_uni_ca='3' AND c_asigna='314662' [1][0] OK
C:[03/12/2013 16:57:57.43][172.16.4.247][1613] SELECT par_cod_asig1,par_cod_asig2,par_cod_asig3 FROM tblaca009 WHERE pensum='5' AND c_uni_ca='3' AND c_asigna='311434' [1][0] OK
C:[03/12/2013 16:57:57.43][172.16.4.247][1627] SELECT c_asigna FROM dace004 WHERE exp_e='08-20503487' AND c_asigna='311431' AND status IN ('0','3','B','C') [1][0] OK
C:[03/12/2013 16:57:57.43][172.16.4.247][1613] SELECT par_cod_asig1,par_cod_asig2,par_cod_asig3 FROM tblaca009 WHERE pensum='5' AND c_uni_ca='3' AND c_asigna='300313' [1][0] OK
C:[03/12/2013 16:59:47.09][172.16.4.247][1569] SELECT pre_cod_asig1,pre_cod_asig2,pre_cod_asig3,pre_cod_asig4,pre_cod_asig5,pre_cod_asig6,pre_cod_asig7 FROM tblaca009 WHERE pensum='5' AND c_uni_ca='3' AND c_asigna='312444' [1][0] OK
C:[03/12/2013 16:59:47.09][172.16.4.247][1582] SELECT c_asigna FROM dace004 WHERE exp_e='11-23611912' AND c_asigna='312333' AND status IN ('0','3','B') [1][0] OK
C:[03/12/2013 16:59:47.09][172.16.4.247][1569] SELECT pre_cod_asig1,pre_cod_asig2,pre_cod_asig3,pre_cod_asig4,pre_cod_asig5,pre_cod_asig6,pre_cod_asig7 FROM tblaca009 WHERE pensum='5' AND c_uni_ca='3' AND c_asigna='314662' [1][0] OK
C:[03/12/2013 16:59:47.09][172.16.4.247][1582] SELECT c_asigna FROM dace004 WHERE exp_e='11-23611912' AND c_asigna='311552' AND status IN ('0','3','B') [1][0] OK
C:[03/12/2013 16:59:47.09][172.16.4.247][1569] SELECT pre_cod_asig1,pre_cod_asig2,pre_cod_asig3,pre_cod_asig4,pre_cod_asig5,pre_cod_asig6,pre_cod_asig7 FROM tblaca009 WHERE pensum='5' AND c_uni_ca='3' AND c_asigna='300422' [1][0] OK
C:[03/12/2013 16:59:47.09][172.16.4.247][1582] SELECT c_asigna FROM dace004 WHERE exp_e='11-23611912' AND c_asigna='300105' AND status IN ('0','3','B') [1][0] OK
C:[03/12/2013 16:59:47.09][172.16.4.247][1582] SELECT c_asigna FROM dace004 WHERE exp_e='11-23611912' AND c_asigna='300314' AND status IN ('0','3','B') [1][0] OK
C:[03/12/2013 16:59:47.09][172.16.4.247][1569] SELECT pre_cod_asig1,pre_cod_asig2,pre_cod_asig3,pre_cod_asig4,pre_cod_asig5,pre_cod_asig6,pre_cod_asig7 FROM tblaca009 WHERE pensum='5' AND c_uni_ca='3' AND c_asigna='310548' [1][0] OK
C:[03/12/2013 16:59:47.09][172.16.4.247][1582] SELECT c_asigna FROM dace004 WHERE exp_e='11-23611912' AND c_asigna='300428' AND status IN ('0','3','B') [1][0] OK
C:[03/12/2013 16:59:47.09][172.16.4.247][1582] SELECT c_asigna FROM dace004 WHERE exp_e='11-23611912' AND c_asigna='300313' AND status IN ('0','3','B') [1][0] OK
C:[03/12/2013 16:59:47.09][172.16.4.247][1582] SELECT c_asigna FROM dace004 WHERE exp_e='11-23611912' AND c_asigna='300222' AND status IN ('0','3','B') [1][0] OK
C:[03/12/2013 16:59:47.09][172.16.4.247][1582] SELECT c_asigna FROM dace004 WHERE exp_e='11-23611912' AND c_asigna='300226' AND status IN ('0','3','B') [1][0] OK
C:[03/12/2013 16:59:47.09][172.16.4.247][1582] SELECT c_asigna FROM dace004 WHERE exp_e='11-23611912' AND c_asigna='300209' AND status IN ('0','3','B') [1][0] OK
C:[03/12/2013 16:59:47.09][172.16.4.247][1569] SELECT pre_cod_asig1,pre_cod_asig2,pre_cod_asig3,pre_cod_asig4,pre_cod_asig5,pre_cod_asig6,pre_cod_asig7 FROM tblaca009 WHERE pensum='5' AND c_uni_ca='3' AND c_asigna='311551' [1][0] OK
C:[03/12/2013 16:59:47.09][172.16.4.247][1582] SELECT c_asigna FROM dace004 WHERE exp_e='11-23611912' AND c_asigna='311430' AND status IN ('0','3','B') [1][0] OK
C:[03/12/2013 16:59:47.09][172.16.4.247][1582] SELECT c_asigna FROM dace004 WHERE exp_e='11-23611912' AND c_asigna='311431' AND status IN ('0','3','B') [1][0] OK
C:[03/12/2013 16:59:47.09][172.16.4.247][1582] SELECT c_asigna FROM dace004 WHERE exp_e='11-23611912' AND c_asigna='300222' AND status IN ('0','3','B') [1][0] OK
C:[03/12/2013 16:59:47.09][172.16.4.247][1582] SELECT c_asigna FROM dace004 WHERE exp_e='11-23611912' AND c_asigna='300226' AND status IN ('0','3','B') [1][0] OK
C:[03/12/2013 16:59:47.09][172.16.4.247][1582] SELECT c_asigna FROM dace004 WHERE exp_e='11-23611912' AND c_asigna='300209' AND status IN ('0','3','B') [1][0] OK
C:[03/12/2013 16:59:47.09][172.16.4.247][1582] SELECT c_asigna FROM dace004 WHERE exp_e='11-23611912' AND c_asigna='311320' AND status IN ('0','3','B') [1][0] OK
C:[03/12/2013 16:59:47.09][172.16.4.247][1569] SELECT pre_cod_asig1,pre_cod_asig2,pre_cod_asig3,pre_cod_asig4,pre_cod_asig5,pre_cod_asig6,pre_cod_asig7 FROM tblaca009 WHERE pensum='5' AND c_uni_ca='3' AND c_asigna='311554' [1][0] OK
C:[03/12/2013 16:59:47.09][172.16.4.247][1582] SELECT c_asigna FROM dace004 WHERE exp_e='11-23611912' AND c_asigna='300318' AND status IN ('0','3','B') [1][0] OK
C:[03/12/2013 16:59:47.09][172.16.4.247][1582] SELECT c_asigna FROM dace004 WHERE exp_e='11-23611912' AND c_asigna='300428' AND status IN ('0','3','B') [1][0] OK
C:[03/12/2013 16:59:47.09][172.16.4.247][1569] SELECT pre_cod_asig1,pre_cod_asig2,pre_cod_asig3,pre_cod_asig4,pre_cod_asig5,pre_cod_asig6,pre_cod_asig7 FROM tblaca009 WHERE pensum='5' AND c_uni_ca='3' AND c_asigna='311556' [1][0] OK
C:[03/12/2013 16:59:47.09][172.16.4.247][1582] SELECT c_asigna FROM dace004 WHERE exp_e='11-23611912' AND c_asigna='311434' AND status IN ('0','3','B') [1][0] OK
C:[03/12/2013 16:59:47.09][172.16.4.247][1582] SELECT c_asigna FROM dace004 WHERE exp_e='11-23611912' AND c_asigna='311430' AND status IN ('0','3','B') [1][0] OK
C:[03/12/2013 16:59:47.09][172.16.4.247][1582] SELECT c_asigna FROM dace004 WHERE exp_e='11-23611912' AND c_asigna='300222' AND status IN ('0','3','B') [1][0] OK
C:[03/12/2013 16:59:47.09][172.16.4.247][1582] SELECT c_asigna FROM dace004 WHERE exp_e='11-23611912' AND c_asigna='300226' AND status IN ('0','3','B') [1][0] OK
C:[03/12/2013 16:59:47.09][172.16.4.247][1582] SELECT c_asigna FROM dace004 WHERE exp_e='11-23611912' AND c_asigna='300209' AND status IN ('0','3','B') [1][0] OK
C:[03/12/2013 16:59:47.09][172.16.4.247][1569] SELECT pre_cod_asig1,pre_cod_asig2,pre_cod_asig3,pre_cod_asig4,pre_cod_asig5,pre_cod_asig6,pre_cod_asig7 FROM tblaca009 WHERE pensum='5' AND c_uni_ca='3' AND c_asigna='315552' [1][0] OK
C:[03/12/2013 16:59:47.09][172.16.4.247][1582] SELECT c_asigna FROM dace004 WHERE exp_e='11-23611912' AND c_asigna='311430' AND status IN ('0','3','B') [1][0] OK
C:[03/12/2013 16:59:47.09][172.16.4.247][1582] SELECT c_asigna FROM dace004 WHERE exp_e='11-23611912' AND c_asigna='300222' AND status IN ('0','3','B') [1][0] OK
C:[03/12/2013 16:59:47.09][172.16.4.247][1582] SELECT c_asigna FROM dace004 WHERE exp_e='11-23611912' AND c_asigna='300226' AND status IN ('0','3','B') [1][0] OK
C:[03/12/2013 16:59:47.09][172.16.4.247][1582] SELECT c_asigna FROM dace004 WHERE exp_e='11-23611912' AND c_asigna='300209' AND status IN ('0','3','B') [1][0] OK
C:[03/12/2013 16:59:48.90][172.16.4.247][1613] SELECT par_cod_asig1,par_cod_asig2,par_cod_asig3 FROM tblaca009 WHERE pensum='5' AND c_uni_ca='3' AND c_asigna='312444' [1][0] OK
C:[03/12/2013 16:59:48.90][172.16.4.247][1613] SELECT par_cod_asig1,par_cod_asig2,par_cod_asig3 FROM tblaca009 WHERE pensum='5' AND c_uni_ca='3' AND c_asigna='314662' [1][0] OK
C:[03/12/2013 16:59:48.90][172.16.4.247][1613] SELECT par_cod_asig1,par_cod_asig2,par_cod_asig3 FROM tblaca009 WHERE pensum='5' AND c_uni_ca='3' AND c_asigna='300422' [1][0] OK
C:[03/12/2013 16:59:48.90][172.16.4.247][1613] SELECT par_cod_asig1,par_cod_asig2,par_cod_asig3 FROM tblaca009 WHERE pensum='5' AND c_uni_ca='3' AND c_asigna='310548' [1][0] OK
C:[03/12/2013 16:59:48.90][172.16.4.247][1613] SELECT par_cod_asig1,par_cod_asig2,par_cod_asig3 FROM tblaca009 WHERE pensum='5' AND c_uni_ca='3' AND c_asigna='311551' [1][0] OK
C:[03/12/2013 16:59:48.90][172.16.4.247][1613] SELECT par_cod_asig1,par_cod_asig2,par_cod_asig3 FROM tblaca009 WHERE pensum='5' AND c_uni_ca='3' AND c_asigna='311554' [1][0] OK
C:[03/12/2013 16:59:48.90][172.16.4.247][1613] SELECT par_cod_asig1,par_cod_asig2,par_cod_asig3 FROM tblaca009 WHERE pensum='5' AND c_uni_ca='3' AND c_asigna='311556' [1][0] OK
C:[03/12/2013 16:59:48.90][172.16.4.247][1627] SELECT c_asigna FROM dace004 WHERE exp_e='11-23611912' AND c_asigna='311551' AND status IN ('0','3','B','C') [0][0] OK
C:[03/12/2013 16:59:48.90][172.16.4.247][1613] SELECT par_cod_asig1,par_cod_asig2,par_cod_asig3 FROM tblaca009 WHERE pensum='5' AND c_uni_ca='3' AND c_asigna='315552' [1][0] OK
C:[03/12/2013 18:37:00.76][190.198.134.248][1569] SELECT pre_cod_asig1,pre_cod_asig2,pre_cod_asig3,pre_cod_asig4,pre_cod_asig5,pre_cod_asig6,pre_cod_asig7 FROM tblaca009 WHERE pensum='5' AND c_uni_ca='2' AND c_asigna='300226' [1][0] OK
C:[03/12/2013 18:37:00.76][190.198.134.248][1582] SELECT c_asigna FROM dace004 WHERE exp_e='10-21498043' AND c_asigna='300116' AND status IN ('0','3','B') [1][0] OK
C:[03/12/2013 18:37:00.76][190.198.134.248][1569] SELECT pre_cod_asig1,pre_cod_asig2,pre_cod_asig3,pre_cod_asig4,pre_cod_asig5,pre_cod_asig6,pre_cod_asig7 FROM tblaca009 WHERE pensum='5' AND c_uni_ca='2' AND c_asigna='300422' [1][0] OK
C:[03/12/2013 18:37:00.76][190.198.134.248][1582] SELECT c_asigna FROM dace004 WHERE exp_e='10-21498043' AND c_asigna='300105' AND status IN ('0','3','B') [1][0] OK
C:[03/12/2013 18:37:00.76][190.198.134.248][1582] SELECT c_asigna FROM dace004 WHERE exp_e='10-21498043' AND c_asigna='300314' AND status IN ('0','3','B') [1][0] OK
C:[03/12/2013 18:37:00.76][190.198.134.248][1569] SELECT pre_cod_asig1,pre_cod_asig2,pre_cod_asig3,pre_cod_asig4,pre_cod_asig5,pre_cod_asig6,pre_cod_asig7 FROM tblaca009 WHERE pensum='5' AND c_uni_ca='2' AND c_asigna='300428' [1][0] OK
C:[03/12/2013 18:37:00.76][190.198.134.248][1582] SELECT c_asigna FROM dace004 WHERE exp_e='10-21498043' AND c_asigna='300317' AND status IN ('0','3','B') [1][0] OK
C:[03/12/2013 18:37:00.76][190.198.134.248][1582] SELECT c_asigna FROM dace004 WHERE exp_e='10-21498043' AND c_asigna='300209' AND status IN ('0','3','B') [1][0] OK
C:[03/12/2013 18:37:00.76][190.198.134.248][1569] SELECT pre_cod_asig1,pre_cod_asig2,pre_cod_asig3,pre_cod_asig4,pre_cod_asig5,pre_cod_asig6,pre_cod_asig7 FROM tblaca009 WHERE pensum='5' AND c_uni_ca='2' AND c_asigna='322433' [1][0] OK
C:[03/12/2013 18:37:00.76][190.198.134.248][1582] SELECT c_asigna FROM dace004 WHERE exp_e='10-21498043' AND c_asigna='320323' AND status IN ('0','3','B') [1][0] OK
C:[03/12/2013 18:37:00.76][190.198.134.248][1582] SELECT c_asigna FROM dace004 WHERE exp_e='10-21498043' AND c_asigna='300209' AND status IN ('0','3','B') [1][0] OK
C:[03/12/2013 18:37:00.26][190.198.134.248][1613] SELECT par_cod_asig1,par_cod_asig2,par_cod_asig3 FROM tblaca009 WHERE pensum='5' AND c_uni_ca='2' AND c_asigna='300226' [1][0] OK
C:[03/12/2013 18:37:00.26][190.198.134.248][1613] SELECT par_cod_asig1,par_cod_asig2,par_cod_asig3 FROM tblaca009 WHERE pensum='5' AND c_uni_ca='2' AND c_asigna='300422' [1][0] OK
C:[03/12/2013 18:37:00.26][190.198.134.248][1613] SELECT par_cod_asig1,par_cod_asig2,par_cod_asig3 FROM tblaca009 WHERE pensum='5' AND c_uni_ca='2' AND c_asigna='300428' [1][0] OK
C:[03/12/2013 18:37:00.26][190.198.134.248][1613] SELECT par_cod_asig1,par_cod_asig2,par_cod_asig3 FROM tblaca009 WHERE pensum='5' AND c_uni_ca='2' AND c_asigna='322433' [1][0] OK
C:[03/12/2013 18:37:00.78][190.198.134.248][1684] SELECT c_asigna FROM tblaca009 WHERE pensum='5' AND c_uni_ca='2' AND ((par_cod_asig1='323528') OR (par_cod_asig2='323528') OR (par_cod_asig3='323528'))  [1][0] OK
C:[03/12/2013 18:37:00.78][190.198.134.248][1696] SELECT c_asigna FROM dace004 WHERE exp_e='10-21498043' AND c_asigna='322560' AND status IN ('0','3','B') [0][0] OK
C:[03/12/2013 18:47:50.10][190.199.71.197][1569] SELECT pre_cod_asig1,pre_cod_asig2,pre_cod_asig3,pre_cod_asig4,pre_cod_asig5,pre_cod_asig6,pre_cod_asig7 FROM tblaca009 WHERE pensum='5' AND c_uni_ca='5' AND c_asigna='300313' [1][0] OK
C:[03/12/2013 18:47:50.10][190.199.71.197][1582] SELECT c_asigna FROM dace004 WHERE exp_e='12-24559678' AND c_asigna='300213' AND status IN ('0','3','B') [1][0] OK
C:[03/12/2013 18:47:50.10][190.199.71.197][1582] SELECT c_asigna FROM dace004 WHERE exp_e='12-24559678' AND c_asigna='300226' AND status IN ('0','3','B') [1][0] OK
C:[03/12/2013 18:47:50.10][190.199.71.197][1582] SELECT c_asigna FROM dace004 WHERE exp_e='12-24559678' AND c_asigna='300222' AND status IN ('0','3','B') [1][0] OK
C:[03/12/2013 18:47:50.10][190.199.71.197][1582] SELECT c_asigna FROM dace004 WHERE exp_e='12-24559678' AND c_asigna='300209' AND status IN ('0','3','B') [1][0] OK
C:[03/12/2013 18:47:50.10][190.199.71.197][1569] SELECT pre_cod_asig1,pre_cod_asig2,pre_cod_asig3,pre_cod_asig4,pre_cod_asig5,pre_cod_asig6,pre_cod_asig7 FROM tblaca009 WHERE pensum='5' AND c_uni_ca='5' AND c_asigna='300207' [1][0] OK
C:[03/12/2013 18:47:50.10][190.199.71.197][1582] SELECT c_asigna FROM dace004 WHERE exp_e='12-24559678' AND c_asigna='300101' AND status IN ('0','3','B') [1][0] OK
C:[03/12/2013 18:47:51.55][190.199.71.197][1613] SELECT par_cod_asig1,par_cod_asig2,par_cod_asig3 FROM tblaca009 WHERE pensum='5' AND c_uni_ca='5' AND c_asigna='300313' [1][0] OK
C:[03/12/2013 18:47:51.55][190.199.71.197][1613] SELECT par_cod_asig1,par_cod_asig2,par_cod_asig3 FROM tblaca009 WHERE pensum='5' AND c_uni_ca='5' AND c_asigna='300207' [1][0] OK
C:[03/12/2013 20:09:56.16][200.84.65.208][1569] SELECT pre_cod_asig1,pre_cod_asig2,pre_cod_asig3,pre_cod_asig4,pre_cod_asig5,pre_cod_asig6,pre_cod_asig7 FROM tblaca009 WHERE pensum='5' AND c_uni_ca='6' AND c_asigna='342444' [1][0] OK
C:[03/12/2013 20:09:56.16][200.84.65.208][1582] SELECT c_asigna FROM dace004 WHERE exp_e='09-20495480' AND c_asigna='340323' AND status IN ('0','3','B') [1][0] OK
C:[03/12/2013 20:09:56.16][200.84.65.208][1569] SELECT pre_cod_asig1,pre_cod_asig2,pre_cod_asig3,pre_cod_asig4,pre_cod_asig5,pre_cod_asig6,pre_cod_asig7 FROM tblaca009 WHERE pensum='5' AND c_uni_ca='6' AND c_asigna='311561' [1][0] OK
C:[03/12/2013 20:09:56.16][200.84.65.208][1582] SELECT c_asigna FROM dace004 WHERE exp_e='09-20495480' AND c_asigna='300318' AND status IN ('0','3','B') [1][0] OK
C:[03/12/2013 20:09:56.16][200.84.65.208][1569] SELECT pre_cod_asig1,pre_cod_asig2,pre_cod_asig3,pre_cod_asig4,pre_cod_asig5,pre_cod_asig6,pre_cod_asig7 FROM tblaca009 WHERE pensum='5' AND c_uni_ca='6' AND c_asigna='342436' [1][0] OK
C:[03/12/2013 20:09:56.16][200.84.65.208][1582] SELECT c_asigna FROM dace004 WHERE exp_e='09-20495480' AND c_asigna='300318' AND status IN ('0','3','B') [1][0] OK
C:[03/12/2013 20:09:56.16][200.84.65.208][1582] SELECT c_asigna FROM dace004 WHERE exp_e='09-20495480' AND c_asigna='300317' AND status IN ('0','3','B') [1][0] OK
C:[03/12/2013 20:09:56.16][200.84.65.208][1569] SELECT pre_cod_asig1,pre_cod_asig2,pre_cod_asig3,pre_cod_asig4,pre_cod_asig5,pre_cod_asig6,pre_cod_asig7 FROM tblaca009 WHERE pensum='5' AND c_uni_ca='6' AND c_asigna='300226' [1][0] OK
C:[03/12/2013 20:09:56.16][200.84.65.208][1582] SELECT c_asigna FROM dace004 WHERE exp_e='09-20495480' AND c_asigna='300116' AND status IN ('0','3','B') [1][0] OK
C:[03/12/2013 20:09:56.16][200.84.65.208][1569] SELECT pre_cod_asig1,pre_cod_asig2,pre_cod_asig3,pre_cod_asig4,pre_cod_asig5,pre_cod_asig6,pre_cod_asig7 FROM tblaca009 WHERE pensum='5' AND c_uni_ca='6' AND c_asigna='344445' [1][0] OK
C:[03/12/2013 20:09:56.16][200.84.65.208][1569] SELECT pre_cod_asig1,pre_cod_asig2,pre_cod_asig3,pre_cod_asig4,pre_cod_asig5,pre_cod_asig6,pre_cod_asig7 FROM tblaca009 WHERE pensum='5' AND c_uni_ca='6' AND c_asigna='300422' [1][0] OK
C:[03/12/2013 20:09:56.16][200.84.65.208][1582] SELECT c_asigna FROM dace004 WHERE exp_e='09-20495480' AND c_asigna='300105' AND status IN ('0','3','B') [1][0] OK
C:[03/12/2013 20:09:56.16][200.84.65.208][1582] SELECT c_asigna FROM dace004 WHERE exp_e='09-20495480' AND c_asigna='300314' AND status IN ('0','3','B') [1][0] OK
C:[03/12/2013 20:09:57.36][200.84.65.208][1613] SELECT par_cod_asig1,par_cod_asig2,par_cod_asig3 FROM tblaca009 WHERE pensum='5' AND c_uni_ca='6' AND c_asigna='342444' [1][0] OK
C:[03/12/2013 20:09:57.36][200.84.65.208][1613] SELECT par_cod_asig1,par_cod_asig2,par_cod_asig3 FROM tblaca009 WHERE pensum='5' AND c_uni_ca='6' AND c_asigna='311561' [1][0] OK
C:[03/12/2013 20:09:57.36][200.84.65.208][1613] SELECT par_cod_asig1,par_cod_asig2,par_cod_asig3 FROM tblaca009 WHERE pensum='5' AND c_uni_ca='6' AND c_asigna='342436' [1][0] OK
C:[03/12/2013 20:09:57.36][200.84.65.208][1613] SELECT par_cod_asig1,par_cod_asig2,par_cod_asig3 FROM tblaca009 WHERE pensum='5' AND c_uni_ca='6' AND c_asigna='300226' [1][0] OK
C:[03/12/2013 20:09:57.36][200.84.65.208][1613] SELECT par_cod_asig1,par_cod_asig2,par_cod_asig3 FROM tblaca009 WHERE pensum='5' AND c_uni_ca='6' AND c_asigna='344445' [1][0] OK
C:[03/12/2013 20:09:57.36][200.84.65.208][1613] SELECT par_cod_asig1,par_cod_asig2,par_cod_asig3 FROM tblaca009 WHERE pensum='5' AND c_uni_ca='6' AND c_asigna='300422' [1][0] OK
C:[03/12/2013 21:21:00.61][199.68.218.113][1569] SELECT pre_cod_asig1,pre_cod_asig2,pre_cod_asig3,pre_cod_asig4,pre_cod_asig5,pre_cod_asig6,pre_cod_asig7 FROM tblaca009 WHERE pensum='5' AND c_uni_ca='3' AND c_asigna='300428' [1][0] OK
C:[03/12/2013 21:21:00.61][199.68.218.113][1582] SELECT c_asigna FROM dace004 WHERE exp_e='11-25084797' AND c_asigna='300317' AND status IN ('0','3','B') [1][0] OK
C:[03/12/2013 21:21:00.61][199.68.218.113][1582] SELECT c_asigna FROM dace004 WHERE exp_e='11-25084797' AND c_asigna='300209' AND status IN ('0','3','B') [1][0] OK
C:[03/12/2013 21:21:00.61][199.68.218.113][1569] SELECT pre_cod_asig1,pre_cod_asig2,pre_cod_asig3,pre_cod_asig4,pre_cod_asig5,pre_cod_asig6,pre_cod_asig7 FROM tblaca009 WHERE pensum='5' AND c_uni_ca='3' AND c_asigna='312444' [1][0] OK
C:[03/12/2013 21:21:00.61][199.68.218.113][1582] SELECT c_asigna FROM dace004 WHERE exp_e='11-25084797' AND c_asigna='312333' AND status IN ('0','3','B') [1][0] OK
C:[03/12/2013 21:21:00.61][199.68.218.113][1569] SELECT pre_cod_asig1,pre_cod_asig2,pre_cod_asig3,pre_cod_asig4,pre_cod_asig5,pre_cod_asig6,pre_cod_asig7 FROM tblaca009 WHERE pensum='5' AND c_uni_ca='3' AND c_asigna='311552' [1][0] OK
C:[03/12/2013 21:21:00.61][199.68.218.113][1582] SELECT c_asigna FROM dace004 WHERE exp_e='11-25084797' AND c_asigna='300317' AND status IN ('0','3','B') [1][0] OK
C:[03/12/2013 21:21:00.61][199.68.218.113][1582] SELECT c_asigna FROM dace004 WHERE exp_e='11-25084797' AND c_asigna='300209' AND status IN ('0','3','B') [1][0] OK
C:[03/12/2013 21:21:00.61][199.68.218.113][1569] SELECT pre_cod_asig1,pre_cod_asig2,pre_cod_asig3,pre_cod_asig4,pre_cod_asig5,pre_cod_asig6,pre_cod_asig7 FROM tblaca009 WHERE pensum='5' AND c_uni_ca='3' AND c_asigna='300313' [1][0] OK
C:[03/12/2013 21:21:00.61][199.68.218.113][1582] SELECT c_asigna FROM dace004 WHERE exp_e='11-25084797' AND c_asigna='300213' AND status IN ('0','3','B') [1][0] OK
C:[03/12/2013 21:21:00.61][199.68.218.113][1582] SELECT c_asigna FROM dace004 WHERE exp_e='11-25084797' AND c_asigna='300226' AND status IN ('0','3','B') [1][0] OK
C:[03/12/2013 21:21:00.61][199.68.218.113][1582] SELECT c_asigna FROM dace004 WHERE exp_e='11-25084797' AND c_asigna='300222' AND status IN ('0','3','B') [1][0] OK
C:[03/12/2013 21:21:00.61][199.68.218.113][1582] SELECT c_asigna FROM dace004 WHERE exp_e='11-25084797' AND c_asigna='300209' AND status IN ('0','3','B') [1][0] OK
C:[03/12/2013 21:21:01.79][199.68.218.113][1613] SELECT par_cod_asig1,par_cod_asig2,par_cod_asig3 FROM tblaca009 WHERE pensum='5' AND c_uni_ca='3' AND c_asigna='300428' [1][0] OK
C:[03/12/2013 21:21:01.79][199.68.218.113][1613] SELECT par_cod_asig1,par_cod_asig2,par_cod_asig3 FROM tblaca009 WHERE pensum='5' AND c_uni_ca='3' AND c_asigna='312444' [1][0] OK
C:[03/12/2013 21:21:01.79][199.68.218.113][1613] SELECT par_cod_asig1,par_cod_asig2,par_cod_asig3 FROM tblaca009 WHERE pensum='5' AND c_uni_ca='3' AND c_asigna='311552' [1][0] OK
C:[03/12/2013 21:21:01.79][199.68.218.113][1613] SELECT par_cod_asig1,par_cod_asig2,par_cod_asig3 FROM tblaca009 WHERE pensum='5' AND c_uni_ca='3' AND c_asigna='300313' [1][0] OK
C:[04/12/2013 08:33:05.70][172.16.4.247][1569] SELECT pre_cod_asig1,pre_cod_asig2,pre_cod_asig3,pre_cod_asig4,pre_cod_asig5,pre_cod_asig6,pre_cod_asig7 FROM tblaca009 WHERE pensum='5' AND c_uni_ca='6' AND c_asigna='300113' [1][0] OK
C:[04/12/2013 08:33:05.70][172.16.4.247][1569] SELECT pre_cod_asig1,pre_cod_asig2,pre_cod_asig3,pre_cod_asig4,pre_cod_asig5,pre_cod_asig6,pre_cod_asig7 FROM tblaca009 WHERE pensum='5' AND c_uni_ca='6' AND c_asigna='300314' [1][0] OK
C:[04/12/2013 08:33:05.70][172.16.4.247][1582] SELECT c_asigna FROM dace004 WHERE exp_e='07-19420635' AND c_asigna='300106' AND status IN ('0','3','B') [1][0] OK
C:[04/12/2013 08:33:05.70][172.16.4.247][1569] SELECT pre_cod_asig1,pre_cod_asig2,pre_cod_asig3,pre_cod_asig4,pre_cod_asig5,pre_cod_asig6,pre_cod_asig7 FROM tblaca009 WHERE pensum='5' AND c_uni_ca='6' AND c_asigna='340323' [1][0] OK
C:[04/12/2013 08:33:05.70][172.16.4.247][1582] SELECT c_asigna FROM dace004 WHERE exp_e='07-19420635' AND c_asigna='300228' AND status IN ('0','3','B') [1][0] OK
C:[04/12/2013 08:33:05.70][172.16.4.247][1582] SELECT c_asigna FROM dace004 WHERE exp_e='07-19420635' AND c_asigna='300207' AND status IN ('0','3','B') [1][0] OK
C:[04/12/2013 08:33:05.70][172.16.4.247][1569] SELECT pre_cod_asig1,pre_cod_asig2,pre_cod_asig3,pre_cod_asig4,pre_cod_asig5,pre_cod_asig6,pre_cod_asig7 FROM tblaca009 WHERE pensum='5' AND c_uni_ca='6' AND c_asigna='300226' [1][0] OK
C:[04/12/2013 08:33:05.70][172.16.4.247][1582] SELECT c_asigna FROM dace004 WHERE exp_e='07-19420635' AND c_asigna='300116' AND status IN ('0','3','B') [1][0] OK
C:[04/12/2013 08:33:05.70][172.16.4.247][1569] SELECT pre_cod_asig1,pre_cod_asig2,pre_cod_asig3,pre_cod_asig4,pre_cod_asig5,pre_cod_asig6,pre_cod_asig7 FROM tblaca009 WHERE pensum='5' AND c_uni_ca='6' AND c_asigna='300222' [1][0] OK
C:[04/12/2013 08:33:05.70][172.16.4.247][1582] SELECT c_asigna FROM dace004 WHERE exp_e='07-19420635' AND c_asigna='300112' AND status IN ('0','3','B') [1][0] OK
C:[04/12/2013 08:33:05.52][172.16.4.247][1613] SELECT par_cod_asig1,par_cod_asig2,par_cod_asig3 FROM tblaca009 WHERE pensum='5' AND c_uni_ca='6' AND c_asigna='300113' [1][0] OK
C:[04/12/2013 08:33:05.52][172.16.4.247][1627] SELECT c_asigna FROM dace004 WHERE exp_e='07-19420635' AND c_asigna='300013' AND status IN ('0','3','B','C') [1][0] OK
C:[04/12/2013 08:33:05.52][172.16.4.247][1613] SELECT par_cod_asig1,par_cod_asig2,par_cod_asig3 FROM tblaca009 WHERE pensum='5' AND c_uni_ca='6' AND c_asigna='300314' [1][0] OK
C:[04/12/2013 08:33:05.52][172.16.4.247][1613] SELECT par_cod_asig1,par_cod_asig2,par_cod_asig3 FROM tblaca009 WHERE pensum='5' AND c_uni_ca='6' AND c_asigna='340323' [1][0] OK
C:[04/12/2013 08:33:05.52][172.16.4.247][1613] SELECT par_cod_asig1,par_cod_asig2,par_cod_asig3 FROM tblaca009 WHERE pensum='5' AND c_uni_ca='6' AND c_asigna='300226' [1][0] OK
C:[04/12/2013 08:33:05.52][172.16.4.247][1613] SELECT par_cod_asig1,par_cod_asig2,par_cod_asig3 FROM tblaca009 WHERE pensum='5' AND c_uni_ca='6' AND c_asigna='300222' [1][0] OK
C:[04/12/2013 11:12:28.30][190.198.87.95][1569] SELECT pre_cod_asig1,pre_cod_asig2,pre_cod_asig3,pre_cod_asig4,pre_cod_asig5,pre_cod_asig6,pre_cod_asig7 FROM tblaca009 WHERE pensum='5' AND c_uni_ca='2' AND c_asigna='322550' [1][0] OK
C:[04/12/2013 11:12:28.30][190.198.87.95][1582] SELECT c_asigna FROM dace004 WHERE exp_e='08-20403599' AND c_asigna='322433' AND status IN ('0','3','B') [1][0] OK
C:[04/12/2013 11:12:28.30][190.198.87.95][1569] SELECT pre_cod_asig1,pre_cod_asig2,pre_cod_asig3,pre_cod_asig4,pre_cod_asig5,pre_cod_asig6,pre_cod_asig7 FROM tblaca009 WHERE pensum='5' AND c_uni_ca='2' AND c_asigna='322436' [1][0] OK
C:[04/12/2013 11:12:28.30][190.198.87.95][1582] SELECT c_asigna FROM dace004 WHERE exp_e='08-20403599' AND c_asigna='300317' AND status IN ('0','3','B') [1][0] OK
C:[04/12/2013 11:12:28.30][190.198.87.95][1582] SELECT c_asigna FROM dace004 WHERE exp_e='08-20403599' AND c_asigna='320311' AND status IN ('0','3','B') [1][0] OK
C:[04/12/2013 11:12:28.30][190.198.87.95][1569] SELECT pre_cod_asig1,pre_cod_asig2,pre_cod_asig3,pre_cod_asig4,pre_cod_asig5,pre_cod_asig6,pre_cod_asig7 FROM tblaca009 WHERE pensum='5' AND c_uni_ca='2' AND c_asigna='322558' [1][0] OK
C:[04/12/2013 11:12:28.30][190.198.87.95][1582] SELECT c_asigna FROM dace004 WHERE exp_e='08-20403599' AND c_asigna='300428' AND status IN ('0','3','B') [1][0] OK
C:[04/12/2013 11:12:28.30][190.198.87.95][1582] SELECT c_asigna FROM dace004 WHERE exp_e='08-20403599' AND c_asigna='320323' AND status IN ('0','3','B') [1][0] OK
C:[04/12/2013 11:12:28.30][190.198.87.95][1569] SELECT pre_cod_asig1,pre_cod_asig2,pre_cod_asig3,pre_cod_asig4,pre_cod_asig5,pre_cod_asig6,pre_cod_asig7 FROM tblaca009 WHERE pensum='5' AND c_uni_ca='2' AND c_asigna='322560' [1][0] OK
C:[04/12/2013 11:12:29.99][190.198.87.95][1613] SELECT par_cod_asig1,par_cod_asig2,par_cod_asig3 FROM tblaca009 WHERE pensum='5' AND c_uni_ca='2' AND c_asigna='322550' [1][0] OK
C:[04/12/2013 11:12:29.99][190.198.87.95][1613] SELECT par_cod_asig1,par_cod_asig2,par_cod_asig3 FROM tblaca009 WHERE pensum='5' AND c_uni_ca='2' AND c_asigna='322436' [1][0] OK
C:[04/12/2013 11:12:29.99][190.198.87.95][1613] SELECT par_cod_asig1,par_cod_asig2,par_cod_asig3 FROM tblaca009 WHERE pensum='5' AND c_uni_ca='2' AND c_asigna='322558' [1][0] OK
C:[04/12/2013 11:12:29.99][190.198.87.95][1613] SELECT par_cod_asig1,par_cod_asig2,par_cod_asig3 FROM tblaca009 WHERE pensum='5' AND c_uni_ca='2' AND c_asigna='322560' [1][0] OK
C:[04/12/2013 11:12:29.99][190.198.87.95][1627] SELECT c_asigna FROM dace004 WHERE exp_e='08-20403599' AND c_asigna='323528' AND status IN ('0','3','B','C') [1][0] OK
C:[04/12/2013 11:12:29.61][190.198.87.95][1684] SELECT c_asigna FROM tblaca009 WHERE pensum='5' AND c_uni_ca='2' AND ((par_cod_asig1='300313') OR (par_cod_asig2='300313') OR (par_cod_asig3='300313'))  [0][0] OK
C:[04/12/2013 15:24:41.72][172.16.4.244][1569] SELECT pre_cod_asig1,pre_cod_asig2,pre_cod_asig3,pre_cod_asig4,pre_cod_asig5,pre_cod_asig6,pre_cod_asig7 FROM tblaca009 WHERE pensum='5' AND c_uni_ca='4' AND c_asigna='300313' [1][0] OK
C:[04/12/2013 15:24:41.72][172.16.4.244][1582] SELECT c_asigna FROM dace004 WHERE exp_e='09-20886787' AND c_asigna='300213' AND status IN ('0','3','B') [1][0] OK
C:[04/12/2013 15:24:41.72][172.16.4.244][1582] SELECT c_asigna FROM dace004 WHERE exp_e='09-20886787' AND c_asigna='300226' AND status IN ('0','3','B') [1][0] OK
C:[04/12/2013 15:24:41.72][172.16.4.244][1582] SELECT c_asigna FROM dace004 WHERE exp_e='09-20886787' AND c_asigna='300222' AND status IN ('0','3','B') [1][0] OK
C:[04/12/2013 15:24:41.72][172.16.4.244][1582] SELECT c_asigna FROM dace004 WHERE exp_e='09-20886787' AND c_asigna='300209' AND status IN ('0','3','B') [1][0] OK
C:[04/12/2013 15:24:41.72][172.16.4.244][1569] SELECT pre_cod_asig1,pre_cod_asig2,pre_cod_asig3,pre_cod_asig4,pre_cod_asig5,pre_cod_asig6,pre_cod_asig7 FROM tblaca009 WHERE pensum='5' AND c_uni_ca='4' AND c_asigna='300422' [1][0] OK
C:[04/12/2013 15:24:41.72][172.16.4.244][1582] SELECT c_asigna FROM dace004 WHERE exp_e='09-20886787' AND c_asigna='300105' AND status IN ('0','3','B') [1][0] OK
C:[04/12/2013 15:24:41.72][172.16.4.244][1582] SELECT c_asigna FROM dace004 WHERE exp_e='09-20886787' AND c_asigna='300314' AND status IN ('0','3','B') [1][0] OK
C:[04/12/2013 15:24:41.72][172.16.4.244][1569] SELECT pre_cod_asig1,pre_cod_asig2,pre_cod_asig3,pre_cod_asig4,pre_cod_asig5,pre_cod_asig6,pre_cod_asig7 FROM tblaca009 WHERE pensum='5' AND c_uni_ca='4' AND c_asigna='332558' [1][0] OK
C:[04/12/2013 15:24:41.72][172.16.4.244][1582] SELECT c_asigna FROM dace004 WHERE exp_e='09-20886787' AND c_asigna='330435' AND status IN ('0','3','B') [1][0] OK
C:[04/12/2013 15:24:41.72][172.16.4.244][1569] SELECT pre_cod_asig1,pre_cod_asig2,pre_cod_asig3,pre_cod_asig4,pre_cod_asig5,pre_cod_asig6,pre_cod_asig7 FROM tblaca009 WHERE pensum='5' AND c_uni_ca='4' AND c_asigna='333563' [1][0] OK
C:[04/12/2013 15:24:41.72][172.16.4.244][1582] SELECT c_asigna FROM dace004 WHERE exp_e='09-20886787' AND c_asigna='333440' AND status IN ('0','3','B') [1][0] OK
C:[04/12/2013 15:24:41.72][172.16.4.244][1582] SELECT c_asigna FROM dace004 WHERE exp_e='09-20886787' AND c_asigna='333442' AND status IN ('0','3','B') [1][0] OK
C:[04/12/2013 15:24:41.72][172.16.4.244][1582] SELECT c_asigna FROM dace004 WHERE exp_e='09-20886787' AND c_asigna='300209' AND status IN ('0','3','B') [1][0] OK
C:[04/12/2013 15:24:41.72][172.16.4.244][1569] SELECT pre_cod_asig1,pre_cod_asig2,pre_cod_asig3,pre_cod_asig4,pre_cod_asig5,pre_cod_asig6,pre_cod_asig7 FROM tblaca009 WHERE pensum='5' AND c_uni_ca='4' AND c_asigna='333564' [1][0] OK
C:[04/12/2013 15:24:41.72][172.16.4.244][1582] SELECT c_asigna FROM dace004 WHERE exp_e='09-20886787' AND c_asigna='333441' AND status IN ('0','3','B') [1][0] OK
C:[04/12/2013 15:24:42.29][172.16.4.244][1613] SELECT par_cod_asig1,par_cod_asig2,par_cod_asig3 FROM tblaca009 WHERE pensum='5' AND c_uni_ca='4' AND c_asigna='300313' [1][0] OK
C:[04/12/2013 15:24:42.29][172.16.4.244][1613] SELECT par_cod_asig1,par_cod_asig2,par_cod_asig3 FROM tblaca009 WHERE pensum='5' AND c_uni_ca='4' AND c_asigna='300422' [1][0] OK
C:[04/12/2013 15:24:42.29][172.16.4.244][1613] SELECT par_cod_asig1,par_cod_asig2,par_cod_asig3 FROM tblaca009 WHERE pensum='5' AND c_uni_ca='4' AND c_asigna='332558' [1][0] OK
C:[04/12/2013 15:24:42.29][172.16.4.244][1613] SELECT par_cod_asig1,par_cod_asig2,par_cod_asig3 FROM tblaca009 WHERE pensum='5' AND c_uni_ca='4' AND c_asigna='333563' [1][0] OK
C:[04/12/2013 15:24:42.29][172.16.4.244][1613] SELECT par_cod_asig1,par_cod_asig2,par_cod_asig3 FROM tblaca009 WHERE pensum='5' AND c_uni_ca='4' AND c_asigna='333564' [1][0] OK
C:[04/12/2013 15:24:42.91][172.16.4.244][1684] SELECT c_asigna FROM tblaca009 WHERE pensum='5' AND c_uni_ca='4' AND ((par_cod_asig1='311561') OR (par_cod_asig2='311561') OR (par_cod_asig3='311561'))  [0][0] OK
C:[04/12/2013 15:26:28.52][172.16.4.244][1569] SELECT pre_cod_asig1,pre_cod_asig2,pre_cod_asig3,pre_cod_asig4,pre_cod_asig5,pre_cod_asig6,pre_cod_asig7 FROM tblaca009 WHERE pensum='5' AND c_uni_ca='4' AND c_asigna='311561' [1][0] OK
C:[04/12/2013 15:26:28.52][172.16.4.244][1582] SELECT c_asigna FROM dace004 WHERE exp_e='09-20886787' AND c_asigna='300318' AND status IN ('0','3','B') [1][0] OK
C:[04/12/2013 15:26:28.52][172.16.4.244][1569] SELECT pre_cod_asig1,pre_cod_asig2,pre_cod_asig3,pre_cod_asig4,pre_cod_asig5,pre_cod_asig6,pre_cod_asig7 FROM tblaca009 WHERE pensum='5' AND c_uni_ca='4' AND c_asigna='300313' [1][0] OK
C:[04/12/2013 15:26:28.52][172.16.4.244][1582] SELECT c_asigna FROM dace004 WHERE exp_e='09-20886787' AND c_asigna='300213' AND status IN ('0','3','B') [1][0] OK
C:[04/12/2013 15:26:28.52][172.16.4.244][1582] SELECT c_asigna FROM dace004 WHERE exp_e='09-20886787' AND c_asigna='300226' AND status IN ('0','3','B') [1][0] OK
C:[04/12/2013 15:26:28.52][172.16.4.244][1582] SELECT c_asigna FROM dace004 WHERE exp_e='09-20886787' AND c_asigna='300222' AND status IN ('0','3','B') [1][0] OK
C:[04/12/2013 15:26:28.52][172.16.4.244][1582] SELECT c_asigna FROM dace004 WHERE exp_e='09-20886787' AND c_asigna='300209' AND status IN ('0','3','B') [1][0] OK
C:[04/12/2013 15:26:28.52][172.16.4.244][1569] SELECT pre_cod_asig1,pre_cod_asig2,pre_cod_asig3,pre_cod_asig4,pre_cod_asig5,pre_cod_asig6,pre_cod_asig7 FROM tblaca009 WHERE pensum='5' AND c_uni_ca='4' AND c_asigna='300422' [1][0] OK
C:[04/12/2013 15:26:28.52][172.16.4.244][1582] SELECT c_asigna FROM dace004 WHERE exp_e='09-20886787' AND c_asigna='300105' AND status IN ('0','3','B') [1][0] OK
C:[04/12/2013 15:26:28.52][172.16.4.244][1582] SELECT c_asigna FROM dace004 WHERE exp_e='09-20886787' AND c_asigna='300314' AND status IN ('0','3','B') [1][0] OK
C:[04/12/2013 15:26:28.52][172.16.4.244][1569] SELECT pre_cod_asig1,pre_cod_asig2,pre_cod_asig3,pre_cod_asig4,pre_cod_asig5,pre_cod_asig6,pre_cod_asig7 FROM tblaca009 WHERE pensum='5' AND c_uni_ca='4' AND c_asigna='332558' [1][0] OK
C:[04/12/2013 15:26:28.52][172.16.4.244][1582] SELECT c_asigna FROM dace004 WHERE exp_e='09-20886787' AND c_asigna='330435' AND status IN ('0','3','B') [1][0] OK
C:[04/12/2013 15:26:28.52][172.16.4.244][1569] SELECT pre_cod_asig1,pre_cod_asig2,pre_cod_asig3,pre_cod_asig4,pre_cod_asig5,pre_cod_asig6,pre_cod_asig7 FROM tblaca009 WHERE pensum='5' AND c_uni_ca='4' AND c_asigna='333563' [1][0] OK
C:[04/12/2013 15:26:28.52][172.16.4.244][1582] SELECT c_asigna FROM dace004 WHERE exp_e='09-20886787' AND c_asigna='333440' AND status IN ('0','3','B') [1][0] OK
C:[04/12/2013 15:26:28.52][172.16.4.244][1582] SELECT c_asigna FROM dace004 WHERE exp_e='09-20886787' AND c_asigna='333442' AND status IN ('0','3','B') [1][0] OK
C:[04/12/2013 15:26:28.52][172.16.4.244][1582] SELECT c_asigna FROM dace004 WHERE exp_e='09-20886787' AND c_asigna='300209' AND status IN ('0','3','B') [1][0] OK
C:[04/12/2013 15:26:28.52][172.16.4.244][1569] SELECT pre_cod_asig1,pre_cod_asig2,pre_cod_asig3,pre_cod_asig4,pre_cod_asig5,pre_cod_asig6,pre_cod_asig7 FROM tblaca009 WHERE pensum='5' AND c_uni_ca='4' AND c_asigna='333564' [1][0] OK
C:[04/12/2013 15:26:28.52][172.16.4.244][1582] SELECT c_asigna FROM dace004 WHERE exp_e='09-20886787' AND c_asigna='333441' AND status IN ('0','3','B') [1][0] OK
C:[04/12/2013 15:26:28.90][172.16.4.244][1613] SELECT par_cod_asig1,par_cod_asig2,par_cod_asig3 FROM tblaca009 WHERE pensum='5' AND c_uni_ca='4' AND c_asigna='311561' [1][0] OK
C:[04/12/2013 15:26:28.90][172.16.4.244][1613] SELECT par_cod_asig1,par_cod_asig2,par_cod_asig3 FROM tblaca009 WHERE pensum='5' AND c_uni_ca='4' AND c_asigna='300313' [1][0] OK
C:[04/12/2013 15:26:28.90][172.16.4.244][1613] SELECT par_cod_asig1,par_cod_asig2,par_cod_asig3 FROM tblaca009 WHERE pensum='5' AND c_uni_ca='4' AND c_asigna='300422' [1][0] OK
C:[04/12/2013 15:26:28.90][172.16.4.244][1613] SELECT par_cod_asig1,par_cod_asig2,par_cod_asig3 FROM tblaca009 WHERE pensum='5' AND c_uni_ca='4' AND c_asigna='332558' [1][0] OK
C:[04/12/2013 15:26:28.90][172.16.4.244][1613] SELECT par_cod_asig1,par_cod_asig2,par_cod_asig3 FROM tblaca009 WHERE pensum='5' AND c_uni_ca='4' AND c_asigna='333563' [1][0] OK
C:[04/12/2013 15:26:28.90][172.16.4.244][1613] SELECT par_cod_asig1,par_cod_asig2,par_cod_asig3 FROM tblaca009 WHERE pensum='5' AND c_uni_ca='4' AND c_asigna='333564' [1][0] OK
C:[04/12/2013 15:45:09.03][172.16.4.247][1569] SELECT pre_cod_asig1,pre_cod_asig2,pre_cod_asig3,pre_cod_asig4,pre_cod_asig5,pre_cod_asig6,pre_cod_asig7 FROM tblaca009 WHERE pensum='5' AND c_uni_ca='5' AND c_asigna='355720' [1][0] OK
C:[04/12/2013 15:45:09.03][172.16.4.247][1582] SELECT c_asigna FROM dace004 WHERE exp_e='01-16500643' AND c_asigna='355692' AND status IN ('0','3','B') [1][0] OK
C:[04/12/2013 15:45:09.03][172.16.4.247][1582] SELECT c_asigna FROM dace004 WHERE exp_e='01-16500643' AND c_asigna='355696' AND status IN ('0','3','B') [1][0] OK
C:[04/12/2013 15:45:09.03][172.16.4.247][1569] SELECT pre_cod_asig1,pre_cod_asig2,pre_cod_asig3,pre_cod_asig4,pre_cod_asig5,pre_cod_asig6,pre_cod_asig7 FROM tblaca009 WHERE pensum='5' AND c_uni_ca='5' AND c_asigna='355721' [1][0] OK
C:[04/12/2013 15:45:09.03][172.16.4.247][1582] SELECT c_asigna FROM dace004 WHERE exp_e='01-16500643' AND c_asigna='355693' AND status IN ('0','3','B') [1][0] OK
C:[04/12/2013 15:45:09.03][172.16.4.247][1582] SELECT c_asigna FROM dace004 WHERE exp_e='01-16500643' AND c_asigna='355696' AND status IN ('0','3','B') [1][0] OK
C:[04/12/2013 15:45:09.03][172.16.4.247][1569] SELECT pre_cod_asig1,pre_cod_asig2,pre_cod_asig3,pre_cod_asig4,pre_cod_asig5,pre_cod_asig6,pre_cod_asig7 FROM tblaca009 WHERE pensum='5' AND c_uni_ca='5' AND c_asigna='355722' [1][0] OK
C:[04/12/2013 15:45:09.03][172.16.4.247][1582] SELECT c_asigna FROM dace004 WHERE exp_e='01-16500643' AND c_asigna='355691' AND status IN ('0','3','B') [1][0] OK
C:[04/12/2013 15:45:09.03][172.16.4.247][1582] SELECT c_asigna FROM dace004 WHERE exp_e='01-16500643' AND c_asigna='355595' AND status IN ('0','3','B') [1][0] OK
C:[04/12/2013 15:45:09.03][172.16.4.247][1569] SELECT pre_cod_asig1,pre_cod_asig2,pre_cod_asig3,pre_cod_asig4,pre_cod_asig5,pre_cod_asig6,pre_cod_asig7 FROM tblaca009 WHERE pensum='5' AND c_uni_ca='5' AND c_asigna='355724' [1][0] OK
C:[04/12/2013 15:45:09.03][172.16.4.247][1582] SELECT c_asigna FROM dace004 WHERE exp_e='01-16500643' AND c_asigna='355692' AND status IN ('0','3','B') [1][0] OK
C:[04/12/2013 15:45:09.03][172.16.4.247][1569] SELECT pre_cod_asig1,pre_cod_asig2,pre_cod_asig3,pre_cod_asig4,pre_cod_asig5,pre_cod_asig6,pre_cod_asig7 FROM tblaca009 WHERE pensum='5' AND c_uni_ca='5' AND c_asigna='355725' [1][0] OK
C:[04/12/2013 15:45:09.03][172.16.4.247][1582] SELECT c_asigna FROM dace004 WHERE exp_e='01-16500643' AND c_asigna='355693' AND status IN ('0','3','B') [1][0] OK
C:[04/12/2013 15:45:09.03][172.16.4.247][1582] SELECT c_asigna FROM dace004 WHERE exp_e='01-16500643' AND c_asigna='355692' AND status IN ('0','3','B') [1][0] OK
C:[04/12/2013 15:45:09.03][172.16.4.247][1613] SELECT par_cod_asig1,par_cod_asig2,par_cod_asig3 FROM tblaca009 WHERE pensum='5' AND c_uni_ca='5' AND c_asigna='355720' [1][0] OK
C:[04/12/2013 15:45:09.03][172.16.4.247][1613] SELECT par_cod_asig1,par_cod_asig2,par_cod_asig3 FROM tblaca009 WHERE pensum='5' AND c_uni_ca='5' AND c_asigna='355721' [1][0] OK
C:[04/12/2013 15:45:09.03][172.16.4.247][1613] SELECT par_cod_asig1,par_cod_asig2,par_cod_asig3 FROM tblaca009 WHERE pensum='5' AND c_uni_ca='5' AND c_asigna='355722' [1][0] OK
C:[04/12/2013 15:45:09.03][172.16.4.247][1613] SELECT par_cod_asig1,par_cod_asig2,par_cod_asig3 FROM tblaca009 WHERE pensum='5' AND c_uni_ca='5' AND c_asigna='355724' [1][0] OK
C:[04/12/2013 15:45:09.03][172.16.4.247][1613] SELECT par_cod_asig1,par_cod_asig2,par_cod_asig3 FROM tblaca009 WHERE pensum='5' AND c_uni_ca='5' AND c_asigna='355725' [1][0] OK
C:[04/12/2013 15:45:09.66][172.16.4.247][1684] SELECT c_asigna FROM tblaca009 WHERE pensum='5' AND c_uni_ca='5' AND ((par_cod_asig1='300676') OR (par_cod_asig2='300676') OR (par_cod_asig3='300676'))  [0][0] OK
C:[04/12/2013 16:38:13.46][179.44.234.45][1569] SELECT pre_cod_asig1,pre_cod_asig2,pre_cod_asig3,pre_cod_asig4,pre_cod_asig5,pre_cod_asig6,pre_cod_asig7 FROM tblaca009 WHERE pensum='5' AND c_uni_ca='3' AND c_asigna='311552' [1][0] OK
C:[04/12/2013 16:38:13.46][179.44.234.45][1582] SELECT c_asigna FROM dace004 WHERE exp_e='10-22838656' AND c_asigna='300317' AND status IN ('0','3','B') [1][0] OK
C:[04/12/2013 16:38:13.46][179.44.234.45][1582] SELECT c_asigna FROM dace004 WHERE exp_e='10-22838656' AND c_asigna='300209' AND status IN ('0','3','B') [1][0] OK
C:[04/12/2013 16:38:13.46][179.44.234.45][1569] SELECT pre_cod_asig1,pre_cod_asig2,pre_cod_asig3,pre_cod_asig4,pre_cod_asig5,pre_cod_asig6,pre_cod_asig7 FROM tblaca009 WHERE pensum='5' AND c_uni_ca='3' AND c_asigna='300313' [1][0] OK
C:[04/12/2013 16:38:13.46][179.44.234.45][1582] SELECT c_asigna FROM dace004 WHERE exp_e='10-22838656' AND c_asigna='300213' AND status IN ('0','3','B') [1][0] OK
C:[04/12/2013 16:38:13.46][179.44.234.45][1582] SELECT c_asigna FROM dace004 WHERE exp_e='10-22838656' AND c_asigna='300226' AND status IN ('0','3','B') [1][0] OK
C:[04/12/2013 16:38:13.46][179.44.234.45][1582] SELECT c_asigna FROM dace004 WHERE exp_e='10-22838656' AND c_asigna='300222' AND status IN ('0','3','B') [1][0] OK
C:[04/12/2013 16:38:13.46][179.44.234.45][1582] SELECT c_asigna FROM dace004 WHERE exp_e='10-22838656' AND c_asigna='300209' AND status IN ('0','3','B') [1][0] OK
C:[04/12/2013 16:38:13.46][179.44.234.45][1569] SELECT pre_cod_asig1,pre_cod_asig2,pre_cod_asig3,pre_cod_asig4,pre_cod_asig5,pre_cod_asig6,pre_cod_asig7 FROM tblaca009 WHERE pensum='5' AND c_uni_ca='3' AND c_asigna='300428' [1][0] OK
C:[04/12/2013 16:38:13.46][179.44.234.45][1582] SELECT c_asigna FROM dace004 WHERE exp_e='10-22838656' AND c_asigna='300317' AND status IN ('0','3','B') [1][0] OK
C:[04/12/2013 16:38:13.46][179.44.234.45][1582] SELECT c_asigna FROM dace004 WHERE exp_e='10-22838656' AND c_asigna='300209' AND status IN ('0','3','B') [1][0] OK
C:[04/12/2013 16:38:13.46][179.44.234.45][1569] SELECT pre_cod_asig1,pre_cod_asig2,pre_cod_asig3,pre_cod_asig4,pre_cod_asig5,pre_cod_asig6,pre_cod_asig7 FROM tblaca009 WHERE pensum='5' AND c_uni_ca='3' AND c_asigna='312333' [1][0] OK
C:[04/12/2013 16:38:13.46][179.44.234.45][1582] SELECT c_asigna FROM dace004 WHERE exp_e='10-22838656' AND c_asigna='300228' AND status IN ('0','3','B') [1][0] OK
C:[04/12/2013 16:38:13.66][179.44.234.45][1613] SELECT par_cod_asig1,par_cod_asig2,par_cod_asig3 FROM tblaca009 WHERE pensum='5' AND c_uni_ca='3' AND c_asigna='311552' [1][0] OK
C:[04/12/2013 16:38:13.66][179.44.234.45][1613] SELECT par_cod_asig1,par_cod_asig2,par_cod_asig3 FROM tblaca009 WHERE pensum='5' AND c_uni_ca='3' AND c_asigna='300313' [1][0] OK
C:[04/12/2013 16:38:13.66][179.44.234.45][1613] SELECT par_cod_asig1,par_cod_asig2,par_cod_asig3 FROM tblaca009 WHERE pensum='5' AND c_uni_ca='3' AND c_asigna='300428' [1][0] OK
C:[04/12/2013 16:38:13.66][179.44.234.45][1613] SELECT par_cod_asig1,par_cod_asig2,par_cod_asig3 FROM tblaca009 WHERE pensum='5' AND c_uni_ca='3' AND c_asigna='312333' [1][0] OK
C:[04/12/2013 16:38:13.15][179.44.234.45][1684] SELECT c_asigna FROM tblaca009 WHERE pensum='5' AND c_uni_ca='3' AND ((par_cod_asig1='311320') OR (par_cod_asig2='311320') OR (par_cod_asig3='311320'))  [0][0] OK
C:[04/12/2013 18:20:19.23][190.200.60.227][1569] SELECT pre_cod_asig1,pre_cod_asig2,pre_cod_asig3,pre_cod_asig4,pre_cod_asig5,pre_cod_asig6,pre_cod_asig7 FROM tblaca009 WHERE pensum='5' AND c_uni_ca='5' AND c_asigna='300222' [1][0] OK
C:[04/12/2013 18:20:19.23][190.200.60.227][1582] SELECT c_asigna FROM dace004 WHERE exp_e='12-25835652' AND c_asigna='300112' AND status IN ('0','3','B') [1][0] OK
C:[04/12/2013 18:20:19.23][190.200.60.227][1569] SELECT pre_cod_asig1,pre_cod_asig2,pre_cod_asig3,pre_cod_asig4,pre_cod_asig5,pre_cod_asig6,pre_cod_asig7 FROM tblaca009 WHERE pensum='5' AND c_uni_ca='5' AND c_asigna='300226' [1][0] OK
C:[04/12/2013 18:20:19.23][190.200.60.227][1582] SELECT c_asigna FROM dace004 WHERE exp_e='12-25835652' AND c_asigna='300116' AND status IN ('0','3','B') [1][0] OK
C:[04/12/2013 18:20:19.23][190.200.60.227][1569] SELECT pre_cod_asig1,pre_cod_asig2,pre_cod_asig3,pre_cod_asig4,pre_cod_asig5,pre_cod_asig6,pre_cod_asig7 FROM tblaca009 WHERE pensum='5' AND c_uni_ca='5' AND c_asigna='300207' [1][0] OK
C:[04/12/2013 18:20:19.23][190.200.60.227][1582] SELECT c_asigna FROM dace004 WHERE exp_e='12-25835652' AND c_asigna='300101' AND status IN ('0','3','B') [1][0] OK
C:[04/12/2013 18:20:19.23][190.200.60.227][1569] SELECT pre_cod_asig1,pre_cod_asig2,pre_cod_asig3,pre_cod_asig4,pre_cod_asig5,pre_cod_asig6,pre_cod_asig7 FROM tblaca009 WHERE pensum='5' AND c_uni_ca='5' AND c_asigna='300209' [1][0] OK
C:[04/12/2013 18:20:19.23][190.200.60.227][1582] SELECT c_asigna FROM dace004 WHERE exp_e='12-25835652' AND c_asigna='300101' AND status IN ('0','3','B') [1][0] OK
C:[04/12/2013 18:20:19.23][190.200.60.227][1569] SELECT pre_cod_asig1,pre_cod_asig2,pre_cod_asig3,pre_cod_asig4,pre_cod_asig5,pre_cod_asig6,pre_cod_asig7 FROM tblaca009 WHERE pensum='5' AND c_uni_ca='5' AND c_asigna='300213' [1][0] OK
C:[04/12/2013 18:20:19.23][190.200.60.227][1582] SELECT c_asigna FROM dace004 WHERE exp_e='12-25835652' AND c_asigna='300101' AND status IN ('0','3','B') [1][0] OK
C:[04/12/2013 18:20:19.23][190.200.60.227][1569] SELECT pre_cod_asig1,pre_cod_asig2,pre_cod_asig3,pre_cod_asig4,pre_cod_asig5,pre_cod_asig6,pre_cod_asig7 FROM tblaca009 WHERE pensum='5' AND c_uni_ca='5' AND c_asigna='300218' [1][0] OK
C:[04/12/2013 18:20:19.23][190.200.60.227][1582] SELECT c_asigna FROM dace004 WHERE exp_e='12-25835652' AND c_asigna='300101' AND status IN ('0','3','B') [1][0] OK
C:[04/12/2013 18:20:19.23][190.200.60.227][1569] SELECT pre_cod_asig1,pre_cod_asig2,pre_cod_asig3,pre_cod_asig4,pre_cod_asig5,pre_cod_asig6,pre_cod_asig7 FROM tblaca009 WHERE pensum='5' AND c_uni_ca='5' AND c_asigna='300228' [1][0] OK
C:[04/12/2013 18:20:19.23][190.200.60.227][1582] SELECT c_asigna FROM dace004 WHERE exp_e='12-25835652' AND c_asigna='300101' AND status IN ('0','3','B') [1][0] OK
C:[04/12/2013 18:20:19.54][190.200.60.227][1613] SELECT par_cod_asig1,par_cod_asig2,par_cod_asig3 FROM tblaca009 WHERE pensum='5' AND c_uni_ca='5' AND c_asigna='300222' [1][0] OK
C:[04/12/2013 18:20:19.54][190.200.60.227][1613] SELECT par_cod_asig1,par_cod_asig2,par_cod_asig3 FROM tblaca009 WHERE pensum='5' AND c_uni_ca='5' AND c_asigna='300226' [1][0] OK
C:[04/12/2013 18:20:19.54][190.200.60.227][1613] SELECT par_cod_asig1,par_cod_asig2,par_cod_asig3 FROM tblaca009 WHERE pensum='5' AND c_uni_ca='5' AND c_asigna='300207' [1][0] OK
C:[04/12/2013 18:20:19.54][190.200.60.227][1613] SELECT par_cod_asig1,par_cod_asig2,par_cod_asig3 FROM tblaca009 WHERE pensum='5' AND c_uni_ca='5' AND c_asigna='300209' [1][0] OK
C:[04/12/2013 18:20:19.54][190.200.60.227][1613] SELECT par_cod_asig1,par_cod_asig2,par_cod_asig3 FROM tblaca009 WHERE pensum='5' AND c_uni_ca='5' AND c_asigna='300213' [1][0] OK
C:[04/12/2013 18:20:19.54][190.200.60.227][1627] SELECT c_asigna FROM dace004 WHERE exp_e='12-25835652' AND c_asigna='300209' AND status IN ('0','3','B','C') [0][0] OK
C:[04/12/2013 18:20:19.54][190.200.60.227][1613] SELECT par_cod_asig1,par_cod_asig2,par_cod_asig3 FROM tblaca009 WHERE pensum='5' AND c_uni_ca='5' AND c_asigna='300218' [1][0] OK
C:[04/12/2013 18:20:19.54][190.200.60.227][1627] SELECT c_asigna FROM dace004 WHERE exp_e='12-25835652' AND c_asigna='300228' AND status IN ('0','3','B','C') [0][0] OK
C:[04/12/2013 18:20:19.54][190.200.60.227][1613] SELECT par_cod_asig1,par_cod_asig2,par_cod_asig3 FROM tblaca009 WHERE pensum='5' AND c_uni_ca='5' AND c_asigna='300228' [1][0] OK
C:[04/12/2013 20:23:24.79][179.44.144.89][1569] SELECT pre_cod_asig1,pre_cod_asig2,pre_cod_asig3,pre_cod_asig4,pre_cod_asig5,pre_cod_asig6,pre_cod_asig7 FROM tblaca009 WHERE pensum='5' AND c_uni_ca='6' AND c_asigna='300213' [1][0] OK
C:[04/12/2013 20:23:24.79][179.44.144.89][1582] SELECT c_asigna FROM dace004 WHERE exp_e='12-22587155' AND c_asigna='300101' AND status IN ('0','3','B') [1][0] OK
C:[04/12/2013 20:23:24.79][179.44.144.89][1569] SELECT pre_cod_asig1,pre_cod_asig2,pre_cod_asig3,pre_cod_asig4,pre_cod_asig5,pre_cod_asig6,pre_cod_asig7 FROM tblaca009 WHERE pensum='5' AND c_uni_ca='6' AND c_asigna='300228' [1][0] OK
C:[04/12/2013 20:23:24.79][179.44.144.89][1582] SELECT c_asigna FROM dace004 WHERE exp_e='12-22587155' AND c_asigna='300101' AND status IN ('0','3','B') [1][0] OK
C:[04/12/2013 20:23:24.79][179.44.144.89][1569] SELECT pre_cod_asig1,pre_cod_asig2,pre_cod_asig3,pre_cod_asig4,pre_cod_asig5,pre_cod_asig6,pre_cod_asig7 FROM tblaca009 WHERE pensum='5' AND c_uni_ca='6' AND c_asigna='300207' [1][0] OK
C:[04/12/2013 20:23:24.79][179.44.144.89][1582] SELECT c_asigna FROM dace004 WHERE exp_e='12-22587155' AND c_asigna='300101' AND status IN ('0','3','B') [1][0] OK
C:[04/12/2013 20:23:24.79][179.44.144.89][1569] SELECT pre_cod_asig1,pre_cod_asig2,pre_cod_asig3,pre_cod_asig4,pre_cod_asig5,pre_cod_asig6,pre_cod_asig7 FROM tblaca009 WHERE pensum='5' AND c_uni_ca='6' AND c_asigna='300209' [1][0] OK
C:[04/12/2013 20:23:24.79][179.44.144.89][1582] SELECT c_asigna FROM dace004 WHERE exp_e='12-22587155' AND c_asigna='300101' AND status IN ('0','3','B') [1][0] OK
C:[04/12/2013 20:23:24.79][179.44.144.89][1569] SELECT pre_cod_asig1,pre_cod_asig2,pre_cod_asig3,pre_cod_asig4,pre_cod_asig5,pre_cod_asig6,pre_cod_asig7 FROM tblaca009 WHERE pensum='5' AND c_uni_ca='6' AND c_asigna='300218' [1][0] OK
C:[04/12/2013 20:23:24.79][179.44.144.89][1582] SELECT c_asigna FROM dace004 WHERE exp_e='12-22587155' AND c_asigna='300101' AND status IN ('0','3','B') [1][0] OK
C:[04/12/2013 20:23:24.79][179.44.144.89][1569] SELECT pre_cod_asig1,pre_cod_asig2,pre_cod_asig3,pre_cod_asig4,pre_cod_asig5,pre_cod_asig6,pre_cod_asig7 FROM tblaca009 WHERE pensum='5' AND c_uni_ca='6' AND c_asigna='300314' [1][0] OK
C:[04/12/2013 20:23:24.79][179.44.144.89][1582] SELECT c_asigna FROM dace004 WHERE exp_e='12-22587155' AND c_asigna='300106' AND status IN ('0','3','B') [1][0] OK
C:[04/12/2013 20:23:25.43][179.44.144.89][1613] SELECT par_cod_asig1,par_cod_asig2,par_cod_asig3 FROM tblaca009 WHERE pensum='5' AND c_uni_ca='6' AND c_asigna='300213' [1][0] OK
C:[04/12/2013 20:23:25.43][179.44.144.89][1627] SELECT c_asigna FROM dace004 WHERE exp_e='12-22587155' AND c_asigna='300209' AND status IN ('0','3','B','C') [0][0] OK
C:[04/12/2013 20:23:25.43][179.44.144.89][1613] SELECT par_cod_asig1,par_cod_asig2,par_cod_asig3 FROM tblaca009 WHERE pensum='5' AND c_uni_ca='6' AND c_asigna='300228' [1][0] OK
C:[04/12/2013 20:23:25.43][179.44.144.89][1613] SELECT par_cod_asig1,par_cod_asig2,par_cod_asig3 FROM tblaca009 WHERE pensum='5' AND c_uni_ca='6' AND c_asigna='300207' [1][0] OK
C:[04/12/2013 20:23:25.43][179.44.144.89][1613] SELECT par_cod_asig1,par_cod_asig2,par_cod_asig3 FROM tblaca009 WHERE pensum='5' AND c_uni_ca='6' AND c_asigna='300209' [1][0] OK
C:[04/12/2013 20:23:25.43][179.44.144.89][1613] SELECT par_cod_asig1,par_cod_asig2,par_cod_asig3 FROM tblaca009 WHERE pensum='5' AND c_uni_ca='6' AND c_asigna='300218' [1][0] OK
C:[04/12/2013 20:23:25.43][179.44.144.89][1627] SELECT c_asigna FROM dace004 WHERE exp_e='12-22587155' AND c_asigna='300228' AND status IN ('0','3','B','C') [0][0] OK
C:[04/12/2013 20:23:25.43][179.44.144.89][1613] SELECT par_cod_asig1,par_cod_asig2,par_cod_asig3 FROM tblaca009 WHERE pensum='5' AND c_uni_ca='6' AND c_asigna='300314' [1][0] OK
C:[04/12/2013 20:23:25.42][179.44.144.89][1684] SELECT c_asigna FROM tblaca009 WHERE pensum='5' AND c_uni_ca='6' AND ((par_cod_asig1='340327') OR (par_cod_asig2='340327') OR (par_cod_asig3='340327'))  [0][0] OK
C:[04/12/2013 20:53:42.79][190.94.237.36][1569] SELECT pre_cod_asig1,pre_cod_asig2,pre_cod_asig3,pre_cod_asig4,pre_cod_asig5,pre_cod_asig6,pre_cod_asig7 FROM tblaca009 WHERE pensum='5' AND c_uni_ca='5' AND c_asigna='355694' [1][0] OK
C:[04/12/2013 20:53:42.79][190.94.237.36][1582] SELECT c_asigna FROM dace004 WHERE exp_e='09-21251005' AND c_asigna='355572' AND status IN ('0','3','B') [1][0] OK
C:[04/12/2013 20:53:42.79][190.94.237.36][1582] SELECT c_asigna FROM dace004 WHERE exp_e='09-21251005' AND c_asigna='355571' AND status IN ('0','3','B') [1][0] OK
C:[04/12/2013 20:53:42.79][190.94.237.36][1569] SELECT pre_cod_asig1,pre_cod_asig2,pre_cod_asig3,pre_cod_asig4,pre_cod_asig5,pre_cod_asig6,pre_cod_asig7 FROM tblaca009 WHERE pensum='5' AND c_uni_ca='5' AND c_asigna='355692' [1][0] OK
C:[04/12/2013 20:53:42.79][190.94.237.36][1582] SELECT c_asigna FROM dace004 WHERE exp_e='09-21251005' AND c_asigna='355448' AND status IN ('0','3','B') [1][0] OK
C:[04/12/2013 20:53:42.79][190.94.237.36][1582] SELECT c_asigna FROM dace004 WHERE exp_e='09-21251005' AND c_asigna='355570' AND status IN ('0','3','B') [1][0] OK
C:[04/12/2013 20:53:43.09][190.94.237.36][1613] SELECT par_cod_asig1,par_cod_asig2,par_cod_asig3 FROM tblaca009 WHERE pensum='5' AND c_uni_ca='5' AND c_asigna='355694' [1][0] OK
C:[04/12/2013 20:53:43.09][190.94.237.36][1613] SELECT par_cod_asig1,par_cod_asig2,par_cod_asig3 FROM tblaca009 WHERE pensum='5' AND c_uni_ca='5' AND c_asigna='355692' [1][0] OK
C:[04/12/2013 20:53:43.34][190.94.237.36][1684] SELECT c_asigna FROM tblaca009 WHERE pensum='5' AND c_uni_ca='5' AND ((par_cod_asig1='355691') OR (par_cod_asig2='355691') OR (par_cod_asig3='355691'))  [0][0] OK
C:[05/12/2013 08:30:25.51][74.82.64.160][1569] SELECT pre_cod_asig1,pre_cod_asig2,pre_cod_asig3,pre_cod_asig4,pre_cod_asig5,pre_cod_asig6,pre_cod_asig7 FROM tblaca009 WHERE pensum='5' AND c_uni_ca='4' AND c_asigna='300222' [1][0] OK
C:[05/12/2013 08:30:25.51][74.82.64.160][1582] SELECT c_asigna FROM dace004 WHERE exp_e='12-24411198' AND c_asigna='300112' AND status IN ('0','3','B') [1][0] OK
C:[05/12/2013 08:30:25.51][74.82.64.160][1569] SELECT pre_cod_asig1,pre_cod_asig2,pre_cod_asig3,pre_cod_asig4,pre_cod_asig5,pre_cod_asig6,pre_cod_asig7 FROM tblaca009 WHERE pensum='5' AND c_uni_ca='4' AND c_asigna='300116' [1][0] OK
C:[05/12/2013 08:30:25.51][74.82.64.160][1569] SELECT pre_cod_asig1,pre_cod_asig2,pre_cod_asig3,pre_cod_asig4,pre_cod_asig5,pre_cod_asig6,pre_cod_asig7 FROM tblaca009 WHERE pensum='5' AND c_uni_ca='4' AND c_asigna='333326' [1][0] OK
C:[05/12/2013 08:30:25.51][74.82.64.160][1569] SELECT pre_cod_asig1,pre_cod_asig2,pre_cod_asig3,pre_cod_asig4,pre_cod_asig5,pre_cod_asig6,pre_cod_asig7 FROM tblaca009 WHERE pensum='5' AND c_uni_ca='4' AND c_asigna='300101' [1][0] OK
C:[05/12/2013 08:30:25.51][74.82.64.160][1569] SELECT pre_cod_asig1,pre_cod_asig2,pre_cod_asig3,pre_cod_asig4,pre_cod_asig5,pre_cod_asig6,pre_cod_asig7 FROM tblaca009 WHERE pensum='5' AND c_uni_ca='4' AND c_asigna='300314' [1][0] OK
C:[05/12/2013 08:30:25.51][74.82.64.160][1582] SELECT c_asigna FROM dace004 WHERE exp_e='12-24411198' AND c_asigna='300106' AND status IN ('0','3','B') [1][0] OK
C:[05/12/2013 08:30:25.94][74.82.64.160][1613] SELECT par_cod_asig1,par_cod_asig2,par_cod_asig3 FROM tblaca009 WHERE pensum='5' AND c_uni_ca='4' AND c_asigna='300222' [1][0] OK
C:[05/12/2013 08:30:25.94][74.82.64.160][1613] SELECT par_cod_asig1,par_cod_asig2,par_cod_asig3 FROM tblaca009 WHERE pensum='5' AND c_uni_ca='4' AND c_asigna='300116' [1][0] OK
C:[05/12/2013 08:30:25.94][74.82.64.160][1613] SELECT par_cod_asig1,par_cod_asig2,par_cod_asig3 FROM tblaca009 WHERE pensum='5' AND c_uni_ca='4' AND c_asigna='333326' [1][0] OK
C:[05/12/2013 08:30:25.94][74.82.64.160][1613] SELECT par_cod_asig1,par_cod_asig2,par_cod_asig3 FROM tblaca009 WHERE pensum='5' AND c_uni_ca='4' AND c_asigna='300101' [1][0] OK
C:[05/12/2013 08:30:25.94][74.82.64.160][1613] SELECT par_cod_asig1,par_cod_asig2,par_cod_asig3 FROM tblaca009 WHERE pensum='5' AND c_uni_ca='4' AND c_asigna='300314' [1][0] OK
C:[05/12/2013 09:08:17.85][179.45.118.84][1569] SELECT pre_cod_asig1,pre_cod_asig2,pre_cod_asig3,pre_cod_asig4,pre_cod_asig5,pre_cod_asig6,pre_cod_asig7 FROM tblaca009 WHERE pensum='5' AND c_uni_ca='2' AND c_asigna='300207' [1][0] OK
C:[05/12/2013 09:08:17.85][179.45.118.84][1582] SELECT c_asigna FROM dace004 WHERE exp_e='10-20503874' AND c_asigna='300101' AND status IN ('0','3','B') [1][0] OK
C:[05/12/2013 09:08:17.85][179.45.118.84][1569] SELECT pre_cod_asig1,pre_cod_asig2,pre_cod_asig3,pre_cod_asig4,pre_cod_asig5,pre_cod_asig6,pre_cod_asig7 FROM tblaca009 WHERE pensum='5' AND c_uni_ca='2' AND c_asigna='300209' [1][0] OK
C:[05/12/2013 09:08:17.85][179.45.118.84][1582] SELECT c_asigna FROM dace004 WHERE exp_e='10-20503874' AND c_asigna='300101' AND status IN ('0','3','B') [1][0] OK
C:[05/12/2013 09:08:17.92][179.45.118.84][1613] SELECT par_cod_asig1,par_cod_asig2,par_cod_asig3 FROM tblaca009 WHERE pensum='5' AND c_uni_ca='2' AND c_asigna='300207' [1][0] OK
C:[05/12/2013 09:08:17.92][179.45.118.84][1613] SELECT par_cod_asig1,par_cod_asig2,par_cod_asig3 FROM tblaca009 WHERE pensum='5' AND c_uni_ca='2' AND c_asigna='300209' [1][0] OK
C:[05/12/2013 17:47:30.00][186.90.58.185][1569] SELECT pre_cod_asig1,pre_cod_asig2,pre_cod_asig3,pre_cod_asig4,pre_cod_asig5,pre_cod_asig6,pre_cod_asig7 FROM tblaca009 WHERE pensum='5' AND c_uni_ca='3' AND c_asigna='300313' [1][0] OK
C:[05/12/2013 17:47:30.00][186.90.58.185][1582] SELECT c_asigna FROM dace004 WHERE exp_e='09-23521132' AND c_asigna='300213' AND status IN ('0','3','B') [1][0] OK
C:[05/12/2013 17:47:30.00][186.90.58.185][1582] SELECT c_asigna FROM dace004 WHERE exp_e='09-23521132' AND c_asigna='300226' AND status IN ('0','3','B') [1][0] OK
C:[05/12/2013 17:47:30.00][186.90.58.185][1582] SELECT c_asigna FROM dace004 WHERE exp_e='09-23521132' AND c_asigna='300222' AND status IN ('0','3','B') [1][0] OK
C:[05/12/2013 17:47:30.00][186.90.58.185][1582] SELECT c_asigna FROM dace004 WHERE exp_e='09-23521132' AND c_asigna='300209' AND status IN ('0','3','B') [1][0] OK
C:[05/12/2013 17:47:30.00][186.90.58.185][1569] SELECT pre_cod_asig1,pre_cod_asig2,pre_cod_asig3,pre_cod_asig4,pre_cod_asig5,pre_cod_asig6,pre_cod_asig7 FROM tblaca009 WHERE pensum='5' AND c_uni_ca='3' AND c_asigna='300317' [1][0] OK
C:[05/12/2013 17:47:30.00][186.90.58.185][1582] SELECT c_asigna FROM dace004 WHERE exp_e='09-23521132' AND c_asigna='300207' AND status IN ('0','3','B') [1][0] OK
C:[05/12/2013 17:47:30.00][186.90.58.185][1582] SELECT c_asigna FROM dace004 WHERE exp_e='09-23521132' AND c_asigna='300209' AND status IN ('0','3','B') [1][0] OK
C:[05/12/2013 17:47:30.00][186.90.58.185][1569] SELECT pre_cod_asig1,pre_cod_asig2,pre_cod_asig3,pre_cod_asig4,pre_cod_asig5,pre_cod_asig6,pre_cod_asig7 FROM tblaca009 WHERE pensum='5' AND c_uni_ca='3' AND c_asigna='300318' [1][0] OK
C:[05/12/2013 17:47:30.00][186.90.58.185][1582] SELECT c_asigna FROM dace004 WHERE exp_e='09-23521132' AND c_asigna='300228' AND status IN ('0','3','B') [1][0] OK
C:[05/12/2013 17:47:30.00][186.90.58.185][1582] SELECT c_asigna FROM dace004 WHERE exp_e='09-23521132' AND c_asigna='300207' AND status IN ('0','3','B') [1][0] OK
C:[05/12/2013 17:47:30.00][186.90.58.185][1582] SELECT c_asigna FROM dace004 WHERE exp_e='09-23521132' AND c_asigna='300218' AND status IN ('0','3','B') [1][0] OK
C:[05/12/2013 17:47:30.00][186.90.58.185][1569] SELECT pre_cod_asig1,pre_cod_asig2,pre_cod_asig3,pre_cod_asig4,pre_cod_asig5,pre_cod_asig6,pre_cod_asig7 FROM tblaca009 WHERE pensum='5' AND c_uni_ca='3' AND c_asigna='312333' [1][0] OK
C:[05/12/2013 17:47:30.00][186.90.58.185][1582] SELECT c_asigna FROM dace004 WHERE exp_e='09-23521132' AND c_asigna='300228' AND status IN ('0','3','B') [1][0] OK
C:[05/12/2013 17:47:31.31][186.90.58.185][1613] SELECT par_cod_asig1,par_cod_asig2,par_cod_asig3 FROM tblaca009 WHERE pensum='5' AND c_uni_ca='3' AND c_asigna='300313' [1][0] OK
C:[05/12/2013 17:47:31.31][186.90.58.185][1613] SELECT par_cod_asig1,par_cod_asig2,par_cod_asig3 FROM tblaca009 WHERE pensum='5' AND c_uni_ca='3' AND c_asigna='300317' [1][0] OK
C:[05/12/2013 17:47:31.31][186.90.58.185][1613] SELECT par_cod_asig1,par_cod_asig2,par_cod_asig3 FROM tblaca009 WHERE pensum='5' AND c_uni_ca='3' AND c_asigna='300318' [1][0] OK
C:[05/12/2013 17:47:31.31][186.90.58.185][1613] SELECT par_cod_asig1,par_cod_asig2,par_cod_asig3 FROM tblaca009 WHERE pensum='5' AND c_uni_ca='3' AND c_asigna='312333' [1][0] OK
C:[06/12/2013 00:26:41.80][186.95.53.227][1569] SELECT pre_cod_asig1,pre_cod_asig2,pre_cod_asig3,pre_cod_asig4,pre_cod_asig5,pre_cod_asig6,pre_cod_asig7 FROM tblaca009 WHERE pensum='5' AND c_uni_ca='5' AND c_asigna='300318' [1][0] OK
C:[06/12/2013 00:26:41.80][186.95.53.227][1582] SELECT c_asigna FROM dace004 WHERE exp_e='11-22587348' AND c_asigna='300228' AND status IN ('0','3','B') [1][0] OK
C:[06/12/2013 00:26:41.80][186.95.53.227][1582] SELECT c_asigna FROM dace004 WHERE exp_e='11-22587348' AND c_asigna='300207' AND status IN ('0','3','B') [1][0] OK
C:[06/12/2013 00:26:41.80][186.95.53.227][1582] SELECT c_asigna FROM dace004 WHERE exp_e='11-22587348' AND c_asigna='300218' AND status IN ('0','3','B') [1][0] OK
C:[06/12/2013 00:26:41.80][186.95.53.227][1569] SELECT pre_cod_asig1,pre_cod_asig2,pre_cod_asig3,pre_cod_asig4,pre_cod_asig5,pre_cod_asig6,pre_cod_asig7 FROM tblaca009 WHERE pensum='5' AND c_uni_ca='5' AND c_asigna='300428' [1][0] OK
C:[06/12/2013 00:26:41.80][186.95.53.227][1582] SELECT c_asigna FROM dace004 WHERE exp_e='11-22587348' AND c_asigna='300317' AND status IN ('0','3','B') [1][0] OK
C:[06/12/2013 00:26:41.80][186.95.53.227][1582] SELECT c_asigna FROM dace004 WHERE exp_e='11-22587348' AND c_asigna='300209' AND status IN ('0','3','B') [1][0] OK
C:[06/12/2013 00:26:41.80][186.95.53.227][1569] SELECT pre_cod_asig1,pre_cod_asig2,pre_cod_asig3,pre_cod_asig4,pre_cod_asig5,pre_cod_asig6,pre_cod_asig7 FROM tblaca009 WHERE pensum='5' AND c_uni_ca='5' AND c_asigna='352440' [1][0] OK
C:[06/12/2013 00:26:41.80][186.95.53.227][1582] SELECT c_asigna FROM dace004 WHERE exp_e='11-22587348' AND c_asigna='300317' AND status IN ('0','3','B') [1][0] OK
C:[06/12/2013 00:26:41.80][186.95.53.227][1582] SELECT c_asigna FROM dace004 WHERE exp_e='11-22587348' AND c_asigna='300013' AND status IN ('0','3','B') [1][0] OK
C:[06/12/2013 00:26:41.80][186.95.53.227][1582] SELECT c_asigna FROM dace004 WHERE exp_e='11-22587348' AND c_asigna='300113' AND status IN ('0','3','B') [1][0] OK
C:[06/12/2013 00:26:41.80][186.95.53.227][1569] SELECT pre_cod_asig1,pre_cod_asig2,pre_cod_asig3,pre_cod_asig4,pre_cod_asig5,pre_cod_asig6,pre_cod_asig7 FROM tblaca009 WHERE pensum='5' AND c_uni_ca='5' AND c_asigna='355447' [1][0] OK
C:[06/12/2013 00:26:41.80][186.95.53.227][1582] SELECT c_asigna FROM dace004 WHERE exp_e='11-22587348' AND c_asigna='351330' AND status IN ('0','3','B') [1][0] OK
C:[06/12/2013 00:26:41.80][186.95.53.227][1569] SELECT pre_cod_asig1,pre_cod_asig2,pre_cod_asig3,pre_cod_asig4,pre_cod_asig5,pre_cod_asig6,pre_cod_asig7 FROM tblaca009 WHERE pensum='5' AND c_uni_ca='5' AND c_asigna='355448' [1][0] OK
C:[06/12/2013 00:26:41.80][186.95.53.227][1582] SELECT c_asigna FROM dace004 WHERE exp_e='11-22587348' AND c_asigna='300313' AND status IN ('0','3','B') [1][0] OK
C:[06/12/2013 00:26:41.80][186.95.53.227][1582] SELECT c_asigna FROM dace004 WHERE exp_e='11-22587348' AND c_asigna='300209' AND status IN ('0','3','B') [1][0] OK
C:[06/12/2013 00:26:41.80][186.95.53.227][1582] SELECT c_asigna FROM dace004 WHERE exp_e='11-22587348' AND c_asigna='300226' AND status IN ('0','3','B') [1][0] OK
C:[06/12/2013 00:26:41.80][186.95.53.227][1582] SELECT c_asigna FROM dace004 WHERE exp_e='11-22587348' AND c_asigna='300222' AND status IN ('0','3','B') [1][0] OK
C:[06/12/2013 00:26:42.62][186.95.53.227][1613] SELECT par_cod_asig1,par_cod_asig2,par_cod_asig3 FROM tblaca009 WHERE pensum='5' AND c_uni_ca='5' AND c_asigna='300318' [1][0] OK
C:[06/12/2013 00:26:42.62][186.95.53.227][1613] SELECT par_cod_asig1,par_cod_asig2,par_cod_asig3 FROM tblaca009 WHERE pensum='5' AND c_uni_ca='5' AND c_asigna='300428' [1][0] OK
C:[06/12/2013 00:26:42.62][186.95.53.227][1613] SELECT par_cod_asig1,par_cod_asig2,par_cod_asig3 FROM tblaca009 WHERE pensum='5' AND c_uni_ca='5' AND c_asigna='352440' [1][0] OK
C:[06/12/2013 00:26:42.62][186.95.53.227][1613] SELECT par_cod_asig1,par_cod_asig2,par_cod_asig3 FROM tblaca009 WHERE pensum='5' AND c_uni_ca='5' AND c_asigna='355447' [1][0] OK
C:[06/12/2013 00:26:42.62][186.95.53.227][1613] SELECT par_cod_asig1,par_cod_asig2,par_cod_asig3 FROM tblaca009 WHERE pensum='5' AND c_uni_ca='5' AND c_asigna='355448' [1][0] OK
C:[06/12/2013 09:58:29.65][172.16.4.250][1569] SELECT pre_cod_asig1,pre_cod_asig2,pre_cod_asig3,pre_cod_asig4,pre_cod_asig5,pre_cod_asig6,pre_cod_asig7 FROM tblaca009 WHERE pensum='5' AND c_uni_ca='2' AND c_asigna='300213' [1][0] OK
C:[06/12/2013 09:58:29.65][172.16.4.250][1582] SELECT c_asigna FROM dace004 WHERE exp_e='11-25558993' AND c_asigna='300101' AND status IN ('0','3','B') [1][0] OK
C:[06/12/2013 09:58:29.65][172.16.4.250][1569] SELECT pre_cod_asig1,pre_cod_asig2,pre_cod_asig3,pre_cod_asig4,pre_cod_asig5,pre_cod_asig6,pre_cod_asig7 FROM tblaca009 WHERE pensum='5' AND c_uni_ca='2' AND c_asigna='300317' [1][0] OK
C:[06/12/2013 09:58:29.65][172.16.4.250][1582] SELECT c_asigna FROM dace004 WHERE exp_e='11-25558993' AND c_asigna='300207' AND status IN ('0','3','B') [1][0] OK
C:[06/12/2013 09:58:29.65][172.16.4.250][1582] SELECT c_asigna FROM dace004 WHERE exp_e='11-25558993' AND c_asigna='300209' AND status IN ('0','3','B') [1][0] OK
C:[06/12/2013 09:58:29.65][172.16.4.250][1569] SELECT pre_cod_asig1,pre_cod_asig2,pre_cod_asig3,pre_cod_asig4,pre_cod_asig5,pre_cod_asig6,pre_cod_asig7 FROM tblaca009 WHERE pensum='5' AND c_uni_ca='2' AND c_asigna='320323' [1][0] OK
C:[06/12/2013 09:58:29.65][172.16.4.250][1582] SELECT c_asigna FROM dace004 WHERE exp_e='11-25558993' AND c_asigna='300228' AND status IN ('0','3','B') [1][0] OK
C:[06/12/2013 09:58:29.65][172.16.4.250][1582] SELECT c_asigna FROM dace004 WHERE exp_e='11-25558993' AND c_asigna='300218' AND status IN ('0','3','B') [1][0] OK
C:[06/12/2013 09:58:29.78][172.16.4.250][1613] SELECT par_cod_asig1,par_cod_asig2,par_cod_asig3 FROM tblaca009 WHERE pensum='5' AND c_uni_ca='2' AND c_asigna='300213' [1][0] OK
C:[06/12/2013 09:58:29.78][172.16.4.250][1627] SELECT c_asigna FROM dace004 WHERE exp_e='11-25558993' AND c_asigna='300209' AND status IN ('0','3','B','C') [1][0] OK
C:[06/12/2013 09:58:29.78][172.16.4.250][1613] SELECT par_cod_asig1,par_cod_asig2,par_cod_asig3 FROM tblaca009 WHERE pensum='5' AND c_uni_ca='2' AND c_asigna='300317' [1][0] OK
C:[06/12/2013 09:58:29.78][172.16.4.250][1613] SELECT par_cod_asig1,par_cod_asig2,par_cod_asig3 FROM tblaca009 WHERE pensum='5' AND c_uni_ca='2' AND c_asigna='320323' [1][0] OK
C:[06/12/2013 10:09:52.52][172.16.4.250][1569] SELECT pre_cod_asig1,pre_cod_asig2,pre_cod_asig3,pre_cod_asig4,pre_cod_asig5,pre_cod_asig6,pre_cod_asig7 FROM tblaca009 WHERE pensum='5' AND c_uni_ca='2' AND c_asigna='300213' [1][0] OK
C:[06/12/2013 10:09:52.52][172.16.4.250][1582] SELECT c_asigna FROM dace004 WHERE exp_e='11-25558993' AND c_asigna='300101' AND status IN ('0','3','B') [1][0] OK
C:[06/12/2013 10:09:52.52][172.16.4.250][1569] SELECT pre_cod_asig1,pre_cod_asig2,pre_cod_asig3,pre_cod_asig4,pre_cod_asig5,pre_cod_asig6,pre_cod_asig7 FROM tblaca009 WHERE pensum='5' AND c_uni_ca='2' AND c_asigna='300317' [1][0] OK
C:[06/12/2013 10:09:52.52][172.16.4.250][1582] SELECT c_asigna FROM dace004 WHERE exp_e='11-25558993' AND c_asigna='300207' AND status IN ('0','3','B') [1][0] OK
C:[06/12/2013 10:09:52.52][172.16.4.250][1582] SELECT c_asigna FROM dace004 WHERE exp_e='11-25558993' AND c_asigna='300209' AND status IN ('0','3','B') [1][0] OK
C:[06/12/2013 10:09:52.52][172.16.4.250][1569] SELECT pre_cod_asig1,pre_cod_asig2,pre_cod_asig3,pre_cod_asig4,pre_cod_asig5,pre_cod_asig6,pre_cod_asig7 FROM tblaca009 WHERE pensum='5' AND c_uni_ca='2' AND c_asigna='320323' [1][0] OK
C:[06/12/2013 10:09:52.52][172.16.4.250][1582] SELECT c_asigna FROM dace004 WHERE exp_e='11-25558993' AND c_asigna='300228' AND status IN ('0','3','B') [1][0] OK
C:[06/12/2013 10:09:52.52][172.16.4.250][1582] SELECT c_asigna FROM dace004 WHERE exp_e='11-25558993' AND c_asigna='300218' AND status IN ('0','3','B') [1][0] OK
C:[06/12/2013 10:09:52.07][172.16.4.250][1613] SELECT par_cod_asig1,par_cod_asig2,par_cod_asig3 FROM tblaca009 WHERE pensum='5' AND c_uni_ca='2' AND c_asigna='300213' [1][0] OK
C:[06/12/2013 10:09:52.07][172.16.4.250][1627] SELECT c_asigna FROM dace004 WHERE exp_e='11-25558993' AND c_asigna='300209' AND status IN ('0','3','B','C') [1][0] OK
C:[06/12/2013 10:09:52.07][172.16.4.250][1613] SELECT par_cod_asig1,par_cod_asig2,par_cod_asig3 FROM tblaca009 WHERE pensum='5' AND c_uni_ca='2' AND c_asigna='300317' [1][0] OK
C:[06/12/2013 10:09:52.07][172.16.4.250][1613] SELECT par_cod_asig1,par_cod_asig2,par_cod_asig3 FROM tblaca009 WHERE pensum='5' AND c_uni_ca='2' AND c_asigna='320323' [1][0] OK
C:[06/12/2013 10:25:31.35][172.16.4.250][1569] SELECT pre_cod_asig1,pre_cod_asig2,pre_cod_asig3,pre_cod_asig4,pre_cod_asig5,pre_cod_asig6,pre_cod_asig7 FROM tblaca009 WHERE pensum='5' AND c_uni_ca='2' AND c_asigna='300213' [1][0] OK
C:[06/12/2013 10:25:31.35][172.16.4.250][1582] SELECT c_asigna FROM dace004 WHERE exp_e='11-25558993' AND c_asigna='300101' AND status IN ('0','3','B') [1][0] OK
C:[06/12/2013 10:25:31.35][172.16.4.250][1569] SELECT pre_cod_asig1,pre_cod_asig2,pre_cod_asig3,pre_cod_asig4,pre_cod_asig5,pre_cod_asig6,pre_cod_asig7 FROM tblaca009 WHERE pensum='5' AND c_uni_ca='2' AND c_asigna='300317' [1][0] OK
C:[06/12/2013 10:25:31.35][172.16.4.250][1582] SELECT c_asigna FROM dace004 WHERE exp_e='11-25558993' AND c_asigna='300207' AND status IN ('0','3','B') [1][0] OK
C:[06/12/2013 10:25:31.35][172.16.4.250][1582] SELECT c_asigna FROM dace004 WHERE exp_e='11-25558993' AND c_asigna='300209' AND status IN ('0','3','B') [1][0] OK
C:[06/12/2013 10:25:31.35][172.16.4.250][1569] SELECT pre_cod_asig1,pre_cod_asig2,pre_cod_asig3,pre_cod_asig4,pre_cod_asig5,pre_cod_asig6,pre_cod_asig7 FROM tblaca009 WHERE pensum='5' AND c_uni_ca='2' AND c_asigna='320323' [1][0] OK
C:[06/12/2013 10:25:31.35][172.16.4.250][1582] SELECT c_asigna FROM dace004 WHERE exp_e='11-25558993' AND c_asigna='300228' AND status IN ('0','3','B') [1][0] OK
C:[06/12/2013 10:25:31.35][172.16.4.250][1582] SELECT c_asigna FROM dace004 WHERE exp_e='11-25558993' AND c_asigna='300218' AND status IN ('0','3','B') [1][0] OK
C:[06/12/2013 10:25:31.92][172.16.4.250][1613] SELECT par_cod_asig1,par_cod_asig2,par_cod_asig3 FROM tblaca009 WHERE pensum='5' AND c_uni_ca='2' AND c_asigna='300213' [1][0] OK
C:[06/12/2013 10:25:31.92][172.16.4.250][1627] SELECT c_asigna FROM dace004 WHERE exp_e='11-25558993' AND c_asigna='300209' AND status IN ('0','3','B','C') [1][0] OK
C:[06/12/2013 10:25:31.92][172.16.4.250][1613] SELECT par_cod_asig1,par_cod_asig2,par_cod_asig3 FROM tblaca009 WHERE pensum='5' AND c_uni_ca='2' AND c_asigna='300317' [1][0] OK
C:[06/12/2013 10:25:31.92][172.16.4.250][1613] SELECT par_cod_asig1,par_cod_asig2,par_cod_asig3 FROM tblaca009 WHERE pensum='5' AND c_uni_ca='2' AND c_asigna='320323' [1][0] OK
C:[06/12/2013 10:27:22.34][172.16.4.250][1569] SELECT pre_cod_asig1,pre_cod_asig2,pre_cod_asig3,pre_cod_asig4,pre_cod_asig5,pre_cod_asig6,pre_cod_asig7 FROM tblaca009 WHERE pensum='5' AND c_uni_ca='2' AND c_asigna='300213' [1][0] OK
C:[06/12/2013 10:27:22.34][172.16.4.250][1582] SELECT c_asigna FROM dace004 WHERE exp_e='11-25558993' AND c_asigna='300101' AND status IN ('0','3','B') [1][0] OK
C:[06/12/2013 10:27:22.34][172.16.4.250][1569] SELECT pre_cod_asig1,pre_cod_asig2,pre_cod_asig3,pre_cod_asig4,pre_cod_asig5,pre_cod_asig6,pre_cod_asig7 FROM tblaca009 WHERE pensum='5' AND c_uni_ca='2' AND c_asigna='300317' [1][0] OK
C:[06/12/2013 10:27:22.34][172.16.4.250][1582] SELECT c_asigna FROM dace004 WHERE exp_e='11-25558993' AND c_asigna='300207' AND status IN ('0','3','B') [1][0] OK
C:[06/12/2013 10:27:22.34][172.16.4.250][1582] SELECT c_asigna FROM dace004 WHERE exp_e='11-25558993' AND c_asigna='300209' AND status IN ('0','3','B') [1][0] OK
C:[06/12/2013 10:27:22.34][172.16.4.250][1569] SELECT pre_cod_asig1,pre_cod_asig2,pre_cod_asig3,pre_cod_asig4,pre_cod_asig5,pre_cod_asig6,pre_cod_asig7 FROM tblaca009 WHERE pensum='5' AND c_uni_ca='2' AND c_asigna='320323' [1][0] OK
C:[06/12/2013 10:27:22.34][172.16.4.250][1582] SELECT c_asigna FROM dace004 WHERE exp_e='11-25558993' AND c_asigna='300228' AND status IN ('0','3','B') [1][0] OK
C:[06/12/2013 10:27:22.34][172.16.4.250][1582] SELECT c_asigna FROM dace004 WHERE exp_e='11-25558993' AND c_asigna='300218' AND status IN ('0','3','B') [1][0] OK
C:[06/12/2013 10:27:23.90][172.16.4.250][1613] SELECT par_cod_asig1,par_cod_asig2,par_cod_asig3 FROM tblaca009 WHERE pensum='5' AND c_uni_ca='2' AND c_asigna='300213' [1][0] OK
C:[06/12/2013 10:27:23.90][172.16.4.250][1627] SELECT c_asigna FROM dace004 WHERE exp_e='11-25558993' AND c_asigna='300209' AND status IN ('0','3','B','C') [1][0] OK
C:[06/12/2013 10:27:23.90][172.16.4.250][1613] SELECT par_cod_asig1,par_cod_asig2,par_cod_asig3 FROM tblaca009 WHERE pensum='5' AND c_uni_ca='2' AND c_asigna='300317' [1][0] OK
C:[06/12/2013 10:27:23.90][172.16.4.250][1613] SELECT par_cod_asig1,par_cod_asig2,par_cod_asig3 FROM tblaca009 WHERE pensum='5' AND c_uni_ca='2' AND c_asigna='320323' [1][0] OK
C:[06/12/2013 10:33:15.25][172.16.4.250][1572] SELECT pre_cod_asig1,pre_cod_asig2,pre_cod_asig3,pre_cod_asig4,pre_cod_asig5,pre_cod_asig6,pre_cod_asig7 FROM tblaca009 WHERE pensum='5' AND c_uni_ca='2' AND c_asigna='300213' [1][0] OK
C:[06/12/2013 10:33:15.25][172.16.4.250][1585] SELECT c_asigna FROM dace004 WHERE exp_e='11-25558993' AND c_asigna='300101' AND status IN ('0','3','B') [1][0] OK
C:[06/12/2013 10:33:15.25][172.16.4.250][1572] SELECT pre_cod_asig1,pre_cod_asig2,pre_cod_asig3,pre_cod_asig4,pre_cod_asig5,pre_cod_asig6,pre_cod_asig7 FROM tblaca009 WHERE pensum='5' AND c_uni_ca='2' AND c_asigna='300317' [1][0] OK
C:[06/12/2013 10:33:15.25][172.16.4.250][1585] SELECT c_asigna FROM dace004 WHERE exp_e='11-25558993' AND c_asigna='300207' AND status IN ('0','3','B') [1][0] OK
C:[06/12/2013 10:33:15.25][172.16.4.250][1585] SELECT c_asigna FROM dace004 WHERE exp_e='11-25558993' AND c_asigna='300209' AND status IN ('0','3','B') [1][0] OK
C:[06/12/2013 10:33:15.25][172.16.4.250][1572] SELECT pre_cod_asig1,pre_cod_asig2,pre_cod_asig3,pre_cod_asig4,pre_cod_asig5,pre_cod_asig6,pre_cod_asig7 FROM tblaca009 WHERE pensum='5' AND c_uni_ca='2' AND c_asigna='320323' [1][0] OK
C:[06/12/2013 10:33:15.25][172.16.4.250][1585] SELECT c_asigna FROM dace004 WHERE exp_e='11-25558993' AND c_asigna='300228' AND status IN ('0','3','B') [1][0] OK
C:[06/12/2013 10:33:15.25][172.16.4.250][1585] SELECT c_asigna FROM dace004 WHERE exp_e='11-25558993' AND c_asigna='300218' AND status IN ('0','3','B') [1][0] OK
C:[06/12/2013 10:33:15.81][172.16.4.250][1616] SELECT par_cod_asig1,par_cod_asig2,par_cod_asig3 FROM tblaca009 WHERE pensum='5' AND c_uni_ca='2' AND c_asigna='300213' [1][0] OK
C:[06/12/2013 10:33:15.81][172.16.4.250][1630] SELECT c_asigna FROM dace004 WHERE exp_e='11-25558993' AND c_asigna='300209' AND status IN ('0','3','B','C') [1][0] OK
C:[06/12/2013 10:33:15.81][172.16.4.250][1616] SELECT par_cod_asig1,par_cod_asig2,par_cod_asig3 FROM tblaca009 WHERE pensum='5' AND c_uni_ca='2' AND c_asigna='300317' [1][0] OK
C:[06/12/2013 10:33:15.81][172.16.4.250][1616] SELECT par_cod_asig1,par_cod_asig2,par_cod_asig3 FROM tblaca009 WHERE pensum='5' AND c_uni_ca='2' AND c_asigna='320323' [1][0] OK
C:[06/12/2013 10:39:53.54][172.16.4.250][1572] SELECT pre_cod_asig1,pre_cod_asig2,pre_cod_asig3,pre_cod_asig4,pre_cod_asig5,pre_cod_asig6,pre_cod_asig7 FROM tblaca009 WHERE pensum='5' AND c_uni_ca='2' AND c_asigna='300318' [1][0] OK
C:[06/12/2013 10:39:53.54][172.16.4.250][1585] SELECT c_asigna FROM dace004 WHERE exp_e='11-25558993' AND c_asigna='300228' AND status IN ('0','3','B') [1][0] OK
C:[06/12/2013 10:39:53.54][172.16.4.250][1585] SELECT c_asigna FROM dace004 WHERE exp_e='11-25558993' AND c_asigna='300207' AND status IN ('0','3','B') [1][0] OK
C:[06/12/2013 10:39:53.54][172.16.4.250][1585] SELECT c_asigna FROM dace004 WHERE exp_e='11-25558993' AND c_asigna='300218' AND status IN ('0','3','B') [1][0] OK
C:[06/12/2013 10:39:53.54][172.16.4.250][1572] SELECT pre_cod_asig1,pre_cod_asig2,pre_cod_asig3,pre_cod_asig4,pre_cod_asig5,pre_cod_asig6,pre_cod_asig7 FROM tblaca009 WHERE pensum='5' AND c_uni_ca='2' AND c_asigna='300213' [1][0] OK
C:[06/12/2013 10:39:53.54][172.16.4.250][1585] SELECT c_asigna FROM dace004 WHERE exp_e='11-25558993' AND c_asigna='300101' AND status IN ('0','3','B') [1][0] OK
C:[06/12/2013 10:39:53.54][172.16.4.250][1572] SELECT pre_cod_asig1,pre_cod_asig2,pre_cod_asig3,pre_cod_asig4,pre_cod_asig5,pre_cod_asig6,pre_cod_asig7 FROM tblaca009 WHERE pensum='5' AND c_uni_ca='2' AND c_asigna='300317' [1][0] OK
C:[06/12/2013 10:39:53.54][172.16.4.250][1585] SELECT c_asigna FROM dace004 WHERE exp_e='11-25558993' AND c_asigna='300207' AND status IN ('0','3','B') [1][0] OK
C:[06/12/2013 10:39:53.54][172.16.4.250][1585] SELECT c_asigna FROM dace004 WHERE exp_e='11-25558993' AND c_asigna='300209' AND status IN ('0','3','B') [1][0] OK
C:[06/12/2013 10:39:53.54][172.16.4.250][1572] SELECT pre_cod_asig1,pre_cod_asig2,pre_cod_asig3,pre_cod_asig4,pre_cod_asig5,pre_cod_asig6,pre_cod_asig7 FROM tblaca009 WHERE pensum='5' AND c_uni_ca='2' AND c_asigna='320323' [1][0] OK
C:[06/12/2013 10:39:53.54][172.16.4.250][1585] SELECT c_asigna FROM dace004 WHERE exp_e='11-25558993' AND c_asigna='300228' AND status IN ('0','3','B') [1][0] OK
C:[06/12/2013 10:39:53.54][172.16.4.250][1585] SELECT c_asigna FROM dace004 WHERE exp_e='11-25558993' AND c_asigna='300218' AND status IN ('0','3','B') [1][0] OK
C:[06/12/2013 10:39:53.60][172.16.4.250][1616] SELECT par_cod_asig1,par_cod_asig2,par_cod_asig3 FROM tblaca009 WHERE pensum='5' AND c_uni_ca='2' AND c_asigna='300318' [1][0] OK
C:[06/12/2013 10:39:53.60][172.16.4.250][1616] SELECT par_cod_asig1,par_cod_asig2,par_cod_asig3 FROM tblaca009 WHERE pensum='5' AND c_uni_ca='2' AND c_asigna='300213' [1][0] OK
C:[06/12/2013 10:39:53.60][172.16.4.250][1630] SELECT c_asigna FROM dace004 WHERE exp_e='11-25558993' AND c_asigna='300209' AND status IN ('0','3','B','C') [1][0] OK
C:[06/12/2013 10:39:53.60][172.16.4.250][1616] SELECT par_cod_asig1,par_cod_asig2,par_cod_asig3 FROM tblaca009 WHERE pensum='5' AND c_uni_ca='2' AND c_asigna='300317' [1][0] OK
C:[06/12/2013 10:39:53.60][172.16.4.250][1616] SELECT par_cod_asig1,par_cod_asig2,par_cod_asig3 FROM tblaca009 WHERE pensum='5' AND c_uni_ca='2' AND c_asigna='320323' [1][0] OK
C:[06/12/2013 11:06:42.96][172.16.4.247][1572] SELECT pre_cod_asig1,pre_cod_asig2,pre_cod_asig3,pre_cod_asig4,pre_cod_asig5,pre_cod_asig6,pre_cod_asig7 FROM tblaca009 WHERE pensum='5' AND c_uni_ca='5' AND c_asigna='355350' [1][0] OK
C:[06/12/2013 11:06:42.96][172.16.4.247][1585] SELECT c_asigna FROM dace004 WHERE exp_e='11-25933094' AND c_asigna='300207' AND status IN ('0','3','B') [1][0] OK
C:[06/12/2013 11:06:42.96][172.16.4.247][1585] SELECT c_asigna FROM dace004 WHERE exp_e='11-25933094' AND c_asigna='300228' AND status IN ('0','3','B') [1][0] OK
C:[06/12/2013 11:06:42.96][172.16.4.247][1572] SELECT pre_cod_asig1,pre_cod_asig2,pre_cod_asig3,pre_cod_asig4,pre_cod_asig5,pre_cod_asig6,pre_cod_asig7 FROM tblaca009 WHERE pensum='5' AND c_uni_ca='5' AND c_asigna='300314' [1][0] OK
C:[06/12/2013 11:06:42.96][172.16.4.247][1585] SELECT c_asigna FROM dace004 WHERE exp_e='11-25933094' AND c_asigna='300106' AND status IN ('0','3','B') [1][0] OK
C:[06/12/2013 11:06:42.96][172.16.4.247][1572] SELECT pre_cod_asig1,pre_cod_asig2,pre_cod_asig3,pre_cod_asig4,pre_cod_asig5,pre_cod_asig6,pre_cod_asig7 FROM tblaca009 WHERE pensum='5' AND c_uni_ca='5' AND c_asigna='300317' [1][0] OK
C:[06/12/2013 11:06:42.96][172.16.4.247][1585] SELECT c_asigna FROM dace004 WHERE exp_e='11-25933094' AND c_asigna='300207' AND status IN ('0','3','B') [1][0] OK
C:[06/12/2013 11:06:42.96][172.16.4.247][1585] SELECT c_asigna FROM dace004 WHERE exp_e='11-25933094' AND c_asigna='300209' AND status IN ('0','3','B') [1][0] OK
C:[06/12/2013 11:06:42.96][172.16.4.247][1572] SELECT pre_cod_asig1,pre_cod_asig2,pre_cod_asig3,pre_cod_asig4,pre_cod_asig5,pre_cod_asig6,pre_cod_asig7 FROM tblaca009 WHERE pensum='5' AND c_uni_ca='5' AND c_asigna='300318' [1][0] OK
C:[06/12/2013 11:06:42.96][172.16.4.247][1585] SELECT c_asigna FROM dace004 WHERE exp_e='11-25933094' AND c_asigna='300228' AND status IN ('0','3','B') [1][0] OK
C:[06/12/2013 11:06:42.96][172.16.4.247][1585] SELECT c_asigna FROM dace004 WHERE exp_e='11-25933094' AND c_asigna='300207' AND status IN ('0','3','B') [1][0] OK
C:[06/12/2013 11:06:42.96][172.16.4.247][1585] SELECT c_asigna FROM dace004 WHERE exp_e='11-25933094' AND c_asigna='300218' AND status IN ('0','3','B') [1][0] OK
C:[06/12/2013 11:06:42.96][172.16.4.247][1572] SELECT pre_cod_asig1,pre_cod_asig2,pre_cod_asig3,pre_cod_asig4,pre_cod_asig5,pre_cod_asig6,pre_cod_asig7 FROM tblaca009 WHERE pensum='5' AND c_uni_ca='5' AND c_asigna='351330' [1][0] OK
C:[06/12/2013 11:06:42.96][172.16.4.247][1585] SELECT c_asigna FROM dace004 WHERE exp_e='11-25933094' AND c_asigna='300218' AND status IN ('0','3','B') [1][0] OK
C:[06/12/2013 11:06:42.28][172.16.4.247][1616] SELECT par_cod_asig1,par_cod_asig2,par_cod_asig3 FROM tblaca009 WHERE pensum='5' AND c_uni_ca='5' AND c_asigna='355350' [1][0] OK
C:[06/12/2013 11:06:42.28][172.16.4.247][1616] SELECT par_cod_asig1,par_cod_asig2,par_cod_asig3 FROM tblaca009 WHERE pensum='5' AND c_uni_ca='5' AND c_asigna='300314' [1][0] OK
C:[06/12/2013 11:06:42.28][172.16.4.247][1616] SELECT par_cod_asig1,par_cod_asig2,par_cod_asig3 FROM tblaca009 WHERE pensum='5' AND c_uni_ca='5' AND c_asigna='300317' [1][0] OK
C:[06/12/2013 11:06:42.28][172.16.4.247][1616] SELECT par_cod_asig1,par_cod_asig2,par_cod_asig3 FROM tblaca009 WHERE pensum='5' AND c_uni_ca='5' AND c_asigna='300318' [1][0] OK
C:[06/12/2013 11:06:42.28][172.16.4.247][1616] SELECT par_cod_asig1,par_cod_asig2,par_cod_asig3 FROM tblaca009 WHERE pensum='5' AND c_uni_ca='5' AND c_asigna='351330' [1][0] OK
C:[06/12/2013 11:06:42.28][172.16.4.247][1630] SELECT c_asigna FROM dace004 WHERE exp_e='11-25933094' AND c_asigna='300318' AND status IN ('0','3','B','C') [0][0] OK
C:[06/12/2013 11:06:42.28][172.16.4.247][1630] SELECT c_asigna FROM dace004 WHERE exp_e='11-25933094' AND c_asigna='300317' AND status IN ('0','3','B','C') [0][0] OK
C:[06/12/2013 14:40:49.65][172.16.4.247][1572] SELECT pre_cod_asig1,pre_cod_asig2,pre_cod_asig3,pre_cod_asig4,pre_cod_asig5,pre_cod_asig6,pre_cod_asig7 FROM tblaca009 WHERE pensum='5' AND c_uni_ca='6' AND c_asigna='300207' [1][0] OK
C:[06/12/2013 14:40:49.65][172.16.4.247][1585] SELECT c_asigna FROM dace004 WHERE exp_e='12-26362857' AND c_asigna='300101' AND status IN ('0','3','B') [1][0] OK
C:[06/12/2013 14:40:49.65][172.16.4.247][1572] SELECT pre_cod_asig1,pre_cod_asig2,pre_cod_asig3,pre_cod_asig4,pre_cod_asig5,pre_cod_asig6,pre_cod_asig7 FROM tblaca009 WHERE pensum='5' AND c_uni_ca='6' AND c_asigna='300209' [1][0] OK
C:[06/12/2013 14:40:49.65][172.16.4.247][1585] SELECT c_asigna FROM dace004 WHERE exp_e='12-26362857' AND c_asigna='300101' AND status IN ('0','3','B') [1][0] OK
C:[06/12/2013 14:40:49.65][172.16.4.247][1572] SELECT pre_cod_asig1,pre_cod_asig2,pre_cod_asig3,pre_cod_asig4,pre_cod_asig5,pre_cod_asig6,pre_cod_asig7 FROM tblaca009 WHERE pensum='5' AND c_uni_ca='6' AND c_asigna='300213' [1][0] OK
C:[06/12/2013 14:40:49.65][172.16.4.247][1585] SELECT c_asigna FROM dace004 WHERE exp_e='12-26362857' AND c_asigna='300101' AND status IN ('0','3','B') [1][0] OK
C:[06/12/2013 14:40:49.65][172.16.4.247][1572] SELECT pre_cod_asig1,pre_cod_asig2,pre_cod_asig3,pre_cod_asig4,pre_cod_asig5,pre_cod_asig6,pre_cod_asig7 FROM tblaca009 WHERE pensum='5' AND c_uni_ca='6' AND c_asigna='300218' [1][0] OK
C:[06/12/2013 14:40:49.65][172.16.4.247][1585] SELECT c_asigna FROM dace004 WHERE exp_e='12-26362857' AND c_asigna='300101' AND status IN ('0','3','B') [1][0] OK
C:[06/12/2013 14:40:49.65][172.16.4.247][1572] SELECT pre_cod_asig1,pre_cod_asig2,pre_cod_asig3,pre_cod_asig4,pre_cod_asig5,pre_cod_asig6,pre_cod_asig7 FROM tblaca009 WHERE pensum='5' AND c_uni_ca='6' AND c_asigna='300226' [1][0] OK
C:[06/12/2013 14:40:49.65][172.16.4.247][1585] SELECT c_asigna FROM dace004 WHERE exp_e='12-26362857' AND c_asigna='300116' AND status IN ('0','3','B') [1][0] OK
C:[06/12/2013 14:40:49.65][172.16.4.247][1572] SELECT pre_cod_asig1,pre_cod_asig2,pre_cod_asig3,pre_cod_asig4,pre_cod_asig5,pre_cod_asig6,pre_cod_asig7 FROM tblaca009 WHERE pensum='5' AND c_uni_ca='6' AND c_asigna='300228' [1][0] OK
C:[06/12/2013 14:40:49.65][172.16.4.247][1585] SELECT c_asigna FROM dace004 WHERE exp_e='12-26362857' AND c_asigna='300101' AND status IN ('0','3','B') [1][0] OK
C:[06/12/2013 14:40:49.65][172.16.4.247][1572] SELECT pre_cod_asig1,pre_cod_asig2,pre_cod_asig3,pre_cod_asig4,pre_cod_asig5,pre_cod_asig6,pre_cod_asig7 FROM tblaca009 WHERE pensum='5' AND c_uni_ca='6' AND c_asigna='340327' [1][0] OK
C:[06/12/2013 14:40:49.65][172.16.4.247][1585] SELECT c_asigna FROM dace004 WHERE exp_e='12-26362857' AND c_asigna='300013' AND status IN ('0','3','B') [1][0] OK
C:[06/12/2013 14:40:49.65][172.16.4.247][1585] SELECT c_asigna FROM dace004 WHERE exp_e='12-26362857' AND c_asigna='300113' AND status IN ('0','3','B') [1][0] OK
C:[06/12/2013 14:40:49.09][172.16.4.247][1616] SELECT par_cod_asig1,par_cod_asig2,par_cod_asig3 FROM tblaca009 WHERE pensum='5' AND c_uni_ca='6' AND c_asigna='300207' [1][0] OK
C:[06/12/2013 14:40:49.09][172.16.4.247][1616] SELECT par_cod_asig1,par_cod_asig2,par_cod_asig3 FROM tblaca009 WHERE pensum='5' AND c_uni_ca='6' AND c_asigna='300209' [1][0] OK
C:[06/12/2013 14:40:49.09][172.16.4.247][1616] SELECT par_cod_asig1,par_cod_asig2,par_cod_asig3 FROM tblaca009 WHERE pensum='5' AND c_uni_ca='6' AND c_asigna='300213' [1][0] OK
C:[06/12/2013 14:40:49.09][172.16.4.247][1630] SELECT c_asigna FROM dace004 WHERE exp_e='12-26362857' AND c_asigna='300209' AND status IN ('0','3','B','C') [0][0] OK
C:[06/12/2013 14:40:49.09][172.16.4.247][1616] SELECT par_cod_asig1,par_cod_asig2,par_cod_asig3 FROM tblaca009 WHERE pensum='5' AND c_uni_ca='6' AND c_asigna='300218' [1][0] OK
C:[06/12/2013 14:40:49.09][172.16.4.247][1630] SELECT c_asigna FROM dace004 WHERE exp_e='12-26362857' AND c_asigna='300228' AND status IN ('0','3','B','C') [0][0] OK
C:[06/12/2013 14:40:49.09][172.16.4.247][1616] SELECT par_cod_asig1,par_cod_asig2,par_cod_asig3 FROM tblaca009 WHERE pensum='5' AND c_uni_ca='6' AND c_asigna='300226' [1][0] OK
C:[06/12/2013 14:40:49.09][172.16.4.247][1616] SELECT par_cod_asig1,par_cod_asig2,par_cod_asig3 FROM tblaca009 WHERE pensum='5' AND c_uni_ca='6' AND c_asigna='300228' [1][0] OK
C:[06/12/2013 14:40:49.09][172.16.4.247][1616] SELECT par_cod_asig1,par_cod_asig2,par_cod_asig3 FROM tblaca009 WHERE pensum='5' AND c_uni_ca='6' AND c_asigna='340327' [1][0] OK
C:[06/12/2013 15:15:32.03][172.16.4.247][1572] SELECT pre_cod_asig1,pre_cod_asig2,pre_cod_asig3,pre_cod_asig4,pre_cod_asig5,pre_cod_asig6,pre_cod_asig7 FROM tblaca009 WHERE pensum='5' AND c_uni_ca='4' AND c_asigna='300207' [1][0] OK
C:[06/12/2013 15:15:32.03][172.16.4.247][1585] SELECT c_asigna FROM dace004 WHERE exp_e='10-21009248' AND c_asigna='300101' AND status IN ('0','3','B') [1][0] OK
C:[06/12/2013 15:15:32.03][172.16.4.247][1572] SELECT pre_cod_asig1,pre_cod_asig2,pre_cod_asig3,pre_cod_asig4,pre_cod_asig5,pre_cod_asig6,pre_cod_asig7 FROM tblaca009 WHERE pensum='5' AND c_uni_ca='4' AND c_asigna='300209' [1][0] OK
C:[06/12/2013 15:15:32.03][172.16.4.247][1585] SELECT c_asigna FROM dace004 WHERE exp_e='10-21009248' AND c_asigna='300101' AND status IN ('0','3','B') [1][0] OK
C:[06/12/2013 15:15:32.03][172.16.4.247][1572] SELECT pre_cod_asig1,pre_cod_asig2,pre_cod_asig3,pre_cod_asig4,pre_cod_asig5,pre_cod_asig6,pre_cod_asig7 FROM tblaca009 WHERE pensum='5' AND c_uni_ca='4' AND c_asigna='300213' [1][0] OK
C:[06/12/2013 15:15:32.03][172.16.4.247][1585] SELECT c_asigna FROM dace004 WHERE exp_e='10-21009248' AND c_asigna='300101' AND status IN ('0','3','B') [1][0] OK
C:[06/12/2013 15:15:32.03][172.16.4.247][1572] SELECT pre_cod_asig1,pre_cod_asig2,pre_cod_asig3,pre_cod_asig4,pre_cod_asig5,pre_cod_asig6,pre_cod_asig7 FROM tblaca009 WHERE pensum='5' AND c_uni_ca='4' AND c_asigna='300218' [1][0] OK
C:[06/12/2013 15:15:32.03][172.16.4.247][1585] SELECT c_asigna FROM dace004 WHERE exp_e='10-21009248' AND c_asigna='300101' AND status IN ('0','3','B') [1][0] OK
C:[06/12/2013 15:15:32.03][172.16.4.247][1572] SELECT pre_cod_asig1,pre_cod_asig2,pre_cod_asig3,pre_cod_asig4,pre_cod_asig5,pre_cod_asig6,pre_cod_asig7 FROM tblaca009 WHERE pensum='5' AND c_uni_ca='4' AND c_asigna='300226' [1][0] OK
C:[06/12/2013 15:15:32.03][172.16.4.247][1585] SELECT c_asigna FROM dace004 WHERE exp_e='10-21009248' AND c_asigna='300116' AND status IN ('0','3','B') [1][0] OK
C:[06/12/2013 15:15:32.03][172.16.4.247][1572] SELECT pre_cod_asig1,pre_cod_asig2,pre_cod_asig3,pre_cod_asig4,pre_cod_asig5,pre_cod_asig6,pre_cod_asig7 FROM tblaca009 WHERE pensum='5' AND c_uni_ca='4' AND c_asigna='300105' [1][0] OK
C:[06/12/2013 15:15:33.95][172.16.4.247][1616] SELECT par_cod_asig1,par_cod_asig2,par_cod_asig3 FROM tblaca009 WHERE pensum='5' AND c_uni_ca='4' AND c_asigna='300207' [1][0] OK
C:[06/12/2013 15:15:33.95][172.16.4.247][1616] SELECT par_cod_asig1,par_cod_asig2,par_cod_asig3 FROM tblaca009 WHERE pensum='5' AND c_uni_ca='4' AND c_asigna='300209' [1][0] OK
C:[06/12/2013 15:15:33.95][172.16.4.247][1616] SELECT par_cod_asig1,par_cod_asig2,par_cod_asig3 FROM tblaca009 WHERE pensum='5' AND c_uni_ca='4' AND c_asigna='300213' [1][0] OK
C:[06/12/2013 15:15:33.95][172.16.4.247][1630] SELECT c_asigna FROM dace004 WHERE exp_e='10-21009248' AND c_asigna='300209' AND status IN ('0','3','B','C') [0][0] OK
C:[06/12/2013 15:15:33.95][172.16.4.247][1616] SELECT par_cod_asig1,par_cod_asig2,par_cod_asig3 FROM tblaca009 WHERE pensum='5' AND c_uni_ca='4' AND c_asigna='300218' [1][0] OK
C:[06/12/2013 15:15:33.95][172.16.4.247][1630] SELECT c_asigna FROM dace004 WHERE exp_e='10-21009248' AND c_asigna='300228' AND status IN ('0','3','B','C') [1][0] OK
C:[06/12/2013 15:15:33.95][172.16.4.247][1616] SELECT par_cod_asig1,par_cod_asig2,par_cod_asig3 FROM tblaca009 WHERE pensum='5' AND c_uni_ca='4' AND c_asigna='300226' [1][0] OK
C:[06/12/2013 15:15:33.95][172.16.4.247][1616] SELECT par_cod_asig1,par_cod_asig2,par_cod_asig3 FROM tblaca009 WHERE pensum='5' AND c_uni_ca='4' AND c_asigna='300105' [1][0] OK
C:[06/12/2013 15:18:22.81][172.16.4.247][1572] SELECT pre_cod_asig1,pre_cod_asig2,pre_cod_asig3,pre_cod_asig4,pre_cod_asig5,pre_cod_asig6,pre_cod_asig7 FROM tblaca009 WHERE pensum='5' AND c_uni_ca='3' AND c_asigna='300013' [1][0] OK
C:[06/12/2013 15:18:22.81][172.16.4.247][1572] SELECT pre_cod_asig1,pre_cod_asig2,pre_cod_asig3,pre_cod_asig4,pre_cod_asig5,pre_cod_asig6,pre_cod_asig7 FROM tblaca009 WHERE pensum='5' AND c_uni_ca='3' AND c_asigna='300113' [1][0] OK
C:[06/12/2013 15:18:22.63][172.16.4.247][1616] SELECT par_cod_asig1,par_cod_asig2,par_cod_asig3 FROM tblaca009 WHERE pensum='5' AND c_uni_ca='3' AND c_asigna='300013' [1][0] OK
C:[06/12/2013 15:18:22.63][172.16.4.247][1616] SELECT par_cod_asig1,par_cod_asig2,par_cod_asig3 FROM tblaca009 WHERE pensum='5' AND c_uni_ca='3' AND c_asigna='300113' [1][0] OK
C:[06/12/2013 15:18:22.63][172.16.4.247][1630] SELECT c_asigna FROM dace004 WHERE exp_e='05-18786925' AND c_asigna='300013' AND status IN ('0','3','B','C') [0][0] OK
C:[06/12/2013 23:02:44.84][190.37.164.252][1572] SELECT pre_cod_asig1,pre_cod_asig2,pre_cod_asig3,pre_cod_asig4,pre_cod_asig5,pre_cod_asig6,pre_cod_asig7 FROM tblaca009 WHERE pensum='5' AND c_uni_ca='2' AND c_asigna='300207' [1][0] OK
C:[06/12/2013 23:02:44.84][190.37.164.252][1585] SELECT c_asigna FROM dace004 WHERE exp_e='12-23503391' AND c_asigna='300101' AND status IN ('0','3','B') [1][0] OK
C:[06/12/2013 23:02:44.84][190.37.164.252][1572] SELECT pre_cod_asig1,pre_cod_asig2,pre_cod_asig3,pre_cod_asig4,pre_cod_asig5,pre_cod_asig6,pre_cod_asig7 FROM tblaca009 WHERE pensum='5' AND c_uni_ca='2' AND c_asigna='300209' [1][0] OK
C:[06/12/2013 23:02:44.84][190.37.164.252][1585] SELECT c_asigna FROM dace004 WHERE exp_e='12-23503391' AND c_asigna='300101' AND status IN ('0','3','B') [1][0] OK
C:[06/12/2013 23:02:44.84][190.37.164.252][1572] SELECT pre_cod_asig1,pre_cod_asig2,pre_cod_asig3,pre_cod_asig4,pre_cod_asig5,pre_cod_asig6,pre_cod_asig7 FROM tblaca009 WHERE pensum='5' AND c_uni_ca='2' AND c_asigna='300228' [1][0] OK
C:[06/12/2013 23:02:44.84][190.37.164.252][1585] SELECT c_asigna FROM dace004 WHERE exp_e='12-23503391' AND c_asigna='300101' AND status IN ('0','3','B') [1][0] OK
C:[06/12/2013 23:02:44.84][190.37.164.252][1572] SELECT pre_cod_asig1,pre_cod_asig2,pre_cod_asig3,pre_cod_asig4,pre_cod_asig5,pre_cod_asig6,pre_cod_asig7 FROM tblaca009 WHERE pensum='5' AND c_uni_ca='2' AND c_asigna='300213' [1][0] OK
C:[06/12/2013 23:02:44.84][190.37.164.252][1585] SELECT c_asigna FROM dace004 WHERE exp_e='12-23503391' AND c_asigna='300101' AND status IN ('0','3','B') [1][0] OK
C:[06/12/2013 23:02:44.84][190.37.164.252][1572] SELECT pre_cod_asig1,pre_cod_asig2,pre_cod_asig3,pre_cod_asig4,pre_cod_asig5,pre_cod_asig6,pre_cod_asig7 FROM tblaca009 WHERE pensum='5' AND c_uni_ca='2' AND c_asigna='322449' [1][0] OK
C:[06/12/2013 23:02:44.84][190.37.164.252][1585] SELECT c_asigna FROM dace004 WHERE exp_e='12-23503391' AND c_asigna='300222' AND status IN ('0','3','B') [1][0] OK
C:[06/12/2013 23:02:45.33][190.37.164.252][1616] SELECT par_cod_asig1,par_cod_asig2,par_cod_asig3 FROM tblaca009 WHERE pensum='5' AND c_uni_ca='2' AND c_asigna='300207' [1][0] OK
C:[06/12/2013 23:02:45.33][190.37.164.252][1616] SELECT par_cod_asig1,par_cod_asig2,par_cod_asig3 FROM tblaca009 WHERE pensum='5' AND c_uni_ca='2' AND c_asigna='300209' [1][0] OK
C:[06/12/2013 23:02:45.33][190.37.164.252][1616] SELECT par_cod_asig1,par_cod_asig2,par_cod_asig3 FROM tblaca009 WHERE pensum='5' AND c_uni_ca='2' AND c_asigna='300228' [1][0] OK
C:[06/12/2013 23:02:45.33][190.37.164.252][1616] SELECT par_cod_asig1,par_cod_asig2,par_cod_asig3 FROM tblaca009 WHERE pensum='5' AND c_uni_ca='2' AND c_asigna='300213' [1][0] OK
C:[06/12/2013 23:02:45.33][190.37.164.252][1630] SELECT c_asigna FROM dace004 WHERE exp_e='12-23503391' AND c_asigna='300209' AND status IN ('0','3','B','C') [0][0] OK
C:[06/12/2013 23:02:45.33][190.37.164.252][1616] SELECT par_cod_asig1,par_cod_asig2,par_cod_asig3 FROM tblaca009 WHERE pensum='5' AND c_uni_ca='2' AND c_asigna='322449' [1][0] OK
C:[06/12/2013 23:02:45.09][190.37.164.252][1687] SELECT c_asigna FROM tblaca009 WHERE pensum='5' AND c_uni_ca='2' AND ((par_cod_asig1='300218') OR (par_cod_asig2='300218') OR (par_cod_asig3='300218'))  [0][0] OK
C:[07/12/2013 09:15:36.34][190.39.7.209][1572] SELECT pre_cod_asig1,pre_cod_asig2,pre_cod_asig3,pre_cod_asig4,pre_cod_asig5,pre_cod_asig6,pre_cod_asig7 FROM tblaca009 WHERE pensum='5' AND c_uni_ca='2' AND c_asigna='322436' [1][0] OK
C:[07/12/2013 09:15:36.34][190.39.7.209][1585] SELECT c_asigna FROM dace004 WHERE exp_e='10-21264943' AND c_asigna='300317' AND status IN ('0','3','B') [1][0] OK
C:[07/12/2013 09:15:36.34][190.39.7.209][1585] SELECT c_asigna FROM dace004 WHERE exp_e='10-21264943' AND c_asigna='320311' AND status IN ('0','3','B') [1][0] OK
C:[07/12/2013 09:15:36.34][190.39.7.209][1572] SELECT pre_cod_asig1,pre_cod_asig2,pre_cod_asig3,pre_cod_asig4,pre_cod_asig5,pre_cod_asig6,pre_cod_asig7 FROM tblaca009 WHERE pensum='5' AND c_uni_ca='2' AND c_asigna='322433' [1][0] OK
C:[07/12/2013 09:15:36.34][190.39.7.209][1585] SELECT c_asigna FROM dace004 WHERE exp_e='10-21264943' AND c_asigna='320323' AND status IN ('0','3','B') [1][0] OK
C:[07/12/2013 09:15:36.34][190.39.7.209][1585] SELECT c_asigna FROM dace004 WHERE exp_e='10-21264943' AND c_asigna='300209' AND status IN ('0','3','B') [1][0] OK
C:[07/12/2013 09:15:36.34][190.39.7.209][1572] SELECT pre_cod_asig1,pre_cod_asig2,pre_cod_asig3,pre_cod_asig4,pre_cod_asig5,pre_cod_asig6,pre_cod_asig7 FROM tblaca009 WHERE pensum='5' AND c_uni_ca='2' AND c_asigna='300313' [1][0] OK
C:[07/12/2013 09:15:36.34][190.39.7.209][1585] SELECT c_asigna FROM dace004 WHERE exp_e='10-21264943' AND c_asigna='300213' AND status IN ('0','3','B') [1][0] OK
C:[07/12/2013 09:15:36.34][190.39.7.209][1585] SELECT c_asigna FROM dace004 WHERE exp_e='10-21264943' AND c_asigna='300226' AND status IN ('0','3','B') [1][0] OK
C:[07/12/2013 09:15:36.34][190.39.7.209][1585] SELECT c_asigna FROM dace004 WHERE exp_e='10-21264943' AND c_asigna='300209' AND status IN ('0','3','B') [1][0] OK
C:[07/12/2013 09:15:36.16][190.39.7.209][1616] SELECT par_cod_asig1,par_cod_asig2,par_cod_asig3 FROM tblaca009 WHERE pensum='5' AND c_uni_ca='2' AND c_asigna='322436' [1][0] OK
C:[07/12/2013 09:15:36.16][190.39.7.209][1616] SELECT par_cod_asig1,par_cod_asig2,par_cod_asig3 FROM tblaca009 WHERE pensum='5' AND c_uni_ca='2' AND c_asigna='322433' [1][0] OK
C:[07/12/2013 09:15:36.16][190.39.7.209][1616] SELECT par_cod_asig1,par_cod_asig2,par_cod_asig3 FROM tblaca009 WHERE pensum='5' AND c_uni_ca='2' AND c_asigna='300313' [1][0] OK
C:[07/12/2013 09:15:36.53][190.39.7.209][1687] SELECT c_asigna FROM tblaca009 WHERE pensum='5' AND c_uni_ca='2' AND ((par_cod_asig1='322560') OR (par_cod_asig2='322560') OR (par_cod_asig3='322560'))  [0][0] OK
C:[07/12/2013 09:15:36.53][190.39.7.209][1687] SELECT c_asigna FROM tblaca009 WHERE pensum='5' AND c_uni_ca='2' AND ((par_cod_asig1='323528') OR (par_cod_asig2='323528') OR (par_cod_asig3='323528'))  [1][0] OK
C:[07/12/2013 09:15:36.53][190.39.7.209][1699] SELECT c_asigna FROM dace004 WHERE exp_e='10-21264943' AND c_asigna='322560' AND status IN ('0','3','B') [0][0] OK
C:[07/12/2013 22:57:49.43][179.44.192.136][1572] SELECT pre_cod_asig1,pre_cod_asig2,pre_cod_asig3,pre_cod_asig4,pre_cod_asig5,pre_cod_asig6,pre_cod_asig7 FROM tblaca009 WHERE pensum='5' AND c_uni_ca='5' AND c_asigna='355696' [1][0] OK
C:[07/12/2013 22:57:49.43][179.44.192.136][1585] SELECT c_asigna FROM dace004 WHERE exp_e='10-20994954' AND c_asigna='355570' AND status IN ('0','3','B') [1][0] OK
C:[07/12/2013 22:57:49.43][179.44.192.136][1585] SELECT c_asigna FROM dace004 WHERE exp_e='10-20994954' AND c_asigna='355571' AND status IN ('0','3','B') [1][0] OK
C:[07/12/2013 22:57:49.43][179.44.192.136][1572] SELECT pre_cod_asig1,pre_cod_asig2,pre_cod_asig3,pre_cod_asig4,pre_cod_asig5,pre_cod_asig6,pre_cod_asig7 FROM tblaca009 WHERE pensum='5' AND c_uni_ca='5' AND c_asigna='355572' [1][0] OK
C:[07/12/2013 22:57:49.43][179.44.192.136][1585] SELECT c_asigna FROM dace004 WHERE exp_e='10-20994954' AND c_asigna='300428' AND status IN ('0','3','B') [1][0] OK
C:[07/12/2013 22:57:49.43][179.44.192.136][1572] SELECT pre_cod_asig1,pre_cod_asig2,pre_cod_asig3,pre_cod_asig4,pre_cod_asig5,pre_cod_asig6,pre_cod_asig7 FROM tblaca009 WHERE pensum='5' AND c_uni_ca='5' AND c_asigna='355595' [1][0] OK
C:[07/12/2013 22:57:49.43][179.44.192.136][1585] SELECT c_asigna FROM dace004 WHERE exp_e='10-20994954' AND c_asigna='351451' AND status IN ('0','3','B') [1][0] OK
C:[07/12/2013 22:57:49.43][179.44.192.136][1585] SELECT c_asigna FROM dace004 WHERE exp_e='10-20994954' AND c_asigna='355350' AND status IN ('0','3','B') [1][0] OK
C:[07/12/2013 22:57:49.43][179.44.192.136][1585] SELECT c_asigna FROM dace004 WHERE exp_e='10-20994954' AND c_asigna='300318' AND status IN ('0','3','B') [1][0] OK
C:[07/12/2013 22:57:49.43][179.44.192.136][1572] SELECT pre_cod_asig1,pre_cod_asig2,pre_cod_asig3,pre_cod_asig4,pre_cod_asig5,pre_cod_asig6,pre_cod_asig7 FROM tblaca009 WHERE pensum='5' AND c_uni_ca='5' AND c_asigna='355692' [1][0] OK
C:[07/12/2013 22:57:49.43][179.44.192.136][1585] SELECT c_asigna FROM dace004 WHERE exp_e='10-20994954' AND c_asigna='355448' AND status IN ('0','3','B') [1][0] OK
C:[07/12/2013 22:57:49.43][179.44.192.136][1585] SELECT c_asigna FROM dace004 WHERE exp_e='10-20994954' AND c_asigna='355570' AND status IN ('0','3','B') [1][0] OK
C:[07/12/2013 22:57:49.49][179.44.192.136][1616] SELECT par_cod_asig1,par_cod_asig2,par_cod_asig3 FROM tblaca009 WHERE pensum='5' AND c_uni_ca='5' AND c_asigna='355696' [1][0] OK
C:[07/12/2013 22:57:49.49][179.44.192.136][1616] SELECT par_cod_asig1,par_cod_asig2,par_cod_asig3 FROM tblaca009 WHERE pensum='5' AND c_uni_ca='5' AND c_asigna='355572' [1][0] OK
C:[07/12/2013 22:57:49.49][179.44.192.136][1616] SELECT par_cod_asig1,par_cod_asig2,par_cod_asig3 FROM tblaca009 WHERE pensum='5' AND c_uni_ca='5' AND c_asigna='355595' [1][0] OK
C:[07/12/2013 22:57:49.49][179.44.192.136][1616] SELECT par_cod_asig1,par_cod_asig2,par_cod_asig3 FROM tblaca009 WHERE pensum='5' AND c_uni_ca='5' AND c_asigna='355692' [1][0] OK
C:[07/12/2013 22:57:49.02][179.44.192.136][1687] SELECT c_asigna FROM tblaca009 WHERE pensum='5' AND c_uni_ca='5' AND ((par_cod_asig1='355691') OR (par_cod_asig2='355691') OR (par_cod_asig3='355691'))  [0][0] OK
C:[09/12/2013 10:28:19.73][190.206.92.29][1572] SELECT pre_cod_asig1,pre_cod_asig2,pre_cod_asig3,pre_cod_asig4,pre_cod_asig5,pre_cod_asig6,pre_cod_asig7 FROM tblaca009 WHERE pensum='5' AND c_uni_ca='5' AND c_asigna='355572' [1][0] OK
C:[09/12/2013 10:28:19.73][190.206.92.29][1585] SELECT c_asigna FROM dace004 WHERE exp_e='09-20805720' AND c_asigna='300428' AND status IN ('0','3','B') [1][0] OK
C:[09/12/2013 10:28:19.73][190.206.92.29][1572] SELECT pre_cod_asig1,pre_cod_asig2,pre_cod_asig3,pre_cod_asig4,pre_cod_asig5,pre_cod_asig6,pre_cod_asig7 FROM tblaca009 WHERE pensum='5' AND c_uni_ca='5' AND c_asigna='355595' [1][0] OK
C:[09/12/2013 10:28:19.73][190.206.92.29][1585] SELECT c_asigna FROM dace004 WHERE exp_e='09-20805720' AND c_asigna='351451' AND status IN ('0','3','B') [1][0] OK
C:[09/12/2013 10:28:19.73][190.206.92.29][1585] SELECT c_asigna FROM dace004 WHERE exp_e='09-20805720' AND c_asigna='355350' AND status IN ('0','3','B') [1][0] OK
C:[09/12/2013 10:28:19.73][190.206.92.29][1585] SELECT c_asigna FROM dace004 WHERE exp_e='09-20805720' AND c_asigna='300318' AND status IN ('0','3','B') [1][0] OK
C:[09/12/2013 10:28:19.73][190.206.92.29][1572] SELECT pre_cod_asig1,pre_cod_asig2,pre_cod_asig3,pre_cod_asig4,pre_cod_asig5,pre_cod_asig6,pre_cod_asig7 FROM tblaca009 WHERE pensum='5' AND c_uni_ca='5' AND c_asigna='352440' [1][0] OK
C:[09/12/2013 10:28:19.73][190.206.92.29][1585] SELECT c_asigna FROM dace004 WHERE exp_e='09-20805720' AND c_asigna='300317' AND status IN ('0','3','B') [1][0] OK
C:[09/12/2013 10:28:19.73][190.206.92.29][1585] SELECT c_asigna FROM dace004 WHERE exp_e='09-20805720' AND c_asigna='300013' AND status IN ('0','3','B') [1][0] OK
C:[09/12/2013 10:28:19.73][190.206.92.29][1585] SELECT c_asigna FROM dace004 WHERE exp_e='09-20805720' AND c_asigna='300113' AND status IN ('0','3','B') [1][0] OK
C:[09/12/2013 10:28:19.73][190.206.92.29][1572] SELECT pre_cod_asig1,pre_cod_asig2,pre_cod_asig3,pre_cod_asig4,pre_cod_asig5,pre_cod_asig6,pre_cod_asig7 FROM tblaca009 WHERE pensum='5' AND c_uni_ca='5' AND c_asigna='355692' [1][0] OK
C:[09/12/2013 10:28:19.73][190.206.92.29][1585] SELECT c_asigna FROM dace004 WHERE exp_e='09-20805720' AND c_asigna='355448' AND status IN ('0','3','B') [1][0] OK
C:[09/12/2013 10:28:19.73][190.206.92.29][1585] SELECT c_asigna FROM dace004 WHERE exp_e='09-20805720' AND c_asigna='355570' AND status IN ('0','3','B') [1][0] OK
C:[09/12/2013 10:28:19.92][190.206.92.29][1616] SELECT par_cod_asig1,par_cod_asig2,par_cod_asig3 FROM tblaca009 WHERE pensum='5' AND c_uni_ca='5' AND c_asigna='355572' [1][0] OK
C:[09/12/2013 10:28:19.92][190.206.92.29][1616] SELECT par_cod_asig1,par_cod_asig2,par_cod_asig3 FROM tblaca009 WHERE pensum='5' AND c_uni_ca='5' AND c_asigna='355595' [1][0] OK
C:[09/12/2013 10:28:19.92][190.206.92.29][1616] SELECT par_cod_asig1,par_cod_asig2,par_cod_asig3 FROM tblaca009 WHERE pensum='5' AND c_uni_ca='5' AND c_asigna='352440' [1][0] OK
C:[09/12/2013 10:28:19.92][190.206.92.29][1616] SELECT par_cod_asig1,par_cod_asig2,par_cod_asig3 FROM tblaca009 WHERE pensum='5' AND c_uni_ca='5' AND c_asigna='355692' [1][0] OK
C:[09/12/2013 10:28:19.42][190.206.92.29][1687] SELECT c_asigna FROM tblaca009 WHERE pensum='5' AND c_uni_ca='5' AND ((par_cod_asig1='355691') OR (par_cod_asig2='355691') OR (par_cod_asig3='355691'))  [0][0] OK
C:[09/12/2013 17:01:03.33][186.167.242.204][1572] SELECT pre_cod_asig1,pre_cod_asig2,pre_cod_asig3,pre_cod_asig4,pre_cod_asig5,pre_cod_asig6,pre_cod_asig7 FROM tblaca009 WHERE pensum='5' AND c_uni_ca='2' AND c_asigna='322560' [1][0] OK
C:[09/12/2013 17:01:03.33][186.167.242.204][1572] SELECT pre_cod_asig1,pre_cod_asig2,pre_cod_asig3,pre_cod_asig4,pre_cod_asig5,pre_cod_asig6,pre_cod_asig7 FROM tblaca009 WHERE pensum='5' AND c_uni_ca='2' AND c_asigna='323528' [1][0] OK
C:[09/12/2013 17:01:03.33][186.167.242.204][1572] SELECT pre_cod_asig1,pre_cod_asig2,pre_cod_asig3,pre_cod_asig4,pre_cod_asig5,pre_cod_asig6,pre_cod_asig7 FROM tblaca009 WHERE pensum='5' AND c_uni_ca='2' AND c_asigna='300226' [1][0] OK
C:[09/12/2013 17:01:03.33][186.167.242.204][1585] SELECT c_asigna FROM dace004 WHERE exp_e='10-21498043' AND c_asigna='300116' AND status IN ('0','3','B') [1][0] OK
C:[09/12/2013 17:01:03.33][186.167.242.204][1572] SELECT pre_cod_asig1,pre_cod_asig2,pre_cod_asig3,pre_cod_asig4,pre_cod_asig5,pre_cod_asig6,pre_cod_asig7 FROM tblaca009 WHERE pensum='5' AND c_uni_ca='2' AND c_asigna='300422' [1][0] OK
C:[09/12/2013 17:01:03.33][186.167.242.204][1585] SELECT c_asigna FROM dace004 WHERE exp_e='10-21498043' AND c_asigna='300105' AND status IN ('0','3','B') [1][0] OK
C:[09/12/2013 17:01:03.33][186.167.242.204][1585] SELECT c_asigna FROM dace004 WHERE exp_e='10-21498043' AND c_asigna='300314' AND status IN ('0','3','B') [1][0] OK
C:[09/12/2013 17:01:03.33][186.167.242.204][1572] SELECT pre_cod_asig1,pre_cod_asig2,pre_cod_asig3,pre_cod_asig4,pre_cod_asig5,pre_cod_asig6,pre_cod_asig7 FROM tblaca009 WHERE pensum='5' AND c_uni_ca='2' AND c_asigna='300428' [1][0] OK
C:[09/12/2013 17:01:03.33][186.167.242.204][1585] SELECT c_asigna FROM dace004 WHERE exp_e='10-21498043' AND c_asigna='300317' AND status IN ('0','3','B') [1][0] OK
C:[09/12/2013 17:01:03.33][186.167.242.204][1585] SELECT c_asigna FROM dace004 WHERE exp_e='10-21498043' AND c_asigna='300209' AND status IN ('0','3','B') [1][0] OK
C:[09/12/2013 17:01:03.33][186.167.242.204][1572] SELECT pre_cod_asig1,pre_cod_asig2,pre_cod_asig3,pre_cod_asig4,pre_cod_asig5,pre_cod_asig6,pre_cod_asig7 FROM tblaca009 WHERE pensum='5' AND c_uni_ca='2' AND c_asigna='322433' [1][0] OK
C:[09/12/2013 17:01:03.33][186.167.242.204][1585] SELECT c_asigna FROM dace004 WHERE exp_e='10-21498043' AND c_asigna='320323' AND status IN ('0','3','B') [1][0] OK
C:[09/12/2013 17:01:03.33][186.167.242.204][1585] SELECT c_asigna FROM dace004 WHERE exp_e='10-21498043' AND c_asigna='300209' AND status IN ('0','3','B') [1][0] OK
C:[09/12/2013 17:01:04.51][186.167.242.204][1616] SELECT par_cod_asig1,par_cod_asig2,par_cod_asig3 FROM tblaca009 WHERE pensum='5' AND c_uni_ca='2' AND c_asigna='322560' [1][0] OK
C:[09/12/2013 17:01:04.51][186.167.242.204][1630] SELECT c_asigna FROM dace004 WHERE exp_e='10-21498043' AND c_asigna='323528' AND status IN ('0','3','B','C') [0][0] OK
C:[09/12/2013 17:01:04.51][186.167.242.204][1616] SELECT par_cod_asig1,par_cod_asig2,par_cod_asig3 FROM tblaca009 WHERE pensum='5' AND c_uni_ca='2' AND c_asigna='323528' [1][0] OK
C:[09/12/2013 17:01:04.51][186.167.242.204][1616] SELECT par_cod_asig1,par_cod_asig2,par_cod_asig3 FROM tblaca009 WHERE pensum='5' AND c_uni_ca='2' AND c_asigna='300226' [1][0] OK
C:[09/12/2013 17:01:04.51][186.167.242.204][1616] SELECT par_cod_asig1,par_cod_asig2,par_cod_asig3 FROM tblaca009 WHERE pensum='5' AND c_uni_ca='2' AND c_asigna='300422' [1][0] OK
C:[09/12/2013 17:01:04.51][186.167.242.204][1616] SELECT par_cod_asig1,par_cod_asig2,par_cod_asig3 FROM tblaca009 WHERE pensum='5' AND c_uni_ca='2' AND c_asigna='300428' [1][0] OK
C:[09/12/2013 17:01:04.51][186.167.242.204][1616] SELECT par_cod_asig1,par_cod_asig2,par_cod_asig3 FROM tblaca009 WHERE pensum='5' AND c_uni_ca='2' AND c_asigna='322433' [1][0] OK
C:[09/12/2013 19:26:58.73][186.24.13.102][1572] SELECT pre_cod_asig1,pre_cod_asig2,pre_cod_asig3,pre_cod_asig4,pre_cod_asig5,pre_cod_asig6,pre_cod_asig7 FROM tblaca009 WHERE pensum='5' AND c_uni_ca='3' AND c_asigna='300422' [1][0] OK
C:[09/12/2013 19:26:58.73][186.24.13.102][1585] SELECT c_asigna FROM dace004 WHERE exp_e='06-16613925' AND c_asigna='300105' AND status IN ('0','3','B') [1][0] OK
C:[09/12/2013 19:26:58.73][186.24.13.102][1585] SELECT c_asigna FROM dace004 WHERE exp_e='06-16613925' AND c_asigna='300314' AND status IN ('0','3','B') [1][0] OK
C:[09/12/2013 19:26:58.73][186.24.13.102][1572] SELECT pre_cod_asig1,pre_cod_asig2,pre_cod_asig3,pre_cod_asig4,pre_cod_asig5,pre_cod_asig6,pre_cod_asig7 FROM tblaca009 WHERE pensum='5' AND c_uni_ca='3' AND c_asigna='315671' [1][0] OK
C:[09/12/2013 19:26:58.73][186.24.13.102][1585] SELECT c_asigna FROM dace004 WHERE exp_e='06-16613925' AND c_asigna='315552' AND status IN ('0','3','B') [1][0] OK
C:[09/12/2013 19:26:58.73][186.24.13.102][1572] SELECT pre_cod_asig1,pre_cod_asig2,pre_cod_asig3,pre_cod_asig4,pre_cod_asig5,pre_cod_asig6,pre_cod_asig7 FROM tblaca009 WHERE pensum='5' AND c_uni_ca='3' AND c_asigna='311775' [1][0] OK
C:[09/12/2013 19:26:58.73][186.24.13.102][1585] SELECT c_asigna FROM dace004 WHERE exp_e='06-16613925' AND c_asigna='311655' AND status IN ('0','3','B') [1][0] OK
C:[09/12/2013 19:26:58.73][186.24.13.102][1572] SELECT pre_cod_asig1,pre_cod_asig2,pre_cod_asig3,pre_cod_asig4,pre_cod_asig5,pre_cod_asig6,pre_cod_asig7 FROM tblaca009 WHERE pensum='5' AND c_uni_ca='3' AND c_asigna='314787' [1][0] OK
C:[09/12/2013 19:26:58.73][186.24.13.102][1585] SELECT c_asigna FROM dace004 WHERE exp_e='06-16613925' AND c_asigna='314662' AND status IN ('0','3','B') [1][0] OK
C:[09/12/2013 19:26:58.43][186.24.13.102][1616] SELECT par_cod_asig1,par_cod_asig2,par_cod_asig3 FROM tblaca009 WHERE pensum='5' AND c_uni_ca='3' AND c_asigna='300422' [1][0] OK
C:[09/12/2013 19:26:58.43][186.24.13.102][1616] SELECT par_cod_asig1,par_cod_asig2,par_cod_asig3 FROM tblaca009 WHERE pensum='5' AND c_uni_ca='3' AND c_asigna='315671' [1][0] OK
C:[09/12/2013 19:26:58.43][186.24.13.102][1616] SELECT par_cod_asig1,par_cod_asig2,par_cod_asig3 FROM tblaca009 WHERE pensum='5' AND c_uni_ca='3' AND c_asigna='311775' [1][0] OK
C:[09/12/2013 19:26:58.43][186.24.13.102][1616] SELECT par_cod_asig1,par_cod_asig2,par_cod_asig3 FROM tblaca009 WHERE pensum='5' AND c_uni_ca='3' AND c_asigna='314787' [1][0] OK
C:[09/12/2013 19:26:58.92][186.24.13.102][1687] SELECT c_asigna FROM tblaca009 WHERE pensum='5' AND c_uni_ca='3' AND ((par_cod_asig1='311795') OR (par_cod_asig2='311795') OR (par_cod_asig3='311795'))  [0][0] OK
C:[09/12/2013 19:26:58.92][186.24.13.102][1687] SELECT c_asigna FROM tblaca009 WHERE pensum='5' AND c_uni_ca='3' AND ((par_cod_asig1='311799') OR (par_cod_asig2='311799') OR (par_cod_asig3='311799'))  [0][0] OK
C:[09/12/2013 19:37:13.80][190.200.27.220][1572] SELECT pre_cod_asig1,pre_cod_asig2,pre_cod_asig3,pre_cod_asig4,pre_cod_asig5,pre_cod_asig6,pre_cod_asig7 FROM tblaca009 WHERE pensum='5' AND c_uni_ca='3' AND c_asigna='300317' [1][0] OK
C:[09/12/2013 19:37:13.80][190.200.27.220][1585] SELECT c_asigna FROM dace004 WHERE exp_e='11-20975034' AND c_asigna='300207' AND status IN ('0','3','B') [1][0] OK
C:[09/12/2013 19:37:13.80][190.200.27.220][1585] SELECT c_asigna FROM dace004 WHERE exp_e='11-20975034' AND c_asigna='300209' AND status IN ('0','3','B') [1][0] OK
C:[09/12/2013 19:37:13.80][190.200.27.220][1572] SELECT pre_cod_asig1,pre_cod_asig2,pre_cod_asig3,pre_cod_asig4,pre_cod_asig5,pre_cod_asig6,pre_cod_asig7 FROM tblaca009 WHERE pensum='5' AND c_uni_ca='3' AND c_asigna='300213' [1][0] OK
C:[09/12/2013 19:37:13.80][190.200.27.220][1585] SELECT c_asigna FROM dace004 WHERE exp_e='11-20975034' AND c_asigna='300101' AND status IN ('0','3','B') [1][0] OK
C:[09/12/2013 19:37:13.80][190.200.27.220][1572] SELECT pre_cod_asig1,pre_cod_asig2,pre_cod_asig3,pre_cod_asig4,pre_cod_asig5,pre_cod_asig6,pre_cod_asig7 FROM tblaca009 WHERE pensum='5' AND c_uni_ca='3' AND c_asigna='300226' [1][0] OK
C:[09/12/2013 19:37:13.80][190.200.27.220][1585] SELECT c_asigna FROM dace004 WHERE exp_e='11-20975034' AND c_asigna='300116' AND status IN ('0','3','B') [1][0] OK
C:[09/12/2013 19:37:13.80][190.200.27.220][1572] SELECT pre_cod_asig1,pre_cod_asig2,pre_cod_asig3,pre_cod_asig4,pre_cod_asig5,pre_cod_asig6,pre_cod_asig7 FROM tblaca009 WHERE pensum='5' AND c_uni_ca='3' AND c_asigna='300318' [1][0] OK
C:[09/12/2013 19:37:13.80][190.200.27.220][1585] SELECT c_asigna FROM dace004 WHERE exp_e='11-20975034' AND c_asigna='300228' AND status IN ('0','3','B') [1][0] OK
C:[09/12/2013 19:37:13.80][190.200.27.220][1585] SELECT c_asigna FROM dace004 WHERE exp_e='11-20975034' AND c_asigna='300207' AND status IN ('0','3','B') [1][0] OK
C:[09/12/2013 19:37:13.80][190.200.27.220][1585] SELECT c_asigna FROM dace004 WHERE exp_e='11-20975034' AND c_asigna='300218' AND status IN ('0','3','B') [1][0] OK
C:[09/12/2013 19:37:13.73][190.200.27.220][1616] SELECT par_cod_asig1,par_cod_asig2,par_cod_asig3 FROM tblaca009 WHERE pensum='5' AND c_uni_ca='3' AND c_asigna='300317' [1][0] OK
C:[09/12/2013 19:37:13.73][190.200.27.220][1616] SELECT par_cod_asig1,par_cod_asig2,par_cod_asig3 FROM tblaca009 WHERE pensum='5' AND c_uni_ca='3' AND c_asigna='300213' [1][0] OK
C:[09/12/2013 19:37:13.73][190.200.27.220][1630] SELECT c_asigna FROM dace004 WHERE exp_e='11-20975034' AND c_asigna='300209' AND status IN ('0','3','B','C') [1][0] OK
C:[09/12/2013 19:37:13.73][190.200.27.220][1616] SELECT par_cod_asig1,par_cod_asig2,par_cod_asig3 FROM tblaca009 WHERE pensum='5' AND c_uni_ca='3' AND c_asigna='300226' [1][0] OK
C:[09/12/2013 19:37:13.73][190.200.27.220][1616] SELECT par_cod_asig1,par_cod_asig2,par_cod_asig3 FROM tblaca009 WHERE pensum='5' AND c_uni_ca='3' AND c_asigna='300318' [1][0] OK
C:[09/12/2013 20:41:29.12][181.183.248.103][1572] SELECT pre_cod_asig1,pre_cod_asig2,pre_cod_asig3,pre_cod_asig4,pre_cod_asig5,pre_cod_asig6,pre_cod_asig7 FROM tblaca009 WHERE pensum='5' AND c_uni_ca='2' AND c_asigna='311561' [1][0] OK
C:[09/12/2013 20:41:29.12][181.183.248.103][1585] SELECT c_asigna FROM dace004 WHERE exp_e='10-23682786' AND c_asigna='300318' AND status IN ('0','3','B') [1][0] OK
C:[09/12/2013 20:41:29.12][181.183.248.103][1572] SELECT pre_cod_asig1,pre_cod_asig2,pre_cod_asig3,pre_cod_asig4,pre_cod_asig5,pre_cod_asig6,pre_cod_asig7 FROM tblaca009 WHERE pensum='5' AND c_uni_ca='2' AND c_asigna='322559' [1][0] OK
C:[09/12/2013 20:41:29.12][181.183.248.103][1585] SELECT c_asigna FROM dace004 WHERE exp_e='10-23682786' AND c_asigna='300428' AND status IN ('0','3','B') [1][0] OK
C:[09/12/2013 20:41:29.12][181.183.248.103][1585] SELECT c_asigna FROM dace004 WHERE exp_e='10-23682786' AND c_asigna='322436' AND status IN ('0','3','B') [1][0] OK
C:[09/12/2013 20:41:29.12][181.183.248.103][1572] SELECT pre_cod_asig1,pre_cod_asig2,pre_cod_asig3,pre_cod_asig4,pre_cod_asig5,pre_cod_asig6,pre_cod_asig7 FROM tblaca009 WHERE pensum='5' AND c_uni_ca='2' AND c_asigna='322560' [1][0] OK
C:[09/12/2013 20:41:29.12][181.183.248.103][1572] SELECT pre_cod_asig1,pre_cod_asig2,pre_cod_asig3,pre_cod_asig4,pre_cod_asig5,pre_cod_asig6,pre_cod_asig7 FROM tblaca009 WHERE pensum='5' AND c_uni_ca='2' AND c_asigna='300676' [1][0] OK
C:[09/12/2013 20:41:29.12][181.183.248.103][1572] SELECT pre_cod_asig1,pre_cod_asig2,pre_cod_asig3,pre_cod_asig4,pre_cod_asig5,pre_cod_asig6,pre_cod_asig7 FROM tblaca009 WHERE pensum='5' AND c_uni_ca='2' AND c_asigna='322681' [1][0] OK
C:[09/12/2013 20:41:29.12][181.183.248.103][1585] SELECT c_asigna FROM dace004 WHERE exp_e='10-23682786' AND c_asigna='320437' AND status IN ('0','3','B') [1][0] OK
C:[09/12/2013 20:41:29.12][181.183.248.103][1585] SELECT c_asigna FROM dace004 WHERE exp_e='10-23682786' AND c_asigna='322449' AND status IN ('0','3','B') [1][0] OK
C:[09/12/2013 20:41:29.12][181.183.248.103][1585] SELECT c_asigna FROM dace004 WHERE exp_e='10-23682786' AND c_asigna='300313' AND status IN ('0','3','B') [1][0] OK
C:[09/12/2013 20:41:29.12][181.183.248.103][1585] SELECT c_asigna FROM dace004 WHERE exp_e='10-23682786' AND c_asigna='300209' AND status IN ('0','3','B') [1][0] OK
C:[09/12/2013 20:41:29.12][181.183.248.103][1585] SELECT c_asigna FROM dace004 WHERE exp_e='10-23682786' AND c_asigna='300226' AND status IN ('0','3','B') [1][0] OK
C:[09/12/2013 20:41:29.12][181.183.248.103][1572] SELECT pre_cod_asig1,pre_cod_asig2,pre_cod_asig3,pre_cod_asig4,pre_cod_asig5,pre_cod_asig6,pre_cod_asig7 FROM tblaca009 WHERE pensum='5' AND c_uni_ca='2' AND c_asigna='322550' [1][0] OK
C:[09/12/2013 20:41:29.12][181.183.248.103][1585] SELECT c_asigna FROM dace004 WHERE exp_e='10-23682786' AND c_asigna='322433' AND status IN ('0','3','B') [1][0] OK
C:[09/12/2013 20:41:29.56][181.183.248.103][1616] SELECT par_cod_asig1,par_cod_asig2,par_cod_asig3 FROM tblaca009 WHERE pensum='5' AND c_uni_ca='2' AND c_asigna='311561' [1][0] OK
C:[09/12/2013 20:41:29.56][181.183.248.103][1616] SELECT par_cod_asig1,par_cod_asig2,par_cod_asig3 FROM tblaca009 WHERE pensum='5' AND c_uni_ca='2' AND c_asigna='322559' [1][0] OK
C:[09/12/2013 20:41:29.56][181.183.248.103][1616] SELECT par_cod_asig1,par_cod_asig2,par_cod_asig3 FROM tblaca009 WHERE pensum='5' AND c_uni_ca='2' AND c_asigna='322560' [1][0] OK
C:[09/12/2013 20:41:29.56][181.183.248.103][1630] SELECT c_asigna FROM dace004 WHERE exp_e='10-23682786' AND c_asigna='323528' AND status IN ('0','3','B','C') [0][0] OK
C:[09/12/2013 20:41:29.56][181.183.248.103][1616] SELECT par_cod_asig1,par_cod_asig2,par_cod_asig3 FROM tblaca009 WHERE pensum='5' AND c_uni_ca='2' AND c_asigna='300676' [1][0] OK
C:[09/12/2013 20:41:29.56][181.183.248.103][1616] SELECT par_cod_asig1,par_cod_asig2,par_cod_asig3 FROM tblaca009 WHERE pensum='5' AND c_uni_ca='2' AND c_asigna='322681' [1][0] OK
C:[09/12/2013 20:41:29.56][181.183.248.103][1616] SELECT par_cod_asig1,par_cod_asig2,par_cod_asig3 FROM tblaca009 WHERE pensum='5' AND c_uni_ca='2' AND c_asigna='322550' [1][0] OK
C:[09/12/2013 20:41:30.00][181.183.248.103][1687] SELECT c_asigna FROM tblaca009 WHERE pensum='5' AND c_uni_ca='2' AND ((par_cod_asig1='323528') OR (par_cod_asig2='323528') OR (par_cod_asig3='323528'))  [1][0] OK
C:[09/12/2013 20:41:30.00][181.183.248.103][1699] SELECT c_asigna FROM dace004 WHERE exp_e='10-23682786' AND c_asigna='322560' AND status IN ('0','3','B') [0][0] OK
C:[09/12/2013 20:49:23.88][190.73.225.176][1572] SELECT pre_cod_asig1,pre_cod_asig2,pre_cod_asig3,pre_cod_asig4,pre_cod_asig5,pre_cod_asig6,pre_cod_asig7 FROM tblaca009 WHERE pensum='5' AND c_uni_ca='2' AND c_asigna='311561' [1][0] OK
C:[09/12/2013 20:49:23.88][190.73.225.176][1585] SELECT c_asigna FROM dace004 WHERE exp_e='10-23682786' AND c_asigna='300318' AND status IN ('0','3','B') [1][0] OK
C:[09/12/2013 20:49:23.88][190.73.225.176][1572] SELECT pre_cod_asig1,pre_cod_asig2,pre_cod_asig3,pre_cod_asig4,pre_cod_asig5,pre_cod_asig6,pre_cod_asig7 FROM tblaca009 WHERE pensum='5' AND c_uni_ca='2' AND c_asigna='322559' [1][0] OK
C:[09/12/2013 20:49:23.88][190.73.225.176][1585] SELECT c_asigna FROM dace004 WHERE exp_e='10-23682786' AND c_asigna='300428' AND status IN ('0','3','B') [1][0] OK
C:[09/12/2013 20:49:23.88][190.73.225.176][1585] SELECT c_asigna FROM dace004 WHERE exp_e='10-23682786' AND c_asigna='322436' AND status IN ('0','3','B') [1][0] OK
C:[09/12/2013 20:49:23.88][190.73.225.176][1572] SELECT pre_cod_asig1,pre_cod_asig2,pre_cod_asig3,pre_cod_asig4,pre_cod_asig5,pre_cod_asig6,pre_cod_asig7 FROM tblaca009 WHERE pensum='5' AND c_uni_ca='2' AND c_asigna='322560' [1][0] OK
C:[09/12/2013 20:49:23.88][190.73.225.176][1572] SELECT pre_cod_asig1,pre_cod_asig2,pre_cod_asig3,pre_cod_asig4,pre_cod_asig5,pre_cod_asig6,pre_cod_asig7 FROM tblaca009 WHERE pensum='5' AND c_uni_ca='2' AND c_asigna='300676' [1][0] OK
C:[09/12/2013 20:49:23.88][190.73.225.176][1572] SELECT pre_cod_asig1,pre_cod_asig2,pre_cod_asig3,pre_cod_asig4,pre_cod_asig5,pre_cod_asig6,pre_cod_asig7 FROM tblaca009 WHERE pensum='5' AND c_uni_ca='2' AND c_asigna='322681' [1][0] OK
C:[09/12/2013 20:49:23.88][190.73.225.176][1585] SELECT c_asigna FROM dace004 WHERE exp_e='10-23682786' AND c_asigna='320437' AND status IN ('0','3','B') [1][0] OK
C:[09/12/2013 20:49:23.88][190.73.225.176][1585] SELECT c_asigna FROM dace004 WHERE exp_e='10-23682786' AND c_asigna='322449' AND status IN ('0','3','B') [1][0] OK
C:[09/12/2013 20:49:23.88][190.73.225.176][1585] SELECT c_asigna FROM dace004 WHERE exp_e='10-23682786' AND c_asigna='300313' AND status IN ('0','3','B') [1][0] OK
C:[09/12/2013 20:49:23.88][190.73.225.176][1585] SELECT c_asigna FROM dace004 WHERE exp_e='10-23682786' AND c_asigna='300209' AND status IN ('0','3','B') [1][0] OK
C:[09/12/2013 20:49:23.88][190.73.225.176][1585] SELECT c_asigna FROM dace004 WHERE exp_e='10-23682786' AND c_asigna='300226' AND status IN ('0','3','B') [1][0] OK
C:[09/12/2013 20:49:23.88][190.73.225.176][1572] SELECT pre_cod_asig1,pre_cod_asig2,pre_cod_asig3,pre_cod_asig4,pre_cod_asig5,pre_cod_asig6,pre_cod_asig7 FROM tblaca009 WHERE pensum='5' AND c_uni_ca='2' AND c_asigna='322550' [1][0] OK
C:[09/12/2013 20:49:23.88][190.73.225.176][1585] SELECT c_asigna FROM dace004 WHERE exp_e='10-23682786' AND c_asigna='322433' AND status IN ('0','3','B') [1][0] OK
C:[09/12/2013 20:49:24.32][190.73.225.176][1616] SELECT par_cod_asig1,par_cod_asig2,par_cod_asig3 FROM tblaca009 WHERE pensum='5' AND c_uni_ca='2' AND c_asigna='311561' [1][0] OK
C:[09/12/2013 20:49:24.32][190.73.225.176][1616] SELECT par_cod_asig1,par_cod_asig2,par_cod_asig3 FROM tblaca009 WHERE pensum='5' AND c_uni_ca='2' AND c_asigna='322559' [1][0] OK
C:[09/12/2013 20:49:24.32][190.73.225.176][1616] SELECT par_cod_asig1,par_cod_asig2,par_cod_asig3 FROM tblaca009 WHERE pensum='5' AND c_uni_ca='2' AND c_asigna='322560' [1][0] OK
C:[09/12/2013 20:49:24.32][190.73.225.176][1630] SELECT c_asigna FROM dace004 WHERE exp_e='10-23682786' AND c_asigna='323528' AND status IN ('0','3','B','C') [0][0] OK
C:[09/12/2013 20:49:24.32][190.73.225.176][1616] SELECT par_cod_asig1,par_cod_asig2,par_cod_asig3 FROM tblaca009 WHERE pensum='5' AND c_uni_ca='2' AND c_asigna='300676' [1][0] OK
C:[09/12/2013 20:49:24.32][190.73.225.176][1616] SELECT par_cod_asig1,par_cod_asig2,par_cod_asig3 FROM tblaca009 WHERE pensum='5' AND c_uni_ca='2' AND c_asigna='322681' [1][0] OK
C:[09/12/2013 20:49:24.32][190.73.225.176][1616] SELECT par_cod_asig1,par_cod_asig2,par_cod_asig3 FROM tblaca009 WHERE pensum='5' AND c_uni_ca='2' AND c_asigna='322550' [1][0] OK
C:[09/12/2013 20:49:24.21][190.73.225.176][1687] SELECT c_asigna FROM tblaca009 WHERE pensum='5' AND c_uni_ca='2' AND ((par_cod_asig1='323528') OR (par_cod_asig2='323528') OR (par_cod_asig3='323528'))  [1][0] OK
C:[09/12/2013 20:49:24.21][190.73.225.176][1699] SELECT c_asigna FROM dace004 WHERE exp_e='10-23682786' AND c_asigna='322560' AND status IN ('0','3','B') [0][0] OK
C:[09/12/2013 20:51:50.44][190.73.225.176][1572] SELECT pre_cod_asig1,pre_cod_asig2,pre_cod_asig3,pre_cod_asig4,pre_cod_asig5,pre_cod_asig6,pre_cod_asig7 FROM tblaca009 WHERE pensum='5' AND c_uni_ca='2' AND c_asigna='311561' [1][0] OK
C:[09/12/2013 20:51:50.44][190.73.225.176][1585] SELECT c_asigna FROM dace004 WHERE exp_e='10-23682786' AND c_asigna='300318' AND status IN ('0','3','B') [1][0] OK
C:[09/12/2013 20:51:50.44][190.73.225.176][1572] SELECT pre_cod_asig1,pre_cod_asig2,pre_cod_asig3,pre_cod_asig4,pre_cod_asig5,pre_cod_asig6,pre_cod_asig7 FROM tblaca009 WHERE pensum='5' AND c_uni_ca='2' AND c_asigna='322559' [1][0] OK
C:[09/12/2013 20:51:50.44][190.73.225.176][1585] SELECT c_asigna FROM dace004 WHERE exp_e='10-23682786' AND c_asigna='300428' AND status IN ('0','3','B') [1][0] OK
C:[09/12/2013 20:51:50.44][190.73.225.176][1585] SELECT c_asigna FROM dace004 WHERE exp_e='10-23682786' AND c_asigna='322436' AND status IN ('0','3','B') [1][0] OK
C:[09/12/2013 20:51:50.44][190.73.225.176][1572] SELECT pre_cod_asig1,pre_cod_asig2,pre_cod_asig3,pre_cod_asig4,pre_cod_asig5,pre_cod_asig6,pre_cod_asig7 FROM tblaca009 WHERE pensum='5' AND c_uni_ca='2' AND c_asigna='300676' [1][0] OK
C:[09/12/2013 20:51:50.44][190.73.225.176][1572] SELECT pre_cod_asig1,pre_cod_asig2,pre_cod_asig3,pre_cod_asig4,pre_cod_asig5,pre_cod_asig6,pre_cod_asig7 FROM tblaca009 WHERE pensum='5' AND c_uni_ca='2' AND c_asigna='322681' [1][0] OK
C:[09/12/2013 20:51:50.44][190.73.225.176][1585] SELECT c_asigna FROM dace004 WHERE exp_e='10-23682786' AND c_asigna='320437' AND status IN ('0','3','B') [1][0] OK
C:[09/12/2013 20:51:50.44][190.73.225.176][1585] SELECT c_asigna FROM dace004 WHERE exp_e='10-23682786' AND c_asigna='322449' AND status IN ('0','3','B') [1][0] OK
C:[09/12/2013 20:51:50.44][190.73.225.176][1585] SELECT c_asigna FROM dace004 WHERE exp_e='10-23682786' AND c_asigna='300313' AND status IN ('0','3','B') [1][0] OK
C:[09/12/2013 20:51:50.44][190.73.225.176][1585] SELECT c_asigna FROM dace004 WHERE exp_e='10-23682786' AND c_asigna='300209' AND status IN ('0','3','B') [1][0] OK
C:[09/12/2013 20:51:50.44][190.73.225.176][1585] SELECT c_asigna FROM dace004 WHERE exp_e='10-23682786' AND c_asigna='300226' AND status IN ('0','3','B') [1][0] OK
C:[09/12/2013 20:51:50.44][190.73.225.176][1572] SELECT pre_cod_asig1,pre_cod_asig2,pre_cod_asig3,pre_cod_asig4,pre_cod_asig5,pre_cod_asig6,pre_cod_asig7 FROM tblaca009 WHERE pensum='5' AND c_uni_ca='2' AND c_asigna='322550' [1][0] OK
C:[09/12/2013 20:51:50.44][190.73.225.176][1585] SELECT c_asigna FROM dace004 WHERE exp_e='10-23682786' AND c_asigna='322433' AND status IN ('0','3','B') [1][0] OK
C:[09/12/2013 20:52:45.24][190.73.225.176][1616] SELECT par_cod_asig1,par_cod_asig2,par_cod_asig3 FROM tblaca009 WHERE pensum='5' AND c_uni_ca='2' AND c_asigna='311561' [1][0] OK
C:[09/12/2013 20:52:45.24][190.73.225.176][1616] SELECT par_cod_asig1,par_cod_asig2,par_cod_asig3 FROM tblaca009 WHERE pensum='5' AND c_uni_ca='2' AND c_asigna='322559' [1][0] OK
C:[09/12/2013 20:52:45.24][190.73.225.176][1616] SELECT par_cod_asig1,par_cod_asig2,par_cod_asig3 FROM tblaca009 WHERE pensum='5' AND c_uni_ca='2' AND c_asigna='300676' [1][0] OK
C:[09/12/2013 20:52:45.24][190.73.225.176][1616] SELECT par_cod_asig1,par_cod_asig2,par_cod_asig3 FROM tblaca009 WHERE pensum='5' AND c_uni_ca='2' AND c_asigna='322681' [1][0] OK
C:[09/12/2013 20:52:45.24][190.73.225.176][1616] SELECT par_cod_asig1,par_cod_asig2,par_cod_asig3 FROM tblaca009 WHERE pensum='5' AND c_uni_ca='2' AND c_asigna='322550' [1][0] OK
C:[09/12/2013 20:52:45.85][190.73.225.176][1687] SELECT c_asigna FROM tblaca009 WHERE pensum='5' AND c_uni_ca='2' AND ((par_cod_asig1='322560') OR (par_cod_asig2='322560') OR (par_cod_asig3='322560'))  [0][0] OK
C:[09/12/2013 20:52:45.85][190.73.225.176][1687] SELECT c_asigna FROM tblaca009 WHERE pensum='5' AND c_uni_ca='2' AND ((par_cod_asig1='323528') OR (par_cod_asig2='323528') OR (par_cod_asig3='323528'))  [1][0] OK
C:[09/12/2013 20:52:45.85][190.73.225.176][1699] SELECT c_asigna FROM dace004 WHERE exp_e='10-23682786' AND c_asigna='322560' AND status IN ('0','3','B') [0][0] OK
C:[09/12/2013 20:59:45.03][190.73.153.102][1572] SELECT pre_cod_asig1,pre_cod_asig2,pre_cod_asig3,pre_cod_asig4,pre_cod_asig5,pre_cod_asig6,pre_cod_asig7 FROM tblaca009 WHERE pensum='5' AND c_uni_ca='4' AND c_asigna='300207' [1][0] OK
C:[09/12/2013 20:59:45.03][190.73.153.102][1585] SELECT c_asigna FROM dace004 WHERE exp_e='12-25081412' AND c_asigna='300101' AND status IN ('0','3','B') [1][0] OK
C:[09/12/2013 20:59:45.03][190.73.153.102][1572] SELECT pre_cod_asig1,pre_cod_asig2,pre_cod_asig3,pre_cod_asig4,pre_cod_asig5,pre_cod_asig6,pre_cod_asig7 FROM tblaca009 WHERE pensum='5' AND c_uni_ca='4' AND c_asigna='300209' [1][0] OK
C:[09/12/2013 20:59:45.03][190.73.153.102][1585] SELECT c_asigna FROM dace004 WHERE exp_e='12-25081412' AND c_asigna='300101' AND status IN ('0','3','B') [1][0] OK
C:[09/12/2013 20:59:45.03][190.73.153.102][1572] SELECT pre_cod_asig1,pre_cod_asig2,pre_cod_asig3,pre_cod_asig4,pre_cod_asig5,pre_cod_asig6,pre_cod_asig7 FROM tblaca009 WHERE pensum='5' AND c_uni_ca='4' AND c_asigna='300222' [1][0] OK
C:[09/12/2013 20:59:45.03][190.73.153.102][1585] SELECT c_asigna FROM dace004 WHERE exp_e='12-25081412' AND c_asigna='300112' AND status IN ('0','3','B') [1][0] OK
C:[09/12/2013 20:59:45.03][190.73.153.102][1572] SELECT pre_cod_asig1,pre_cod_asig2,pre_cod_asig3,pre_cod_asig4,pre_cod_asig5,pre_cod_asig6,pre_cod_asig7 FROM tblaca009 WHERE pensum='5' AND c_uni_ca='4' AND c_asigna='300228' [1][0] OK
C:[09/12/2013 20:59:45.03][190.73.153.102][1585] SELECT c_asigna FROM dace004 WHERE exp_e='12-25081412' AND c_asigna='300101' AND status IN ('0','3','B') [1][0] OK
C:[09/12/2013 20:59:45.59][190.73.153.102][1616] SELECT par_cod_asig1,par_cod_asig2,par_cod_asig3 FROM tblaca009 WHERE pensum='5' AND c_uni_ca='4' AND c_asigna='300207' [1][0] OK
C:[09/12/2013 20:59:45.59][190.73.153.102][1616] SELECT par_cod_asig1,par_cod_asig2,par_cod_asig3 FROM tblaca009 WHERE pensum='5' AND c_uni_ca='4' AND c_asigna='300209' [1][0] OK
C:[09/12/2013 20:59:45.59][190.73.153.102][1616] SELECT par_cod_asig1,par_cod_asig2,par_cod_asig3 FROM tblaca009 WHERE pensum='5' AND c_uni_ca='4' AND c_asigna='300222' [1][0] OK
C:[09/12/2013 20:59:45.59][190.73.153.102][1616] SELECT par_cod_asig1,par_cod_asig2,par_cod_asig3 FROM tblaca009 WHERE pensum='5' AND c_uni_ca='4' AND c_asigna='300228' [1][0] OK
C:[09/12/2013 20:59:46.09][190.73.153.102][1687] SELECT c_asigna FROM tblaca009 WHERE pensum='5' AND c_uni_ca='4' AND ((par_cod_asig1='300218') OR (par_cod_asig2='300218') OR (par_cod_asig3='300218'))  [0][0] OK
C:[09/12/2013 20:59:46.09][190.73.153.102][1687] SELECT c_asigna FROM tblaca009 WHERE pensum='5' AND c_uni_ca='4' AND ((par_cod_asig1='300314') OR (par_cod_asig2='300314') OR (par_cod_asig3='300314'))  [0][0] OK
C:[10/12/2013 08:37:29.86][186.94.54.174][1572] SELECT pre_cod_asig1,pre_cod_asig2,pre_cod_asig3,pre_cod_asig4,pre_cod_asig5,pre_cod_asig6,pre_cod_asig7 FROM tblaca009 WHERE pensum='5' AND c_uni_ca='6' AND c_asigna='300222' [1][0] OK
C:[10/12/2013 08:37:29.86][186.94.54.174][1585] SELECT c_asigna FROM dace004 WHERE exp_e='10-20807522' AND c_asigna='300112' AND status IN ('0','3','B') [1][0] OK
C:[10/12/2013 08:37:29.86][186.94.54.174][1572] SELECT pre_cod_asig1,pre_cod_asig2,pre_cod_asig3,pre_cod_asig4,pre_cod_asig5,pre_cod_asig6,pre_cod_asig7 FROM tblaca009 WHERE pensum='5' AND c_uni_ca='6' AND c_asigna='300116' [1][0] OK
C:[10/12/2013 08:37:29.61][186.94.54.174][1616] SELECT par_cod_asig1,par_cod_asig2,par_cod_asig3 FROM tblaca009 WHERE pensum='5' AND c_uni_ca='6' AND c_asigna='300222' [1][0] OK
C:[10/12/2013 08:37:29.61][186.94.54.174][1616] SELECT par_cod_asig1,par_cod_asig2,par_cod_asig3 FROM tblaca009 WHERE pensum='5' AND c_uni_ca='6' AND c_asigna='300116' [1][0] OK
C:[10/12/2013 10:01:03.91][190.37.169.217][1572] SELECT pre_cod_asig1,pre_cod_asig2,pre_cod_asig3,pre_cod_asig4,pre_cod_asig5,pre_cod_asig6,pre_cod_asig7 FROM tblaca009 WHERE pensum='5' AND c_uni_ca='3' AND c_asigna='300207' [1][0] OK
C:[10/12/2013 10:01:03.91][190.37.169.217][1585] SELECT c_asigna FROM dace004 WHERE exp_e='07-18982938' AND c_asigna='300101' AND status IN ('0','3','B') [1][0] OK
C:[10/12/2013 10:01:03.91][190.37.169.217][1572] SELECT pre_cod_asig1,pre_cod_asig2,pre_cod_asig3,pre_cod_asig4,pre_cod_asig5,pre_cod_asig6,pre_cod_asig7 FROM tblaca009 WHERE pensum='5' AND c_uni_ca='3' AND c_asigna='300013' [1][0] OK
C:[10/12/2013 10:01:03.85][190.37.169.217][1616] SELECT par_cod_asig1,par_cod_asig2,par_cod_asig3 FROM tblaca009 WHERE pensum='5' AND c_uni_ca='3' AND c_asigna='300207' [1][0] OK
C:[10/12/2013 10:01:03.85][190.37.169.217][1616] SELECT par_cod_asig1,par_cod_asig2,par_cod_asig3 FROM tblaca009 WHERE pensum='5' AND c_uni_ca='3' AND c_asigna='300013' [1][0] OK
C:[10/12/2013 15:19:02.02][190.201.10.114][1572] SELECT pre_cod_asig1,pre_cod_asig2,pre_cod_asig3,pre_cod_asig4,pre_cod_asig5,pre_cod_asig6,pre_cod_asig7 FROM tblaca009 WHERE pensum='5' AND c_uni_ca='5' AND c_asigna='300222' [1][0] OK
C:[10/12/2013 15:19:02.02][190.201.10.114][1585] SELECT c_asigna FROM dace004 WHERE exp_e='12-25835652' AND c_asigna='300112' AND status IN ('0','3','B') [1][0] OK
C:[10/12/2013 15:19:02.02][190.201.10.114][1572] SELECT pre_cod_asig1,pre_cod_asig2,pre_cod_asig3,pre_cod_asig4,pre_cod_asig5,pre_cod_asig6,pre_cod_asig7 FROM tblaca009 WHERE pensum='5' AND c_uni_ca='5' AND c_asigna='300226' [1][0] OK
C:[10/12/2013 15:19:02.02][190.201.10.114][1585] SELECT c_asigna FROM dace004 WHERE exp_e='12-25835652' AND c_asigna='300116' AND status IN ('0','3','B') [1][0] OK
C:[10/12/2013 15:19:02.02][190.201.10.114][1572] SELECT pre_cod_asig1,pre_cod_asig2,pre_cod_asig3,pre_cod_asig4,pre_cod_asig5,pre_cod_asig6,pre_cod_asig7 FROM tblaca009 WHERE pensum='5' AND c_uni_ca='5' AND c_asigna='300207' [1][0] OK
C:[10/12/2013 15:19:02.02][190.201.10.114][1585] SELECT c_asigna FROM dace004 WHERE exp_e='12-25835652' AND c_asigna='300101' AND status IN ('0','3','B') [1][0] OK
C:[10/12/2013 15:19:02.02][190.201.10.114][1572] SELECT pre_cod_asig1,pre_cod_asig2,pre_cod_asig3,pre_cod_asig4,pre_cod_asig5,pre_cod_asig6,pre_cod_asig7 FROM tblaca009 WHERE pensum='5' AND c_uni_ca='5' AND c_asigna='300209' [1][0] OK
C:[10/12/2013 15:19:02.02][190.201.10.114][1585] SELECT c_asigna FROM dace004 WHERE exp_e='12-25835652' AND c_asigna='300101' AND status IN ('0','3','B') [1][0] OK
C:[10/12/2013 15:19:02.02][190.201.10.114][1572] SELECT pre_cod_asig1,pre_cod_asig2,pre_cod_asig3,pre_cod_asig4,pre_cod_asig5,pre_cod_asig6,pre_cod_asig7 FROM tblaca009 WHERE pensum='5' AND c_uni_ca='5' AND c_asigna='300213' [1][0] OK
C:[10/12/2013 15:19:02.02][190.201.10.114][1585] SELECT c_asigna FROM dace004 WHERE exp_e='12-25835652' AND c_asigna='300101' AND status IN ('0','3','B') [1][0] OK
C:[10/12/2013 15:19:02.02][190.201.10.114][1572] SELECT pre_cod_asig1,pre_cod_asig2,pre_cod_asig3,pre_cod_asig4,pre_cod_asig5,pre_cod_asig6,pre_cod_asig7 FROM tblaca009 WHERE pensum='5' AND c_uni_ca='5' AND c_asigna='300218' [1][0] OK
C:[10/12/2013 15:19:02.02][190.201.10.114][1585] SELECT c_asigna FROM dace004 WHERE exp_e='12-25835652' AND c_asigna='300101' AND status IN ('0','3','B') [1][0] OK
C:[10/12/2013 15:19:02.02][190.201.10.114][1572] SELECT pre_cod_asig1,pre_cod_asig2,pre_cod_asig3,pre_cod_asig4,pre_cod_asig5,pre_cod_asig6,pre_cod_asig7 FROM tblaca009 WHERE pensum='5' AND c_uni_ca='5' AND c_asigna='300228' [1][0] OK
C:[10/12/2013 15:19:02.02][190.201.10.114][1585] SELECT c_asigna FROM dace004 WHERE exp_e='12-25835652' AND c_asigna='300101' AND status IN ('0','3','B') [1][0] OK
C:[10/12/2013 15:19:03.02][190.201.10.114][1616] SELECT par_cod_asig1,par_cod_asig2,par_cod_asig3 FROM tblaca009 WHERE pensum='5' AND c_uni_ca='5' AND c_asigna='300222' [1][0] OK
C:[10/12/2013 15:19:03.02][190.201.10.114][1616] SELECT par_cod_asig1,par_cod_asig2,par_cod_asig3 FROM tblaca009 WHERE pensum='5' AND c_uni_ca='5' AND c_asigna='300226' [1][0] OK
C:[10/12/2013 15:19:03.02][190.201.10.114][1616] SELECT par_cod_asig1,par_cod_asig2,par_cod_asig3 FROM tblaca009 WHERE pensum='5' AND c_uni_ca='5' AND c_asigna='300207' [1][0] OK
C:[10/12/2013 15:19:03.02][190.201.10.114][1616] SELECT par_cod_asig1,par_cod_asig2,par_cod_asig3 FROM tblaca009 WHERE pensum='5' AND c_uni_ca='5' AND c_asigna='300209' [1][0] OK
C:[10/12/2013 15:19:03.02][190.201.10.114][1616] SELECT par_cod_asig1,par_cod_asig2,par_cod_asig3 FROM tblaca009 WHERE pensum='5' AND c_uni_ca='5' AND c_asigna='300213' [1][0] OK
C:[10/12/2013 15:19:03.02][190.201.10.114][1630] SELECT c_asigna FROM dace004 WHERE exp_e='12-25835652' AND c_asigna='300209' AND status IN ('0','3','B','C') [0][0] OK
C:[10/12/2013 15:19:03.02][190.201.10.114][1616] SELECT par_cod_asig1,par_cod_asig2,par_cod_asig3 FROM tblaca009 WHERE pensum='5' AND c_uni_ca='5' AND c_asigna='300218' [1][0] OK
C:[10/12/2013 15:19:03.02][190.201.10.114][1630] SELECT c_asigna FROM dace004 WHERE exp_e='12-25835652' AND c_asigna='300228' AND status IN ('0','3','B','C') [0][0] OK
C:[10/12/2013 15:19:03.02][190.201.10.114][1616] SELECT par_cod_asig1,par_cod_asig2,par_cod_asig3 FROM tblaca009 WHERE pensum='5' AND c_uni_ca='5' AND c_asigna='300228' [1][0] OK
C:[10/12/2013 15:32:08.29][190.73.152.78][1572] SELECT pre_cod_asig1,pre_cod_asig2,pre_cod_asig3,pre_cod_asig4,pre_cod_asig5,pre_cod_asig6,pre_cod_asig7 FROM tblaca009 WHERE pensum='5' AND c_uni_ca='6' AND c_asigna='300226' [1][0] OK
C:[10/12/2013 15:32:08.29][190.73.152.78][1585] SELECT c_asigna FROM dace004 WHERE exp_e='13-24855274' AND c_asigna='300116' AND status IN ('0','3','B') [1][0] OK
C:[10/12/2013 15:32:08.29][190.73.152.78][1572] SELECT pre_cod_asig1,pre_cod_asig2,pre_cod_asig3,pre_cod_asig4,pre_cod_asig5,pre_cod_asig6,pre_cod_asig7 FROM tblaca009 WHERE pensum='5' AND c_uni_ca='6' AND c_asigna='300013' [1][0] OK
C:[10/12/2013 15:32:08.29][190.73.152.78][1572] SELECT pre_cod_asig1,pre_cod_asig2,pre_cod_asig3,pre_cod_asig4,pre_cod_asig5,pre_cod_asig6,pre_cod_asig7 FROM tblaca009 WHERE pensum='5' AND c_uni_ca='6' AND c_asigna='300112' [1][0] OK
C:[10/12/2013 15:32:08.29][190.73.152.78][1572] SELECT pre_cod_asig1,pre_cod_asig2,pre_cod_asig3,pre_cod_asig4,pre_cod_asig5,pre_cod_asig6,pre_cod_asig7 FROM tblaca009 WHERE pensum='5' AND c_uni_ca='6' AND c_asigna='300113' [1][0] OK
C:[10/12/2013 15:32:08.29][190.73.152.78][1572] SELECT pre_cod_asig1,pre_cod_asig2,pre_cod_asig3,pre_cod_asig4,pre_cod_asig5,pre_cod_asig6,pre_cod_asig7 FROM tblaca009 WHERE pensum='5' AND c_uni_ca='6' AND c_asigna='300207' [1][0] OK
C:[10/12/2013 15:32:08.29][190.73.152.78][1585] SELECT c_asigna FROM dace004 WHERE exp_e='13-24855274' AND c_asigna='300101' AND status IN ('0','3','B') [1][0] OK
C:[10/12/2013 15:32:09.42][190.73.152.78][1616] SELECT par_cod_asig1,par_cod_asig2,par_cod_asig3 FROM tblaca009 WHERE pensum='5' AND c_uni_ca='6' AND c_asigna='300226' [1][0] OK
C:[10/12/2013 15:32:09.42][190.73.152.78][1616] SELECT par_cod_asig1,par_cod_asig2,par_cod_asig3 FROM tblaca009 WHERE pensum='5' AND c_uni_ca='6' AND c_asigna='300013' [1][0] OK
C:[10/12/2013 15:32:09.42][190.73.152.78][1616] SELECT par_cod_asig1,par_cod_asig2,par_cod_asig3 FROM tblaca009 WHERE pensum='5' AND c_uni_ca='6' AND c_asigna='300112' [1][0] OK
C:[10/12/2013 15:32:09.42][190.73.152.78][1616] SELECT par_cod_asig1,par_cod_asig2,par_cod_asig3 FROM tblaca009 WHERE pensum='5' AND c_uni_ca='6' AND c_asigna='300113' [1][0] OK
C:[10/12/2013 15:32:09.42][190.73.152.78][1630] SELECT c_asigna FROM dace004 WHERE exp_e='13-24855274' AND c_asigna='300013' AND status IN ('0','3','B','C') [0][0] OK
C:[10/12/2013 15:32:09.42][190.73.152.78][1616] SELECT par_cod_asig1,par_cod_asig2,par_cod_asig3 FROM tblaca009 WHERE pensum='5' AND c_uni_ca='6' AND c_asigna='300207' [1][0] OK
C:[10/12/2013 15:32:09.17][190.73.152.78][1687] SELECT c_asigna FROM tblaca009 WHERE pensum='5' AND c_uni_ca='6' AND ((par_cod_asig1='300209') OR (par_cod_asig2='300209') OR (par_cod_asig3='300209'))  [1][0] OK
C:[10/12/2013 15:32:09.17][190.73.152.78][1699] SELECT c_asigna FROM dace004 WHERE exp_e='13-24855274' AND c_asigna='300213' AND status IN ('0','3','B') [0][0] OK
C:[10/12/2013 15:45:16.94][190.198.180.154][1572] SELECT pre_cod_asig1,pre_cod_asig2,pre_cod_asig3,pre_cod_asig4,pre_cod_asig5,pre_cod_asig6,pre_cod_asig7 FROM tblaca009 WHERE pensum='5' AND c_uni_ca='6' AND c_asigna='343568' [1][0] OK
C:[10/12/2013 15:45:16.94][190.198.180.154][1585] SELECT c_asigna FROM dace004 WHERE exp_e='07-18667804' AND c_asigna='340327' AND status IN ('0','3','B') [1][0] OK
C:[10/12/2013 15:45:16.94][190.198.180.154][1572] SELECT pre_cod_asig1,pre_cod_asig2,pre_cod_asig3,pre_cod_asig4,pre_cod_asig5,pre_cod_asig6,pre_cod_asig7 FROM tblaca009 WHERE pensum='5' AND c_uni_ca='6' AND c_asigna='300213' [1][0] OK
C:[10/12/2013 15:45:16.94][190.198.180.154][1585] SELECT c_asigna FROM dace004 WHERE exp_e='07-18667804' AND c_asigna='300101' AND status IN ('0','3','B') [1][0] OK
C:[10/12/2013 15:45:16.94][190.198.180.154][1572] SELECT pre_cod_asig1,pre_cod_asig2,pre_cod_asig3,pre_cod_asig4,pre_cod_asig5,pre_cod_asig6,pre_cod_asig7 FROM tblaca009 WHERE pensum='5' AND c_uni_ca='6' AND c_asigna='300226' [1][0] OK
C:[10/12/2013 15:45:16.94][190.198.180.154][1585] SELECT c_asigna FROM dace004 WHERE exp_e='07-18667804' AND c_asigna='300116' AND status IN ('0','3','B') [1][0] OK
C:[10/12/2013 15:45:16.25][190.198.180.154][1616] SELECT par_cod_asig1,par_cod_asig2,par_cod_asig3 FROM tblaca009 WHERE pensum='5' AND c_uni_ca='6' AND c_asigna='343568' [1][0] OK
C:[10/12/2013 15:45:16.25][190.198.180.154][1616] SELECT par_cod_asig1,par_cod_asig2,par_cod_asig3 FROM tblaca009 WHERE pensum='5' AND c_uni_ca='6' AND c_asigna='300213' [1][0] OK
C:[10/12/2013 15:45:16.25][190.198.180.154][1630] SELECT c_asigna FROM dace004 WHERE exp_e='07-18667804' AND c_asigna='300209' AND status IN ('0','3','B','C') [1][0] OK
C:[10/12/2013 15:45:16.25][190.198.180.154][1616] SELECT par_cod_asig1,par_cod_asig2,par_cod_asig3 FROM tblaca009 WHERE pensum='5' AND c_uni_ca='6' AND c_asigna='300226' [1][0] OK
C:[10/12/2013 16:33:52.15][172.16.4.244][1572] SELECT pre_cod_asig1,pre_cod_asig2,pre_cod_asig3,pre_cod_asig4,pre_cod_asig5,pre_cod_asig6,pre_cod_asig7 FROM tblaca009 WHERE pensum='5' AND c_uni_ca='2' AND c_asigna='300318' [1][0] OK
C:[10/12/2013 16:33:52.15][172.16.4.244][1585] SELECT c_asigna FROM dace004 WHERE exp_e='93-11409628' AND c_asigna='300228' AND status IN ('0','3','B') [1][0] OK
C:[10/12/2013 16:33:52.15][172.16.4.244][1585] SELECT c_asigna FROM dace004 WHERE exp_e='93-11409628' AND c_asigna='300207' AND status IN ('0','3','B') [1][0] OK
C:[10/12/2013 16:33:52.15][172.16.4.244][1585] SELECT c_asigna FROM dace004 WHERE exp_e='93-11409628' AND c_asigna='300218' AND status IN ('0','3','B') [1][0] OK
C:[10/12/2013 16:33:52.21][172.16.4.244][1616] SELECT par_cod_asig1,par_cod_asig2,par_cod_asig3 FROM tblaca009 WHERE pensum='5' AND c_uni_ca='2' AND c_asigna='300318' [1][0] OK
C:[10/12/2013 20:33:06.27][200.90.121.206][1572] SELECT pre_cod_asig1,pre_cod_asig2,pre_cod_asig3,pre_cod_asig4,pre_cod_asig5,pre_cod_asig6,pre_cod_asig7 FROM tblaca009 WHERE pensum='5' AND c_uni_ca='3' AND c_asigna='311098' [1][0] OK
C:[10/12/2013 20:33:06.27][200.90.121.206][1585] SELECT c_asigna FROM dace004 WHERE exp_e='08-21338276' AND c_asigna='311822' AND status IN ('0','3','B') [1][0] OK
C:[10/12/2013 20:33:06.27][200.90.121.206][1572] SELECT pre_cod_asig1,pre_cod_asig2,pre_cod_asig3,pre_cod_asig4,pre_cod_asig5,pre_cod_asig6,pre_cod_asig7 FROM tblaca009 WHERE pensum='5' AND c_uni_ca='3' AND c_asigna='311986' [1][0] OK
C:[10/12/2013 20:33:06.27][200.90.121.206][1585] SELECT c_asigna FROM dace004 WHERE exp_e='08-21338276' AND c_asigna='311825' AND status IN ('0','3','B') [1][0] OK
C:[10/12/2013 20:33:07.33][200.90.121.206][1616] SELECT par_cod_asig1,par_cod_asig2,par_cod_asig3 FROM tblaca009 WHERE pensum='5' AND c_uni_ca='3' AND c_asigna='311098' [1][0] OK
C:[10/12/2013 20:33:07.33][200.90.121.206][1616] SELECT par_cod_asig1,par_cod_asig2,par_cod_asig3 FROM tblaca009 WHERE pensum='5' AND c_uni_ca='3' AND c_asigna='311986' [1][0] OK
C:[10/12/2013 21:06:59.84][186.94.91.114][1572] SELECT pre_cod_asig1,pre_cod_asig2,pre_cod_asig3,pre_cod_asig4,pre_cod_asig5,pre_cod_asig6,pre_cod_asig7 FROM tblaca009 WHERE pensum='5' AND c_uni_ca='3' AND c_asigna='311552' [1][0] OK
C:[10/12/2013 21:06:59.84][186.94.91.114][1585] SELECT c_asigna FROM dace004 WHERE exp_e='09-21082433' AND c_asigna='300317' AND status IN ('0','3','B') [1][0] OK
C:[10/12/2013 21:06:59.84][186.94.91.114][1585] SELECT c_asigna FROM dace004 WHERE exp_e='09-21082433' AND c_asigna='300209' AND status IN ('0','3','B') [1][0] OK
C:[10/12/2013 21:06:59.84][186.94.91.114][1572] SELECT pre_cod_asig1,pre_cod_asig2,pre_cod_asig3,pre_cod_asig4,pre_cod_asig5,pre_cod_asig6,pre_cod_asig7 FROM tblaca009 WHERE pensum='5' AND c_uni_ca='3' AND c_asigna='300313' [1][0] OK
C:[10/12/2013 21:06:59.84][186.94.91.114][1585] SELECT c_asigna FROM dace004 WHERE exp_e='09-21082433' AND c_asigna='300213' AND status IN ('0','3','B') [1][0] OK
C:[10/12/2013 21:06:59.84][186.94.91.114][1585] SELECT c_asigna FROM dace004 WHERE exp_e='09-21082433' AND c_asigna='300226' AND status IN ('0','3','B') [1][0] OK
C:[10/12/2013 21:06:59.84][186.94.91.114][1585] SELECT c_asigna FROM dace004 WHERE exp_e='09-21082433' AND c_asigna='300222' AND status IN ('0','3','B') [1][0] OK
C:[10/12/2013 21:06:59.84][186.94.91.114][1585] SELECT c_asigna FROM dace004 WHERE exp_e='09-21082433' AND c_asigna='300209' AND status IN ('0','3','B') [1][0] OK
C:[10/12/2013 21:06:59.84][186.94.91.114][1572] SELECT pre_cod_asig1,pre_cod_asig2,pre_cod_asig3,pre_cod_asig4,pre_cod_asig5,pre_cod_asig6,pre_cod_asig7 FROM tblaca009 WHERE pensum='5' AND c_uni_ca='3' AND c_asigna='311320' [1][0] OK
C:[10/12/2013 21:06:59.84][186.94.91.114][1585] SELECT c_asigna FROM dace004 WHERE exp_e='09-21082433' AND c_asigna='300013' AND status IN ('0','3','B') [1][0] OK
C:[10/12/2013 21:06:59.84][186.94.91.114][1585] SELECT c_asigna FROM dace004 WHERE exp_e='09-21082433' AND c_asigna='300113' AND status IN ('0','3','B') [1][0] OK
C:[10/12/2013 21:06:59.84][186.94.91.114][1572] SELECT pre_cod_asig1,pre_cod_asig2,pre_cod_asig3,pre_cod_asig4,pre_cod_asig5,pre_cod_asig6,pre_cod_asig7 FROM tblaca009 WHERE pensum='5' AND c_uni_ca='3' AND c_asigna='300422' [1][0] OK
C:[10/12/2013 21:06:59.84][186.94.91.114][1585] SELECT c_asigna FROM dace004 WHERE exp_e='09-21082433' AND c_asigna='300105' AND status IN ('0','3','B') [1][0] OK
C:[10/12/2013 21:06:59.84][186.94.91.114][1585] SELECT c_asigna FROM dace004 WHERE exp_e='09-21082433' AND c_asigna='300314' AND status IN ('0','3','B') [1][0] OK
C:[10/12/2013 21:06:59.84][186.94.91.114][1572] SELECT pre_cod_asig1,pre_cod_asig2,pre_cod_asig3,pre_cod_asig4,pre_cod_asig5,pre_cod_asig6,pre_cod_asig7 FROM tblaca009 WHERE pensum='5' AND c_uni_ca='3' AND c_asigna='311434' [1][0] OK
C:[10/12/2013 21:06:59.84][186.94.91.114][1585] SELECT c_asigna FROM dace004 WHERE exp_e='09-21082433' AND c_asigna='300222' AND status IN ('0','3','B') [1][0] OK
C:[10/12/2013 21:06:59.84][186.94.91.114][1585] SELECT c_asigna FROM dace004 WHERE exp_e='09-21082433' AND c_asigna='300226' AND status IN ('0','3','B') [1][0] OK
C:[10/12/2013 21:06:59.84][186.94.91.114][1585] SELECT c_asigna FROM dace004 WHERE exp_e='09-21082433' AND c_asigna='300209' AND status IN ('0','3','B') [1][0] OK
C:[10/12/2013 21:06:59.84][186.94.91.114][1572] SELECT pre_cod_asig1,pre_cod_asig2,pre_cod_asig3,pre_cod_asig4,pre_cod_asig5,pre_cod_asig6,pre_cod_asig7 FROM tblaca009 WHERE pensum='5' AND c_uni_ca='3' AND c_asigna='312444' [1][0] OK
C:[10/12/2013 21:06:59.84][186.94.91.114][1585] SELECT c_asigna FROM dace004 WHERE exp_e='09-21082433' AND c_asigna='312333' AND status IN ('0','3','B') [1][0] OK
C:[10/12/2013 21:06:59.84][186.94.91.114][1572] SELECT pre_cod_asig1,pre_cod_asig2,pre_cod_asig3,pre_cod_asig4,pre_cod_asig5,pre_cod_asig6,pre_cod_asig7 FROM tblaca009 WHERE pensum='5' AND c_uni_ca='3' AND c_asigna='311554' [1][0] OK
C:[10/12/2013 21:06:59.84][186.94.91.114][1585] SELECT c_asigna FROM dace004 WHERE exp_e='09-21082433' AND c_asigna='300318' AND status IN ('0','3','B') [1][0] OK
C:[10/12/2013 21:06:59.84][186.94.91.114][1585] SELECT c_asigna FROM dace004 WHERE exp_e='09-21082433' AND c_asigna='300428' AND status IN ('0','3','B') [1][0] OK
C:[10/12/2013 21:06:59.84][186.94.91.114][1572] SELECT pre_cod_asig1,pre_cod_asig2,pre_cod_asig3,pre_cod_asig4,pre_cod_asig5,pre_cod_asig6,pre_cod_asig7 FROM tblaca009 WHERE pensum='5' AND c_uni_ca='3' AND c_asigna='315552' [1][0] OK
C:[10/12/2013 21:06:59.84][186.94.91.114][1585] SELECT c_asigna FROM dace004 WHERE exp_e='09-21082433' AND c_asigna='311430' AND status IN ('0','3','B') [1][0] OK
C:[10/12/2013 21:06:59.84][186.94.91.114][1585] SELECT c_asigna FROM dace004 WHERE exp_e='09-21082433' AND c_asigna='300222' AND status IN ('0','3','B') [1][0] OK
C:[10/12/2013 21:06:59.84][186.94.91.114][1585] SELECT c_asigna FROM dace004 WHERE exp_e='09-21082433' AND c_asigna='300226' AND status IN ('0','3','B') [1][0] OK
C:[10/12/2013 21:06:59.84][186.94.91.114][1585] SELECT c_asigna FROM dace004 WHERE exp_e='09-21082433' AND c_asigna='300209' AND status IN ('0','3','B') [1][0] OK
C:[10/12/2013 21:07:00.90][186.94.91.114][1616] SELECT par_cod_asig1,par_cod_asig2,par_cod_asig3 FROM tblaca009 WHERE pensum='5' AND c_uni_ca='3' AND c_asigna='311552' [1][0] OK
C:[10/12/2013 21:07:00.90][186.94.91.114][1616] SELECT par_cod_asig1,par_cod_asig2,par_cod_asig3 FROM tblaca009 WHERE pensum='5' AND c_uni_ca='3' AND c_asigna='300313' [1][0] OK
C:[10/12/2013 21:07:00.90][186.94.91.114][1616] SELECT par_cod_asig1,par_cod_asig2,par_cod_asig3 FROM tblaca009 WHERE pensum='5' AND c_uni_ca='3' AND c_asigna='311320' [1][0] OK
C:[10/12/2013 21:07:00.90][186.94.91.114][1616] SELECT par_cod_asig1,par_cod_asig2,par_cod_asig3 FROM tblaca009 WHERE pensum='5' AND c_uni_ca='3' AND c_asigna='300422' [1][0] OK
C:[10/12/2013 21:07:00.90][186.94.91.114][1616] SELECT par_cod_asig1,par_cod_asig2,par_cod_asig3 FROM tblaca009 WHERE pensum='5' AND c_uni_ca='3' AND c_asigna='311434' [1][0] OK
C:[10/12/2013 21:07:00.90][186.94.91.114][1630] SELECT c_asigna FROM dace004 WHERE exp_e='09-21082433' AND c_asigna='311431' AND status IN ('0','3','B','C') [1][0] OK
C:[10/12/2013 21:07:00.90][186.94.91.114][1616] SELECT par_cod_asig1,par_cod_asig2,par_cod_asig3 FROM tblaca009 WHERE pensum='5' AND c_uni_ca='3' AND c_asigna='312444' [1][0] OK
C:[10/12/2013 21:07:00.90][186.94.91.114][1616] SELECT par_cod_asig1,par_cod_asig2,par_cod_asig3 FROM tblaca009 WHERE pensum='5' AND c_uni_ca='3' AND c_asigna='311554' [1][0] OK
C:[10/12/2013 21:07:00.90][186.94.91.114][1616] SELECT par_cod_asig1,par_cod_asig2,par_cod_asig3 FROM tblaca009 WHERE pensum='5' AND c_uni_ca='3' AND c_asigna='315552' [1][0] OK
C:[12/12/2013 08:47:56.31][201.248.68.101][1572] SELECT pre_cod_asig1,pre_cod_asig2,pre_cod_asig3,pre_cod_asig4,pre_cod_asig5,pre_cod_asig6,pre_cod_asig7 FROM tblaca009 WHERE pensum='5' AND c_uni_ca='5' AND c_asigna='355721' [1][0] OK
C:[12/12/2013 08:47:56.31][201.248.68.101][1585] SELECT c_asigna FROM dace004 WHERE exp_e='06-18515354' AND c_asigna='355693' AND status IN ('0','3','B') [1][0] OK
C:[12/12/2013 08:47:56.31][201.248.68.101][1585] SELECT c_asigna FROM dace004 WHERE exp_e='06-18515354' AND c_asigna='355696' AND status IN ('0','3','B') [1][0] OK
C:[12/12/2013 08:47:56.31][201.248.68.101][1572] SELECT pre_cod_asig1,pre_cod_asig2,pre_cod_asig3,pre_cod_asig4,pre_cod_asig5,pre_cod_asig6,pre_cod_asig7 FROM tblaca009 WHERE pensum='5' AND c_uni_ca='5' AND c_asigna='355722' [1][0] OK
C:[12/12/2013 08:47:56.31][201.248.68.101][1585] SELECT c_asigna FROM dace004 WHERE exp_e='06-18515354' AND c_asigna='355691' AND status IN ('0','3','B') [1][0] OK
C:[12/12/2013 08:47:56.31][201.248.68.101][1585] SELECT c_asigna FROM dace004 WHERE exp_e='06-18515354' AND c_asigna='355595' AND status IN ('0','3','B') [1][0] OK
C:[12/12/2013 08:47:56.31][201.248.68.101][1572] SELECT pre_cod_asig1,pre_cod_asig2,pre_cod_asig3,pre_cod_asig4,pre_cod_asig5,pre_cod_asig6,pre_cod_asig7 FROM tblaca009 WHERE pensum='5' AND c_uni_ca='5' AND c_asigna='355692' [1][0] OK
C:[12/12/2013 08:47:56.31][201.248.68.101][1585] SELECT c_asigna FROM dace004 WHERE exp_e='06-18515354' AND c_asigna='355448' AND status IN ('0','3','B') [1][0] OK
C:[12/12/2013 08:47:56.31][201.248.68.101][1585] SELECT c_asigna FROM dace004 WHERE exp_e='06-18515354' AND c_asigna='355570' AND status IN ('0','3','B') [1][0] OK
C:[12/12/2013 08:47:56.31][201.248.68.101][1572] SELECT pre_cod_asig1,pre_cod_asig2,pre_cod_asig3,pre_cod_asig4,pre_cod_asig5,pre_cod_asig6,pre_cod_asig7 FROM tblaca009 WHERE pensum='5' AND c_uni_ca='5' AND c_asigna='300677' [1][0] OK
C:[12/12/2013 08:47:56.31][201.248.68.101][1572] SELECT pre_cod_asig1,pre_cod_asig2,pre_cod_asig3,pre_cod_asig4,pre_cod_asig5,pre_cod_asig6,pre_cod_asig7 FROM tblaca009 WHERE pensum='5' AND c_uni_ca='5' AND c_asigna='355834' [1][0] OK
C:[12/12/2013 08:47:56.31][201.248.68.101][1585] SELECT c_asigna FROM dace004 WHERE exp_e='06-18515354' AND c_asigna='355694' AND status IN ('0','3','B') [1][0] OK
C:[12/12/2013 08:47:57.94][201.248.68.101][1616] SELECT par_cod_asig1,par_cod_asig2,par_cod_asig3 FROM tblaca009 WHERE pensum='5' AND c_uni_ca='5' AND c_asigna='355721' [1][0] OK
C:[12/12/2013 08:47:57.94][201.248.68.101][1616] SELECT par_cod_asig1,par_cod_asig2,par_cod_asig3 FROM tblaca009 WHERE pensum='5' AND c_uni_ca='5' AND c_asigna='355722' [1][0] OK
C:[12/12/2013 08:47:57.94][201.248.68.101][1616] SELECT par_cod_asig1,par_cod_asig2,par_cod_asig3 FROM tblaca009 WHERE pensum='5' AND c_uni_ca='5' AND c_asigna='355692' [1][0] OK
C:[12/12/2013 08:47:57.94][201.248.68.101][1616] SELECT par_cod_asig1,par_cod_asig2,par_cod_asig3 FROM tblaca009 WHERE pensum='5' AND c_uni_ca='5' AND c_asigna='300677' [1][0] OK
C:[12/12/2013 08:47:57.94][201.248.68.101][1616] SELECT par_cod_asig1,par_cod_asig2,par_cod_asig3 FROM tblaca009 WHERE pensum='5' AND c_uni_ca='5' AND c_asigna='355834' [1][0] OK
C:[12/12/2013 20:33:51.98][190.207.38.52][1572] SELECT pre_cod_asig1,pre_cod_asig2,pre_cod_asig3,pre_cod_asig4,pre_cod_asig5,pre_cod_asig6,pre_cod_asig7 FROM tblaca009 WHERE pensum='5' AND c_uni_ca='5' AND c_asigna='300013' [1][0] OK
C:[12/12/2013 20:33:51.98][190.207.38.52][1572] SELECT pre_cod_asig1,pre_cod_asig2,pre_cod_asig3,pre_cod_asig4,pre_cod_asig5,pre_cod_asig6,pre_cod_asig7 FROM tblaca009 WHERE pensum='5' AND c_uni_ca='5' AND c_asigna='300101' [1][0] OK
C:[12/12/2013 20:33:51.98][190.207.38.52][1572] SELECT pre_cod_asig1,pre_cod_asig2,pre_cod_asig3,pre_cod_asig4,pre_cod_asig5,pre_cod_asig6,pre_cod_asig7 FROM tblaca009 WHERE pensum='5' AND c_uni_ca='5' AND c_asigna='300112' [1][0] OK
C:[12/12/2013 20:33:51.98][190.207.38.52][1572] SELECT pre_cod_asig1,pre_cod_asig2,pre_cod_asig3,pre_cod_asig4,pre_cod_asig5,pre_cod_asig6,pre_cod_asig7 FROM tblaca009 WHERE pensum='5' AND c_uni_ca='5' AND c_asigna='300116' [1][0] OK
C:[12/12/2013 20:33:51.05][190.207.38.52][1616] SELECT par_cod_asig1,par_cod_asig2,par_cod_asig3 FROM tblaca009 WHERE pensum='5' AND c_uni_ca='5' AND c_asigna='300013' [1][0] OK
C:[12/12/2013 20:33:51.05][190.207.38.52][1616] SELECT par_cod_asig1,par_cod_asig2,par_cod_asig3 FROM tblaca009 WHERE pensum='5' AND c_uni_ca='5' AND c_asigna='300101' [1][0] OK
C:[12/12/2013 20:33:51.05][190.207.38.52][1616] SELECT par_cod_asig1,par_cod_asig2,par_cod_asig3 FROM tblaca009 WHERE pensum='5' AND c_uni_ca='5' AND c_asigna='300112' [1][0] OK
C:[12/12/2013 20:33:51.05][190.207.38.52][1616] SELECT par_cod_asig1,par_cod_asig2,par_cod_asig3 FROM tblaca009 WHERE pensum='5' AND c_uni_ca='5' AND c_asigna='300116' [1][0] OK
C:[12/12/2013 20:33:52.55][190.207.38.52][1687] SELECT c_asigna FROM tblaca009 WHERE pensum='5' AND c_uni_ca='5' AND ((par_cod_asig1='300314') OR (par_cod_asig2='300314') OR (par_cod_asig3='300314'))  [0][0] OK
C:[14/10/2014 12:13:37.06][172.16.4.244][1572] SELECT pre_cod_asig1,pre_cod_asig2,pre_cod_asig3,pre_cod_asig4,pre_cod_asig5,pre_cod_asig6,pre_cod_asig7 FROM tblaca009 WHERE pensum='5' AND c_uni_ca='6' AND c_asigna='300013' [1][0] OK
C:[14/10/2014 12:13:37.06][172.16.4.244][1572] SELECT pre_cod_asig1,pre_cod_asig2,pre_cod_asig3,pre_cod_asig4,pre_cod_asig5,pre_cod_asig6,pre_cod_asig7 FROM tblaca009 WHERE pensum='5' AND c_uni_ca='6' AND c_asigna='300101' [1][0] OK
C:[14/10/2014 12:13:37.06][172.16.4.244][1572] SELECT pre_cod_asig1,pre_cod_asig2,pre_cod_asig3,pre_cod_asig4,pre_cod_asig5,pre_cod_asig6,pre_cod_asig7 FROM tblaca009 WHERE pensum='5' AND c_uni_ca='6' AND c_asigna='300105' [1][0] OK
C:[14/10/2014 12:13:37.06][172.16.4.244][1572] SELECT pre_cod_asig1,pre_cod_asig2,pre_cod_asig3,pre_cod_asig4,pre_cod_asig5,pre_cod_asig6,pre_cod_asig7 FROM tblaca009 WHERE pensum='5' AND c_uni_ca='6' AND c_asigna='300112' [1][0] OK
C:[14/10/2014 12:13:37.06][172.16.4.244][1572] SELECT pre_cod_asig1,pre_cod_asig2,pre_cod_asig3,pre_cod_asig4,pre_cod_asig5,pre_cod_asig6,pre_cod_asig7 FROM tblaca009 WHERE pensum='5' AND c_uni_ca='6' AND c_asigna='300113' [1][0] OK
C:[14/10/2014 12:13:37.06][172.16.4.244][1572] SELECT pre_cod_asig1,pre_cod_asig2,pre_cod_asig3,pre_cod_asig4,pre_cod_asig5,pre_cod_asig6,pre_cod_asig7 FROM tblaca009 WHERE pensum='5' AND c_uni_ca='6' AND c_asigna='300116' [1][0] OK
C:[14/10/2014 12:13:37.62][172.16.4.244][1616] SELECT par_cod_asig1,par_cod_asig2,par_cod_asig3 FROM tblaca009 WHERE pensum='5' AND c_uni_ca='6' AND c_asigna='300013' [1][0] OK
C:[14/10/2014 12:13:37.62][172.16.4.244][1616] SELECT par_cod_asig1,par_cod_asig2,par_cod_asig3 FROM tblaca009 WHERE pensum='5' AND c_uni_ca='6' AND c_asigna='300101' [1][0] OK
C:[14/10/2014 12:13:37.62][172.16.4.244][1616] SELECT par_cod_asig1,par_cod_asig2,par_cod_asig3 FROM tblaca009 WHERE pensum='5' AND c_uni_ca='6' AND c_asigna='300105' [1][0] OK
C:[14/10/2014 12:13:37.62][172.16.4.244][1616] SELECT par_cod_asig1,par_cod_asig2,par_cod_asig3 FROM tblaca009 WHERE pensum='5' AND c_uni_ca='6' AND c_asigna='300112' [1][0] OK
C:[14/10/2014 12:13:37.62][172.16.4.244][1616] SELECT par_cod_asig1,par_cod_asig2,par_cod_asig3 FROM tblaca009 WHERE pensum='5' AND c_uni_ca='6' AND c_asigna='300113' [1][0] OK
C:[14/10/2014 12:13:37.62][172.16.4.244][1630] SELECT c_asigna FROM dace004 WHERE exp_e='13-26073242' AND c_asigna='300013' AND status IN ('0','3','B','C') [0][0] OK
C:[14/10/2014 12:13:37.62][172.16.4.244][1616] SELECT par_cod_asig1,par_cod_asig2,par_cod_asig3 FROM tblaca009 WHERE pensum='5' AND c_uni_ca='6' AND c_asigna='300116' [1][0] OK
C:[14/10/2014 13:55:42.02][172.16.4.254][1572] SELECT pre_cod_asig1,pre_cod_asig2,pre_cod_asig3,pre_cod_asig4,pre_cod_asig5,pre_cod_asig6,pre_cod_asig7 FROM tblaca009 WHERE pensum='5' AND c_uni_ca='5' AND c_asigna='300222' [1][0] OK
C:[14/10/2014 13:55:42.02][172.16.4.254][1585] SELECT c_asigna FROM dace004 WHERE exp_e='11-21340642' AND c_asigna='300112' AND status IN ('0','3','B') [1][0] OK
C:[14/10/2014 13:55:42.02][172.16.4.254][1572] SELECT pre_cod_asig1,pre_cod_asig2,pre_cod_asig3,pre_cod_asig4,pre_cod_asig5,pre_cod_asig6,pre_cod_asig7 FROM tblaca009 WHERE pensum='5' AND c_uni_ca='5' AND c_asigna='300317' [1][0] OK
C:[14/10/2014 13:55:42.02][172.16.4.254][1585] SELECT c_asigna FROM dace004 WHERE exp_e='11-21340642' AND c_asigna='300207' AND status IN ('0','3','B') [1][0] OK
C:[14/10/2014 13:55:42.02][172.16.4.254][1585] SELECT c_asigna FROM dace004 WHERE exp_e='11-21340642' AND c_asigna='300209' AND status IN ('0','3','B') [1][0] OK
C:[14/10/2014 13:55:42.02][172.16.4.254][1572] SELECT pre_cod_asig1,pre_cod_asig2,pre_cod_asig3,pre_cod_asig4,pre_cod_asig5,pre_cod_asig6,pre_cod_asig7 FROM tblaca009 WHERE pensum='5' AND c_uni_ca='5' AND c_asigna='300113' [1][0] OK
C:[14/10/2014 13:55:42.02][172.16.4.254][1572] SELECT pre_cod_asig1,pre_cod_asig2,pre_cod_asig3,pre_cod_asig4,pre_cod_asig5,pre_cod_asig6,pre_cod_asig7 FROM tblaca009 WHERE pensum='5' AND c_uni_ca='5' AND c_asigna='300226' [1][0] OK
C:[14/10/2014 13:55:42.02][172.16.4.254][1585] SELECT c_asigna FROM dace004 WHERE exp_e='11-21340642' AND c_asigna='300116' AND status IN ('0','3','B') [1][0] OK
C:[14/10/2014 13:55:42.02][172.16.4.254][1572] SELECT pre_cod_asig1,pre_cod_asig2,pre_cod_asig3,pre_cod_asig4,pre_cod_asig5,pre_cod_asig6,pre_cod_asig7 FROM tblaca009 WHERE pensum='5' AND c_uni_ca='5' AND c_asigna='300314' [1][0] OK
C:[14/10/2014 13:55:42.02][172.16.4.254][1585] SELECT c_asigna FROM dace004 WHERE exp_e='11-21340642' AND c_asigna='300106' AND status IN ('0','3','B') [1][0] OK
C:[14/10/2014 13:55:42.02][172.16.4.254][1572] SELECT pre_cod_asig1,pre_cod_asig2,pre_cod_asig3,pre_cod_asig4,pre_cod_asig5,pre_cod_asig6,pre_cod_asig7 FROM tblaca009 WHERE pensum='5' AND c_uni_ca='5' AND c_asigna='300228' [1][0] OK
C:[14/10/2014 13:55:42.02][172.16.4.254][1585] SELECT c_asigna FROM dace004 WHERE exp_e='11-21340642' AND c_asigna='300101' AND status IN ('0','3','B') [1][0] OK
C:[14/10/2014 13:55:42.21][172.16.4.254][1616] SELECT par_cod_asig1,par_cod_asig2,par_cod_asig3 FROM tblaca009 WHERE pensum='5' AND c_uni_ca='5' AND c_asigna='300222' [1][0] OK
C:[14/10/2014 13:55:42.21][172.16.4.254][1616] SELECT par_cod_asig1,par_cod_asig2,par_cod_asig3 FROM tblaca009 WHERE pensum='5' AND c_uni_ca='5' AND c_asigna='300317' [1][0] OK
C:[14/10/2014 13:55:42.21][172.16.4.254][1616] SELECT par_cod_asig1,par_cod_asig2,par_cod_asig3 FROM tblaca009 WHERE pensum='5' AND c_uni_ca='5' AND c_asigna='300113' [1][0] OK
C:[14/10/2014 13:55:42.21][172.16.4.254][1630] SELECT c_asigna FROM dace004 WHERE exp_e='11-21340642' AND c_asigna='300013' AND status IN ('0','3','B','C') [1][0] OK
C:[14/10/2014 13:55:42.21][172.16.4.254][1616] SELECT par_cod_asig1,par_cod_asig2,par_cod_asig3 FROM tblaca009 WHERE pensum='5' AND c_uni_ca='5' AND c_asigna='300226' [1][0] OK
C:[14/10/2014 13:55:42.21][172.16.4.254][1616] SELECT par_cod_asig1,par_cod_asig2,par_cod_asig3 FROM tblaca009 WHERE pensum='5' AND c_uni_ca='5' AND c_asigna='300314' [1][0] OK
C:[14/10/2014 13:55:42.21][172.16.4.254][1616] SELECT par_cod_asig1,par_cod_asig2,par_cod_asig3 FROM tblaca009 WHERE pensum='5' AND c_uni_ca='5' AND c_asigna='300228' [1][0] OK
C:[16/10/2014 13:24:11.55][172.16.4.254][1572] SELECT pre_cod_asig1,pre_cod_asig2,pre_cod_asig3,pre_cod_asig4,pre_cod_asig5,pre_cod_asig6,pre_cod_asig7 FROM tblaca009 WHERE pensum='5' AND c_uni_ca='6' AND c_asigna='300207' [1][0] OK
C:[16/10/2014 13:24:11.55][172.16.4.254][1585] SELECT c_asigna FROM dace004 WHERE exp_e='11-25083204' AND c_asigna='300101' AND status IN ('0','3','B') [1][0] OK
C:[16/10/2014 13:24:11.55][172.16.4.254][1572] SELECT pre_cod_asig1,pre_cod_asig2,pre_cod_asig3,pre_cod_asig4,pre_cod_asig5,pre_cod_asig6,pre_cod_asig7 FROM tblaca009 WHERE pensum='5' AND c_uni_ca='6' AND c_asigna='300228' [1][0] OK
C:[16/10/2014 13:24:11.55][172.16.4.254][1585] SELECT c_asigna FROM dace004 WHERE exp_e='11-25083204' AND c_asigna='300101' AND status IN ('0','3','B') [1][0] OK
C:[16/10/2014 13:24:11.55][172.16.4.254][1572] SELECT pre_cod_asig1,pre_cod_asig2,pre_cod_asig3,pre_cod_asig4,pre_cod_asig5,pre_cod_asig6,pre_cod_asig7 FROM tblaca009 WHERE pensum='5' AND c_uni_ca='6' AND c_asigna='300213' [1][0] OK
C:[16/10/2014 13:24:11.55][172.16.4.254][1585] SELECT c_asigna FROM dace004 WHERE exp_e='11-25083204' AND c_asigna='300101' AND status IN ('0','3','B') [1][0] OK
C:[16/10/2014 13:24:11.55][172.16.4.254][1572] SELECT pre_cod_asig1,pre_cod_asig2,pre_cod_asig3,pre_cod_asig4,pre_cod_asig5,pre_cod_asig6,pre_cod_asig7 FROM tblaca009 WHERE pensum='5' AND c_uni_ca='6' AND c_asigna='300112' [1][0] OK
C:[16/10/2014 13:24:11.55][172.16.4.254][1572] SELECT pre_cod_asig1,pre_cod_asig2,pre_cod_asig3,pre_cod_asig4,pre_cod_asig5,pre_cod_asig6,pre_cod_asig7 FROM tblaca009 WHERE pensum='5' AND c_uni_ca='6' AND c_asigna='300209' [1][0] OK
C:[16/10/2014 13:24:11.55][172.16.4.254][1585] SELECT c_asigna FROM dace004 WHERE exp_e='11-25083204' AND c_asigna='300101' AND status IN ('0','3','B') [1][0] OK
C:[16/10/2014 13:24:11.55][172.16.4.254][1572] SELECT pre_cod_asig1,pre_cod_asig2,pre_cod_asig3,pre_cod_asig4,pre_cod_asig5,pre_cod_asig6,pre_cod_asig7 FROM tblaca009 WHERE pensum='5' AND c_uni_ca='6' AND c_asigna='300314' [1][0] OK
C:[16/10/2014 13:24:11.55][172.16.4.254][1585] SELECT c_asigna FROM dace004 WHERE exp_e='11-25083204' AND c_asigna='300106' AND status IN ('0','3','B') [1][0] OK
C:[16/10/2014 13:24:12.19][172.16.4.254][1616] SELECT par_cod_asig1,par_cod_asig2,par_cod_asig3 FROM tblaca009 WHERE pensum='5' AND c_uni_ca='6' AND c_asigna='300207' [1][0] OK
C:[16/10/2014 13:24:12.19][172.16.4.254][1616] SELECT par_cod_asig1,par_cod_asig2,par_cod_asig3 FROM tblaca009 WHERE pensum='5' AND c_uni_ca='6' AND c_asigna='300228' [1][0] OK
C:[16/10/2014 13:24:12.19][172.16.4.254][1616] SELECT par_cod_asig1,par_cod_asig2,par_cod_asig3 FROM tblaca009 WHERE pensum='5' AND c_uni_ca='6' AND c_asigna='300213' [1][0] OK
C:[16/10/2014 13:24:12.19][172.16.4.254][1630] SELECT c_asigna FROM dace004 WHERE exp_e='11-25083204' AND c_asigna='300209' AND status IN ('0','3','B','C') [0][0] OK
C:[16/10/2014 13:24:12.19][172.16.4.254][1616] SELECT par_cod_asig1,par_cod_asig2,par_cod_asig3 FROM tblaca009 WHERE pensum='5' AND c_uni_ca='6' AND c_asigna='300112' [1][0] OK
C:[16/10/2014 13:24:12.19][172.16.4.254][1616] SELECT par_cod_asig1,par_cod_asig2,par_cod_asig3 FROM tblaca009 WHERE pensum='5' AND c_uni_ca='6' AND c_asigna='300209' [1][0] OK
C:[16/10/2014 13:24:12.19][172.16.4.254][1616] SELECT par_cod_asig1,par_cod_asig2,par_cod_asig3 FROM tblaca009 WHERE pensum='5' AND c_uni_ca='6' AND c_asigna='300314' [1][0] OK
C:[20/10/2014 09:32:24.20][172.16.4.240][1572] SELECT pre_cod_asig1,pre_cod_asig2,pre_cod_asig3,pre_cod_asig4,pre_cod_asig5,pre_cod_asig6,pre_cod_asig7 FROM tblaca009 WHERE pensum='5' AND c_uni_ca='2' AND c_asigna='300207' [1][0] OK
C:[20/10/2014 09:32:24.20][172.16.4.240][1585] SELECT c_asigna FROM dace004 WHERE exp_e='13-23500740' AND c_asigna='300101' AND status IN ('0','3','B') [1][0] OK
C:[20/10/2014 09:32:24.20][172.16.4.240][1572] SELECT pre_cod_asig1,pre_cod_asig2,pre_cod_asig3,pre_cod_asig4,pre_cod_asig5,pre_cod_asig6,pre_cod_asig7 FROM tblaca009 WHERE pensum='5' AND c_uni_ca='2' AND c_asigna='300209' [1][0] OK
C:[20/10/2014 09:32:24.20][172.16.4.240][1585] SELECT c_asigna FROM dace004 WHERE exp_e='13-23500740' AND c_asigna='300101' AND status IN ('0','3','B') [1][0] OK
C:[20/10/2014 09:32:24.20][172.16.4.240][1572] SELECT pre_cod_asig1,pre_cod_asig2,pre_cod_asig3,pre_cod_asig4,pre_cod_asig5,pre_cod_asig6,pre_cod_asig7 FROM tblaca009 WHERE pensum='5' AND c_uni_ca='2' AND c_asigna='300218' [1][0] OK
C:[20/10/2014 09:32:24.20][172.16.4.240][1585] SELECT c_asigna FROM dace004 WHERE exp_e='13-23500740' AND c_asigna='300101' AND status IN ('0','3','B') [1][0] OK
C:[20/10/2014 09:32:24.20][172.16.4.240][1572] SELECT pre_cod_asig1,pre_cod_asig2,pre_cod_asig3,pre_cod_asig4,pre_cod_asig5,pre_cod_asig6,pre_cod_asig7 FROM tblaca009 WHERE pensum='5' AND c_uni_ca='2' AND c_asigna='300213' [1][0] OK
C:[20/10/2014 09:32:24.20][172.16.4.240][1585] SELECT c_asigna FROM dace004 WHERE exp_e='13-23500740' AND c_asigna='300101' AND status IN ('0','3','B') [1][0] OK
C:[20/10/2014 09:32:24.20][172.16.4.240][1572] SELECT pre_cod_asig1,pre_cod_asig2,pre_cod_asig3,pre_cod_asig4,pre_cod_asig5,pre_cod_asig6,pre_cod_asig7 FROM tblaca009 WHERE pensum='5' AND c_uni_ca='2' AND c_asigna='300228' [1][0] OK
C:[20/10/2014 09:32:24.20][172.16.4.240][1585] SELECT c_asigna FROM dace004 WHERE exp_e='13-23500740' AND c_asigna='300101' AND status IN ('0','3','B') [1][0] OK
C:[20/10/2014 09:32:24.20][172.16.4.240][1572] SELECT pre_cod_asig1,pre_cod_asig2,pre_cod_asig3,pre_cod_asig4,pre_cod_asig5,pre_cod_asig6,pre_cod_asig7 FROM tblaca009 WHERE pensum='5' AND c_uni_ca='2' AND c_asigna='300222' [1][0] OK
C:[20/10/2014 09:32:24.20][172.16.4.240][1585] SELECT c_asigna FROM dace004 WHERE exp_e='13-23500740' AND c_asigna='300112' AND status IN ('0','3','B') [1][0] OK
C:[20/10/2014 09:32:24.20][172.16.4.240][1572] SELECT pre_cod_asig1,pre_cod_asig2,pre_cod_asig3,pre_cod_asig4,pre_cod_asig5,pre_cod_asig6,pre_cod_asig7 FROM tblaca009 WHERE pensum='5' AND c_uni_ca='2' AND c_asigna='300226' [1][0] OK
C:[20/10/2014 09:32:24.20][172.16.4.240][1585] SELECT c_asigna FROM dace004 WHERE exp_e='13-23500740' AND c_asigna='300116' AND status IN ('0','3','B') [1][0] OK
C:[20/10/2014 09:32:25.20][172.16.4.240][1616] SELECT par_cod_asig1,par_cod_asig2,par_cod_asig3 FROM tblaca009 WHERE pensum='5' AND c_uni_ca='2' AND c_asigna='300207' [1][0] OK
C:[20/10/2014 09:32:25.20][172.16.4.240][1616] SELECT par_cod_asig1,par_cod_asig2,par_cod_asig3 FROM tblaca009 WHERE pensum='5' AND c_uni_ca='2' AND c_asigna='300209' [1][0] OK
C:[20/10/2014 09:32:25.20][172.16.4.240][1616] SELECT par_cod_asig1,par_cod_asig2,par_cod_asig3 FROM tblaca009 WHERE pensum='5' AND c_uni_ca='2' AND c_asigna='300218' [1][0] OK
C:[20/10/2014 09:32:25.20][172.16.4.240][1630] SELECT c_asigna FROM dace004 WHERE exp_e='13-23500740' AND c_asigna='300228' AND status IN ('0','3','B','C') [0][0] OK
C:[20/10/2014 09:32:25.20][172.16.4.240][1616] SELECT par_cod_asig1,par_cod_asig2,par_cod_asig3 FROM tblaca009 WHERE pensum='5' AND c_uni_ca='2' AND c_asigna='300213' [1][0] OK
C:[20/10/2014 09:32:25.20][172.16.4.240][1630] SELECT c_asigna FROM dace004 WHERE exp_e='13-23500740' AND c_asigna='300209' AND status IN ('0','3','B','C') [0][0] OK
C:[20/10/2014 09:32:25.20][172.16.4.240][1616] SELECT par_cod_asig1,par_cod_asig2,par_cod_asig3 FROM tblaca009 WHERE pensum='5' AND c_uni_ca='2' AND c_asigna='300228' [1][0] OK
C:[20/10/2014 09:32:25.20][172.16.4.240][1616] SELECT par_cod_asig1,par_cod_asig2,par_cod_asig3 FROM tblaca009 WHERE pensum='5' AND c_uni_ca='2' AND c_asigna='300222' [1][0] OK
C:[20/10/2014 09:32:25.20][172.16.4.240][1616] SELECT par_cod_asig1,par_cod_asig2,par_cod_asig3 FROM tblaca009 WHERE pensum='5' AND c_uni_ca='2' AND c_asigna='300226' [1][0] OK
C:[20/10/2014 13:49:28.22][172.16.4.247][1572] SELECT pre_cod_asig1,pre_cod_asig2,pre_cod_asig3,pre_cod_asig4,pre_cod_asig5,pre_cod_asig6,pre_cod_asig7 FROM tblaca009 WHERE pensum='5' AND c_uni_ca='4' AND c_asigna='300207' [1][0] OK
C:[20/10/2014 13:49:28.22][172.16.4.247][1585] SELECT c_asigna FROM dace004 WHERE exp_e='09-17288674' AND c_asigna='300101' AND status IN ('0','3','B') [1][0] OK
C:[20/10/2014 13:49:28.22][172.16.4.247][1572] SELECT pre_cod_asig1,pre_cod_asig2,pre_cod_asig3,pre_cod_asig4,pre_cod_asig5,pre_cod_asig6,pre_cod_asig7 FROM tblaca009 WHERE pensum='5' AND c_uni_ca='4' AND c_asigna='300228' [1][0] OK
C:[20/10/2014 13:49:28.22][172.16.4.247][1585] SELECT c_asigna FROM dace004 WHERE exp_e='09-17288674' AND c_asigna='300101' AND status IN ('0','3','B') [1][0] OK
C:[20/10/2014 13:49:28.84][172.16.4.247][1616] SELECT par_cod_asig1,par_cod_asig2,par_cod_asig3 FROM tblaca009 WHERE pensum='5' AND c_uni_ca='4' AND c_asigna='300207' [1][0] OK
C:[20/10/2014 13:49:28.84][172.16.4.247][1616] SELECT par_cod_asig1,par_cod_asig2,par_cod_asig3 FROM tblaca009 WHERE pensum='5' AND c_uni_ca='4' AND c_asigna='300228' [1][0] OK
C:[21/10/2014 12:57:00.93][172.16.4.254][1572] SELECT pre_cod_asig1,pre_cod_asig2,pre_cod_asig3,pre_cod_asig4,pre_cod_asig5,pre_cod_asig6,pre_cod_asig7 FROM tblaca009 WHERE pensum='5' AND c_uni_ca='4' AND c_asigna='300207' [1][0] OK
C:[21/10/2014 12:57:00.93][172.16.4.254][1585] SELECT c_asigna FROM dace004 WHERE exp_e='09-17288674' AND c_asigna='300101' AND status IN ('0','3','B') [1][0] OK
C:[21/10/2014 12:57:00.93][172.16.4.254][1572] SELECT pre_cod_asig1,pre_cod_asig2,pre_cod_asig3,pre_cod_asig4,pre_cod_asig5,pre_cod_asig6,pre_cod_asig7 FROM tblaca009 WHERE pensum='5' AND c_uni_ca='4' AND c_asigna='300228' [1][0] OK
C:[21/10/2014 12:57:00.93][172.16.4.254][1585] SELECT c_asigna FROM dace004 WHERE exp_e='09-17288674' AND c_asigna='300101' AND status IN ('0','3','B') [1][0] OK
C:[21/10/2014 12:57:00.67][172.16.4.254][1616] SELECT par_cod_asig1,par_cod_asig2,par_cod_asig3 FROM tblaca009 WHERE pensum='5' AND c_uni_ca='4' AND c_asigna='300207' [1][0] OK
C:[21/10/2014 12:57:00.67][172.16.4.254][1616] SELECT par_cod_asig1,par_cod_asig2,par_cod_asig3 FROM tblaca009 WHERE pensum='5' AND c_uni_ca='4' AND c_asigna='300228' [1][0] OK
C:[22/10/2014 09:56:34.01][172.16.4.254][1572] SELECT pre_cod_asig1,pre_cod_asig2,pre_cod_asig3,pre_cod_asig4,pre_cod_asig5,pre_cod_asig6,pre_cod_asig7 FROM tblaca009 WHERE pensum='5' AND c_uni_ca='3' AND c_asigna='300207' [1][0] OK
C:[22/10/2014 09:56:34.01][172.16.4.254][1585] SELECT c_asigna FROM dace004 WHERE exp_e='12-24123193' AND c_asigna='300101' AND status IN ('0','3','B') [1][0] OK
C:[22/10/2014 09:56:34.01][172.16.4.254][1572] SELECT pre_cod_asig1,pre_cod_asig2,pre_cod_asig3,pre_cod_asig4,pre_cod_asig5,pre_cod_asig6,pre_cod_asig7 FROM tblaca009 WHERE pensum='5' AND c_uni_ca='3' AND c_asigna='300213' [1][0] OK
C:[22/10/2014 09:56:34.01][172.16.4.254][1585] SELECT c_asigna FROM dace004 WHERE exp_e='12-24123193' AND c_asigna='300101' AND status IN ('0','3','B') [1][0] OK
C:[22/10/2014 09:56:34.01][172.16.4.254][1572] SELECT pre_cod_asig1,pre_cod_asig2,pre_cod_asig3,pre_cod_asig4,pre_cod_asig5,pre_cod_asig6,pre_cod_asig7 FROM tblaca009 WHERE pensum='5' AND c_uni_ca='3' AND c_asigna='300209' [1][0] OK
C:[22/10/2014 09:56:34.01][172.16.4.254][1585] SELECT c_asigna FROM dace004 WHERE exp_e='12-24123193' AND c_asigna='300101' AND status IN ('0','3','B') [1][0] OK
C:[22/10/2014 09:56:34.01][172.16.4.254][1572] SELECT pre_cod_asig1,pre_cod_asig2,pre_cod_asig3,pre_cod_asig4,pre_cod_asig5,pre_cod_asig6,pre_cod_asig7 FROM tblaca009 WHERE pensum='5' AND c_uni_ca='3' AND c_asigna='300226' [1][0] OK
C:[22/10/2014 09:56:34.01][172.16.4.254][1585] SELECT c_asigna FROM dace004 WHERE exp_e='12-24123193' AND c_asigna='300116' AND status IN ('0','3','B') [1][0] OK
C:[22/10/2014 09:56:34.01][172.16.4.254][1572] SELECT pre_cod_asig1,pre_cod_asig2,pre_cod_asig3,pre_cod_asig4,pre_cod_asig5,pre_cod_asig6,pre_cod_asig7 FROM tblaca009 WHERE pensum='5' AND c_uni_ca='3' AND c_asigna='300228' [1][0] OK
C:[22/10/2014 09:56:34.01][172.16.4.254][1585] SELECT c_asigna FROM dace004 WHERE exp_e='12-24123193' AND c_asigna='300101' AND status IN ('0','3','B') [1][0] OK
C:[22/10/2014 09:56:34.01][172.16.4.254][1572] SELECT pre_cod_asig1,pre_cod_asig2,pre_cod_asig3,pre_cod_asig4,pre_cod_asig5,pre_cod_asig6,pre_cod_asig7 FROM tblaca009 WHERE pensum='5' AND c_uni_ca='3' AND c_asigna='300314' [1][0] OK
C:[22/10/2014 09:56:34.01][172.16.4.254][1585] SELECT c_asigna FROM dace004 WHERE exp_e='12-24123193' AND c_asigna='300106' AND status IN ('0','3','B') [1][0] OK
C:[22/10/2014 09:56:34.01][172.16.4.254][1572] SELECT pre_cod_asig1,pre_cod_asig2,pre_cod_asig3,pre_cod_asig4,pre_cod_asig5,pre_cod_asig6,pre_cod_asig7 FROM tblaca009 WHERE pensum='5' AND c_uni_ca='3' AND c_asigna='311320' [1][0] OK
C:[22/10/2014 09:56:34.01][172.16.4.254][1585] SELECT c_asigna FROM dace004 WHERE exp_e='12-24123193' AND c_asigna='300013' AND status IN ('0','3','B') [1][0] OK
C:[22/10/2014 09:56:34.01][172.16.4.254][1585] SELECT c_asigna FROM dace004 WHERE exp_e='12-24123193' AND c_asigna='300113' AND status IN ('0','3','B') [1][0] OK
C:[22/10/2014 09:56:35.57][172.16.4.254][1616] SELECT par_cod_asig1,par_cod_asig2,par_cod_asig3 FROM tblaca009 WHERE pensum='5' AND c_uni_ca='3' AND c_asigna='300207' [1][0] OK
C:[22/10/2014 09:56:35.57][172.16.4.254][1616] SELECT par_cod_asig1,par_cod_asig2,par_cod_asig3 FROM tblaca009 WHERE pensum='5' AND c_uni_ca='3' AND c_asigna='300213' [1][0] OK
C:[22/10/2014 09:56:35.57][172.16.4.254][1630] SELECT c_asigna FROM dace004 WHERE exp_e='12-24123193' AND c_asigna='300209' AND status IN ('0','3','B','C') [0][0] OK
C:[22/10/2014 09:56:35.57][172.16.4.254][1616] SELECT par_cod_asig1,par_cod_asig2,par_cod_asig3 FROM tblaca009 WHERE pensum='5' AND c_uni_ca='3' AND c_asigna='300209' [1][0] OK
C:[22/10/2014 09:56:35.57][172.16.4.254][1616] SELECT par_cod_asig1,par_cod_asig2,par_cod_asig3 FROM tblaca009 WHERE pensum='5' AND c_uni_ca='3' AND c_asigna='300226' [1][0] OK
C:[22/10/2014 09:56:35.57][172.16.4.254][1616] SELECT par_cod_asig1,par_cod_asig2,par_cod_asig3 FROM tblaca009 WHERE pensum='5' AND c_uni_ca='3' AND c_asigna='300228' [1][0] OK
C:[22/10/2014 09:56:35.57][172.16.4.254][1616] SELECT par_cod_asig1,par_cod_asig2,par_cod_asig3 FROM tblaca009 WHERE pensum='5' AND c_uni_ca='3' AND c_asigna='300314' [1][0] OK
C:[22/10/2014 09:56:35.57][172.16.4.254][1616] SELECT par_cod_asig1,par_cod_asig2,par_cod_asig3 FROM tblaca009 WHERE pensum='5' AND c_uni_ca='3' AND c_asigna='311320' [1][0] OK
C:[22/10/2014 09:56:35.57][172.16.4.254][1687] SELECT c_asigna FROM tblaca009 WHERE pensum='5' AND c_uni_ca='3' AND ((par_cod_asig1='300218') OR (par_cod_asig2='300218') OR (par_cod_asig3='300218'))  [0][0] OK
C:[22/10/2014 11:16:54.64][172.16.4.254][1572] SELECT pre_cod_asig1,pre_cod_asig2,pre_cod_asig3,pre_cod_asig4,pre_cod_asig5,pre_cod_asig6,pre_cod_asig7 FROM tblaca009 WHERE pensum='5' AND c_uni_ca='3' AND c_asigna='311320' [1][0] OK
C:[22/10/2014 11:16:54.64][172.16.4.254][1585] SELECT c_asigna FROM dace004 WHERE exp_e='12-25266773' AND c_asigna='300013' AND status IN ('0','3','B') [1][0] OK
C:[22/10/2014 11:16:54.64][172.16.4.254][1585] SELECT c_asigna FROM dace004 WHERE exp_e='12-25266773' AND c_asigna='300113' AND status IN ('0','3','B') [1][0] OK
C:[22/10/2014 11:16:54.64][172.16.4.254][1572] SELECT pre_cod_asig1,pre_cod_asig2,pre_cod_asig3,pre_cod_asig4,pre_cod_asig5,pre_cod_asig6,pre_cod_asig7 FROM tblaca009 WHERE pensum='5' AND c_uni_ca='3' AND c_asigna='300222' [1][0] OK
C:[22/10/2014 11:16:54.64][172.16.4.254][1585] SELECT c_asigna FROM dace004 WHERE exp_e='12-25266773' AND c_asigna='300112' AND status IN ('0','3','B') [1][0] OK
C:[22/10/2014 11:16:54.64][172.16.4.254][1572] SELECT pre_cod_asig1,pre_cod_asig2,pre_cod_asig3,pre_cod_asig4,pre_cod_asig5,pre_cod_asig6,pre_cod_asig7 FROM tblaca009 WHERE pensum='5' AND c_uni_ca='3' AND c_asigna='300207' [1][0] OK
C:[22/10/2014 11:16:54.64][172.16.4.254][1585] SELECT c_asigna FROM dace004 WHERE exp_e='12-25266773' AND c_asigna='300101' AND status IN ('0','3','B') [1][0] OK
C:[22/10/2014 11:16:54.64][172.16.4.254][1572] SELECT pre_cod_asig1,pre_cod_asig2,pre_cod_asig3,pre_cod_asig4,pre_cod_asig5,pre_cod_asig6,pre_cod_asig7 FROM tblaca009 WHERE pensum='5' AND c_uni_ca='3' AND c_asigna='300209' [1][0] OK
C:[22/10/2014 11:16:54.64][172.16.4.254][1585] SELECT c_asigna FROM dace004 WHERE exp_e='12-25266773' AND c_asigna='300101' AND status IN ('0','3','B') [1][0] OK
C:[22/10/2014 11:16:54.64][172.16.4.254][1572] SELECT pre_cod_asig1,pre_cod_asig2,pre_cod_asig3,pre_cod_asig4,pre_cod_asig5,pre_cod_asig6,pre_cod_asig7 FROM tblaca009 WHERE pensum='5' AND c_uni_ca='3' AND c_asigna='300213' [1][0] OK
C:[22/10/2014 11:16:54.64][172.16.4.254][1585] SELECT c_asigna FROM dace004 WHERE exp_e='12-25266773' AND c_asigna='300101' AND status IN ('0','3','B') [1][0] OK
C:[22/10/2014 11:16:54.64][172.16.4.254][1572] SELECT pre_cod_asig1,pre_cod_asig2,pre_cod_asig3,pre_cod_asig4,pre_cod_asig5,pre_cod_asig6,pre_cod_asig7 FROM tblaca009 WHERE pensum='5' AND c_uni_ca='3' AND c_asigna='300228' [1][0] OK
C:[22/10/2014 11:16:54.64][172.16.4.254][1585] SELECT c_asigna FROM dace004 WHERE exp_e='12-25266773' AND c_asigna='300101' AND status IN ('0','3','B') [1][0] OK
C:[22/10/2014 11:16:55.51][172.16.4.254][1616] SELECT par_cod_asig1,par_cod_asig2,par_cod_asig3 FROM tblaca009 WHERE pensum='5' AND c_uni_ca='3' AND c_asigna='311320' [1][0] OK
C:[22/10/2014 11:16:55.51][172.16.4.254][1616] SELECT par_cod_asig1,par_cod_asig2,par_cod_asig3 FROM tblaca009 WHERE pensum='5' AND c_uni_ca='3' AND c_asigna='300222' [1][0] OK
C:[22/10/2014 11:16:55.51][172.16.4.254][1616] SELECT par_cod_asig1,par_cod_asig2,par_cod_asig3 FROM tblaca009 WHERE pensum='5' AND c_uni_ca='3' AND c_asigna='300207' [1][0] OK
C:[22/10/2014 11:16:55.51][172.16.4.254][1616] SELECT par_cod_asig1,par_cod_asig2,par_cod_asig3 FROM tblaca009 WHERE pensum='5' AND c_uni_ca='3' AND c_asigna='300209' [1][0] OK
C:[22/10/2014 11:16:55.51][172.16.4.254][1616] SELECT par_cod_asig1,par_cod_asig2,par_cod_asig3 FROM tblaca009 WHERE pensum='5' AND c_uni_ca='3' AND c_asigna='300213' [1][0] OK
C:[22/10/2014 11:16:55.51][172.16.4.254][1630] SELECT c_asigna FROM dace004 WHERE exp_e='12-25266773' AND c_asigna='300209' AND status IN ('0','3','B','C') [0][0] OK
C:[22/10/2014 11:16:55.51][172.16.4.254][1616] SELECT par_cod_asig1,par_cod_asig2,par_cod_asig3 FROM tblaca009 WHERE pensum='5' AND c_uni_ca='3' AND c_asigna='300228' [1][0] OK
C:[22/10/2014 14:02:18.77][172.16.4.254][1572] SELECT pre_cod_asig1,pre_cod_asig2,pre_cod_asig3,pre_cod_asig4,pre_cod_asig5,pre_cod_asig6,pre_cod_asig7 FROM tblaca009 WHERE pensum='5' AND c_uni_ca='2' AND c_asigna='300209' [1][0] OK
C:[22/10/2014 14:02:18.77][172.16.4.254][1585] SELECT c_asigna FROM dace004 WHERE exp_e='13-26129186' AND c_asigna='300101' AND status IN ('0','3','B') [1][0] OK
C:[22/10/2014 14:02:18.77][172.16.4.254][1572] SELECT pre_cod_asig1,pre_cod_asig2,pre_cod_asig3,pre_cod_asig4,pre_cod_asig5,pre_cod_asig6,pre_cod_asig7 FROM tblaca009 WHERE pensum='5' AND c_uni_ca='2' AND c_asigna='300213' [1][0] OK
C:[22/10/2014 14:02:18.77][172.16.4.254][1585] SELECT c_asigna FROM dace004 WHERE exp_e='13-26129186' AND c_asigna='300101' AND status IN ('0','3','B') [1][0] OK
C:[22/10/2014 14:02:18.77][172.16.4.254][1572] SELECT pre_cod_asig1,pre_cod_asig2,pre_cod_asig3,pre_cod_asig4,pre_cod_asig5,pre_cod_asig6,pre_cod_asig7 FROM tblaca009 WHERE pensum='5' AND c_uni_ca='2' AND c_asigna='300222' [1][0] OK
C:[22/10/2014 14:02:18.77][172.16.4.254][1585] SELECT c_asigna FROM dace004 WHERE exp_e='13-26129186' AND c_asigna='300112' AND status IN ('0','3','B') [1][0] OK
C:[22/10/2014 14:02:18.77][172.16.4.254][1572] SELECT pre_cod_asig1,pre_cod_asig2,pre_cod_asig3,pre_cod_asig4,pre_cod_asig5,pre_cod_asig6,pre_cod_asig7 FROM tblaca009 WHERE pensum='5' AND c_uni_ca='2' AND c_asigna='300226' [1][0] OK
C:[22/10/2014 14:02:18.77][172.16.4.254][1585] SELECT c_asigna FROM dace004 WHERE exp_e='13-26129186' AND c_asigna='300116' AND status IN ('0','3','B') [1][0] OK
C:[22/10/2014 14:02:18.77][172.16.4.254][1572] SELECT pre_cod_asig1,pre_cod_asig2,pre_cod_asig3,pre_cod_asig4,pre_cod_asig5,pre_cod_asig6,pre_cod_asig7 FROM tblaca009 WHERE pensum='5' AND c_uni_ca='2' AND c_asigna='300228' [1][0] OK
C:[22/10/2014 14:02:18.77][172.16.4.254][1585] SELECT c_asigna FROM dace004 WHERE exp_e='13-26129186' AND c_asigna='300101' AND status IN ('0','3','B') [1][0] OK
C:[22/10/2014 14:02:18.77][172.16.4.254][1572] SELECT pre_cod_asig1,pre_cod_asig2,pre_cod_asig3,pre_cod_asig4,pre_cod_asig5,pre_cod_asig6,pre_cod_asig7 FROM tblaca009 WHERE pensum='5' AND c_uni_ca='2' AND c_asigna='300207' [1][0] OK
C:[22/10/2014 14:02:18.77][172.16.4.254][1585] SELECT c_asigna FROM dace004 WHERE exp_e='13-26129186' AND c_asigna='300101' AND status IN ('0','3','B') [1][0] OK
C:[22/10/2014 14:02:18.96][172.16.4.254][1616] SELECT par_cod_asig1,par_cod_asig2,par_cod_asig3 FROM tblaca009 WHERE pensum='5' AND c_uni_ca='2' AND c_asigna='300209' [1][0] OK
C:[22/10/2014 14:02:18.96][172.16.4.254][1616] SELECT par_cod_asig1,par_cod_asig2,par_cod_asig3 FROM tblaca009 WHERE pensum='5' AND c_uni_ca='2' AND c_asigna='300213' [1][0] OK
C:[22/10/2014 14:02:18.96][172.16.4.254][1630] SELECT c_asigna FROM dace004 WHERE exp_e='13-26129186' AND c_asigna='300209' AND status IN ('0','3','B','C') [0][0] OK
C:[22/10/2014 14:02:18.96][172.16.4.254][1616] SELECT par_cod_asig1,par_cod_asig2,par_cod_asig3 FROM tblaca009 WHERE pensum='5' AND c_uni_ca='2' AND c_asigna='300222' [1][0] OK
C:[22/10/2014 14:02:18.96][172.16.4.254][1616] SELECT par_cod_asig1,par_cod_asig2,par_cod_asig3 FROM tblaca009 WHERE pensum='5' AND c_uni_ca='2' AND c_asigna='300226' [1][0] OK
C:[22/10/2014 14:02:18.96][172.16.4.254][1616] SELECT par_cod_asig1,par_cod_asig2,par_cod_asig3 FROM tblaca009 WHERE pensum='5' AND c_uni_ca='2' AND c_asigna='300228' [1][0] OK
C:[22/10/2014 14:02:18.96][172.16.4.254][1616] SELECT par_cod_asig1,par_cod_asig2,par_cod_asig3 FROM tblaca009 WHERE pensum='5' AND c_uni_ca='2' AND c_asigna='300207' [1][0] OK
C:[22/10/2014 14:02:18.83][172.16.4.254][1687] SELECT c_asigna FROM tblaca009 WHERE pensum='5' AND c_uni_ca='2' AND ((par_cod_asig1='300218') OR (par_cod_asig2='300218') OR (par_cod_asig3='300218'))  [0][0] OK
C:[22/10/2014 14:07:04.87][172.16.4.254][1572] SELECT pre_cod_asig1,pre_cod_asig2,pre_cod_asig3,pre_cod_asig4,pre_cod_asig5,pre_cod_asig6,pre_cod_asig7 FROM tblaca009 WHERE pensum='5' AND c_uni_ca='2' AND c_asigna='300218' [1][0] OK
C:[22/10/2014 14:07:04.87][172.16.4.254][1585] SELECT c_asigna FROM dace004 WHERE exp_e='13-26129186' AND c_asigna='300101' AND status IN ('0','3','B') [1][0] OK
C:[22/10/2014 14:07:04.87][172.16.4.254][1572] SELECT pre_cod_asig1,pre_cod_asig2,pre_cod_asig3,pre_cod_asig4,pre_cod_asig5,pre_cod_asig6,pre_cod_asig7 FROM tblaca009 WHERE pensum='5' AND c_uni_ca='2' AND c_asigna='300209' [1][0] OK
C:[22/10/2014 14:07:04.87][172.16.4.254][1585] SELECT c_asigna FROM dace004 WHERE exp_e='13-26129186' AND c_asigna='300101' AND status IN ('0','3','B') [1][0] OK
C:[22/10/2014 14:07:04.87][172.16.4.254][1572] SELECT pre_cod_asig1,pre_cod_asig2,pre_cod_asig3,pre_cod_asig4,pre_cod_asig5,pre_cod_asig6,pre_cod_asig7 FROM tblaca009 WHERE pensum='5' AND c_uni_ca='2' AND c_asigna='300213' [1][0] OK
C:[22/10/2014 14:07:04.87][172.16.4.254][1585] SELECT c_asigna FROM dace004 WHERE exp_e='13-26129186' AND c_asigna='300101' AND status IN ('0','3','B') [1][0] OK
C:[22/10/2014 14:07:04.87][172.16.4.254][1572] SELECT pre_cod_asig1,pre_cod_asig2,pre_cod_asig3,pre_cod_asig4,pre_cod_asig5,pre_cod_asig6,pre_cod_asig7 FROM tblaca009 WHERE pensum='5' AND c_uni_ca='2' AND c_asigna='300222' [1][0] OK
C:[22/10/2014 14:07:04.87][172.16.4.254][1585] SELECT c_asigna FROM dace004 WHERE exp_e='13-26129186' AND c_asigna='300112' AND status IN ('0','3','B') [1][0] OK
C:[22/10/2014 14:07:04.87][172.16.4.254][1572] SELECT pre_cod_asig1,pre_cod_asig2,pre_cod_asig3,pre_cod_asig4,pre_cod_asig5,pre_cod_asig6,pre_cod_asig7 FROM tblaca009 WHERE pensum='5' AND c_uni_ca='2' AND c_asigna='300226' [1][0] OK
C:[22/10/2014 14:07:04.87][172.16.4.254][1585] SELECT c_asigna FROM dace004 WHERE exp_e='13-26129186' AND c_asigna='300116' AND status IN ('0','3','B') [1][0] OK
C:[22/10/2014 14:07:04.87][172.16.4.254][1572] SELECT pre_cod_asig1,pre_cod_asig2,pre_cod_asig3,pre_cod_asig4,pre_cod_asig5,pre_cod_asig6,pre_cod_asig7 FROM tblaca009 WHERE pensum='5' AND c_uni_ca='2' AND c_asigna='300228' [1][0] OK
C:[22/10/2014 14:07:04.87][172.16.4.254][1585] SELECT c_asigna FROM dace004 WHERE exp_e='13-26129186' AND c_asigna='300101' AND status IN ('0','3','B') [1][0] OK
C:[22/10/2014 14:07:04.87][172.16.4.254][1572] SELECT pre_cod_asig1,pre_cod_asig2,pre_cod_asig3,pre_cod_asig4,pre_cod_asig5,pre_cod_asig6,pre_cod_asig7 FROM tblaca009 WHERE pensum='5' AND c_uni_ca='2' AND c_asigna='300207' [1][0] OK
C:[22/10/2014 14:07:04.87][172.16.4.254][1585] SELECT c_asigna FROM dace004 WHERE exp_e='13-26129186' AND c_asigna='300101' AND status IN ('0','3','B') [1][0] OK
C:[22/10/2014 14:07:05.32][172.16.4.254][1616] SELECT par_cod_asig1,par_cod_asig2,par_cod_asig3 FROM tblaca009 WHERE pensum='5' AND c_uni_ca='2' AND c_asigna='300218' [1][0] OK
C:[22/10/2014 14:07:05.32][172.16.4.254][1630] SELECT c_asigna FROM dace004 WHERE exp_e='13-26129186' AND c_asigna='300228' AND status IN ('0','3','B','C') [0][0] OK
C:[22/10/2014 14:07:05.32][172.16.4.254][1616] SELECT par_cod_asig1,par_cod_asig2,par_cod_asig3 FROM tblaca009 WHERE pensum='5' AND c_uni_ca='2' AND c_asigna='300209' [1][0] OK
C:[22/10/2014 14:07:05.32][172.16.4.254][1616] SELECT par_cod_asig1,par_cod_asig2,par_cod_asig3 FROM tblaca009 WHERE pensum='5' AND c_uni_ca='2' AND c_asigna='300213' [1][0] OK
C:[22/10/2014 14:07:05.32][172.16.4.254][1630] SELECT c_asigna FROM dace004 WHERE exp_e='13-26129186' AND c_asigna='300209' AND status IN ('0','3','B','C') [0][0] OK
C:[22/10/2014 14:07:05.32][172.16.4.254][1616] SELECT par_cod_asig1,par_cod_asig2,par_cod_asig3 FROM tblaca009 WHERE pensum='5' AND c_uni_ca='2' AND c_asigna='300222' [1][0] OK
C:[22/10/2014 14:07:05.32][172.16.4.254][1616] SELECT par_cod_asig1,par_cod_asig2,par_cod_asig3 FROM tblaca009 WHERE pensum='5' AND c_uni_ca='2' AND c_asigna='300226' [1][0] OK
C:[22/10/2014 14:07:05.32][172.16.4.254][1616] SELECT par_cod_asig1,par_cod_asig2,par_cod_asig3 FROM tblaca009 WHERE pensum='5' AND c_uni_ca='2' AND c_asigna='300228' [1][0] OK
C:[22/10/2014 14:07:05.32][172.16.4.254][1616] SELECT par_cod_asig1,par_cod_asig2,par_cod_asig3 FROM tblaca009 WHERE pensum='5' AND c_uni_ca='2' AND c_asigna='300207' [1][0] OK
C:[22/10/2014 14:11:09.70][172.16.4.254][1572] SELECT pre_cod_asig1,pre_cod_asig2,pre_cod_asig3,pre_cod_asig4,pre_cod_asig5,pre_cod_asig6,pre_cod_asig7 FROM tblaca009 WHERE pensum='5' AND c_uni_ca='2' AND c_asigna='300209' [1][0] OK
C:[22/10/2014 14:11:09.70][172.16.4.254][1585] SELECT c_asigna FROM dace004 WHERE exp_e='13-26129186' AND c_asigna='300101' AND status IN ('0','3','B') [1][0] OK
C:[22/10/2014 14:11:09.70][172.16.4.254][1572] SELECT pre_cod_asig1,pre_cod_asig2,pre_cod_asig3,pre_cod_asig4,pre_cod_asig5,pre_cod_asig6,pre_cod_asig7 FROM tblaca009 WHERE pensum='5' AND c_uni_ca='2' AND c_asigna='300213' [1][0] OK
C:[22/10/2014 14:11:09.70][172.16.4.254][1585] SELECT c_asigna FROM dace004 WHERE exp_e='13-26129186' AND c_asigna='300101' AND status IN ('0','3','B') [1][0] OK
C:[22/10/2014 14:11:09.70][172.16.4.254][1572] SELECT pre_cod_asig1,pre_cod_asig2,pre_cod_asig3,pre_cod_asig4,pre_cod_asig5,pre_cod_asig6,pre_cod_asig7 FROM tblaca009 WHERE pensum='5' AND c_uni_ca='2' AND c_asigna='300222' [1][0] OK
C:[22/10/2014 14:11:09.70][172.16.4.254][1585] SELECT c_asigna FROM dace004 WHERE exp_e='13-26129186' AND c_asigna='300112' AND status IN ('0','3','B') [1][0] OK
C:[22/10/2014 14:11:09.70][172.16.4.254][1572] SELECT pre_cod_asig1,pre_cod_asig2,pre_cod_asig3,pre_cod_asig4,pre_cod_asig5,pre_cod_asig6,pre_cod_asig7 FROM tblaca009 WHERE pensum='5' AND c_uni_ca='2' AND c_asigna='300226' [1][0] OK
C:[22/10/2014 14:11:09.70][172.16.4.254][1585] SELECT c_asigna FROM dace004 WHERE exp_e='13-26129186' AND c_asigna='300116' AND status IN ('0','3','B') [1][0] OK
C:[22/10/2014 14:11:09.70][172.16.4.254][1572] SELECT pre_cod_asig1,pre_cod_asig2,pre_cod_asig3,pre_cod_asig4,pre_cod_asig5,pre_cod_asig6,pre_cod_asig7 FROM tblaca009 WHERE pensum='5' AND c_uni_ca='2' AND c_asigna='300228' [1][0] OK
C:[22/10/2014 14:11:09.70][172.16.4.254][1585] SELECT c_asigna FROM dace004 WHERE exp_e='13-26129186' AND c_asigna='300101' AND status IN ('0','3','B') [1][0] OK
C:[22/10/2014 14:11:09.70][172.16.4.254][1572] SELECT pre_cod_asig1,pre_cod_asig2,pre_cod_asig3,pre_cod_asig4,pre_cod_asig5,pre_cod_asig6,pre_cod_asig7 FROM tblaca009 WHERE pensum='5' AND c_uni_ca='2' AND c_asigna='300207' [1][0] OK
C:[22/10/2014 14:11:09.70][172.16.4.254][1585] SELECT c_asigna FROM dace004 WHERE exp_e='13-26129186' AND c_asigna='300101' AND status IN ('0','3','B') [1][0] OK
C:[22/10/2014 14:11:09.89][172.16.4.254][1616] SELECT par_cod_asig1,par_cod_asig2,par_cod_asig3 FROM tblaca009 WHERE pensum='5' AND c_uni_ca='2' AND c_asigna='300209' [1][0] OK
C:[22/10/2014 14:11:09.89][172.16.4.254][1616] SELECT par_cod_asig1,par_cod_asig2,par_cod_asig3 FROM tblaca009 WHERE pensum='5' AND c_uni_ca='2' AND c_asigna='300213' [1][0] OK
C:[22/10/2014 14:11:09.89][172.16.4.254][1630] SELECT c_asigna FROM dace004 WHERE exp_e='13-26129186' AND c_asigna='300209' AND status IN ('0','3','B','C') [0][0] OK
C:[22/10/2014 14:11:09.89][172.16.4.254][1616] SELECT par_cod_asig1,par_cod_asig2,par_cod_asig3 FROM tblaca009 WHERE pensum='5' AND c_uni_ca='2' AND c_asigna='300222' [1][0] OK
C:[22/10/2014 14:11:09.89][172.16.4.254][1616] SELECT par_cod_asig1,par_cod_asig2,par_cod_asig3 FROM tblaca009 WHERE pensum='5' AND c_uni_ca='2' AND c_asigna='300226' [1][0] OK
C:[22/10/2014 14:11:09.89][172.16.4.254][1616] SELECT par_cod_asig1,par_cod_asig2,par_cod_asig3 FROM tblaca009 WHERE pensum='5' AND c_uni_ca='2' AND c_asigna='300228' [1][0] OK
C:[22/10/2014 14:11:09.89][172.16.4.254][1616] SELECT par_cod_asig1,par_cod_asig2,par_cod_asig3 FROM tblaca009 WHERE pensum='5' AND c_uni_ca='2' AND c_asigna='300207' [1][0] OK
C:[22/10/2014 14:11:10.76][172.16.4.254][1687] SELECT c_asigna FROM tblaca009 WHERE pensum='5' AND c_uni_ca='2' AND ((par_cod_asig1='300218') OR (par_cod_asig2='300218') OR (par_cod_asig3='300218'))  [0][0] OK
C:[22/10/2014 14:12:42.67][172.16.4.254][1572] SELECT pre_cod_asig1,pre_cod_asig2,pre_cod_asig3,pre_cod_asig4,pre_cod_asig5,pre_cod_asig6,pre_cod_asig7 FROM tblaca009 WHERE pensum='5' AND c_uni_ca='2' AND c_asigna='300218' [1][0] OK
C:[22/10/2014 14:12:42.67][172.16.4.254][1585] SELECT c_asigna FROM dace004 WHERE exp_e='13-26129186' AND c_asigna='300101' AND status IN ('0','3','B') [1][0] OK
C:[22/10/2014 14:12:42.67][172.16.4.254][1572] SELECT pre_cod_asig1,pre_cod_asig2,pre_cod_asig3,pre_cod_asig4,pre_cod_asig5,pre_cod_asig6,pre_cod_asig7 FROM tblaca009 WHERE pensum='5' AND c_uni_ca='2' AND c_asigna='300209' [1][0] OK
C:[22/10/2014 14:12:42.67][172.16.4.254][1585] SELECT c_asigna FROM dace004 WHERE exp_e='13-26129186' AND c_asigna='300101' AND status IN ('0','3','B') [1][0] OK
C:[22/10/2014 14:12:42.67][172.16.4.254][1572] SELECT pre_cod_asig1,pre_cod_asig2,pre_cod_asig3,pre_cod_asig4,pre_cod_asig5,pre_cod_asig6,pre_cod_asig7 FROM tblaca009 WHERE pensum='5' AND c_uni_ca='2' AND c_asigna='300213' [1][0] OK
C:[22/10/2014 14:12:42.67][172.16.4.254][1585] SELECT c_asigna FROM dace004 WHERE exp_e='13-26129186' AND c_asigna='300101' AND status IN ('0','3','B') [1][0] OK
C:[22/10/2014 14:12:42.67][172.16.4.254][1572] SELECT pre_cod_asig1,pre_cod_asig2,pre_cod_asig3,pre_cod_asig4,pre_cod_asig5,pre_cod_asig6,pre_cod_asig7 FROM tblaca009 WHERE pensum='5' AND c_uni_ca='2' AND c_asigna='300222' [1][0] OK
C:[22/10/2014 14:12:42.67][172.16.4.254][1585] SELECT c_asigna FROM dace004 WHERE exp_e='13-26129186' AND c_asigna='300112' AND status IN ('0','3','B') [1][0] OK
C:[22/10/2014 14:12:42.67][172.16.4.254][1572] SELECT pre_cod_asig1,pre_cod_asig2,pre_cod_asig3,pre_cod_asig4,pre_cod_asig5,pre_cod_asig6,pre_cod_asig7 FROM tblaca009 WHERE pensum='5' AND c_uni_ca='2' AND c_asigna='300226' [1][0] OK
C:[22/10/2014 14:12:42.67][172.16.4.254][1585] SELECT c_asigna FROM dace004 WHERE exp_e='13-26129186' AND c_asigna='300116' AND status IN ('0','3','B') [1][0] OK
C:[22/10/2014 14:12:42.67][172.16.4.254][1572] SELECT pre_cod_asig1,pre_cod_asig2,pre_cod_asig3,pre_cod_asig4,pre_cod_asig5,pre_cod_asig6,pre_cod_asig7 FROM tblaca009 WHERE pensum='5' AND c_uni_ca='2' AND c_asigna='300228' [1][0] OK
C:[22/10/2014 14:12:42.67][172.16.4.254][1585] SELECT c_asigna FROM dace004 WHERE exp_e='13-26129186' AND c_asigna='300101' AND status IN ('0','3','B') [1][0] OK
C:[22/10/2014 14:12:42.67][172.16.4.254][1572] SELECT pre_cod_asig1,pre_cod_asig2,pre_cod_asig3,pre_cod_asig4,pre_cod_asig5,pre_cod_asig6,pre_cod_asig7 FROM tblaca009 WHERE pensum='5' AND c_uni_ca='2' AND c_asigna='300207' [1][0] OK
C:[22/10/2014 14:12:42.67][172.16.4.254][1585] SELECT c_asigna FROM dace004 WHERE exp_e='13-26129186' AND c_asigna='300101' AND status IN ('0','3','B') [1][0] OK
C:[22/10/2014 14:12:42.12][172.16.4.254][1616] SELECT par_cod_asig1,par_cod_asig2,par_cod_asig3 FROM tblaca009 WHERE pensum='5' AND c_uni_ca='2' AND c_asigna='300218' [1][0] OK
C:[22/10/2014 14:12:42.12][172.16.4.254][1630] SELECT c_asigna FROM dace004 WHERE exp_e='13-26129186' AND c_asigna='300228' AND status IN ('0','3','B','C') [0][0] OK
C:[22/10/2014 14:12:42.12][172.16.4.254][1616] SELECT par_cod_asig1,par_cod_asig2,par_cod_asig3 FROM tblaca009 WHERE pensum='5' AND c_uni_ca='2' AND c_asigna='300209' [1][0] OK
C:[22/10/2014 14:12:42.12][172.16.4.254][1616] SELECT par_cod_asig1,par_cod_asig2,par_cod_asig3 FROM tblaca009 WHERE pensum='5' AND c_uni_ca='2' AND c_asigna='300213' [1][0] OK
C:[22/10/2014 14:12:42.12][172.16.4.254][1630] SELECT c_asigna FROM dace004 WHERE exp_e='13-26129186' AND c_asigna='300209' AND status IN ('0','3','B','C') [0][0] OK
C:[22/10/2014 14:12:42.12][172.16.4.254][1616] SELECT par_cod_asig1,par_cod_asig2,par_cod_asig3 FROM tblaca009 WHERE pensum='5' AND c_uni_ca='2' AND c_asigna='300222' [1][0] OK
C:[22/10/2014 14:12:42.12][172.16.4.254][1616] SELECT par_cod_asig1,par_cod_asig2,par_cod_asig3 FROM tblaca009 WHERE pensum='5' AND c_uni_ca='2' AND c_asigna='300226' [1][0] OK
C:[22/10/2014 14:12:42.12][172.16.4.254][1616] SELECT par_cod_asig1,par_cod_asig2,par_cod_asig3 FROM tblaca009 WHERE pensum='5' AND c_uni_ca='2' AND c_asigna='300228' [1][0] OK
C:[22/10/2014 14:12:42.12][172.16.4.254][1616] SELECT par_cod_asig1,par_cod_asig2,par_cod_asig3 FROM tblaca009 WHERE pensum='5' AND c_uni_ca='2' AND c_asigna='300207' [1][0] OK
C:[22/10/2014 14:18:33.86][172.16.4.254][1572] SELECT pre_cod_asig1,pre_cod_asig2,pre_cod_asig3,pre_cod_asig4,pre_cod_asig5,pre_cod_asig6,pre_cod_asig7 FROM tblaca009 WHERE pensum='5' AND c_uni_ca='2' AND c_asigna='300209' [1][0] OK
C:[22/10/2014 14:18:33.86][172.16.4.254][1585] SELECT c_asigna FROM dace004 WHERE exp_e='13-26129186' AND c_asigna='300101' AND status IN ('0','3','B') [1][0] OK
C:[22/10/2014 14:18:33.86][172.16.4.254][1572] SELECT pre_cod_asig1,pre_cod_asig2,pre_cod_asig3,pre_cod_asig4,pre_cod_asig5,pre_cod_asig6,pre_cod_asig7 FROM tblaca009 WHERE pensum='5' AND c_uni_ca='2' AND c_asigna='300213' [1][0] OK
C:[22/10/2014 14:18:33.86][172.16.4.254][1585] SELECT c_asigna FROM dace004 WHERE exp_e='13-26129186' AND c_asigna='300101' AND status IN ('0','3','B') [1][0] OK
C:[22/10/2014 14:18:33.86][172.16.4.254][1572] SELECT pre_cod_asig1,pre_cod_asig2,pre_cod_asig3,pre_cod_asig4,pre_cod_asig5,pre_cod_asig6,pre_cod_asig7 FROM tblaca009 WHERE pensum='5' AND c_uni_ca='2' AND c_asigna='300222' [1][0] OK
C:[22/10/2014 14:18:33.86][172.16.4.254][1585] SELECT c_asigna FROM dace004 WHERE exp_e='13-26129186' AND c_asigna='300112' AND status IN ('0','3','B') [1][0] OK
C:[22/10/2014 14:18:33.86][172.16.4.254][1572] SELECT pre_cod_asig1,pre_cod_asig2,pre_cod_asig3,pre_cod_asig4,pre_cod_asig5,pre_cod_asig6,pre_cod_asig7 FROM tblaca009 WHERE pensum='5' AND c_uni_ca='2' AND c_asigna='300226' [1][0] OK
C:[22/10/2014 14:18:33.86][172.16.4.254][1585] SELECT c_asigna FROM dace004 WHERE exp_e='13-26129186' AND c_asigna='300116' AND status IN ('0','3','B') [1][0] OK
C:[22/10/2014 14:18:33.86][172.16.4.254][1572] SELECT pre_cod_asig1,pre_cod_asig2,pre_cod_asig3,pre_cod_asig4,pre_cod_asig5,pre_cod_asig6,pre_cod_asig7 FROM tblaca009 WHERE pensum='5' AND c_uni_ca='2' AND c_asigna='300228' [1][0] OK
C:[22/10/2014 14:18:33.86][172.16.4.254][1585] SELECT c_asigna FROM dace004 WHERE exp_e='13-26129186' AND c_asigna='300101' AND status IN ('0','3','B') [1][0] OK
C:[22/10/2014 14:18:33.86][172.16.4.254][1572] SELECT pre_cod_asig1,pre_cod_asig2,pre_cod_asig3,pre_cod_asig4,pre_cod_asig5,pre_cod_asig6,pre_cod_asig7 FROM tblaca009 WHERE pensum='5' AND c_uni_ca='2' AND c_asigna='300207' [1][0] OK
C:[22/10/2014 14:18:33.86][172.16.4.254][1585] SELECT c_asigna FROM dace004 WHERE exp_e='13-26129186' AND c_asigna='300101' AND status IN ('0','3','B') [1][0] OK
C:[22/10/2014 14:18:33.86][172.16.4.254][1572] SELECT pre_cod_asig1,pre_cod_asig2,pre_cod_asig3,pre_cod_asig4,pre_cod_asig5,pre_cod_asig6,pre_cod_asig7 FROM tblaca009 WHERE pensum='5' AND c_uni_ca='2' AND c_asigna='300218' [1][0] OK
C:[22/10/2014 14:18:33.86][172.16.4.254][1585] SELECT c_asigna FROM dace004 WHERE exp_e='13-26129186' AND c_asigna='300101' AND status IN ('0','3','B') [1][0] OK
C:[22/10/2014 14:18:33.43][172.16.4.254][1616] SELECT par_cod_asig1,par_cod_asig2,par_cod_asig3 FROM tblaca009 WHERE pensum='5' AND c_uni_ca='2' AND c_asigna='300209' [1][0] OK
C:[22/10/2014 14:18:33.43][172.16.4.254][1616] SELECT par_cod_asig1,par_cod_asig2,par_cod_asig3 FROM tblaca009 WHERE pensum='5' AND c_uni_ca='2' AND c_asigna='300213' [1][0] OK
C:[22/10/2014 14:18:33.43][172.16.4.254][1630] SELECT c_asigna FROM dace004 WHERE exp_e='13-26129186' AND c_asigna='300209' AND status IN ('0','3','B','C') [0][0] OK
C:[22/10/2014 14:18:33.43][172.16.4.254][1616] SELECT par_cod_asig1,par_cod_asig2,par_cod_asig3 FROM tblaca009 WHERE pensum='5' AND c_uni_ca='2' AND c_asigna='300222' [1][0] OK
C:[22/10/2014 14:18:33.43][172.16.4.254][1616] SELECT par_cod_asig1,par_cod_asig2,par_cod_asig3 FROM tblaca009 WHERE pensum='5' AND c_uni_ca='2' AND c_asigna='300226' [1][0] OK
C:[22/10/2014 14:18:33.43][172.16.4.254][1616] SELECT par_cod_asig1,par_cod_asig2,par_cod_asig3 FROM tblaca009 WHERE pensum='5' AND c_uni_ca='2' AND c_asigna='300228' [1][0] OK
C:[22/10/2014 14:18:33.43][172.16.4.254][1616] SELECT par_cod_asig1,par_cod_asig2,par_cod_asig3 FROM tblaca009 WHERE pensum='5' AND c_uni_ca='2' AND c_asigna='300207' [1][0] OK
C:[22/10/2014 14:18:33.43][172.16.4.254][1616] SELECT par_cod_asig1,par_cod_asig2,par_cod_asig3 FROM tblaca009 WHERE pensum='5' AND c_uni_ca='2' AND c_asigna='300218' [1][0] OK
C:[22/10/2014 14:18:33.43][172.16.4.254][1630] SELECT c_asigna FROM dace004 WHERE exp_e='13-26129186' AND c_asigna='300228' AND status IN ('0','3','B','C') [0][0] OK
C:[22/10/2014 14:24:01.93][172.16.4.254][1572] SELECT pre_cod_asig1,pre_cod_asig2,pre_cod_asig3,pre_cod_asig4,pre_cod_asig5,pre_cod_asig6,pre_cod_asig7 FROM tblaca009 WHERE pensum='5' AND c_uni_ca='2' AND c_asigna='300209' [1][0] OK
C:[22/10/2014 14:24:01.93][172.16.4.254][1585] SELECT c_asigna FROM dace004 WHERE exp_e='13-26129186' AND c_asigna='300101' AND status IN ('0','3','B') [1][0] OK
C:[22/10/2014 14:24:01.93][172.16.4.254][1572] SELECT pre_cod_asig1,pre_cod_asig2,pre_cod_asig3,pre_cod_asig4,pre_cod_asig5,pre_cod_asig6,pre_cod_asig7 FROM tblaca009 WHERE pensum='5' AND c_uni_ca='2' AND c_asigna='300213' [1][0] OK
C:[22/10/2014 14:24:01.93][172.16.4.254][1585] SELECT c_asigna FROM dace004 WHERE exp_e='13-26129186' AND c_asigna='300101' AND status IN ('0','3','B') [1][0] OK
C:[22/10/2014 14:24:01.93][172.16.4.254][1572] SELECT pre_cod_asig1,pre_cod_asig2,pre_cod_asig3,pre_cod_asig4,pre_cod_asig5,pre_cod_asig6,pre_cod_asig7 FROM tblaca009 WHERE pensum='5' AND c_uni_ca='2' AND c_asigna='300222' [1][0] OK
C:[22/10/2014 14:24:01.93][172.16.4.254][1585] SELECT c_asigna FROM dace004 WHERE exp_e='13-26129186' AND c_asigna='300112' AND status IN ('0','3','B') [1][0] OK
C:[22/10/2014 14:24:01.93][172.16.4.254][1572] SELECT pre_cod_asig1,pre_cod_asig2,pre_cod_asig3,pre_cod_asig4,pre_cod_asig5,pre_cod_asig6,pre_cod_asig7 FROM tblaca009 WHERE pensum='5' AND c_uni_ca='2' AND c_asigna='300226' [1][0] OK
C:[22/10/2014 14:24:01.93][172.16.4.254][1585] SELECT c_asigna FROM dace004 WHERE exp_e='13-26129186' AND c_asigna='300116' AND status IN ('0','3','B') [1][0] OK
C:[22/10/2014 14:24:01.93][172.16.4.254][1572] SELECT pre_cod_asig1,pre_cod_asig2,pre_cod_asig3,pre_cod_asig4,pre_cod_asig5,pre_cod_asig6,pre_cod_asig7 FROM tblaca009 WHERE pensum='5' AND c_uni_ca='2' AND c_asigna='300228' [1][0] OK
C:[22/10/2014 14:24:01.93][172.16.4.254][1585] SELECT c_asigna FROM dace004 WHERE exp_e='13-26129186' AND c_asigna='300101' AND status IN ('0','3','B') [1][0] OK
C:[22/10/2014 14:24:01.93][172.16.4.254][1572] SELECT pre_cod_asig1,pre_cod_asig2,pre_cod_asig3,pre_cod_asig4,pre_cod_asig5,pre_cod_asig6,pre_cod_asig7 FROM tblaca009 WHERE pensum='5' AND c_uni_ca='2' AND c_asigna='300207' [1][0] OK
C:[22/10/2014 14:24:01.93][172.16.4.254][1585] SELECT c_asigna FROM dace004 WHERE exp_e='13-26129186' AND c_asigna='300101' AND status IN ('0','3','B') [1][0] OK
C:[22/10/2014 14:24:02.11][172.16.4.254][1616] SELECT par_cod_asig1,par_cod_asig2,par_cod_asig3 FROM tblaca009 WHERE pensum='5' AND c_uni_ca='2' AND c_asigna='300209' [1][0] OK
C:[22/10/2014 14:24:02.11][172.16.4.254][1616] SELECT par_cod_asig1,par_cod_asig2,par_cod_asig3 FROM tblaca009 WHERE pensum='5' AND c_uni_ca='2' AND c_asigna='300213' [1][0] OK
C:[22/10/2014 14:24:02.11][172.16.4.254][1630] SELECT c_asigna FROM dace004 WHERE exp_e='13-26129186' AND c_asigna='300209' AND status IN ('0','3','B','C') [0][0] OK
C:[22/10/2014 14:24:02.11][172.16.4.254][1616] SELECT par_cod_asig1,par_cod_asig2,par_cod_asig3 FROM tblaca009 WHERE pensum='5' AND c_uni_ca='2' AND c_asigna='300222' [1][0] OK
C:[22/10/2014 14:24:02.11][172.16.4.254][1616] SELECT par_cod_asig1,par_cod_asig2,par_cod_asig3 FROM tblaca009 WHERE pensum='5' AND c_uni_ca='2' AND c_asigna='300226' [1][0] OK
C:[22/10/2014 14:24:02.11][172.16.4.254][1616] SELECT par_cod_asig1,par_cod_asig2,par_cod_asig3 FROM tblaca009 WHERE pensum='5' AND c_uni_ca='2' AND c_asigna='300228' [1][0] OK
C:[22/10/2014 14:24:02.11][172.16.4.254][1616] SELECT par_cod_asig1,par_cod_asig2,par_cod_asig3 FROM tblaca009 WHERE pensum='5' AND c_uni_ca='2' AND c_asigna='300207' [1][0] OK
C:[22/10/2014 14:24:02.99][172.16.4.254][1687] SELECT c_asigna FROM tblaca009 WHERE pensum='5' AND c_uni_ca='2' AND ((par_cod_asig1='300218') OR (par_cod_asig2='300218') OR (par_cod_asig3='300218'))  [0][0] OK
C:[22/10/2014 14:24:50.60][172.16.4.254][1572] SELECT pre_cod_asig1,pre_cod_asig2,pre_cod_asig3,pre_cod_asig4,pre_cod_asig5,pre_cod_asig6,pre_cod_asig7 FROM tblaca009 WHERE pensum='5' AND c_uni_ca='2' AND c_asigna='300218' [1][0] OK
C:[22/10/2014 14:24:50.60][172.16.4.254][1585] SELECT c_asigna FROM dace004 WHERE exp_e='13-26129186' AND c_asigna='300101' AND status IN ('0','3','B') [1][0] OK
C:[22/10/2014 14:24:50.60][172.16.4.254][1572] SELECT pre_cod_asig1,pre_cod_asig2,pre_cod_asig3,pre_cod_asig4,pre_cod_asig5,pre_cod_asig6,pre_cod_asig7 FROM tblaca009 WHERE pensum='5' AND c_uni_ca='2' AND c_asigna='300209' [1][0] OK
C:[22/10/2014 14:24:50.60][172.16.4.254][1585] SELECT c_asigna FROM dace004 WHERE exp_e='13-26129186' AND c_asigna='300101' AND status IN ('0','3','B') [1][0] OK
C:[22/10/2014 14:24:50.60][172.16.4.254][1572] SELECT pre_cod_asig1,pre_cod_asig2,pre_cod_asig3,pre_cod_asig4,pre_cod_asig5,pre_cod_asig6,pre_cod_asig7 FROM tblaca009 WHERE pensum='5' AND c_uni_ca='2' AND c_asigna='300213' [1][0] OK
C:[22/10/2014 14:24:50.60][172.16.4.254][1585] SELECT c_asigna FROM dace004 WHERE exp_e='13-26129186' AND c_asigna='300101' AND status IN ('0','3','B') [1][0] OK
C:[22/10/2014 14:24:50.60][172.16.4.254][1572] SELECT pre_cod_asig1,pre_cod_asig2,pre_cod_asig3,pre_cod_asig4,pre_cod_asig5,pre_cod_asig6,pre_cod_asig7 FROM tblaca009 WHERE pensum='5' AND c_uni_ca='2' AND c_asigna='300222' [1][0] OK
C:[22/10/2014 14:24:50.60][172.16.4.254][1585] SELECT c_asigna FROM dace004 WHERE exp_e='13-26129186' AND c_asigna='300112' AND status IN ('0','3','B') [1][0] OK
C:[22/10/2014 14:24:50.60][172.16.4.254][1572] SELECT pre_cod_asig1,pre_cod_asig2,pre_cod_asig3,pre_cod_asig4,pre_cod_asig5,pre_cod_asig6,pre_cod_asig7 FROM tblaca009 WHERE pensum='5' AND c_uni_ca='2' AND c_asigna='300226' [1][0] OK
C:[22/10/2014 14:24:50.60][172.16.4.254][1585] SELECT c_asigna FROM dace004 WHERE exp_e='13-26129186' AND c_asigna='300116' AND status IN ('0','3','B') [1][0] OK
C:[22/10/2014 14:24:50.60][172.16.4.254][1572] SELECT pre_cod_asig1,pre_cod_asig2,pre_cod_asig3,pre_cod_asig4,pre_cod_asig5,pre_cod_asig6,pre_cod_asig7 FROM tblaca009 WHERE pensum='5' AND c_uni_ca='2' AND c_asigna='300228' [1][0] OK
C:[22/10/2014 14:24:50.60][172.16.4.254][1585] SELECT c_asigna FROM dace004 WHERE exp_e='13-26129186' AND c_asigna='300101' AND status IN ('0','3','B') [1][0] OK
C:[22/10/2014 14:24:50.60][172.16.4.254][1572] SELECT pre_cod_asig1,pre_cod_asig2,pre_cod_asig3,pre_cod_asig4,pre_cod_asig5,pre_cod_asig6,pre_cod_asig7 FROM tblaca009 WHERE pensum='5' AND c_uni_ca='2' AND c_asigna='300207' [1][0] OK
C:[22/10/2014 14:24:50.60][172.16.4.254][1585] SELECT c_asigna FROM dace004 WHERE exp_e='13-26129186' AND c_asigna='300101' AND status IN ('0','3','B') [1][0] OK
C:[22/10/2014 14:24:51.73][172.16.4.254][1616] SELECT par_cod_asig1,par_cod_asig2,par_cod_asig3 FROM tblaca009 WHERE pensum='5' AND c_uni_ca='2' AND c_asigna='300218' [1][0] OK
C:[22/10/2014 14:24:51.73][172.16.4.254][1630] SELECT c_asigna FROM dace004 WHERE exp_e='13-26129186' AND c_asigna='300228' AND status IN ('0','3','B','C') [0][0] OK
C:[22/10/2014 14:24:51.73][172.16.4.254][1616] SELECT par_cod_asig1,par_cod_asig2,par_cod_asig3 FROM tblaca009 WHERE pensum='5' AND c_uni_ca='2' AND c_asigna='300209' [1][0] OK
C:[22/10/2014 14:24:51.73][172.16.4.254][1616] SELECT par_cod_asig1,par_cod_asig2,par_cod_asig3 FROM tblaca009 WHERE pensum='5' AND c_uni_ca='2' AND c_asigna='300213' [1][0] OK
C:[22/10/2014 14:24:51.73][172.16.4.254][1630] SELECT c_asigna FROM dace004 WHERE exp_e='13-26129186' AND c_asigna='300209' AND status IN ('0','3','B','C') [0][0] OK
C:[22/10/2014 14:24:51.73][172.16.4.254][1616] SELECT par_cod_asig1,par_cod_asig2,par_cod_asig3 FROM tblaca009 WHERE pensum='5' AND c_uni_ca='2' AND c_asigna='300222' [1][0] OK
C:[22/10/2014 14:24:51.73][172.16.4.254][1616] SELECT par_cod_asig1,par_cod_asig2,par_cod_asig3 FROM tblaca009 WHERE pensum='5' AND c_uni_ca='2' AND c_asigna='300226' [1][0] OK
C:[22/10/2014 14:24:51.73][172.16.4.254][1616] SELECT par_cod_asig1,par_cod_asig2,par_cod_asig3 FROM tblaca009 WHERE pensum='5' AND c_uni_ca='2' AND c_asigna='300228' [1][0] OK
C:[22/10/2014 14:24:51.73][172.16.4.254][1616] SELECT par_cod_asig1,par_cod_asig2,par_cod_asig3 FROM tblaca009 WHERE pensum='5' AND c_uni_ca='2' AND c_asigna='300207' [1][0] OK
C:[22/10/2014 15:30:06.77][172.16.4.254][1572] SELECT pre_cod_asig1,pre_cod_asig2,pre_cod_asig3,pre_cod_asig4,pre_cod_asig5,pre_cod_asig6,pre_cod_asig7 FROM tblaca009 WHERE pensum='5' AND c_uni_ca='5' AND c_asigna='355448' [1][0] OK
C:[22/10/2014 15:30:06.77][172.16.4.254][1585] SELECT c_asigna FROM dace004 WHERE exp_e='04-17209901' AND c_asigna='300313' AND status IN ('0','3','B') [1][0] OK
C:[22/10/2014 15:30:06.77][172.16.4.254][1585] SELECT c_asigna FROM dace004 WHERE exp_e='04-17209901' AND c_asigna='300209' AND status IN ('0','3','B') [1][0] OK
C:[22/10/2014 15:30:06.77][172.16.4.254][1585] SELECT c_asigna FROM dace004 WHERE exp_e='04-17209901' AND c_asigna='300226' AND status IN ('0','3','B') [1][0] OK
C:[22/10/2014 15:30:06.77][172.16.4.254][1585] SELECT c_asigna FROM dace004 WHERE exp_e='04-17209901' AND c_asigna='300222' AND status IN ('0','3','B') [1][0] OK
C:[22/10/2014 15:30:06.77][172.16.4.254][1572] SELECT pre_cod_asig1,pre_cod_asig2,pre_cod_asig3,pre_cod_asig4,pre_cod_asig5,pre_cod_asig6,pre_cod_asig7 FROM tblaca009 WHERE pensum='5' AND c_uni_ca='5' AND c_asigna='355832' [1][0] OK
C:[22/10/2014 15:30:06.77][172.16.4.254][1585] SELECT c_asigna FROM dace004 WHERE exp_e='04-17209901' AND c_asigna='355694' AND status IN ('0','3','B') [1][0] OK
C:[22/10/2014 15:30:06.77][172.16.4.254][1572] SELECT pre_cod_asig1,pre_cod_asig2,pre_cod_asig3,pre_cod_asig4,pre_cod_asig5,pre_cod_asig6,pre_cod_asig7 FROM tblaca009 WHERE pensum='5' AND c_uni_ca='5' AND c_asigna='355838' [1][0] OK
C:[22/10/2014 15:30:06.77][172.16.4.254][1585] SELECT c_asigna FROM dace004 WHERE exp_e='04-17209901' AND c_asigna='355721' AND status IN ('0','3','B') [1][0] OK
C:[22/10/2014 15:30:06.58][172.16.4.254][1616] SELECT par_cod_asig1,par_cod_asig2,par_cod_asig3 FROM tblaca009 WHERE pensum='5' AND c_uni_ca='5' AND c_asigna='355448' [1][0] OK
C:[22/10/2014 15:30:06.58][172.16.4.254][1616] SELECT par_cod_asig1,par_cod_asig2,par_cod_asig3 FROM tblaca009 WHERE pensum='5' AND c_uni_ca='5' AND c_asigna='355832' [1][0] OK
C:[22/10/2014 15:30:06.58][172.16.4.254][1616] SELECT par_cod_asig1,par_cod_asig2,par_cod_asig3 FROM tblaca009 WHERE pensum='5' AND c_uni_ca='5' AND c_asigna='355838' [1][0] OK
C:[22/10/2014 15:30:06.96][172.16.4.254][1687] SELECT c_asigna FROM tblaca009 WHERE pensum='5' AND c_uni_ca='5' AND ((par_cod_asig1='355833') OR (par_cod_asig2='355833') OR (par_cod_asig3='355833'))  [0][0] OK
C:[24/10/2014 14:14:43.57][172.16.4.240][1572] SELECT pre_cod_asig1,pre_cod_asig2,pre_cod_asig3,pre_cod_asig4,pre_cod_asig5,pre_cod_asig6,pre_cod_asig7 FROM tblaca009 WHERE pensum='5' AND c_uni_ca='3' AND c_asigna='311823' [1][0] OK
C:[24/10/2014 14:14:43.57][172.16.4.240][1585] SELECT c_asigna FROM dace004 WHERE exp_e='08-19536447' AND c_asigna='311795' AND status IN ('0','3','B') [1][0] OK
C:[24/10/2014 14:14:43.57][172.16.4.240][1572] SELECT pre_cod_asig1,pre_cod_asig2,pre_cod_asig3,pre_cod_asig4,pre_cod_asig5,pre_cod_asig6,pre_cod_asig7 FROM tblaca009 WHERE pensum='5' AND c_uni_ca='3' AND c_asigna='311826' [1][0] OK
C:[24/10/2014 14:14:43.57][172.16.4.240][1585] SELECT c_asigna FROM dace004 WHERE exp_e='08-19536447' AND c_asigna='311799' AND status IN ('0','3','B') [1][0] OK
C:[24/10/2014 14:14:43.57][172.16.4.240][1572] SELECT pre_cod_asig1,pre_cod_asig2,pre_cod_asig3,pre_cod_asig4,pre_cod_asig5,pre_cod_asig6,pre_cod_asig7 FROM tblaca009 WHERE pensum='5' AND c_uni_ca='3' AND c_asigna='300870' [1][0] OK
C:[24/10/2014 14:14:43.57][172.16.4.240][1572] SELECT pre_cod_asig1,pre_cod_asig2,pre_cod_asig3,pre_cod_asig4,pre_cod_asig5,pre_cod_asig6,pre_cod_asig7 FROM tblaca009 WHERE pensum='5' AND c_uni_ca='3' AND c_asigna='311099' [1][0] OK
C:[24/10/2014 14:14:43.57][172.16.4.240][1585] SELECT c_asigna FROM dace004 WHERE exp_e='08-19536447' AND c_asigna='311795' AND status IN ('0','3','B') [1][0] OK
C:[24/10/2014 14:14:43.57][172.16.4.240][1585] SELECT c_asigna FROM dace004 WHERE exp_e='08-19536447' AND c_asigna='311825' AND status IN ('0','3','B') [1][0] OK
C:[24/10/2014 14:14:43.57][172.16.4.240][1572] SELECT pre_cod_asig1,pre_cod_asig2,pre_cod_asig3,pre_cod_asig4,pre_cod_asig5,pre_cod_asig6,pre_cod_asig7 FROM tblaca009 WHERE pensum='5' AND c_uni_ca='3' AND c_asigna='311100' [1][0] OK
C:[24/10/2014 14:14:43.57][172.16.4.240][1572] SELECT pre_cod_asig1,pre_cod_asig2,pre_cod_asig3,pre_cod_asig4,pre_cod_asig5,pre_cod_asig6,pre_cod_asig7 FROM tblaca009 WHERE pensum='5' AND c_uni_ca='3' AND c_asigna='311986' [1][0] OK
C:[24/10/2014 14:14:43.57][172.16.4.240][1585] SELECT c_asigna FROM dace004 WHERE exp_e='08-19536447' AND c_asigna='311825' AND status IN ('0','3','B') [1][0] OK
C:[24/10/2014 14:14:43.90][172.16.4.240][1616] SELECT par_cod_asig1,par_cod_asig2,par_cod_asig3 FROM tblaca009 WHERE pensum='5' AND c_uni_ca='3' AND c_asigna='311823' [1][0] OK
C:[24/10/2014 14:14:43.90][172.16.4.240][1616] SELECT par_cod_asig1,par_cod_asig2,par_cod_asig3 FROM tblaca009 WHERE pensum='5' AND c_uni_ca='3' AND c_asigna='311826' [1][0] OK
C:[24/10/2014 14:14:43.90][172.16.4.240][1616] SELECT par_cod_asig1,par_cod_asig2,par_cod_asig3 FROM tblaca009 WHERE pensum='5' AND c_uni_ca='3' AND c_asigna='300870' [1][0] OK
C:[24/10/2014 14:14:43.90][172.16.4.240][1616] SELECT par_cod_asig1,par_cod_asig2,par_cod_asig3 FROM tblaca009 WHERE pensum='5' AND c_uni_ca='3' AND c_asigna='311099' [1][0] OK
C:[24/10/2014 14:14:43.90][172.16.4.240][1616] SELECT par_cod_asig1,par_cod_asig2,par_cod_asig3 FROM tblaca009 WHERE pensum='5' AND c_uni_ca='3' AND c_asigna='311100' [1][0] OK
C:[24/10/2014 14:14:43.90][172.16.4.240][1616] SELECT par_cod_asig1,par_cod_asig2,par_cod_asig3 FROM tblaca009 WHERE pensum='5' AND c_uni_ca='3' AND c_asigna='311986' [1][0] OK
C:[27/10/2014 09:38:41.66][172.16.4.254][1572] SELECT pre_cod_asig1,pre_cod_asig2,pre_cod_asig3,pre_cod_asig4,pre_cod_asig5,pre_cod_asig6,pre_cod_asig7 FROM tblaca009 WHERE pensum='5' AND c_uni_ca='5' AND c_asigna='355721' [1][0] OK
C:[27/10/2014 09:38:41.66][172.16.4.254][1585] SELECT c_asigna FROM dace004 WHERE exp_e='09-20645214' AND c_asigna='355693' AND status IN ('0','3','B') [1][0] OK
C:[27/10/2014 09:38:41.66][172.16.4.254][1585] SELECT c_asigna FROM dace004 WHERE exp_e='09-20645214' AND c_asigna='355696' AND status IN ('0','3','B') [1][0] OK
C:[27/10/2014 09:38:41.66][172.16.4.254][1572] SELECT pre_cod_asig1,pre_cod_asig2,pre_cod_asig3,pre_cod_asig4,pre_cod_asig5,pre_cod_asig6,pre_cod_asig7 FROM tblaca009 WHERE pensum='5' AND c_uni_ca='5' AND c_asigna='354852' [1][0] OK
C:[27/10/2014 09:38:41.66][172.16.4.254][1572] SELECT pre_cod_asig1,pre_cod_asig2,pre_cod_asig3,pre_cod_asig4,pre_cod_asig5,pre_cod_asig6,pre_cod_asig7 FROM tblaca009 WHERE pensum='5' AND c_uni_ca='5' AND c_asigna='355832' [1][0] OK
C:[27/10/2014 09:38:41.66][172.16.4.254][1585] SELECT c_asigna FROM dace004 WHERE exp_e='09-20645214' AND c_asigna='355694' AND status IN ('0','3','B') [1][0] OK
C:[27/10/2014 09:38:41.66][172.16.4.254][1572] SELECT pre_cod_asig1,pre_cod_asig2,pre_cod_asig3,pre_cod_asig4,pre_cod_asig5,pre_cod_asig6,pre_cod_asig7 FROM tblaca009 WHERE pensum='5' AND c_uni_ca='5' AND c_asigna='355833' [1][0] OK
C:[27/10/2014 09:38:41.66][172.16.4.254][1585] SELECT c_asigna FROM dace004 WHERE exp_e='09-20645214' AND c_asigna='355694' AND status IN ('0','3','B') [1][0] OK
C:[27/10/2014 09:38:41.66][172.16.4.254][1572] SELECT pre_cod_asig1,pre_cod_asig2,pre_cod_asig3,pre_cod_asig4,pre_cod_asig5,pre_cod_asig6,pre_cod_asig7 FROM tblaca009 WHERE pensum='5' AND c_uni_ca='5' AND c_asigna='355834' [1][0] OK
C:[27/10/2014 09:38:41.66][172.16.4.254][1585] SELECT c_asigna FROM dace004 WHERE exp_e='09-20645214' AND c_asigna='355694' AND status IN ('0','3','B') [1][0] OK
C:[27/10/2014 09:38:41.16][172.16.4.254][1616] SELECT par_cod_asig1,par_cod_asig2,par_cod_asig3 FROM tblaca009 WHERE pensum='5' AND c_uni_ca='5' AND c_asigna='355721' [1][0] OK
C:[27/10/2014 09:38:41.16][172.16.4.254][1616] SELECT par_cod_asig1,par_cod_asig2,par_cod_asig3 FROM tblaca009 WHERE pensum='5' AND c_uni_ca='5' AND c_asigna='354852' [1][0] OK
C:[27/10/2014 09:38:41.16][172.16.4.254][1616] SELECT par_cod_asig1,par_cod_asig2,par_cod_asig3 FROM tblaca009 WHERE pensum='5' AND c_uni_ca='5' AND c_asigna='355832' [1][0] OK
C:[27/10/2014 09:38:41.16][172.16.4.254][1616] SELECT par_cod_asig1,par_cod_asig2,par_cod_asig3 FROM tblaca009 WHERE pensum='5' AND c_uni_ca='5' AND c_asigna='355833' [1][0] OK
C:[27/10/2014 09:38:41.16][172.16.4.254][1616] SELECT par_cod_asig1,par_cod_asig2,par_cod_asig3 FROM tblaca009 WHERE pensum='5' AND c_uni_ca='5' AND c_asigna='355834' [1][0] OK
C:[27/10/2014 09:38:41.78][172.16.4.254][1687] SELECT c_asigna FROM tblaca009 WHERE pensum='5' AND c_uni_ca='5' AND ((par_cod_asig1='355725') OR (par_cod_asig2='355725') OR (par_cod_asig3='355725'))  [0][0] OK
C:[28/10/2014 08:41:47.79][172.16.4.254][1572] SELECT pre_cod_asig1,pre_cod_asig2,pre_cod_asig3,pre_cod_asig4,pre_cod_asig5,pre_cod_asig6,pre_cod_asig7 FROM tblaca009 WHERE pensum='5' AND c_uni_ca='5' AND c_asigna='355720' [1][0] OK
C:[28/10/2014 08:41:47.79][172.16.4.254][1585] SELECT c_asigna FROM dace004 WHERE exp_e='06-18515354' AND c_asigna='355692' AND status IN ('0','3','B') [1][0] OK
C:[28/10/2014 08:41:47.79][172.16.4.254][1585] SELECT c_asigna FROM dace004 WHERE exp_e='06-18515354' AND c_asigna='355696' AND status IN ('0','3','B') [1][0] OK
C:[28/10/2014 08:41:47.79][172.16.4.254][1572] SELECT pre_cod_asig1,pre_cod_asig2,pre_cod_asig3,pre_cod_asig4,pre_cod_asig5,pre_cod_asig6,pre_cod_asig7 FROM tblaca009 WHERE pensum='5' AND c_uni_ca='5' AND c_asigna='354852' [1][0] OK
C:[28/10/2014 08:41:47.79][172.16.4.254][1572] SELECT pre_cod_asig1,pre_cod_asig2,pre_cod_asig3,pre_cod_asig4,pre_cod_asig5,pre_cod_asig6,pre_cod_asig7 FROM tblaca009 WHERE pensum='5' AND c_uni_ca='5' AND c_asigna='355951' [1][0] OK
C:[28/10/2014 08:41:47.79][172.16.4.254][1585] SELECT c_asigna FROM dace004 WHERE exp_e='06-18515354' AND c_asigna='355691' AND status IN ('0','3','B') [1][0] OK
C:[28/10/2014 08:41:47.79][172.16.4.254][1572] SELECT pre_cod_asig1,pre_cod_asig2,pre_cod_asig3,pre_cod_asig4,pre_cod_asig5,pre_cod_asig6,pre_cod_asig7 FROM tblaca009 WHERE pensum='5' AND c_uni_ca='5' AND c_asigna='355953' [1][0] OK
C:[28/10/2014 08:41:47.79][172.16.4.254][1585] SELECT c_asigna FROM dace004 WHERE exp_e='06-18515354' AND c_asigna='355691' AND status IN ('0','3','B') [1][0] OK
C:[28/10/2014 08:41:47.79][172.16.4.254][1572] SELECT pre_cod_asig1,pre_cod_asig2,pre_cod_asig3,pre_cod_asig4,pre_cod_asig5,pre_cod_asig6,pre_cod_asig7 FROM tblaca009 WHERE pensum='5' AND c_uni_ca='5' AND c_asigna='355835' [1][0] OK
C:[28/10/2014 08:41:47.79][172.16.4.254][1585] SELECT c_asigna FROM dace004 WHERE exp_e='06-18515354' AND c_asigna='355691' AND status IN ('0','3','B') [1][0] OK
C:[28/10/2014 08:41:47.29][172.16.4.254][1616] SELECT par_cod_asig1,par_cod_asig2,par_cod_asig3 FROM tblaca009 WHERE pensum='5' AND c_uni_ca='5' AND c_asigna='355720' [1][0] OK
C:[28/10/2014 08:41:47.29][172.16.4.254][1616] SELECT par_cod_asig1,par_cod_asig2,par_cod_asig3 FROM tblaca009 WHERE pensum='5' AND c_uni_ca='5' AND c_asigna='354852' [1][0] OK
C:[28/10/2014 08:41:47.29][172.16.4.254][1616] SELECT par_cod_asig1,par_cod_asig2,par_cod_asig3 FROM tblaca009 WHERE pensum='5' AND c_uni_ca='5' AND c_asigna='355951' [1][0] OK
C:[28/10/2014 08:41:47.29][172.16.4.254][1616] SELECT par_cod_asig1,par_cod_asig2,par_cod_asig3 FROM tblaca009 WHERE pensum='5' AND c_uni_ca='5' AND c_asigna='355953' [1][0] OK
C:[28/10/2014 08:41:47.29][172.16.4.254][1616] SELECT par_cod_asig1,par_cod_asig2,par_cod_asig3 FROM tblaca009 WHERE pensum='5' AND c_uni_ca='5' AND c_asigna='355835' [1][0] OK
C:[28/10/2014 08:41:48.91][172.16.4.254][1687] SELECT c_asigna FROM tblaca009 WHERE pensum='5' AND c_uni_ca='5' AND ((par_cod_asig1='355724') OR (par_cod_asig2='355724') OR (par_cod_asig3='355724'))  [0][0] OK
C:[28/10/2014 08:41:48.91][172.16.4.254][1687] SELECT c_asigna FROM tblaca009 WHERE pensum='5' AND c_uni_ca='5' AND ((par_cod_asig1='355725') OR (par_cod_asig2='355725') OR (par_cod_asig3='355725'))  [0][0] OK
C:[29/10/2014 10:17:20.59][172.16.4.254][1572] SELECT pre_cod_asig1,pre_cod_asig2,pre_cod_asig3,pre_cod_asig4,pre_cod_asig5,pre_cod_asig6,pre_cod_asig7 FROM tblaca009 WHERE pensum='5' AND c_uni_ca='5' AND c_asigna='355691' [1][0] OK
C:[29/10/2014 10:17:20.59][172.16.4.254][1585] SELECT c_asigna FROM dace004 WHERE exp_e='08-19158741' AND c_asigna='355571' AND status IN ('0','3','B') [1][0] OK
C:[29/10/2014 10:17:20.59][172.16.4.254][1572] SELECT pre_cod_asig1,pre_cod_asig2,pre_cod_asig3,pre_cod_asig4,pre_cod_asig5,pre_cod_asig6,pre_cod_asig7 FROM tblaca009 WHERE pensum='5' AND c_uni_ca='5' AND c_asigna='355692' [1][0] OK
C:[29/10/2014 10:17:20.59][172.16.4.254][1585] SELECT c_asigna FROM dace004 WHERE exp_e='08-19158741' AND c_asigna='355448' AND status IN ('0','3','B') [1][0] OK
C:[29/10/2014 10:17:20.59][172.16.4.254][1585] SELECT c_asigna FROM dace004 WHERE exp_e='08-19158741' AND c_asigna='355570' AND status IN ('0','3','B') [1][0] OK
C:[29/10/2014 10:17:20.59][172.16.4.254][1572] SELECT pre_cod_asig1,pre_cod_asig2,pre_cod_asig3,pre_cod_asig4,pre_cod_asig5,pre_cod_asig6,pre_cod_asig7 FROM tblaca009 WHERE pensum='5' AND c_uni_ca='5' AND c_asigna='355723' [1][0] OK
C:[29/10/2014 10:17:20.59][172.16.4.254][1585] SELECT c_asigna FROM dace004 WHERE exp_e='08-19158741' AND c_asigna='355694' AND status IN ('0','3','B') [1][0] OK
C:[29/10/2014 10:17:20.59][172.16.4.254][1572] SELECT pre_cod_asig1,pre_cod_asig2,pre_cod_asig3,pre_cod_asig4,pre_cod_asig5,pre_cod_asig6,pre_cod_asig7 FROM tblaca009 WHERE pensum='5' AND c_uni_ca='5' AND c_asigna='355696' [1][0] OK
C:[29/10/2014 10:17:20.59][172.16.4.254][1585] SELECT c_asigna FROM dace004 WHERE exp_e='08-19158741' AND c_asigna='355570' AND status IN ('0','3','B') [1][0] OK
C:[29/10/2014 10:17:20.59][172.16.4.254][1585] SELECT c_asigna FROM dace004 WHERE exp_e='08-19158741' AND c_asigna='355571' AND status IN ('0','3','B') [1][0] OK
C:[29/10/2014 10:17:21.51][172.16.4.254][1616] SELECT par_cod_asig1,par_cod_asig2,par_cod_asig3 FROM tblaca009 WHERE pensum='5' AND c_uni_ca='5' AND c_asigna='355691' [1][0] OK
C:[29/10/2014 10:17:21.51][172.16.4.254][1616] SELECT par_cod_asig1,par_cod_asig2,par_cod_asig3 FROM tblaca009 WHERE pensum='5' AND c_uni_ca='5' AND c_asigna='355692' [1][0] OK
C:[29/10/2014 10:17:21.51][172.16.4.254][1616] SELECT par_cod_asig1,par_cod_asig2,par_cod_asig3 FROM tblaca009 WHERE pensum='5' AND c_uni_ca='5' AND c_asigna='355723' [1][0] OK
C:[29/10/2014 10:17:21.51][172.16.4.254][1616] SELECT par_cod_asig1,par_cod_asig2,par_cod_asig3 FROM tblaca009 WHERE pensum='5' AND c_uni_ca='5' AND c_asigna='355696' [1][0] OK
C:[08/04/2015 08:20:53.27][172.16.3.192][1572] SELECT pre_cod_asig1,pre_cod_asig2,pre_cod_asig3,pre_cod_asig4,pre_cod_asig5,pre_cod_asig6,pre_cod_asig7 FROM tblaca009 WHERE pensum='5' AND c_uni_ca='6' AND c_asigna='300428' [1][0] OK
C:[08/04/2015 08:20:53.27][172.16.3.192][1585] SELECT c_asigna FROM dace004 WHERE exp_e='13-21197590' AND c_asigna='300317' AND status IN ('0','3','B') [1][0] OK
C:[08/04/2015 08:20:53.27][172.16.3.192][1585] SELECT c_asigna FROM dace004 WHERE exp_e='13-21197590' AND c_asigna='300209' AND status IN ('0','3','B') [1][0] OK
C:[08/04/2015 08:20:53.27][172.16.3.192][1572] SELECT pre_cod_asig1,pre_cod_asig2,pre_cod_asig3,pre_cod_asig4,pre_cod_asig5,pre_cod_asig6,pre_cod_asig7 FROM tblaca009 WHERE pensum='5' AND c_uni_ca='6' AND c_asigna='300313' [1][0] OK
C:[08/04/2015 08:20:53.27][172.16.3.192][1585] SELECT c_asigna FROM dace004 WHERE exp_e='13-21197590' AND c_asigna='300213' AND status IN ('0','3','B') [1][0] OK
C:[08/04/2015 08:20:53.27][172.16.3.192][1585] SELECT c_asigna FROM dace004 WHERE exp_e='13-21197590' AND c_asigna='300226' AND status IN ('0','3','B') [1][0] OK
C:[08/04/2015 08:20:53.27][172.16.3.192][1585] SELECT c_asigna FROM dace004 WHERE exp_e='13-21197590' AND c_asigna='300222' AND status IN ('0','3','B') [1][0] OK
C:[08/04/2015 08:20:53.27][172.16.3.192][1585] SELECT c_asigna FROM dace004 WHERE exp_e='13-21197590' AND c_asigna='300209' AND status IN ('0','3','B') [1][0] OK
C:[08/04/2015 08:20:53.27][172.16.3.192][1572] SELECT pre_cod_asig1,pre_cod_asig2,pre_cod_asig3,pre_cod_asig4,pre_cod_asig5,pre_cod_asig6,pre_cod_asig7 FROM tblaca009 WHERE pensum='5' AND c_uni_ca='6' AND c_asigna='300318' [1][0] OK
C:[08/04/2015 08:20:53.27][172.16.3.192][1585] SELECT c_asigna FROM dace004 WHERE exp_e='13-21197590' AND c_asigna='300228' AND status IN ('0','3','B') [1][0] OK
C:[08/04/2015 08:20:53.27][172.16.3.192][1585] SELECT c_asigna FROM dace004 WHERE exp_e='13-21197590' AND c_asigna='300207' AND status IN ('0','3','B') [1][0] OK
C:[08/04/2015 08:20:53.27][172.16.3.192][1585] SELECT c_asigna FROM dace004 WHERE exp_e='13-21197590' AND c_asigna='300218' AND status IN ('0','3','B') [1][0] OK
C:[08/04/2015 08:20:53.27][172.16.3.192][1572] SELECT pre_cod_asig1,pre_cod_asig2,pre_cod_asig3,pre_cod_asig4,pre_cod_asig5,pre_cod_asig6,pre_cod_asig7 FROM tblaca009 WHERE pensum='5' AND c_uni_ca='6' AND c_asigna='340323' [1][0] OK
C:[08/04/2015 08:20:53.27][172.16.3.192][1585] SELECT c_asigna FROM dace004 WHERE exp_e='13-21197590' AND c_asigna='300228' AND status IN ('0','3','B') [1][0] OK
C:[08/04/2015 08:20:53.27][172.16.3.192][1585] SELECT c_asigna FROM dace004 WHERE exp_e='13-21197590' AND c_asigna='300207' AND status IN ('0','3','B') [1][0] OK
C:[08/04/2015 08:20:53.27][172.16.3.192][1572] SELECT pre_cod_asig1,pre_cod_asig2,pre_cod_asig3,pre_cod_asig4,pre_cod_asig5,pre_cod_asig6,pre_cod_asig7 FROM tblaca009 WHERE pensum='5' AND c_uni_ca='6' AND c_asigna='343568' [1][0] OK
C:[08/04/2015 08:20:53.27][172.16.3.192][1585] SELECT c_asigna FROM dace004 WHERE exp_e='13-21197590' AND c_asigna='340327' AND status IN ('0','3','B') [1][0] OK
C:[08/04/2015 08:20:54.39][172.16.3.192][1616] SELECT par_cod_asig1,par_cod_asig2,par_cod_asig3 FROM tblaca009 WHERE pensum='5' AND c_uni_ca='6' AND c_asigna='300428' [1][0] OK
C:[08/04/2015 08:20:54.39][172.16.3.192][1616] SELECT par_cod_asig1,par_cod_asig2,par_cod_asig3 FROM tblaca009 WHERE pensum='5' AND c_uni_ca='6' AND c_asigna='300313' [1][0] OK
C:[08/04/2015 08:20:54.39][172.16.3.192][1616] SELECT par_cod_asig1,par_cod_asig2,par_cod_asig3 FROM tblaca009 WHERE pensum='5' AND c_uni_ca='6' AND c_asigna='300318' [1][0] OK
C:[08/04/2015 08:20:54.39][172.16.3.192][1616] SELECT par_cod_asig1,par_cod_asig2,par_cod_asig3 FROM tblaca009 WHERE pensum='5' AND c_uni_ca='6' AND c_asigna='340323' [1][0] OK
C:[08/04/2015 08:20:54.39][172.16.3.192][1616] SELECT par_cod_asig1,par_cod_asig2,par_cod_asig3 FROM tblaca009 WHERE pensum='5' AND c_uni_ca='6' AND c_asigna='343568' [1][0] OK
C:[08/04/2015 10:37:16.04][172.16.4.254][1572] SELECT pre_cod_asig1,pre_cod_asig2,pre_cod_asig3,pre_cod_asig4,pre_cod_asig5,pre_cod_asig6,pre_cod_asig7 FROM tblaca009 WHERE pensum='5' AND c_uni_ca='3' AND c_asigna='300226' [1][0] OK
C:[08/04/2015 10:37:16.04][172.16.4.254][1585] SELECT c_asigna FROM dace004 WHERE exp_e='12-24040554' AND c_asigna='300116' AND status IN ('0','3','B') [1][0] OK
C:[08/04/2015 10:37:16.04][172.16.4.254][1572] SELECT pre_cod_asig1,pre_cod_asig2,pre_cod_asig3,pre_cod_asig4,pre_cod_asig5,pre_cod_asig6,pre_cod_asig7 FROM tblaca009 WHERE pensum='5' AND c_uni_ca='3' AND c_asigna='300209' [1][0] OK
C:[08/04/2015 10:37:16.04][172.16.4.254][1585] SELECT c_asigna FROM dace004 WHERE exp_e='12-24040554' AND c_asigna='300101' AND status IN ('0','3','B') [1][0] OK
C:[08/04/2015 10:37:16.04][172.16.4.254][1572] SELECT pre_cod_asig1,pre_cod_asig2,pre_cod_asig3,pre_cod_asig4,pre_cod_asig5,pre_cod_asig6,pre_cod_asig7 FROM tblaca009 WHERE pensum='5' AND c_uni_ca='3' AND c_asigna='300207' [1][0] OK
C:[08/04/2015 10:37:16.04][172.16.4.254][1585] SELECT c_asigna FROM dace004 WHERE exp_e='12-24040554' AND c_asigna='300101' AND status IN ('0','3','B') [1][0] OK
C:[08/04/2015 10:37:16.04][172.16.4.254][1572] SELECT pre_cod_asig1,pre_cod_asig2,pre_cod_asig3,pre_cod_asig4,pre_cod_asig5,pre_cod_asig6,pre_cod_asig7 FROM tblaca009 WHERE pensum='5' AND c_uni_ca='3' AND c_asigna='300218' [1][0] OK
C:[08/04/2015 10:37:16.04][172.16.4.254][1585] SELECT c_asigna FROM dace004 WHERE exp_e='12-24040554' AND c_asigna='300101' AND status IN ('0','3','B') [1][0] OK
C:[08/04/2015 10:37:16.04][172.16.4.254][1572] SELECT pre_cod_asig1,pre_cod_asig2,pre_cod_asig3,pre_cod_asig4,pre_cod_asig5,pre_cod_asig6,pre_cod_asig7 FROM tblaca009 WHERE pensum='5' AND c_uni_ca='3' AND c_asigna='300228' [1][0] OK
C:[08/04/2015 10:37:16.04][172.16.4.254][1585] SELECT c_asigna FROM dace004 WHERE exp_e='12-24040554' AND c_asigna='300101' AND status IN ('0','3','B') [1][0] OK
C:[08/04/2015 10:37:16.04][172.16.4.254][1572] SELECT pre_cod_asig1,pre_cod_asig2,pre_cod_asig3,pre_cod_asig4,pre_cod_asig5,pre_cod_asig6,pre_cod_asig7 FROM tblaca009 WHERE pensum='5' AND c_uni_ca='3' AND c_asigna='311320' [1][0] OK
C:[08/04/2015 10:37:16.04][172.16.4.254][1585] SELECT c_asigna FROM dace004 WHERE exp_e='12-24040554' AND c_asigna='300013' AND status IN ('0','3','B') [1][0] OK
C:[08/04/2015 10:37:16.04][172.16.4.254][1585] SELECT c_asigna FROM dace004 WHERE exp_e='12-24040554' AND c_asigna='300113' AND status IN ('0','3','B') [1][0] OK
C:[08/04/2015 10:37:17.24][172.16.4.254][1616] SELECT par_cod_asig1,par_cod_asig2,par_cod_asig3 FROM tblaca009 WHERE pensum='5' AND c_uni_ca='3' AND c_asigna='300226' [1][0] OK
C:[08/04/2015 10:37:17.24][172.16.4.254][1616] SELECT par_cod_asig1,par_cod_asig2,par_cod_asig3 FROM tblaca009 WHERE pensum='5' AND c_uni_ca='3' AND c_asigna='300209' [1][0] OK
C:[08/04/2015 10:37:17.24][172.16.4.254][1616] SELECT par_cod_asig1,par_cod_asig2,par_cod_asig3 FROM tblaca009 WHERE pensum='5' AND c_uni_ca='3' AND c_asigna='300207' [1][0] OK
C:[08/04/2015 10:37:17.24][172.16.4.254][1616] SELECT par_cod_asig1,par_cod_asig2,par_cod_asig3 FROM tblaca009 WHERE pensum='5' AND c_uni_ca='3' AND c_asigna='300218' [1][0] OK
C:[08/04/2015 10:37:17.24][172.16.4.254][1630] SELECT c_asigna FROM dace004 WHERE exp_e='12-24040554' AND c_asigna='300228' AND status IN ('0','3','B','C') [0][0] OK
C:[08/04/2015 10:37:17.24][172.16.4.254][1616] SELECT par_cod_asig1,par_cod_asig2,par_cod_asig3 FROM tblaca009 WHERE pensum='5' AND c_uni_ca='3' AND c_asigna='300228' [1][0] OK
C:[08/04/2015 10:37:17.24][172.16.4.254][1616] SELECT par_cod_asig1,par_cod_asig2,par_cod_asig3 FROM tblaca009 WHERE pensum='5' AND c_uni_ca='3' AND c_asigna='311320' [1][0] OK
C:[08/04/2015 13:23:18.68][172.16.4.247][1572] SELECT pre_cod_asig1,pre_cod_asig2,pre_cod_asig3,pre_cod_asig4,pre_cod_asig5,pre_cod_asig6,pre_cod_asig7 FROM tblaca009 WHERE pensum='5' AND c_uni_ca='6' AND c_asigna='300428' [1][0] OK
C:[08/04/2015 13:23:18.68][172.16.4.247][1585] SELECT c_asigna FROM dace004 WHERE exp_e='11-20286969' AND c_asigna='300317' AND status IN ('0','3','B') [1][0] OK
C:[08/04/2015 13:23:18.68][172.16.4.247][1585] SELECT c_asigna FROM dace004 WHERE exp_e='11-20286969' AND c_asigna='300209' AND status IN ('0','3','B') [1][0] OK
C:[08/04/2015 13:23:18.68][172.16.4.247][1572] SELECT pre_cod_asig1,pre_cod_asig2,pre_cod_asig3,pre_cod_asig4,pre_cod_asig5,pre_cod_asig6,pre_cod_asig7 FROM tblaca009 WHERE pensum='5' AND c_uni_ca='6' AND c_asigna='340323' [1][0] OK
C:[08/04/2015 13:23:18.68][172.16.4.247][1585] SELECT c_asigna FROM dace004 WHERE exp_e='11-20286969' AND c_asigna='300228' AND status IN ('0','3','B') [1][0] OK
C:[08/04/2015 13:23:18.68][172.16.4.247][1585] SELECT c_asigna FROM dace004 WHERE exp_e='11-20286969' AND c_asigna='300207' AND status IN ('0','3','B') [1][0] OK
C:[08/04/2015 13:23:18.68][172.16.4.247][1572] SELECT pre_cod_asig1,pre_cod_asig2,pre_cod_asig3,pre_cod_asig4,pre_cod_asig5,pre_cod_asig6,pre_cod_asig7 FROM tblaca009 WHERE pensum='5' AND c_uni_ca='6' AND c_asigna='300422' [1][0] OK
C:[08/04/2015 13:23:18.68][172.16.4.247][1585] SELECT c_asigna FROM dace004 WHERE exp_e='11-20286969' AND c_asigna='300105' AND status IN ('0','3','B') [1][0] OK
C:[08/04/2015 13:23:18.68][172.16.4.247][1585] SELECT c_asigna FROM dace004 WHERE exp_e='11-20286969' AND c_asigna='300314' AND status IN ('0','3','B') [1][0] OK
C:[08/04/2015 13:23:18.68][172.16.4.247][1572] SELECT pre_cod_asig1,pre_cod_asig2,pre_cod_asig3,pre_cod_asig4,pre_cod_asig5,pre_cod_asig6,pre_cod_asig7 FROM tblaca009 WHERE pensum='5' AND c_uni_ca='6' AND c_asigna='342436' [1][0] OK
C:[08/04/2015 13:23:18.68][172.16.4.247][1585] SELECT c_asigna FROM dace004 WHERE exp_e='11-20286969' AND c_asigna='300318' AND status IN ('0','3','B') [1][0] OK
C:[08/04/2015 13:23:18.68][172.16.4.247][1585] SELECT c_asigna FROM dace004 WHERE exp_e='11-20286969' AND c_asigna='300317' AND status IN ('0','3','B') [1][0] OK
C:[08/04/2015 13:23:18.68][172.16.4.247][1572] SELECT pre_cod_asig1,pre_cod_asig2,pre_cod_asig3,pre_cod_asig4,pre_cod_asig5,pre_cod_asig6,pre_cod_asig7 FROM tblaca009 WHERE pensum='5' AND c_uni_ca='6' AND c_asigna='344445' [1][0] OK
C:[08/04/2015 13:23:18.68][172.16.4.247][1572] SELECT pre_cod_asig1,pre_cod_asig2,pre_cod_asig3,pre_cod_asig4,pre_cod_asig5,pre_cod_asig6,pre_cod_asig7 FROM tblaca009 WHERE pensum='5' AND c_uni_ca='6' AND c_asigna='344446' [1][0] OK
C:[08/04/2015 13:23:18.68][172.16.4.247][1585] SELECT c_asigna FROM dace004 WHERE exp_e='11-20286969' AND c_asigna='300317' AND status IN ('0','3','B') [1][0] OK
C:[08/04/2015 13:23:18.68][172.16.4.247][1585] SELECT c_asigna FROM dace004 WHERE exp_e='11-20286969' AND c_asigna='300313' AND status IN ('0','3','B') [1][0] OK
C:[08/04/2015 13:23:18.68][172.16.4.247][1585] SELECT c_asigna FROM dace004 WHERE exp_e='11-20286969' AND c_asigna='300209' AND status IN ('0','3','B') [1][0] OK
C:[08/04/2015 13:23:18.68][172.16.4.247][1585] SELECT c_asigna FROM dace004 WHERE exp_e='11-20286969' AND c_asigna='300222' AND status IN ('0','3','B') [1][0] OK
C:[08/04/2015 13:23:18.68][172.16.4.247][1585] SELECT c_asigna FROM dace004 WHERE exp_e='11-20286969' AND c_asigna='300226' AND status IN ('0','3','B') [1][0] OK
C:[08/04/2015 13:23:19.99][172.16.4.247][1616] SELECT par_cod_asig1,par_cod_asig2,par_cod_asig3 FROM tblaca009 WHERE pensum='5' AND c_uni_ca='6' AND c_asigna='300428' [1][0] OK
C:[08/04/2015 13:23:19.99][172.16.4.247][1616] SELECT par_cod_asig1,par_cod_asig2,par_cod_asig3 FROM tblaca009 WHERE pensum='5' AND c_uni_ca='6' AND c_asigna='340323' [1][0] OK
C:[08/04/2015 13:23:19.99][172.16.4.247][1616] SELECT par_cod_asig1,par_cod_asig2,par_cod_asig3 FROM tblaca009 WHERE pensum='5' AND c_uni_ca='6' AND c_asigna='300422' [1][0] OK
C:[08/04/2015 13:23:19.99][172.16.4.247][1616] SELECT par_cod_asig1,par_cod_asig2,par_cod_asig3 FROM tblaca009 WHERE pensum='5' AND c_uni_ca='6' AND c_asigna='342436' [1][0] OK
C:[08/04/2015 13:23:19.99][172.16.4.247][1616] SELECT par_cod_asig1,par_cod_asig2,par_cod_asig3 FROM tblaca009 WHERE pensum='5' AND c_uni_ca='6' AND c_asigna='344445' [1][0] OK
C:[08/04/2015 13:23:19.99][172.16.4.247][1616] SELECT par_cod_asig1,par_cod_asig2,par_cod_asig3 FROM tblaca009 WHERE pensum='5' AND c_uni_ca='6' AND c_asigna='344446' [1][0] OK
C:[09/04/2015 10:34:55.46][172.16.4.245][1572] SELECT pre_cod_asig1,pre_cod_asig2,pre_cod_asig3,pre_cod_asig4,pre_cod_asig5,pre_cod_asig6,pre_cod_asig7 FROM tblaca009 WHERE pensum='5' AND c_uni_ca='5' AND c_asigna='355838' [1][0] OK
C:[09/04/2015 10:34:55.46][172.16.4.245][1585] SELECT c_asigna FROM dace004 WHERE exp_e='10-21701043' AND c_asigna='355721' AND status IN ('0','3','B') [1][0] OK
C:[09/04/2015 10:34:55.46][172.16.4.245][1572] SELECT pre_cod_asig1,pre_cod_asig2,pre_cod_asig3,pre_cod_asig4,pre_cod_asig5,pre_cod_asig6,pre_cod_asig7 FROM tblaca009 WHERE pensum='5' AND c_uni_ca='5' AND c_asigna='300956' [1][0] OK
C:[09/04/2015 10:34:55.46][172.16.4.245][1585] SELECT c_asigna FROM dace004 WHERE exp_e='10-21701043' AND c_asigna='300422' AND status IN ('0','3','B') [1][0] OK
C:[09/04/2015 10:34:55.46][172.16.4.245][1585] SELECT c_asigna FROM dace004 WHERE exp_e='10-21701043' AND c_asigna='300105' AND status IN ('0','3','B') [1][0] OK
C:[09/04/2015 10:34:55.46][172.16.4.245][1585] SELECT c_asigna FROM dace004 WHERE exp_e='10-21701043' AND c_asigna='300314' AND status IN ('0','3','B') [1][0] OK
C:[09/04/2015 10:34:55.46][172.16.4.245][1572] SELECT pre_cod_asig1,pre_cod_asig2,pre_cod_asig3,pre_cod_asig4,pre_cod_asig5,pre_cod_asig6,pre_cod_asig7 FROM tblaca009 WHERE pensum='5' AND c_uni_ca='5' AND c_asigna='300870' [1][0] OK
C:[09/04/2015 10:34:55.46][172.16.4.245][1572] SELECT pre_cod_asig1,pre_cod_asig2,pre_cod_asig3,pre_cod_asig4,pre_cod_asig5,pre_cod_asig6,pre_cod_asig7 FROM tblaca009 WHERE pensum='5' AND c_uni_ca='5' AND c_asigna='355959' [1][0] OK
C:[09/04/2015 10:34:55.46][172.16.4.245][1572] SELECT pre_cod_asig1,pre_cod_asig2,pre_cod_asig3,pre_cod_asig4,pre_cod_asig5,pre_cod_asig6,pre_cod_asig7 FROM tblaca009 WHERE pensum='5' AND c_uni_ca='5' AND c_asigna='355840' [1][0] OK
C:[09/04/2015 10:34:55.46][172.16.4.245][1585] SELECT c_asigna FROM dace004 WHERE exp_e='10-21701043' AND c_asigna='355721' AND status IN ('0','3','B') [1][0] OK
C:[09/04/2015 10:34:55.46][172.16.4.245][1585] SELECT c_asigna FROM dace004 WHERE exp_e='10-21701043' AND c_asigna='355725' AND status IN ('0','3','B') [1][0] OK
C:[09/04/2015 10:34:55.46][172.16.4.245][1616] SELECT par_cod_asig1,par_cod_asig2,par_cod_asig3 FROM tblaca009 WHERE pensum='5' AND c_uni_ca='5' AND c_asigna='355838' [1][0] OK
C:[09/04/2015 10:34:55.46][172.16.4.245][1616] SELECT par_cod_asig1,par_cod_asig2,par_cod_asig3 FROM tblaca009 WHERE pensum='5' AND c_uni_ca='5' AND c_asigna='300956' [1][0] OK
C:[09/04/2015 10:34:55.46][172.16.4.245][1616] SELECT par_cod_asig1,par_cod_asig2,par_cod_asig3 FROM tblaca009 WHERE pensum='5' AND c_uni_ca='5' AND c_asigna='300870' [1][0] OK
C:[09/04/2015 10:34:55.46][172.16.4.245][1616] SELECT par_cod_asig1,par_cod_asig2,par_cod_asig3 FROM tblaca009 WHERE pensum='5' AND c_uni_ca='5' AND c_asigna='355959' [1][0] OK
C:[09/04/2015 10:34:55.46][172.16.4.245][1630] SELECT c_asigna FROM dace004 WHERE exp_e='10-21701043' AND c_asigna='300956' AND status IN ('0','3','B','C') [0][0] OK
C:[09/04/2015 10:34:55.46][172.16.4.245][1616] SELECT par_cod_asig1,par_cod_asig2,par_cod_asig3 FROM tblaca009 WHERE pensum='5' AND c_uni_ca='5' AND c_asigna='355840' [1][0] OK
C:[13/04/2015 13:22:08.21][172.16.4.254][1572] SELECT pre_cod_asig1,pre_cod_asig2,pre_cod_asig3,pre_cod_asig4,pre_cod_asig5,pre_cod_asig6,pre_cod_asig7 FROM tblaca009 WHERE pensum='5' AND c_uni_ca='3' AND c_asigna='300213' [1][0] OK
C:[13/04/2015 13:22:08.21][172.16.4.254][1585] SELECT c_asigna FROM dace004 WHERE exp_e='14-22830827' AND c_asigna='300101' AND status IN ('0','3','B') [1][0] OK
C:[13/04/2015 13:22:08.21][172.16.4.254][1572] SELECT pre_cod_asig1,pre_cod_asig2,pre_cod_asig3,pre_cod_asig4,pre_cod_asig5,pre_cod_asig6,pre_cod_asig7 FROM tblaca009 WHERE pensum='5' AND c_uni_ca='3' AND c_asigna='300222' [1][0] OK
C:[13/04/2015 13:22:08.21][172.16.4.254][1585] SELECT c_asigna FROM dace004 WHERE exp_e='14-22830827' AND c_asigna='300112' AND status IN ('0','3','B') [1][0] OK
C:[13/04/2015 13:22:08.21][172.16.4.254][1572] SELECT pre_cod_asig1,pre_cod_asig2,pre_cod_asig3,pre_cod_asig4,pre_cod_asig5,pre_cod_asig6,pre_cod_asig7 FROM tblaca009 WHERE pensum='5' AND c_uni_ca='3' AND c_asigna='300207' [1][0] OK
C:[13/04/2015 13:22:08.21][172.16.4.254][1585] SELECT c_asigna FROM dace004 WHERE exp_e='14-22830827' AND c_asigna='300101' AND status IN ('0','3','B') [1][0] OK
C:[13/04/2015 13:22:08.21][172.16.4.254][1572] SELECT pre_cod_asig1,pre_cod_asig2,pre_cod_asig3,pre_cod_asig4,pre_cod_asig5,pre_cod_asig6,pre_cod_asig7 FROM tblaca009 WHERE pensum='5' AND c_uni_ca='3' AND c_asigna='300209' [1][0] OK
C:[13/04/2015 13:22:08.21][172.16.4.254][1585] SELECT c_asigna FROM dace004 WHERE exp_e='14-22830827' AND c_asigna='300101' AND status IN ('0','3','B') [1][0] OK
C:[13/04/2015 13:22:08.21][172.16.4.254][1572] SELECT pre_cod_asig1,pre_cod_asig2,pre_cod_asig3,pre_cod_asig4,pre_cod_asig5,pre_cod_asig6,pre_cod_asig7 FROM tblaca009 WHERE pensum='5' AND c_uni_ca='3' AND c_asigna='300218' [1][0] OK
C:[13/04/2015 13:22:08.21][172.16.4.254][1585] SELECT c_asigna FROM dace004 WHERE exp_e='14-22830827' AND c_asigna='300101' AND status IN ('0','3','B') [1][0] OK
C:[13/04/2015 13:22:08.21][172.16.4.254][1572] SELECT pre_cod_asig1,pre_cod_asig2,pre_cod_asig3,pre_cod_asig4,pre_cod_asig5,pre_cod_asig6,pre_cod_asig7 FROM tblaca009 WHERE pensum='5' AND c_uni_ca='3' AND c_asigna='300228' [1][0] OK
C:[13/04/2015 13:22:08.21][172.16.4.254][1585] SELECT c_asigna FROM dace004 WHERE exp_e='14-22830827' AND c_asigna='300101' AND status IN ('0','3','B') [1][0] OK
C:[13/04/2015 13:22:08.21][172.16.4.254][1572] SELECT pre_cod_asig1,pre_cod_asig2,pre_cod_asig3,pre_cod_asig4,pre_cod_asig5,pre_cod_asig6,pre_cod_asig7 FROM tblaca009 WHERE pensum='5' AND c_uni_ca='3' AND c_asigna='300314' [1][0] OK
C:[13/04/2015 13:22:08.21][172.16.4.254][1585] SELECT c_asigna FROM dace004 WHERE exp_e='14-22830827' AND c_asigna='300106' AND status IN ('0','3','B') [1][0] OK
C:[13/04/2015 13:22:09.97][172.16.4.254][1616] SELECT par_cod_asig1,par_cod_asig2,par_cod_asig3 FROM tblaca009 WHERE pensum='5' AND c_uni_ca='3' AND c_asigna='300213' [1][0] OK
C:[13/04/2015 13:22:09.97][172.16.4.254][1630] SELECT c_asigna FROM dace004 WHERE exp_e='14-22830827' AND c_asigna='300209' AND status IN ('0','3','B','C') [0][0] OK
C:[13/04/2015 13:22:09.97][172.16.4.254][1616] SELECT par_cod_asig1,par_cod_asig2,par_cod_asig3 FROM tblaca009 WHERE pensum='5' AND c_uni_ca='3' AND c_asigna='300222' [1][0] OK
C:[13/04/2015 13:22:09.97][172.16.4.254][1616] SELECT par_cod_asig1,par_cod_asig2,par_cod_asig3 FROM tblaca009 WHERE pensum='5' AND c_uni_ca='3' AND c_asigna='300207' [1][0] OK
C:[13/04/2015 13:22:09.97][172.16.4.254][1616] SELECT par_cod_asig1,par_cod_asig2,par_cod_asig3 FROM tblaca009 WHERE pensum='5' AND c_uni_ca='3' AND c_asigna='300209' [1][0] OK
C:[13/04/2015 13:22:09.97][172.16.4.254][1616] SELECT par_cod_asig1,par_cod_asig2,par_cod_asig3 FROM tblaca009 WHERE pensum='5' AND c_uni_ca='3' AND c_asigna='300218' [1][0] OK
C:[13/04/2015 13:22:09.97][172.16.4.254][1630] SELECT c_asigna FROM dace004 WHERE exp_e='14-22830827' AND c_asigna='300228' AND status IN ('0','3','B','C') [0][0] OK
C:[13/04/2015 13:22:09.97][172.16.4.254][1616] SELECT par_cod_asig1,par_cod_asig2,par_cod_asig3 FROM tblaca009 WHERE pensum='5' AND c_uni_ca='3' AND c_asigna='300228' [1][0] OK
C:[13/04/2015 13:22:09.97][172.16.4.254][1616] SELECT par_cod_asig1,par_cod_asig2,par_cod_asig3 FROM tblaca009 WHERE pensum='5' AND c_uni_ca='3' AND c_asigna='300314' [1][0] OK
C:[13/04/2015 15:15:10.50][172.16.4.254][1572] SELECT pre_cod_asig1,pre_cod_asig2,pre_cod_asig3,pre_cod_asig4,pre_cod_asig5,pre_cod_asig6,pre_cod_asig7 FROM tblaca009 WHERE pensum='5' AND c_uni_ca='3' AND c_asigna='300313' [1][0] OK
C:[13/04/2015 15:15:10.50][172.16.4.254][1585] SELECT c_asigna FROM dace004 WHERE exp_e='11-21248651' AND c_asigna='300213' AND status IN ('0','3','B') [1][0] OK
C:[13/04/2015 15:15:10.50][172.16.4.254][1585] SELECT c_asigna FROM dace004 WHERE exp_e='11-21248651' AND c_asigna='300226' AND status IN ('0','3','B') [1][0] OK
C:[13/04/2015 15:15:10.50][172.16.4.254][1585] SELECT c_asigna FROM dace004 WHERE exp_e='11-21248651' AND c_asigna='300222' AND status IN ('0','3','B') [1][0] OK
C:[13/04/2015 15:15:10.50][172.16.4.254][1585] SELECT c_asigna FROM dace004 WHERE exp_e='11-21248651' AND c_asigna='300209' AND status IN ('0','3','B') [1][0] OK
C:[13/04/2015 15:15:10.50][172.16.4.254][1572] SELECT pre_cod_asig1,pre_cod_asig2,pre_cod_asig3,pre_cod_asig4,pre_cod_asig5,pre_cod_asig6,pre_cod_asig7 FROM tblaca009 WHERE pensum='5' AND c_uni_ca='3' AND c_asigna='300314' [1][0] OK
C:[13/04/2015 15:15:10.50][172.16.4.254][1585] SELECT c_asigna FROM dace004 WHERE exp_e='11-21248651' AND c_asigna='300106' AND status IN ('0','3','B') [1][0] OK
C:[13/04/2015 15:15:10.50][172.16.4.254][1572] SELECT pre_cod_asig1,pre_cod_asig2,pre_cod_asig3,pre_cod_asig4,pre_cod_asig5,pre_cod_asig6,pre_cod_asig7 FROM tblaca009 WHERE pensum='5' AND c_uni_ca='3' AND c_asigna='311320' [1][0] OK
C:[13/04/2015 15:15:10.50][172.16.4.254][1585] SELECT c_asigna FROM dace004 WHERE exp_e='11-21248651' AND c_asigna='300013' AND status IN ('0','3','B') [1][0] OK
C:[13/04/2015 15:15:10.50][172.16.4.254][1585] SELECT c_asigna FROM dace004 WHERE exp_e='11-21248651' AND c_asigna='300113' AND status IN ('0','3','B') [1][0] OK
C:[13/04/2015 15:15:10.50][172.16.4.254][1572] SELECT pre_cod_asig1,pre_cod_asig2,pre_cod_asig3,pre_cod_asig4,pre_cod_asig5,pre_cod_asig6,pre_cod_asig7 FROM tblaca009 WHERE pensum='5' AND c_uni_ca='3' AND c_asigna='300428' [1][0] OK
C:[13/04/2015 15:15:10.50][172.16.4.254][1585] SELECT c_asigna FROM dace004 WHERE exp_e='11-21248651' AND c_asigna='300317' AND status IN ('0','3','B') [1][0] OK
C:[13/04/2015 15:15:10.50][172.16.4.254][1585] SELECT c_asigna FROM dace004 WHERE exp_e='11-21248651' AND c_asigna='300209' AND status IN ('0','3','B') [1][0] OK
C:[13/04/2015 15:15:10.50][172.16.4.254][1572] SELECT pre_cod_asig1,pre_cod_asig2,pre_cod_asig3,pre_cod_asig4,pre_cod_asig5,pre_cod_asig6,pre_cod_asig7 FROM tblaca009 WHERE pensum='5' AND c_uni_ca='3' AND c_asigna='311552' [1][0] OK
C:[13/04/2015 15:15:10.50][172.16.4.254][1585] SELECT c_asigna FROM dace004 WHERE exp_e='11-21248651' AND c_asigna='300317' AND status IN ('0','3','B') [1][0] OK
C:[13/04/2015 15:15:10.50][172.16.4.254][1585] SELECT c_asigna FROM dace004 WHERE exp_e='11-21248651' AND c_asigna='300209' AND status IN ('0','3','B') [1][0] OK
C:[13/04/2015 15:15:10.07][172.16.4.254][1616] SELECT par_cod_asig1,par_cod_asig2,par_cod_asig3 FROM tblaca009 WHERE pensum='5' AND c_uni_ca='3' AND c_asigna='300313' [1][0] OK
C:[13/04/2015 15:15:10.07][172.16.4.254][1616] SELECT par_cod_asig1,par_cod_asig2,par_cod_asig3 FROM tblaca009 WHERE pensum='5' AND c_uni_ca='3' AND c_asigna='300314' [1][0] OK
C:[13/04/2015 15:15:10.07][172.16.4.254][1616] SELECT par_cod_asig1,par_cod_asig2,par_cod_asig3 FROM tblaca009 WHERE pensum='5' AND c_uni_ca='3' AND c_asigna='311320' [1][0] OK
C:[13/04/2015 15:15:10.07][172.16.4.254][1616] SELECT par_cod_asig1,par_cod_asig2,par_cod_asig3 FROM tblaca009 WHERE pensum='5' AND c_uni_ca='3' AND c_asigna='300428' [1][0] OK
C:[13/04/2015 15:15:10.07][172.16.4.254][1616] SELECT par_cod_asig1,par_cod_asig2,par_cod_asig3 FROM tblaca009 WHERE pensum='5' AND c_uni_ca='3' AND c_asigna='311552' [1][0] OK
C:[13/04/2015 15:15:10.69][172.16.4.254][1687] SELECT c_asigna FROM tblaca009 WHERE pensum='5' AND c_uni_ca='3' AND ((par_cod_asig1='300228') OR (par_cod_asig2='300228') OR (par_cod_asig3='300228'))  [1][0] OK
C:[13/04/2015 15:15:10.69][172.16.4.254][1699] SELECT c_asigna FROM dace004 WHERE exp_e='11-21248651' AND c_asigna='300218' AND status IN ('0','3','B') [1][0] OK
C:[13/04/2015 15:15:46.68][172.16.4.254][1572] SELECT pre_cod_asig1,pre_cod_asig2,pre_cod_asig3,pre_cod_asig4,pre_cod_asig5,pre_cod_asig6,pre_cod_asig7 FROM tblaca009 WHERE pensum='5' AND c_uni_ca='3' AND c_asigna='300228' [1][0] OK
C:[13/04/2015 15:15:46.68][172.16.4.254][1585] SELECT c_asigna FROM dace004 WHERE exp_e='11-21248651' AND c_asigna='300101' AND status IN ('0','3','B') [1][0] OK
C:[13/04/2015 15:15:46.68][172.16.4.254][1572] SELECT pre_cod_asig1,pre_cod_asig2,pre_cod_asig3,pre_cod_asig4,pre_cod_asig5,pre_cod_asig6,pre_cod_asig7 FROM tblaca009 WHERE pensum='5' AND c_uni_ca='3' AND c_asigna='300313' [1][0] OK
C:[13/04/2015 15:15:46.68][172.16.4.254][1585] SELECT c_asigna FROM dace004 WHERE exp_e='11-21248651' AND c_asigna='300213' AND status IN ('0','3','B') [1][0] OK
C:[13/04/2015 15:15:46.68][172.16.4.254][1585] SELECT c_asigna FROM dace004 WHERE exp_e='11-21248651' AND c_asigna='300226' AND status IN ('0','3','B') [1][0] OK
C:[13/04/2015 15:15:46.68][172.16.4.254][1585] SELECT c_asigna FROM dace004 WHERE exp_e='11-21248651' AND c_asigna='300222' AND status IN ('0','3','B') [1][0] OK
C:[13/04/2015 15:15:46.68][172.16.4.254][1585] SELECT c_asigna FROM dace004 WHERE exp_e='11-21248651' AND c_asigna='300209' AND status IN ('0','3','B') [1][0] OK
C:[13/04/2015 15:15:46.68][172.16.4.254][1572] SELECT pre_cod_asig1,pre_cod_asig2,pre_cod_asig3,pre_cod_asig4,pre_cod_asig5,pre_cod_asig6,pre_cod_asig7 FROM tblaca009 WHERE pensum='5' AND c_uni_ca='3' AND c_asigna='300314' [1][0] OK
C:[13/04/2015 15:15:46.68][172.16.4.254][1585] SELECT c_asigna FROM dace004 WHERE exp_e='11-21248651' AND c_asigna='300106' AND status IN ('0','3','B') [1][0] OK
C:[13/04/2015 15:15:46.68][172.16.4.254][1572] SELECT pre_cod_asig1,pre_cod_asig2,pre_cod_asig3,pre_cod_asig4,pre_cod_asig5,pre_cod_asig6,pre_cod_asig7 FROM tblaca009 WHERE pensum='5' AND c_uni_ca='3' AND c_asigna='311320' [1][0] OK
C:[13/04/2015 15:15:46.68][172.16.4.254][1585] SELECT c_asigna FROM dace004 WHERE exp_e='11-21248651' AND c_asigna='300013' AND status IN ('0','3','B') [1][0] OK
C:[13/04/2015 15:15:46.68][172.16.4.254][1585] SELECT c_asigna FROM dace004 WHERE exp_e='11-21248651' AND c_asigna='300113' AND status IN ('0','3','B') [1][0] OK
C:[13/04/2015 15:15:46.68][172.16.4.254][1572] SELECT pre_cod_asig1,pre_cod_asig2,pre_cod_asig3,pre_cod_asig4,pre_cod_asig5,pre_cod_asig6,pre_cod_asig7 FROM tblaca009 WHERE pensum='5' AND c_uni_ca='3' AND c_asigna='300428' [1][0] OK
C:[13/04/2015 15:15:46.68][172.16.4.254][1585] SELECT c_asigna FROM dace004 WHERE exp_e='11-21248651' AND c_asigna='300317' AND status IN ('0','3','B') [1][0] OK
C:[13/04/2015 15:15:46.68][172.16.4.254][1585] SELECT c_asigna FROM dace004 WHERE exp_e='11-21248651' AND c_asigna='300209' AND status IN ('0','3','B') [1][0] OK
C:[13/04/2015 15:15:46.68][172.16.4.254][1572] SELECT pre_cod_asig1,pre_cod_asig2,pre_cod_asig3,pre_cod_asig4,pre_cod_asig5,pre_cod_asig6,pre_cod_asig7 FROM tblaca009 WHERE pensum='5' AND c_uni_ca='3' AND c_asigna='311552' [1][0] OK
C:[13/04/2015 15:15:46.68][172.16.4.254][1585] SELECT c_asigna FROM dace004 WHERE exp_e='11-21248651' AND c_asigna='300317' AND status IN ('0','3','B') [1][0] OK
C:[13/04/2015 15:15:46.68][172.16.4.254][1585] SELECT c_asigna FROM dace004 WHERE exp_e='11-21248651' AND c_asigna='300209' AND status IN ('0','3','B') [1][0] OK
C:[13/04/2015 15:15:47.62][172.16.4.254][1616] SELECT par_cod_asig1,par_cod_asig2,par_cod_asig3 FROM tblaca009 WHERE pensum='5' AND c_uni_ca='3' AND c_asigna='300228' [1][0] OK
C:[13/04/2015 15:15:47.62][172.16.4.254][1616] SELECT par_cod_asig1,par_cod_asig2,par_cod_asig3 FROM tblaca009 WHERE pensum='5' AND c_uni_ca='3' AND c_asigna='300313' [1][0] OK
C:[13/04/2015 15:15:47.62][172.16.4.254][1616] SELECT par_cod_asig1,par_cod_asig2,par_cod_asig3 FROM tblaca009 WHERE pensum='5' AND c_uni_ca='3' AND c_asigna='300314' [1][0] OK
C:[13/04/2015 15:15:47.62][172.16.4.254][1616] SELECT par_cod_asig1,par_cod_asig2,par_cod_asig3 FROM tblaca009 WHERE pensum='5' AND c_uni_ca='3' AND c_asigna='311320' [1][0] OK
C:[13/04/2015 15:15:47.62][172.16.4.254][1616] SELECT par_cod_asig1,par_cod_asig2,par_cod_asig3 FROM tblaca009 WHERE pensum='5' AND c_uni_ca='3' AND c_asigna='300428' [1][0] OK
C:[13/04/2015 15:15:47.62][172.16.4.254][1616] SELECT par_cod_asig1,par_cod_asig2,par_cod_asig3 FROM tblaca009 WHERE pensum='5' AND c_uni_ca='3' AND c_asigna='311552' [1][0] OK
C:[14/04/2015 13:17:41.79][172.16.4.254][1572] SELECT pre_cod_asig1,pre_cod_asig2,pre_cod_asig3,pre_cod_asig4,pre_cod_asig5,pre_cod_asig6,pre_cod_asig7 FROM tblaca009 WHERE pensum='5' AND c_uni_ca='6' AND c_asigna='300228' [1][0] OK
C:[14/04/2015 13:17:41.79][172.16.4.254][1585] SELECT c_asigna FROM dace004 WHERE exp_e='13-22858009' AND c_asigna='300101' AND status IN ('0','3','B') [1][0] OK
C:[14/04/2015 13:17:41.79][172.16.4.254][1572] SELECT pre_cod_asig1,pre_cod_asig2,pre_cod_asig3,pre_cod_asig4,pre_cod_asig5,pre_cod_asig6,pre_cod_asig7 FROM tblaca009 WHERE pensum='5' AND c_uni_ca='6' AND c_asigna='300209' [1][0] OK
C:[14/04/2015 13:17:41.79][172.16.4.254][1585] SELECT c_asigna FROM dace004 WHERE exp_e='13-22858009' AND c_asigna='300101' AND status IN ('0','3','B') [1][0] OK
C:[14/04/2015 13:17:41.79][172.16.4.254][1572] SELECT pre_cod_asig1,pre_cod_asig2,pre_cod_asig3,pre_cod_asig4,pre_cod_asig5,pre_cod_asig6,pre_cod_asig7 FROM tblaca009 WHERE pensum='5' AND c_uni_ca='6' AND c_asigna='300213' [1][0] OK
C:[14/04/2015 13:17:41.79][172.16.4.254][1585] SELECT c_asigna FROM dace004 WHERE exp_e='13-22858009' AND c_asigna='300101' AND status IN ('0','3','B') [1][0] OK
C:[14/04/2015 13:17:41.54][172.16.4.254][1616] SELECT par_cod_asig1,par_cod_asig2,par_cod_asig3 FROM tblaca009 WHERE pensum='5' AND c_uni_ca='6' AND c_asigna='300228' [1][0] OK
C:[14/04/2015 13:17:41.54][172.16.4.254][1616] SELECT par_cod_asig1,par_cod_asig2,par_cod_asig3 FROM tblaca009 WHERE pensum='5' AND c_uni_ca='6' AND c_asigna='300209' [1][0] OK
C:[14/04/2015 13:17:41.54][172.16.4.254][1616] SELECT par_cod_asig1,par_cod_asig2,par_cod_asig3 FROM tblaca009 WHERE pensum='5' AND c_uni_ca='6' AND c_asigna='300213' [1][0] OK
C:[14/04/2015 13:17:41.54][172.16.4.254][1630] SELECT c_asigna FROM dace004 WHERE exp_e='13-22858009' AND c_asigna='300209' AND status IN ('0','3','B','C') [0][0] OK
C:[14/04/2015 13:33:58.46][172.16.4.254][1572] SELECT pre_cod_asig1,pre_cod_asig2,pre_cod_asig3,pre_cod_asig4,pre_cod_asig5,pre_cod_asig6,pre_cod_asig7 FROM tblaca009 WHERE pensum='5' AND c_uni_ca='6' AND c_asigna='300676' [1][0] OK
C:[14/04/2015 13:33:58.46][172.16.4.254][1572] SELECT pre_cod_asig1,pre_cod_asig2,pre_cod_asig3,pre_cod_asig4,pre_cod_asig5,pre_cod_asig6,pre_cod_asig7 FROM tblaca009 WHERE pensum='5' AND c_uni_ca='6' AND c_asigna='344733' [1][0] OK
C:[14/04/2015 13:33:58.46][172.16.4.254][1572] SELECT pre_cod_asig1,pre_cod_asig2,pre_cod_asig3,pre_cod_asig4,pre_cod_asig5,pre_cod_asig6,pre_cod_asig7 FROM tblaca009 WHERE pensum='5' AND c_uni_ca='6' AND c_asigna='344812' [1][0] OK
C:[14/04/2015 13:33:58.46][172.16.4.254][1585] SELECT c_asigna FROM dace004 WHERE exp_e='08-20702007' AND c_asigna='344715' AND status IN ('0','3','B') [1][0] OK
C:[14/04/2015 13:33:58.46][172.16.4.254][1585] SELECT c_asigna FROM dace004 WHERE exp_e='08-20702007' AND c_asigna='344742' AND status IN ('0','3','B') [1][0] OK
C:[14/04/2015 13:33:58.46][172.16.4.254][1572] SELECT pre_cod_asig1,pre_cod_asig2,pre_cod_asig3,pre_cod_asig4,pre_cod_asig5,pre_cod_asig6,pre_cod_asig7 FROM tblaca009 WHERE pensum='5' AND c_uni_ca='6' AND c_asigna='344834' [1][0] OK
C:[14/04/2015 13:33:58.46][172.16.4.254][1585] SELECT c_asigna FROM dace004 WHERE exp_e='08-20702007' AND c_asigna='344715' AND status IN ('0','3','B') [1][0] OK
C:[14/04/2015 13:33:58.46][172.16.4.254][1585] SELECT c_asigna FROM dace004 WHERE exp_e='08-20702007' AND c_asigna='344716' AND status IN ('0','3','B') [1][0] OK
C:[14/04/2015 13:33:58.46][172.16.4.254][1572] SELECT pre_cod_asig1,pre_cod_asig2,pre_cod_asig3,pre_cod_asig4,pre_cod_asig5,pre_cod_asig6,pre_cod_asig7 FROM tblaca009 WHERE pensum='5' AND c_uni_ca='6' AND c_asigna='344843' [1][0] OK
C:[14/04/2015 13:33:58.46][172.16.4.254][1585] SELECT c_asigna FROM dace004 WHERE exp_e='08-20702007' AND c_asigna='344714' AND status IN ('0','3','B') [1][0] OK
C:[14/04/2015 13:33:58.46][172.16.4.254][1585] SELECT c_asigna FROM dace004 WHERE exp_e='08-20702007' AND c_asigna='344715' AND status IN ('0','3','B') [1][0] OK
C:[14/04/2015 13:33:58.46][172.16.4.254][1585] SELECT c_asigna FROM dace004 WHERE exp_e='08-20702007' AND c_asigna='300313' AND status IN ('0','3','B') [1][0] OK
C:[14/04/2015 13:33:58.46][172.16.4.254][1572] SELECT pre_cod_asig1,pre_cod_asig2,pre_cod_asig3,pre_cod_asig4,pre_cod_asig5,pre_cod_asig6,pre_cod_asig7 FROM tblaca009 WHERE pensum='5' AND c_uni_ca='6' AND c_asigna='344965' [1][0] OK
C:[14/04/2015 13:33:58.46][172.16.4.254][1585] SELECT c_asigna FROM dace004 WHERE exp_e='08-20702007' AND c_asigna='344714' AND status IN ('0','3','B') [1][0] OK
C:[14/04/2015 13:33:59.21][172.16.4.254][1616] SELECT par_cod_asig1,par_cod_asig2,par_cod_asig3 FROM tblaca009 WHERE pensum='5' AND c_uni_ca='6' AND c_asigna='300676' [1][0] OK
C:[14/04/2015 13:33:59.21][172.16.4.254][1616] SELECT par_cod_asig1,par_cod_asig2,par_cod_asig3 FROM tblaca009 WHERE pensum='5' AND c_uni_ca='6' AND c_asigna='344733' [1][0] OK
C:[14/04/2015 13:33:59.21][172.16.4.254][1616] SELECT par_cod_asig1,par_cod_asig2,par_cod_asig3 FROM tblaca009 WHERE pensum='5' AND c_uni_ca='6' AND c_asigna='344812' [1][0] OK
C:[14/04/2015 13:33:59.21][172.16.4.254][1616] SELECT par_cod_asig1,par_cod_asig2,par_cod_asig3 FROM tblaca009 WHERE pensum='5' AND c_uni_ca='6' AND c_asigna='344834' [1][0] OK
C:[14/04/2015 13:33:59.21][172.16.4.254][1616] SELECT par_cod_asig1,par_cod_asig2,par_cod_asig3 FROM tblaca009 WHERE pensum='5' AND c_uni_ca='6' AND c_asigna='344843' [1][0] OK
C:[14/04/2015 13:33:59.21][172.16.4.254][1616] SELECT par_cod_asig1,par_cod_asig2,par_cod_asig3 FROM tblaca009 WHERE pensum='5' AND c_uni_ca='6' AND c_asigna='344965' [1][0] OK
C:[14/04/2015 13:33:59.96][172.16.4.254][1687] SELECT c_asigna FROM tblaca009 WHERE pensum='5' AND c_uni_ca='6' AND ((par_cod_asig1='344951') OR (par_cod_asig2='344951') OR (par_cod_asig3='344951'))  [0][0] OK
C:[14/04/2015 18:10:58.44][172.16.4.254][1572] SELECT pre_cod_asig1,pre_cod_asig2,pre_cod_asig3,pre_cod_asig4,pre_cod_asig5,pre_cod_asig6,pre_cod_asig7 FROM tblaca009 WHERE pensum='5' AND c_uni_ca='3' AND c_asigna='311799' [1][0] OK
C:[14/04/2015 18:10:58.44][172.16.4.254][1585] SELECT c_asigna FROM dace004 WHERE exp_e='09-18476070' AND c_asigna='311673' AND status IN ('0','3','B') [1][0] OK
C:[14/04/2015 18:10:58.44][172.16.4.254][1572] SELECT pre_cod_asig1,pre_cod_asig2,pre_cod_asig3,pre_cod_asig4,pre_cod_asig5,pre_cod_asig6,pre_cod_asig7 FROM tblaca009 WHERE pensum='5' AND c_uni_ca='3' AND c_asigna='311824' [1][0] OK
C:[14/04/2015 18:10:58.44][172.16.4.254][1585] SELECT c_asigna FROM dace004 WHERE exp_e='09-18476070' AND c_asigna='311796' AND status IN ('0','3','B') [1][0] OK
C:[14/04/2015 18:10:58.44][172.16.4.254][1585] SELECT c_asigna FROM dace004 WHERE exp_e='09-18476070' AND c_asigna='315671' AND status IN ('0','3','B') [1][0] OK
C:[14/04/2015 18:10:58.44][172.16.4.254][1585] SELECT c_asigna FROM dace004 WHERE exp_e='09-18476070' AND c_asigna='311552' AND status IN ('0','3','B') [1][0] OK
C:[14/04/2015 18:10:58.44][172.16.4.254][1585] SELECT c_asigna FROM dace004 WHERE exp_e='09-18476070' AND c_asigna='311430' AND status IN ('0','3','B') [1][0] OK
C:[14/04/2015 18:10:58.44][172.16.4.254][1585] SELECT c_asigna FROM dace004 WHERE exp_e='09-18476070' AND c_asigna='300317' AND status IN ('0','3','B') [1][0] OK
C:[14/04/2015 18:10:58.44][172.16.4.254][1585] SELECT c_asigna FROM dace004 WHERE exp_e='09-18476070' AND c_asigna='300318' AND status IN ('0','3','B') [1][0] OK
C:[14/04/2015 18:10:58.44][172.16.4.254][1585] SELECT c_asigna FROM dace004 WHERE exp_e='09-18476070' AND c_asigna='300313' AND status IN ('0','3','B') [1][0] OK
C:[14/04/2015 18:10:58.44][172.16.4.254][1572] SELECT pre_cod_asig1,pre_cod_asig2,pre_cod_asig3,pre_cod_asig4,pre_cod_asig5,pre_cod_asig6,pre_cod_asig7 FROM tblaca009 WHERE pensum='5' AND c_uni_ca='3' AND c_asigna='311775' [1][0] OK
C:[14/04/2015 18:10:58.44][172.16.4.254][1585] SELECT c_asigna FROM dace004 WHERE exp_e='09-18476070' AND c_asigna='311655' AND status IN ('0','3','B') [1][0] OK
C:[14/04/2015 18:10:58.44][172.16.4.254][1572] SELECT pre_cod_asig1,pre_cod_asig2,pre_cod_asig3,pre_cod_asig4,pre_cod_asig5,pre_cod_asig6,pre_cod_asig7 FROM tblaca009 WHERE pensum='5' AND c_uni_ca='3' AND c_asigna='311795' [1][0] OK
C:[14/04/2015 18:10:58.44][172.16.4.254][1585] SELECT c_asigna FROM dace004 WHERE exp_e='09-18476070' AND c_asigna='311674' AND status IN ('0','3','B') [1][0] OK
C:[14/04/2015 18:10:58.44][172.16.4.254][1585] SELECT c_asigna FROM dace004 WHERE exp_e='09-18476070' AND c_asigna='311673' AND status IN ('0','3','B') [1][0] OK
C:[14/04/2015 18:10:58.44][172.16.4.254][1572] SELECT pre_cod_asig1,pre_cod_asig2,pre_cod_asig3,pre_cod_asig4,pre_cod_asig5,pre_cod_asig6,pre_cod_asig7 FROM tblaca009 WHERE pensum='5' AND c_uni_ca='3' AND c_asigna='311827' [1][0] OK
C:[14/04/2015 18:10:58.44][172.16.4.254][1585] SELECT c_asigna FROM dace004 WHERE exp_e='09-18476070' AND c_asigna='311704' AND status IN ('0','3','B') [1][0] OK
C:[14/04/2015 18:10:59.16][172.16.4.254][1616] SELECT par_cod_asig1,par_cod_asig2,par_cod_asig3 FROM tblaca009 WHERE pensum='5' AND c_uni_ca='3' AND c_asigna='311799' [1][0] OK
C:[14/04/2015 18:10:59.16][172.16.4.254][1616] SELECT par_cod_asig1,par_cod_asig2,par_cod_asig3 FROM tblaca009 WHERE pensum='5' AND c_uni_ca='3' AND c_asigna='311824' [1][0] OK
C:[14/04/2015 18:10:59.16][172.16.4.254][1616] SELECT par_cod_asig1,par_cod_asig2,par_cod_asig3 FROM tblaca009 WHERE pensum='5' AND c_uni_ca='3' AND c_asigna='311775' [1][0] OK
C:[14/04/2015 18:10:59.16][172.16.4.254][1616] SELECT par_cod_asig1,par_cod_asig2,par_cod_asig3 FROM tblaca009 WHERE pensum='5' AND c_uni_ca='3' AND c_asigna='311795' [1][0] OK
C:[14/04/2015 18:10:59.16][172.16.4.254][1616] SELECT par_cod_asig1,par_cod_asig2,par_cod_asig3 FROM tblaca009 WHERE pensum='5' AND c_uni_ca='3' AND c_asigna='311827' [1][0] OK
C:[14/04/2015 18:12:40.16][172.16.4.254][1572] SELECT pre_cod_asig1,pre_cod_asig2,pre_cod_asig3,pre_cod_asig4,pre_cod_asig5,pre_cod_asig6,pre_cod_asig7 FROM tblaca009 WHERE pensum='5' AND c_uni_ca='3' AND c_asigna='311799' [1][0] OK
C:[14/04/2015 18:12:40.16][172.16.4.254][1585] SELECT c_asigna FROM dace004 WHERE exp_e='09-18476070' AND c_asigna='311673' AND status IN ('0','3','B') [1][0] OK
C:[14/04/2015 18:12:40.16][172.16.4.254][1572] SELECT pre_cod_asig1,pre_cod_asig2,pre_cod_asig3,pre_cod_asig4,pre_cod_asig5,pre_cod_asig6,pre_cod_asig7 FROM tblaca009 WHERE pensum='5' AND c_uni_ca='3' AND c_asigna='311824' [1][0] OK
C:[14/04/2015 18:12:40.16][172.16.4.254][1585] SELECT c_asigna FROM dace004 WHERE exp_e='09-18476070' AND c_asigna='311796' AND status IN ('0','3','B') [1][0] OK
C:[14/04/2015 18:12:40.16][172.16.4.254][1585] SELECT c_asigna FROM dace004 WHERE exp_e='09-18476070' AND c_asigna='315671' AND status IN ('0','3','B') [1][0] OK
C:[14/04/2015 18:12:40.16][172.16.4.254][1585] SELECT c_asigna FROM dace004 WHERE exp_e='09-18476070' AND c_asigna='311552' AND status IN ('0','3','B') [1][0] OK
C:[14/04/2015 18:12:40.16][172.16.4.254][1585] SELECT c_asigna FROM dace004 WHERE exp_e='09-18476070' AND c_asigna='311430' AND status IN ('0','3','B') [1][0] OK
C:[14/04/2015 18:12:40.16][172.16.4.254][1585] SELECT c_asigna FROM dace004 WHERE exp_e='09-18476070' AND c_asigna='300317' AND status IN ('0','3','B') [1][0] OK
C:[14/04/2015 18:12:40.16][172.16.4.254][1585] SELECT c_asigna FROM dace004 WHERE exp_e='09-18476070' AND c_asigna='300318' AND status IN ('0','3','B') [1][0] OK
C:[14/04/2015 18:12:40.16][172.16.4.254][1585] SELECT c_asigna FROM dace004 WHERE exp_e='09-18476070' AND c_asigna='300313' AND status IN ('0','3','B') [1][0] OK
C:[14/04/2015 18:12:40.16][172.16.4.254][1572] SELECT pre_cod_asig1,pre_cod_asig2,pre_cod_asig3,pre_cod_asig4,pre_cod_asig5,pre_cod_asig6,pre_cod_asig7 FROM tblaca009 WHERE pensum='5' AND c_uni_ca='3' AND c_asigna='311775' [1][0] OK
C:[14/04/2015 18:12:40.16][172.16.4.254][1585] SELECT c_asigna FROM dace004 WHERE exp_e='09-18476070' AND c_asigna='311655' AND status IN ('0','3','B') [1][0] OK
C:[14/04/2015 18:12:40.16][172.16.4.254][1572] SELECT pre_cod_asig1,pre_cod_asig2,pre_cod_asig3,pre_cod_asig4,pre_cod_asig5,pre_cod_asig6,pre_cod_asig7 FROM tblaca009 WHERE pensum='5' AND c_uni_ca='3' AND c_asigna='311795' [1][0] OK
C:[14/04/2015 18:12:40.16][172.16.4.254][1585] SELECT c_asigna FROM dace004 WHERE exp_e='09-18476070' AND c_asigna='311674' AND status IN ('0','3','B') [1][0] OK
C:[14/04/2015 18:12:40.16][172.16.4.254][1585] SELECT c_asigna FROM dace004 WHERE exp_e='09-18476070' AND c_asigna='311673' AND status IN ('0','3','B') [1][0] OK
C:[14/04/2015 18:12:40.16][172.16.4.254][1572] SELECT pre_cod_asig1,pre_cod_asig2,pre_cod_asig3,pre_cod_asig4,pre_cod_asig5,pre_cod_asig6,pre_cod_asig7 FROM tblaca009 WHERE pensum='5' AND c_uni_ca='3' AND c_asigna='311827' [1][0] OK
C:[14/04/2015 18:12:40.16][172.16.4.254][1585] SELECT c_asigna FROM dace004 WHERE exp_e='09-18476070' AND c_asigna='311704' AND status IN ('0','3','B') [1][0] OK
C:[14/04/2015 18:12:41.82][172.16.4.254][1616] SELECT par_cod_asig1,par_cod_asig2,par_cod_asig3 FROM tblaca009 WHERE pensum='5' AND c_uni_ca='3' AND c_asigna='311799' [1][0] OK
C:[14/04/2015 18:12:41.82][172.16.4.254][1616] SELECT par_cod_asig1,par_cod_asig2,par_cod_asig3 FROM tblaca009 WHERE pensum='5' AND c_uni_ca='3' AND c_asigna='311824' [1][0] OK
C:[14/04/2015 18:12:41.82][172.16.4.254][1616] SELECT par_cod_asig1,par_cod_asig2,par_cod_asig3 FROM tblaca009 WHERE pensum='5' AND c_uni_ca='3' AND c_asigna='311775' [1][0] OK
C:[14/04/2015 18:12:41.82][172.16.4.254][1616] SELECT par_cod_asig1,par_cod_asig2,par_cod_asig3 FROM tblaca009 WHERE pensum='5' AND c_uni_ca='3' AND c_asigna='311795' [1][0] OK
C:[14/04/2015 18:12:41.82][172.16.4.254][1616] SELECT par_cod_asig1,par_cod_asig2,par_cod_asig3 FROM tblaca009 WHERE pensum='5' AND c_uni_ca='3' AND c_asigna='311827' [1][0] OK
C:[14/04/2015 18:17:34.38][172.16.4.254][1572] SELECT pre_cod_asig1,pre_cod_asig2,pre_cod_asig3,pre_cod_asig4,pre_cod_asig5,pre_cod_asig6,pre_cod_asig7 FROM tblaca009 WHERE pensum='5' AND c_uni_ca='3' AND c_asigna='311799' [1][0] OK
C:[14/04/2015 18:17:34.38][172.16.4.254][1585] SELECT c_asigna FROM dace004 WHERE exp_e='05-18248843' AND c_asigna='311673' AND status IN ('0','3','B') [1][0] OK
C:[14/04/2015 18:17:34.38][172.16.4.254][1572] SELECT pre_cod_asig1,pre_cod_asig2,pre_cod_asig3,pre_cod_asig4,pre_cod_asig5,pre_cod_asig6,pre_cod_asig7 FROM tblaca009 WHERE pensum='5' AND c_uni_ca='3' AND c_asigna='311704' [1][0] OK
C:[14/04/2015 18:17:34.38][172.16.4.254][1585] SELECT c_asigna FROM dace004 WHERE exp_e='05-18248843' AND c_asigna='315671' AND status IN ('0','3','B') [1][0] OK
C:[14/04/2015 18:17:34.38][172.16.4.254][1572] SELECT pre_cod_asig1,pre_cod_asig2,pre_cod_asig3,pre_cod_asig4,pre_cod_asig5,pre_cod_asig6,pre_cod_asig7 FROM tblaca009 WHERE pensum='5' AND c_uni_ca='3' AND c_asigna='311775' [1][0] OK
C:[14/04/2015 18:17:34.38][172.16.4.254][1585] SELECT c_asigna FROM dace004 WHERE exp_e='05-18248843' AND c_asigna='311655' AND status IN ('0','3','B') [1][0] OK
C:[14/04/2015 18:17:34.38][172.16.4.254][1572] SELECT pre_cod_asig1,pre_cod_asig2,pre_cod_asig3,pre_cod_asig4,pre_cod_asig5,pre_cod_asig6,pre_cod_asig7 FROM tblaca009 WHERE pensum='5' AND c_uni_ca='3' AND c_asigna='311795' [1][0] OK
C:[14/04/2015 18:17:34.38][172.16.4.254][1585] SELECT c_asigna FROM dace004 WHERE exp_e='05-18248843' AND c_asigna='311674' AND status IN ('0','3','B') [1][0] OK
C:[14/04/2015 18:17:34.38][172.16.4.254][1585] SELECT c_asigna FROM dace004 WHERE exp_e='05-18248843' AND c_asigna='311673' AND status IN ('0','3','B') [1][0] OK
C:[14/04/2015 18:17:34.38][172.16.4.254][1572] SELECT pre_cod_asig1,pre_cod_asig2,pre_cod_asig3,pre_cod_asig4,pre_cod_asig5,pre_cod_asig6,pre_cod_asig7 FROM tblaca009 WHERE pensum='5' AND c_uni_ca='3' AND c_asigna='311796' [1][0] OK
C:[14/04/2015 18:17:34.38][172.16.4.254][1585] SELECT c_asigna FROM dace004 WHERE exp_e='05-18248843' AND c_asigna='315671' AND status IN ('0','3','B') [1][0] OK
C:[14/04/2015 18:17:34.75][172.16.4.254][1616] SELECT par_cod_asig1,par_cod_asig2,par_cod_asig3 FROM tblaca009 WHERE pensum='5' AND c_uni_ca='3' AND c_asigna='311799' [1][0] OK
C:[14/04/2015 18:17:34.75][172.16.4.254][1616] SELECT par_cod_asig1,par_cod_asig2,par_cod_asig3 FROM tblaca009 WHERE pensum='5' AND c_uni_ca='3' AND c_asigna='311704' [1][0] OK
C:[14/04/2015 18:17:34.75][172.16.4.254][1616] SELECT par_cod_asig1,par_cod_asig2,par_cod_asig3 FROM tblaca009 WHERE pensum='5' AND c_uni_ca='3' AND c_asigna='311775' [1][0] OK
C:[14/04/2015 18:17:34.75][172.16.4.254][1616] SELECT par_cod_asig1,par_cod_asig2,par_cod_asig3 FROM tblaca009 WHERE pensum='5' AND c_uni_ca='3' AND c_asigna='311795' [1][0] OK
C:[14/04/2015 18:17:34.75][172.16.4.254][1616] SELECT par_cod_asig1,par_cod_asig2,par_cod_asig3 FROM tblaca009 WHERE pensum='5' AND c_uni_ca='3' AND c_asigna='311796' [1][0] OK
C:[14/04/2015 18:35:12.00][172.16.4.254][1572] SELECT pre_cod_asig1,pre_cod_asig2,pre_cod_asig3,pre_cod_asig4,pre_cod_asig5,pre_cod_asig6,pre_cod_asig7 FROM tblaca009 WHERE pensum='5' AND c_uni_ca='3' AND c_asigna='315671' [1][0] OK
C:[14/04/2015 18:35:12.00][172.16.4.254][1585] SELECT c_asigna FROM dace004 WHERE exp_e='06-16613925' AND c_asigna='315552' AND status IN ('0','3','B') [1][0] OK
C:[14/04/2015 18:35:12.00][172.16.4.254][1572] SELECT pre_cod_asig1,pre_cod_asig2,pre_cod_asig3,pre_cod_asig4,pre_cod_asig5,pre_cod_asig6,pre_cod_asig7 FROM tblaca009 WHERE pensum='5' AND c_uni_ca='3' AND c_asigna='311775' [1][0] OK
C:[14/04/2015 18:35:12.00][172.16.4.254][1585] SELECT c_asigna FROM dace004 WHERE exp_e='06-16613925' AND c_asigna='311655' AND status IN ('0','3','B') [1][0] OK
C:[14/04/2015 18:35:12.00][172.16.4.254][1572] SELECT pre_cod_asig1,pre_cod_asig2,pre_cod_asig3,pre_cod_asig4,pre_cod_asig5,pre_cod_asig6,pre_cod_asig7 FROM tblaca009 WHERE pensum='5' AND c_uni_ca='3' AND c_asigna='311799' [1][0] OK
C:[14/04/2015 18:35:12.00][172.16.4.254][1585] SELECT c_asigna FROM dace004 WHERE exp_e='06-16613925' AND c_asigna='311673' AND status IN ('0','3','B') [1][0] OK
C:[14/04/2015 18:35:12.88][172.16.4.254][1616] SELECT par_cod_asig1,par_cod_asig2,par_cod_asig3 FROM tblaca009 WHERE pensum='5' AND c_uni_ca='3' AND c_asigna='315671' [1][0] OK
C:[14/04/2015 18:35:12.88][172.16.4.254][1616] SELECT par_cod_asig1,par_cod_asig2,par_cod_asig3 FROM tblaca009 WHERE pensum='5' AND c_uni_ca='3' AND c_asigna='311775' [1][0] OK
C:[14/04/2015 18:35:12.88][172.16.4.254][1616] SELECT par_cod_asig1,par_cod_asig2,par_cod_asig3 FROM tblaca009 WHERE pensum='5' AND c_uni_ca='3' AND c_asigna='311799' [1][0] OK
C:[15/04/2015 09:30:46.60][172.16.4.254][1572] SELECT pre_cod_asig1,pre_cod_asig2,pre_cod_asig3,pre_cod_asig4,pre_cod_asig5,pre_cod_asig6,pre_cod_asig7 FROM tblaca009 WHERE pensum='5' AND c_uni_ca='5' AND c_asigna='355595' [1][0] OK
C:[15/04/2015 09:30:46.60][172.16.4.254][1585] SELECT c_asigna FROM dace004 WHERE exp_e='10-20701820' AND c_asigna='351451' AND status IN ('0','3','B') [1][0] OK
C:[15/04/2015 09:30:46.60][172.16.4.254][1585] SELECT c_asigna FROM dace004 WHERE exp_e='10-20701820' AND c_asigna='355350' AND status IN ('0','3','B') [1][0] OK
C:[15/04/2015 09:30:46.60][172.16.4.254][1585] SELECT c_asigna FROM dace004 WHERE exp_e='10-20701820' AND c_asigna='300318' AND status IN ('0','3','B') [1][0] OK
C:[15/04/2015 09:30:46.60][172.16.4.254][1572] SELECT pre_cod_asig1,pre_cod_asig2,pre_cod_asig3,pre_cod_asig4,pre_cod_asig5,pre_cod_asig6,pre_cod_asig7 FROM tblaca009 WHERE pensum='5' AND c_uni_ca='5' AND c_asigna='355693' [1][0] OK
C:[15/04/2015 09:30:46.60][172.16.4.254][1585] SELECT c_asigna FROM dace004 WHERE exp_e='10-20701820' AND c_asigna='355572' AND status IN ('0','3','B') [1][0] OK
C:[15/04/2015 09:30:46.60][172.16.4.254][1585] SELECT c_asigna FROM dace004 WHERE exp_e='10-20701820' AND c_asigna='352440' AND status IN ('0','3','B') [1][0] OK
C:[15/04/2015 09:30:46.60][172.16.4.254][1585] SELECT c_asigna FROM dace004 WHERE exp_e='10-20701820' AND c_asigna='355573' AND status IN ('0','3','B') [1][0] OK
C:[15/04/2015 09:30:46.60][172.16.4.254][1585] SELECT c_asigna FROM dace004 WHERE exp_e='10-20701820' AND c_asigna='300226' AND status IN ('0','3','B') [1][0] OK
C:[15/04/2015 09:30:46.60][172.16.4.254][1585] SELECT c_asigna FROM dace004 WHERE exp_e='10-20701820' AND c_asigna='300222' AND status IN ('0','3','B') [1][0] OK
C:[15/04/2015 09:30:46.60][172.16.4.254][1585] SELECT c_asigna FROM dace004 WHERE exp_e='10-20701820' AND c_asigna='300013' AND status IN ('0','3','B') [1][0] OK
C:[15/04/2015 09:30:46.60][172.16.4.254][1585] SELECT c_asigna FROM dace004 WHERE exp_e='10-20701820' AND c_asigna='300113' AND status IN ('0','3','B') [1][0] OK
C:[15/04/2015 09:30:46.60][172.16.4.254][1572] SELECT pre_cod_asig1,pre_cod_asig2,pre_cod_asig3,pre_cod_asig4,pre_cod_asig5,pre_cod_asig6,pre_cod_asig7 FROM tblaca009 WHERE pensum='5' AND c_uni_ca='5' AND c_asigna='355570' [1][0] OK
C:[15/04/2015 09:30:46.60][172.16.4.254][1585] SELECT c_asigna FROM dace004 WHERE exp_e='10-20701820' AND c_asigna='355447' AND status IN ('0','3','B') [1][0] OK
C:[15/04/2015 09:30:46.60][172.16.4.254][1572] SELECT pre_cod_asig1,pre_cod_asig2,pre_cod_asig3,pre_cod_asig4,pre_cod_asig5,pre_cod_asig6,pre_cod_asig7 FROM tblaca009 WHERE pensum='5' AND c_uni_ca='5' AND c_asigna='355691' [1][0] OK
C:[15/04/2015 09:30:46.60][172.16.4.254][1585] SELECT c_asigna FROM dace004 WHERE exp_e='10-20701820' AND c_asigna='355571' AND status IN ('0','3','B') [1][0] OK
C:[15/04/2015 09:30:46.60][172.16.4.254][1572] SELECT pre_cod_asig1,pre_cod_asig2,pre_cod_asig3,pre_cod_asig4,pre_cod_asig5,pre_cod_asig6,pre_cod_asig7 FROM tblaca009 WHERE pensum='5' AND c_uni_ca='5' AND c_asigna='355694' [1][0] OK
C:[15/04/2015 09:30:46.60][172.16.4.254][1585] SELECT c_asigna FROM dace004 WHERE exp_e='10-20701820' AND c_asigna='355572' AND status IN ('0','3','B') [1][0] OK
C:[15/04/2015 09:30:46.60][172.16.4.254][1585] SELECT c_asigna FROM dace004 WHERE exp_e='10-20701820' AND c_asigna='355571' AND status IN ('0','3','B') [1][0] OK
C:[15/04/2015 09:30:47.24][172.16.4.254][1616] SELECT par_cod_asig1,par_cod_asig2,par_cod_asig3 FROM tblaca009 WHERE pensum='5' AND c_uni_ca='5' AND c_asigna='355595' [1][0] OK
C:[15/04/2015 09:30:47.24][172.16.4.254][1616] SELECT par_cod_asig1,par_cod_asig2,par_cod_asig3 FROM tblaca009 WHERE pensum='5' AND c_uni_ca='5' AND c_asigna='355693' [1][0] OK
C:[15/04/2015 09:30:47.24][172.16.4.254][1616] SELECT par_cod_asig1,par_cod_asig2,par_cod_asig3 FROM tblaca009 WHERE pensum='5' AND c_uni_ca='5' AND c_asigna='355570' [1][0] OK
C:[15/04/2015 09:30:47.24][172.16.4.254][1616] SELECT par_cod_asig1,par_cod_asig2,par_cod_asig3 FROM tblaca009 WHERE pensum='5' AND c_uni_ca='5' AND c_asigna='355691' [1][0] OK
C:[15/04/2015 09:30:47.24][172.16.4.254][1616] SELECT par_cod_asig1,par_cod_asig2,par_cod_asig3 FROM tblaca009 WHERE pensum='5' AND c_uni_ca='5' AND c_asigna='355694' [1][0] OK
C:[16/04/2015 10:32:47.46][172.16.4.254][1572] SELECT pre_cod_asig1,pre_cod_asig2,pre_cod_asig3,pre_cod_asig4,pre_cod_asig5,pre_cod_asig6,pre_cod_asig7 FROM tblaca009 WHERE pensum='5' AND c_uni_ca='5' AND c_asigna='355838' [1][0] OK
C:[16/04/2015 10:32:47.46][172.16.4.254][1585] SELECT c_asigna FROM dace004 WHERE exp_e='09-22828498' AND c_asigna='355721' AND status IN ('0','3','B') [1][0] OK
C:[16/04/2015 10:32:47.46][172.16.4.254][1572] SELECT pre_cod_asig1,pre_cod_asig2,pre_cod_asig3,pre_cod_asig4,pre_cod_asig5,pre_cod_asig6,pre_cod_asig7 FROM tblaca009 WHERE pensum='5' AND c_uni_ca='5' AND c_asigna='300677' [1][0] OK
C:[16/04/2015 10:32:47.46][172.16.4.254][1572] SELECT pre_cod_asig1,pre_cod_asig2,pre_cod_asig3,pre_cod_asig4,pre_cod_asig5,pre_cod_asig6,pre_cod_asig7 FROM tblaca009 WHERE pensum='5' AND c_uni_ca='5' AND c_asigna='355839' [1][0] OK
C:[16/04/2015 10:32:47.46][172.16.4.254][1585] SELECT c_asigna FROM dace004 WHERE exp_e='09-22828498' AND c_asigna='355725' AND status IN ('0','3','B') [1][0] OK
C:[16/04/2015 10:32:47.46][172.16.4.254][1585] SELECT c_asigna FROM dace004 WHERE exp_e='09-22828498' AND c_asigna='355692' AND status IN ('0','3','B') [1][0] OK
C:[16/04/2015 10:32:47.46][172.16.4.254][1572] SELECT pre_cod_asig1,pre_cod_asig2,pre_cod_asig3,pre_cod_asig4,pre_cod_asig5,pre_cod_asig6,pre_cod_asig7 FROM tblaca009 WHERE pensum='5' AND c_uni_ca='5' AND c_asigna='355947' [1][0] OK
C:[16/04/2015 10:32:47.46][172.16.4.254][1585] SELECT c_asigna FROM dace004 WHERE exp_e='09-22828498' AND c_asigna='355724' AND status IN ('0','3','B') [1][0] OK
C:[16/04/2015 10:32:47.46][172.16.4.254][1572] SELECT pre_cod_asig1,pre_cod_asig2,pre_cod_asig3,pre_cod_asig4,pre_cod_asig5,pre_cod_asig6,pre_cod_asig7 FROM tblaca009 WHERE pensum='5' AND c_uni_ca='5' AND c_asigna='355722' [1][0] OK
C:[16/04/2015 10:32:47.46][172.16.4.254][1585] SELECT c_asigna FROM dace004 WHERE exp_e='09-22828498' AND c_asigna='355691' AND status IN ('0','3','B') [1][0] OK
C:[16/04/2015 10:32:47.46][172.16.4.254][1585] SELECT c_asigna FROM dace004 WHERE exp_e='09-22828498' AND c_asigna='355595' AND status IN ('0','3','B') [1][0] OK
C:[16/04/2015 10:32:48.98][172.16.4.254][1616] SELECT par_cod_asig1,par_cod_asig2,par_cod_asig3 FROM tblaca009 WHERE pensum='5' AND c_uni_ca='5' AND c_asigna='355838' [1][0] OK
C:[16/04/2015 10:32:48.98][172.16.4.254][1616] SELECT par_cod_asig1,par_cod_asig2,par_cod_asig3 FROM tblaca009 WHERE pensum='5' AND c_uni_ca='5' AND c_asigna='300677' [1][0] OK
C:[16/04/2015 10:32:48.98][172.16.4.254][1616] SELECT par_cod_asig1,par_cod_asig2,par_cod_asig3 FROM tblaca009 WHERE pensum='5' AND c_uni_ca='5' AND c_asigna='355839' [1][0] OK
C:[16/04/2015 10:32:48.98][172.16.4.254][1616] SELECT par_cod_asig1,par_cod_asig2,par_cod_asig3 FROM tblaca009 WHERE pensum='5' AND c_uni_ca='5' AND c_asigna='355947' [1][0] OK
C:[16/04/2015 10:32:48.98][172.16.4.254][1616] SELECT par_cod_asig1,par_cod_asig2,par_cod_asig3 FROM tblaca009 WHERE pensum='5' AND c_uni_ca='5' AND c_asigna='355722' [1][0] OK
C:[16/04/2015 13:37:25.09][172.16.4.254][1572] SELECT pre_cod_asig1,pre_cod_asig2,pre_cod_asig3,pre_cod_asig4,pre_cod_asig5,pre_cod_asig6,pre_cod_asig7 FROM tblaca009 WHERE pensum='5' AND c_uni_ca='6' AND c_asigna='300422' [1][0] OK
C:[16/04/2015 13:37:25.09][172.16.4.254][1585] SELECT c_asigna FROM dace004 WHERE exp_e='01-14505820' AND c_asigna='300105' AND status IN ('0','3','B') [1][0] OK
C:[16/04/2015 13:37:25.09][172.16.4.254][1585] SELECT c_asigna FROM dace004 WHERE exp_e='01-14505820' AND c_asigna='300314' AND status IN ('0','3','B') [1][0] OK
C:[16/04/2015 13:37:25.09][172.16.4.254][1572] SELECT pre_cod_asig1,pre_cod_asig2,pre_cod_asig3,pre_cod_asig4,pre_cod_asig5,pre_cod_asig6,pre_cod_asig7 FROM tblaca009 WHERE pensum='5' AND c_uni_ca='6' AND c_asigna='311561' [1][0] OK
C:[16/04/2015 13:37:25.09][172.16.4.254][1585] SELECT c_asigna FROM dace004 WHERE exp_e='01-14505820' AND c_asigna='300318' AND status IN ('0','3','B') [1][0] OK
C:[16/04/2015 13:37:25.09][172.16.4.254][1572] SELECT pre_cod_asig1,pre_cod_asig2,pre_cod_asig3,pre_cod_asig4,pre_cod_asig5,pre_cod_asig6,pre_cod_asig7 FROM tblaca009 WHERE pensum='5' AND c_uni_ca='6' AND c_asigna='344566' [1][0] OK
C:[16/04/2015 13:37:25.09][172.16.4.254][1585] SELECT c_asigna FROM dace004 WHERE exp_e='01-14505820' AND c_asigna='344446' AND status IN ('0','3','B') [1][0] OK
C:[16/04/2015 13:37:25.09][172.16.4.254][1585] SELECT c_asigna FROM dace004 WHERE exp_e='01-14505820' AND c_asigna='300428' AND status IN ('0','3','B') [1][0] OK
C:[16/04/2015 13:37:25.09][172.16.4.254][1585] SELECT c_asigna FROM dace004 WHERE exp_e='01-14505820' AND c_asigna='300209' AND status IN ('0','3','B') [1][0] OK
C:[16/04/2015 13:37:25.09][172.16.4.254][1585] SELECT c_asigna FROM dace004 WHERE exp_e='01-14505820' AND c_asigna='300222' AND status IN ('0','3','B') [1][0] OK
C:[16/04/2015 13:37:25.09][172.16.4.254][1585] SELECT c_asigna FROM dace004 WHERE exp_e='01-14505820' AND c_asigna='300226' AND status IN ('0','3','B') [1][0] OK
C:[16/04/2015 13:37:25.09][172.16.4.254][1585] SELECT c_asigna FROM dace004 WHERE exp_e='01-14505820' AND c_asigna='300317' AND status IN ('0','3','B') [1][0] OK
C:[16/04/2015 13:37:25.09][172.16.4.254][1585] SELECT c_asigna FROM dace004 WHERE exp_e='01-14505820' AND c_asigna='300313' AND status IN ('0','3','B') [1][0] OK
C:[16/04/2015 13:37:25.09][172.16.4.254][1572] SELECT pre_cod_asig1,pre_cod_asig2,pre_cod_asig3,pre_cod_asig4,pre_cod_asig5,pre_cod_asig6,pre_cod_asig7 FROM tblaca009 WHERE pensum='5' AND c_uni_ca='6' AND c_asigna='342436' [1][0] OK
C:[16/04/2015 13:37:25.09][172.16.4.254][1585] SELECT c_asigna FROM dace004 WHERE exp_e='01-14505820' AND c_asigna='300318' AND status IN ('0','3','B') [1][0] OK
C:[16/04/2015 13:37:25.09][172.16.4.254][1585] SELECT c_asigna FROM dace004 WHERE exp_e='01-14505820' AND c_asigna='300317' AND status IN ('0','3','B') [1][0] OK
C:[16/04/2015 13:37:25.09][172.16.4.254][1572] SELECT pre_cod_asig1,pre_cod_asig2,pre_cod_asig3,pre_cod_asig4,pre_cod_asig5,pre_cod_asig6,pre_cod_asig7 FROM tblaca009 WHERE pensum='5' AND c_uni_ca='6' AND c_asigna='342444' [1][0] OK
C:[16/04/2015 13:37:25.09][172.16.4.254][1585] SELECT c_asigna FROM dace004 WHERE exp_e='01-14505820' AND c_asigna='340323' AND status IN ('0','3','B') [1][0] OK
C:[16/04/2015 13:37:25.09][172.16.4.254][1572] SELECT pre_cod_asig1,pre_cod_asig2,pre_cod_asig3,pre_cod_asig4,pre_cod_asig5,pre_cod_asig6,pre_cod_asig7 FROM tblaca009 WHERE pensum='5' AND c_uni_ca='6' AND c_asigna='343568' [1][0] OK
C:[16/04/2015 13:37:25.09][172.16.4.254][1585] SELECT c_asigna FROM dace004 WHERE exp_e='01-14505820' AND c_asigna='340327' AND status IN ('0','3','B') [1][0] OK
C:[16/04/2015 13:37:26.72][172.16.4.254][1616] SELECT par_cod_asig1,par_cod_asig2,par_cod_asig3 FROM tblaca009 WHERE pensum='5' AND c_uni_ca='6' AND c_asigna='300422' [1][0] OK
C:[16/04/2015 13:37:26.72][172.16.4.254][1616] SELECT par_cod_asig1,par_cod_asig2,par_cod_asig3 FROM tblaca009 WHERE pensum='5' AND c_uni_ca='6' AND c_asigna='311561' [1][0] OK
C:[16/04/2015 13:37:26.72][172.16.4.254][1616] SELECT par_cod_asig1,par_cod_asig2,par_cod_asig3 FROM tblaca009 WHERE pensum='5' AND c_uni_ca='6' AND c_asigna='344566' [1][0] OK
C:[16/04/2015 13:37:26.72][172.16.4.254][1616] SELECT par_cod_asig1,par_cod_asig2,par_cod_asig3 FROM tblaca009 WHERE pensum='5' AND c_uni_ca='6' AND c_asigna='342436' [1][0] OK
C:[16/04/2015 13:37:26.72][172.16.4.254][1616] SELECT par_cod_asig1,par_cod_asig2,par_cod_asig3 FROM tblaca009 WHERE pensum='5' AND c_uni_ca='6' AND c_asigna='342444' [1][0] OK
C:[16/04/2015 13:37:26.72][172.16.4.254][1616] SELECT par_cod_asig1,par_cod_asig2,par_cod_asig3 FROM tblaca009 WHERE pensum='5' AND c_uni_ca='6' AND c_asigna='343568' [1][0] OK
C:[20/04/2015 10:01:35.74][172.16.4.254][1572] SELECT pre_cod_asig1,pre_cod_asig2,pre_cod_asig3,pre_cod_asig4,pre_cod_asig5,pre_cod_asig6,pre_cod_asig7 FROM tblaca009 WHERE pensum='5' AND c_uni_ca='6' AND c_asigna='344951' [1][0] OK
C:[20/04/2015 10:01:35.74][172.16.4.254][1585] SELECT c_asigna FROM dace004 WHERE exp_e='08-20702007' AND c_asigna='344689' AND status IN ('0','3','B') [1][0] OK
C:[20/04/2015 10:01:35.74][172.16.4.254][1585] SELECT c_asigna FROM dace004 WHERE exp_e='08-20702007' AND c_asigna='344687' AND status IN ('0','3','B') [1][0] OK
C:[20/04/2015 10:01:35.74][172.16.4.254][1572] SELECT pre_cod_asig1,pre_cod_asig2,pre_cod_asig3,pre_cod_asig4,pre_cod_asig5,pre_cod_asig6,pre_cod_asig7 FROM tblaca009 WHERE pensum='5' AND c_uni_ca='6' AND c_asigna='300676' [1][0] OK
C:[20/04/2015 10:01:35.74][172.16.4.254][1572] SELECT pre_cod_asig1,pre_cod_asig2,pre_cod_asig3,pre_cod_asig4,pre_cod_asig5,pre_cod_asig6,pre_cod_asig7 FROM tblaca009 WHERE pensum='5' AND c_uni_ca='6' AND c_asigna='344733' [1][0] OK
C:[20/04/2015 10:01:35.74][172.16.4.254][1572] SELECT pre_cod_asig1,pre_cod_asig2,pre_cod_asig3,pre_cod_asig4,pre_cod_asig5,pre_cod_asig6,pre_cod_asig7 FROM tblaca009 WHERE pensum='5' AND c_uni_ca='6' AND c_asigna='344812' [1][0] OK
C:[20/04/2015 10:01:35.74][172.16.4.254][1585] SELECT c_asigna FROM dace004 WHERE exp_e='08-20702007' AND c_asigna='344715' AND status IN ('0','3','B') [1][0] OK
C:[20/04/2015 10:01:35.74][172.16.4.254][1585] SELECT c_asigna FROM dace004 WHERE exp_e='08-20702007' AND c_asigna='344742' AND status IN ('0','3','B') [1][0] OK
C:[20/04/2015 10:01:35.74][172.16.4.254][1572] SELECT pre_cod_asig1,pre_cod_asig2,pre_cod_asig3,pre_cod_asig4,pre_cod_asig5,pre_cod_asig6,pre_cod_asig7 FROM tblaca009 WHERE pensum='5' AND c_uni_ca='6' AND c_asigna='344834' [1][0] OK
C:[20/04/2015 10:01:35.74][172.16.4.254][1585] SELECT c_asigna FROM dace004 WHERE exp_e='08-20702007' AND c_asigna='344715' AND status IN ('0','3','B') [1][0] OK
C:[20/04/2015 10:01:35.74][172.16.4.254][1585] SELECT c_asigna FROM dace004 WHERE exp_e='08-20702007' AND c_asigna='344716' AND status IN ('0','3','B') [1][0] OK
C:[20/04/2015 10:01:35.74][172.16.4.254][1572] SELECT pre_cod_asig1,pre_cod_asig2,pre_cod_asig3,pre_cod_asig4,pre_cod_asig5,pre_cod_asig6,pre_cod_asig7 FROM tblaca009 WHERE pensum='5' AND c_uni_ca='6' AND c_asigna='344843' [1][0] OK
C:[20/04/2015 10:01:35.74][172.16.4.254][1585] SELECT c_asigna FROM dace004 WHERE exp_e='08-20702007' AND c_asigna='344714' AND status IN ('0','3','B') [1][0] OK
C:[20/04/2015 10:01:35.74][172.16.4.254][1585] SELECT c_asigna FROM dace004 WHERE exp_e='08-20702007' AND c_asigna='344715' AND status IN ('0','3','B') [1][0] OK
C:[20/04/2015 10:01:35.74][172.16.4.254][1585] SELECT c_asigna FROM dace004 WHERE exp_e='08-20702007' AND c_asigna='300313' AND status IN ('0','3','B') [1][0] OK
C:[20/04/2015 10:01:35.74][172.16.4.254][1572] SELECT pre_cod_asig1,pre_cod_asig2,pre_cod_asig3,pre_cod_asig4,pre_cod_asig5,pre_cod_asig6,pre_cod_asig7 FROM tblaca009 WHERE pensum='5' AND c_uni_ca='6' AND c_asigna='344965' [1][0] OK
C:[20/04/2015 10:01:35.74][172.16.4.254][1585] SELECT c_asigna FROM dace004 WHERE exp_e='08-20702007' AND c_asigna='344714' AND status IN ('0','3','B') [1][0] OK
C:[20/04/2015 10:01:35.43][172.16.4.254][1616] SELECT par_cod_asig1,par_cod_asig2,par_cod_asig3 FROM tblaca009 WHERE pensum='5' AND c_uni_ca='6' AND c_asigna='344951' [1][0] OK
C:[20/04/2015 10:01:35.43][172.16.4.254][1616] SELECT par_cod_asig1,par_cod_asig2,par_cod_asig3 FROM tblaca009 WHERE pensum='5' AND c_uni_ca='6' AND c_asigna='300676' [1][0] OK
C:[20/04/2015 10:01:35.43][172.16.4.254][1616] SELECT par_cod_asig1,par_cod_asig2,par_cod_asig3 FROM tblaca009 WHERE pensum='5' AND c_uni_ca='6' AND c_asigna='344733' [1][0] OK
C:[20/04/2015 10:01:35.43][172.16.4.254][1616] SELECT par_cod_asig1,par_cod_asig2,par_cod_asig3 FROM tblaca009 WHERE pensum='5' AND c_uni_ca='6' AND c_asigna='344812' [1][0] OK
C:[20/04/2015 10:01:35.43][172.16.4.254][1616] SELECT par_cod_asig1,par_cod_asig2,par_cod_asig3 FROM tblaca009 WHERE pensum='5' AND c_uni_ca='6' AND c_asigna='344834' [1][0] OK
C:[20/04/2015 10:01:35.43][172.16.4.254][1616] SELECT par_cod_asig1,par_cod_asig2,par_cod_asig3 FROM tblaca009 WHERE pensum='5' AND c_uni_ca='6' AND c_asigna='344843' [1][0] OK
C:[20/04/2015 10:01:35.43][172.16.4.254][1616] SELECT par_cod_asig1,par_cod_asig2,par_cod_asig3 FROM tblaca009 WHERE pensum='5' AND c_uni_ca='6' AND c_asigna='344965' [1][0] OK
C:[20/04/2015 10:24:36.43][172.16.4.245][1572] SELECT pre_cod_asig1,pre_cod_asig2,pre_cod_asig3,pre_cod_asig4,pre_cod_asig5,pre_cod_asig6,pre_cod_asig7 FROM tblaca009 WHERE pensum='5' AND c_uni_ca='4' AND c_asigna='300013' [1][0] OK
C:[20/04/2015 10:24:36.43][172.16.4.245][1572] SELECT pre_cod_asig1,pre_cod_asig2,pre_cod_asig3,pre_cod_asig4,pre_cod_asig5,pre_cod_asig6,pre_cod_asig7 FROM tblaca009 WHERE pensum='5' AND c_uni_ca='4' AND c_asigna='300112' [1][0] OK
C:[20/04/2015 10:24:36.43][172.16.4.245][1572] SELECT pre_cod_asig1,pre_cod_asig2,pre_cod_asig3,pre_cod_asig4,pre_cod_asig5,pre_cod_asig6,pre_cod_asig7 FROM tblaca009 WHERE pensum='5' AND c_uni_ca='4' AND c_asigna='300116' [1][0] OK
C:[20/04/2015 10:24:36.43][172.16.4.245][1572] SELECT pre_cod_asig1,pre_cod_asig2,pre_cod_asig3,pre_cod_asig4,pre_cod_asig5,pre_cod_asig6,pre_cod_asig7 FROM tblaca009 WHERE pensum='5' AND c_uni_ca='4' AND c_asigna='300207' [1][0] OK
C:[20/04/2015 10:24:36.43][172.16.4.245][1585] SELECT c_asigna FROM dace004 WHERE exp_e='14-26625544' AND c_asigna='300101' AND status IN ('0','3','B') [1][0] OK
C:[20/04/2015 10:24:37.06][172.16.4.245][1616] SELECT par_cod_asig1,par_cod_asig2,par_cod_asig3 FROM tblaca009 WHERE pensum='5' AND c_uni_ca='4' AND c_asigna='300013' [1][0] OK
C:[20/04/2015 10:24:37.06][172.16.4.245][1616] SELECT par_cod_asig1,par_cod_asig2,par_cod_asig3 FROM tblaca009 WHERE pensum='5' AND c_uni_ca='4' AND c_asigna='300112' [1][0] OK
C:[20/04/2015 10:24:37.06][172.16.4.245][1616] SELECT par_cod_asig1,par_cod_asig2,par_cod_asig3 FROM tblaca009 WHERE pensum='5' AND c_uni_ca='4' AND c_asigna='300116' [1][0] OK
C:[20/04/2015 10:24:37.06][172.16.4.245][1616] SELECT par_cod_asig1,par_cod_asig2,par_cod_asig3 FROM tblaca009 WHERE pensum='5' AND c_uni_ca='4' AND c_asigna='300207' [1][0] OK
C:[20/04/2015 10:24:37.56][172.16.4.245][1687] SELECT c_asigna FROM tblaca009 WHERE pensum='5' AND c_uni_ca='4' AND ((par_cod_asig1='300209') OR (par_cod_asig2='300209') OR (par_cod_asig3='300209'))  [1][0] OK
C:[20/04/2015 10:24:37.56][172.16.4.245][1699] SELECT c_asigna FROM dace004 WHERE exp_e='14-26625544' AND c_asigna='300213' AND status IN ('0','3','B') [0][0] OK
C:[20/04/2015 10:25:53.39][172.16.4.245][1572] SELECT pre_cod_asig1,pre_cod_asig2,pre_cod_asig3,pre_cod_asig4,pre_cod_asig5,pre_cod_asig6,pre_cod_asig7 FROM tblaca009 WHERE pensum='5' AND c_uni_ca='4' AND c_asigna='300209' [1][0] OK
C:[20/04/2015 10:25:53.39][172.16.4.245][1585] SELECT c_asigna FROM dace004 WHERE exp_e='14-26625544' AND c_asigna='300101' AND status IN ('0','3','B') [1][0] OK
C:[20/04/2015 10:25:53.39][172.16.4.245][1572] SELECT pre_cod_asig1,pre_cod_asig2,pre_cod_asig3,pre_cod_asig4,pre_cod_asig5,pre_cod_asig6,pre_cod_asig7 FROM tblaca009 WHERE pensum='5' AND c_uni_ca='4' AND c_asigna='300013' [1][0] OK
C:[20/04/2015 10:25:53.39][172.16.4.245][1572] SELECT pre_cod_asig1,pre_cod_asig2,pre_cod_asig3,pre_cod_asig4,pre_cod_asig5,pre_cod_asig6,pre_cod_asig7 FROM tblaca009 WHERE pensum='5' AND c_uni_ca='4' AND c_asigna='300112' [1][0] OK
C:[20/04/2015 10:25:53.39][172.16.4.245][1572] SELECT pre_cod_asig1,pre_cod_asig2,pre_cod_asig3,pre_cod_asig4,pre_cod_asig5,pre_cod_asig6,pre_cod_asig7 FROM tblaca009 WHERE pensum='5' AND c_uni_ca='4' AND c_asigna='300116' [1][0] OK
C:[20/04/2015 10:25:53.39][172.16.4.245][1572] SELECT pre_cod_asig1,pre_cod_asig2,pre_cod_asig3,pre_cod_asig4,pre_cod_asig5,pre_cod_asig6,pre_cod_asig7 FROM tblaca009 WHERE pensum='5' AND c_uni_ca='4' AND c_asigna='300207' [1][0] OK
C:[20/04/2015 10:25:53.39][172.16.4.245][1585] SELECT c_asigna FROM dace004 WHERE exp_e='14-26625544' AND c_asigna='300101' AND status IN ('0','3','B') [1][0] OK
C:[20/04/2015 10:25:53.29][172.16.4.245][1616] SELECT par_cod_asig1,par_cod_asig2,par_cod_asig3 FROM tblaca009 WHERE pensum='5' AND c_uni_ca='4' AND c_asigna='300209' [1][0] OK
C:[20/04/2015 10:25:53.29][172.16.4.245][1616] SELECT par_cod_asig1,par_cod_asig2,par_cod_asig3 FROM tblaca009 WHERE pensum='5' AND c_uni_ca='4' AND c_asigna='300013' [1][0] OK
C:[20/04/2015 10:25:53.29][172.16.4.245][1616] SELECT par_cod_asig1,par_cod_asig2,par_cod_asig3 FROM tblaca009 WHERE pensum='5' AND c_uni_ca='4' AND c_asigna='300112' [1][0] OK
C:[20/04/2015 10:25:53.29][172.16.4.245][1616] SELECT par_cod_asig1,par_cod_asig2,par_cod_asig3 FROM tblaca009 WHERE pensum='5' AND c_uni_ca='4' AND c_asigna='300116' [1][0] OK
C:[20/04/2015 10:25:53.29][172.16.4.245][1616] SELECT par_cod_asig1,par_cod_asig2,par_cod_asig3 FROM tblaca009 WHERE pensum='5' AND c_uni_ca='4' AND c_asigna='300207' [1][0] OK
C:[27/04/2015 08:50:15.23][172.16.3.68][1572] SELECT pre_cod_asig1,pre_cod_asig2,pre_cod_asig3,pre_cod_asig4,pre_cod_asig5,pre_cod_asig6,pre_cod_asig7 FROM tblaca009 WHERE pensum='5' AND c_uni_ca='4' AND c_asigna='300313' [1][0] OK
C:[27/04/2015 08:50:15.23][172.16.3.68][1585] SELECT c_asigna FROM dace004 WHERE exp_e='10-24792021' AND c_asigna='300213' AND status IN ('0','3','B') [1][0] OK
C:[27/04/2015 08:50:15.23][172.16.3.68][1585] SELECT c_asigna FROM dace004 WHERE exp_e='10-24792021' AND c_asigna='300226' AND status IN ('0','3','B') [1][0] OK
C:[27/04/2015 08:50:15.23][172.16.3.68][1585] SELECT c_asigna FROM dace004 WHERE exp_e='10-24792021' AND c_asigna='300222' AND status IN ('0','3','B') [1][0] OK
C:[27/04/2015 08:50:15.23][172.16.3.68][1585] SELECT c_asigna FROM dace004 WHERE exp_e='10-24792021' AND c_asigna='300209' AND status IN ('0','3','B') [1][0] OK
C:[27/04/2015 08:50:15.23][172.16.3.68][1572] SELECT pre_cod_asig1,pre_cod_asig2,pre_cod_asig3,pre_cod_asig4,pre_cod_asig5,pre_cod_asig6,pre_cod_asig7 FROM tblaca009 WHERE pensum='5' AND c_uni_ca='4' AND c_asigna='300318' [1][0] OK
C:[27/04/2015 08:50:15.23][172.16.3.68][1585] SELECT c_asigna FROM dace004 WHERE exp_e='10-24792021' AND c_asigna='300228' AND status IN ('0','3','B') [1][0] OK
C:[27/04/2015 08:50:15.23][172.16.3.68][1585] SELECT c_asigna FROM dace004 WHERE exp_e='10-24792021' AND c_asigna='300207' AND status IN ('0','3','B') [1][0] OK
C:[27/04/2015 08:50:15.23][172.16.3.68][1585] SELECT c_asigna FROM dace004 WHERE exp_e='10-24792021' AND c_asigna='300218' AND status IN ('0','3','B') [1][0] OK
C:[27/04/2015 08:50:15.23][172.16.3.68][1572] SELECT pre_cod_asig1,pre_cod_asig2,pre_cod_asig3,pre_cod_asig4,pre_cod_asig5,pre_cod_asig6,pre_cod_asig7 FROM tblaca009 WHERE pensum='5' AND c_uni_ca='4' AND c_asigna='300317' [1][0] OK
C:[27/04/2015 08:50:15.23][172.16.3.68][1585] SELECT c_asigna FROM dace004 WHERE exp_e='10-24792021' AND c_asigna='300207' AND status IN ('0','3','B') [1][0] OK
C:[27/04/2015 08:50:15.23][172.16.3.68][1585] SELECT c_asigna FROM dace004 WHERE exp_e='10-24792021' AND c_asigna='300209' AND status IN ('0','3','B') [1][0] OK
C:[27/04/2015 08:50:15.23][172.16.3.68][1572] SELECT pre_cod_asig1,pre_cod_asig2,pre_cod_asig3,pre_cod_asig4,pre_cod_asig5,pre_cod_asig6,pre_cod_asig7 FROM tblaca009 WHERE pensum='5' AND c_uni_ca='4' AND c_asigna='333442' [1][0] OK
C:[27/04/2015 08:50:15.23][172.16.3.68][1585] SELECT c_asigna FROM dace004 WHERE exp_e='10-24792021' AND c_asigna='330310' AND status IN ('0','3','B') [1][0] OK
C:[27/04/2015 08:50:15.23][172.16.3.68][1585] SELECT c_asigna FROM dace004 WHERE exp_e='10-24792021' AND c_asigna='333326' AND status IN ('0','3','B') [1][0] OK
C:[27/04/2015 08:50:16.10][172.16.3.68][1616] SELECT par_cod_asig1,par_cod_asig2,par_cod_asig3 FROM tblaca009 WHERE pensum='5' AND c_uni_ca='4' AND c_asigna='300313' [1][0] OK
C:[27/04/2015 08:50:16.10][172.16.3.68][1616] SELECT par_cod_asig1,par_cod_asig2,par_cod_asig3 FROM tblaca009 WHERE pensum='5' AND c_uni_ca='4' AND c_asigna='300318' [1][0] OK
C:[27/04/2015 08:50:16.10][172.16.3.68][1616] SELECT par_cod_asig1,par_cod_asig2,par_cod_asig3 FROM tblaca009 WHERE pensum='5' AND c_uni_ca='4' AND c_asigna='300317' [1][0] OK
C:[27/04/2015 08:50:16.10][172.16.3.68][1616] SELECT par_cod_asig1,par_cod_asig2,par_cod_asig3 FROM tblaca009 WHERE pensum='5' AND c_uni_ca='4' AND c_asigna='333442' [1][0] OK
C:[29/04/2015 14:31:39.67][172.16.4.254][1572] SELECT pre_cod_asig1,pre_cod_asig2,pre_cod_asig3,pre_cod_asig4,pre_cod_asig5,pre_cod_asig6,pre_cod_asig7 FROM tblaca009 WHERE pensum='5' AND c_uni_ca='2' AND c_asigna='300313' [1][0] OK
C:[29/04/2015 14:31:39.67][172.16.4.254][1585] SELECT c_asigna FROM dace004 WHERE exp_e='08-20504274' AND c_asigna='300213' AND status IN ('0','3','B') [1][0] OK
C:[29/04/2015 14:31:39.67][172.16.4.254][1585] SELECT c_asigna FROM dace004 WHERE exp_e='08-20504274' AND c_asigna='300226' AND status IN ('0','3','B') [1][0] OK
C:[29/04/2015 14:31:39.67][172.16.4.254][1585] SELECT c_asigna FROM dace004 WHERE exp_e='08-20504274' AND c_asigna='300209' AND status IN ('0','3','B') [1][0] OK
C:[29/04/2015 14:31:39.67][172.16.4.254][1572] SELECT pre_cod_asig1,pre_cod_asig2,pre_cod_asig3,pre_cod_asig4,pre_cod_asig5,pre_cod_asig6,pre_cod_asig7 FROM tblaca009 WHERE pensum='5' AND c_uni_ca='2' AND c_asigna='322436' [1][0] OK
C:[29/04/2015 14:31:39.67][172.16.4.254][1585] SELECT c_asigna FROM dace004 WHERE exp_e='08-20504274' AND c_asigna='300317' AND status IN ('0','3','B') [1][0] OK
C:[29/04/2015 14:31:39.67][172.16.4.254][1585] SELECT c_asigna FROM dace004 WHERE exp_e='08-20504274' AND c_asigna='320311' AND status IN ('0','3','B') [1][0] OK
C:[29/04/2015 14:31:39.67][172.16.4.254][1572] SELECT pre_cod_asig1,pre_cod_asig2,pre_cod_asig3,pre_cod_asig4,pre_cod_asig5,pre_cod_asig6,pre_cod_asig7 FROM tblaca009 WHERE pensum='5' AND c_uni_ca='2' AND c_asigna='322550' [1][0] OK
C:[29/04/2015 14:31:39.67][172.16.4.254][1585] SELECT c_asigna FROM dace004 WHERE exp_e='08-20504274' AND c_asigna='322433' AND status IN ('0','3','B') [1][0] OK
C:[29/04/2015 14:31:39.67][172.16.4.254][1572] SELECT pre_cod_asig1,pre_cod_asig2,pre_cod_asig3,pre_cod_asig4,pre_cod_asig5,pre_cod_asig6,pre_cod_asig7 FROM tblaca009 WHERE pensum='5' AND c_uni_ca='2' AND c_asigna='322560' [1][0] OK
C:[29/04/2015 14:31:39.67][172.16.4.254][1572] SELECT pre_cod_asig1,pre_cod_asig2,pre_cod_asig3,pre_cod_asig4,pre_cod_asig5,pre_cod_asig6,pre_cod_asig7 FROM tblaca009 WHERE pensum='5' AND c_uni_ca='2' AND c_asigna='323528' [1][0] OK
C:[29/04/2015 14:31:40.05][172.16.4.254][1616] SELECT par_cod_asig1,par_cod_asig2,par_cod_asig3 FROM tblaca009 WHERE pensum='5' AND c_uni_ca='2' AND c_asigna='300313' [1][0] OK
C:[29/04/2015 14:31:40.05][172.16.4.254][1616] SELECT par_cod_asig1,par_cod_asig2,par_cod_asig3 FROM tblaca009 WHERE pensum='5' AND c_uni_ca='2' AND c_asigna='322436' [1][0] OK
C:[29/04/2015 14:31:40.05][172.16.4.254][1616] SELECT par_cod_asig1,par_cod_asig2,par_cod_asig3 FROM tblaca009 WHERE pensum='5' AND c_uni_ca='2' AND c_asigna='322550' [1][0] OK
C:[29/04/2015 14:31:40.05][172.16.4.254][1616] SELECT par_cod_asig1,par_cod_asig2,par_cod_asig3 FROM tblaca009 WHERE pensum='5' AND c_uni_ca='2' AND c_asigna='322560' [1][0] OK
C:[29/04/2015 14:31:40.05][172.16.4.254][1630] SELECT c_asigna FROM dace004 WHERE exp_e='08-20504274' AND c_asigna='323528' AND status IN ('0','3','B','C') [0][0] OK
C:[29/04/2015 14:31:40.05][172.16.4.254][1616] SELECT par_cod_asig1,par_cod_asig2,par_cod_asig3 FROM tblaca009 WHERE pensum='5' AND c_uni_ca='2' AND c_asigna='323528' [1][0] OK
C:[29/04/2015 14:31:40.80][172.16.4.254][1687] SELECT c_asigna FROM tblaca009 WHERE pensum='5' AND c_uni_ca='2' AND ((par_cod_asig1='300422') OR (par_cod_asig2='300422') OR (par_cod_asig3='300422'))  [0][0] OK
C:[29/04/2015 14:32:26.29][172.16.4.254][1572] SELECT pre_cod_asig1,pre_cod_asig2,pre_cod_asig3,pre_cod_asig4,pre_cod_asig5,pre_cod_asig6,pre_cod_asig7 FROM tblaca009 WHERE pensum='5' AND c_uni_ca='2' AND c_asigna='300422' [1][0] OK
C:[29/04/2015 14:32:26.29][172.16.4.254][1585] SELECT c_asigna FROM dace004 WHERE exp_e='08-20504274' AND c_asigna='300105' AND status IN ('0','3','B') [1][0] OK
C:[29/04/2015 14:32:26.29][172.16.4.254][1585] SELECT c_asigna FROM dace004 WHERE exp_e='08-20504274' AND c_asigna='300314' AND status IN ('0','3','B') [1][0] OK
C:[29/04/2015 14:32:26.29][172.16.4.254][1572] SELECT pre_cod_asig1,pre_cod_asig2,pre_cod_asig3,pre_cod_asig4,pre_cod_asig5,pre_cod_asig6,pre_cod_asig7 FROM tblaca009 WHERE pensum='5' AND c_uni_ca='2' AND c_asigna='300313' [1][0] OK
C:[29/04/2015 14:32:26.29][172.16.4.254][1585] SELECT c_asigna FROM dace004 WHERE exp_e='08-20504274' AND c_asigna='300213' AND status IN ('0','3','B') [1][0] OK
C:[29/04/2015 14:32:26.29][172.16.4.254][1585] SELECT c_asigna FROM dace004 WHERE exp_e='08-20504274' AND c_asigna='300226' AND status IN ('0','3','B') [1][0] OK
C:[29/04/2015 14:32:26.29][172.16.4.254][1585] SELECT c_asigna FROM dace004 WHERE exp_e='08-20504274' AND c_asigna='300209' AND status IN ('0','3','B') [1][0] OK
C:[29/04/2015 14:32:26.29][172.16.4.254][1572] SELECT pre_cod_asig1,pre_cod_asig2,pre_cod_asig3,pre_cod_asig4,pre_cod_asig5,pre_cod_asig6,pre_cod_asig7 FROM tblaca009 WHERE pensum='5' AND c_uni_ca='2' AND c_asigna='322436' [1][0] OK
C:[29/04/2015 14:32:26.29][172.16.4.254][1585] SELECT c_asigna FROM dace004 WHERE exp_e='08-20504274' AND c_asigna='300317' AND status IN ('0','3','B') [1][0] OK
C:[29/04/2015 14:32:26.29][172.16.4.254][1585] SELECT c_asigna FROM dace004 WHERE exp_e='08-20504274' AND c_asigna='320311' AND status IN ('0','3','B') [1][0] OK
C:[29/04/2015 14:32:26.29][172.16.4.254][1572] SELECT pre_cod_asig1,pre_cod_asig2,pre_cod_asig3,pre_cod_asig4,pre_cod_asig5,pre_cod_asig6,pre_cod_asig7 FROM tblaca009 WHERE pensum='5' AND c_uni_ca='2' AND c_asigna='322550' [1][0] OK
C:[29/04/2015 14:32:26.29][172.16.4.254][1585] SELECT c_asigna FROM dace004 WHERE exp_e='08-20504274' AND c_asigna='322433' AND status IN ('0','3','B') [1][0] OK
C:[29/04/2015 14:32:26.29][172.16.4.254][1572] SELECT pre_cod_asig1,pre_cod_asig2,pre_cod_asig3,pre_cod_asig4,pre_cod_asig5,pre_cod_asig6,pre_cod_asig7 FROM tblaca009 WHERE pensum='5' AND c_uni_ca='2' AND c_asigna='322560' [1][0] OK
C:[29/04/2015 14:32:26.29][172.16.4.254][1572] SELECT pre_cod_asig1,pre_cod_asig2,pre_cod_asig3,pre_cod_asig4,pre_cod_asig5,pre_cod_asig6,pre_cod_asig7 FROM tblaca009 WHERE pensum='5' AND c_uni_ca='2' AND c_asigna='323528' [1][0] OK
C:[29/04/2015 14:32:26.05][172.16.4.254][1616] SELECT par_cod_asig1,par_cod_asig2,par_cod_asig3 FROM tblaca009 WHERE pensum='5' AND c_uni_ca='2' AND c_asigna='300422' [1][0] OK
C:[29/04/2015 14:32:26.05][172.16.4.254][1616] SELECT par_cod_asig1,par_cod_asig2,par_cod_asig3 FROM tblaca009 WHERE pensum='5' AND c_uni_ca='2' AND c_asigna='300313' [1][0] OK
C:[29/04/2015 14:32:26.05][172.16.4.254][1616] SELECT par_cod_asig1,par_cod_asig2,par_cod_asig3 FROM tblaca009 WHERE pensum='5' AND c_uni_ca='2' AND c_asigna='322436' [1][0] OK
C:[29/04/2015 14:32:26.05][172.16.4.254][1616] SELECT par_cod_asig1,par_cod_asig2,par_cod_asig3 FROM tblaca009 WHERE pensum='5' AND c_uni_ca='2' AND c_asigna='322550' [1][0] OK
C:[29/04/2015 14:32:26.05][172.16.4.254][1616] SELECT par_cod_asig1,par_cod_asig2,par_cod_asig3 FROM tblaca009 WHERE pensum='5' AND c_uni_ca='2' AND c_asigna='322560' [1][0] OK
C:[29/04/2015 14:32:26.05][172.16.4.254][1630] SELECT c_asigna FROM dace004 WHERE exp_e='08-20504274' AND c_asigna='323528' AND status IN ('0','3','B','C') [0][0] OK
C:[29/04/2015 14:32:26.05][172.16.4.254][1616] SELECT par_cod_asig1,par_cod_asig2,par_cod_asig3 FROM tblaca009 WHERE pensum='5' AND c_uni_ca='2' AND c_asigna='323528' [1][0] OK
C:[30/04/2015 09:25:23.82][172.16.4.247][1572] SELECT pre_cod_asig1,pre_cod_asig2,pre_cod_asig3,pre_cod_asig4,pre_cod_asig5,pre_cod_asig6,pre_cod_asig7 FROM tblaca009 WHERE pensum='5' AND c_uni_ca='5' AND c_asigna='355723' [1][0] OK
C:[30/04/2015 09:25:23.82][172.16.4.247][1585] SELECT c_asigna FROM dace004 WHERE exp_e='09-20556571' AND c_asigna='355694' AND status IN ('0','3','B') [1][0] OK
C:[30/04/2015 09:25:23.82][172.16.4.247][1572] SELECT pre_cod_asig1,pre_cod_asig2,pre_cod_asig3,pre_cod_asig4,pre_cod_asig5,pre_cod_asig6,pre_cod_asig7 FROM tblaca009 WHERE pensum='5' AND c_uni_ca='5' AND c_asigna='354852' [1][0] OK
C:[30/04/2015 09:25:23.82][172.16.4.247][1572] SELECT pre_cod_asig1,pre_cod_asig2,pre_cod_asig3,pre_cod_asig4,pre_cod_asig5,pre_cod_asig6,pre_cod_asig7 FROM tblaca009 WHERE pensum='5' AND c_uni_ca='5' AND c_asigna='300870' [1][0] OK
C:[30/04/2015 09:25:23.82][172.16.4.247][1572] SELECT pre_cod_asig1,pre_cod_asig2,pre_cod_asig3,pre_cod_asig4,pre_cod_asig5,pre_cod_asig6,pre_cod_asig7 FROM tblaca009 WHERE pensum='5' AND c_uni_ca='5' AND c_asigna='355838' [1][0] OK
C:[30/04/2015 09:25:23.82][172.16.4.247][1585] SELECT c_asigna FROM dace004 WHERE exp_e='09-20556571' AND c_asigna='355721' AND status IN ('0','3','B') [1][0] OK
C:[30/04/2015 09:25:23.82][172.16.4.247][1572] SELECT pre_cod_asig1,pre_cod_asig2,pre_cod_asig3,pre_cod_asig4,pre_cod_asig5,pre_cod_asig6,pre_cod_asig7 FROM tblaca009 WHERE pensum='5' AND c_uni_ca='5' AND c_asigna='355947' [1][0] OK
C:[30/04/2015 09:25:23.82][172.16.4.247][1585] SELECT c_asigna FROM dace004 WHERE exp_e='09-20556571' AND c_asigna='355724' AND status IN ('0','3','B') [1][0] OK
C:[30/04/2015 09:25:23.83][172.16.4.247][1616] SELECT par_cod_asig1,par_cod_asig2,par_cod_asig3 FROM tblaca009 WHERE pensum='5' AND c_uni_ca='5' AND c_asigna='355723' [1][0] OK
C:[30/04/2015 09:25:23.83][172.16.4.247][1616] SELECT par_cod_asig1,par_cod_asig2,par_cod_asig3 FROM tblaca009 WHERE pensum='5' AND c_uni_ca='5' AND c_asigna='354852' [1][0] OK
C:[30/04/2015 09:25:23.83][172.16.4.247][1616] SELECT par_cod_asig1,par_cod_asig2,par_cod_asig3 FROM tblaca009 WHERE pensum='5' AND c_uni_ca='5' AND c_asigna='300870' [1][0] OK
C:[30/04/2015 09:25:23.83][172.16.4.247][1616] SELECT par_cod_asig1,par_cod_asig2,par_cod_asig3 FROM tblaca009 WHERE pensum='5' AND c_uni_ca='5' AND c_asigna='355838' [1][0] OK
C:[30/04/2015 09:25:23.83][172.16.4.247][1616] SELECT par_cod_asig1,par_cod_asig2,par_cod_asig3 FROM tblaca009 WHERE pensum='5' AND c_uni_ca='5' AND c_asigna='355947' [1][0] OK
C:[30/04/2015 09:25:24.47][172.16.4.247][1687] SELECT c_asigna FROM tblaca009 WHERE pensum='5' AND c_uni_ca='5' AND ((par_cod_asig1='355951') OR (par_cod_asig2='355951') OR (par_cod_asig3='355951'))  [0][0] OK
C:[02/11/2015 11:20:46.16][172.17.150.58][1572] SELECT pre_cod_asig1,pre_cod_asig2,pre_cod_asig3,pre_cod_asig4,pre_cod_asig5,pre_cod_asig6,pre_cod_asig7 FROM tblaca009 WHERE pensum='5' AND c_uni_ca='4' AND c_asigna='300317' [1][0] OK
C:[02/11/2015 11:20:46.16][172.17.150.58][1585] SELECT c_asigna FROM dace004 WHERE exp_e='13-26157843' AND c_asigna='300207' AND status IN ('0','3','B') [1][0] OK
C:[02/11/2015 11:20:46.16][172.17.150.58][1585] SELECT c_asigna FROM dace004 WHERE exp_e='13-26157843' AND c_asigna='300209' AND status IN ('0','3','B') [1][0] OK
C:[02/11/2015 11:20:46.16][172.17.150.58][1572] SELECT pre_cod_asig1,pre_cod_asig2,pre_cod_asig3,pre_cod_asig4,pre_cod_asig5,pre_cod_asig6,pre_cod_asig7 FROM tblaca009 WHERE pensum='5' AND c_uni_ca='4' AND c_asigna='300228' [1][0] OK
C:[02/11/2015 11:20:46.16][172.17.150.58][1585] SELECT c_asigna FROM dace004 WHERE exp_e='13-26157843' AND c_asigna='300101' AND status IN ('0','3','B') [1][0] OK
C:[02/11/2015 11:20:46.48][172.17.150.58][1616] SELECT par_cod_asig1,par_cod_asig2,par_cod_asig3 FROM tblaca009 WHERE pensum='5' AND c_uni_ca='4' AND c_asigna='300317' [1][0] OK
C:[02/11/2015 11:20:46.48][172.17.150.58][1616] SELECT par_cod_asig1,par_cod_asig2,par_cod_asig3 FROM tblaca009 WHERE pensum='5' AND c_uni_ca='4' AND c_asigna='300228' [1][0] OK
C:[02/11/2015 11:24:44.85][172.17.150.58][1572] SELECT pre_cod_asig1,pre_cod_asig2,pre_cod_asig3,pre_cod_asig4,pre_cod_asig5,pre_cod_asig6,pre_cod_asig7 FROM tblaca009 WHERE pensum='5' AND c_uni_ca='3' AND c_asigna='300209' [1][0] OK
C:[02/11/2015 11:24:44.85][172.17.150.58][1585] SELECT c_asigna FROM dace004 WHERE exp_e='13-27219852' AND c_asigna='300101' AND status IN ('0','3','B') [1][0] OK
C:[02/11/2015 11:24:44.85][172.17.150.58][1572] SELECT pre_cod_asig1,pre_cod_asig2,pre_cod_asig3,pre_cod_asig4,pre_cod_asig5,pre_cod_asig6,pre_cod_asig7 FROM tblaca009 WHERE pensum='5' AND c_uni_ca='3' AND c_asigna='300318' [1][0] OK
C:[02/11/2015 11:24:44.85][172.17.150.58][1585] SELECT c_asigna FROM dace004 WHERE exp_e='13-27219852' AND c_asigna='300228' AND status IN ('0','3','B') [1][0] OK
C:[02/11/2015 11:24:44.85][172.17.150.58][1585] SELECT c_asigna FROM dace004 WHERE exp_e='13-27219852' AND c_asigna='300207' AND status IN ('0','3','B') [1][0] OK
C:[02/11/2015 11:24:44.85][172.17.150.58][1585] SELECT c_asigna FROM dace004 WHERE exp_e='13-27219852' AND c_asigna='300218' AND status IN ('0','3','B') [1][0] OK
C:[02/11/2015 11:24:44.60][172.17.150.58][1616] SELECT par_cod_asig1,par_cod_asig2,par_cod_asig3 FROM tblaca009 WHERE pensum='5' AND c_uni_ca='3' AND c_asigna='300209' [1][0] OK
C:[02/11/2015 11:24:44.60][172.17.150.58][1616] SELECT par_cod_asig1,par_cod_asig2,par_cod_asig3 FROM tblaca009 WHERE pensum='5' AND c_uni_ca='3' AND c_asigna='300318' [1][0] OK
C:[02/11/2015 11:26:36.32][172.17.150.58][1572] SELECT pre_cod_asig1,pre_cod_asig2,pre_cod_asig3,pre_cod_asig4,pre_cod_asig5,pre_cod_asig6,pre_cod_asig7 FROM tblaca009 WHERE pensum='5' AND c_uni_ca='3' AND c_asigna='300209' [1][0] OK
C:[02/11/2015 11:26:36.32][172.17.150.58][1585] SELECT c_asigna FROM dace004 WHERE exp_e='13-27219852' AND c_asigna='300101' AND status IN ('0','3','B') [1][0] OK
C:[02/11/2015 11:26:36.32][172.17.150.58][1572] SELECT pre_cod_asig1,pre_cod_asig2,pre_cod_asig3,pre_cod_asig4,pre_cod_asig5,pre_cod_asig6,pre_cod_asig7 FROM tblaca009 WHERE pensum='5' AND c_uni_ca='3' AND c_asigna='300318' [1][0] OK
C:[02/11/2015 11:26:36.32][172.17.150.58][1585] SELECT c_asigna FROM dace004 WHERE exp_e='13-27219852' AND c_asigna='300228' AND status IN ('0','3','B') [1][0] OK
C:[02/11/2015 11:26:36.32][172.17.150.58][1585] SELECT c_asigna FROM dace004 WHERE exp_e='13-27219852' AND c_asigna='300207' AND status IN ('0','3','B') [1][0] OK
C:[02/11/2015 11:26:36.32][172.17.150.58][1585] SELECT c_asigna FROM dace004 WHERE exp_e='13-27219852' AND c_asigna='300218' AND status IN ('0','3','B') [1][0] OK
C:[02/11/2015 11:26:36.08][172.17.150.58][1616] SELECT par_cod_asig1,par_cod_asig2,par_cod_asig3 FROM tblaca009 WHERE pensum='5' AND c_uni_ca='3' AND c_asigna='300209' [1][0] OK
C:[02/11/2015 11:26:36.08][172.17.150.58][1616] SELECT par_cod_asig1,par_cod_asig2,par_cod_asig3 FROM tblaca009 WHERE pensum='5' AND c_uni_ca='3' AND c_asigna='300318' [1][0] OK
C:[03/11/2015 10:19:06.90][172.16.4.254][1572] SELECT pre_cod_asig1,pre_cod_asig2,pre_cod_asig3,pre_cod_asig4,pre_cod_asig5,pre_cod_asig6,pre_cod_asig7 FROM tblaca009 WHERE pensum='5' AND c_uni_ca='5' AND c_asigna='355724' [1][0] OK
C:[03/11/2015 10:19:06.90][172.16.4.254][1585] SELECT c_asigna FROM dace004 WHERE exp_e='94-12360569' AND c_asigna='355692' AND status IN ('0','3','B') [1][0] OK
C:[03/11/2015 10:19:06.90][172.16.4.254][1572] SELECT pre_cod_asig1,pre_cod_asig2,pre_cod_asig3,pre_cod_asig4,pre_cod_asig5,pre_cod_asig6,pre_cod_asig7 FROM tblaca009 WHERE pensum='5' AND c_uni_ca='5' AND c_asigna='355725' [1][0] OK
C:[03/11/2015 10:19:06.90][172.16.4.254][1585] SELECT c_asigna FROM dace004 WHERE exp_e='94-12360569' AND c_asigna='355693' AND status IN ('0','3','B') [1][0] OK
C:[03/11/2015 10:19:06.90][172.16.4.254][1585] SELECT c_asigna FROM dace004 WHERE exp_e='94-12360569' AND c_asigna='355692' AND status IN ('0','3','B') [1][0] OK
C:[03/11/2015 10:19:06.53][172.16.4.254][1616] SELECT par_cod_asig1,par_cod_asig2,par_cod_asig3 FROM tblaca009 WHERE pensum='5' AND c_uni_ca='5' AND c_asigna='355724' [1][0] OK
C:[03/11/2015 10:19:06.53][172.16.4.254][1616] SELECT par_cod_asig1,par_cod_asig2,par_cod_asig3 FROM tblaca009 WHERE pensum='5' AND c_uni_ca='5' AND c_asigna='355725' [1][0] OK
C:[03/11/2015 10:19:06.78][172.16.4.254][1687] SELECT c_asigna FROM tblaca009 WHERE pensum='5' AND c_uni_ca='5' AND ((par_cod_asig1='355720') OR (par_cod_asig2='355720') OR (par_cod_asig3='355720'))  [0][0] OK
C:[03/11/2015 16:16:04.54][172.16.4.254][1572] SELECT pre_cod_asig1,pre_cod_asig2,pre_cod_asig3,pre_cod_asig4,pre_cod_asig5,pre_cod_asig6,pre_cod_asig7 FROM tblaca009 WHERE pensum='5' AND c_uni_ca='3' AND c_asigna='300207' [1][0] OK
C:[03/11/2015 16:16:04.54][172.16.4.254][1585] SELECT c_asigna FROM dace004 WHERE exp_e='11-19910117' AND c_asigna='300101' AND status IN ('0','3','B') [1][0] OK
C:[03/11/2015 16:16:04.54][172.16.4.254][1572] SELECT pre_cod_asig1,pre_cod_asig2,pre_cod_asig3,pre_cod_asig4,pre_cod_asig5,pre_cod_asig6,pre_cod_asig7 FROM tblaca009 WHERE pensum='5' AND c_uni_ca='3' AND c_asigna='300313' [1][0] OK
C:[03/11/2015 16:16:04.54][172.16.4.254][1585] SELECT c_asigna FROM dace004 WHERE exp_e='11-19910117' AND c_asigna='300213' AND status IN ('0','3','B') [1][0] OK
C:[03/11/2015 16:16:04.54][172.16.4.254][1585] SELECT c_asigna FROM dace004 WHERE exp_e='11-19910117' AND c_asigna='300226' AND status IN ('0','3','B') [1][0] OK
C:[03/11/2015 16:16:04.54][172.16.4.254][1585] SELECT c_asigna FROM dace004 WHERE exp_e='11-19910117' AND c_asigna='300222' AND status IN ('0','3','B') [1][0] OK
C:[03/11/2015 16:16:04.54][172.16.4.254][1585] SELECT c_asigna FROM dace004 WHERE exp_e='11-19910117' AND c_asigna='300209' AND status IN ('0','3','B') [1][0] OK
C:[03/11/2015 16:16:04.67][172.16.4.254][1616] SELECT par_cod_asig1,par_cod_asig2,par_cod_asig3 FROM tblaca009 WHERE pensum='5' AND c_uni_ca='3' AND c_asigna='300207' [1][0] OK
C:[03/11/2015 16:16:04.67][172.16.4.254][1616] SELECT par_cod_asig1,par_cod_asig2,par_cod_asig3 FROM tblaca009 WHERE pensum='5' AND c_uni_ca='3' AND c_asigna='300313' [1][0] OK
C:[04/11/2015 08:19:50.93][172.16.4.254][1572] SELECT pre_cod_asig1,pre_cod_asig2,pre_cod_asig3,pre_cod_asig4,pre_cod_asig5,pre_cod_asig6,pre_cod_asig7 FROM tblaca009 WHERE pensum='5' AND c_uni_ca='6' AND c_asigna='300228' [1][0] OK
C:[04/11/2015 08:19:50.93][172.16.4.254][1585] SELECT c_asigna FROM dace004 WHERE exp_e='13-24390797' AND c_asigna='300101' AND status IN ('0','3','B') [1][0] OK
C:[04/11/2015 08:19:50.19][172.16.4.254][1616] SELECT par_cod_asig1,par_cod_asig2,par_cod_asig3 FROM tblaca009 WHERE pensum='5' AND c_uni_ca='6' AND c_asigna='300228' [1][0] OK
C:[04/11/2015 09:07:53.18][172.16.4.254][1572] SELECT pre_cod_asig1,pre_cod_asig2,pre_cod_asig3,pre_cod_asig4,pre_cod_asig5,pre_cod_asig6,pre_cod_asig7 FROM tblaca009 WHERE pensum='5' AND c_uni_ca='3' AND c_asigna='300317' [1][0] OK
C:[04/11/2015 09:07:53.18][172.16.4.254][1585] SELECT c_asigna FROM dace004 WHERE exp_e='12-25901133' AND c_asigna='300207' AND status IN ('0','3','B') [1][0] OK
C:[04/11/2015 09:07:53.18][172.16.4.254][1585] SELECT c_asigna FROM dace004 WHERE exp_e='12-25901133' AND c_asigna='300209' AND status IN ('0','3','B') [1][0] OK
C:[04/11/2015 09:07:53.18][172.16.4.254][1572] SELECT pre_cod_asig1,pre_cod_asig2,pre_cod_asig3,pre_cod_asig4,pre_cod_asig5,pre_cod_asig6,pre_cod_asig7 FROM tblaca009 WHERE pensum='5' AND c_uni_ca='3' AND c_asigna='300213' [1][0] OK
C:[04/11/2015 09:07:53.18][172.16.4.254][1585] SELECT c_asigna FROM dace004 WHERE exp_e='12-25901133' AND c_asigna='300101' AND status IN ('0','3','B') [1][0] OK
C:[04/11/2015 09:07:53.18][172.16.4.254][1572] SELECT pre_cod_asig1,pre_cod_asig2,pre_cod_asig3,pre_cod_asig4,pre_cod_asig5,pre_cod_asig6,pre_cod_asig7 FROM tblaca009 WHERE pensum='5' AND c_uni_ca='3' AND c_asigna='300314' [1][0] OK
C:[04/11/2015 09:07:53.18][172.16.4.254][1585] SELECT c_asigna FROM dace004 WHERE exp_e='12-25901133' AND c_asigna='300106' AND status IN ('0','3','B') [1][0] OK
C:[04/11/2015 09:07:53.18][172.16.4.254][1572] SELECT pre_cod_asig1,pre_cod_asig2,pre_cod_asig3,pre_cod_asig4,pre_cod_asig5,pre_cod_asig6,pre_cod_asig7 FROM tblaca009 WHERE pensum='5' AND c_uni_ca='3' AND c_asigna='312333' [1][0] OK
C:[04/11/2015 09:07:53.18][172.16.4.254][1585] SELECT c_asigna FROM dace004 WHERE exp_e='12-25901133' AND c_asigna='300228' AND status IN ('0','3','B') [1][0] OK
C:[04/11/2015 09:07:53.31][172.16.4.254][1616] SELECT par_cod_asig1,par_cod_asig2,par_cod_asig3 FROM tblaca009 WHERE pensum='5' AND c_uni_ca='3' AND c_asigna='300317' [1][0] OK
C:[04/11/2015 09:07:53.31][172.16.4.254][1616] SELECT par_cod_asig1,par_cod_asig2,par_cod_asig3 FROM tblaca009 WHERE pensum='5' AND c_uni_ca='3' AND c_asigna='300213' [1][0] OK
C:[04/11/2015 09:07:53.31][172.16.4.254][1630] SELECT c_asigna FROM dace004 WHERE exp_e='12-25901133' AND c_asigna='300209' AND status IN ('0','3','B','C') [1][0] OK
C:[04/11/2015 09:07:53.31][172.16.4.254][1616] SELECT par_cod_asig1,par_cod_asig2,par_cod_asig3 FROM tblaca009 WHERE pensum='5' AND c_uni_ca='3' AND c_asigna='300314' [1][0] OK
C:[04/11/2015 09:07:53.31][172.16.4.254][1616] SELECT par_cod_asig1,par_cod_asig2,par_cod_asig3 FROM tblaca009 WHERE pensum='5' AND c_uni_ca='3' AND c_asigna='312333' [1][0] OK
C:[04/11/2015 09:11:13.11][172.16.4.254][1572] SELECT pre_cod_asig1,pre_cod_asig2,pre_cod_asig3,pre_cod_asig4,pre_cod_asig5,pre_cod_asig6,pre_cod_asig7 FROM tblaca009 WHERE pensum='5' AND c_uni_ca='3' AND c_asigna='300317' [1][0] OK
C:[04/11/2015 09:11:13.11][172.16.4.254][1585] SELECT c_asigna FROM dace004 WHERE exp_e='12-25901132' AND c_asigna='300207' AND status IN ('0','3','B') [1][0] OK
C:[04/11/2015 09:11:13.11][172.16.4.254][1585] SELECT c_asigna FROM dace004 WHERE exp_e='12-25901132' AND c_asigna='300209' AND status IN ('0','3','B') [1][0] OK
C:[04/11/2015 09:11:13.11][172.16.4.254][1572] SELECT pre_cod_asig1,pre_cod_asig2,pre_cod_asig3,pre_cod_asig4,pre_cod_asig5,pre_cod_asig6,pre_cod_asig7 FROM tblaca009 WHERE pensum='5' AND c_uni_ca='3' AND c_asigna='300213' [1][0] OK
C:[04/11/2015 09:11:13.11][172.16.4.254][1585] SELECT c_asigna FROM dace004 WHERE exp_e='12-25901132' AND c_asigna='300101' AND status IN ('0','3','B') [1][0] OK
C:[04/11/2015 09:11:13.11][172.16.4.254][1572] SELECT pre_cod_asig1,pre_cod_asig2,pre_cod_asig3,pre_cod_asig4,pre_cod_asig5,pre_cod_asig6,pre_cod_asig7 FROM tblaca009 WHERE pensum='5' AND c_uni_ca='3' AND c_asigna='300218' [1][0] OK
C:[04/11/2015 09:11:13.11][172.16.4.254][1585] SELECT c_asigna FROM dace004 WHERE exp_e='12-25901132' AND c_asigna='300101' AND status IN ('0','3','B') [1][0] OK
C:[04/11/2015 09:11:13.11][172.16.4.254][1572] SELECT pre_cod_asig1,pre_cod_asig2,pre_cod_asig3,pre_cod_asig4,pre_cod_asig5,pre_cod_asig6,pre_cod_asig7 FROM tblaca009 WHERE pensum='5' AND c_uni_ca='3' AND c_asigna='300226' [1][0] OK
C:[04/11/2015 09:11:13.11][172.16.4.254][1585] SELECT c_asigna FROM dace004 WHERE exp_e='12-25901132' AND c_asigna='300116' AND status IN ('0','3','B') [1][0] OK
C:[04/11/2015 09:11:13.11][172.16.4.254][1572] SELECT pre_cod_asig1,pre_cod_asig2,pre_cod_asig3,pre_cod_asig4,pre_cod_asig5,pre_cod_asig6,pre_cod_asig7 FROM tblaca009 WHERE pensum='5' AND c_uni_ca='3' AND c_asigna='300228' [1][0] OK
C:[04/11/2015 09:11:13.11][172.16.4.254][1585] SELECT c_asigna FROM dace004 WHERE exp_e='12-25901132' AND c_asigna='300101' AND status IN ('0','3','B') [1][0] OK
C:[04/11/2015 09:11:14.48][172.16.4.254][1616] SELECT par_cod_asig1,par_cod_asig2,par_cod_asig3 FROM tblaca009 WHERE pensum='5' AND c_uni_ca='3' AND c_asigna='300317' [1][0] OK
C:[04/11/2015 09:11:14.48][172.16.4.254][1616] SELECT par_cod_asig1,par_cod_asig2,par_cod_asig3 FROM tblaca009 WHERE pensum='5' AND c_uni_ca='3' AND c_asigna='300213' [1][0] OK
C:[04/11/2015 09:11:14.48][172.16.4.254][1630] SELECT c_asigna FROM dace004 WHERE exp_e='12-25901132' AND c_asigna='300209' AND status IN ('0','3','B','C') [1][0] OK
C:[04/11/2015 09:11:14.48][172.16.4.254][1616] SELECT par_cod_asig1,par_cod_asig2,par_cod_asig3 FROM tblaca009 WHERE pensum='5' AND c_uni_ca='3' AND c_asigna='300218' [1][0] OK
C:[04/11/2015 09:11:14.48][172.16.4.254][1630] SELECT c_asigna FROM dace004 WHERE exp_e='12-25901132' AND c_asigna='300228' AND status IN ('0','3','B','C') [0][0] OK
C:[04/11/2015 09:11:14.48][172.16.4.254][1616] SELECT par_cod_asig1,par_cod_asig2,par_cod_asig3 FROM tblaca009 WHERE pensum='5' AND c_uni_ca='3' AND c_asigna='300226' [1][0] OK
C:[04/11/2015 09:11:14.48][172.16.4.254][1616] SELECT par_cod_asig1,par_cod_asig2,par_cod_asig3 FROM tblaca009 WHERE pensum='5' AND c_uni_ca='3' AND c_asigna='300228' [1][0] OK
C:[04/11/2015 09:13:14.65][172.16.4.254][1572] SELECT pre_cod_asig1,pre_cod_asig2,pre_cod_asig3,pre_cod_asig4,pre_cod_asig5,pre_cod_asig6,pre_cod_asig7 FROM tblaca009 WHERE pensum='5' AND c_uni_ca='5' AND c_asigna='300317' [1][0] OK
C:[04/11/2015 09:13:14.65][172.16.4.254][1585] SELECT c_asigna FROM dace004 WHERE exp_e='11-23504007' AND c_asigna='300207' AND status IN ('0','3','B') [1][0] OK
C:[04/11/2015 09:13:14.65][172.16.4.254][1585] SELECT c_asigna FROM dace004 WHERE exp_e='11-23504007' AND c_asigna='300209' AND status IN ('0','3','B') [1][0] OK
C:[04/11/2015 09:13:14.65][172.16.4.254][1572] SELECT pre_cod_asig1,pre_cod_asig2,pre_cod_asig3,pre_cod_asig4,pre_cod_asig5,pre_cod_asig6,pre_cod_asig7 FROM tblaca009 WHERE pensum='5' AND c_uni_ca='5' AND c_asigna='300213' [1][0] OK
C:[04/11/2015 09:13:14.65][172.16.4.254][1585] SELECT c_asigna FROM dace004 WHERE exp_e='11-23504007' AND c_asigna='300101' AND status IN ('0','3','B') [1][0] OK
C:[04/11/2015 09:13:14.65][172.16.4.254][1572] SELECT pre_cod_asig1,pre_cod_asig2,pre_cod_asig3,pre_cod_asig4,pre_cod_asig5,pre_cod_asig6,pre_cod_asig7 FROM tblaca009 WHERE pensum='5' AND c_uni_ca='5' AND c_asigna='355350' [1][0] OK
C:[04/11/2015 09:13:14.65][172.16.4.254][1585] SELECT c_asigna FROM dace004 WHERE exp_e='11-23504007' AND c_asigna='300207' AND status IN ('0','3','B') [1][0] OK
C:[04/11/2015 09:13:14.65][172.16.4.254][1585] SELECT c_asigna FROM dace004 WHERE exp_e='11-23504007' AND c_asigna='300228' AND status IN ('0','3','B') [1][0] OK
C:[04/11/2015 09:13:14.66][172.16.4.254][1616] SELECT par_cod_asig1,par_cod_asig2,par_cod_asig3 FROM tblaca009 WHERE pensum='5' AND c_uni_ca='5' AND c_asigna='300317' [1][0] OK
C:[04/11/2015 09:13:14.66][172.16.4.254][1616] SELECT par_cod_asig1,par_cod_asig2,par_cod_asig3 FROM tblaca009 WHERE pensum='5' AND c_uni_ca='5' AND c_asigna='300213' [1][0] OK
C:[04/11/2015 09:13:14.66][172.16.4.254][1630] SELECT c_asigna FROM dace004 WHERE exp_e='11-23504007' AND c_asigna='300209' AND status IN ('0','3','B','C') [1][0] OK
C:[04/11/2015 09:13:14.66][172.16.4.254][1616] SELECT par_cod_asig1,par_cod_asig2,par_cod_asig3 FROM tblaca009 WHERE pensum='5' AND c_uni_ca='5' AND c_asigna='355350' [1][0] OK
C:[04/11/2015 10:23:46.44][172.16.4.247][1572] SELECT pre_cod_asig1,pre_cod_asig2,pre_cod_asig3,pre_cod_asig4,pre_cod_asig5,pre_cod_asig6,pre_cod_asig7 FROM tblaca009 WHERE pensum='5' AND c_uni_ca='3' AND c_asigna='312444' [1][0] OK
C:[04/11/2015 10:23:46.44][172.16.4.247][1585] SELECT c_asigna FROM dace004 WHERE exp_e='10-21251744' AND c_asigna='312333' AND status IN ('0','3','B') [1][0] OK
C:[04/11/2015 10:23:46.44][172.16.4.247][1572] SELECT pre_cod_asig1,pre_cod_asig2,pre_cod_asig3,pre_cod_asig4,pre_cod_asig5,pre_cod_asig6,pre_cod_asig7 FROM tblaca009 WHERE pensum='5' AND c_uni_ca='3' AND c_asigna='311551' [1][0] OK
C:[04/11/2015 10:23:46.44][172.16.4.247][1585] SELECT c_asigna FROM dace004 WHERE exp_e='10-21251744' AND c_asigna='311430' AND status IN ('0','3','B') [1][0] OK
C:[04/11/2015 10:23:46.44][172.16.4.247][1585] SELECT c_asigna FROM dace004 WHERE exp_e='10-21251744' AND c_asigna='311431' AND status IN ('0','3','B') [1][0] OK
C:[04/11/2015 10:23:46.44][172.16.4.247][1585] SELECT c_asigna FROM dace004 WHERE exp_e='10-21251744' AND c_asigna='300222' AND status IN ('0','3','B') [1][0] OK
C:[04/11/2015 10:23:46.44][172.16.4.247][1585] SELECT c_asigna FROM dace004 WHERE exp_e='10-21251744' AND c_asigna='300226' AND status IN ('0','3','B') [1][0] OK
C:[04/11/2015 10:23:46.44][172.16.4.247][1585] SELECT c_asigna FROM dace004 WHERE exp_e='10-21251744' AND c_asigna='300209' AND status IN ('0','3','B') [1][0] OK
C:[04/11/2015 10:23:46.44][172.16.4.247][1585] SELECT c_asigna FROM dace004 WHERE exp_e='10-21251744' AND c_asigna='311320' AND status IN ('0','3','B') [1][0] OK
C:[04/11/2015 10:23:46.44][172.16.4.247][1572] SELECT pre_cod_asig1,pre_cod_asig2,pre_cod_asig3,pre_cod_asig4,pre_cod_asig5,pre_cod_asig6,pre_cod_asig7 FROM tblaca009 WHERE pensum='5' AND c_uni_ca='3' AND c_asigna='300677' [1][0] OK
C:[04/11/2015 10:23:46.44][172.16.4.247][1572] SELECT pre_cod_asig1,pre_cod_asig2,pre_cod_asig3,pre_cod_asig4,pre_cod_asig5,pre_cod_asig6,pre_cod_asig7 FROM tblaca009 WHERE pensum='5' AND c_uni_ca='3' AND c_asigna='315671' [1][0] OK
C:[04/11/2015 10:23:46.44][172.16.4.247][1585] SELECT c_asigna FROM dace004 WHERE exp_e='10-21251744' AND c_asigna='315552' AND status IN ('0','3','B') [1][0] OK
C:[04/11/2015 10:23:46.44][172.16.4.247][1572] SELECT pre_cod_asig1,pre_cod_asig2,pre_cod_asig3,pre_cod_asig4,pre_cod_asig5,pre_cod_asig6,pre_cod_asig7 FROM tblaca009 WHERE pensum='5' AND c_uni_ca='3' AND c_asigna='314787' [1][0] OK
C:[04/11/2015 10:23:46.44][172.16.4.247][1585] SELECT c_asigna FROM dace004 WHERE exp_e='10-21251744' AND c_asigna='314662' AND status IN ('0','3','B') [1][0] OK
C:[04/11/2015 10:23:47.19][172.16.4.247][1616] SELECT par_cod_asig1,par_cod_asig2,par_cod_asig3 FROM tblaca009 WHERE pensum='5' AND c_uni_ca='3' AND c_asigna='312444' [1][0] OK
C:[04/11/2015 10:23:47.19][172.16.4.247][1616] SELECT par_cod_asig1,par_cod_asig2,par_cod_asig3 FROM tblaca009 WHERE pensum='5' AND c_uni_ca='3' AND c_asigna='311551' [1][0] OK
C:[04/11/2015 10:23:47.19][172.16.4.247][1616] SELECT par_cod_asig1,par_cod_asig2,par_cod_asig3 FROM tblaca009 WHERE pensum='5' AND c_uni_ca='3' AND c_asigna='300677' [1][0] OK
C:[04/11/2015 10:23:47.19][172.16.4.247][1616] SELECT par_cod_asig1,par_cod_asig2,par_cod_asig3 FROM tblaca009 WHERE pensum='5' AND c_uni_ca='3' AND c_asigna='315671' [1][0] OK
C:[04/11/2015 10:23:47.19][172.16.4.247][1616] SELECT par_cod_asig1,par_cod_asig2,par_cod_asig3 FROM tblaca009 WHERE pensum='5' AND c_uni_ca='3' AND c_asigna='314787' [1][0] OK
C:[04/11/2015 10:23:47.81][172.16.4.247][1687] SELECT c_asigna FROM tblaca009 WHERE pensum='5' AND c_uni_ca='3' AND ((par_cod_asig1='311556') OR (par_cod_asig2='311556') OR (par_cod_asig3='311556'))  [0][0] OK
C:[11/11/2015 10:35:12.30][172.16.4.254][1572] SELECT pre_cod_asig1,pre_cod_asig2,pre_cod_asig3,pre_cod_asig4,pre_cod_asig5,pre_cod_asig6,pre_cod_asig7 FROM tblaca009 WHERE pensum='5' AND c_uni_ca='6' AND c_asigna='300207' [1][0] OK
C:[11/11/2015 10:35:12.30][172.16.4.254][1585] SELECT c_asigna FROM dace004 WHERE exp_e='14-18806436' AND c_asigna='300101' AND status IN ('0','3','B') [1][0] OK
C:[11/11/2015 10:35:12.30][172.16.4.254][1572] SELECT pre_cod_asig1,pre_cod_asig2,pre_cod_asig3,pre_cod_asig4,pre_cod_asig5,pre_cod_asig6,pre_cod_asig7 FROM tblaca009 WHERE pensum='5' AND c_uni_ca='6' AND c_asigna='300209' [1][0] OK
C:[11/11/2015 10:35:12.30][172.16.4.254][1585] SELECT c_asigna FROM dace004 WHERE exp_e='14-18806436' AND c_asigna='300101' AND status IN ('0','3','B') [1][0] OK
C:[11/11/2015 10:35:12.30][172.16.4.254][1572] SELECT pre_cod_asig1,pre_cod_asig2,pre_cod_asig3,pre_cod_asig4,pre_cod_asig5,pre_cod_asig6,pre_cod_asig7 FROM tblaca009 WHERE pensum='5' AND c_uni_ca='6' AND c_asigna='300213' [1][0] OK
C:[11/11/2015 10:35:12.30][172.16.4.254][1585] SELECT c_asigna FROM dace004 WHERE exp_e='14-18806436' AND c_asigna='300101' AND status IN ('0','3','B') [1][0] OK
C:[11/11/2015 10:35:12.30][172.16.4.254][1572] SELECT pre_cod_asig1,pre_cod_asig2,pre_cod_asig3,pre_cod_asig4,pre_cod_asig5,pre_cod_asig6,pre_cod_asig7 FROM tblaca009 WHERE pensum='5' AND c_uni_ca='6' AND c_asigna='300218' [1][0] OK
C:[11/11/2015 10:35:12.30][172.16.4.254][1585] SELECT c_asigna FROM dace004 WHERE exp_e='14-18806436' AND c_asigna='300101' AND status IN ('0','3','B') [1][0] OK
C:[11/11/2015 10:35:12.30][172.16.4.254][1572] SELECT pre_cod_asig1,pre_cod_asig2,pre_cod_asig3,pre_cod_asig4,pre_cod_asig5,pre_cod_asig6,pre_cod_asig7 FROM tblaca009 WHERE pensum='5' AND c_uni_ca='6' AND c_asigna='300228' [1][0] OK
C:[11/11/2015 10:35:12.30][172.16.4.254][1585] SELECT c_asigna FROM dace004 WHERE exp_e='14-18806436' AND c_asigna='300101' AND status IN ('0','3','B') [1][0] OK
C:[11/11/2015 10:35:13.37][172.16.4.254][1616] SELECT par_cod_asig1,par_cod_asig2,par_cod_asig3 FROM tblaca009 WHERE pensum='5' AND c_uni_ca='6' AND c_asigna='300207' [1][0] OK
C:[11/11/2015 10:35:13.37][172.16.4.254][1616] SELECT par_cod_asig1,par_cod_asig2,par_cod_asig3 FROM tblaca009 WHERE pensum='5' AND c_uni_ca='6' AND c_asigna='300209' [1][0] OK
C:[11/11/2015 10:35:13.37][172.16.4.254][1616] SELECT par_cod_asig1,par_cod_asig2,par_cod_asig3 FROM tblaca009 WHERE pensum='5' AND c_uni_ca='6' AND c_asigna='300213' [1][0] OK
C:[11/11/2015 10:35:13.37][172.16.4.254][1630] SELECT c_asigna FROM dace004 WHERE exp_e='14-18806436' AND c_asigna='300209' AND status IN ('0','3','B','C') [0][0] OK
C:[11/11/2015 10:35:13.37][172.16.4.254][1616] SELECT par_cod_asig1,par_cod_asig2,par_cod_asig3 FROM tblaca009 WHERE pensum='5' AND c_uni_ca='6' AND c_asigna='300218' [1][0] OK
C:[11/11/2015 10:35:13.37][172.16.4.254][1630] SELECT c_asigna FROM dace004 WHERE exp_e='14-18806436' AND c_asigna='300228' AND status IN ('0','3','B','C') [0][0] OK
C:[11/11/2015 10:35:13.37][172.16.4.254][1616] SELECT par_cod_asig1,par_cod_asig2,par_cod_asig3 FROM tblaca009 WHERE pensum='5' AND c_uni_ca='6' AND c_asigna='300228' [1][0] OK
C:[13/11/2015 10:31:58.65][172.16.5.82][1572] SELECT pre_cod_asig1,pre_cod_asig2,pre_cod_asig3,pre_cod_asig4,pre_cod_asig5,pre_cod_asig6,pre_cod_asig7 FROM tblaca009 WHERE pensum='5' AND c_uni_ca='5' AND c_asigna='351451' [1][0] OK
C:[13/11/2015 10:31:58.65][172.16.5.82][1585] SELECT c_asigna FROM dace004 WHERE exp_e='12-25694208' AND c_asigna='351330' AND status IN ('0','3','B') [1][0] OK
C:[13/11/2015 10:31:58.65][172.16.5.82][1585] SELECT c_asigna FROM dace004 WHERE exp_e='12-25694208' AND c_asigna='355350' AND status IN ('0','3','B') [1][0] OK
C:[13/11/2015 10:31:58.65][172.16.5.82][1585] SELECT c_asigna FROM dace004 WHERE exp_e='12-25694208' AND c_asigna='300318' AND status IN ('0','3','B') [1][0] OK
C:[13/11/2015 10:31:58.65][172.16.5.82][1585] SELECT c_asigna FROM dace004 WHERE exp_e='12-25694208' AND c_asigna='300209' AND status IN ('0','3','B') [1][0] OK
C:[13/11/2015 10:31:58.65][172.16.5.82][1585] SELECT c_asigna FROM dace004 WHERE exp_e='12-25694208' AND c_asigna='300222' AND status IN ('0','3','B') [1][0] OK
C:[13/11/2015 10:31:58.65][172.16.5.82][1572] SELECT pre_cod_asig1,pre_cod_asig2,pre_cod_asig3,pre_cod_asig4,pre_cod_asig5,pre_cod_asig6,pre_cod_asig7 FROM tblaca009 WHERE pensum='5' AND c_uni_ca='5' AND c_asigna='355447' [1][0] OK
C:[13/11/2015 10:31:58.65][172.16.5.82][1585] SELECT c_asigna FROM dace004 WHERE exp_e='12-25694208' AND c_asigna='351330' AND status IN ('0','3','B') [1][0] OK
C:[13/11/2015 10:31:58.65][172.16.5.82][1572] SELECT pre_cod_asig1,pre_cod_asig2,pre_cod_asig3,pre_cod_asig4,pre_cod_asig5,pre_cod_asig6,pre_cod_asig7 FROM tblaca009 WHERE pensum='5' AND c_uni_ca='5' AND c_asigna='300422' [1][0] OK
C:[13/11/2015 10:31:58.65][172.16.5.82][1585] SELECT c_asigna FROM dace004 WHERE exp_e='12-25694208' AND c_asigna='300105' AND status IN ('0','3','B') [1][0] OK
C:[13/11/2015 10:31:58.65][172.16.5.82][1585] SELECT c_asigna FROM dace004 WHERE exp_e='12-25694208' AND c_asigna='300314' AND status IN ('0','3','B') [1][0] OK
C:[13/11/2015 10:31:59.15][172.16.5.82][1616] SELECT par_cod_asig1,par_cod_asig2,par_cod_asig3 FROM tblaca009 WHERE pensum='5' AND c_uni_ca='5' AND c_asigna='351451' [1][0] OK
C:[13/11/2015 10:31:59.15][172.16.5.82][1616] SELECT par_cod_asig1,par_cod_asig2,par_cod_asig3 FROM tblaca009 WHERE pensum='5' AND c_uni_ca='5' AND c_asigna='355447' [1][0] OK
C:[13/11/2015 10:31:59.15][172.16.5.82][1616] SELECT par_cod_asig1,par_cod_asig2,par_cod_asig3 FROM tblaca009 WHERE pensum='5' AND c_uni_ca='5' AND c_asigna='300422' [1][0] OK
C:[13/11/2015 10:31:59.53][172.16.5.82][1687] SELECT c_asigna FROM tblaca009 WHERE pensum='5' AND c_uni_ca='5' AND ((par_cod_asig1='355573') OR (par_cod_asig2='355573') OR (par_cod_asig3='355573'))  [0][0] OK
C:[13/11/2015 10:33:48.00][172.16.4.254][1572] SELECT pre_cod_asig1,pre_cod_asig2,pre_cod_asig3,pre_cod_asig4,pre_cod_asig5,pre_cod_asig6,pre_cod_asig7 FROM tblaca009 WHERE pensum='5' AND c_uni_ca='5' AND c_asigna='300422' [1][0] OK
C:[13/11/2015 10:33:48.00][172.16.4.254][1585] SELECT c_asigna FROM dace004 WHERE exp_e='12-25637586' AND c_asigna='300105' AND status IN ('0','3','B') [1][0] OK
C:[13/11/2015 10:33:48.00][172.16.4.254][1585] SELECT c_asigna FROM dace004 WHERE exp_e='12-25637586' AND c_asigna='300314' AND status IN ('0','3','B') [1][0] OK
C:[13/11/2015 10:33:48.00][172.16.4.254][1572] SELECT pre_cod_asig1,pre_cod_asig2,pre_cod_asig3,pre_cod_asig4,pre_cod_asig5,pre_cod_asig6,pre_cod_asig7 FROM tblaca009 WHERE pensum='5' AND c_uni_ca='5' AND c_asigna='351451' [1][0] OK
C:[13/11/2015 10:33:48.00][172.16.4.254][1585] SELECT c_asigna FROM dace004 WHERE exp_e='12-25637586' AND c_asigna='351330' AND status IN ('0','3','B') [1][0] OK
C:[13/11/2015 10:33:48.00][172.16.4.254][1585] SELECT c_asigna FROM dace004 WHERE exp_e='12-25637586' AND c_asigna='355350' AND status IN ('0','3','B') [1][0] OK
C:[13/11/2015 10:33:48.00][172.16.4.254][1585] SELECT c_asigna FROM dace004 WHERE exp_e='12-25637586' AND c_asigna='300318' AND status IN ('0','3','B') [1][0] OK
C:[13/11/2015 10:33:48.00][172.16.4.254][1585] SELECT c_asigna FROM dace004 WHERE exp_e='12-25637586' AND c_asigna='300209' AND status IN ('0','3','B') [1][0] OK
C:[13/11/2015 10:33:48.00][172.16.4.254][1585] SELECT c_asigna FROM dace004 WHERE exp_e='12-25637586' AND c_asigna='300222' AND status IN ('0','3','B') [1][0] OK
C:[13/11/2015 10:33:48.00][172.16.4.254][1572] SELECT pre_cod_asig1,pre_cod_asig2,pre_cod_asig3,pre_cod_asig4,pre_cod_asig5,pre_cod_asig6,pre_cod_asig7 FROM tblaca009 WHERE pensum='5' AND c_uni_ca='5' AND c_asigna='355447' [1][0] OK
C:[13/11/2015 10:33:48.00][172.16.4.254][1585] SELECT c_asigna FROM dace004 WHERE exp_e='12-25637586' AND c_asigna='351330' AND status IN ('0','3','B') [1][0] OK
C:[13/11/2015 10:33:49.38][172.16.4.254][1616] SELECT par_cod_asig1,par_cod_asig2,par_cod_asig3 FROM tblaca009 WHERE pensum='5' AND c_uni_ca='5' AND c_asigna='300422' [1][0] OK
C:[13/11/2015 10:33:49.38][172.16.4.254][1616] SELECT par_cod_asig1,par_cod_asig2,par_cod_asig3 FROM tblaca009 WHERE pensum='5' AND c_uni_ca='5' AND c_asigna='351451' [1][0] OK
C:[13/11/2015 10:33:49.38][172.16.4.254][1616] SELECT par_cod_asig1,par_cod_asig2,par_cod_asig3 FROM tblaca009 WHERE pensum='5' AND c_uni_ca='5' AND c_asigna='355447' [1][0] OK
C:[13/11/2015 10:33:49.76][172.16.4.254][1687] SELECT c_asigna FROM tblaca009 WHERE pensum='5' AND c_uni_ca='5' AND ((par_cod_asig1='355572') OR (par_cod_asig2='355572') OR (par_cod_asig3='355572'))  [0][0] OK
C:[13/11/2015 10:33:49.76][172.16.4.254][1687] SELECT c_asigna FROM tblaca009 WHERE pensum='5' AND c_uni_ca='5' AND ((par_cod_asig1='355573') OR (par_cod_asig2='355573') OR (par_cod_asig3='355573'))  [0][0] OK
C:[13/11/2015 10:43:31.61][172.16.4.254][1572] SELECT pre_cod_asig1,pre_cod_asig2,pre_cod_asig3,pre_cod_asig4,pre_cod_asig5,pre_cod_asig6,pre_cod_asig7 FROM tblaca009 WHERE pensum='5' AND c_uni_ca='5' AND c_asigna='355696' [1][0] OK
C:[13/11/2015 10:43:31.61][172.16.4.254][1585] SELECT c_asigna FROM dace004 WHERE exp_e='09-22831279' AND c_asigna='355570' AND status IN ('0','3','B') [1][0] OK
C:[13/11/2015 10:43:31.61][172.16.4.254][1585] SELECT c_asigna FROM dace004 WHERE exp_e='09-22831279' AND c_asigna='355571' AND status IN ('0','3','B') [1][0] OK
C:[13/11/2015 10:43:31.98][172.16.4.254][1616] SELECT par_cod_asig1,par_cod_asig2,par_cod_asig3 FROM tblaca009 WHERE pensum='5' AND c_uni_ca='5' AND c_asigna='355696' [1][0] OK
C:[13/11/2015 10:43:32.11][172.16.4.254][1687] SELECT c_asigna FROM tblaca009 WHERE pensum='5' AND c_uni_ca='5' AND ((par_cod_asig1='355573') OR (par_cod_asig2='355573') OR (par_cod_asig3='355573'))  [0][0] OK
C:[19/11/2015 09:47:21.33][172.16.4.254][1572] SELECT pre_cod_asig1,pre_cod_asig2,pre_cod_asig3,pre_cod_asig4,pre_cod_asig5,pre_cod_asig6,pre_cod_asig7 FROM tblaca009 WHERE pensum='5' AND c_uni_ca='5' AND c_asigna='355720' [1][0] OK
C:[19/11/2015 09:47:21.33][172.16.4.254][1585] SELECT c_asigna FROM dace004 WHERE exp_e='10-20137264' AND c_asigna='355692' AND status IN ('0','3','B') [1][0] OK
C:[19/11/2015 09:47:21.33][172.16.4.254][1585] SELECT c_asigna FROM dace004 WHERE exp_e='10-20137264' AND c_asigna='355696' AND status IN ('0','3','B') [1][0] OK
C:[19/11/2015 09:47:21.33][172.16.4.254][1572] SELECT pre_cod_asig1,pre_cod_asig2,pre_cod_asig3,pre_cod_asig4,pre_cod_asig5,pre_cod_asig6,pre_cod_asig7 FROM tblaca009 WHERE pensum='5' AND c_uni_ca='5' AND c_asigna='355835' [1][0] OK
C:[19/11/2015 09:47:21.33][172.16.4.254][1585] SELECT c_asigna FROM dace004 WHERE exp_e='10-20137264' AND c_asigna='355691' AND status IN ('0','3','B') [1][0] OK
C:[19/11/2015 09:47:21.33][172.16.4.254][1572] SELECT pre_cod_asig1,pre_cod_asig2,pre_cod_asig3,pre_cod_asig4,pre_cod_asig5,pre_cod_asig6,pre_cod_asig7 FROM tblaca009 WHERE pensum='5' AND c_uni_ca='5' AND c_asigna='355874' [1][0] OK
C:[19/11/2015 09:47:21.33][172.16.4.254][1585] SELECT c_asigna FROM dace004 WHERE exp_e='10-20137264' AND c_asigna='355448' AND status IN ('0','3','B') [1][0] OK
C:[19/11/2015 09:47:21.33][172.16.4.254][1572] SELECT pre_cod_asig1,pre_cod_asig2,pre_cod_asig3,pre_cod_asig4,pre_cod_asig5,pre_cod_asig6,pre_cod_asig7 FROM tblaca009 WHERE pensum='5' AND c_uni_ca='5' AND c_asigna='355721' [1][0] OK
C:[19/11/2015 09:47:21.33][172.16.4.254][1585] SELECT c_asigna FROM dace004 WHERE exp_e='10-20137264' AND c_asigna='355693' AND status IN ('0','3','B') [1][0] OK
C:[19/11/2015 09:47:21.33][172.16.4.254][1585] SELECT c_asigna FROM dace004 WHERE exp_e='10-20137264' AND c_asigna='355696' AND status IN ('0','3','B') [1][0] OK
C:[19/11/2015 09:47:21.33][172.16.4.254][1572] SELECT pre_cod_asig1,pre_cod_asig2,pre_cod_asig3,pre_cod_asig4,pre_cod_asig5,pre_cod_asig6,pre_cod_asig7 FROM tblaca009 WHERE pensum='5' AND c_uni_ca='5' AND c_asigna='355725' [1][0] OK
C:[19/11/2015 09:47:21.33][172.16.4.254][1585] SELECT c_asigna FROM dace004 WHERE exp_e='10-20137264' AND c_asigna='355693' AND status IN ('0','3','B') [1][0] OK
C:[19/11/2015 09:47:21.33][172.16.4.254][1585] SELECT c_asigna FROM dace004 WHERE exp_e='10-20137264' AND c_asigna='355692' AND status IN ('0','3','B') [1][0] OK
C:[19/11/2015 09:47:21.33][172.16.4.254][1572] SELECT pre_cod_asig1,pre_cod_asig2,pre_cod_asig3,pre_cod_asig4,pre_cod_asig5,pre_cod_asig6,pre_cod_asig7 FROM tblaca009 WHERE pensum='5' AND c_uni_ca='5' AND c_asigna='355833' [1][0] OK
C:[19/11/2015 09:47:21.33][172.16.4.254][1585] SELECT c_asigna FROM dace004 WHERE exp_e='10-20137264' AND c_asigna='355694' AND status IN ('0','3','B') [1][0] OK
C:[19/11/2015 09:47:22.47][172.16.4.254][1616] SELECT par_cod_asig1,par_cod_asig2,par_cod_asig3 FROM tblaca009 WHERE pensum='5' AND c_uni_ca='5' AND c_asigna='355720' [1][0] OK
C:[19/11/2015 09:47:22.47][172.16.4.254][1616] SELECT par_cod_asig1,par_cod_asig2,par_cod_asig3 FROM tblaca009 WHERE pensum='5' AND c_uni_ca='5' AND c_asigna='355835' [1][0] OK
C:[19/11/2015 09:47:22.47][172.16.4.254][1616] SELECT par_cod_asig1,par_cod_asig2,par_cod_asig3 FROM tblaca009 WHERE pensum='5' AND c_uni_ca='5' AND c_asigna='355874' [1][0] OK
C:[19/11/2015 09:47:22.47][172.16.4.254][1616] SELECT par_cod_asig1,par_cod_asig2,par_cod_asig3 FROM tblaca009 WHERE pensum='5' AND c_uni_ca='5' AND c_asigna='355721' [1][0] OK
C:[19/11/2015 09:47:22.47][172.16.4.254][1616] SELECT par_cod_asig1,par_cod_asig2,par_cod_asig3 FROM tblaca009 WHERE pensum='5' AND c_uni_ca='5' AND c_asigna='355725' [1][0] OK
C:[19/11/2015 09:47:22.47][172.16.4.254][1616] SELECT par_cod_asig1,par_cod_asig2,par_cod_asig3 FROM tblaca009 WHERE pensum='5' AND c_uni_ca='5' AND c_asigna='355833' [1][0] OK
C:[19/11/2015 09:47:22.19][172.16.4.254][1687] SELECT c_asigna FROM tblaca009 WHERE pensum='5' AND c_uni_ca='5' AND ((par_cod_asig1='355724') OR (par_cod_asig2='355724') OR (par_cod_asig3='355724'))  [0][0] OK
C:[23/11/2015 14:29:35.94][172.16.4.251][1572] SELECT pre_cod_asig1,pre_cod_asig2,pre_cod_asig3,pre_cod_asig4,pre_cod_asig5,pre_cod_asig6,pre_cod_asig7 FROM tblaca009 WHERE pensum='5' AND c_uni_ca='6' AND c_asigna='300317' [1][0] OK
C:[23/11/2015 14:29:35.94][172.16.4.251][1585] SELECT c_asigna FROM dace004 WHERE exp_e='14-25612335' AND c_asigna='300207' AND status IN ('0','3','B') [1][0] OK
C:[23/11/2015 14:29:35.94][172.16.4.251][1585] SELECT c_asigna FROM dace004 WHERE exp_e='14-25612335' AND c_asigna='300209' AND status IN ('0','3','B') [1][0] OK
C:[23/11/2015 14:29:35.94][172.16.4.251][1572] SELECT pre_cod_asig1,pre_cod_asig2,pre_cod_asig3,pre_cod_asig4,pre_cod_asig5,pre_cod_asig6,pre_cod_asig7 FROM tblaca009 WHERE pensum='5' AND c_uni_ca='6' AND c_asigna='300314' [1][0] OK
C:[23/11/2015 14:29:35.94][172.16.4.251][1585] SELECT c_asigna FROM dace004 WHERE exp_e='14-25612335' AND c_asigna='300106' AND status IN ('0','3','B') [1][0] OK
C:[23/11/2015 14:29:35.94][172.16.4.251][1572] SELECT pre_cod_asig1,pre_cod_asig2,pre_cod_asig3,pre_cod_asig4,pre_cod_asig5,pre_cod_asig6,pre_cod_asig7 FROM tblaca009 WHERE pensum='5' AND c_uni_ca='6' AND c_asigna='300318' [1][0] OK
C:[23/11/2015 14:29:35.94][172.16.4.251][1585] SELECT c_asigna FROM dace004 WHERE exp_e='14-25612335' AND c_asigna='300228' AND status IN ('0','3','B') [1][0] OK
C:[23/11/2015 14:29:35.94][172.16.4.251][1585] SELECT c_asigna FROM dace004 WHERE exp_e='14-25612335' AND c_asigna='300207' AND status IN ('0','3','B') [1][0] OK
C:[23/11/2015 14:29:35.94][172.16.4.251][1585] SELECT c_asigna FROM dace004 WHERE exp_e='14-25612335' AND c_asigna='300218' AND status IN ('0','3','B') [1][0] OK
C:[23/11/2015 14:29:35.94][172.16.4.251][1572] SELECT pre_cod_asig1,pre_cod_asig2,pre_cod_asig3,pre_cod_asig4,pre_cod_asig5,pre_cod_asig6,pre_cod_asig7 FROM tblaca009 WHERE pensum='5' AND c_uni_ca='6' AND c_asigna='300313' [1][0] OK
C:[23/11/2015 14:29:35.94][172.16.4.251][1585] SELECT c_asigna FROM dace004 WHERE exp_e='14-25612335' AND c_asigna='300213' AND status IN ('0','3','B') [1][0] OK
C:[23/11/2015 14:29:35.94][172.16.4.251][1585] SELECT c_asigna FROM dace004 WHERE exp_e='14-25612335' AND c_asigna='300226' AND status IN ('0','3','B') [1][0] OK
C:[23/11/2015 14:29:35.94][172.16.4.251][1585] SELECT c_asigna FROM dace004 WHERE exp_e='14-25612335' AND c_asigna='300222' AND status IN ('0','3','B') [1][0] OK
C:[23/11/2015 14:29:35.94][172.16.4.251][1585] SELECT c_asigna FROM dace004 WHERE exp_e='14-25612335' AND c_asigna='300209' AND status IN ('0','3','B') [1][0] OK
C:[23/11/2015 14:29:35.94][172.16.4.251][1572] SELECT pre_cod_asig1,pre_cod_asig2,pre_cod_asig3,pre_cod_asig4,pre_cod_asig5,pre_cod_asig6,pre_cod_asig7 FROM tblaca009 WHERE pensum='5' AND c_uni_ca='6' AND c_asigna='340327' [1][0] OK
C:[23/11/2015 14:29:35.94][172.16.4.251][1585] SELECT c_asigna FROM dace004 WHERE exp_e='14-25612335' AND c_asigna='300013' AND status IN ('0','3','B') [1][0] OK
C:[23/11/2015 14:29:35.94][172.16.4.251][1585] SELECT c_asigna FROM dace004 WHERE exp_e='14-25612335' AND c_asigna='300113' AND status IN ('0','3','B') [1][0] OK
C:[23/11/2015 14:29:36.18][172.16.4.251][1616] SELECT par_cod_asig1,par_cod_asig2,par_cod_asig3 FROM tblaca009 WHERE pensum='5' AND c_uni_ca='6' AND c_asigna='300317' [1][0] OK
C:[23/11/2015 14:29:36.18][172.16.4.251][1616] SELECT par_cod_asig1,par_cod_asig2,par_cod_asig3 FROM tblaca009 WHERE pensum='5' AND c_uni_ca='6' AND c_asigna='300314' [1][0] OK
C:[23/11/2015 14:29:36.18][172.16.4.251][1616] SELECT par_cod_asig1,par_cod_asig2,par_cod_asig3 FROM tblaca009 WHERE pensum='5' AND c_uni_ca='6' AND c_asigna='300318' [1][0] OK
C:[23/11/2015 14:29:36.18][172.16.4.251][1616] SELECT par_cod_asig1,par_cod_asig2,par_cod_asig3 FROM tblaca009 WHERE pensum='5' AND c_uni_ca='6' AND c_asigna='300313' [1][0] OK
C:[23/11/2015 14:29:36.18][172.16.4.251][1616] SELECT par_cod_asig1,par_cod_asig2,par_cod_asig3 FROM tblaca009 WHERE pensum='5' AND c_uni_ca='6' AND c_asigna='340327' [1][0] OK
C:[25/11/2015 14:16:23.91][172.16.1.86][1572] SELECT pre_cod_asig1,pre_cod_asig2,pre_cod_asig3,pre_cod_asig4,pre_cod_asig5,pre_cod_asig6,pre_cod_asig7 FROM tblaca009 WHERE pensum='5' AND c_uni_ca='5' AND c_asigna='355838' [1][0] OK
C:[25/11/2015 14:16:23.91][172.16.1.86][1585] SELECT c_asigna FROM dace004 WHERE exp_e='10-20886151' AND c_asigna='355721' AND status IN ('0','3','B') [1][0] OK
C:[25/11/2015 14:16:23.91][172.16.1.86][1572] SELECT pre_cod_asig1,pre_cod_asig2,pre_cod_asig3,pre_cod_asig4,pre_cod_asig5,pre_cod_asig6,pre_cod_asig7 FROM tblaca009 WHERE pensum='5' AND c_uni_ca='5' AND c_asigna='355720' [1][0] OK
C:[25/11/2015 14:16:23.91][172.16.1.86][1585] SELECT c_asigna FROM dace004 WHERE exp_e='10-20886151' AND c_asigna='355692' AND status IN ('0','3','B') [1][0] OK
C:[25/11/2015 14:16:23.91][172.16.1.86][1585] SELECT c_asigna FROM dace004 WHERE exp_e='10-20886151' AND c_asigna='355696' AND status IN ('0','3','B') [1][0] OK
C:[25/11/2015 14:16:23.91][172.16.1.86][1572] SELECT pre_cod_asig1,pre_cod_asig2,pre_cod_asig3,pre_cod_asig4,pre_cod_asig5,pre_cod_asig6,pre_cod_asig7 FROM tblaca009 WHERE pensum='5' AND c_uni_ca='5' AND c_asigna='355725' [1][0] OK
C:[25/11/2015 14:16:23.91][172.16.1.86][1585] SELECT c_asigna FROM dace004 WHERE exp_e='10-20886151' AND c_asigna='355693' AND status IN ('0','3','B') [1][0] OK
C:[25/11/2015 14:16:23.91][172.16.1.86][1585] SELECT c_asigna FROM dace004 WHERE exp_e='10-20886151' AND c_asigna='355692' AND status IN ('0','3','B') [1][0] OK
C:[25/11/2015 14:16:23.91][172.16.1.86][1572] SELECT pre_cod_asig1,pre_cod_asig2,pre_cod_asig3,pre_cod_asig4,pre_cod_asig5,pre_cod_asig6,pre_cod_asig7 FROM tblaca009 WHERE pensum='5' AND c_uni_ca='5' AND c_asigna='354852' [1][0] OK
C:[25/11/2015 14:16:23.91][172.16.1.86][1572] SELECT pre_cod_asig1,pre_cod_asig2,pre_cod_asig3,pre_cod_asig4,pre_cod_asig5,pre_cod_asig6,pre_cod_asig7 FROM tblaca009 WHERE pensum='5' AND c_uni_ca='5' AND c_asigna='355953' [1][0] OK
C:[25/11/2015 14:16:23.91][172.16.1.86][1585] SELECT c_asigna FROM dace004 WHERE exp_e='10-20886151' AND c_asigna='355691' AND status IN ('0','3','B') [1][0] OK
C:[25/11/2015 14:16:23.28][172.16.1.86][1616] SELECT par_cod_asig1,par_cod_asig2,par_cod_asig3 FROM tblaca009 WHERE pensum='5' AND c_uni_ca='5' AND c_asigna='355838' [1][0] OK
C:[25/11/2015 14:16:23.28][172.16.1.86][1616] SELECT par_cod_asig1,par_cod_asig2,par_cod_asig3 FROM tblaca009 WHERE pensum='5' AND c_uni_ca='5' AND c_asigna='355720' [1][0] OK
C:[25/11/2015 14:16:23.28][172.16.1.86][1616] SELECT par_cod_asig1,par_cod_asig2,par_cod_asig3 FROM tblaca009 WHERE pensum='5' AND c_uni_ca='5' AND c_asigna='355725' [1][0] OK
C:[25/11/2015 14:16:23.28][172.16.1.86][1616] SELECT par_cod_asig1,par_cod_asig2,par_cod_asig3 FROM tblaca009 WHERE pensum='5' AND c_uni_ca='5' AND c_asigna='354852' [1][0] OK
C:[25/11/2015 14:16:23.28][172.16.1.86][1616] SELECT par_cod_asig1,par_cod_asig2,par_cod_asig3 FROM tblaca009 WHERE pensum='5' AND c_uni_ca='5' AND c_asigna='355953' [1][0] OK
C:[25/11/2015 14:16:24.91][172.16.1.86][1687] SELECT c_asigna FROM tblaca009 WHERE pensum='5' AND c_uni_ca='5' AND ((par_cod_asig1='355724') OR (par_cod_asig2='355724') OR (par_cod_asig3='355724'))  [0][0] OK
C:[25/11/2015 14:19:26.76][172.16.1.86][1572] SELECT pre_cod_asig1,pre_cod_asig2,pre_cod_asig3,pre_cod_asig4,pre_cod_asig5,pre_cod_asig6,pre_cod_asig7 FROM tblaca009 WHERE pensum='5' AND c_uni_ca='5' AND c_asigna='355724' [1][0] OK
C:[25/11/2015 14:19:26.76][172.16.1.86][1585] SELECT c_asigna FROM dace004 WHERE exp_e='10-20886151' AND c_asigna='355692' AND status IN ('0','3','B') [1][0] OK
C:[25/11/2015 14:19:26.76][172.16.1.86][1572] SELECT pre_cod_asig1,pre_cod_asig2,pre_cod_asig3,pre_cod_asig4,pre_cod_asig5,pre_cod_asig6,pre_cod_asig7 FROM tblaca009 WHERE pensum='5' AND c_uni_ca='5' AND c_asigna='355838' [1][0] OK
C:[25/11/2015 14:19:26.76][172.16.1.86][1585] SELECT c_asigna FROM dace004 WHERE exp_e='10-20886151' AND c_asigna='355721' AND status IN ('0','3','B') [1][0] OK
C:[25/11/2015 14:19:26.76][172.16.1.86][1572] SELECT pre_cod_asig1,pre_cod_asig2,pre_cod_asig3,pre_cod_asig4,pre_cod_asig5,pre_cod_asig6,pre_cod_asig7 FROM tblaca009 WHERE pensum='5' AND c_uni_ca='5' AND c_asigna='355720' [1][0] OK
C:[25/11/2015 14:19:26.76][172.16.1.86][1585] SELECT c_asigna FROM dace004 WHERE exp_e='10-20886151' AND c_asigna='355692' AND status IN ('0','3','B') [1][0] OK
C:[25/11/2015 14:19:26.76][172.16.1.86][1585] SELECT c_asigna FROM dace004 WHERE exp_e='10-20886151' AND c_asigna='355696' AND status IN ('0','3','B') [1][0] OK
C:[25/11/2015 14:19:26.76][172.16.1.86][1572] SELECT pre_cod_asig1,pre_cod_asig2,pre_cod_asig3,pre_cod_asig4,pre_cod_asig5,pre_cod_asig6,pre_cod_asig7 FROM tblaca009 WHERE pensum='5' AND c_uni_ca='5' AND c_asigna='355725' [1][0] OK
C:[25/11/2015 14:19:26.76][172.16.1.86][1585] SELECT c_asigna FROM dace004 WHERE exp_e='10-20886151' AND c_asigna='355693' AND status IN ('0','3','B') [1][0] OK
C:[25/11/2015 14:19:26.76][172.16.1.86][1585] SELECT c_asigna FROM dace004 WHERE exp_e='10-20886151' AND c_asigna='355692' AND status IN ('0','3','B') [1][0] OK
C:[25/11/2015 14:19:26.76][172.16.1.86][1572] SELECT pre_cod_asig1,pre_cod_asig2,pre_cod_asig3,pre_cod_asig4,pre_cod_asig5,pre_cod_asig6,pre_cod_asig7 FROM tblaca009 WHERE pensum='5' AND c_uni_ca='5' AND c_asigna='354852' [1][0] OK
C:[25/11/2015 14:19:26.76][172.16.1.86][1572] SELECT pre_cod_asig1,pre_cod_asig2,pre_cod_asig3,pre_cod_asig4,pre_cod_asig5,pre_cod_asig6,pre_cod_asig7 FROM tblaca009 WHERE pensum='5' AND c_uni_ca='5' AND c_asigna='355953' [1][0] OK
C:[25/11/2015 14:19:26.76][172.16.1.86][1585] SELECT c_asigna FROM dace004 WHERE exp_e='10-20886151' AND c_asigna='355691' AND status IN ('0','3','B') [1][0] OK
C:[25/11/2015 14:19:27.39][172.16.1.86][1616] SELECT par_cod_asig1,par_cod_asig2,par_cod_asig3 FROM tblaca009 WHERE pensum='5' AND c_uni_ca='5' AND c_asigna='355724' [1][0] OK
C:[25/11/2015 14:19:27.39][172.16.1.86][1616] SELECT par_cod_asig1,par_cod_asig2,par_cod_asig3 FROM tblaca009 WHERE pensum='5' AND c_uni_ca='5' AND c_asigna='355838' [1][0] OK
C:[25/11/2015 14:19:27.39][172.16.1.86][1616] SELECT par_cod_asig1,par_cod_asig2,par_cod_asig3 FROM tblaca009 WHERE pensum='5' AND c_uni_ca='5' AND c_asigna='355720' [1][0] OK
C:[25/11/2015 14:19:27.39][172.16.1.86][1616] SELECT par_cod_asig1,par_cod_asig2,par_cod_asig3 FROM tblaca009 WHERE pensum='5' AND c_uni_ca='5' AND c_asigna='355725' [1][0] OK
C:[25/11/2015 14:19:27.39][172.16.1.86][1616] SELECT par_cod_asig1,par_cod_asig2,par_cod_asig3 FROM tblaca009 WHERE pensum='5' AND c_uni_ca='5' AND c_asigna='354852' [1][0] OK
C:[25/11/2015 14:19:27.39][172.16.1.86][1616] SELECT par_cod_asig1,par_cod_asig2,par_cod_asig3 FROM tblaca009 WHERE pensum='5' AND c_uni_ca='5' AND c_asigna='355953' [1][0] OK
C:[30/11/2015 14:34:58.34][172.16.4.241][1572] SELECT pre_cod_asig1,pre_cod_asig2,pre_cod_asig3,pre_cod_asig4,pre_cod_asig5,pre_cod_asig6,pre_cod_asig7 FROM tblaca009 WHERE pensum='5' AND c_uni_ca='2' AND c_asigna='300207' [1][0] OK
C:[30/11/2015 14:34:58.34][172.16.4.241][1585] SELECT c_asigna FROM dace004 WHERE exp_e='14-25277474' AND c_asigna='300101' AND status IN ('0','3','B') [1][0] OK
C:[30/11/2015 14:34:58.34][172.16.4.241][1572] SELECT pre_cod_asig1,pre_cod_asig2,pre_cod_asig3,pre_cod_asig4,pre_cod_asig5,pre_cod_asig6,pre_cod_asig7 FROM tblaca009 WHERE pensum='5' AND c_uni_ca='2' AND c_asigna='300209' [1][0] OK
C:[30/11/2015 14:34:58.34][172.16.4.241][1585] SELECT c_asigna FROM dace004 WHERE exp_e='14-25277474' AND c_asigna='300101' AND status IN ('0','3','B') [1][0] OK
C:[30/11/2015 14:34:58.41][172.16.4.241][1616] SELECT par_cod_asig1,par_cod_asig2,par_cod_asig3 FROM tblaca009 WHERE pensum='5' AND c_uni_ca='2' AND c_asigna='300207' [1][0] OK
C:[30/11/2015 14:34:58.41][172.16.4.241][1616] SELECT par_cod_asig1,par_cod_asig2,par_cod_asig3 FROM tblaca009 WHERE pensum='5' AND c_uni_ca='2' AND c_asigna='300209' [1][0] OK
C:[11/02/2016 09:13:36.66][172.16.4.254][1572] SELECT pre_cod_asig1,pre_cod_asig2,pre_cod_asig3,pre_cod_asig4,pre_cod_asig5,pre_cod_asig6,pre_cod_asig7 FROM tblaca009 WHERE pensum='5' AND c_uni_ca='3' AND c_asigna='311704' [1][0] OK
C:[11/02/2016 09:13:36.66][172.16.4.254][1585] SELECT c_asigna FROM dace004 WHERE exp_e='12-25934972' AND c_asigna='315671' AND status IN ('0','3','B') [1][0] OK
C:[11/02/2016 09:13:36.66][172.16.4.254][1572] SELECT pre_cod_asig1,pre_cod_asig2,pre_cod_asig3,pre_cod_asig4,pre_cod_asig5,pre_cod_asig6,pre_cod_asig7 FROM tblaca009 WHERE pensum='5' AND c_uni_ca='3' AND c_asigna='311775' [1][0] OK
C:[11/02/2016 09:13:36.66][172.16.4.254][1585] SELECT c_asigna FROM dace004 WHERE exp_e='12-25934972' AND c_asigna='311655' AND status IN ('0','3','B') [1][0] OK
C:[11/02/2016 09:13:36.66][172.16.4.254][1572] SELECT pre_cod_asig1,pre_cod_asig2,pre_cod_asig3,pre_cod_asig4,pre_cod_asig5,pre_cod_asig6,pre_cod_asig7 FROM tblaca009 WHERE pensum='5' AND c_uni_ca='3' AND c_asigna='311799' [1][0] OK
C:[11/02/2016 09:13:36.66][172.16.4.254][1585] SELECT c_asigna FROM dace004 WHERE exp_e='12-25934972' AND c_asigna='311673' AND status IN ('0','3','B') [1][0] OK
C:[11/02/2016 09:13:36.66][172.16.4.254][1572] SELECT pre_cod_asig1,pre_cod_asig2,pre_cod_asig3,pre_cod_asig4,pre_cod_asig5,pre_cod_asig6,pre_cod_asig7 FROM tblaca009 WHERE pensum='5' AND c_uni_ca='3' AND c_asigna='300676' [1][0] OK
C:[11/02/2016 09:13:36.66][172.16.4.254][1572] SELECT pre_cod_asig1,pre_cod_asig2,pre_cod_asig3,pre_cod_asig4,pre_cod_asig5,pre_cod_asig6,pre_cod_asig7 FROM tblaca009 WHERE pensum='5' AND c_uni_ca='3' AND c_asigna='310548' [1][0] OK
C:[11/02/2016 09:13:36.66][172.16.4.254][1585] SELECT c_asigna FROM dace004 WHERE exp_e='12-25934972' AND c_asigna='300428' AND status IN ('0','3','B') [1][0] OK
C:[11/02/2016 09:13:36.66][172.16.4.254][1585] SELECT c_asigna FROM dace004 WHERE exp_e='12-25934972' AND c_asigna='300313' AND status IN ('0','3','B') [1][0] OK
C:[11/02/2016 09:13:36.66][172.16.4.254][1585] SELECT c_asigna FROM dace004 WHERE exp_e='12-25934972' AND c_asigna='300222' AND status IN ('0','3','B') [1][0] OK
C:[11/02/2016 09:13:36.66][172.16.4.254][1585] SELECT c_asigna FROM dace004 WHERE exp_e='12-25934972' AND c_asigna='300226' AND status IN ('0','3','B') [1][0] OK
C:[11/02/2016 09:13:36.66][172.16.4.254][1585] SELECT c_asigna FROM dace004 WHERE exp_e='12-25934972' AND c_asigna='300209' AND status IN ('0','3','B') [1][0] OK
C:[11/02/2016 09:13:36.97][172.16.4.254][1616] SELECT par_cod_asig1,par_cod_asig2,par_cod_asig3 FROM tblaca009 WHERE pensum='5' AND c_uni_ca='3' AND c_asigna='311704' [1][0] OK
C:[11/02/2016 09:13:36.97][172.16.4.254][1616] SELECT par_cod_asig1,par_cod_asig2,par_cod_asig3 FROM tblaca009 WHERE pensum='5' AND c_uni_ca='3' AND c_asigna='311775' [1][0] OK
C:[11/02/2016 09:13:36.97][172.16.4.254][1616] SELECT par_cod_asig1,par_cod_asig2,par_cod_asig3 FROM tblaca009 WHERE pensum='5' AND c_uni_ca='3' AND c_asigna='311799' [1][0] OK
C:[11/02/2016 09:13:36.97][172.16.4.254][1616] SELECT par_cod_asig1,par_cod_asig2,par_cod_asig3 FROM tblaca009 WHERE pensum='5' AND c_uni_ca='3' AND c_asigna='300676' [1][0] OK
C:[11/02/2016 09:13:36.97][172.16.4.254][1616] SELECT par_cod_asig1,par_cod_asig2,par_cod_asig3 FROM tblaca009 WHERE pensum='5' AND c_uni_ca='3' AND c_asigna='310548' [1][0] OK
C:[11/02/2016 09:13:36.60][172.16.4.254][1687] SELECT c_asigna FROM tblaca009 WHERE pensum='5' AND c_uni_ca='3' AND ((par_cod_asig1='311796') OR (par_cod_asig2='311796') OR (par_cod_asig3='311796'))  [0][0] OK
C:[31/10/2016 08:43:28.66][172.16.4.234][1572] SELECT pre_cod_asig1,pre_cod_asig2,pre_cod_asig3,pre_cod_asig4,pre_cod_asig5,pre_cod_asig6,pre_cod_asig7 FROM tblaca009 WHERE pensum='5' AND c_uni_ca='5' AND c_asigna='300422' [1][0] OK
C:[31/10/2016 08:43:28.66][172.16.4.234][1585] SELECT c_asigna FROM dace004 WHERE exp_e='13-26359907' AND c_asigna='300105' AND status IN ('0','3','B') [1][0] OK
C:[31/10/2016 08:43:28.66][172.16.4.234][1585] SELECT c_asigna FROM dace004 WHERE exp_e='13-26359907' AND c_asigna='300314' AND status IN ('0','3','B') [1][0] OK
C:[31/10/2016 08:43:28.66][172.16.4.234][1572] SELECT pre_cod_asig1,pre_cod_asig2,pre_cod_asig3,pre_cod_asig4,pre_cod_asig5,pre_cod_asig6,pre_cod_asig7 FROM tblaca009 WHERE pensum='5' AND c_uni_ca='5' AND c_asigna='351451' [1][0] OK
C:[31/10/2016 08:43:28.66][172.16.4.234][1585] SELECT c_asigna FROM dace004 WHERE exp_e='13-26359907' AND c_asigna='351330' AND status IN ('0','3','B') [1][0] OK
C:[31/10/2016 08:43:28.66][172.16.4.234][1585] SELECT c_asigna FROM dace004 WHERE exp_e='13-26359907' AND c_asigna='355350' AND status IN ('0','3','B') [1][0] OK
C:[31/10/2016 08:43:28.66][172.16.4.234][1585] SELECT c_asigna FROM dace004 WHERE exp_e='13-26359907' AND c_asigna='300318' AND status IN ('0','3','B') [1][0] OK
C:[31/10/2016 08:43:28.66][172.16.4.234][1585] SELECT c_asigna FROM dace004 WHERE exp_e='13-26359907' AND c_asigna='300209' AND status IN ('0','3','B') [1][0] OK
C:[31/10/2016 08:43:28.66][172.16.4.234][1585] SELECT c_asigna FROM dace004 WHERE exp_e='13-26359907' AND c_asigna='300222' AND status IN ('0','3','B') [1][0] OK
C:[31/10/2016 08:43:28.66][172.16.4.234][1572] SELECT pre_cod_asig1,pre_cod_asig2,pre_cod_asig3,pre_cod_asig4,pre_cod_asig5,pre_cod_asig6,pre_cod_asig7 FROM tblaca009 WHERE pensum='5' AND c_uni_ca='5' AND c_asigna='352440' [1][0] OK
C:[31/10/2016 08:43:28.66][172.16.4.234][1585] SELECT c_asigna FROM dace004 WHERE exp_e='13-26359907' AND c_asigna='300317' AND status IN ('0','3','B') [1][0] OK
C:[31/10/2016 08:43:28.66][172.16.4.234][1585] SELECT c_asigna FROM dace004 WHERE exp_e='13-26359907' AND c_asigna='300013' AND status IN ('0','3','B') [1][0] OK
C:[31/10/2016 08:43:28.66][172.16.4.234][1585] SELECT c_asigna FROM dace004 WHERE exp_e='13-26359907' AND c_asigna='300113' AND status IN ('0','3','B') [1][0] OK
C:[31/10/2016 08:43:28.66][172.16.4.234][1572] SELECT pre_cod_asig1,pre_cod_asig2,pre_cod_asig3,pre_cod_asig4,pre_cod_asig5,pre_cod_asig6,pre_cod_asig7 FROM tblaca009 WHERE pensum='5' AND c_uni_ca='5' AND c_asigna='355448' [1][0] OK
C:[31/10/2016 08:43:28.66][172.16.4.234][1585] SELECT c_asigna FROM dace004 WHERE exp_e='13-26359907' AND c_asigna='300313' AND status IN ('0','3','B') [1][0] OK
C:[31/10/2016 08:43:28.66][172.16.4.234][1585] SELECT c_asigna FROM dace004 WHERE exp_e='13-26359907' AND c_asigna='300209' AND status IN ('0','3','B') [1][0] OK
C:[31/10/2016 08:43:28.66][172.16.4.234][1585] SELECT c_asigna FROM dace004 WHERE exp_e='13-26359907' AND c_asigna='300226' AND status IN ('0','3','B') [1][0] OK
C:[31/10/2016 08:43:28.66][172.16.4.234][1585] SELECT c_asigna FROM dace004 WHERE exp_e='13-26359907' AND c_asigna='300222' AND status IN ('0','3','B') [1][0] OK
C:[31/10/2016 08:43:28.91][172.16.4.234][1616] SELECT par_cod_asig1,par_cod_asig2,par_cod_asig3 FROM tblaca009 WHERE pensum='5' AND c_uni_ca='5' AND c_asigna='300422' [1][0] OK
C:[31/10/2016 08:43:28.91][172.16.4.234][1616] SELECT par_cod_asig1,par_cod_asig2,par_cod_asig3 FROM tblaca009 WHERE pensum='5' AND c_uni_ca='5' AND c_asigna='351451' [1][0] OK
C:[31/10/2016 08:43:28.91][172.16.4.234][1616] SELECT par_cod_asig1,par_cod_asig2,par_cod_asig3 FROM tblaca009 WHERE pensum='5' AND c_uni_ca='5' AND c_asigna='352440' [1][0] OK
C:[31/10/2016 08:43:28.91][172.16.4.234][1616] SELECT par_cod_asig1,par_cod_asig2,par_cod_asig3 FROM tblaca009 WHERE pensum='5' AND c_uni_ca='5' AND c_asigna='355448' [1][0] OK
C:[31/10/2016 08:43:28.41][172.16.4.234][1687] SELECT c_asigna FROM tblaca009 WHERE pensum='5' AND c_uni_ca='5' AND ((par_cod_asig1='355570') OR (par_cod_asig2='355570') OR (par_cod_asig3='355570'))  [0][0] OK
C:[31/10/2016 08:43:28.41][172.16.4.234][1687] SELECT c_asigna FROM tblaca009 WHERE pensum='5' AND c_uni_ca='5' AND ((par_cod_asig1='355571') OR (par_cod_asig2='355571') OR (par_cod_asig3='355571'))  [0][0] OK
C:[31/10/2016 08:46:26.86][172.16.4.234][1572] SELECT pre_cod_asig1,pre_cod_asig2,pre_cod_asig3,pre_cod_asig4,pre_cod_asig5,pre_cod_asig6,pre_cod_asig7 FROM tblaca009 WHERE pensum='5' AND c_uni_ca='5' AND c_asigna='352440' [1][0] OK
C:[31/10/2016 08:46:26.86][172.16.4.234][1585] SELECT c_asigna FROM dace004 WHERE exp_e='12-23501192' AND c_asigna='300317' AND status IN ('0','3','B') [1][0] OK
C:[31/10/2016 08:46:26.86][172.16.4.234][1585] SELECT c_asigna FROM dace004 WHERE exp_e='12-23501192' AND c_asigna='300013' AND status IN ('0','3','B') [1][0] OK
C:[31/10/2016 08:46:26.86][172.16.4.234][1585] SELECT c_asigna FROM dace004 WHERE exp_e='12-23501192' AND c_asigna='300113' AND status IN ('0','3','B') [1][0] OK
C:[31/10/2016 08:46:26.86][172.16.4.234][1572] SELECT pre_cod_asig1,pre_cod_asig2,pre_cod_asig3,pre_cod_asig4,pre_cod_asig5,pre_cod_asig6,pre_cod_asig7 FROM tblaca009 WHERE pensum='5' AND c_uni_ca='5' AND c_asigna='355595' [1][0] OK
C:[31/10/2016 08:46:26.86][172.16.4.234][1585] SELECT c_asigna FROM dace004 WHERE exp_e='12-23501192' AND c_asigna='351451' AND status IN ('0','3','B') [1][0] OK
C:[31/10/2016 08:46:26.86][172.16.4.234][1585] SELECT c_asigna FROM dace004 WHERE exp_e='12-23501192' AND c_asigna='355350' AND status IN ('0','3','B') [1][0] OK
C:[31/10/2016 08:46:26.86][172.16.4.234][1585] SELECT c_asigna FROM dace004 WHERE exp_e='12-23501192' AND c_asigna='300318' AND status IN ('0','3','B') [1][0] OK
C:[31/10/2016 08:46:26.41][172.16.4.234][1616] SELECT par_cod_asig1,par_cod_asig2,par_cod_asig3 FROM tblaca009 WHERE pensum='5' AND c_uni_ca='5' AND c_asigna='352440' [1][0] OK
C:[31/10/2016 08:46:26.41][172.16.4.234][1616] SELECT par_cod_asig1,par_cod_asig2,par_cod_asig3 FROM tblaca009 WHERE pensum='5' AND c_uni_ca='5' AND c_asigna='355595' [1][0] OK
C:[31/10/2016 08:46:26.68][172.16.4.234][1687] SELECT c_asigna FROM tblaca009 WHERE pensum='5' AND c_uni_ca='5' AND ((par_cod_asig1='355448') OR (par_cod_asig2='355448') OR (par_cod_asig3='355448'))  [0][0] OK
C:[31/10/2016 08:46:26.68][172.16.4.234][1687] SELECT c_asigna FROM tblaca009 WHERE pensum='5' AND c_uni_ca='5' AND ((par_cod_asig1='355570') OR (par_cod_asig2='355570') OR (par_cod_asig3='355570'))  [0][0] OK
C:[31/10/2016 08:46:26.68][172.16.4.234][1687] SELECT c_asigna FROM tblaca009 WHERE pensum='5' AND c_uni_ca='5' AND ((par_cod_asig1='355571') OR (par_cod_asig2='355571') OR (par_cod_asig3='355571'))  [0][0] OK
C:[31/10/2016 09:24:16.49][172.16.4.254][1572] SELECT pre_cod_asig1,pre_cod_asig2,pre_cod_asig3,pre_cod_asig4,pre_cod_asig5,pre_cod_asig6,pre_cod_asig7 FROM tblaca009 WHERE pensum='5' AND c_uni_ca='5' AND c_asigna='355570' [1][0] OK
C:[31/10/2016 09:24:16.49][172.16.4.254][1585] SELECT c_asigna FROM dace004 WHERE exp_e='13-26048647' AND c_asigna='355447' AND status IN ('0','3','B') [1][0] OK
C:[31/10/2016 09:24:16.49][172.16.4.254][1572] SELECT pre_cod_asig1,pre_cod_asig2,pre_cod_asig3,pre_cod_asig4,pre_cod_asig5,pre_cod_asig6,pre_cod_asig7 FROM tblaca009 WHERE pensum='5' AND c_uni_ca='5' AND c_asigna='355572' [1][0] OK
C:[31/10/2016 09:24:16.49][172.16.4.254][1585] SELECT c_asigna FROM dace004 WHERE exp_e='13-26048647' AND c_asigna='300428' AND status IN ('0','3','B') [1][0] OK
C:[31/10/2016 09:24:16.49][172.16.4.254][1572] SELECT pre_cod_asig1,pre_cod_asig2,pre_cod_asig3,pre_cod_asig4,pre_cod_asig5,pre_cod_asig6,pre_cod_asig7 FROM tblaca009 WHERE pensum='5' AND c_uni_ca='5' AND c_asigna='355573' [1][0] OK
C:[31/10/2016 09:24:16.49][172.16.4.254][1585] SELECT c_asigna FROM dace004 WHERE exp_e='13-26048647' AND c_asigna='355448' AND status IN ('0','3','B') [1][0] OK
C:[31/10/2016 09:24:16.49][172.16.4.254][1572] SELECT pre_cod_asig1,pre_cod_asig2,pre_cod_asig3,pre_cod_asig4,pre_cod_asig5,pre_cod_asig6,pre_cod_asig7 FROM tblaca009 WHERE pensum='5' AND c_uni_ca='5' AND c_asigna='355595' [1][0] OK
C:[31/10/2016 09:24:16.49][172.16.4.254][1585] SELECT c_asigna FROM dace004 WHERE exp_e='13-26048647' AND c_asigna='351451' AND status IN ('0','3','B') [1][0] OK
C:[31/10/2016 09:24:16.49][172.16.4.254][1585] SELECT c_asigna FROM dace004 WHERE exp_e='13-26048647' AND c_asigna='355350' AND status IN ('0','3','B') [1][0] OK
C:[31/10/2016 09:24:16.49][172.16.4.254][1585] SELECT c_asigna FROM dace004 WHERE exp_e='13-26048647' AND c_asigna='300318' AND status IN ('0','3','B') [1][0] OK
C:[31/10/2016 09:24:16.74][172.16.4.254][1616] SELECT par_cod_asig1,par_cod_asig2,par_cod_asig3 FROM tblaca009 WHERE pensum='5' AND c_uni_ca='5' AND c_asigna='355570' [1][0] OK
C:[31/10/2016 09:24:16.74][172.16.4.254][1616] SELECT par_cod_asig1,par_cod_asig2,par_cod_asig3 FROM tblaca009 WHERE pensum='5' AND c_uni_ca='5' AND c_asigna='355572' [1][0] OK
C:[31/10/2016 09:24:16.74][172.16.4.254][1616] SELECT par_cod_asig1,par_cod_asig2,par_cod_asig3 FROM tblaca009 WHERE pensum='5' AND c_uni_ca='5' AND c_asigna='355573' [1][0] OK
C:[31/10/2016 09:24:16.74][172.16.4.254][1616] SELECT par_cod_asig1,par_cod_asig2,par_cod_asig3 FROM tblaca009 WHERE pensum='5' AND c_uni_ca='5' AND c_asigna='355595' [1][0] OK
C:[31/10/2016 09:24:16.25][172.16.4.254][1687] SELECT c_asigna FROM tblaca009 WHERE pensum='5' AND c_uni_ca='5' AND ((par_cod_asig1='355571') OR (par_cod_asig2='355571') OR (par_cod_asig3='355571'))  [0][0] OK
C:[31/10/2016 09:26:15.49][172.16.4.254][1572] SELECT pre_cod_asig1,pre_cod_asig2,pre_cod_asig3,pre_cod_asig4,pre_cod_asig5,pre_cod_asig6,pre_cod_asig7 FROM tblaca009 WHERE pensum='5' AND c_uni_ca='5' AND c_asigna='355572' [1][0] OK
C:[31/10/2016 09:26:15.49][172.16.4.254][1585] SELECT c_asigna FROM dace004 WHERE exp_e='13-26048647' AND c_asigna='300428' AND status IN ('0','3','B') [1][0] OK
C:[31/10/2016 09:26:15.49][172.16.4.254][1572] SELECT pre_cod_asig1,pre_cod_asig2,pre_cod_asig3,pre_cod_asig4,pre_cod_asig5,pre_cod_asig6,pre_cod_asig7 FROM tblaca009 WHERE pensum='5' AND c_uni_ca='5' AND c_asigna='355573' [1][0] OK
C:[31/10/2016 09:26:15.49][172.16.4.254][1585] SELECT c_asigna FROM dace004 WHERE exp_e='13-26048647' AND c_asigna='355448' AND status IN ('0','3','B') [1][0] OK
C:[31/10/2016 09:26:15.49][172.16.4.254][1572] SELECT pre_cod_asig1,pre_cod_asig2,pre_cod_asig3,pre_cod_asig4,pre_cod_asig5,pre_cod_asig6,pre_cod_asig7 FROM tblaca009 WHERE pensum='5' AND c_uni_ca='5' AND c_asigna='355595' [1][0] OK
C:[31/10/2016 09:26:15.49][172.16.4.254][1585] SELECT c_asigna FROM dace004 WHERE exp_e='13-26048647' AND c_asigna='351451' AND status IN ('0','3','B') [1][0] OK
C:[31/10/2016 09:26:15.49][172.16.4.254][1585] SELECT c_asigna FROM dace004 WHERE exp_e='13-26048647' AND c_asigna='355350' AND status IN ('0','3','B') [1][0] OK
C:[31/10/2016 09:26:15.49][172.16.4.254][1585] SELECT c_asigna FROM dace004 WHERE exp_e='13-26048647' AND c_asigna='300318' AND status IN ('0','3','B') [1][0] OK
C:[31/10/2016 09:26:15.49][172.16.4.254][1572] SELECT pre_cod_asig1,pre_cod_asig2,pre_cod_asig3,pre_cod_asig4,pre_cod_asig5,pre_cod_asig6,pre_cod_asig7 FROM tblaca009 WHERE pensum='5' AND c_uni_ca='5' AND c_asigna='355571' [1][0] OK
C:[31/10/2016 09:26:15.49][172.16.4.254][1585] SELECT c_asigna FROM dace004 WHERE exp_e='13-26048647' AND c_asigna='355447' AND status IN ('0','3','B') [1][0] OK
C:[31/10/2016 09:26:15.74][172.16.4.254][1616] SELECT par_cod_asig1,par_cod_asig2,par_cod_asig3 FROM tblaca009 WHERE pensum='5' AND c_uni_ca='5' AND c_asigna='355572' [1][0] OK
C:[31/10/2016 09:26:15.74][172.16.4.254][1616] SELECT par_cod_asig1,par_cod_asig2,par_cod_asig3 FROM tblaca009 WHERE pensum='5' AND c_uni_ca='5' AND c_asigna='355573' [1][0] OK
C:[31/10/2016 09:26:15.74][172.16.4.254][1616] SELECT par_cod_asig1,par_cod_asig2,par_cod_asig3 FROM tblaca009 WHERE pensum='5' AND c_uni_ca='5' AND c_asigna='355595' [1][0] OK
C:[31/10/2016 09:26:15.74][172.16.4.254][1616] SELECT par_cod_asig1,par_cod_asig2,par_cod_asig3 FROM tblaca009 WHERE pensum='5' AND c_uni_ca='5' AND c_asigna='355571' [1][0] OK
C:[31/10/2016 09:26:15.24][172.16.4.254][1687] SELECT c_asigna FROM tblaca009 WHERE pensum='5' AND c_uni_ca='5' AND ((par_cod_asig1='355570') OR (par_cod_asig2='355570') OR (par_cod_asig3='355570'))  [0][0] OK
C:[31/10/2016 09:49:13.11][172.16.4.254][1572] SELECT pre_cod_asig1,pre_cod_asig2,pre_cod_asig3,pre_cod_asig4,pre_cod_asig5,pre_cod_asig6,pre_cod_asig7 FROM tblaca009 WHERE pensum='5' AND c_uni_ca='3' AND c_asigna='311655' [1][0] OK
C:[31/10/2016 09:49:13.11][172.16.4.254][1585] SELECT c_asigna FROM dace004 WHERE exp_e='11-23730931' AND c_asigna='311556' AND status IN ('0','3','B') [1][0] OK
C:[31/10/2016 09:49:13.11][172.16.4.254][1572] SELECT pre_cod_asig1,pre_cod_asig2,pre_cod_asig3,pre_cod_asig4,pre_cod_asig5,pre_cod_asig6,pre_cod_asig7 FROM tblaca009 WHERE pensum='5' AND c_uni_ca='3' AND c_asigna='311704' [1][0] OK
C:[31/10/2016 09:49:13.11][172.16.4.254][1585] SELECT c_asigna FROM dace004 WHERE exp_e='11-23730931' AND c_asigna='315671' AND status IN ('0','3','B') [1][0] OK
C:[31/10/2016 09:49:13.11][172.16.4.254][1572] SELECT pre_cod_asig1,pre_cod_asig2,pre_cod_asig3,pre_cod_asig4,pre_cod_asig5,pre_cod_asig6,pre_cod_asig7 FROM tblaca009 WHERE pensum='5' AND c_uni_ca='3' AND c_asigna='311795' [1][0] OK
C:[31/10/2016 09:49:13.11][172.16.4.254][1585] SELECT c_asigna FROM dace004 WHERE exp_e='11-23730931' AND c_asigna='311674' AND status IN ('0','3','B') [1][0] OK
C:[31/10/2016 09:49:13.11][172.16.4.254][1585] SELECT c_asigna FROM dace004 WHERE exp_e='11-23730931' AND c_asigna='311673' AND status IN ('0','3','B') [1][0] OK
C:[31/10/2016 09:49:13.11][172.16.4.254][1572] SELECT pre_cod_asig1,pre_cod_asig2,pre_cod_asig3,pre_cod_asig4,pre_cod_asig5,pre_cod_asig6,pre_cod_asig7 FROM tblaca009 WHERE pensum='5' AND c_uni_ca='3' AND c_asigna='311796' [1][0] OK
C:[31/10/2016 09:49:13.11][172.16.4.254][1585] SELECT c_asigna FROM dace004 WHERE exp_e='11-23730931' AND c_asigna='315671' AND status IN ('0','3','B') [1][0] OK
C:[31/10/2016 09:49:13.24][172.16.4.254][1616] SELECT par_cod_asig1,par_cod_asig2,par_cod_asig3 FROM tblaca009 WHERE pensum='5' AND c_uni_ca='3' AND c_asigna='311655' [1][0] OK
C:[31/10/2016 09:49:13.24][172.16.4.254][1616] SELECT par_cod_asig1,par_cod_asig2,par_cod_asig3 FROM tblaca009 WHERE pensum='5' AND c_uni_ca='3' AND c_asigna='311704' [1][0] OK
C:[31/10/2016 09:49:13.24][172.16.4.254][1616] SELECT par_cod_asig1,par_cod_asig2,par_cod_asig3 FROM tblaca009 WHERE pensum='5' AND c_uni_ca='3' AND c_asigna='311795' [1][0] OK
C:[31/10/2016 09:49:13.24][172.16.4.254][1616] SELECT par_cod_asig1,par_cod_asig2,par_cod_asig3 FROM tblaca009 WHERE pensum='5' AND c_uni_ca='3' AND c_asigna='311796' [1][0] OK
C:[31/10/2016 09:49:13.74][172.16.4.254][1687] SELECT c_asigna FROM tblaca009 WHERE pensum='5' AND c_uni_ca='3' AND ((par_cod_asig1='311799') OR (par_cod_asig2='311799') OR (par_cod_asig3='311799'))  [0][0] OK
C:[31/10/2016 10:47:20.43][172.16.4.254][1572] SELECT pre_cod_asig1,pre_cod_asig2,pre_cod_asig3,pre_cod_asig4,pre_cod_asig5,pre_cod_asig6,pre_cod_asig7 FROM tblaca009 WHERE pensum='5' AND c_uni_ca='3' AND c_asigna='311704' [1][0] OK
C:[31/10/2016 10:47:20.43][172.16.4.254][1585] SELECT c_asigna FROM dace004 WHERE exp_e='09-20808525' AND c_asigna='315671' AND status IN ('0','3','B') [1][0] OK
C:[31/10/2016 10:47:20.43][172.16.4.254][1572] SELECT pre_cod_asig1,pre_cod_asig2,pre_cod_asig3,pre_cod_asig4,pre_cod_asig5,pre_cod_asig6,pre_cod_asig7 FROM tblaca009 WHERE pensum='5' AND c_uni_ca='3' AND c_asigna='311775' [1][0] OK
C:[31/10/2016 10:47:20.43][172.16.4.254][1585] SELECT c_asigna FROM dace004 WHERE exp_e='09-20808525' AND c_asigna='311655' AND status IN ('0','3','B') [1][0] OK
C:[31/10/2016 10:47:20.43][172.16.4.254][1572] SELECT pre_cod_asig1,pre_cod_asig2,pre_cod_asig3,pre_cod_asig4,pre_cod_asig5,pre_cod_asig6,pre_cod_asig7 FROM tblaca009 WHERE pensum='5' AND c_uni_ca='3' AND c_asigna='311796' [1][0] OK
C:[31/10/2016 10:47:20.43][172.16.4.254][1585] SELECT c_asigna FROM dace004 WHERE exp_e='09-20808525' AND c_asigna='315671' AND status IN ('0','3','B') [1][0] OK
C:[31/10/2016 10:47:20.43][172.16.4.254][1572] SELECT pre_cod_asig1,pre_cod_asig2,pre_cod_asig3,pre_cod_asig4,pre_cod_asig5,pre_cod_asig6,pre_cod_asig7 FROM tblaca009 WHERE pensum='5' AND c_uni_ca='3' AND c_asigna='311799' [1][0] OK
C:[31/10/2016 10:47:20.43][172.16.4.254][1585] SELECT c_asigna FROM dace004 WHERE exp_e='09-20808525' AND c_asigna='311673' AND status IN ('0','3','B') [1][0] OK
C:[31/10/2016 10:47:20.43][172.16.4.254][1572] SELECT pre_cod_asig1,pre_cod_asig2,pre_cod_asig3,pre_cod_asig4,pre_cod_asig5,pre_cod_asig6,pre_cod_asig7 FROM tblaca009 WHERE pensum='5' AND c_uni_ca='3' AND c_asigna='311822' [1][0] OK
C:[31/10/2016 10:47:20.43][172.16.4.254][1585] SELECT c_asigna FROM dace004 WHERE exp_e='09-20808525' AND c_asigna='311795' AND status IN ('0','3','B') [1][0] OK
C:[31/10/2016 10:47:20.69][172.16.4.254][1616] SELECT par_cod_asig1,par_cod_asig2,par_cod_asig3 FROM tblaca009 WHERE pensum='5' AND c_uni_ca='3' AND c_asigna='311704' [1][0] OK
C:[31/10/2016 10:47:20.69][172.16.4.254][1616] SELECT par_cod_asig1,par_cod_asig2,par_cod_asig3 FROM tblaca009 WHERE pensum='5' AND c_uni_ca='3' AND c_asigna='311775' [1][0] OK
C:[31/10/2016 10:47:20.69][172.16.4.254][1616] SELECT par_cod_asig1,par_cod_asig2,par_cod_asig3 FROM tblaca009 WHERE pensum='5' AND c_uni_ca='3' AND c_asigna='311796' [1][0] OK
C:[31/10/2016 10:47:20.69][172.16.4.254][1616] SELECT par_cod_asig1,par_cod_asig2,par_cod_asig3 FROM tblaca009 WHERE pensum='5' AND c_uni_ca='3' AND c_asigna='311799' [1][0] OK
C:[31/10/2016 10:47:20.69][172.16.4.254][1616] SELECT par_cod_asig1,par_cod_asig2,par_cod_asig3 FROM tblaca009 WHERE pensum='5' AND c_uni_ca='3' AND c_asigna='311822' [1][0] OK
C:[31/10/2016 10:47:20.31][172.16.4.254][1687] SELECT c_asigna FROM tblaca009 WHERE pensum='5' AND c_uni_ca='3' AND ((par_cod_asig1='311823') OR (par_cod_asig2='311823') OR (par_cod_asig3='311823'))  [0][0] OK
C:[31/10/2016 16:06:13.31][172.16.4.254][1572] SELECT pre_cod_asig1,pre_cod_asig2,pre_cod_asig3,pre_cod_asig4,pre_cod_asig5,pre_cod_asig6,pre_cod_asig7 FROM tblaca009 WHERE pensum='5' AND c_uni_ca='6' AND c_asigna='300317' [1][0] OK
C:[31/10/2016 16:06:13.31][172.16.4.254][1585] SELECT c_asigna FROM dace004 WHERE exp_e='13-22833354' AND c_asigna='300207' AND status IN ('0','3','B') [1][0] OK
C:[31/10/2016 16:06:13.31][172.16.4.254][1585] SELECT c_asigna FROM dace004 WHERE exp_e='13-22833354' AND c_asigna='300209' AND status IN ('0','3','B') [1][0] OK
C:[31/10/2016 16:06:13.31][172.16.4.254][1572] SELECT pre_cod_asig1,pre_cod_asig2,pre_cod_asig3,pre_cod_asig4,pre_cod_asig5,pre_cod_asig6,pre_cod_asig7 FROM tblaca009 WHERE pensum='5' AND c_uni_ca='6' AND c_asigna='300226' [1][0] OK
C:[31/10/2016 16:06:13.31][172.16.4.254][1585] SELECT c_asigna FROM dace004 WHERE exp_e='13-22833354' AND c_asigna='300116' AND status IN ('0','3','B') [1][0] OK
C:[31/10/2016 16:06:13.31][172.16.4.254][1572] SELECT pre_cod_asig1,pre_cod_asig2,pre_cod_asig3,pre_cod_asig4,pre_cod_asig5,pre_cod_asig6,pre_cod_asig7 FROM tblaca009 WHERE pensum='5' AND c_uni_ca='6' AND c_asigna='300228' [1][0] OK
C:[31/10/2016 16:06:13.31][172.16.4.254][1585] SELECT c_asigna FROM dace004 WHERE exp_e='13-22833354' AND c_asigna='300101' AND status IN ('0','3','B') [1][0] OK
C:[31/10/2016 16:06:13.31][172.16.4.254][1572] SELECT pre_cod_asig1,pre_cod_asig2,pre_cod_asig3,pre_cod_asig4,pre_cod_asig5,pre_cod_asig6,pre_cod_asig7 FROM tblaca009 WHERE pensum='5' AND c_uni_ca='6' AND c_asigna='300222' [1][0] OK
C:[31/10/2016 16:06:13.31][172.16.4.254][1585] SELECT c_asigna FROM dace004 WHERE exp_e='13-22833354' AND c_asigna='300112' AND status IN ('0','3','B') [1][0] OK
C:[31/10/2016 16:06:13.31][172.16.4.254][1572] SELECT pre_cod_asig1,pre_cod_asig2,pre_cod_asig3,pre_cod_asig4,pre_cod_asig5,pre_cod_asig6,pre_cod_asig7 FROM tblaca009 WHERE pensum='5' AND c_uni_ca='6' AND c_asigna='300213' [1][0] OK
C:[31/10/2016 16:06:13.31][172.16.4.254][1585] SELECT c_asigna FROM dace004 WHERE exp_e='13-22833354' AND c_asigna='300101' AND status IN ('0','3','B') [1][0] OK
C:[31/10/2016 16:06:14.70][172.16.4.254][1616] SELECT par_cod_asig1,par_cod_asig2,par_cod_asig3 FROM tblaca009 WHERE pensum='5' AND c_uni_ca='6' AND c_asigna='300317' [1][0] OK
C:[31/10/2016 16:06:14.70][172.16.4.254][1616] SELECT par_cod_asig1,par_cod_asig2,par_cod_asig3 FROM tblaca009 WHERE pensum='5' AND c_uni_ca='6' AND c_asigna='300226' [1][0] OK
C:[31/10/2016 16:06:14.70][172.16.4.254][1616] SELECT par_cod_asig1,par_cod_asig2,par_cod_asig3 FROM tblaca009 WHERE pensum='5' AND c_uni_ca='6' AND c_asigna='300228' [1][0] OK
C:[31/10/2016 16:06:14.70][172.16.4.254][1616] SELECT par_cod_asig1,par_cod_asig2,par_cod_asig3 FROM tblaca009 WHERE pensum='5' AND c_uni_ca='6' AND c_asigna='300222' [1][0] OK
C:[31/10/2016 16:06:14.70][172.16.4.254][1616] SELECT par_cod_asig1,par_cod_asig2,par_cod_asig3 FROM tblaca009 WHERE pensum='5' AND c_uni_ca='6' AND c_asigna='300213' [1][0] OK
C:[31/10/2016 16:06:14.70][172.16.4.254][1630] SELECT c_asigna FROM dace004 WHERE exp_e='13-22833354' AND c_asigna='300209' AND status IN ('0','3','B','C') [1][0] OK
C:[03/11/2016 07:18:05.14][172.16.4.254][1572] SELECT pre_cod_asig1,pre_cod_asig2,pre_cod_asig3,pre_cod_asig4,pre_cod_asig5,pre_cod_asig6,pre_cod_asig7 FROM tblaca009 WHERE pensum='5' AND c_uni_ca='6' AND c_asigna='311561' [1][0] OK
C:[03/11/2016 07:18:05.14][172.16.4.254][1585] SELECT c_asigna FROM dace004 WHERE exp_e='11-24855234' AND c_asigna='300318' AND status IN ('0','3','B') [1][0] OK
C:[03/11/2016 07:18:05.14][172.16.4.254][1572] SELECT pre_cod_asig1,pre_cod_asig2,pre_cod_asig3,pre_cod_asig4,pre_cod_asig5,pre_cod_asig6,pre_cod_asig7 FROM tblaca009 WHERE pensum='5' AND c_uni_ca='6' AND c_asigna='342559' [1][0] OK
C:[03/11/2016 07:18:05.14][172.16.4.254][1585] SELECT c_asigna FROM dace004 WHERE exp_e='11-24855234' AND c_asigna='342436' AND status IN ('0','3','B') [1][0] OK
C:[03/11/2016 07:18:05.14][172.16.4.254][1572] SELECT pre_cod_asig1,pre_cod_asig2,pre_cod_asig3,pre_cod_asig4,pre_cod_asig5,pre_cod_asig6,pre_cod_asig7 FROM tblaca009 WHERE pensum='5' AND c_uni_ca='6' AND c_asigna='342567' [1][0] OK
C:[03/11/2016 07:18:05.14][172.16.4.254][1585] SELECT c_asigna FROM dace004 WHERE exp_e='11-24855234' AND c_asigna='342444' AND status IN ('0','3','B') [1][0] OK
C:[03/11/2016 07:18:05.14][172.16.4.254][1572] SELECT pre_cod_asig1,pre_cod_asig2,pre_cod_asig3,pre_cod_asig4,pre_cod_asig5,pre_cod_asig6,pre_cod_asig7 FROM tblaca009 WHERE pensum='5' AND c_uni_ca='6' AND c_asigna='344565' [1][0] OK
C:[03/11/2016 07:18:05.14][172.16.4.254][1585] SELECT c_asigna FROM dace004 WHERE exp_e='11-24855234' AND c_asigna='344445' AND status IN ('0','3','B') [1][0] OK
C:[03/11/2016 07:18:05.14][172.16.4.254][1572] SELECT pre_cod_asig1,pre_cod_asig2,pre_cod_asig3,pre_cod_asig4,pre_cod_asig5,pre_cod_asig6,pre_cod_asig7 FROM tblaca009 WHERE pensum='5' AND c_uni_ca='6' AND c_asigna='344566' [1][0] OK
C:[03/11/2016 07:18:05.14][172.16.4.254][1585] SELECT c_asigna FROM dace004 WHERE exp_e='11-24855234' AND c_asigna='344446' AND status IN ('0','3','B') [1][0] OK
C:[03/11/2016 07:18:05.14][172.16.4.254][1585] SELECT c_asigna FROM dace004 WHERE exp_e='11-24855234' AND c_asigna='300428' AND status IN ('0','3','B') [1][0] OK
C:[03/11/2016 07:18:05.14][172.16.4.254][1585] SELECT c_asigna FROM dace004 WHERE exp_e='11-24855234' AND c_asigna='300209' AND status IN ('0','3','B') [1][0] OK
C:[03/11/2016 07:18:05.14][172.16.4.254][1585] SELECT c_asigna FROM dace004 WHERE exp_e='11-24855234' AND c_asigna='300222' AND status IN ('0','3','B') [1][0] OK
C:[03/11/2016 07:18:05.14][172.16.4.254][1585] SELECT c_asigna FROM dace004 WHERE exp_e='11-24855234' AND c_asigna='300226' AND status IN ('0','3','B') [1][0] OK
C:[03/11/2016 07:18:05.14][172.16.4.254][1585] SELECT c_asigna FROM dace004 WHERE exp_e='11-24855234' AND c_asigna='300317' AND status IN ('0','3','B') [1][0] OK
C:[03/11/2016 07:18:05.14][172.16.4.254][1585] SELECT c_asigna FROM dace004 WHERE exp_e='11-24855234' AND c_asigna='300313' AND status IN ('0','3','B') [1][0] OK
C:[03/11/2016 07:18:05.14][172.16.4.254][1572] SELECT pre_cod_asig1,pre_cod_asig2,pre_cod_asig3,pre_cod_asig4,pre_cod_asig5,pre_cod_asig6,pre_cod_asig7 FROM tblaca009 WHERE pensum='5' AND c_uni_ca='6' AND c_asigna='300677' [1][0] OK
C:[03/11/2016 07:18:06.27][172.16.4.254][1616] SELECT par_cod_asig1,par_cod_asig2,par_cod_asig3 FROM tblaca009 WHERE pensum='5' AND c_uni_ca='6' AND c_asigna='311561' [1][0] OK
C:[03/11/2016 07:18:06.27][172.16.4.254][1616] SELECT par_cod_asig1,par_cod_asig2,par_cod_asig3 FROM tblaca009 WHERE pensum='5' AND c_uni_ca='6' AND c_asigna='342559' [1][0] OK
C:[03/11/2016 07:18:06.27][172.16.4.254][1616] SELECT par_cod_asig1,par_cod_asig2,par_cod_asig3 FROM tblaca009 WHERE pensum='5' AND c_uni_ca='6' AND c_asigna='342567' [1][0] OK
C:[03/11/2016 07:18:06.27][172.16.4.254][1616] SELECT par_cod_asig1,par_cod_asig2,par_cod_asig3 FROM tblaca009 WHERE pensum='5' AND c_uni_ca='6' AND c_asigna='344565' [1][0] OK
C:[03/11/2016 07:18:06.27][172.16.4.254][1616] SELECT par_cod_asig1,par_cod_asig2,par_cod_asig3 FROM tblaca009 WHERE pensum='5' AND c_uni_ca='6' AND c_asigna='344566' [1][0] OK
C:[03/11/2016 07:18:06.27][172.16.4.254][1616] SELECT par_cod_asig1,par_cod_asig2,par_cod_asig3 FROM tblaca009 WHERE pensum='5' AND c_uni_ca='6' AND c_asigna='300677' [1][0] OK
C:[04/11/2016 10:16:57.58][172.16.4.254][1572] SELECT pre_cod_asig1,pre_cod_asig2,pre_cod_asig3,pre_cod_asig4,pre_cod_asig5,pre_cod_asig6,pre_cod_asig7 FROM tblaca009 WHERE pensum='5' AND c_uni_ca='2' AND c_asigna='300676' [1][0] OK
C:[04/11/2016 10:16:57.58][172.16.4.254][1572] SELECT pre_cod_asig1,pre_cod_asig2,pre_cod_asig3,pre_cod_asig4,pre_cod_asig5,pre_cod_asig6,pre_cod_asig7 FROM tblaca009 WHERE pensum='5' AND c_uni_ca='2' AND c_asigna='322678' [1][0] OK
C:[04/11/2016 10:16:57.58][172.16.4.254][1585] SELECT c_asigna FROM dace004 WHERE exp_e='11-22587209' AND c_asigna='322559' AND status IN ('0','3','B') [1][0] OK
C:[04/11/2016 10:16:57.58][172.16.4.254][1572] SELECT pre_cod_asig1,pre_cod_asig2,pre_cod_asig3,pre_cod_asig4,pre_cod_asig5,pre_cod_asig6,pre_cod_asig7 FROM tblaca009 WHERE pensum='5' AND c_uni_ca='2' AND c_asigna='322702' [1][0] OK
C:[04/11/2016 10:16:57.58][172.16.4.254][1585] SELECT c_asigna FROM dace004 WHERE exp_e='11-22587209' AND c_asigna='322683' AND status IN ('0','3','B') [1][0] OK
C:[04/11/2016 10:16:57.58][172.16.4.254][1585] SELECT c_asigna FROM dace004 WHERE exp_e='11-22587209' AND c_asigna='300313' AND status IN ('0','3','B') [1][0] OK
C:[04/11/2016 10:16:57.58][172.16.4.254][1572] SELECT pre_cod_asig1,pre_cod_asig2,pre_cod_asig3,pre_cod_asig4,pre_cod_asig5,pre_cod_asig6,pre_cod_asig7 FROM tblaca009 WHERE pensum='5' AND c_uni_ca='2' AND c_asigna='322728' [1][0] OK
C:[04/11/2016 10:16:57.58][172.16.4.254][1585] SELECT c_asigna FROM dace004 WHERE exp_e='11-22587209' AND c_asigna='311561' AND status IN ('0','3','B') [1][0] OK
C:[04/11/2016 10:16:57.58][172.16.4.254][1585] SELECT c_asigna FROM dace004 WHERE exp_e='11-22587209' AND c_asigna='322681' AND status IN ('0','3','B') [1][0] OK
C:[04/11/2016 10:16:57.70][172.16.4.254][1616] SELECT par_cod_asig1,par_cod_asig2,par_cod_asig3 FROM tblaca009 WHERE pensum='5' AND c_uni_ca='2' AND c_asigna='300676' [1][0] OK
C:[04/11/2016 10:16:57.70][172.16.4.254][1616] SELECT par_cod_asig1,par_cod_asig2,par_cod_asig3 FROM tblaca009 WHERE pensum='5' AND c_uni_ca='2' AND c_asigna='322678' [1][0] OK
C:[04/11/2016 10:16:57.70][172.16.4.254][1616] SELECT par_cod_asig1,par_cod_asig2,par_cod_asig3 FROM tblaca009 WHERE pensum='5' AND c_uni_ca='2' AND c_asigna='322702' [1][0] OK
C:[04/11/2016 10:16:57.70][172.16.4.254][1616] SELECT par_cod_asig1,par_cod_asig2,par_cod_asig3 FROM tblaca009 WHERE pensum='5' AND c_uni_ca='2' AND c_asigna='322728' [1][0] OK
C:[04/11/2016 10:16:58.21][172.16.4.254][1687] SELECT c_asigna FROM tblaca009 WHERE pensum='5' AND c_uni_ca='2' AND ((par_cod_asig1='322605') OR (par_cod_asig2='322605') OR (par_cod_asig3='322605'))  [0][0] OK
C:[04/11/2016 10:16:58.21][172.16.4.254][1687] SELECT c_asigna FROM tblaca009 WHERE pensum='5' AND c_uni_ca='2' AND ((par_cod_asig1='322669') OR (par_cod_asig2='322669') OR (par_cod_asig3='322669'))  [0][0] OK
C:[04/11/2016 11:05:34.27][172.16.4.254][1572] SELECT pre_cod_asig1,pre_cod_asig2,pre_cod_asig3,pre_cod_asig4,pre_cod_asig5,pre_cod_asig6,pre_cod_asig7 FROM tblaca009 WHERE pensum='5' AND c_uni_ca='6' AND c_asigna='340323' [1][0] OK
C:[04/11/2016 11:05:34.27][172.16.4.254][1585] SELECT c_asigna FROM dace004 WHERE exp_e='14-24402826' AND c_asigna='300228' AND status IN ('0','3','B') [1][0] OK
C:[04/11/2016 11:05:34.27][172.16.4.254][1585] SELECT c_asigna FROM dace004 WHERE exp_e='14-24402826' AND c_asigna='300207' AND status IN ('0','3','B') [1][0] OK
C:[04/11/2016 11:05:34.27][172.16.4.254][1572] SELECT pre_cod_asig1,pre_cod_asig2,pre_cod_asig3,pre_cod_asig4,pre_cod_asig5,pre_cod_asig6,pre_cod_asig7 FROM tblaca009 WHERE pensum='5' AND c_uni_ca='6' AND c_asigna='300422' [1][0] OK
C:[04/11/2016 11:05:34.27][172.16.4.254][1585] SELECT c_asigna FROM dace004 WHERE exp_e='14-24402826' AND c_asigna='300105' AND status IN ('0','3','B') [1][0] OK
C:[04/11/2016 11:05:34.27][172.16.4.254][1585] SELECT c_asigna FROM dace004 WHERE exp_e='14-24402826' AND c_asigna='300314' AND status IN ('0','3','B') [1][0] OK
C:[04/11/2016 11:05:34.27][172.16.4.254][1572] SELECT pre_cod_asig1,pre_cod_asig2,pre_cod_asig3,pre_cod_asig4,pre_cod_asig5,pre_cod_asig6,pre_cod_asig7 FROM tblaca009 WHERE pensum='5' AND c_uni_ca='6' AND c_asigna='342436' [1][0] OK
C:[04/11/2016 11:05:34.27][172.16.4.254][1585] SELECT c_asigna FROM dace004 WHERE exp_e='14-24402826' AND c_asigna='300318' AND status IN ('0','3','B') [1][0] OK
C:[04/11/2016 11:05:34.27][172.16.4.254][1585] SELECT c_asigna FROM dace004 WHERE exp_e='14-24402826' AND c_asigna='300317' AND status IN ('0','3','B') [1][0] OK
C:[04/11/2016 11:05:34.27][172.16.4.254][1572] SELECT pre_cod_asig1,pre_cod_asig2,pre_cod_asig3,pre_cod_asig4,pre_cod_asig5,pre_cod_asig6,pre_cod_asig7 FROM tblaca009 WHERE pensum='5' AND c_uni_ca='6' AND c_asigna='344445' [1][0] OK
C:[04/11/2016 11:05:34.27][172.16.4.254][1572] SELECT pre_cod_asig1,pre_cod_asig2,pre_cod_asig3,pre_cod_asig4,pre_cod_asig5,pre_cod_asig6,pre_cod_asig7 FROM tblaca009 WHERE pensum='5' AND c_uni_ca='6' AND c_asigna='344446' [1][0] OK
C:[04/11/2016 11:05:34.27][172.16.4.254][1585] SELECT c_asigna FROM dace004 WHERE exp_e='14-24402826' AND c_asigna='300317' AND status IN ('0','3','B') [1][0] OK
C:[04/11/2016 11:05:34.27][172.16.4.254][1585] SELECT c_asigna FROM dace004 WHERE exp_e='14-24402826' AND c_asigna='300313' AND status IN ('0','3','B') [1][0] OK
C:[04/11/2016 11:05:34.27][172.16.4.254][1585] SELECT c_asigna FROM dace004 WHERE exp_e='14-24402826' AND c_asigna='300209' AND status IN ('0','3','B') [1][0] OK
C:[04/11/2016 11:05:34.27][172.16.4.254][1585] SELECT c_asigna FROM dace004 WHERE exp_e='14-24402826' AND c_asigna='300222' AND status IN ('0','3','B') [1][0] OK
C:[04/11/2016 11:05:34.27][172.16.4.254][1585] SELECT c_asigna FROM dace004 WHERE exp_e='14-24402826' AND c_asigna='300226' AND status IN ('0','3','B') [1][0] OK
C:[04/11/2016 11:05:34.27][172.16.4.254][1572] SELECT pre_cod_asig1,pre_cod_asig2,pre_cod_asig3,pre_cod_asig4,pre_cod_asig5,pre_cod_asig6,pre_cod_asig7 FROM tblaca009 WHERE pensum='5' AND c_uni_ca='6' AND c_asigna='311561' [1][0] OK
C:[04/11/2016 11:05:34.27][172.16.4.254][1585] SELECT c_asigna FROM dace004 WHERE exp_e='14-24402826' AND c_asigna='300318' AND status IN ('0','3','B') [1][0] OK
C:[04/11/2016 11:05:35.46][172.16.4.254][1616] SELECT par_cod_asig1,par_cod_asig2,par_cod_asig3 FROM tblaca009 WHERE pensum='5' AND c_uni_ca='6' AND c_asigna='340323' [1][0] OK
C:[04/11/2016 11:05:35.46][172.16.4.254][1616] SELECT par_cod_asig1,par_cod_asig2,par_cod_asig3 FROM tblaca009 WHERE pensum='5' AND c_uni_ca='6' AND c_asigna='300422' [1][0] OK
C:[04/11/2016 11:05:35.46][172.16.4.254][1616] SELECT par_cod_asig1,par_cod_asig2,par_cod_asig3 FROM tblaca009 WHERE pensum='5' AND c_uni_ca='6' AND c_asigna='342436' [1][0] OK
C:[04/11/2016 11:05:35.46][172.16.4.254][1616] SELECT par_cod_asig1,par_cod_asig2,par_cod_asig3 FROM tblaca009 WHERE pensum='5' AND c_uni_ca='6' AND c_asigna='344445' [1][0] OK
C:[04/11/2016 11:05:35.46][172.16.4.254][1616] SELECT par_cod_asig1,par_cod_asig2,par_cod_asig3 FROM tblaca009 WHERE pensum='5' AND c_uni_ca='6' AND c_asigna='344446' [1][0] OK
C:[04/11/2016 11:05:35.46][172.16.4.254][1616] SELECT par_cod_asig1,par_cod_asig2,par_cod_asig3 FROM tblaca009 WHERE pensum='5' AND c_uni_ca='6' AND c_asigna='311561' [1][0] OK
C:[04/11/2016 11:05:35.21][172.16.4.254][1687] SELECT c_asigna FROM tblaca009 WHERE pensum='5' AND c_uni_ca='6' AND ((par_cod_asig1='343568') OR (par_cod_asig2='343568') OR (par_cod_asig3='343568'))  [0][0] OK
C:[04/11/2016 11:08:28.38][172.16.4.254][1572] SELECT pre_cod_asig1,pre_cod_asig2,pre_cod_asig3,pre_cod_asig4,pre_cod_asig5,pre_cod_asig6,pre_cod_asig7 FROM tblaca009 WHERE pensum='5' AND c_uni_ca='6' AND c_asigna='300313' [1][0] OK
C:[04/11/2016 11:08:28.38][172.16.4.254][1585] SELECT c_asigna FROM dace004 WHERE exp_e='14-26717930' AND c_asigna='300213' AND status IN ('0','3','B') [1][0] OK
C:[04/11/2016 11:08:28.38][172.16.4.254][1585] SELECT c_asigna FROM dace004 WHERE exp_e='14-26717930' AND c_asigna='300226' AND status IN ('0','3','B') [1][0] OK
C:[04/11/2016 11:08:28.38][172.16.4.254][1585] SELECT c_asigna FROM dace004 WHERE exp_e='14-26717930' AND c_asigna='300222' AND status IN ('0','3','B') [1][0] OK
C:[04/11/2016 11:08:28.38][172.16.4.254][1585] SELECT c_asigna FROM dace004 WHERE exp_e='14-26717930' AND c_asigna='300209' AND status IN ('0','3','B') [1][0] OK
C:[04/11/2016 11:08:28.38][172.16.4.254][1572] SELECT pre_cod_asig1,pre_cod_asig2,pre_cod_asig3,pre_cod_asig4,pre_cod_asig5,pre_cod_asig6,pre_cod_asig7 FROM tblaca009 WHERE pensum='5' AND c_uni_ca='6' AND c_asigna='300428' [1][0] OK
C:[04/11/2016 11:08:28.38][172.16.4.254][1585] SELECT c_asigna FROM dace004 WHERE exp_e='14-26717930' AND c_asigna='300317' AND status IN ('0','3','B') [1][0] OK
C:[04/11/2016 11:08:28.38][172.16.4.254][1585] SELECT c_asigna FROM dace004 WHERE exp_e='14-26717930' AND c_asigna='300209' AND status IN ('0','3','B') [1][0] OK
C:[04/11/2016 11:08:28.38][172.16.4.254][1572] SELECT pre_cod_asig1,pre_cod_asig2,pre_cod_asig3,pre_cod_asig4,pre_cod_asig5,pre_cod_asig6,pre_cod_asig7 FROM tblaca009 WHERE pensum='5' AND c_uni_ca='6' AND c_asigna='342444' [1][0] OK
C:[04/11/2016 11:08:28.38][172.16.4.254][1585] SELECT c_asigna FROM dace004 WHERE exp_e='14-26717930' AND c_asigna='340323' AND status IN ('0','3','B') [1][0] OK
C:[04/11/2016 11:08:28.38][172.16.4.254][1572] SELECT pre_cod_asig1,pre_cod_asig2,pre_cod_asig3,pre_cod_asig4,pre_cod_asig5,pre_cod_asig6,pre_cod_asig7 FROM tblaca009 WHERE pensum='5' AND c_uni_ca='6' AND c_asigna='300318' [1][0] OK
C:[04/11/2016 11:08:28.38][172.16.4.254][1585] SELECT c_asigna FROM dace004 WHERE exp_e='14-26717930' AND c_asigna='300228' AND status IN ('0','3','B') [1][0] OK
C:[04/11/2016 11:08:28.38][172.16.4.254][1585] SELECT c_asigna FROM dace004 WHERE exp_e='14-26717930' AND c_asigna='300207' AND status IN ('0','3','B') [1][0] OK
C:[04/11/2016 11:08:28.38][172.16.4.254][1585] SELECT c_asigna FROM dace004 WHERE exp_e='14-26717930' AND c_asigna='300218' AND status IN ('0','3','B') [1][0] OK
C:[04/11/2016 11:08:29.12][172.16.4.254][1616] SELECT par_cod_asig1,par_cod_asig2,par_cod_asig3 FROM tblaca009 WHERE pensum='5' AND c_uni_ca='6' AND c_asigna='300313' [1][0] OK
C:[04/11/2016 11:08:29.12][172.16.4.254][1616] SELECT par_cod_asig1,par_cod_asig2,par_cod_asig3 FROM tblaca009 WHERE pensum='5' AND c_uni_ca='6' AND c_asigna='300428' [1][0] OK
C:[04/11/2016 11:08:29.12][172.16.4.254][1616] SELECT par_cod_asig1,par_cod_asig2,par_cod_asig3 FROM tblaca009 WHERE pensum='5' AND c_uni_ca='6' AND c_asigna='342444' [1][0] OK
C:[04/11/2016 11:08:29.12][172.16.4.254][1616] SELECT par_cod_asig1,par_cod_asig2,par_cod_asig3 FROM tblaca009 WHERE pensum='5' AND c_uni_ca='6' AND c_asigna='300318' [1][0] OK
C:[04/11/2016 11:08:29.62][172.16.4.254][1687] SELECT c_asigna FROM tblaca009 WHERE pensum='5' AND c_uni_ca='6' AND ((par_cod_asig1='343568') OR (par_cod_asig2='343568') OR (par_cod_asig3='343568'))  [0][0] OK
C:[08/11/2016 09:45:53.35][172.16.4.254][1572] SELECT pre_cod_asig1,pre_cod_asig2,pre_cod_asig3,pre_cod_asig4,pre_cod_asig5,pre_cod_asig6,pre_cod_asig7 FROM tblaca009 WHERE pensum='5' AND c_uni_ca='4' AND c_asigna='300313' [1][0] OK
C:[08/11/2016 09:45:53.35][172.16.4.254][1585] SELECT c_asigna FROM dace004 WHERE exp_e='11-24559231' AND c_asigna='300213' AND status IN ('0','3','B') [1][0] OK
C:[08/11/2016 09:45:53.35][172.16.4.254][1585] SELECT c_asigna FROM dace004 WHERE exp_e='11-24559231' AND c_asigna='300226' AND status IN ('0','3','B') [1][0] OK
C:[08/11/2016 09:45:53.35][172.16.4.254][1585] SELECT c_asigna FROM dace004 WHERE exp_e='11-24559231' AND c_asigna='300222' AND status IN ('0','3','B') [1][0] OK
C:[08/11/2016 09:45:53.35][172.16.4.254][1585] SELECT c_asigna FROM dace004 WHERE exp_e='11-24559231' AND c_asigna='300209' AND status IN ('0','3','B') [1][0] OK
C:[08/11/2016 09:45:53.35][172.16.4.254][1572] SELECT pre_cod_asig1,pre_cod_asig2,pre_cod_asig3,pre_cod_asig4,pre_cod_asig5,pre_cod_asig6,pre_cod_asig7 FROM tblaca009 WHERE pensum='5' AND c_uni_ca='4' AND c_asigna='300422' [1][0] OK
C:[08/11/2016 09:45:53.35][172.16.4.254][1585] SELECT c_asigna FROM dace004 WHERE exp_e='11-24559231' AND c_asigna='300105' AND status IN ('0','3','B') [1][0] OK
C:[08/11/2016 09:45:53.35][172.16.4.254][1585] SELECT c_asigna FROM dace004 WHERE exp_e='11-24559231' AND c_asigna='300314' AND status IN ('0','3','B') [1][0] OK
C:[08/11/2016 09:45:53.35][172.16.4.254][1572] SELECT pre_cod_asig1,pre_cod_asig2,pre_cod_asig3,pre_cod_asig4,pre_cod_asig5,pre_cod_asig6,pre_cod_asig7 FROM tblaca009 WHERE pensum='5' AND c_uni_ca='4' AND c_asigna='330435' [1][0] OK
C:[08/11/2016 09:45:53.35][172.16.4.254][1585] SELECT c_asigna FROM dace004 WHERE exp_e='11-24559231' AND c_asigna='300318' AND status IN ('0','3','B') [1][0] OK
C:[08/11/2016 09:45:53.35][172.16.4.254][1572] SELECT pre_cod_asig1,pre_cod_asig2,pre_cod_asig3,pre_cod_asig4,pre_cod_asig5,pre_cod_asig6,pre_cod_asig7 FROM tblaca009 WHERE pensum='5' AND c_uni_ca='4' AND c_asigna='333441' [1][0] OK
C:[08/11/2016 09:45:53.35][172.16.4.254][1585] SELECT c_asigna FROM dace004 WHERE exp_e='11-24559231' AND c_asigna='333326' AND status IN ('0','3','B') [1][0] OK
C:[08/11/2016 09:45:53.35][172.16.4.254][1585] SELECT c_asigna FROM dace004 WHERE exp_e='11-24559231' AND c_asigna='300317' AND status IN ('0','3','B') [1][0] OK
C:[08/11/2016 09:45:53.35][172.16.4.254][1585] SELECT c_asigna FROM dace004 WHERE exp_e='11-24559231' AND c_asigna='300209' AND status IN ('0','3','B') [1][0] OK
C:[08/11/2016 09:45:53.35][172.16.4.254][1616] SELECT par_cod_asig1,par_cod_asig2,par_cod_asig3 FROM tblaca009 WHERE pensum='5' AND c_uni_ca='4' AND c_asigna='300313' [1][0] OK
C:[08/11/2016 09:45:53.35][172.16.4.254][1616] SELECT par_cod_asig1,par_cod_asig2,par_cod_asig3 FROM tblaca009 WHERE pensum='5' AND c_uni_ca='4' AND c_asigna='300422' [1][0] OK
C:[08/11/2016 09:45:53.35][172.16.4.254][1616] SELECT par_cod_asig1,par_cod_asig2,par_cod_asig3 FROM tblaca009 WHERE pensum='5' AND c_uni_ca='4' AND c_asigna='330435' [1][0] OK
C:[08/11/2016 09:45:53.35][172.16.4.254][1616] SELECT par_cod_asig1,par_cod_asig2,par_cod_asig3 FROM tblaca009 WHERE pensum='5' AND c_uni_ca='4' AND c_asigna='333441' [1][0] OK
C:[08/11/2016 09:45:53.85][172.16.4.254][1687] SELECT c_asigna FROM tblaca009 WHERE pensum='5' AND c_uni_ca='4' AND ((par_cod_asig1='333440') OR (par_cod_asig2='333440') OR (par_cod_asig3='333440'))  [0][0] OK
C:[08/11/2016 09:45:53.85][172.16.4.254][1687] SELECT c_asigna FROM tblaca009 WHERE pensum='5' AND c_uni_ca='4' AND ((par_cod_asig1='333442') OR (par_cod_asig2='333442') OR (par_cod_asig3='333442'))  [0][0] OK
C:[08/11/2016 09:48:25.85][172.16.4.254][1572] SELECT pre_cod_asig1,pre_cod_asig2,pre_cod_asig3,pre_cod_asig4,pre_cod_asig5,pre_cod_asig6,pre_cod_asig7 FROM tblaca009 WHERE pensum='5' AND c_uni_ca='4' AND c_asigna='300422' [1][0] OK
C:[08/11/2016 09:48:25.85][172.16.4.254][1585] SELECT c_asigna FROM dace004 WHERE exp_e='12-24184181' AND c_asigna='300105' AND status IN ('0','3','B') [1][0] OK
C:[08/11/2016 09:48:25.85][172.16.4.254][1585] SELECT c_asigna FROM dace004 WHERE exp_e='12-24184181' AND c_asigna='300314' AND status IN ('0','3','B') [1][0] OK
C:[08/11/2016 09:48:25.85][172.16.4.254][1572] SELECT pre_cod_asig1,pre_cod_asig2,pre_cod_asig3,pre_cod_asig4,pre_cod_asig5,pre_cod_asig6,pre_cod_asig7 FROM tblaca009 WHERE pensum='5' AND c_uni_ca='4' AND c_asigna='311561' [1][0] OK
C:[08/11/2016 09:48:25.85][172.16.4.254][1585] SELECT c_asigna FROM dace004 WHERE exp_e='12-24184181' AND c_asigna='300318' AND status IN ('0','3','B') [1][0] OK
C:[08/11/2016 09:48:25.85][172.16.4.254][1572] SELECT pre_cod_asig1,pre_cod_asig2,pre_cod_asig3,pre_cod_asig4,pre_cod_asig5,pre_cod_asig6,pre_cod_asig7 FROM tblaca009 WHERE pensum='5' AND c_uni_ca='4' AND c_asigna='332558' [1][0] OK
C:[08/11/2016 09:48:25.85][172.16.4.254][1585] SELECT c_asigna FROM dace004 WHERE exp_e='12-24184181' AND c_asigna='330435' AND status IN ('0','3','B') [1][0] OK
C:[08/11/2016 09:48:25.67][172.16.4.254][1616] SELECT par_cod_asig1,par_cod_asig2,par_cod_asig3 FROM tblaca009 WHERE pensum='5' AND c_uni_ca='4' AND c_asigna='300422' [1][0] OK
C:[08/11/2016 09:48:25.67][172.16.4.254][1616] SELECT par_cod_asig1,par_cod_asig2,par_cod_asig3 FROM tblaca009 WHERE pensum='5' AND c_uni_ca='4' AND c_asigna='311561' [1][0] OK
C:[08/11/2016 09:48:25.67][172.16.4.254][1616] SELECT par_cod_asig1,par_cod_asig2,par_cod_asig3 FROM tblaca009 WHERE pensum='5' AND c_uni_ca='4' AND c_asigna='332558' [1][0] OK
C:[08/11/2016 09:48:26.03][172.16.4.254][1687] SELECT c_asigna FROM tblaca009 WHERE pensum='5' AND c_uni_ca='4' AND ((par_cod_asig1='333440') OR (par_cod_asig2='333440') OR (par_cod_asig3='333440'))  [0][0] OK
C:[09/11/2016 14:57:37.00][172.16.0.181][1572] SELECT pre_cod_asig1,pre_cod_asig2,pre_cod_asig3,pre_cod_asig4,pre_cod_asig5,pre_cod_asig6,pre_cod_asig7 FROM tblaca009 WHERE pensum='5' AND c_uni_ca='2' AND c_asigna='300318' [1][0] OK
C:[09/11/2016 14:57:37.00][172.16.0.181][1585] SELECT c_asigna FROM dace004 WHERE exp_e='07-20223699' AND c_asigna='300228' AND status IN ('0','3','B') [1][0] OK
C:[09/11/2016 14:57:37.00][172.16.0.181][1585] SELECT c_asigna FROM dace004 WHERE exp_e='07-20223699' AND c_asigna='300207' AND status IN ('0','3','B') [1][0] OK
C:[09/11/2016 14:57:37.00][172.16.0.181][1585] SELECT c_asigna FROM dace004 WHERE exp_e='07-20223699' AND c_asigna='300218' AND status IN ('0','3','B') [1][0] OK
C:[09/11/2016 14:57:37.00][172.16.0.181][1572] SELECT pre_cod_asig1,pre_cod_asig2,pre_cod_asig3,pre_cod_asig4,pre_cod_asig5,pre_cod_asig6,pre_cod_asig7 FROM tblaca009 WHERE pensum='5' AND c_uni_ca='2' AND c_asigna='320323' [1][0] OK
C:[09/11/2016 14:57:37.00][172.16.0.181][1585] SELECT c_asigna FROM dace004 WHERE exp_e='07-20223699' AND c_asigna='300228' AND status IN ('0','3','B') [1][0] OK
C:[09/11/2016 14:57:37.00][172.16.0.181][1585] SELECT c_asigna FROM dace004 WHERE exp_e='07-20223699' AND c_asigna='300218' AND status IN ('0','3','B') [1][0] OK
C:[09/11/2016 14:57:38.80][172.16.0.181][1616] SELECT par_cod_asig1,par_cod_asig2,par_cod_asig3 FROM tblaca009 WHERE pensum='5' AND c_uni_ca='2' AND c_asigna='300318' [1][0] OK
C:[09/11/2016 14:57:38.80][172.16.0.181][1616] SELECT par_cod_asig1,par_cod_asig2,par_cod_asig3 FROM tblaca009 WHERE pensum='5' AND c_uni_ca='2' AND c_asigna='320323' [1][0] OK
C:[17/04/2017 09:28:31.57][172.16.4.254][1557] SELECT pre_cod_asig1,pre_cod_asig2,pre_cod_asig3,pre_cod_asig4,pre_cod_asig5,pre_cod_asig6,pre_cod_asig7 FROM tblaca009 WHERE pensum='5' AND c_uni_ca='4' AND c_asigna='300317' [1][0] OK
C:[17/04/2017 09:28:31.57][172.16.4.254][1570] SELECT c_asigna FROM dace004 WHERE exp_e='11-22818115' AND c_asigna='300207' AND status IN ('0','3','B') [1][0] OK
C:[17/04/2017 09:28:31.57][172.16.4.254][1570] SELECT c_asigna FROM dace004 WHERE exp_e='11-22818115' AND c_asigna='300209' AND status IN ('0','3','B') [1][0] OK
C:[17/04/2017 09:28:31.57][172.16.4.254][1557] SELECT pre_cod_asig1,pre_cod_asig2,pre_cod_asig3,pre_cod_asig4,pre_cod_asig5,pre_cod_asig6,pre_cod_asig7 FROM tblaca009 WHERE pensum='5' AND c_uni_ca='4' AND c_asigna='300313' [1][0] OK
C:[17/04/2017 09:28:31.57][172.16.4.254][1570] SELECT c_asigna FROM dace004 WHERE exp_e='11-22818115' AND c_asigna='300213' AND status IN ('0','3','B') [1][0] OK
C:[17/04/2017 09:28:31.57][172.16.4.254][1570] SELECT c_asigna FROM dace004 WHERE exp_e='11-22818115' AND c_asigna='300226' AND status IN ('0','3','B') [1][0] OK
C:[17/04/2017 09:28:31.57][172.16.4.254][1570] SELECT c_asigna FROM dace004 WHERE exp_e='11-22818115' AND c_asigna='300222' AND status IN ('0','3','B') [1][0] OK
C:[17/04/2017 09:28:31.57][172.16.4.254][1570] SELECT c_asigna FROM dace004 WHERE exp_e='11-22818115' AND c_asigna='300209' AND status IN ('0','3','B') [1][0] OK
C:[17/04/2017 09:28:31.57][172.16.4.254][1557] SELECT pre_cod_asig1,pre_cod_asig2,pre_cod_asig3,pre_cod_asig4,pre_cod_asig5,pre_cod_asig6,pre_cod_asig7 FROM tblaca009 WHERE pensum='5' AND c_uni_ca='4' AND c_asigna='333442' [1][0] OK
C:[17/04/2017 09:28:31.57][172.16.4.254][1570] SELECT c_asigna FROM dace004 WHERE exp_e='11-22818115' AND c_asigna='330310' AND status IN ('0','3','B') [1][0] OK
C:[17/04/2017 09:28:31.57][172.16.4.254][1570] SELECT c_asigna FROM dace004 WHERE exp_e='11-22818115' AND c_asigna='333326' AND status IN ('0','3','B') [1][0] OK
C:[17/04/2017 09:28:31.57][172.16.4.254][1557] SELECT pre_cod_asig1,pre_cod_asig2,pre_cod_asig3,pre_cod_asig4,pre_cod_asig5,pre_cod_asig6,pre_cod_asig7 FROM tblaca009 WHERE pensum='5' AND c_uni_ca='4' AND c_asigna='300218' [1][0] OK
C:[17/04/2017 09:28:31.57][172.16.4.254][1570] SELECT c_asigna FROM dace004 WHERE exp_e='11-22818115' AND c_asigna='300101' AND status IN ('0','3','B') [1][0] OK
C:[17/04/2017 09:28:31.93][172.16.4.254][1601] SELECT par_cod_asig1,par_cod_asig2,par_cod_asig3 FROM tblaca009 WHERE pensum='5' AND c_uni_ca='4' AND c_asigna='300317' [1][0] OK
C:[17/04/2017 09:28:31.93][172.16.4.254][1601] SELECT par_cod_asig1,par_cod_asig2,par_cod_asig3 FROM tblaca009 WHERE pensum='5' AND c_uni_ca='4' AND c_asigna='300313' [1][0] OK
C:[17/04/2017 09:28:31.93][172.16.4.254][1601] SELECT par_cod_asig1,par_cod_asig2,par_cod_asig3 FROM tblaca009 WHERE pensum='5' AND c_uni_ca='4' AND c_asigna='333442' [1][0] OK
C:[17/04/2017 09:28:31.93][172.16.4.254][1601] SELECT par_cod_asig1,par_cod_asig2,par_cod_asig3 FROM tblaca009 WHERE pensum='5' AND c_uni_ca='4' AND c_asigna='300218' [1][0] OK
C:[17/04/2017 09:28:31.93][172.16.4.254][1615] SELECT c_asigna FROM dace004 WHERE exp_e='11-22818115' AND c_asigna='300228' AND status IN ('0','3','B','C') [0][0] OK
C:[17/04/2017 09:28:31.51][172.16.4.254][1672] SELECT c_asigna FROM tblaca009 WHERE pensum='5' AND c_uni_ca='4' AND ((par_cod_asig1='300228') OR (par_cod_asig2='300228') OR (par_cod_asig3='300228'))  [1][0] OK
C:[17/04/2017 09:28:31.51][172.16.4.254][1684] SELECT c_asigna FROM dace004 WHERE exp_e='11-22818115' AND c_asigna='300218' AND status IN ('0','3','B') [0][0] OK
C:[17/04/2017 09:29:36.36][172.16.4.254][1557] SELECT pre_cod_asig1,pre_cod_asig2,pre_cod_asig3,pre_cod_asig4,pre_cod_asig5,pre_cod_asig6,pre_cod_asig7 FROM tblaca009 WHERE pensum='5' AND c_uni_ca='4' AND c_asigna='300317' [1][0] OK
C:[17/04/2017 09:29:36.36][172.16.4.254][1570] SELECT c_asigna FROM dace004 WHERE exp_e='11-22818115' AND c_asigna='300207' AND status IN ('0','3','B') [1][0] OK
C:[17/04/2017 09:29:36.36][172.16.4.254][1570] SELECT c_asigna FROM dace004 WHERE exp_e='11-22818115' AND c_asigna='300209' AND status IN ('0','3','B') [1][0] OK
C:[17/04/2017 09:29:36.36][172.16.4.254][1557] SELECT pre_cod_asig1,pre_cod_asig2,pre_cod_asig3,pre_cod_asig4,pre_cod_asig5,pre_cod_asig6,pre_cod_asig7 FROM tblaca009 WHERE pensum='5' AND c_uni_ca='4' AND c_asigna='300313' [1][0] OK
C:[17/04/2017 09:29:36.36][172.16.4.254][1570] SELECT c_asigna FROM dace004 WHERE exp_e='11-22818115' AND c_asigna='300213' AND status IN ('0','3','B') [1][0] OK
C:[17/04/2017 09:29:36.36][172.16.4.254][1570] SELECT c_asigna FROM dace004 WHERE exp_e='11-22818115' AND c_asigna='300226' AND status IN ('0','3','B') [1][0] OK
C:[17/04/2017 09:29:36.36][172.16.4.254][1570] SELECT c_asigna FROM dace004 WHERE exp_e='11-22818115' AND c_asigna='300222' AND status IN ('0','3','B') [1][0] OK
C:[17/04/2017 09:29:36.36][172.16.4.254][1570] SELECT c_asigna FROM dace004 WHERE exp_e='11-22818115' AND c_asigna='300209' AND status IN ('0','3','B') [1][0] OK
C:[17/04/2017 09:29:36.36][172.16.4.254][1557] SELECT pre_cod_asig1,pre_cod_asig2,pre_cod_asig3,pre_cod_asig4,pre_cod_asig5,pre_cod_asig6,pre_cod_asig7 FROM tblaca009 WHERE pensum='5' AND c_uni_ca='4' AND c_asigna='333442' [1][0] OK
C:[17/04/2017 09:29:36.36][172.16.4.254][1570] SELECT c_asigna FROM dace004 WHERE exp_e='11-22818115' AND c_asigna='330310' AND status IN ('0','3','B') [1][0] OK
C:[17/04/2017 09:29:36.36][172.16.4.254][1570] SELECT c_asigna FROM dace004 WHERE exp_e='11-22818115' AND c_asigna='333326' AND status IN ('0','3','B') [1][0] OK
C:[17/04/2017 09:29:36.36][172.16.4.254][1557] SELECT pre_cod_asig1,pre_cod_asig2,pre_cod_asig3,pre_cod_asig4,pre_cod_asig5,pre_cod_asig6,pre_cod_asig7 FROM tblaca009 WHERE pensum='5' AND c_uni_ca='4' AND c_asigna='300218' [1][0] OK
C:[17/04/2017 09:29:36.36][172.16.4.254][1570] SELECT c_asigna FROM dace004 WHERE exp_e='11-22818115' AND c_asigna='300101' AND status IN ('0','3','B') [1][0] OK
C:[17/04/2017 09:29:36.36][172.16.4.254][1557] SELECT pre_cod_asig1,pre_cod_asig2,pre_cod_asig3,pre_cod_asig4,pre_cod_asig5,pre_cod_asig6,pre_cod_asig7 FROM tblaca009 WHERE pensum='5' AND c_uni_ca='4' AND c_asigna='300228' [1][0] OK
C:[17/04/2017 09:29:36.36][172.16.4.254][1570] SELECT c_asigna FROM dace004 WHERE exp_e='11-22818115' AND c_asigna='300101' AND status IN ('0','3','B') [1][0] OK
C:[17/04/2017 09:29:36.79][172.16.4.254][1601] SELECT par_cod_asig1,par_cod_asig2,par_cod_asig3 FROM tblaca009 WHERE pensum='5' AND c_uni_ca='4' AND c_asigna='300317' [1][0] OK
C:[17/04/2017 09:29:36.79][172.16.4.254][1601] SELECT par_cod_asig1,par_cod_asig2,par_cod_asig3 FROM tblaca009 WHERE pensum='5' AND c_uni_ca='4' AND c_asigna='300313' [1][0] OK
C:[17/04/2017 09:29:36.79][172.16.4.254][1601] SELECT par_cod_asig1,par_cod_asig2,par_cod_asig3 FROM tblaca009 WHERE pensum='5' AND c_uni_ca='4' AND c_asigna='333442' [1][0] OK
C:[17/04/2017 09:29:36.79][172.16.4.254][1601] SELECT par_cod_asig1,par_cod_asig2,par_cod_asig3 FROM tblaca009 WHERE pensum='5' AND c_uni_ca='4' AND c_asigna='300218' [1][0] OK
C:[17/04/2017 09:29:36.79][172.16.4.254][1615] SELECT c_asigna FROM dace004 WHERE exp_e='11-22818115' AND c_asigna='300228' AND status IN ('0','3','B','C') [0][0] OK
C:[17/04/2017 09:29:36.79][172.16.4.254][1601] SELECT par_cod_asig1,par_cod_asig2,par_cod_asig3 FROM tblaca009 WHERE pensum='5' AND c_uni_ca='4' AND c_asigna='300228' [1][0] OK
C:[17/04/2017 09:48:21.59][172.16.4.254][1557] SELECT pre_cod_asig1,pre_cod_asig2,pre_cod_asig3,pre_cod_asig4,pre_cod_asig5,pre_cod_asig6,pre_cod_asig7 FROM tblaca009 WHERE pensum='5' AND c_uni_ca='2' AND c_asigna='300317' [1][0] OK
C:[17/04/2017 09:48:21.59][172.16.4.254][1570] SELECT c_asigna FROM dace004 WHERE exp_e='11-25558993' AND c_asigna='300207' AND status IN ('0','3','B') [1][0] OK
C:[17/04/2017 09:48:21.59][172.16.4.254][1570] SELECT c_asigna FROM dace004 WHERE exp_e='11-25558993' AND c_asigna='300209' AND status IN ('0','3','B') [1][0] OK
C:[17/04/2017 09:48:21.59][172.16.4.254][1557] SELECT pre_cod_asig1,pre_cod_asig2,pre_cod_asig3,pre_cod_asig4,pre_cod_asig5,pre_cod_asig6,pre_cod_asig7 FROM tblaca009 WHERE pensum='5' AND c_uni_ca='2' AND c_asigna='322433' [1][0] OK
C:[17/04/2017 09:48:21.59][172.16.4.254][1570] SELECT c_asigna FROM dace004 WHERE exp_e='11-25558993' AND c_asigna='320323' AND status IN ('0','3','B') [1][0] OK
C:[17/04/2017 09:48:21.59][172.16.4.254][1570] SELECT c_asigna FROM dace004 WHERE exp_e='11-25558993' AND c_asigna='300209' AND status IN ('0','3','B') [1][0] OK
C:[17/04/2017 09:48:21.34][172.16.4.254][1601] SELECT par_cod_asig1,par_cod_asig2,par_cod_asig3 FROM tblaca009 WHERE pensum='5' AND c_uni_ca='2' AND c_asigna='300317' [1][0] OK
C:[17/04/2017 09:48:21.34][172.16.4.254][1601] SELECT par_cod_asig1,par_cod_asig2,par_cod_asig3 FROM tblaca009 WHERE pensum='5' AND c_uni_ca='2' AND c_asigna='322433' [1][0] OK
C:[17/04/2017 10:11:25.02][172.16.4.254][1557] SELECT pre_cod_asig1,pre_cod_asig2,pre_cod_asig3,pre_cod_asig4,pre_cod_asig5,pre_cod_asig6,pre_cod_asig7 FROM tblaca009 WHERE pensum='5' AND c_uni_ca='4' AND c_asigna='300428' [1][0] OK
C:[17/04/2017 10:11:25.02][172.16.4.254][1570] SELECT c_asigna FROM dace004 WHERE exp_e='14-25745975' AND c_asigna='300317' AND status IN ('0','3','B') [1][0] OK
C:[17/04/2017 10:11:25.02][172.16.4.254][1570] SELECT c_asigna FROM dace004 WHERE exp_e='14-25745975' AND c_asigna='300209' AND status IN ('0','3','B') [1][0] OK
C:[17/04/2017 10:11:25.02][172.16.4.254][1557] SELECT pre_cod_asig1,pre_cod_asig2,pre_cod_asig3,pre_cod_asig4,pre_cod_asig5,pre_cod_asig6,pre_cod_asig7 FROM tblaca009 WHERE pensum='5' AND c_uni_ca='4' AND c_asigna='300228' [1][0] OK
C:[17/04/2017 10:11:25.02][172.16.4.254][1570] SELECT c_asigna FROM dace004 WHERE exp_e='14-25745975' AND c_asigna='300101' AND status IN ('0','3','B') [1][0] OK
C:[17/04/2017 10:11:25.02][172.16.4.254][1557] SELECT pre_cod_asig1,pre_cod_asig2,pre_cod_asig3,pre_cod_asig4,pre_cod_asig5,pre_cod_asig6,pre_cod_asig7 FROM tblaca009 WHERE pensum='5' AND c_uni_ca='4' AND c_asigna='300313' [1][0] OK
C:[17/04/2017 10:11:25.02][172.16.4.254][1570] SELECT c_asigna FROM dace004 WHERE exp_e='14-25745975' AND c_asigna='300213' AND status IN ('0','3','B') [1][0] OK
C:[17/04/2017 10:11:25.02][172.16.4.254][1570] SELECT c_asigna FROM dace004 WHERE exp_e='14-25745975' AND c_asigna='300226' AND status IN ('0','3','B') [1][0] OK
C:[17/04/2017 10:11:25.02][172.16.4.254][1570] SELECT c_asigna FROM dace004 WHERE exp_e='14-25745975' AND c_asigna='300222' AND status IN ('0','3','B') [1][0] OK
C:[17/04/2017 10:11:25.02][172.16.4.254][1570] SELECT c_asigna FROM dace004 WHERE exp_e='14-25745975' AND c_asigna='300209' AND status IN ('0','3','B') [1][0] OK
C:[17/04/2017 10:11:25.02][172.16.4.254][1557] SELECT pre_cod_asig1,pre_cod_asig2,pre_cod_asig3,pre_cod_asig4,pre_cod_asig5,pre_cod_asig6,pre_cod_asig7 FROM tblaca009 WHERE pensum='5' AND c_uni_ca='4' AND c_asigna='330310' [1][0] OK
C:[17/04/2017 10:11:25.02][172.16.4.254][1570] SELECT c_asigna FROM dace004 WHERE exp_e='14-25745975' AND c_asigna='300013' AND status IN ('0','3','B') [1][0] OK
C:[17/04/2017 10:11:25.02][172.16.4.254][1570] SELECT c_asigna FROM dace004 WHERE exp_e='14-25745975' AND c_asigna='300113' AND status IN ('0','3','B') [1][0] OK
C:[17/04/2017 10:11:25.65][172.16.4.254][1601] SELECT par_cod_asig1,par_cod_asig2,par_cod_asig3 FROM tblaca009 WHERE pensum='5' AND c_uni_ca='4' AND c_asigna='300428' [1][0] OK
C:[17/04/2017 10:11:25.65][172.16.4.254][1601] SELECT par_cod_asig1,par_cod_asig2,par_cod_asig3 FROM tblaca009 WHERE pensum='5' AND c_uni_ca='4' AND c_asigna='300228' [1][0] OK
C:[17/04/2017 10:11:25.65][172.16.4.254][1601] SELECT par_cod_asig1,par_cod_asig2,par_cod_asig3 FROM tblaca009 WHERE pensum='5' AND c_uni_ca='4' AND c_asigna='300313' [1][0] OK
C:[17/04/2017 10:11:25.65][172.16.4.254][1601] SELECT par_cod_asig1,par_cod_asig2,par_cod_asig3 FROM tblaca009 WHERE pensum='5' AND c_uni_ca='4' AND c_asigna='330310' [1][0] OK
C:[17/04/2017 10:34:05.32][172.16.4.254][1557] SELECT pre_cod_asig1,pre_cod_asig2,pre_cod_asig3,pre_cod_asig4,pre_cod_asig5,pre_cod_asig6,pre_cod_asig7 FROM tblaca009 WHERE pensum='5' AND c_uni_ca='3' AND c_asigna='300101' [1][0] OK
C:[17/04/2017 10:34:05.32][172.16.4.254][1557] SELECT pre_cod_asig1,pre_cod_asig2,pre_cod_asig3,pre_cod_asig4,pre_cod_asig5,pre_cod_asig6,pre_cod_asig7 FROM tblaca009 WHERE pensum='5' AND c_uni_ca='3' AND c_asigna='300105' [1][0] OK
C:[17/04/2017 10:34:05.32][172.16.4.254][1557] SELECT pre_cod_asig1,pre_cod_asig2,pre_cod_asig3,pre_cod_asig4,pre_cod_asig5,pre_cod_asig6,pre_cod_asig7 FROM tblaca009 WHERE pensum='5' AND c_uni_ca='3' AND c_asigna='300112' [1][0] OK
C:[17/04/2017 10:34:05.32][172.16.4.254][1557] SELECT pre_cod_asig1,pre_cod_asig2,pre_cod_asig3,pre_cod_asig4,pre_cod_asig5,pre_cod_asig6,pre_cod_asig7 FROM tblaca009 WHERE pensum='5' AND c_uni_ca='3' AND c_asigna='300113' [1][0] OK
C:[17/04/2017 10:34:05.32][172.16.4.254][1557] SELECT pre_cod_asig1,pre_cod_asig2,pre_cod_asig3,pre_cod_asig4,pre_cod_asig5,pre_cod_asig6,pre_cod_asig7 FROM tblaca009 WHERE pensum='5' AND c_uni_ca='3' AND c_asigna='300116' [1][0] OK
C:[17/04/2017 10:34:05.32][172.16.4.254][1557] SELECT pre_cod_asig1,pre_cod_asig2,pre_cod_asig3,pre_cod_asig4,pre_cod_asig5,pre_cod_asig6,pre_cod_asig7 FROM tblaca009 WHERE pensum='5' AND c_uni_ca='3' AND c_asigna='300314' [1][0] OK
C:[17/04/2017 10:34:05.32][172.16.4.254][1570] SELECT c_asigna FROM dace004 WHERE exp_e='16-25934925' AND c_asigna='300106' AND status IN ('0','3','B') [1][0] OK
C:[17/04/2017 10:34:06.21][172.16.4.254][1601] SELECT par_cod_asig1,par_cod_asig2,par_cod_asig3 FROM tblaca009 WHERE pensum='5' AND c_uni_ca='3' AND c_asigna='300101' [1][0] OK
C:[17/04/2017 10:34:06.21][172.16.4.254][1601] SELECT par_cod_asig1,par_cod_asig2,par_cod_asig3 FROM tblaca009 WHERE pensum='5' AND c_uni_ca='3' AND c_asigna='300105' [1][0] OK
C:[17/04/2017 10:34:06.21][172.16.4.254][1601] SELECT par_cod_asig1,par_cod_asig2,par_cod_asig3 FROM tblaca009 WHERE pensum='5' AND c_uni_ca='3' AND c_asigna='300112' [1][0] OK
C:[17/04/2017 10:34:06.21][172.16.4.254][1601] SELECT par_cod_asig1,par_cod_asig2,par_cod_asig3 FROM tblaca009 WHERE pensum='5' AND c_uni_ca='3' AND c_asigna='300113' [1][0] OK
C:[17/04/2017 10:34:06.21][172.16.4.254][1615] SELECT c_asigna FROM dace004 WHERE exp_e='16-25934925' AND c_asigna='300013' AND status IN ('0','3','B','C') [1][0] OK
C:[17/04/2017 10:34:06.21][172.16.4.254][1601] SELECT par_cod_asig1,par_cod_asig2,par_cod_asig3 FROM tblaca009 WHERE pensum='5' AND c_uni_ca='3' AND c_asigna='300116' [1][0] OK
C:[17/04/2017 10:34:06.21][172.16.4.254][1601] SELECT par_cod_asig1,par_cod_asig2,par_cod_asig3 FROM tblaca009 WHERE pensum='5' AND c_uni_ca='3' AND c_asigna='300314' [1][0] OK
C:[18/04/2017 08:32:26.73][172.16.4.254][1557] SELECT pre_cod_asig1,pre_cod_asig2,pre_cod_asig3,pre_cod_asig4,pre_cod_asig5,pre_cod_asig6,pre_cod_asig7 FROM tblaca009 WHERE pensum='5' AND c_uni_ca='4' AND c_asigna='332558' [1][0] OK
C:[18/04/2017 08:32:26.73][172.16.4.254][1570] SELECT c_asigna FROM dace004 WHERE exp_e='13-25934928' AND c_asigna='330435' AND status IN ('0','3','B') [1][0] OK
C:[18/04/2017 08:32:26.73][172.16.4.254][1557] SELECT pre_cod_asig1,pre_cod_asig2,pre_cod_asig3,pre_cod_asig4,pre_cod_asig5,pre_cod_asig6,pre_cod_asig7 FROM tblaca009 WHERE pensum='5' AND c_uni_ca='4' AND c_asigna='333585' [1][0] OK
C:[18/04/2017 08:32:26.73][172.16.4.254][1570] SELECT c_asigna FROM dace004 WHERE exp_e='13-25934928' AND c_asigna='333440' AND status IN ('0','3','B') [1][0] OK
C:[18/04/2017 08:32:26.73][172.16.4.254][1570] SELECT c_asigna FROM dace004 WHERE exp_e='13-25934928' AND c_asigna='333441' AND status IN ('0','3','B') [1][0] OK
C:[18/04/2017 08:32:26.73][172.16.4.254][1570] SELECT c_asigna FROM dace004 WHERE exp_e='13-25934928' AND c_asigna='300209' AND status IN ('0','3','B') [1][0] OK
C:[18/04/2017 08:32:26.73][172.16.4.254][1557] SELECT pre_cod_asig1,pre_cod_asig2,pre_cod_asig3,pre_cod_asig4,pre_cod_asig5,pre_cod_asig6,pre_cod_asig7 FROM tblaca009 WHERE pensum='5' AND c_uni_ca='4' AND c_asigna='333563' [1][0] OK
C:[18/04/2017 08:32:26.73][172.16.4.254][1570] SELECT c_asigna FROM dace004 WHERE exp_e='13-25934928' AND c_asigna='333440' AND status IN ('0','3','B') [1][0] OK
C:[18/04/2017 08:32:26.73][172.16.4.254][1570] SELECT c_asigna FROM dace004 WHERE exp_e='13-25934928' AND c_asigna='333442' AND status IN ('0','3','B') [1][0] OK
C:[18/04/2017 08:32:26.73][172.16.4.254][1570] SELECT c_asigna FROM dace004 WHERE exp_e='13-25934928' AND c_asigna='300209' AND status IN ('0','3','B') [1][0] OK
C:[18/04/2017 08:32:26.73][172.16.4.254][1570] SELECT c_asigna FROM dace004 WHERE exp_e='13-25934928' AND c_asigna='330310' AND status IN ('0','3','B') [1][0] OK
C:[18/04/2017 08:32:26.73][172.16.4.254][1570] SELECT c_asigna FROM dace004 WHERE exp_e='13-25934928' AND c_asigna='300317' AND status IN ('0','3','B') [1][0] OK
C:[18/04/2017 08:32:26.73][172.16.4.254][1570] SELECT c_asigna FROM dace004 WHERE exp_e='13-25934928' AND c_asigna='333326' AND status IN ('0','3','B') [1][0] OK
C:[18/04/2017 08:32:26.73][172.16.4.254][1557] SELECT pre_cod_asig1,pre_cod_asig2,pre_cod_asig3,pre_cod_asig4,pre_cod_asig5,pre_cod_asig6,pre_cod_asig7 FROM tblaca009 WHERE pensum='5' AND c_uni_ca='4' AND c_asigna='333564' [1][0] OK
C:[18/04/2017 08:32:26.73][172.16.4.254][1570] SELECT c_asigna FROM dace004 WHERE exp_e='13-25934928' AND c_asigna='333441' AND status IN ('0','3','B') [1][0] OK
C:[18/04/2017 08:32:26.73][172.16.4.254][1557] SELECT pre_cod_asig1,pre_cod_asig2,pre_cod_asig3,pre_cod_asig4,pre_cod_asig5,pre_cod_asig6,pre_cod_asig7 FROM tblaca009 WHERE pensum='5' AND c_uni_ca='4' AND c_asigna='300676' [1][0] OK
C:[18/04/2017 08:32:27.72][172.16.4.254][1601] SELECT par_cod_asig1,par_cod_asig2,par_cod_asig3 FROM tblaca009 WHERE pensum='5' AND c_uni_ca='4' AND c_asigna='332558' [1][0] OK
C:[18/04/2017 08:32:27.72][172.16.4.254][1601] SELECT par_cod_asig1,par_cod_asig2,par_cod_asig3 FROM tblaca009 WHERE pensum='5' AND c_uni_ca='4' AND c_asigna='333585' [1][0] OK
C:[18/04/2017 08:32:27.72][172.16.4.254][1601] SELECT par_cod_asig1,par_cod_asig2,par_cod_asig3 FROM tblaca009 WHERE pensum='5' AND c_uni_ca='4' AND c_asigna='333563' [1][0] OK
C:[18/04/2017 08:32:27.72][172.16.4.254][1601] SELECT par_cod_asig1,par_cod_asig2,par_cod_asig3 FROM tblaca009 WHERE pensum='5' AND c_uni_ca='4' AND c_asigna='333564' [1][0] OK
C:[18/04/2017 08:32:27.72][172.16.4.254][1601] SELECT par_cod_asig1,par_cod_asig2,par_cod_asig3 FROM tblaca009 WHERE pensum='5' AND c_uni_ca='4' AND c_asigna='300676' [1][0] OK
C:[18/04/2017 08:32:27.36][172.16.4.254][1672] SELECT c_asigna FROM tblaca009 WHERE pensum='5' AND c_uni_ca='4' AND ((par_cod_asig1='311561') OR (par_cod_asig2='311561') OR (par_cod_asig3='311561'))  [0][0] OK
C:[24/04/2017 10:46:21.40][172.16.4.254][1557] SELECT pre_cod_asig1,pre_cod_asig2,pre_cod_asig3,pre_cod_asig4,pre_cod_asig5,pre_cod_asig6,pre_cod_asig7 FROM tblaca009 WHERE pensum='5' AND c_uni_ca='6' AND c_asigna='300101' [1][0] OK
C:[24/04/2017 10:46:21.40][172.16.4.254][1557] SELECT pre_cod_asig1,pre_cod_asig2,pre_cod_asig3,pre_cod_asig4,pre_cod_asig5,pre_cod_asig6,pre_cod_asig7 FROM tblaca009 WHERE pensum='5' AND c_uni_ca='6' AND c_asigna='300112' [1][0] OK
C:[24/04/2017 10:46:22.65][172.16.4.254][1601] SELECT par_cod_asig1,par_cod_asig2,par_cod_asig3 FROM tblaca009 WHERE pensum='5' AND c_uni_ca='6' AND c_asigna='300101' [1][0] OK
C:[24/04/2017 10:46:22.65][172.16.4.254][1601] SELECT par_cod_asig1,par_cod_asig2,par_cod_asig3 FROM tblaca009 WHERE pensum='5' AND c_uni_ca='6' AND c_asigna='300112' [1][0] OK
C:[25/04/2017 13:14:57.12][172.16.4.254][1557] SELECT pre_cod_asig1,pre_cod_asig2,pre_cod_asig3,pre_cod_asig4,pre_cod_asig5,pre_cod_asig6,pre_cod_asig7 FROM tblaca009 WHERE pensum='5' AND c_uni_ca='6' AND c_asigna='311561' [1][0] OK
C:[25/04/2017 13:14:57.12][172.16.4.254][1570] SELECT c_asigna FROM dace004 WHERE exp_e='15-25839173' AND c_asigna='300318' AND status IN ('0','3','B') [1][0] OK
C:[25/04/2017 13:14:57.12][172.16.4.254][1557] SELECT pre_cod_asig1,pre_cod_asig2,pre_cod_asig3,pre_cod_asig4,pre_cod_asig5,pre_cod_asig6,pre_cod_asig7 FROM tblaca009 WHERE pensum='5' AND c_uni_ca='6' AND c_asigna='300422' [1][0] OK
C:[25/04/2017 13:14:57.12][172.16.4.254][1570] SELECT c_asigna FROM dace004 WHERE exp_e='15-25839173' AND c_asigna='300105' AND status IN ('0','3','B') [1][0] OK
C:[25/04/2017 13:14:57.12][172.16.4.254][1570] SELECT c_asigna FROM dace004 WHERE exp_e='15-25839173' AND c_asigna='300314' AND status IN ('0','3','B') [1][0] OK
C:[25/04/2017 13:14:57.12][172.16.4.254][1557] SELECT pre_cod_asig1,pre_cod_asig2,pre_cod_asig3,pre_cod_asig4,pre_cod_asig5,pre_cod_asig6,pre_cod_asig7 FROM tblaca009 WHERE pensum='5' AND c_uni_ca='6' AND c_asigna='300428' [1][0] OK
C:[25/04/2017 13:14:57.12][172.16.4.254][1570] SELECT c_asigna FROM dace004 WHERE exp_e='15-25839173' AND c_asigna='300317' AND status IN ('0','3','B') [1][0] OK
C:[25/04/2017 13:14:57.12][172.16.4.254][1570] SELECT c_asigna FROM dace004 WHERE exp_e='15-25839173' AND c_asigna='300209' AND status IN ('0','3','B') [1][0] OK
C:[25/04/2017 13:14:57.12][172.16.4.254][1557] SELECT pre_cod_asig1,pre_cod_asig2,pre_cod_asig3,pre_cod_asig4,pre_cod_asig5,pre_cod_asig6,pre_cod_asig7 FROM tblaca009 WHERE pensum='5' AND c_uni_ca='6' AND c_asigna='342436' [1][0] OK
C:[25/04/2017 13:14:57.12][172.16.4.254][1570] SELECT c_asigna FROM dace004 WHERE exp_e='15-25839173' AND c_asigna='300318' AND status IN ('0','3','B') [1][0] OK
C:[25/04/2017 13:14:57.12][172.16.4.254][1570] SELECT c_asigna FROM dace004 WHERE exp_e='15-25839173' AND c_asigna='300317' AND status IN ('0','3','B') [1][0] OK
C:[25/04/2017 13:14:57.12][172.16.4.254][1557] SELECT pre_cod_asig1,pre_cod_asig2,pre_cod_asig3,pre_cod_asig4,pre_cod_asig5,pre_cod_asig6,pre_cod_asig7 FROM tblaca009 WHERE pensum='5' AND c_uni_ca='6' AND c_asigna='342444' [1][0] OK
C:[25/04/2017 13:14:57.12][172.16.4.254][1570] SELECT c_asigna FROM dace004 WHERE exp_e='15-25839173' AND c_asigna='340323' AND status IN ('0','3','B') [1][0] OK
C:[25/04/2017 13:14:57.12][172.16.4.254][1557] SELECT pre_cod_asig1,pre_cod_asig2,pre_cod_asig3,pre_cod_asig4,pre_cod_asig5,pre_cod_asig6,pre_cod_asig7 FROM tblaca009 WHERE pensum='5' AND c_uni_ca='6' AND c_asigna='344445' [1][0] OK
C:[25/04/2017 13:14:57.12][172.16.4.254][1557] SELECT pre_cod_asig1,pre_cod_asig2,pre_cod_asig3,pre_cod_asig4,pre_cod_asig5,pre_cod_asig6,pre_cod_asig7 FROM tblaca009 WHERE pensum='5' AND c_uni_ca='6' AND c_asigna='344446' [1][0] OK
C:[25/04/2017 13:14:57.12][172.16.4.254][1570] SELECT c_asigna FROM dace004 WHERE exp_e='15-25839173' AND c_asigna='300317' AND status IN ('0','3','B') [1][0] OK
C:[25/04/2017 13:14:57.12][172.16.4.254][1570] SELECT c_asigna FROM dace004 WHERE exp_e='15-25839173' AND c_asigna='300313' AND status IN ('0','3','B') [1][0] OK
C:[25/04/2017 13:14:57.12][172.16.4.254][1570] SELECT c_asigna FROM dace004 WHERE exp_e='15-25839173' AND c_asigna='300209' AND status IN ('0','3','B') [1][0] OK
C:[25/04/2017 13:14:57.12][172.16.4.254][1570] SELECT c_asigna FROM dace004 WHERE exp_e='15-25839173' AND c_asigna='300222' AND status IN ('0','3','B') [1][0] OK
C:[25/04/2017 13:14:57.12][172.16.4.254][1570] SELECT c_asigna FROM dace004 WHERE exp_e='15-25839173' AND c_asigna='300226' AND status IN ('0','3','B') [1][0] OK
C:[25/04/2017 13:14:57.61][172.16.4.254][1601] SELECT par_cod_asig1,par_cod_asig2,par_cod_asig3 FROM tblaca009 WHERE pensum='5' AND c_uni_ca='6' AND c_asigna='311561' [1][0] OK
C:[25/04/2017 13:14:57.61][172.16.4.254][1601] SELECT par_cod_asig1,par_cod_asig2,par_cod_asig3 FROM tblaca009 WHERE pensum='5' AND c_uni_ca='6' AND c_asigna='300422' [1][0] OK
C:[25/04/2017 13:14:57.61][172.16.4.254][1601] SELECT par_cod_asig1,par_cod_asig2,par_cod_asig3 FROM tblaca009 WHERE pensum='5' AND c_uni_ca='6' AND c_asigna='300428' [1][0] OK
C:[25/04/2017 13:14:57.61][172.16.4.254][1601] SELECT par_cod_asig1,par_cod_asig2,par_cod_asig3 FROM tblaca009 WHERE pensum='5' AND c_uni_ca='6' AND c_asigna='342436' [1][0] OK
C:[25/04/2017 13:14:57.61][172.16.4.254][1601] SELECT par_cod_asig1,par_cod_asig2,par_cod_asig3 FROM tblaca009 WHERE pensum='5' AND c_uni_ca='6' AND c_asigna='342444' [1][0] OK
C:[25/04/2017 13:14:57.61][172.16.4.254][1601] SELECT par_cod_asig1,par_cod_asig2,par_cod_asig3 FROM tblaca009 WHERE pensum='5' AND c_uni_ca='6' AND c_asigna='344445' [1][0] OK
C:[25/04/2017 13:14:57.61][172.16.4.254][1601] SELECT par_cod_asig1,par_cod_asig2,par_cod_asig3 FROM tblaca009 WHERE pensum='5' AND c_uni_ca='6' AND c_asigna='344446' [1][0] OK
C:[26/04/2017 09:31:05.31][172.16.4.168][1557] SELECT pre_cod_asig1,pre_cod_asig2,pre_cod_asig3,pre_cod_asig4,pre_cod_asig5,pre_cod_asig6,pre_cod_asig7 FROM tblaca009 WHERE pensum='5' AND c_uni_ca='2' AND c_asigna='300313' [1][0] OK
C:[26/04/2017 09:31:05.31][172.16.4.168][1570] SELECT c_asigna FROM dace004 WHERE exp_e='12-23501260' AND c_asigna='300213' AND status IN ('0','3','B') [1][0] OK
C:[26/04/2017 09:31:05.31][172.16.4.168][1570] SELECT c_asigna FROM dace004 WHERE exp_e='12-23501260' AND c_asigna='300226' AND status IN ('0','3','B') [1][0] OK
C:[26/04/2017 09:31:05.31][172.16.4.168][1570] SELECT c_asigna FROM dace004 WHERE exp_e='12-23501260' AND c_asigna='300209' AND status IN ('0','3','B') [1][0] OK
C:[26/04/2017 09:31:05.31][172.16.4.168][1557] SELECT pre_cod_asig1,pre_cod_asig2,pre_cod_asig3,pre_cod_asig4,pre_cod_asig5,pre_cod_asig6,pre_cod_asig7 FROM tblaca009 WHERE pensum='5' AND c_uni_ca='2' AND c_asigna='300318' [1][0] OK
C:[26/04/2017 09:31:05.31][172.16.4.168][1570] SELECT c_asigna FROM dace004 WHERE exp_e='12-23501260' AND c_asigna='300228' AND status IN ('0','3','B') [1][0] OK
C:[26/04/2017 09:31:05.31][172.16.4.168][1570] SELECT c_asigna FROM dace004 WHERE exp_e='12-23501260' AND c_asigna='300207' AND status IN ('0','3','B') [1][0] OK
C:[26/04/2017 09:31:05.31][172.16.4.168][1570] SELECT c_asigna FROM dace004 WHERE exp_e='12-23501260' AND c_asigna='300218' AND status IN ('0','3','B') [1][0] OK
C:[26/04/2017 09:31:05.32][172.16.4.168][1601] SELECT par_cod_asig1,par_cod_asig2,par_cod_asig3 FROM tblaca009 WHERE pensum='5' AND c_uni_ca='2' AND c_asigna='300313' [1][0] OK
C:[26/04/2017 09:31:05.32][172.16.4.168][1601] SELECT par_cod_asig1,par_cod_asig2,par_cod_asig3 FROM tblaca009 WHERE pensum='5' AND c_uni_ca='2' AND c_asigna='300318' [1][0] OK
C:[26/04/2017 14:22:14.92][172.16.4.40][1557] SELECT pre_cod_asig1,pre_cod_asig2,pre_cod_asig3,pre_cod_asig4,pre_cod_asig5,pre_cod_asig6,pre_cod_asig7 FROM tblaca009 WHERE pensum='5' AND c_uni_ca='3' AND c_asigna='300209' [1][0] OK
C:[26/04/2017 14:22:14.92][172.16.4.40][1570] SELECT c_asigna FROM dace004 WHERE exp_e='14-26873734' AND c_asigna='300101' AND status IN ('0','3','B') [1][0] OK
C:[26/04/2017 14:22:14.75][172.16.4.40][1601] SELECT par_cod_asig1,par_cod_asig2,par_cod_asig3 FROM tblaca009 WHERE pensum='5' AND c_uni_ca='3' AND c_asigna='300209' [1][0] OK
C:[26/04/2017 14:22:14.86][172.16.4.40][1672] SELECT c_asigna FROM tblaca009 WHERE pensum='5' AND c_uni_ca='3' AND ((par_cod_asig1='300213') OR (par_cod_asig2='300213') OR (par_cod_asig3='300213'))  [0][0] OK
C:[27/04/2017 17:30:09.22][172.16.4.254][1557] SELECT pre_cod_asig1,pre_cod_asig2,pre_cod_asig3,pre_cod_asig4,pre_cod_asig5,pre_cod_asig6,pre_cod_asig7 FROM tblaca009 WHERE pensum='5' AND c_uni_ca='2' AND c_asigna='300422' [1][0] OK
C:[27/04/2017 17:30:09.22][172.16.4.254][1570] SELECT c_asigna FROM dace004 WHERE exp_e='12-24559242' AND c_asigna='300105' AND status IN ('0','3','B') [1][0] OK
C:[27/04/2017 17:30:09.22][172.16.4.254][1570] SELECT c_asigna FROM dace004 WHERE exp_e='12-24559242' AND c_asigna='300314' AND status IN ('0','3','B') [1][0] OK
C:[27/04/2017 17:30:09.22][172.16.4.254][1557] SELECT pre_cod_asig1,pre_cod_asig2,pre_cod_asig3,pre_cod_asig4,pre_cod_asig5,pre_cod_asig6,pre_cod_asig7 FROM tblaca009 WHERE pensum='5' AND c_uni_ca='2' AND c_asigna='322433' [1][0] OK
C:[27/04/2017 17:30:09.22][172.16.4.254][1570] SELECT c_asigna FROM dace004 WHERE exp_e='12-24559242' AND c_asigna='320323' AND status IN ('0','3','B') [1][0] OK
C:[27/04/2017 17:30:09.22][172.16.4.254][1570] SELECT c_asigna FROM dace004 WHERE exp_e='12-24559242' AND c_asigna='300209' AND status IN ('0','3','B') [1][0] OK
C:[27/04/2017 17:30:09.22][172.16.4.254][1557] SELECT pre_cod_asig1,pre_cod_asig2,pre_cod_asig3,pre_cod_asig4,pre_cod_asig5,pre_cod_asig6,pre_cod_asig7 FROM tblaca009 WHERE pensum='5' AND c_uni_ca='2' AND c_asigna='322558' [1][0] OK
C:[27/04/2017 17:30:09.22][172.16.4.254][1570] SELECT c_asigna FROM dace004 WHERE exp_e='12-24559242' AND c_asigna='300428' AND status IN ('0','3','B') [1][0] OK
C:[27/04/2017 17:30:09.22][172.16.4.254][1570] SELECT c_asigna FROM dace004 WHERE exp_e='12-24559242' AND c_asigna='320323' AND status IN ('0','3','B') [1][0] OK
C:[27/04/2017 17:30:09.22][172.16.4.254][1557] SELECT pre_cod_asig1,pre_cod_asig2,pre_cod_asig3,pre_cod_asig4,pre_cod_asig5,pre_cod_asig6,pre_cod_asig7 FROM tblaca009 WHERE pensum='5' AND c_uni_ca='2' AND c_asigna='322449' [1][0] OK
C:[27/04/2017 17:30:09.22][172.16.4.254][1570] SELECT c_asigna FROM dace004 WHERE exp_e='12-24559242' AND c_asigna='300222' AND status IN ('0','3','B') [1][0] OK
C:[27/04/2017 17:30:09.22][172.16.4.254][1557] SELECT pre_cod_asig1,pre_cod_asig2,pre_cod_asig3,pre_cod_asig4,pre_cod_asig5,pre_cod_asig6,pre_cod_asig7 FROM tblaca009 WHERE pensum='5' AND c_uni_ca='2' AND c_asigna='323528' [1][0] OK
C:[27/04/2017 17:30:09.29][172.16.4.254][1601] SELECT par_cod_asig1,par_cod_asig2,par_cod_asig3 FROM tblaca009 WHERE pensum='5' AND c_uni_ca='2' AND c_asigna='300422' [1][0] OK
C:[27/04/2017 17:30:09.29][172.16.4.254][1601] SELECT par_cod_asig1,par_cod_asig2,par_cod_asig3 FROM tblaca009 WHERE pensum='5' AND c_uni_ca='2' AND c_asigna='322433' [1][0] OK
C:[27/04/2017 17:30:09.29][172.16.4.254][1601] SELECT par_cod_asig1,par_cod_asig2,par_cod_asig3 FROM tblaca009 WHERE pensum='5' AND c_uni_ca='2' AND c_asigna='322558' [1][0] OK
C:[27/04/2017 17:30:09.29][172.16.4.254][1601] SELECT par_cod_asig1,par_cod_asig2,par_cod_asig3 FROM tblaca009 WHERE pensum='5' AND c_uni_ca='2' AND c_asigna='322449' [1][0] OK
C:[27/04/2017 17:30:09.29][172.16.4.254][1601] SELECT par_cod_asig1,par_cod_asig2,par_cod_asig3 FROM tblaca009 WHERE pensum='5' AND c_uni_ca='2' AND c_asigna='323528' [1][0] OK
C:[27/04/2017 17:30:10.92][172.16.4.254][1672] SELECT c_asigna FROM tblaca009 WHERE pensum='5' AND c_uni_ca='2' AND ((par_cod_asig1='322559') OR (par_cod_asig2='322559') OR (par_cod_asig3='322559'))  [0][0] OK
C:[27/04/2017 17:32:27.56][172.16.4.254][1557] SELECT pre_cod_asig1,pre_cod_asig2,pre_cod_asig3,pre_cod_asig4,pre_cod_asig5,pre_cod_asig6,pre_cod_asig7 FROM tblaca009 WHERE pensum='5' AND c_uni_ca='2' AND c_asigna='322559' [1][0] OK
C:[27/04/2017 17:32:27.56][172.16.4.254][1570] SELECT c_asigna FROM dace004 WHERE exp_e='12-24559242' AND c_asigna='300428' AND status IN ('0','3','B') [1][0] OK
C:[27/04/2017 17:32:27.56][172.16.4.254][1570] SELECT c_asigna FROM dace004 WHERE exp_e='12-24559242' AND c_asigna='322436' AND status IN ('0','3','B') [1][0] OK
C:[27/04/2017 17:32:27.56][172.16.4.254][1557] SELECT pre_cod_asig1,pre_cod_asig2,pre_cod_asig3,pre_cod_asig4,pre_cod_asig5,pre_cod_asig6,pre_cod_asig7 FROM tblaca009 WHERE pensum='5' AND c_uni_ca='2' AND c_asigna='300422' [1][0] OK
C:[27/04/2017 17:32:27.56][172.16.4.254][1570] SELECT c_asigna FROM dace004 WHERE exp_e='12-24559242' AND c_asigna='300105' AND status IN ('0','3','B') [1][0] OK
C:[27/04/2017 17:32:27.56][172.16.4.254][1570] SELECT c_asigna FROM dace004 WHERE exp_e='12-24559242' AND c_asigna='300314' AND status IN ('0','3','B') [1][0] OK
C:[27/04/2017 17:32:27.56][172.16.4.254][1557] SELECT pre_cod_asig1,pre_cod_asig2,pre_cod_asig3,pre_cod_asig4,pre_cod_asig5,pre_cod_asig6,pre_cod_asig7 FROM tblaca009 WHERE pensum='5' AND c_uni_ca='2' AND c_asigna='322433' [1][0] OK
C:[27/04/2017 17:32:27.56][172.16.4.254][1570] SELECT c_asigna FROM dace004 WHERE exp_e='12-24559242' AND c_asigna='320323' AND status IN ('0','3','B') [1][0] OK
C:[27/04/2017 17:32:27.56][172.16.4.254][1570] SELECT c_asigna FROM dace004 WHERE exp_e='12-24559242' AND c_asigna='300209' AND status IN ('0','3','B') [1][0] OK
C:[27/04/2017 17:32:27.56][172.16.4.254][1557] SELECT pre_cod_asig1,pre_cod_asig2,pre_cod_asig3,pre_cod_asig4,pre_cod_asig5,pre_cod_asig6,pre_cod_asig7 FROM tblaca009 WHERE pensum='5' AND c_uni_ca='2' AND c_asigna='322558' [1][0] OK
C:[27/04/2017 17:32:27.56][172.16.4.254][1570] SELECT c_asigna FROM dace004 WHERE exp_e='12-24559242' AND c_asigna='300428' AND status IN ('0','3','B') [1][0] OK
C:[27/04/2017 17:32:27.56][172.16.4.254][1570] SELECT c_asigna FROM dace004 WHERE exp_e='12-24559242' AND c_asigna='320323' AND status IN ('0','3','B') [1][0] OK
C:[27/04/2017 17:32:27.56][172.16.4.254][1557] SELECT pre_cod_asig1,pre_cod_asig2,pre_cod_asig3,pre_cod_asig4,pre_cod_asig5,pre_cod_asig6,pre_cod_asig7 FROM tblaca009 WHERE pensum='5' AND c_uni_ca='2' AND c_asigna='322449' [1][0] OK
C:[27/04/2017 17:32:27.56][172.16.4.254][1570] SELECT c_asigna FROM dace004 WHERE exp_e='12-24559242' AND c_asigna='300222' AND status IN ('0','3','B') [1][0] OK
C:[27/04/2017 17:32:27.56][172.16.4.254][1557] SELECT pre_cod_asig1,pre_cod_asig2,pre_cod_asig3,pre_cod_asig4,pre_cod_asig5,pre_cod_asig6,pre_cod_asig7 FROM tblaca009 WHERE pensum='5' AND c_uni_ca='2' AND c_asigna='323528' [1][0] OK
C:[27/04/2017 17:32:28.44][172.16.4.254][1601] SELECT par_cod_asig1,par_cod_asig2,par_cod_asig3 FROM tblaca009 WHERE pensum='5' AND c_uni_ca='2' AND c_asigna='322559' [1][0] OK
C:[27/04/2017 17:32:28.44][172.16.4.254][1601] SELECT par_cod_asig1,par_cod_asig2,par_cod_asig3 FROM tblaca009 WHERE pensum='5' AND c_uni_ca='2' AND c_asigna='300422' [1][0] OK
C:[27/04/2017 17:32:28.44][172.16.4.254][1601] SELECT par_cod_asig1,par_cod_asig2,par_cod_asig3 FROM tblaca009 WHERE pensum='5' AND c_uni_ca='2' AND c_asigna='322433' [1][0] OK
C:[27/04/2017 17:32:28.44][172.16.4.254][1601] SELECT par_cod_asig1,par_cod_asig2,par_cod_asig3 FROM tblaca009 WHERE pensum='5' AND c_uni_ca='2' AND c_asigna='322558' [1][0] OK
C:[27/04/2017 17:32:28.44][172.16.4.254][1601] SELECT par_cod_asig1,par_cod_asig2,par_cod_asig3 FROM tblaca009 WHERE pensum='5' AND c_uni_ca='2' AND c_asigna='322449' [1][0] OK
C:[27/04/2017 17:32:28.44][172.16.4.254][1601] SELECT par_cod_asig1,par_cod_asig2,par_cod_asig3 FROM tblaca009 WHERE pensum='5' AND c_uni_ca='2' AND c_asigna='323528' [1][0] OK
C:[02/05/2017 11:52:55.30][172.16.4.254][1557] SELECT pre_cod_asig1,pre_cod_asig2,pre_cod_asig3,pre_cod_asig4,pre_cod_asig5,pre_cod_asig6,pre_cod_asig7 FROM tblaca009 WHERE pensum='5' AND c_uni_ca='4' AND c_asigna='333440' [1][0] OK
C:[02/05/2017 11:52:55.30][172.16.4.254][1570] SELECT c_asigna FROM dace004 WHERE exp_e='12-22804281' AND c_asigna='300317' AND status IN ('0','3','B') [1][0] OK
C:[02/05/2017 11:52:55.30][172.16.4.254][1570] SELECT c_asigna FROM dace004 WHERE exp_e='12-22804281' AND c_asigna='330310' AND status IN ('0','3','B') [1][0] OK
C:[02/05/2017 11:52:55.30][172.16.4.254][1570] SELECT c_asigna FROM dace004 WHERE exp_e='12-22804281' AND c_asigna='300209' AND status IN ('0','3','B') [1][0] OK
C:[02/05/2017 11:52:55.30][172.16.4.254][1557] SELECT pre_cod_asig1,pre_cod_asig2,pre_cod_asig3,pre_cod_asig4,pre_cod_asig5,pre_cod_asig6,pre_cod_asig7 FROM tblaca009 WHERE pensum='5' AND c_uni_ca='4' AND c_asigna='333441' [1][0] OK
C:[02/05/2017 11:52:55.30][172.16.4.254][1570] SELECT c_asigna FROM dace004 WHERE exp_e='12-22804281' AND c_asigna='333326' AND status IN ('0','3','B') [1][0] OK
C:[02/05/2017 11:52:55.30][172.16.4.254][1570] SELECT c_asigna FROM dace004 WHERE exp_e='12-22804281' AND c_asigna='300317' AND status IN ('0','3','B') [1][0] OK
C:[02/05/2017 11:52:55.30][172.16.4.254][1570] SELECT c_asigna FROM dace004 WHERE exp_e='12-22804281' AND c_asigna='300209' AND status IN ('0','3','B') [1][0] OK
C:[02/05/2017 11:52:55.30][172.16.4.254][1557] SELECT pre_cod_asig1,pre_cod_asig2,pre_cod_asig3,pre_cod_asig4,pre_cod_asig5,pre_cod_asig6,pre_cod_asig7 FROM tblaca009 WHERE pensum='5' AND c_uni_ca='4' AND c_asigna='333442' [1][0] OK
C:[02/05/2017 11:52:55.30][172.16.4.254][1570] SELECT c_asigna FROM dace004 WHERE exp_e='12-22804281' AND c_asigna='330310' AND status IN ('0','3','B') [1][0] OK
C:[02/05/2017 11:52:55.30][172.16.4.254][1570] SELECT c_asigna FROM dace004 WHERE exp_e='12-22804281' AND c_asigna='333326' AND status IN ('0','3','B') [1][0] OK
C:[02/05/2017 11:52:56.23][172.16.4.254][1601] SELECT par_cod_asig1,par_cod_asig2,par_cod_asig3 FROM tblaca009 WHERE pensum='5' AND c_uni_ca='4' AND c_asigna='333440' [1][0] OK
C:[02/05/2017 11:52:56.23][172.16.4.254][1615] SELECT c_asigna FROM dace004 WHERE exp_e='12-22804281' AND c_asigna='333441' AND status IN ('0','3','B','C') [0][0] OK
C:[02/05/2017 11:52:56.23][172.16.4.254][1601] SELECT par_cod_asig1,par_cod_asig2,par_cod_asig3 FROM tblaca009 WHERE pensum='5' AND c_uni_ca='4' AND c_asigna='333441' [1][0] OK
C:[02/05/2017 11:52:56.23][172.16.4.254][1601] SELECT par_cod_asig1,par_cod_asig2,par_cod_asig3 FROM tblaca009 WHERE pensum='5' AND c_uni_ca='4' AND c_asigna='333442' [1][0] OK
C:[02/05/2017 11:52:56.79][172.16.4.254][1672] SELECT c_asigna FROM tblaca009 WHERE pensum='5' AND c_uni_ca='4' AND ((par_cod_asig1='311561') OR (par_cod_asig2='311561') OR (par_cod_asig3='311561'))  [0][0] OK
C:[10/05/2017 09:43:54.04][172.16.4.234][1557] SELECT pre_cod_asig1,pre_cod_asig2,pre_cod_asig3,pre_cod_asig4,pre_cod_asig5,pre_cod_asig6,pre_cod_asig7 FROM tblaca009 WHERE pensum='5' AND c_uni_ca='2' AND c_asigna='300013' [1][0] OK
C:[10/05/2017 09:43:54.04][172.16.4.234][1557] SELECT pre_cod_asig1,pre_cod_asig2,pre_cod_asig3,pre_cod_asig4,pre_cod_asig5,pre_cod_asig6,pre_cod_asig7 FROM tblaca009 WHERE pensum='5' AND c_uni_ca='2' AND c_asigna='300101' [1][0] OK
C:[10/05/2017 09:43:54.04][172.16.4.234][1557] SELECT pre_cod_asig1,pre_cod_asig2,pre_cod_asig3,pre_cod_asig4,pre_cod_asig5,pre_cod_asig6,pre_cod_asig7 FROM tblaca009 WHERE pensum='5' AND c_uni_ca='2' AND c_asigna='300112' [1][0] OK
C:[10/05/2017 09:43:54.98][172.16.4.234][1601] SELECT par_cod_asig1,par_cod_asig2,par_cod_asig3 FROM tblaca009 WHERE pensum='5' AND c_uni_ca='2' AND c_asigna='300013' [1][0] OK
C:[10/05/2017 09:43:54.98][172.16.4.234][1601] SELECT par_cod_asig1,par_cod_asig2,par_cod_asig3 FROM tblaca009 WHERE pensum='5' AND c_uni_ca='2' AND c_asigna='300101' [1][0] OK
C:[10/05/2017 09:43:54.98][172.16.4.234][1601] SELECT par_cod_asig1,par_cod_asig2,par_cod_asig3 FROM tblaca009 WHERE pensum='5' AND c_uni_ca='2' AND c_asigna='300112' [1][0] OK
C:[11/05/2017 13:21:57.23][172.16.4.254][1557] SELECT pre_cod_asig1,pre_cod_asig2,pre_cod_asig3,pre_cod_asig4,pre_cod_asig5,pre_cod_asig6,pre_cod_asig7 FROM tblaca009 WHERE pensum='5' AND c_uni_ca='3' AND c_asigna='311824' [1][0] OK
C:[11/05/2017 13:21:57.23][172.16.4.254][1570] SELECT c_asigna FROM dace004 WHERE exp_e='09-21082433' AND c_asigna='311796' AND status IN ('0','3','B') [1][0] OK
C:[11/05/2017 13:21:57.23][172.16.4.254][1570] SELECT c_asigna FROM dace004 WHERE exp_e='09-21082433' AND c_asigna='315671' AND status IN ('0','3','B') [1][0] OK
C:[11/05/2017 13:21:57.23][172.16.4.254][1570] SELECT c_asigna FROM dace004 WHERE exp_e='09-21082433' AND c_asigna='311552' AND status IN ('0','3','B') [1][0] OK
C:[11/05/2017 13:21:57.23][172.16.4.254][1570] SELECT c_asigna FROM dace004 WHERE exp_e='09-21082433' AND c_asigna='311430' AND status IN ('0','3','B') [1][0] OK
C:[11/05/2017 13:21:57.23][172.16.4.254][1570] SELECT c_asigna FROM dace004 WHERE exp_e='09-21082433' AND c_asigna='300317' AND status IN ('0','3','B') [1][0] OK
C:[11/05/2017 13:21:57.23][172.16.4.254][1570] SELECT c_asigna FROM dace004 WHERE exp_e='09-21082433' AND c_asigna='300318' AND status IN ('0','3','B') [1][0] OK
C:[11/05/2017 13:21:57.23][172.16.4.254][1570] SELECT c_asigna FROM dace004 WHERE exp_e='09-21082433' AND c_asigna='300313' AND status IN ('0','3','B') [1][0] OK
C:[11/05/2017 13:21:57.23][172.16.4.254][1557] SELECT pre_cod_asig1,pre_cod_asig2,pre_cod_asig3,pre_cod_asig4,pre_cod_asig5,pre_cod_asig6,pre_cod_asig7 FROM tblaca009 WHERE pensum='5' AND c_uni_ca='3' AND c_asigna='311775' [1][0] OK
C:[11/05/2017 13:21:57.23][172.16.4.254][1570] SELECT c_asigna FROM dace004 WHERE exp_e='09-21082433' AND c_asigna='311655' AND status IN ('0','3','B') [1][0] OK
C:[11/05/2017 13:21:57.23][172.16.4.254][1557] SELECT pre_cod_asig1,pre_cod_asig2,pre_cod_asig3,pre_cod_asig4,pre_cod_asig5,pre_cod_asig6,pre_cod_asig7 FROM tblaca009 WHERE pensum='5' AND c_uni_ca='3' AND c_asigna='311795' [1][0] OK
C:[11/05/2017 13:21:57.23][172.16.4.254][1570] SELECT c_asigna FROM dace004 WHERE exp_e='09-21082433' AND c_asigna='311674' AND status IN ('0','3','B') [1][0] OK
C:[11/05/2017 13:21:57.23][172.16.4.254][1570] SELECT c_asigna FROM dace004 WHERE exp_e='09-21082433' AND c_asigna='311673' AND status IN ('0','3','B') [1][0] OK
C:[11/05/2017 13:21:57.23][172.16.4.254][1557] SELECT pre_cod_asig1,pre_cod_asig2,pre_cod_asig3,pre_cod_asig4,pre_cod_asig5,pre_cod_asig6,pre_cod_asig7 FROM tblaca009 WHERE pensum='5' AND c_uni_ca='3' AND c_asigna='311826' [1][0] OK
C:[11/05/2017 13:21:57.23][172.16.4.254][1570] SELECT c_asigna FROM dace004 WHERE exp_e='09-21082433' AND c_asigna='311799' AND status IN ('0','3','B') [1][0] OK
C:[11/05/2017 13:21:57.23][172.16.4.254][1557] SELECT pre_cod_asig1,pre_cod_asig2,pre_cod_asig3,pre_cod_asig4,pre_cod_asig5,pre_cod_asig6,pre_cod_asig7 FROM tblaca009 WHERE pensum='5' AND c_uni_ca='3' AND c_asigna='311092' [1][0] OK
C:[11/05/2017 13:21:57.23][172.16.4.254][1570] SELECT c_asigna FROM dace004 WHERE exp_e='09-21082433' AND c_asigna='311704' AND status IN ('0','3','B') [1][0] OK
C:[11/05/2017 13:21:58.36][172.16.4.254][1601] SELECT par_cod_asig1,par_cod_asig2,par_cod_asig3 FROM tblaca009 WHERE pensum='5' AND c_uni_ca='3' AND c_asigna='311824' [1][0] OK
C:[11/05/2017 13:21:58.36][172.16.4.254][1601] SELECT par_cod_asig1,par_cod_asig2,par_cod_asig3 FROM tblaca009 WHERE pensum='5' AND c_uni_ca='3' AND c_asigna='311775' [1][0] OK
C:[11/05/2017 13:21:58.36][172.16.4.254][1601] SELECT par_cod_asig1,par_cod_asig2,par_cod_asig3 FROM tblaca009 WHERE pensum='5' AND c_uni_ca='3' AND c_asigna='311795' [1][0] OK
C:[11/05/2017 13:21:58.36][172.16.4.254][1601] SELECT par_cod_asig1,par_cod_asig2,par_cod_asig3 FROM tblaca009 WHERE pensum='5' AND c_uni_ca='3' AND c_asigna='311826' [1][0] OK
C:[11/05/2017 13:21:58.36][172.16.4.254][1601] SELECT par_cod_asig1,par_cod_asig2,par_cod_asig3 FROM tblaca009 WHERE pensum='5' AND c_uni_ca='3' AND c_asigna='311092' [1][0] OK
C:[11/05/2017 13:21:58.98][172.16.4.254][1672] SELECT c_asigna FROM tblaca009 WHERE pensum='5' AND c_uni_ca='3' AND ((par_cod_asig1='314787') OR (par_cod_asig2='314787') OR (par_cod_asig3='314787'))  [0][0] OK
C:[11/05/2017 13:23:09.17][172.16.4.254][1557] SELECT pre_cod_asig1,pre_cod_asig2,pre_cod_asig3,pre_cod_asig4,pre_cod_asig5,pre_cod_asig6,pre_cod_asig7 FROM tblaca009 WHERE pensum='5' AND c_uni_ca='3' AND c_asigna='314787' [1][0] OK
C:[11/05/2017 13:23:09.17][172.16.4.254][1570] SELECT c_asigna FROM dace004 WHERE exp_e='09-21082433' AND c_asigna='314662' AND status IN ('0','3','B') [1][0] OK
C:[11/05/2017 13:23:09.17][172.16.4.254][1557] SELECT pre_cod_asig1,pre_cod_asig2,pre_cod_asig3,pre_cod_asig4,pre_cod_asig5,pre_cod_asig6,pre_cod_asig7 FROM tblaca009 WHERE pensum='5' AND c_uni_ca='3' AND c_asigna='311824' [1][0] OK
C:[11/05/2017 13:23:09.17][172.16.4.254][1570] SELECT c_asigna FROM dace004 WHERE exp_e='09-21082433' AND c_asigna='311796' AND status IN ('0','3','B') [1][0] OK
C:[11/05/2017 13:23:09.17][172.16.4.254][1570] SELECT c_asigna FROM dace004 WHERE exp_e='09-21082433' AND c_asigna='315671' AND status IN ('0','3','B') [1][0] OK
C:[11/05/2017 13:23:09.17][172.16.4.254][1570] SELECT c_asigna FROM dace004 WHERE exp_e='09-21082433' AND c_asigna='311552' AND status IN ('0','3','B') [1][0] OK
C:[11/05/2017 13:23:09.17][172.16.4.254][1570] SELECT c_asigna FROM dace004 WHERE exp_e='09-21082433' AND c_asigna='311430' AND status IN ('0','3','B') [1][0] OK
C:[11/05/2017 13:23:09.17][172.16.4.254][1570] SELECT c_asigna FROM dace004 WHERE exp_e='09-21082433' AND c_asigna='300317' AND status IN ('0','3','B') [1][0] OK
C:[11/05/2017 13:23:09.17][172.16.4.254][1570] SELECT c_asigna FROM dace004 WHERE exp_e='09-21082433' AND c_asigna='300318' AND status IN ('0','3','B') [1][0] OK
C:[11/05/2017 13:23:09.17][172.16.4.254][1570] SELECT c_asigna FROM dace004 WHERE exp_e='09-21082433' AND c_asigna='300313' AND status IN ('0','3','B') [1][0] OK
C:[11/05/2017 13:23:09.17][172.16.4.254][1557] SELECT pre_cod_asig1,pre_cod_asig2,pre_cod_asig3,pre_cod_asig4,pre_cod_asig5,pre_cod_asig6,pre_cod_asig7 FROM tblaca009 WHERE pensum='5' AND c_uni_ca='3' AND c_asigna='311775' [1][0] OK
C:[11/05/2017 13:23:09.17][172.16.4.254][1570] SELECT c_asigna FROM dace004 WHERE exp_e='09-21082433' AND c_asigna='311655' AND status IN ('0','3','B') [1][0] OK
C:[11/05/2017 13:23:09.17][172.16.4.254][1557] SELECT pre_cod_asig1,pre_cod_asig2,pre_cod_asig3,pre_cod_asig4,pre_cod_asig5,pre_cod_asig6,pre_cod_asig7 FROM tblaca009 WHERE pensum='5' AND c_uni_ca='3' AND c_asigna='311795' [1][0] OK
C:[11/05/2017 13:23:09.17][172.16.4.254][1570] SELECT c_asigna FROM dace004 WHERE exp_e='09-21082433' AND c_asigna='311674' AND status IN ('0','3','B') [1][0] OK
C:[11/05/2017 13:23:09.17][172.16.4.254][1570] SELECT c_asigna FROM dace004 WHERE exp_e='09-21082433' AND c_asigna='311673' AND status IN ('0','3','B') [1][0] OK
C:[11/05/2017 13:23:09.17][172.16.4.254][1557] SELECT pre_cod_asig1,pre_cod_asig2,pre_cod_asig3,pre_cod_asig4,pre_cod_asig5,pre_cod_asig6,pre_cod_asig7 FROM tblaca009 WHERE pensum='5' AND c_uni_ca='3' AND c_asigna='311826' [1][0] OK
C:[11/05/2017 13:23:09.17][172.16.4.254][1570] SELECT c_asigna FROM dace004 WHERE exp_e='09-21082433' AND c_asigna='311799' AND status IN ('0','3','B') [1][0] OK
C:[11/05/2017 13:23:09.17][172.16.4.254][1557] SELECT pre_cod_asig1,pre_cod_asig2,pre_cod_asig3,pre_cod_asig4,pre_cod_asig5,pre_cod_asig6,pre_cod_asig7 FROM tblaca009 WHERE pensum='5' AND c_uni_ca='3' AND c_asigna='311092' [1][0] OK
C:[11/05/2017 13:23:09.17][172.16.4.254][1570] SELECT c_asigna FROM dace004 WHERE exp_e='09-21082433' AND c_asigna='311704' AND status IN ('0','3','B') [1][0] OK
C:[11/05/2017 13:23:10.55][172.16.4.254][1601] SELECT par_cod_asig1,par_cod_asig2,par_cod_asig3 FROM tblaca009 WHERE pensum='5' AND c_uni_ca='3' AND c_asigna='314787' [1][0] OK
C:[11/05/2017 13:23:10.55][172.16.4.254][1601] SELECT par_cod_asig1,par_cod_asig2,par_cod_asig3 FROM tblaca009 WHERE pensum='5' AND c_uni_ca='3' AND c_asigna='311824' [1][0] OK
C:[11/05/2017 13:23:10.55][172.16.4.254][1601] SELECT par_cod_asig1,par_cod_asig2,par_cod_asig3 FROM tblaca009 WHERE pensum='5' AND c_uni_ca='3' AND c_asigna='311775' [1][0] OK
C:[11/05/2017 13:23:10.55][172.16.4.254][1601] SELECT par_cod_asig1,par_cod_asig2,par_cod_asig3 FROM tblaca009 WHERE pensum='5' AND c_uni_ca='3' AND c_asigna='311795' [1][0] OK
C:[11/05/2017 13:23:10.55][172.16.4.254][1601] SELECT par_cod_asig1,par_cod_asig2,par_cod_asig3 FROM tblaca009 WHERE pensum='5' AND c_uni_ca='3' AND c_asigna='311826' [1][0] OK
C:[11/05/2017 13:23:10.55][172.16.4.254][1601] SELECT par_cod_asig1,par_cod_asig2,par_cod_asig3 FROM tblaca009 WHERE pensum='5' AND c_uni_ca='3' AND c_asigna='311092' [1][0] OK
